01:09:16.539 [main                     ] DEBUG Logger               - Configured Logger
01:09:16.552 [main                     ] DEBUG GameApplication      - Logging settings
Title: Prototype
Version: 0.1.5
Width: 1280
Height: 720
Fullscreen: false
Intro: false
Profiling: false
Single step:false
App Mode: DEVELOPER
Menu Key: ESCAPE
Stage Style: DECORATED
Scene Factory: class org.example.GameApp$1

01:09:18.069 [JavaFX Application Thread] DEBUG FXGLApplication      - Initializing FXGL
01:09:18.080 [JavaFX Application Thread] INFO  Engine               - FXGL-17+dev-SNAPSHOT (01.09.2022 03.33) on WINDOWS (J:24 FX:18)
01:09:18.081 [JavaFX Application Thread] DEBUG Engine               - JRE Vendor Name: Oracle Corporation
01:09:18.081 [JavaFX Application Thread] DEBUG Engine               - Running on OS: Windows 11 version 10.0
01:09:18.081 [JavaFX Application Thread] DEBUG Engine               - Architecture: amd64
01:09:18.081 [JavaFX Application Thread] INFO  Engine               - Source code and latest versions at: https://github.com/AlmasB/FXGL
01:09:18.083 [JavaFX Application Thread] INFO  Engine               -       Ask questions and discuss at: https://github.com/AlmasB/FXGL/discussions
01:09:18.083 [JavaFX Application Thread] INFO  Engine               -              Join the FXGL chat at: https://gitter.im/AlmasB/FXGL
01:09:18.587 [JavaFX Application Thread] DEBUG PrimaryStageWindow   - Creating a JavaFX scene
01:09:18.587 [JavaFX Application Thread] DEBUG PrimaryStageWindow   - Target size > screen size
01:09:18.768 [JavaFX Application Thread] DEBUG PrimaryStageWindow   - Target settings size: 1280.0 x 720.0
01:09:18.768 [JavaFX Application Thread] DEBUG PrimaryStageWindow   - Scaled scene size:    1169.0 x 671.0
01:09:18.769 [JavaFX Application Thread] DEBUG PrimaryStageWindow   - Scaled ratio: (0.91328125, 0.9319444444444445)
01:09:18.773 [JavaFX Application Thread] DEBUG PrimaryStageWindow   - Set initial scene to FXGLStartupScene
01:09:18.799 [JavaFX Application Thread] DEBUG PrimaryStageWindow   - Opening main window
01:09:19.071 [JavaFX Application Thread] DEBUG PrimaryStageWindow   - Window border size: (15.0, 37.66668701171875)
01:09:19.071 [JavaFX Application Thread] DEBUG PrimaryStageWindow   - Scaled size: 1169.0 x 671.0
01:09:19.072 [JavaFX Application Thread] DEBUG PrimaryStageWindow   - Scaled ratio: (0.91328125, 0.9319444444444445)
01:09:19.072 [JavaFX Application Thread] DEBUG PrimaryStageWindow   - Scene size: 1169.0 x 671.0
01:09:19.073 [JavaFX Application Thread] DEBUG PrimaryStageWindow   - Stage size: 1184.0 x 708.6666870117188
01:09:19.107 [FXGL Background Thread 1 ] DEBUG Engine               - Initializing environment variables
01:09:19.266 [FXGL Background Thread 1 ] DEBUG FXGLAssetLoaderServi - User app class for loading assets: class org.example.GameApp
01:09:19.268 [FXGL Background Thread 1 ] DEBUG GameApplicationServi - Applying CSS: fxgl_dark.css
01:09:19.274 [FXGL Background Thread 1 ] DEBUG FXGLAssetLoaderServi - Loading from file system: jar:file:/C:/Users/ginac/.m2/repository/com/github/AlmasB/FXGL/fxgl/17.2/fxgl-17.2.jar!/fxglassets/ui/css/fxgl_dark.css
01:09:19.454 [FXGL Background Thread 1 ] DEBUG GameApplicationServi - Initializing application scenes
01:09:19.620 [FXGL Background Thread 1 ] DEBUG GameWorld            - Game world initialized
01:09:19.801 [FXGL Background Thread 1 ] DEBUG PhysicsWorld         - Physics world initialized: appHeight=720, physics.ppm=50.0
01:09:19.801 [FXGL Background Thread 1 ] DEBUG PhysicsWorld         - Using strategy: BRUTE_FORCE
01:09:19.814 [FXGL Background Thread 1 ] DEBUG GameScene            - Game scene initialized: 1280x720
01:09:19.935 [FXGL Background Thread 1 ] DEBUG FXGL.DefaultMenu     - createMenuBodyGameMenu()
01:09:19.982 [FXGL Background Thread 1 ] DEBUG FXGL.DefaultMenu     - createOptionsMenu()
01:09:20.029 [FXGL Background Thread 1 ] DEBUG FXGLAssetLoaderServi - Loading from file system: jar:file:/C:/Users/ginac/.m2/repository/com/github/AlmasB/FXGL/fxgl/17.2/fxgl-17.2.jar!/fxglassets/textures/particles/smoke.png
01:09:20.334 [FXGL Background Thread 1 ] DEBUG FXGLAssetLoaderServi - Loading from file system: jar:file:/C:/Users/ginac/.m2/repository/com/github/AlmasB/FXGL/fxgl/17.2/fxgl-17.2.jar!/fxglassets/textures/particles/trace_horizontal.png
01:09:20.386 [FXGL Background Thread 1 ] DEBUG GameApplicationServi - Application scenes initialized
01:09:20.419 [FXGL Background Thread 1 ] DEBUG SystemBundleService  - Loading FXGL system data
01:09:20.423 [FXGL Background Thread 1 ] DEBUG FileSystemAccess     - Reading from: C:\Users\ginac\IdeaProjects\TheOnlyException\system\fxgl.bundle
01:09:20.430 [FXGL Background Thread 1 ] DEBUG SystemBundleService  - Bundle FXGL: {}
01:09:20.430 [FXGL Background Thread 1 ] DEBUG UpdaterService       - Checking for updates
01:09:20.441 [FXGL Background Thread 4 ] DEBUG FXGLApplication      - Loading fonts
01:09:20.442 [FXGL Background Thread 4 ] DEBUG FXGLAssetLoaderServi - Loading from file system: jar:file:/C:/Users/ginac/.m2/repository/com/github/AlmasB/FXGL/fxgl-samples/17.2/fxgl-samples-17.2.jar!/assets/ui/fonts/VarelaRound-Regular.ttf
01:09:20.444 [FXGL Background Thread 1 ] DEBUG FXGLApplication      - Loading default localization
01:09:20.447 [FXGL Background Thread 1 ] DEBUG FXGLAssetLoaderServi - Loading from file system: jar:file:/C:/Users/ginac/.m2/repository/com/github/AlmasB/FXGL/fxgl/17.2/fxgl-17.2.jar!/fxglassets/languages/english.lang
01:09:20.474 [FXGL Background Thread 4 ] DEBUG FXGLAssetLoaderServi - Loading from file system: jar:file:/C:/Users/ginac/.m2/repository/com/github/AlmasB/FXGL/fxgl/17.2/fxgl-17.2.jar!/fxglassets/ui/fonts/Abel-Regular.ttf
01:09:20.489 [FXGL Background Thread 4 ] DEBUG FXGLAssetLoaderServi - Loading from file system: jar:file:/C:/Users/ginac/.m2/repository/com/github/AlmasB/FXGL/fxgl/17.2/fxgl-17.2.jar!/fxglassets/ui/fonts/TerminalLandMono-Regular.otf
01:09:20.504 [FXGL Background Thread 4 ] DEBUG FXGLAssetLoaderServi - Loading from file system: jar:file:/C:/Users/ginac/.m2/repository/com/github/AlmasB/FXGL/fxgl/17.2/fxgl-17.2.jar!/fxglassets/ui/fonts/Courier-Prime.ttf
01:09:20.513 [FXGL Background Thread 1 ] INFO  FXGLApplication      - FXGL initialization took: 1.407 sec
01:09:20.517 [JavaFX Application Thread] DEBUG Input                - Clearing active input actions
01:09:20.538 [JavaFX Application Thread] DEBUG Input                - Registered new binding: action0 - A
01:09:20.540 [JavaFX Application Thread] DEBUG Input                - Registered new binding: action1 - D
01:09:20.541 [JavaFX Application Thread] DEBUG Input                - Registered new binding: action2 - W
01:09:20.543 [JavaFX Application Thread] DEBUG Input                - Registered new binding: action3 - S
01:09:20.545 [JavaFX Application Thread] DEBUG FXGLAssetLoaderServi - Loading from file system: jar:file:/C:/Users/ginac/.m2/repository/com/github/AlmasB/FXGL/fxgl/17.2/fxgl-17.2.jar!/fxglassets/textures/fxgl_icon.png
01:09:20.619 [JavaFX Application Thread] DEBUG FXGLAssetLoaderServi - Loading from file system: jar:file:/C:/Users/ginac/.m2/repository/com/github/AlmasB/FXGL/fxgl/17.2/fxgl-17.2.jar!/fxglassets/textures/fxgl_default_cursor.png
01:09:20.625 [JavaFX Application Thread] DEBUG Input                - Registered new binding: Screenshot - CTRL+8
01:09:20.627 [JavaFX Application Thread] DEBUG Input                - Registered new binding: System info dump - CTRL+9
01:09:20.629 [JavaFX Application Thread] DEBUG Input                - Registered new binding: Restart - CTRL+R
01:09:20.633 [JavaFX Application Thread] DEBUG Input                - Registered new binding: Toggle Debug Camera - CTRL+7
01:09:20.645 [JavaFX Application Thread] DEBUG LoopRunner           - Starting loop
01:09:20.645 [JavaFX Application Thread] DEBUG LoopRunner           - Initializing JavaFX AnimationTimerLoop
01:09:20.654 [JavaFX Application Thread] DEBUG Input                - Clearing active input actions
01:09:20.672 [JavaFX Application Thread] DEBUG GameApplicationServi - Removing overlay from FXGLStartupScene and adding to FXGLMainMenuDummyScene
01:09:20.673 [JavaFX Application Thread] DEBUG PrimaryStageWindow   - FXGLStartupScene -> FXGLMainMenuDummyScene
01:09:20.673 [JavaFX Application Thread] DEBUG PrimaryStageWindow   - Push state: NameInputScene
01:09:20.673 [JavaFX Application Thread] DEBUG Input                - Clearing active input actions
01:09:20.708 [JavaFX Application Thread] DEBUG GameApplicationServi - Removing overlay from FXGLMainMenuDummyScene and adding to NameInputScene
01:09:20.710 [JavaFX Application Thread] DEBUG PrimaryStageWindow   - FXGLMainMenuDummyScene -> NameInputScene
01:09:20.712 [JavaFX Application Thread] DEBUG FXGLApplication      - Registering font factories with UI factory
01:09:21.835 [FXGL Background Thread 2 ] INFO  UpdaterService       - Your current version:  17+dev-SNAPSHOT
01:09:21.836 [FXGL Background Thread 2 ] INFO  UpdaterService       - Latest stable version: 21.1
01:09:23.437 [FXGL Background Thread 3 ] DEBUG Engine               - Logging environment variables
01:09:23.438 [FXGL Background Thread 3 ] DEBUG Engine               - achievements: []
01:09:23.438 [FXGL Background Thread 3 ] DEBUG Engine               - actualHeight: 671.0
01:09:23.438 [FXGL Background Thread 3 ] DEBUG Engine               - actualHeightProperty: ReadOnlyDoubleProperty [value: 671.0]
01:09:23.438 [FXGL Background Thread 3 ] DEBUG Engine               - actualWidth: 1169.0
01:09:23.439 [FXGL Background Thread 3 ] DEBUG Engine               - actualWidthProperty: ReadOnlyDoubleProperty [value: 1169.0]
01:09:23.439 [FXGL Background Thread 3 ] DEBUG Engine               - appIcon: fxgl_icon.png
01:09:23.439 [FXGL Background Thread 3 ] DEBUG Engine               - applicationMode: DEVELOPER
01:09:23.439 [FXGL Background Thread 3 ] DEBUG Engine               - cSSList: [fxgl_dark.css]
01:09:23.439 [FXGL Background Thread 3 ] DEBUG Engine               - collisionDetectionStrategy: BRUTE_FORCE
01:09:23.439 [FXGL Background Thread 3 ] DEBUG Engine               - configClass: Optional.empty
01:09:23.439 [FXGL Background Thread 3 ] DEBUG Engine               - credits: []
01:09:23.440 [FXGL Background Thread 3 ] DEBUG Engine               - defaultCursor: CursorInfo(imageName=fxgl_default_cursor.png, hotspotX=7.0, hotspotY=6.0)
01:09:23.440 [FXGL Background Thread 3 ] DEBUG Engine               - devBBoxColorProperty: ObjectProperty [value: 0xff0000ff]
01:09:23.441 [FXGL Background Thread 3 ] DEBUG Engine               - devEnableDebugCameraProperty: BooleanProperty [value: false]
01:09:23.441 [FXGL Background Thread 3 ] DEBUG Engine               - devSensorColorProperty: ObjectProperty [value: 0xffff00ff]
01:09:23.441 [FXGL Background Thread 3 ] DEBUG Engine               - devShowBBoxProperty: BooleanProperty [value: false]
01:09:23.441 [FXGL Background Thread 3 ] DEBUG Engine               - devShowPositionProperty: BooleanProperty [value: false]
01:09:23.441 [FXGL Background Thread 3 ] DEBUG Engine               - enabledMenuItems: []
01:09:23.441 [FXGL Background Thread 3 ] DEBUG Engine               - engineServices: [class com.almasb.fxgl.app.services.FXGLAssetLoaderService, class com.almasb.fxgl.app.FXGLApplication$GameApplicationService, class com.almasb.fxgl.app.services.FXGLDialogService, class com.almasb.fxgl.app.services.IOTaskExecutorService, class com.almasb.fxgl.io.FileSystemService, class com.almasb.fxgl.localization.LocalizationService, class com.almasb.fxgl.app.services.SystemBundleService, class com.almasb.fxgl.profile.SaveLoadService, class com.almasb.fxgl.ui.FXGLUIFactoryServiceProvider, class com.almasb.fxgl.ui.FXGLDialogFactoryServiceProvider, class com.almasb.fxgl.audio.AudioPlayer, class com.almasb.fxgl.notification.impl.NotificationServiceProvider, class com.almasb.fxgl.achievement.AchievementService, class com.almasb.fxgl.cutscene.CutsceneService, class com.almasb.fxgl.minigames.MiniGameService, class com.almasb.fxgl.net.NetService, class com.almasb.fxgl.app.services.UpdaterService, class com.almasb.fxgl.dev.DevService]
01:09:23.441 [FXGL Background Thread 3 ] DEBUG Engine               - fontGame: Abel-Regular.ttf
01:09:23.442 [FXGL Background Thread 3 ] DEBUG Engine               - fontMono: TerminalLandMono-Regular.otf
01:09:23.442 [FXGL Background Thread 3 ] DEBUG Engine               - fontText: Courier-Prime.ttf
01:09:23.442 [FXGL Background Thread 3 ] DEBUG Engine               - fontUI: VarelaRound-Regular.ttf
01:09:23.442 [FXGL Background Thread 3 ] DEBUG Engine               - fullScreen: BooleanProperty [value: false]
01:09:23.442 [FXGL Background Thread 3 ] DEBUG Engine               - gameDifficulty: MEDIUM
01:09:23.443 [FXGL Background Thread 3 ] DEBUG Engine               - gameDifficultyProperty: ObjectProperty [value: MEDIUM]
01:09:23.443 [FXGL Background Thread 3 ] DEBUG Engine               - globalMusicVolume: 0.5
01:09:23.443 [FXGL Background Thread 3 ] DEBUG Engine               - globalMusicVolumeProperty: DoubleProperty [value: 0.5]
01:09:23.443 [FXGL Background Thread 3 ] DEBUG Engine               - globalSoundVolume: 0.5
01:09:23.444 [FXGL Background Thread 3 ] DEBUG Engine               - globalSoundVolumeProperty: DoubleProperty [value: 0.5]
01:09:23.444 [FXGL Background Thread 3 ] DEBUG Engine               - height: 720
01:09:23.444 [FXGL Background Thread 3 ] DEBUG Engine               - is3D: false
01:09:23.444 [FXGL Background Thread 3 ] DEBUG Engine               - isAndroid: false
01:09:23.444 [FXGL Background Thread 3 ] DEBUG Engine               - isBrowser: false
01:09:23.444 [FXGL Background Thread 3 ] DEBUG Engine               - isClickFeedbackEnabled: false
01:09:23.444 [FXGL Background Thread 3 ] DEBUG Engine               - isCloseConfirmation: false
01:09:23.445 [FXGL Background Thread 3 ] DEBUG Engine               - isDesktop: true
01:09:23.445 [FXGL Background Thread 3 ] DEBUG Engine               - isDeveloperMenuEnabled: false
01:09:23.445 [FXGL Background Thread 3 ] DEBUG Engine               - isEmbedded: false
01:09:23.445 [FXGL Background Thread 3 ] DEBUG Engine               - isEntityPreloadEnabled: true
01:09:23.445 [FXGL Background Thread 3 ] DEBUG Engine               - isExperimentalTiledLargeMap: false
01:09:23.445 [FXGL Background Thread 3 ] DEBUG Engine               - isFileSystemWriteAllowed: true
01:09:23.445 [FXGL Background Thread 3 ] DEBUG Engine               - isFullScreenAllowed: false
01:09:23.445 [FXGL Background Thread 3 ] DEBUG Engine               - isFullScreenFromStart: false
01:09:23.446 [FXGL Background Thread 3 ] DEBUG Engine               - isGameMenuEnabled: true
01:09:23.446 [FXGL Background Thread 3 ] DEBUG Engine               - isIOS: false
01:09:23.446 [FXGL Background Thread 3 ] DEBUG Engine               - isIntroEnabled: false
01:09:23.446 [FXGL Background Thread 3 ] DEBUG Engine               - isLinux: false
01:09:23.446 [FXGL Background Thread 3 ] DEBUG Engine               - isMac: false
01:09:23.446 [FXGL Background Thread 3 ] DEBUG Engine               - isMainMenuEnabled: true
01:09:23.446 [FXGL Background Thread 3 ] DEBUG Engine               - isManualResizeEnabled: false
01:09:23.447 [FXGL Background Thread 3 ] DEBUG Engine               - isMobile: false
01:09:23.447 [FXGL Background Thread 3 ] DEBUG Engine               - isNative: false
01:09:23.447 [FXGL Background Thread 3 ] DEBUG Engine               - isPauseMusicWhenMinimized: true
01:09:23.447 [FXGL Background Thread 3 ] DEBUG Engine               - isPreserveResizeRatio: false
01:09:23.447 [FXGL Background Thread 3 ] DEBUG Engine               - isProfilingEnabled: false
01:09:23.447 [FXGL Background Thread 3 ] DEBUG Engine               - isScaleAffectedOnResize: true
01:09:23.448 [FXGL Background Thread 3 ] DEBUG Engine               - isSingleStep: false
01:09:23.448 [FXGL Background Thread 3 ] DEBUG Engine               - isUserProfileEnabled: false
01:09:23.448 [FXGL Background Thread 3 ] DEBUG Engine               - isWindows: true
01:09:23.448 [FXGL Background Thread 3 ] DEBUG Engine               - language: ObjectProperty [value: ENGLISH]
01:09:23.448 [FXGL Background Thread 3 ] DEBUG Engine               - menuKey: ESCAPE
01:09:23.448 [FXGL Background Thread 3 ] DEBUG Engine               - mouseSensitivity: 0.2
01:09:23.448 [FXGL Background Thread 3 ] DEBUG Engine               - notificationViewClass: class com.almasb.fxgl.notification.view.XboxNotificationView
01:09:23.448 [FXGL Background Thread 3 ] DEBUG Engine               - pixelsPerMeter: 50.0
01:09:23.449 [FXGL Background Thread 3 ] DEBUG Engine               - platform: WINDOWS
01:09:23.449 [FXGL Background Thread 3 ] DEBUG Engine               - prefHeightProperty: ReadOnlyDoubleProperty [value: 720.0]
01:09:23.449 [FXGL Background Thread 3 ] DEBUG Engine               - prefWidthProperty: ReadOnlyDoubleProperty [value: 1280.0]
01:09:23.449 [FXGL Background Thread 3 ] DEBUG Engine               - profileDir: profiles/
01:09:23.449 [FXGL Background Thread 3 ] DEBUG Engine               - profileName: StringProperty [value: DEFAULT]
01:09:23.449 [FXGL Background Thread 3 ] DEBUG Engine               - randomSeed: -1
01:09:23.450 [FXGL Background Thread 3 ] DEBUG Engine               - runtimeInfo: RuntimeInfo(platform=WINDOWS, version=17+dev-SNAPSHOT, build=01.09.2022 03.33)
01:09:23.450 [FXGL Background Thread 3 ] DEBUG Engine               - saveFileExt: sav
01:09:23.450 [FXGL Background Thread 3 ] DEBUG Engine               - scaledHeightProp$fxgl: DoubleProperty [bound, value: 671.0]
01:09:23.450 [FXGL Background Thread 3 ] DEBUG Engine               - scaledWidthProp$fxgl: DoubleProperty [bound, value: 1169.0]
01:09:23.450 [FXGL Background Thread 3 ] DEBUG Engine               - sceneFactory: org.example.GameApp$1@6293aafd
01:09:23.451 [FXGL Background Thread 3 ] DEBUG Engine               - secondsIn24h: 60
01:09:23.451 [FXGL Background Thread 3 ] DEBUG Engine               - soundMenuBack: menu/back.wav
01:09:23.451 [FXGL Background Thread 3 ] DEBUG Engine               - soundMenuPress: menu/press.wav
01:09:23.451 [FXGL Background Thread 3 ] DEBUG Engine               - soundMenuSelect: menu/select.wav
01:09:23.451 [FXGL Background Thread 3 ] DEBUG Engine               - soundNotification: core/notification.wav
01:09:23.451 [FXGL Background Thread 3 ] DEBUG Engine               - stageStyle: DECORATED
01:09:23.451 [FXGL Background Thread 3 ] DEBUG Engine               - supportedLanguages: [ENGLISH, FRENCH, GERMAN, HUNGARIAN, RUSSIAN]
01:09:23.451 [FXGL Background Thread 3 ] DEBUG Engine               - ticksPerSecond: -1
01:09:23.451 [FXGL Background Thread 3 ] DEBUG Engine               - title: Prototype
01:09:23.451 [FXGL Background Thread 3 ] DEBUG Engine               - urlGithub: https://github.com/AlmasB/FXGL
01:09:23.452 [FXGL Background Thread 3 ] DEBUG Engine               - urlLeaderboard: http://fxgl-top.herokuapp.com/
01:09:23.452 [FXGL Background Thread 3 ] DEBUG Engine               - urlPOM: https://raw.githubusercontent.com/AlmasB/FXGL/release/README.md
01:09:23.452 [FXGL Background Thread 3 ] DEBUG Engine               - userAppClass: class org.example.GameApp
01:09:23.452 [FXGL Background Thread 3 ] DEBUG Engine               - version: 0.1.5
01:09:23.452 [FXGL Background Thread 3 ] DEBUG Engine               - versionCheckDays: 7
01:09:23.452 [FXGL Background Thread 3 ] DEBUG Engine               - width: 1280
01:09:23.452 [FXGL Background Thread 3 ] DEBUG Engine               - Logging services
01:09:23.452 [FXGL Background Thread 3 ] DEBUG Engine               - class com.almasb.fxgl.app.services.FXGLAssetLoaderService
01:09:23.453 [FXGL Background Thread 3 ] DEBUG Engine               - class com.almasb.fxgl.app.FXGLApplication$GameApplicationService
01:09:23.453 [FXGL Background Thread 3 ] DEBUG Engine               - class com.almasb.fxgl.app.services.FXGLDialogService
01:09:23.453 [FXGL Background Thread 3 ] DEBUG Engine               - class com.almasb.fxgl.app.services.IOTaskExecutorService
01:09:23.453 [FXGL Background Thread 3 ] DEBUG Engine               - class com.almasb.fxgl.io.FileSystemService
01:09:23.453 [FXGL Background Thread 3 ] DEBUG Engine               - class com.almasb.fxgl.localization.LocalizationService
01:09:23.453 [FXGL Background Thread 3 ] DEBUG Engine               - class com.almasb.fxgl.app.services.SystemBundleService
01:09:23.453 [FXGL Background Thread 3 ] DEBUG Engine               - class com.almasb.fxgl.profile.SaveLoadService
01:09:23.453 [FXGL Background Thread 3 ] DEBUG Engine               - class com.almasb.fxgl.ui.FXGLUIFactoryServiceProvider
01:09:23.454 [FXGL Background Thread 3 ] DEBUG Engine               - class com.almasb.fxgl.ui.FXGLDialogFactoryServiceProvider
01:09:23.454 [FXGL Background Thread 3 ] DEBUG Engine               - class com.almasb.fxgl.audio.AudioPlayer
01:09:23.454 [FXGL Background Thread 3 ] DEBUG Engine               - class com.almasb.fxgl.notification.impl.NotificationServiceProvider
01:09:23.454 [FXGL Background Thread 3 ] DEBUG Engine               - class com.almasb.fxgl.achievement.AchievementService
01:09:23.454 [FXGL Background Thread 3 ] DEBUG Engine               - class com.almasb.fxgl.cutscene.CutsceneService
01:09:23.454 [FXGL Background Thread 3 ] DEBUG Engine               - class com.almasb.fxgl.minigames.MiniGameService
01:09:23.454 [FXGL Background Thread 3 ] DEBUG Engine               - class com.almasb.fxgl.net.NetService
01:09:23.454 [FXGL Background Thread 3 ] DEBUG Engine               - class com.almasb.fxgl.app.services.UpdaterService
01:09:23.454 [FXGL Background Thread 3 ] DEBUG Engine               - class com.almasb.fxgl.dev.DevService
01:09:27.670 [JavaFX Application Thread] DEBUG Menu                 - fireNewGame()
01:09:27.670 [JavaFX Application Thread] DEBUG GameApplicationServi - Starting new game
01:09:27.671 [JavaFX Application Thread] DEBUG PrimaryStageWindow   - Pop state: NameInputScene
01:09:27.671 [JavaFX Application Thread] DEBUG Input                - Clearing active input actions
01:09:27.672 [JavaFX Application Thread] DEBUG GameApplicationServi - Removing overlay from NameInputScene and adding to FXGLMainMenuDummyScene
01:09:27.672 [JavaFX Application Thread] DEBUG PrimaryStageWindow   - FXGLMainMenuDummyScene <- NameInputScene
01:09:27.673 [JavaFX Application Thread] DEBUG Input                - Clearing active input actions
01:09:27.690 [JavaFX Application Thread] DEBUG GameApplicationServi - Removing overlay from FXGLMainMenuDummyScene and adding to FXGLLoadingScene
01:09:27.691 [JavaFX Application Thread] DEBUG PrimaryStageWindow   - FXGLMainMenuDummyScene -> FXGLLoadingScene
01:09:27.691 [JavaFX Application Thread] DEBUG GameApplicationServi - Clearing previous game
01:09:27.691 [JavaFX Application Thread] DEBUG GameScene            - Clearing game scene
01:09:27.691 [JavaFX Application Thread] DEBUG GameWorld            - Clearing game world
01:09:27.691 [JavaFX Application Thread] DEBUG PhysicsWorld         - Clearing physics world
01:09:27.695 [FXGL Background Thread 2 ] DEBUG FXGLApplication      - Initializing game
01:09:27.701 [FXGL Background Thread 2 ] DEBUG Input                - Clearing active input actions
01:09:27.735 [FXGL Background Thread 2 ] DEBUG FXGLAssetLoaderServi - Loading from file system: file:/C:/Users/ginac/IdeaProjects/TheOnlyException/Test/target/classes/assets/textures/dasd.png
01:09:27.798 [FXGL Background Thread 2 ] DEBUG FXGLAssetLoaderServi - Loading from file system: file:/C:/Users/ginac/IdeaProjects/TheOnlyException/Test/target/classes/assets/textures/player-scaled.png
01:09:27.910 [FXGL Background Thread 2 ] INFO  FXGLApplication      - Game initialization took: 0.214 sec
01:09:27.962 [JavaFX Application Thread] DEBUG Input                - Clearing active input actions
01:09:27.980 [JavaFX Application Thread] DEBUG GameApplicationServi - Removing overlay from FXGLLoadingScene and adding to GameScene
01:09:27.980 [JavaFX Application Thread] DEBUG PrimaryStageWindow   - FXGLLoadingScene -> GameScene
01:09:28.885 [JavaFX Application Thread] DEBUG FXGLAssetLoaderServi - Loading from file system: file:/C:/Users/ginac/IdeaProjects/TheOnlyException/Test/target/classes/assets/textures/MaggotWalk-scaled.png
01:09:29.480 [JavaFX Application Thread] DEBUG FXGLAssetLoaderServi - Loading from file system: file:/C:/Users/ginac/IdeaProjects/TheOnlyException/Test/target/classes/assets/textures/BeetleMove-scaled.png
01:09:30.073 [JavaFX Application Thread] DEBUG FXGLAssetLoaderServi - Loading from file system: file:/C:/Users/ginac/IdeaProjects/TheOnlyException/Test/target/classes/assets/textures/MantisMove-scaled.png
01:09:41.499 [JavaFX Application Thread] DEBUG LoopRunner           - Pausing loop
01:09:41.504 [JavaFX Application Thread] DEBUG PrimaryStageWindow   - Push state: DialogSubScene
01:09:41.505 [JavaFX Application Thread] DEBUG Input                - Clearing active input actions
01:09:41.508 [JavaFX Application Thread] DEBUG GameApplicationServi - Removing overlay from GameScene and adding to DialogSubScene
01:09:41.509 [JavaFX Application Thread] DEBUG PrimaryStageWindow   - GameScene -> DialogSubScene
01:09:44.525 [JavaFX Application Thread] DEBUG PrimaryStageWindow   - Pop state: DialogSubScene
01:09:44.525 [JavaFX Application Thread] DEBUG Input                - Clearing active input actions
01:09:44.527 [JavaFX Application Thread] DEBUG GameApplicationServi - Removing overlay from DialogSubScene and adding to GameScene
01:09:44.527 [JavaFX Application Thread] DEBUG PrimaryStageWindow   - GameScene <- DialogSubScene
01:09:44.531 [JavaFX Application Thread] DEBUG Input                - Clearing active input actions
01:09:44.532 [JavaFX Application Thread] DEBUG Input                - Clearing active input actions
01:09:44.548 [JavaFX Application Thread] DEBUG GameApplicationServi - Removing overlay from GameScene and adding to FXGLMainMenuDummyScene
01:09:44.549 [JavaFX Application Thread] DEBUG PrimaryStageWindow   - GameScene -> FXGLMainMenuDummyScene
01:09:44.549 [JavaFX Application Thread] DEBUG PrimaryStageWindow   - Push state: NameInputScene
01:09:44.549 [JavaFX Application Thread] DEBUG Input                - Clearing active input actions
01:09:44.556 [JavaFX Application Thread] DEBUG GameApplicationServi - Removing overlay from FXGLMainMenuDummyScene and adding to NameInputScene
01:09:44.557 [JavaFX Application Thread] DEBUG PrimaryStageWindow   - FXGLMainMenuDummyScene -> NameInputScene
01:09:45.468 [JavaFX Application Thread] DEBUG Menu                 - fireNewGame()
01:09:45.468 [JavaFX Application Thread] DEBUG GameApplicationServi - Starting new game
01:09:45.468 [JavaFX Application Thread] DEBUG PrimaryStageWindow   - Pop state: NameInputScene
01:09:45.468 [JavaFX Application Thread] DEBUG Input                - Clearing active input actions
01:09:45.469 [JavaFX Application Thread] DEBUG GameApplicationServi - Removing overlay from NameInputScene and adding to FXGLMainMenuDummyScene
01:09:45.469 [JavaFX Application Thread] DEBUG PrimaryStageWindow   - FXGLMainMenuDummyScene <- NameInputScene
01:09:45.469 [JavaFX Application Thread] DEBUG Input                - Clearing active input actions
01:09:45.477 [JavaFX Application Thread] DEBUG GameApplicationServi - Removing overlay from FXGLMainMenuDummyScene and adding to FXGLLoadingScene
01:09:45.477 [JavaFX Application Thread] DEBUG PrimaryStageWindow   - FXGLMainMenuDummyScene -> FXGLLoadingScene
01:09:45.477 [JavaFX Application Thread] DEBUG GameApplicationServi - Clearing previous game
01:09:45.477 [JavaFX Application Thread] DEBUG GameScene            - Clearing game scene
01:09:45.477 [JavaFX Application Thread] DEBUG GameWorld            - Clearing game world
01:09:45.479 [JavaFX Application Thread] DEBUG PhysicsWorld         - Clearing physics world
01:09:45.480 [FXGL Background Thread 2 ] DEBUG FXGLApplication      - Initializing game
01:09:45.480 [FXGL Background Thread 2 ] DEBUG Input                - Clearing active input actions
01:09:45.498 [FXGL Background Thread 2 ] INFO  FXGLApplication      - Game initialization took: 0.017 sec
01:09:45.499 [JavaFX Application Thread] DEBUG Input                - Clearing active input actions
01:09:45.513 [JavaFX Application Thread] DEBUG GameApplicationServi - Removing overlay from FXGLLoadingScene and adding to GameScene
01:09:45.513 [JavaFX Application Thread] DEBUG PrimaryStageWindow   - FXGLLoadingScene -> GameScene
01:09:49.083 [JavaFX Application Thread] DEBUG FXGLApplication      - Exiting FXGL
01:09:49.083 [JavaFX Application Thread] DEBUG LoopRunner           - Stopping loop
01:09:49.084 [JavaFX Application Thread] DEBUG SystemBundleService  - Saving FXGL system data
01:09:49.087 [JavaFX Application Thread] DEBUG FileSystemAccess     - Writing to: C:\Users\ginac\IdeaProjects\TheOnlyException\system\fxgl.bundle
01:09:49.091 [JavaFX Application Thread] DEBUG Async                - Shutting down background threads
01:09:49.093 [JavaFX Application Thread] DEBUG PrimaryStageWindow   - Closing main window
01:09:49.149 [JavaFX Application Thread] DEBUG Logger               - Closing Logger
