21:04:50.634 [main                     ] DEBUG Logger               - Configured Logger
21:04:50.641 [main                     ] DEBUG GameApplication      - Logging settings
Title: Prototype Game
Version: 0.1.5
Width: 1280
Height: 720
Fullscreen: false
Intro: false
Profiling: false
Single step:false
App Mode: DEVELOPER
Menu Key: ESCAPE
Stage Style: DECORATED
Scene Factory: class org.example.core.GameApp$1

21:04:50.963 [JavaFX Application Thread] DEBUG FXGLApplication      - Initializing FXGL
21:04:50.964 [JavaFX Application Thread] INFO  Engine               - FXGL-21+dev-SNAPSHOT (26.03.2024 19.46) on WINDOWS (J:24 FX:21.0.1)
21:04:50.965 [JavaFX Application Thread] DEBUG Engine               - JRE Vendor Name: Oracle Corporation
21:04:50.965 [JavaFX Application Thread] DEBUG Engine               - Running on OS: Windows 11 version 10.0
21:04:50.965 [JavaFX Application Thread] DEBUG Engine               - Architecture: amd64
21:04:50.965 [JavaFX Application Thread] INFO  Engine               - Source code and latest versions at: https://github.com/AlmasB/FXGL
21:04:50.965 [JavaFX Application Thread] INFO  Engine               -       Ask questions and discuss at: https://github.com/AlmasB/FXGL/discussions
21:04:50.965 [JavaFX Application Thread] INFO  Engine               -              Join the FXGL chat at: https://gitter.im/AlmasB/FXGL
21:04:51.053 [JavaFX Application Thread] DEBUG PrimaryStageWindow   - Creating a JavaFX scene
21:04:51.095 [JavaFX Application Thread] DEBUG PrimaryStageWindow   - Target settings size: 1280.0 x 720.0
21:04:51.095 [JavaFX Application Thread] DEBUG PrimaryStageWindow   - Scaled scene size:    1280.0 x 720.0
21:04:51.095 [JavaFX Application Thread] DEBUG PrimaryStageWindow   - Scaled ratio: (1.0, 1.0)
21:04:51.096 [JavaFX Application Thread] DEBUG PrimaryStageWindow   - Set initial scene to FXGLStartupScene
21:04:51.098 [JavaFX Application Thread] DEBUG PrimaryStageWindow   - Opening main window
21:04:51.197 [JavaFX Application Thread] DEBUG PrimaryStageWindow   - Window border size: (16.0, 39.0)
21:04:51.198 [JavaFX Application Thread] DEBUG PrimaryStageWindow   - Scaled size: 1280.0 x 720.0
21:04:51.198 [JavaFX Application Thread] DEBUG PrimaryStageWindow   - Scaled ratio: (1.0, 1.0)
21:04:51.198 [JavaFX Application Thread] DEBUG PrimaryStageWindow   - Scene size: 1280.0 x 720.0
21:04:51.198 [JavaFX Application Thread] DEBUG PrimaryStageWindow   - Stage size: 1296.0 x 759.0
21:04:51.204 [FXGL Background Thread 1 ] DEBUG Engine               - Initializing environment variables
21:04:51.254 [FXGL Background Thread 1 ] DEBUG FXGLAssetLoaderServi - User app class for loading assets: class org.example.core.GameApp
21:04:51.254 [FXGL Background Thread 1 ] DEBUG GameApplicationServi - Applying CSS: fxgl_dark.css
21:04:51.254 [FXGL Background Thread 1 ] DEBUG FXGLAssetLoaderServi - Loading from file system: jar:file:/C:/Users/primzcm/.m2/repository/com/github/almasb/fxgl/fxgl/21.1/fxgl-21.1.jar!/fxglassets/ui/css/fxgl_dark.css
21:04:51.293 [FXGL Background Thread 1 ] DEBUG GameApplicationServi - Initializing application scenes
21:04:51.324 [FXGL Background Thread 1 ] DEBUG GameWorld            - Game world initialized
21:04:51.362 [FXGL Background Thread 1 ] DEBUG PhysicsWorld         - Physics world initialized: appHeight=720, physics.ppm=50.0
21:04:51.362 [FXGL Background Thread 1 ] DEBUG PhysicsWorld         - Using strategy: BRUTE_FORCE
21:04:51.364 [FXGL Background Thread 1 ] DEBUG GameScene            - Game scene initialized: 1280x720
21:04:51.373 [FXGL Background Thread 1 ] DEBUG FXGL.DefaultMenu     - createMenuBodyGameMenu()
21:04:51.386 [FXGL Background Thread 1 ] DEBUG FXGL.DefaultMenu     - createOptionsMenu()
21:04:51.396 [FXGL Background Thread 1 ] DEBUG FXGLAssetLoaderServi - Loading from file system: jar:file:/C:/Users/primzcm/.m2/repository/com/github/almasb/fxgl/fxgl/21.1/fxgl-21.1.jar!/fxglassets/textures/particles/smoke.png
21:04:51.476 [FXGL Background Thread 1 ] DEBUG FXGLAssetLoaderServi - Loading from file system: jar:file:/C:/Users/primzcm/.m2/repository/com/github/almasb/fxgl/fxgl/21.1/fxgl-21.1.jar!/fxglassets/textures/particles/trace_horizontal.png
21:04:51.497 [FXGL Background Thread 1 ] DEBUG GameApplicationServi - Application scenes initialized
21:04:51.508 [FXGL Background Thread 1 ] DEBUG SystemBundleService  - Loading FXGL system data
21:04:51.511 [FXGL Background Thread 1 ] DEBUG FileSystemAccess     - Reading from: F:\my files\School\2nd year 2nd sem\TheOnlyException\system\fxgl.bundle
21:04:51.516 [FXGL Background Thread 1 ] DEBUG SystemBundleService  - Bundle FXGL: {}
21:04:51.516 [FXGL Background Thread 1 ] DEBUG UpdaterService       - Checking for updates
21:04:51.519 [FXGL Background Thread 4 ] DEBUG FXGLApplication      - Loading fonts
21:04:51.520 [FXGL Background Thread 4 ] DEBUG FXGLAssetLoaderServi - Loading from file system: jar:file:/C:/Users/primzcm/.m2/repository/com/github/almasb/fxgl/fxgl/21.1/fxgl-21.1.jar!/fxglassets/ui/fonts/VarelaRound-Regular.ttf
21:04:51.521 [FXGL Background Thread 1 ] DEBUG FXGLApplication      - Loading default localization
21:04:51.521 [FXGL Background Thread 1 ] DEBUG FXGLAssetLoaderServi - Loading from file system: jar:file:/C:/Users/primzcm/.m2/repository/com/github/almasb/fxgl/fxgl/21.1/fxgl-21.1.jar!/fxglassets/languages/english.lang
21:04:51.547 [FXGL Background Thread 4 ] DEBUG FXGLAssetLoaderServi - Loading from file system: jar:file:/C:/Users/primzcm/.m2/repository/com/github/almasb/fxgl/fxgl/21.1/fxgl-21.1.jar!/fxglassets/ui/fonts/Abel-Regular.ttf
21:04:51.548 [FXGL Background Thread 1 ] INFO  FXGLApplication      - FXGL initialization took: 0.344 sec
21:04:51.550 [FXGL Background Thread 4 ] DEBUG FXGLAssetLoaderServi - Loading from file system: jar:file:/C:/Users/primzcm/.m2/repository/com/github/almasb/fxgl/fxgl/21.1/fxgl-21.1.jar!/fxglassets/ui/fonts/TerminalLandMono-Regular.otf
21:04:51.552 [FXGL Background Thread 4 ] DEBUG FXGLAssetLoaderServi - Loading from file system: jar:file:/C:/Users/primzcm/.m2/repository/com/github/almasb/fxgl/fxgl/21.1/fxgl-21.1.jar!/fxglassets/ui/fonts/Courier-Prime.ttf
21:04:51.559 [JavaFX Application Thread] DEBUG Input                - Registered new binding: action0 - A
21:04:51.560 [JavaFX Application Thread] DEBUG Input                - Registered new binding: action1 - D
21:04:51.560 [JavaFX Application Thread] DEBUG Input                - Registered new binding: action2 - W
21:04:51.560 [JavaFX Application Thread] DEBUG Input                - Registered new binding: action3 - S
21:04:51.560 [JavaFX Application Thread] DEBUG FXGLAssetLoaderServi - Loading from file system: jar:file:/C:/Users/primzcm/.m2/repository/com/github/almasb/fxgl/fxgl/21.1/fxgl-21.1.jar!/fxglassets/textures/fxgl_icon.png
21:04:51.580 [JavaFX Application Thread] DEBUG FXGLAssetLoaderServi - Loading from file system: jar:file:/C:/Users/primzcm/.m2/repository/com/github/almasb/fxgl/fxgl/21.1/fxgl-21.1.jar!/fxglassets/textures/fxgl_default_cursor.png
21:04:51.581 [JavaFX Application Thread] DEBUG Input                - Registered new binding: Screenshot - CTRL+8
21:04:51.582 [JavaFX Application Thread] DEBUG Input                - Registered new binding: System info dump - CTRL+9
21:04:51.582 [JavaFX Application Thread] DEBUG Input                - Registered new binding: Restart - CTRL+R
21:04:51.582 [JavaFX Application Thread] DEBUG Input                - Registered new binding: Toggle Debug Camera - CTRL+7
21:04:51.586 [JavaFX Application Thread] DEBUG LoopRunner           - Starting loop
21:04:51.586 [JavaFX Application Thread] DEBUG LoopRunner           - Initializing JavaFX AnimationTimerLoop
21:04:51.589 [JavaFX Application Thread] DEBUG Input                - Clearing active input actions
21:04:51.594 [JavaFX Application Thread] DEBUG GameApplicationServi - Removing overlay from FXGLStartupScene and adding to FXGLMainMenuDummyScene
21:04:51.594 [JavaFX Application Thread] DEBUG PrimaryStageWindow   - FXGLStartupScene -> FXGLMainMenuDummyScene
21:04:51.595 [JavaFX Application Thread] DEBUG PrimaryStageWindow   - Push state: NameInputScene
21:04:51.769 [JavaFX Application Thread] DEBUG Input                - Clearing active input actions
21:04:51.776 [JavaFX Application Thread] DEBUG GameApplicationServi - Removing overlay from FXGLMainMenuDummyScene and adding to NameInputScene
21:04:51.776 [JavaFX Application Thread] DEBUG PrimaryStageWindow   - FXGLMainMenuDummyScene -> NameInputScene
21:04:51.776 [JavaFX Application Thread] DEBUG FXGLApplication      - Registering font factories with UI factory
21:04:51.852 [FXGL Background Thread 2 ] INFO  UpdaterService       - Your current version:  21+dev-SNAPSHOT
21:04:51.853 [FXGL Background Thread 2 ] INFO  UpdaterService       - Latest stable version: 21.1
21:04:54.453 [JavaFX Application Thread] DEBUG GameWorld            - Game world initialized
21:04:54.453 [JavaFX Application Thread] DEBUG PhysicsWorld         - Physics world initialized: appHeight=720, physics.ppm=50.0
21:04:54.453 [JavaFX Application Thread] DEBUG PhysicsWorld         - Using strategy: BRUTE_FORCE
21:04:54.454 [JavaFX Application Thread] DEBUG GameScene            - Game scene initialized: 1280x720
21:04:54.471 [JavaFX Application Thread] DEBUG PrimaryStageWindow   - Push state: MainMenuScene
21:04:54.474 [JavaFX Application Thread] DEBUG Input                - Clearing active input actions
21:04:54.477 [JavaFX Application Thread] DEBUG GameApplicationServi - Removing overlay from NameInputScene and adding to MainMenuScene
21:04:54.477 [JavaFX Application Thread] DEBUG PrimaryStageWindow   - NameInputScene -> MainMenuScene
21:04:54.520 [FXGL Background Thread 3 ] DEBUG Engine               - Logging environment variables
21:04:54.520 [FXGL Background Thread 3 ] DEBUG Engine               - achievements: []
21:04:54.520 [FXGL Background Thread 3 ] DEBUG Engine               - actualHeight: 720.0
21:04:54.520 [FXGL Background Thread 3 ] DEBUG Engine               - actualHeightProperty: ReadOnlyDoubleProperty [value: 720.0]
21:04:54.520 [FXGL Background Thread 3 ] DEBUG Engine               - actualWidth: 1280.0
21:04:54.520 [FXGL Background Thread 3 ] DEBUG Engine               - actualWidthProperty: ReadOnlyDoubleProperty [value: 1280.0]
21:04:54.520 [FXGL Background Thread 3 ] DEBUG Engine               - appIcon: fxgl_icon.png
21:04:54.520 [FXGL Background Thread 3 ] DEBUG Engine               - applicationMode: DEVELOPER
21:04:54.520 [FXGL Background Thread 3 ] DEBUG Engine               - cSSList: [fxgl_dark.css]
21:04:54.520 [FXGL Background Thread 3 ] DEBUG Engine               - collisionDetectionStrategy: BRUTE_FORCE
21:04:54.520 [FXGL Background Thread 3 ] DEBUG Engine               - configClass: Optional.empty
21:04:54.520 [FXGL Background Thread 3 ] DEBUG Engine               - credits: []
21:04:54.521 [FXGL Background Thread 3 ] DEBUG Engine               - defaultCursor: CursorInfo(imageName=fxgl_default_cursor.png, hotspotX=7.0, hotspotY=6.0)
21:04:54.521 [FXGL Background Thread 3 ] DEBUG Engine               - devBBoxColorProperty: ObjectProperty [value: 0xff0000ff]
21:04:54.521 [FXGL Background Thread 3 ] DEBUG Engine               - devEnableDebugCameraProperty: BooleanProperty [value: false]
21:04:54.521 [FXGL Background Thread 3 ] DEBUG Engine               - devSensorColorProperty: ObjectProperty [value: 0xffff00ff]
21:04:54.521 [FXGL Background Thread 3 ] DEBUG Engine               - devShowBBoxProperty: BooleanProperty [value: false]
21:04:54.521 [FXGL Background Thread 3 ] DEBUG Engine               - devShowPositionProperty: BooleanProperty [value: false]
21:04:54.521 [FXGL Background Thread 3 ] DEBUG Engine               - enabledMenuItems: []
21:04:54.521 [FXGL Background Thread 3 ] DEBUG Engine               - engineServices: [class com.almasb.fxgl.app.services.FXGLAssetLoaderService, class com.almasb.fxgl.app.FXGLApplication$GameApplicationService, class com.almasb.fxgl.app.services.FXGLDialogService, class com.almasb.fxgl.app.services.IOTaskExecutorService, class com.almasb.fxgl.io.FileSystemService, class com.almasb.fxgl.localization.LocalizationService, class com.almasb.fxgl.app.services.SystemBundleService, class com.almasb.fxgl.profile.SaveLoadService, class com.almasb.fxgl.ui.FXGLUIFactoryServiceProvider, class com.almasb.fxgl.ui.FXGLDialogFactoryServiceProvider, class com.almasb.fxgl.audio.AudioPlayer, class com.almasb.fxgl.notification.impl.NotificationServiceProvider, class com.almasb.fxgl.achievement.AchievementService, class com.almasb.fxgl.cutscene.CutsceneService, class com.almasb.fxgl.minigames.MiniGameService, class com.almasb.fxgl.net.NetService, class com.almasb.fxgl.app.services.UpdaterService, class com.almasb.fxgl.dev.DevService]
21:04:54.521 [FXGL Background Thread 3 ] DEBUG Engine               - fontGame: Abel-Regular.ttf
21:04:54.521 [FXGL Background Thread 3 ] DEBUG Engine               - fontMono: TerminalLandMono-Regular.otf
21:04:54.521 [FXGL Background Thread 3 ] DEBUG Engine               - fontSizeScaleUI: 1.0
21:04:54.521 [FXGL Background Thread 3 ] DEBUG Engine               - fontText: Courier-Prime.ttf
21:04:54.521 [FXGL Background Thread 3 ] DEBUG Engine               - fontUI: VarelaRound-Regular.ttf
21:04:54.521 [FXGL Background Thread 3 ] DEBUG Engine               - fullScreen: BooleanProperty [value: false]
21:04:54.521 [FXGL Background Thread 3 ] DEBUG Engine               - gameDifficulty: MEDIUM
21:04:54.521 [FXGL Background Thread 3 ] DEBUG Engine               - gameDifficultyProperty: ObjectProperty [value: MEDIUM]
21:04:54.521 [FXGL Background Thread 3 ] DEBUG Engine               - globalMusicVolume: 0.5
21:04:54.521 [FXGL Background Thread 3 ] DEBUG Engine               - globalMusicVolumeProperty: DoubleProperty [value: 0.5]
21:04:54.521 [FXGL Background Thread 3 ] DEBUG Engine               - globalSoundVolume: 0.5
21:04:54.521 [FXGL Background Thread 3 ] DEBUG Engine               - globalSoundVolumeProperty: DoubleProperty [value: 0.5]
21:04:54.521 [FXGL Background Thread 3 ] DEBUG Engine               - height: 720
21:04:54.521 [FXGL Background Thread 3 ] DEBUG Engine               - is3D: false
21:04:54.521 [FXGL Background Thread 3 ] DEBUG Engine               - isAndroid: false
21:04:54.521 [FXGL Background Thread 3 ] DEBUG Engine               - isBrowser: false
21:04:54.522 [FXGL Background Thread 3 ] DEBUG Engine               - isClickFeedbackEnabled: false
21:04:54.522 [FXGL Background Thread 3 ] DEBUG Engine               - isCloseConfirmation: false
21:04:54.522 [FXGL Background Thread 3 ] DEBUG Engine               - isDesktop: true
21:04:54.522 [FXGL Background Thread 3 ] DEBUG Engine               - isDeveloperMenuEnabled: false
21:04:54.522 [FXGL Background Thread 3 ] DEBUG Engine               - isEmbedded: false
21:04:54.522 [FXGL Background Thread 3 ] DEBUG Engine               - isEntityPreloadEnabled: true
21:04:54.522 [FXGL Background Thread 3 ] DEBUG Engine               - isExperimentalTiledLargeMap: false
21:04:54.522 [FXGL Background Thread 3 ] DEBUG Engine               - isFileSystemWriteAllowed: true
21:04:54.522 [FXGL Background Thread 3 ] DEBUG Engine               - isFullScreenAllowed: false
21:04:54.522 [FXGL Background Thread 3 ] DEBUG Engine               - isFullScreenFromStart: false
21:04:54.522 [FXGL Background Thread 3 ] DEBUG Engine               - isGameMenuEnabled: true
21:04:54.522 [FXGL Background Thread 3 ] DEBUG Engine               - isIOS: false
21:04:54.522 [FXGL Background Thread 3 ] DEBUG Engine               - isIntroEnabled: false
21:04:54.522 [FXGL Background Thread 3 ] DEBUG Engine               - isLinux: false
21:04:54.522 [FXGL Background Thread 3 ] DEBUG Engine               - isMac: false
21:04:54.522 [FXGL Background Thread 3 ] DEBUG Engine               - isMainMenuEnabled: true
21:04:54.522 [FXGL Background Thread 3 ] DEBUG Engine               - isManualResizeEnabled: false
21:04:54.522 [FXGL Background Thread 3 ] DEBUG Engine               - isMobile: false
21:04:54.522 [FXGL Background Thread 3 ] DEBUG Engine               - isNative: false
21:04:54.522 [FXGL Background Thread 3 ] DEBUG Engine               - isPauseMusicWhenMinimized: true
21:04:54.522 [FXGL Background Thread 3 ] DEBUG Engine               - isPreserveResizeRatio: false
21:04:54.522 [FXGL Background Thread 3 ] DEBUG Engine               - isProfilingEnabled: false
21:04:54.522 [FXGL Background Thread 3 ] DEBUG Engine               - isScaleAffectedOnResize: true
21:04:54.522 [FXGL Background Thread 3 ] DEBUG Engine               - isSingleStep: false
21:04:54.522 [FXGL Background Thread 3 ] DEBUG Engine               - isUserProfileEnabled: false
21:04:54.522 [FXGL Background Thread 3 ] DEBUG Engine               - isWindows: true
21:04:54.522 [FXGL Background Thread 3 ] DEBUG Engine               - language: ObjectProperty [value: ENGLISH]
21:04:54.522 [FXGL Background Thread 3 ] DEBUG Engine               - menuKey: ESCAPE
21:04:54.523 [FXGL Background Thread 3 ] DEBUG Engine               - mouseSensitivity: 0.2
21:04:54.523 [FXGL Background Thread 3 ] DEBUG Engine               - notificationViewClass: class com.almasb.fxgl.notification.view.XboxNotificationView
21:04:54.523 [FXGL Background Thread 3 ] DEBUG Engine               - pixelsPerMeter: 50.0
21:04:54.523 [FXGL Background Thread 3 ] DEBUG Engine               - platform: WINDOWS
21:04:54.523 [FXGL Background Thread 3 ] DEBUG Engine               - prefHeightProperty: ReadOnlyDoubleProperty [value: 720.0]
21:04:54.523 [FXGL Background Thread 3 ] DEBUG Engine               - prefWidthProperty: ReadOnlyDoubleProperty [value: 1280.0]
21:04:54.523 [FXGL Background Thread 3 ] DEBUG Engine               - profileDir: profiles/
21:04:54.523 [FXGL Background Thread 3 ] DEBUG Engine               - profileName: StringProperty [value: DEFAULT]
21:04:54.523 [FXGL Background Thread 3 ] DEBUG Engine               - randomSeed: -1
21:04:54.523 [FXGL Background Thread 3 ] DEBUG Engine               - runtimeInfo: RuntimeInfo(platform=WINDOWS, version=21+dev-SNAPSHOT, build=26.03.2024 19.46)
21:04:54.523 [FXGL Background Thread 3 ] DEBUG Engine               - saveFileExt: sav
21:04:54.523 [FXGL Background Thread 3 ] DEBUG Engine               - scaledHeightProp$fxgl: DoubleProperty [bound, value: 720.0]
21:04:54.523 [FXGL Background Thread 3 ] DEBUG Engine               - scaledWidthProp$fxgl: DoubleProperty [bound, value: 1280.0]
21:04:54.523 [FXGL Background Thread 3 ] DEBUG Engine               - sceneFactory: org.example.core.GameApp$1@7660554b
21:04:54.523 [FXGL Background Thread 3 ] DEBUG Engine               - secondsIn24h: 60
21:04:54.523 [FXGL Background Thread 3 ] DEBUG Engine               - soundMenuBack: menu/back.wav
21:04:54.523 [FXGL Background Thread 3 ] DEBUG Engine               - soundMenuPress: menu/press.wav
21:04:54.523 [FXGL Background Thread 3 ] DEBUG Engine               - soundMenuSelect: menu/select.wav
21:04:54.523 [FXGL Background Thread 3 ] DEBUG Engine               - soundNotification: core/notification.wav
21:04:54.523 [FXGL Background Thread 3 ] DEBUG Engine               - stageStyle: DECORATED
21:04:54.523 [FXGL Background Thread 3 ] DEBUG Engine               - supportedLanguages: [ENGLISH, FRENCH, GERMAN, HUNGARIAN, RUSSIAN]
21:04:54.523 [FXGL Background Thread 3 ] DEBUG Engine               - ticksPerSecond: -1
21:04:54.523 [FXGL Background Thread 3 ] DEBUG Engine               - title: Prototype Game
21:04:54.523 [FXGL Background Thread 3 ] DEBUG Engine               - urlGithub: https://github.com/AlmasB/FXGL
21:04:54.523 [FXGL Background Thread 3 ] DEBUG Engine               - urlLeaderboard: http://fxgl-top.herokuapp.com/
21:04:54.523 [FXGL Background Thread 3 ] DEBUG Engine               - urlPOM: https://raw.githubusercontent.com/AlmasB/FXGL/release/README.md
21:04:54.523 [FXGL Background Thread 3 ] DEBUG Engine               - userAppClass: class org.example.core.GameApp
21:04:54.523 [FXGL Background Thread 3 ] DEBUG Engine               - version: 0.1.5
21:04:54.523 [FXGL Background Thread 3 ] DEBUG Engine               - versionCheckDays: 7
21:04:54.523 [FXGL Background Thread 3 ] DEBUG Engine               - width: 1280
21:04:54.523 [FXGL Background Thread 3 ] DEBUG Engine               - Logging services
21:04:54.523 [FXGL Background Thread 3 ] DEBUG Engine               - class com.almasb.fxgl.app.services.FXGLAssetLoaderService
21:04:54.523 [FXGL Background Thread 3 ] DEBUG Engine               - class com.almasb.fxgl.app.FXGLApplication$GameApplicationService
21:04:54.523 [FXGL Background Thread 3 ] DEBUG Engine               - class com.almasb.fxgl.app.services.FXGLDialogService
21:04:54.523 [FXGL Background Thread 3 ] DEBUG Engine               - class com.almasb.fxgl.app.services.IOTaskExecutorService
21:04:54.523 [FXGL Background Thread 3 ] DEBUG Engine               - class com.almasb.fxgl.io.FileSystemService
21:04:54.523 [FXGL Background Thread 3 ] DEBUG Engine               - class com.almasb.fxgl.localization.LocalizationService
21:04:54.523 [FXGL Background Thread 3 ] DEBUG Engine               - class com.almasb.fxgl.app.services.SystemBundleService
21:04:54.523 [FXGL Background Thread 3 ] DEBUG Engine               - class com.almasb.fxgl.profile.SaveLoadService
21:04:54.523 [FXGL Background Thread 3 ] DEBUG Engine               - class com.almasb.fxgl.ui.FXGLUIFactoryServiceProvider
21:04:54.523 [FXGL Background Thread 3 ] DEBUG Engine               - class com.almasb.fxgl.ui.FXGLDialogFactoryServiceProvider
21:04:54.523 [FXGL Background Thread 3 ] DEBUG Engine               - class com.almasb.fxgl.audio.AudioPlayer
21:04:54.523 [FXGL Background Thread 3 ] DEBUG Engine               - class com.almasb.fxgl.notification.impl.NotificationServiceProvider
21:04:54.523 [FXGL Background Thread 3 ] DEBUG Engine               - class com.almasb.fxgl.achievement.AchievementService
21:04:54.523 [FXGL Background Thread 3 ] DEBUG Engine               - class com.almasb.fxgl.cutscene.CutsceneService
21:04:54.523 [FXGL Background Thread 3 ] DEBUG Engine               - class com.almasb.fxgl.minigames.MiniGameService
21:04:54.523 [FXGL Background Thread 3 ] DEBUG Engine               - class com.almasb.fxgl.net.NetService
21:04:54.523 [FXGL Background Thread 3 ] DEBUG Engine               - class com.almasb.fxgl.app.services.UpdaterService
21:04:54.523 [FXGL Background Thread 3 ] DEBUG Engine               - class com.almasb.fxgl.dev.DevService
21:04:55.265 [JavaFX Application Thread] DEBUG GameApplicationServi - Starting new game
21:04:55.266 [JavaFX Application Thread] DEBUG PrimaryStageWindow   - Pop state: MainMenuScene
21:04:55.266 [JavaFX Application Thread] DEBUG Input                - Clearing active input actions
21:04:55.266 [JavaFX Application Thread] DEBUG GameApplicationServi - Removing overlay from MainMenuScene and adding to NameInputScene
21:04:55.267 [JavaFX Application Thread] DEBUG PrimaryStageWindow   - NameInputScene <- MainMenuScene
21:04:55.268 [JavaFX Application Thread] DEBUG PrimaryStageWindow   - Pop state: NameInputScene
21:04:55.268 [JavaFX Application Thread] DEBUG Input                - Clearing active input actions
21:04:55.268 [JavaFX Application Thread] DEBUG GameApplicationServi - Removing overlay from NameInputScene and adding to FXGLMainMenuDummyScene
21:04:55.268 [JavaFX Application Thread] DEBUG PrimaryStageWindow   - FXGLMainMenuDummyScene <- NameInputScene
21:04:55.268 [JavaFX Application Thread] DEBUG Input                - Clearing active input actions
21:04:55.273 [JavaFX Application Thread] DEBUG GameApplicationServi - Removing overlay from FXGLMainMenuDummyScene and adding to FXGLLoadingScene
21:04:55.273 [JavaFX Application Thread] DEBUG PrimaryStageWindow   - FXGLMainMenuDummyScene -> FXGLLoadingScene
21:04:55.273 [JavaFX Application Thread] DEBUG GameApplicationServi - Clearing previous game
21:04:55.273 [JavaFX Application Thread] DEBUG GameScene            - Clearing game scene
21:04:55.273 [JavaFX Application Thread] DEBUG GameWorld            - Clearing game world
21:04:55.273 [JavaFX Application Thread] DEBUG PhysicsWorld         - Clearing physics world
21:04:55.274 [FXGL Background Thread 2 ] DEBUG FXGLApplication      - Initializing game
21:04:55.287 [FXGL Background Thread 2 ] DEBUG FXGLAssetLoaderServi - Loading from file system: file:/F:/my%20files/School/2nd%20year%202nd%20sem/TheOnlyException/Test/target/classes/assets/textures/dasd.png
21:04:55.301 [FXGL Background Thread 2 ] DEBUG FXGLAssetLoaderServi - Loading from file system: file:/F:/my%20files/School/2nd%20year%202nd%20sem/TheOnlyException/Test/target/classes/assets/textures/player-scaled.png
21:04:55.354 [FXGL Background Thread 2 ] INFO  FXGLApplication      - Game initialization took: 0.079 sec
21:04:55.362 [JavaFX Application Thread] DEBUG Input                - Clearing active input actions
21:04:55.367 [JavaFX Application Thread] DEBUG GameApplicationServi - Removing overlay from FXGLLoadingScene and adding to GameScene
21:04:55.368 [JavaFX Application Thread] DEBUG PrimaryStageWindow   - FXGLLoadingScene -> GameScene
21:05:11.027 [JavaFX Application Thread] DEBUG FXGLApplication      - Exiting FXGL
21:05:11.027 [JavaFX Application Thread] DEBUG LoopRunner           - Stopping loop
21:05:11.027 [JavaFX Application Thread] DEBUG SystemBundleService  - Saving FXGL system data
21:05:11.029 [JavaFX Application Thread] DEBUG FileSystemAccess     - Writing to: F:\my files\School\2nd year 2nd sem\TheOnlyException\system\fxgl.bundle
21:05:11.084 [JavaFX Application Thread] DEBUG Async                - Shutting down background threads
21:05:11.084 [JavaFX Application Thread] DEBUG PrimaryStageWindow   - Closing main window
21:05:11.100 [JavaFX Application Thread] DEBUG Logger               - Closing Logger
