19:15:37.358 [main                     ] DEBUG Logger               - Configured Logger
19:15:37.380 [main                     ] DEBUG GameApplication      - Logging settings
Title: Prototype Game
Version: 0.1.5
Width: 1280
Height: 720
Fullscreen: false
Intro: false
Profiling: false
Single step:false
App Mode: DEVELOPER
Menu Key: ESCAPE
Stage Style: DECORATED
Scene Factory: class org.example.GameApp$1

19:15:38.087 [JavaFX Application Thread] DEBUG FXGLApplication      - Initializing FXGL
19:15:38.093 [JavaFX Application Thread] INFO  Engine               - FXGL-17+dev-SNAPSHOT (01.09.2022 03.33) on WINDOWS (J:23.0.1 FX:18)
19:15:38.093 [JavaFX Application Thread] DEBUG Engine               - JRE Vendor Name: Oracle Corporation
19:15:38.093 [JavaFX Application Thread] DEBUG Engine               - Running on OS: Windows 11 version 10.0
19:15:38.093 [JavaFX Application Thread] DEBUG Engine               - Architecture: amd64
19:15:38.094 [JavaFX Application Thread] INFO  Engine               - Source code and latest versions at: https://github.com/AlmasB/FXGL
19:15:38.094 [JavaFX Application Thread] INFO  Engine               -       Ask questions and discuss at: https://github.com/AlmasB/FXGL/discussions
19:15:38.094 [JavaFX Application Thread] INFO  Engine               -              Join the FXGL chat at: https://gitter.im/AlmasB/FXGL
19:15:38.206 [JavaFX Application Thread] DEBUG PrimaryStageWindow   - Creating a JavaFX scene
19:15:38.253 [JavaFX Application Thread] DEBUG PrimaryStageWindow   - Target settings size: 1280.0 x 720.0
19:15:38.253 [JavaFX Application Thread] DEBUG PrimaryStageWindow   - Scaled scene size:    1280.0 x 720.0
19:15:38.253 [JavaFX Application Thread] DEBUG PrimaryStageWindow   - Scaled ratio: (1.0, 1.0)
19:15:38.255 [JavaFX Application Thread] DEBUG PrimaryStageWindow   - Set initial scene to FXGLStartupScene
19:15:38.262 [JavaFX Application Thread] DEBUG PrimaryStageWindow   - Opening main window
19:15:38.365 [JavaFX Application Thread] DEBUG PrimaryStageWindow   - Window border size: (14.4000244140625, 37.5999755859375)
19:15:38.365 [JavaFX Application Thread] DEBUG PrimaryStageWindow   - Scaled size: 1280.0 x 720.0
19:15:38.365 [JavaFX Application Thread] DEBUG PrimaryStageWindow   - Scaled ratio: (1.0, 1.0)
19:15:38.366 [JavaFX Application Thread] DEBUG PrimaryStageWindow   - Scene size: 1280.0 x 720.0
19:15:38.366 [JavaFX Application Thread] DEBUG PrimaryStageWindow   - Stage size: 1294.4000244140625 x 757.5999755859375
19:15:38.376 [FXGL Background Thread 1 ] DEBUG Engine               - Initializing environment variables
19:15:38.468 [FXGL Background Thread 1 ] DEBUG FXGLAssetLoaderServi - User app class for loading assets: class org.example.GameApp
19:15:38.468 [FXGL Background Thread 1 ] DEBUG GameApplicationServi - Applying CSS: fxgl_dark.css
19:15:38.469 [FXGL Background Thread 1 ] DEBUG FXGLAssetLoaderServi - Loading from file system: jar:file:/C:/Users/khein/.m2/repository/com/github/AlmasB/FXGL/fxgl/17.2/fxgl-17.2.jar!/fxglassets/ui/css/fxgl_dark.css
19:15:38.506 [FXGL Background Thread 1 ] DEBUG GameApplicationServi - Initializing application scenes
19:15:38.547 [FXGL Background Thread 1 ] DEBUG GameWorld            - Game world initialized
19:15:38.620 [FXGL Background Thread 1 ] DEBUG PhysicsWorld         - Physics world initialized: appHeight=720, physics.ppm=50.0
19:15:38.620 [FXGL Background Thread 1 ] DEBUG PhysicsWorld         - Using strategy: BRUTE_FORCE
19:15:38.623 [FXGL Background Thread 1 ] DEBUG GameScene            - Game scene initialized: 1280x720
19:15:38.634 [FXGL Background Thread 1 ] DEBUG FXGL.DefaultMenu     - createMenuBodyGameMenu()
19:15:38.653 [FXGL Background Thread 1 ] DEBUG FXGL.DefaultMenu     - createOptionsMenu()
19:15:38.662 [FXGL Background Thread 1 ] DEBUG FXGLAssetLoaderServi - Loading from file system: jar:file:/C:/Users/khein/.m2/repository/com/github/AlmasB/FXGL/fxgl/17.2/fxgl-17.2.jar!/fxglassets/textures/particles/smoke.png
19:15:38.755 [FXGL Background Thread 1 ] DEBUG FXGLAssetLoaderServi - Loading from file system: jar:file:/C:/Users/khein/.m2/repository/com/github/AlmasB/FXGL/fxgl/17.2/fxgl-17.2.jar!/fxglassets/textures/particles/trace_horizontal.png
19:15:38.782 [FXGL Background Thread 1 ] DEBUG GameApplicationServi - Application scenes initialized
19:15:38.794 [FXGL Background Thread 1 ] DEBUG SystemBundleService  - Loading FXGL system data
19:15:38.797 [FXGL Background Thread 1 ] DEBUG FileSystemAccess     - Reading from: C:\Users\khein\IdeaProjects\TheOnlyException\system\fxgl.bundle
19:15:38.803 [FXGL Background Thread 1 ] DEBUG SystemBundleService  - Bundle FXGL: {}
19:15:38.803 [FXGL Background Thread 1 ] DEBUG UpdaterService       - Checking for updates
19:15:38.807 [FXGL Background Thread 4 ] DEBUG FXGLApplication      - Loading fonts
19:15:38.807 [FXGL Background Thread 4 ] DEBUG FXGLAssetLoaderServi - Loading from file system: jar:file:/C:/Users/khein/.m2/repository/com/github/AlmasB/FXGL/fxgl-samples/17.2/fxgl-samples-17.2.jar!/assets/ui/fonts/VarelaRound-Regular.ttf
19:15:38.807 [FXGL Background Thread 1 ] DEBUG FXGLApplication      - Loading default localization
19:15:38.808 [FXGL Background Thread 1 ] DEBUG FXGLAssetLoaderServi - Loading from file system: jar:file:/C:/Users/khein/.m2/repository/com/github/AlmasB/FXGL/fxgl/17.2/fxgl-17.2.jar!/fxglassets/languages/english.lang
19:15:38.839 [FXGL Background Thread 1 ] INFO  FXGLApplication      - FXGL initialization took: 0.464 sec
19:15:38.855 [JavaFX Application Thread] DEBUG Input                - Registered new binding: action0 - A
19:15:38.855 [JavaFX Application Thread] DEBUG Input                - Registered new binding: action1 - D
19:15:38.856 [JavaFX Application Thread] DEBUG Input                - Registered new binding: action2 - W
19:15:38.856 [JavaFX Application Thread] DEBUG Input                - Registered new binding: action3 - S
19:15:38.857 [JavaFX Application Thread] DEBUG FXGLAssetLoaderServi - Loading from file system: jar:file:/C:/Users/khein/.m2/repository/com/github/AlmasB/FXGL/fxgl/17.2/fxgl-17.2.jar!/fxglassets/textures/fxgl_icon.png
19:15:38.870 [FXGL Background Thread 4 ] DEBUG FXGLAssetLoaderServi - Loading from file system: jar:file:/C:/Users/khein/.m2/repository/com/github/AlmasB/FXGL/fxgl/17.2/fxgl-17.2.jar!/fxglassets/ui/fonts/Abel-Regular.ttf
19:15:38.875 [JavaFX Application Thread] DEBUG FXGLAssetLoaderServi - Loading from file system: jar:file:/C:/Users/khein/.m2/repository/com/github/AlmasB/FXGL/fxgl/17.2/fxgl-17.2.jar!/fxglassets/textures/fxgl_default_cursor.png
19:15:38.879 [JavaFX Application Thread] DEBUG Input                - Registered new binding: Screenshot - CTRL+8
19:15:38.880 [JavaFX Application Thread] DEBUG Input                - Registered new binding: System info dump - CTRL+9
19:15:38.881 [JavaFX Application Thread] DEBUG Input                - Registered new binding: Restart - CTRL+R
19:15:38.882 [JavaFX Application Thread] DEBUG Input                - Registered new binding: Toggle Debug Camera - CTRL+7
19:15:38.885 [JavaFX Application Thread] DEBUG LoopRunner           - Starting loop
19:15:38.885 [JavaFX Application Thread] DEBUG LoopRunner           - Initializing JavaFX AnimationTimerLoop
19:15:38.888 [FXGL Background Thread 4 ] DEBUG FXGLAssetLoaderServi - Loading from file system: jar:file:/C:/Users/khein/.m2/repository/com/github/AlmasB/FXGL/fxgl/17.2/fxgl-17.2.jar!/fxglassets/ui/fonts/TerminalLandMono-Regular.otf
19:15:38.888 [JavaFX Application Thread] DEBUG Input                - Clearing active input actions
19:15:38.897 [JavaFX Application Thread] DEBUG GameApplicationServi - Removing overlay from FXGLStartupScene and adding to FXGLMainMenuDummyScene
19:15:38.897 [JavaFX Application Thread] DEBUG PrimaryStageWindow   - FXGLStartupScene -> FXGLMainMenuDummyScene
19:15:38.897 [JavaFX Application Thread] DEBUG PrimaryStageWindow   - Push state: NameInputScene
19:15:38.905 [FXGL Background Thread 4 ] DEBUG FXGLAssetLoaderServi - Loading from file system: jar:file:/C:/Users/khein/.m2/repository/com/github/AlmasB/FXGL/fxgl/17.2/fxgl-17.2.jar!/fxglassets/ui/fonts/Courier-Prime.ttf
19:15:39.221 [JavaFX Application Thread] DEBUG Input                - Clearing active input actions
19:15:39.235 [JavaFX Application Thread] DEBUG GameApplicationServi - Removing overlay from FXGLMainMenuDummyScene and adding to NameInputScene
19:15:39.235 [JavaFX Application Thread] DEBUG PrimaryStageWindow   - FXGLMainMenuDummyScene -> NameInputScene
19:15:39.436 [JavaFX Application Thread] DEBUG FXGLApplication      - Registering font factories with UI factory
19:15:39.690 [FXGL Background Thread 2 ] INFO  UpdaterService       - Your current version:  17+dev-SNAPSHOT
19:15:39.690 [FXGL Background Thread 2 ] INFO  UpdaterService       - Latest stable version: 21.1
19:15:41.808 [FXGL Background Thread 3 ] DEBUG Engine               - Logging environment variables
19:15:41.809 [FXGL Background Thread 3 ] DEBUG Engine               - achievements: []
19:15:41.810 [FXGL Background Thread 3 ] DEBUG Engine               - actualHeight: 720.0
19:15:41.810 [FXGL Background Thread 3 ] DEBUG Engine               - actualHeightProperty: ReadOnlyDoubleProperty [value: 720.0]
19:15:41.810 [FXGL Background Thread 3 ] DEBUG Engine               - actualWidth: 1280.0
19:15:41.810 [FXGL Background Thread 3 ] DEBUG Engine               - actualWidthProperty: ReadOnlyDoubleProperty [value: 1280.0]
19:15:41.810 [FXGL Background Thread 3 ] DEBUG Engine               - appIcon: fxgl_icon.png
19:15:41.810 [FXGL Background Thread 3 ] DEBUG Engine               - applicationMode: DEVELOPER
19:15:41.810 [FXGL Background Thread 3 ] DEBUG Engine               - cSSList: [fxgl_dark.css]
19:15:41.810 [FXGL Background Thread 3 ] DEBUG Engine               - collisionDetectionStrategy: BRUTE_FORCE
19:15:41.810 [FXGL Background Thread 3 ] DEBUG Engine               - configClass: Optional.empty
19:15:41.810 [FXGL Background Thread 3 ] DEBUG Engine               - credits: []
19:15:41.811 [FXGL Background Thread 3 ] DEBUG Engine               - defaultCursor: CursorInfo(imageName=fxgl_default_cursor.png, hotspotX=7.0, hotspotY=6.0)
19:15:41.811 [FXGL Background Thread 3 ] DEBUG Engine               - devBBoxColorProperty: ObjectProperty [value: 0xff0000ff]
19:15:41.811 [FXGL Background Thread 3 ] DEBUG Engine               - devEnableDebugCameraProperty: BooleanProperty [value: false]
19:15:41.811 [FXGL Background Thread 3 ] DEBUG Engine               - devSensorColorProperty: ObjectProperty [value: 0xffff00ff]
19:15:41.811 [FXGL Background Thread 3 ] DEBUG Engine               - devShowBBoxProperty: BooleanProperty [value: false]
19:15:41.811 [FXGL Background Thread 3 ] DEBUG Engine               - devShowPositionProperty: BooleanProperty [value: false]
19:15:41.811 [FXGL Background Thread 3 ] DEBUG Engine               - enabledMenuItems: []
19:15:41.811 [FXGL Background Thread 3 ] DEBUG Engine               - engineServices: [class com.almasb.fxgl.app.services.FXGLAssetLoaderService, class com.almasb.fxgl.app.FXGLApplication$GameApplicationService, class com.almasb.fxgl.app.services.FXGLDialogService, class com.almasb.fxgl.app.services.IOTaskExecutorService, class com.almasb.fxgl.io.FileSystemService, class com.almasb.fxgl.localization.LocalizationService, class com.almasb.fxgl.app.services.SystemBundleService, class com.almasb.fxgl.profile.SaveLoadService, class com.almasb.fxgl.ui.FXGLUIFactoryServiceProvider, class com.almasb.fxgl.ui.FXGLDialogFactoryServiceProvider, class com.almasb.fxgl.audio.AudioPlayer, class com.almasb.fxgl.notification.impl.NotificationServiceProvider, class com.almasb.fxgl.achievement.AchievementService, class com.almasb.fxgl.cutscene.CutsceneService, class com.almasb.fxgl.minigames.MiniGameService, class com.almasb.fxgl.net.NetService, class com.almasb.fxgl.app.services.UpdaterService, class com.almasb.fxgl.dev.DevService]
19:15:41.811 [FXGL Background Thread 3 ] DEBUG Engine               - fontGame: Abel-Regular.ttf
19:15:41.811 [FXGL Background Thread 3 ] DEBUG Engine               - fontMono: TerminalLandMono-Regular.otf
19:15:41.811 [FXGL Background Thread 3 ] DEBUG Engine               - fontText: Courier-Prime.ttf
19:15:41.811 [FXGL Background Thread 3 ] DEBUG Engine               - fontUI: VarelaRound-Regular.ttf
19:15:41.811 [FXGL Background Thread 3 ] DEBUG Engine               - fullScreen: BooleanProperty [value: false]
19:15:41.811 [FXGL Background Thread 3 ] DEBUG Engine               - gameDifficulty: MEDIUM
19:15:41.811 [FXGL Background Thread 3 ] DEBUG Engine               - gameDifficultyProperty: ObjectProperty [value: MEDIUM]
19:15:41.811 [FXGL Background Thread 3 ] DEBUG Engine               - globalMusicVolume: 0.5
19:15:41.811 [FXGL Background Thread 3 ] DEBUG Engine               - globalMusicVolumeProperty: DoubleProperty [value: 0.5]
19:15:41.812 [FXGL Background Thread 3 ] DEBUG Engine               - globalSoundVolume: 0.5
19:15:41.812 [FXGL Background Thread 3 ] DEBUG Engine               - globalSoundVolumeProperty: DoubleProperty [value: 0.5]
19:15:41.812 [FXGL Background Thread 3 ] DEBUG Engine               - height: 720
19:15:41.812 [FXGL Background Thread 3 ] DEBUG Engine               - is3D: false
19:15:41.812 [FXGL Background Thread 3 ] DEBUG Engine               - isAndroid: false
19:15:41.812 [FXGL Background Thread 3 ] DEBUG Engine               - isBrowser: false
19:15:41.812 [FXGL Background Thread 3 ] DEBUG Engine               - isClickFeedbackEnabled: false
19:15:41.812 [FXGL Background Thread 3 ] DEBUG Engine               - isCloseConfirmation: false
19:15:41.812 [FXGL Background Thread 3 ] DEBUG Engine               - isDesktop: true
19:15:41.812 [FXGL Background Thread 3 ] DEBUG Engine               - isDeveloperMenuEnabled: false
19:15:41.812 [FXGL Background Thread 3 ] DEBUG Engine               - isEmbedded: false
19:15:41.812 [FXGL Background Thread 3 ] DEBUG Engine               - isEntityPreloadEnabled: true
19:15:41.812 [FXGL Background Thread 3 ] DEBUG Engine               - isExperimentalTiledLargeMap: false
19:15:41.812 [FXGL Background Thread 3 ] DEBUG Engine               - isFileSystemWriteAllowed: true
19:15:41.812 [FXGL Background Thread 3 ] DEBUG Engine               - isFullScreenAllowed: false
19:15:41.812 [FXGL Background Thread 3 ] DEBUG Engine               - isFullScreenFromStart: false
19:15:41.812 [FXGL Background Thread 3 ] DEBUG Engine               - isGameMenuEnabled: true
19:15:41.812 [FXGL Background Thread 3 ] DEBUG Engine               - isIOS: false
19:15:41.812 [FXGL Background Thread 3 ] DEBUG Engine               - isIntroEnabled: false
19:15:41.812 [FXGL Background Thread 3 ] DEBUG Engine               - isLinux: false
19:15:41.812 [FXGL Background Thread 3 ] DEBUG Engine               - isMac: false
19:15:41.812 [FXGL Background Thread 3 ] DEBUG Engine               - isMainMenuEnabled: true
19:15:41.812 [FXGL Background Thread 3 ] DEBUG Engine               - isManualResizeEnabled: false
19:15:41.812 [FXGL Background Thread 3 ] DEBUG Engine               - isMobile: false
19:15:41.812 [FXGL Background Thread 3 ] DEBUG Engine               - isNative: false
19:15:41.813 [FXGL Background Thread 3 ] DEBUG Engine               - isPauseMusicWhenMinimized: true
19:15:41.813 [FXGL Background Thread 3 ] DEBUG Engine               - isPreserveResizeRatio: false
19:15:41.813 [FXGL Background Thread 3 ] DEBUG Engine               - isProfilingEnabled: false
19:15:41.813 [FXGL Background Thread 3 ] DEBUG Engine               - isScaleAffectedOnResize: true
19:15:41.813 [FXGL Background Thread 3 ] DEBUG Engine               - isSingleStep: false
19:15:41.813 [FXGL Background Thread 3 ] DEBUG Engine               - isUserProfileEnabled: false
19:15:41.813 [FXGL Background Thread 3 ] DEBUG Engine               - isWindows: true
19:15:41.813 [FXGL Background Thread 3 ] DEBUG Engine               - language: ObjectProperty [value: ENGLISH]
19:15:41.813 [FXGL Background Thread 3 ] DEBUG Engine               - menuKey: ESCAPE
19:15:41.813 [FXGL Background Thread 3 ] DEBUG Engine               - mouseSensitivity: 0.2
19:15:41.813 [FXGL Background Thread 3 ] DEBUG Engine               - notificationViewClass: class com.almasb.fxgl.notification.view.XboxNotificationView
19:15:41.813 [FXGL Background Thread 3 ] DEBUG Engine               - pixelsPerMeter: 50.0
19:15:41.813 [FXGL Background Thread 3 ] DEBUG Engine               - platform: WINDOWS
19:15:41.814 [FXGL Background Thread 3 ] DEBUG Engine               - prefHeightProperty: ReadOnlyDoubleProperty [value: 720.0]
19:15:41.814 [FXGL Background Thread 3 ] DEBUG Engine               - prefWidthProperty: ReadOnlyDoubleProperty [value: 1280.0]
19:15:41.814 [FXGL Background Thread 3 ] DEBUG Engine               - profileDir: profiles/
19:15:41.814 [FXGL Background Thread 3 ] DEBUG Engine               - profileName: StringProperty [value: DEFAULT]
19:15:41.814 [FXGL Background Thread 3 ] DEBUG Engine               - randomSeed: -1
19:15:41.814 [FXGL Background Thread 3 ] DEBUG Engine               - runtimeInfo: RuntimeInfo(platform=WINDOWS, version=17+dev-SNAPSHOT, build=01.09.2022 03.33)
19:15:41.814 [FXGL Background Thread 3 ] DEBUG Engine               - saveFileExt: sav
19:15:41.814 [FXGL Background Thread 3 ] DEBUG Engine               - scaledHeightProp$fxgl: DoubleProperty [bound, value: 720.0]
19:15:41.815 [FXGL Background Thread 3 ] DEBUG Engine               - scaledWidthProp$fxgl: DoubleProperty [bound, value: 1280.0]
19:15:41.815 [FXGL Background Thread 3 ] DEBUG Engine               - sceneFactory: org.example.GameApp$1@2d0737f1
19:15:41.815 [FXGL Background Thread 3 ] DEBUG Engine               - secondsIn24h: 60
19:15:41.815 [FXGL Background Thread 3 ] DEBUG Engine               - soundMenuBack: menu/back.wav
19:15:41.815 [FXGL Background Thread 3 ] DEBUG Engine               - soundMenuPress: menu/press.wav
19:15:41.815 [FXGL Background Thread 3 ] DEBUG Engine               - soundMenuSelect: menu/select.wav
19:15:41.815 [FXGL Background Thread 3 ] DEBUG Engine               - soundNotification: core/notification.wav
19:15:41.815 [FXGL Background Thread 3 ] DEBUG Engine               - stageStyle: DECORATED
19:15:41.815 [FXGL Background Thread 3 ] DEBUG Engine               - supportedLanguages: [ENGLISH, FRENCH, GERMAN, HUNGARIAN, RUSSIAN]
19:15:41.815 [FXGL Background Thread 3 ] DEBUG Engine               - ticksPerSecond: -1
19:15:41.815 [FXGL Background Thread 3 ] DEBUG Engine               - title: Prototype Game
19:15:41.815 [FXGL Background Thread 3 ] DEBUG Engine               - urlGithub: https://github.com/AlmasB/FXGL
19:15:41.815 [FXGL Background Thread 3 ] DEBUG Engine               - urlLeaderboard: http://fxgl-top.herokuapp.com/
19:15:41.815 [FXGL Background Thread 3 ] DEBUG Engine               - urlPOM: https://raw.githubusercontent.com/AlmasB/FXGL/release/README.md
19:15:41.815 [FXGL Background Thread 3 ] DEBUG Engine               - userAppClass: class org.example.GameApp
19:15:41.815 [FXGL Background Thread 3 ] DEBUG Engine               - version: 0.1.5
19:15:41.815 [FXGL Background Thread 3 ] DEBUG Engine               - versionCheckDays: 7
19:15:41.815 [FXGL Background Thread 3 ] DEBUG Engine               - width: 1280
19:15:41.815 [FXGL Background Thread 3 ] DEBUG Engine               - Logging services
19:15:41.815 [FXGL Background Thread 3 ] DEBUG Engine               - class com.almasb.fxgl.app.services.FXGLAssetLoaderService
19:15:41.815 [FXGL Background Thread 3 ] DEBUG Engine               - class com.almasb.fxgl.app.FXGLApplication$GameApplicationService
19:15:41.815 [FXGL Background Thread 3 ] DEBUG Engine               - class com.almasb.fxgl.app.services.FXGLDialogService
19:15:41.815 [FXGL Background Thread 3 ] DEBUG Engine               - class com.almasb.fxgl.app.services.IOTaskExecutorService
19:15:41.815 [FXGL Background Thread 3 ] DEBUG Engine               - class com.almasb.fxgl.io.FileSystemService
19:15:41.815 [FXGL Background Thread 3 ] DEBUG Engine               - class com.almasb.fxgl.localization.LocalizationService
19:15:41.815 [FXGL Background Thread 3 ] DEBUG Engine               - class com.almasb.fxgl.app.services.SystemBundleService
19:15:41.816 [FXGL Background Thread 3 ] DEBUG Engine               - class com.almasb.fxgl.profile.SaveLoadService
19:15:41.816 [FXGL Background Thread 3 ] DEBUG Engine               - class com.almasb.fxgl.ui.FXGLUIFactoryServiceProvider
19:15:41.816 [FXGL Background Thread 3 ] DEBUG Engine               - class com.almasb.fxgl.ui.FXGLDialogFactoryServiceProvider
19:15:41.816 [FXGL Background Thread 3 ] DEBUG Engine               - class com.almasb.fxgl.audio.AudioPlayer
19:15:41.816 [FXGL Background Thread 3 ] DEBUG Engine               - class com.almasb.fxgl.notification.impl.NotificationServiceProvider
19:15:41.816 [FXGL Background Thread 3 ] DEBUG Engine               - class com.almasb.fxgl.achievement.AchievementService
19:15:41.816 [FXGL Background Thread 3 ] DEBUG Engine               - class com.almasb.fxgl.cutscene.CutsceneService
19:15:41.816 [FXGL Background Thread 3 ] DEBUG Engine               - class com.almasb.fxgl.minigames.MiniGameService
19:15:41.816 [FXGL Background Thread 3 ] DEBUG Engine               - class com.almasb.fxgl.net.NetService
19:15:41.816 [FXGL Background Thread 3 ] DEBUG Engine               - class com.almasb.fxgl.app.services.UpdaterService
19:15:41.816 [FXGL Background Thread 3 ] DEBUG Engine               - class com.almasb.fxgl.dev.DevService
19:15:49.197 [JavaFX Application Thread] DEBUG GameWorld            - Game world initialized
19:15:49.198 [JavaFX Application Thread] DEBUG PhysicsWorld         - Physics world initialized: appHeight=720, physics.ppm=50.0
19:15:49.198 [JavaFX Application Thread] DEBUG PhysicsWorld         - Using strategy: BRUTE_FORCE
19:15:49.198 [JavaFX Application Thread] DEBUG GameScene            - Game scene initialized: 1280x720
19:15:49.218 [JavaFX Application Thread] DEBUG PrimaryStageWindow   - Push state: MainMenuScene
19:15:49.226 [JavaFX Application Thread] DEBUG Input                - Clearing active input actions
19:15:49.229 [JavaFX Application Thread] DEBUG GameApplicationServi - Removing overlay from NameInputScene and adding to MainMenuScene
19:15:49.229 [JavaFX Application Thread] DEBUG PrimaryStageWindow   - NameInputScene -> MainMenuScene
19:15:50.220 [JavaFX Application Thread] DEBUG GameApplicationServi - Starting new game
19:15:50.221 [JavaFX Application Thread] DEBUG PrimaryStageWindow   - Pop state: MainMenuScene
19:15:50.221 [JavaFX Application Thread] DEBUG Input                - Clearing active input actions
19:15:50.222 [JavaFX Application Thread] DEBUG GameApplicationServi - Removing overlay from MainMenuScene and adding to NameInputScene
19:15:50.222 [JavaFX Application Thread] DEBUG PrimaryStageWindow   - NameInputScene <- MainMenuScene
19:15:50.222 [JavaFX Application Thread] DEBUG PrimaryStageWindow   - Pop state: NameInputScene
19:15:50.222 [JavaFX Application Thread] DEBUG Input                - Clearing active input actions
19:15:50.223 [JavaFX Application Thread] DEBUG GameApplicationServi - Removing overlay from NameInputScene and adding to FXGLMainMenuDummyScene
19:15:50.223 [JavaFX Application Thread] DEBUG PrimaryStageWindow   - FXGLMainMenuDummyScene <- NameInputScene
19:15:50.223 [JavaFX Application Thread] DEBUG Input                - Clearing active input actions
19:15:50.229 [JavaFX Application Thread] DEBUG GameApplicationServi - Removing overlay from FXGLMainMenuDummyScene and adding to FXGLLoadingScene
19:15:50.229 [JavaFX Application Thread] DEBUG PrimaryStageWindow   - FXGLMainMenuDummyScene -> FXGLLoadingScene
19:15:50.229 [JavaFX Application Thread] DEBUG GameApplicationServi - Clearing previous game
19:15:50.229 [JavaFX Application Thread] DEBUG GameScene            - Clearing game scene
19:15:50.229 [JavaFX Application Thread] DEBUG GameWorld            - Clearing game world
19:15:50.229 [JavaFX Application Thread] DEBUG PhysicsWorld         - Clearing physics world
19:15:50.232 [FXGL Background Thread 2 ] DEBUG FXGLApplication      - Initializing game
19:15:50.250 [FXGL Background Thread 2 ] DEBUG FXGLAssetLoaderServi - Loading from file system: file:/C:/Users/khein/IdeaProjects/TheOnlyException/Test/target/classes/assets/textures/dasd.png
19:15:50.279 [FXGL Background Thread 2 ] DEBUG FXGLAssetLoaderServi - Loading from file system: file:/C:/Users/khein/IdeaProjects/TheOnlyException/Test/target/classes/assets/textures/player-scaled.png
19:15:50.360 [FXGL Background Thread 2 ] INFO  FXGLApplication      - Game initialization took: 0.127 sec
19:15:50.364 [JavaFX Application Thread] DEBUG Input                - Clearing active input actions
19:15:50.368 [JavaFX Application Thread] DEBUG GameApplicationServi - Removing overlay from FXGLLoadingScene and adding to GameScene
19:15:50.368 [JavaFX Application Thread] DEBUG PrimaryStageWindow   - FXGLLoadingScene -> GameScene
19:15:51.318 [JavaFX Application Thread] DEBUG FXGLAssetLoaderServi - Loading from file system: file:/C:/Users/khein/IdeaProjects/TheOnlyException/Test/target/classes/assets/textures/MaggotWalk-scaled.png
19:15:52.551 [JavaFX Application Thread] DEBUG FXGLAssetLoaderServi - Loading from file system: file:/C:/Users/khein/IdeaProjects/TheOnlyException/Test/target/classes/assets/textures/BeetleMove-scaled.png
19:15:53.173 [JavaFX Application Thread] DEBUG FXGLAssetLoaderServi - Loading from file system: file:/C:/Users/khein/IdeaProjects/TheOnlyException/Test/target/classes/assets/textures/BeeMove-scaled.png
19:15:53.703 [JavaFX Application Thread] DEBUG FXGLAssetLoaderServi - Loading from file system: file:/C:/Users/khein/IdeaProjects/TheOnlyException/Test/target/classes/assets/textures/MantisMove-scaled.png
19:15:57.469 [JavaFX Application Thread] DEBUG PrimaryStageWindow   - Push state: DialogSubScene
19:15:57.469 [JavaFX Application Thread] DEBUG Input                - Clearing active input actions
19:15:57.471 [JavaFX Application Thread] DEBUG GameApplicationServi - Removing overlay from GameScene and adding to DialogSubScene
19:15:57.471 [JavaFX Application Thread] DEBUG PrimaryStageWindow   - GameScene -> DialogSubScene
19:15:58.433 [JavaFX Application Thread] DEBUG PrimaryStageWindow   - Pop state: DialogSubScene
19:15:58.433 [JavaFX Application Thread] DEBUG Input                - Clearing active input actions
19:15:58.433 [JavaFX Application Thread] DEBUG GameApplicationServi - Removing overlay from DialogSubScene and adding to GameScene
19:15:58.433 [JavaFX Application Thread] DEBUG PrimaryStageWindow   - GameScene <- DialogSubScene
19:16:02.888 [JavaFX Application Thread] DEBUG PrimaryStageWindow   - Push state: DialogSubScene
19:16:02.888 [JavaFX Application Thread] DEBUG Input                - Clearing active input actions
19:16:02.888 [JavaFX Application Thread] DEBUG GameApplicationServi - Removing overlay from GameScene and adding to DialogSubScene
19:16:02.889 [JavaFX Application Thread] DEBUG PrimaryStageWindow   - GameScene -> DialogSubScene
19:16:04.065 [JavaFX Application Thread] DEBUG PrimaryStageWindow   - Pop state: DialogSubScene
19:16:04.065 [JavaFX Application Thread] DEBUG Input                - Clearing active input actions
19:16:04.066 [JavaFX Application Thread] DEBUG GameApplicationServi - Removing overlay from DialogSubScene and adding to GameScene
19:16:04.066 [JavaFX Application Thread] DEBUG PrimaryStageWindow   - GameScene <- DialogSubScene
19:16:09.414 [JavaFX Application Thread] DEBUG FXGLAssetLoaderServi - Loading from file system: file:/C:/Users/khein/IdeaProjects/TheOnlyException/Test/target/classes/assets/textures/lightning_strike.png
19:16:12.593 [JavaFX Application Thread] DEBUG FXGLApplication      - Exiting FXGL
19:16:12.593 [JavaFX Application Thread] DEBUG LoopRunner           - Stopping loop
19:16:12.593 [JavaFX Application Thread] DEBUG SystemBundleService  - Saving FXGL system data
19:16:12.596 [JavaFX Application Thread] DEBUG FileSystemAccess     - Writing to: C:\Users\khein\IdeaProjects\TheOnlyException\system\fxgl.bundle
19:16:12.597 [JavaFX Application Thread] DEBUG Async                - Shutting down background threads
19:16:12.597 [JavaFX Application Thread] DEBUG PrimaryStageWindow   - Closing main window
19:16:12.619 [JavaFX Application Thread] DEBUG Logger               - Closing Logger
