14:40:59.735 [main                     ] DEBUG Logger               - Configured Logger
14:40:59.746 [main                     ] DEBUG GameApplication      - Logging settings
Title: Prototype Game
Version: 0.1.5
Width: 1280
Height: 720
Fullscreen: false
Intro: false
Profiling: false
Single step:false
App Mode: DEVELOPER
Menu Key: ESCAPE
Stage Style: DECORATED
Scene Factory: class org.example.core.GameApp$1

14:41:00.570 [JavaFX Application Thread] DEBUG FXGLApplication      - Initializing FXGL
14:41:00.576 [JavaFX Application Thread] INFO  Engine               - FXGL-21+dev-SNAPSHOT (26.03.2024 21.04) on WINDOWS (J:24 FX:21.0.1)
14:41:00.576 [JavaFX Application Thread] DEBUG Engine               - JRE Vendor Name: Oracle Corporation
14:41:00.576 [JavaFX Application Thread] DEBUG Engine               - Running on OS: Windows 10 version 10.0
14:41:00.576 [JavaFX Application Thread] DEBUG Engine               - Architecture: amd64
14:41:00.576 [JavaFX Application Thread] INFO  Engine               - Source code and latest versions at: https://github.com/AlmasB/FXGL
14:41:00.577 [JavaFX Application Thread] INFO  Engine               -       Ask questions and discuss at: https://github.com/AlmasB/FXGL/discussions
14:41:00.577 [JavaFX Application Thread] INFO  Engine               -              Join the FXGL chat at: https://gitter.im/AlmasB/FXGL
14:41:00.858 [JavaFX Application Thread] DEBUG PrimaryStageWindow   - Creating a JavaFX scene
14:41:00.971 [JavaFX Application Thread] DEBUG PrimaryStageWindow   - Target settings size: 1280.0 x 720.0
14:41:00.971 [JavaFX Application Thread] DEBUG PrimaryStageWindow   - Scaled scene size:    1280.0 x 720.0
14:41:00.971 [JavaFX Application Thread] DEBUG PrimaryStageWindow   - Scaled ratio: (1.0, 1.0)
14:41:00.972 [JavaFX Application Thread] DEBUG PrimaryStageWindow   - Set initial scene to FXGLStartupScene
14:41:00.979 [JavaFX Application Thread] DEBUG PrimaryStageWindow   - Opening main window
14:41:01.113 [JavaFX Application Thread] DEBUG PrimaryStageWindow   - Window border size: (16.0, 39.0)
14:41:01.113 [JavaFX Application Thread] DEBUG PrimaryStageWindow   - Scaled size: 1280.0 x 720.0
14:41:01.113 [JavaFX Application Thread] DEBUG PrimaryStageWindow   - Scaled ratio: (1.0, 1.0)
14:41:01.113 [JavaFX Application Thread] DEBUG PrimaryStageWindow   - Scene size: 1280.0 x 720.0
14:41:01.114 [JavaFX Application Thread] DEBUG PrimaryStageWindow   - Stage size: 1296.0 x 759.0
14:41:01.127 [FXGL Background Thread 1 ] DEBUG Engine               - Initializing environment variables
14:41:01.253 [FXGL Background Thread 1 ] DEBUG FXGLAssetLoaderServi - User app class for loading assets: class org.example.core.GameApp
14:41:01.253 [FXGL Background Thread 1 ] DEBUG GameApplicationServi - Applying CSS: fxgl_dark.css
14:41:01.255 [FXGL Background Thread 1 ] DEBUG FXGLAssetLoaderServi - Loading from file system: jar:file:/C:/Users/kurtd/.m2/repository/com/github/AlmasB/FXGL/fxgl/21.1/fxgl-21.1.jar!/fxglassets/ui/css/fxgl_dark.css
14:41:01.372 [FXGL Background Thread 1 ] DEBUG GameApplicationServi - Initializing application scenes
14:41:01.490 [FXGL Background Thread 1 ] DEBUG GameWorld            - Game world initialized
14:41:01.585 [FXGL Background Thread 1 ] DEBUG PhysicsWorld         - Physics world initialized: appHeight=720, physics.ppm=50.0
14:41:01.585 [FXGL Background Thread 1 ] DEBUG PhysicsWorld         - Using strategy: BRUTE_FORCE
14:41:01.590 [FXGL Background Thread 1 ] DEBUG GameScene            - Game scene initialized: 1280x720
14:41:02.108 [FXGL Background Thread 1 ] DEBUG GameApplicationServi - Application scenes initialized
14:41:02.142 [FXGL Background Thread 1 ] DEBUG SystemBundleService  - Loading FXGL system data
14:41:02.149 [FXGL Background Thread 1 ] DEBUG FileSystemAccess     - Reading from: C:\Users\kurtd\IdeaProjects\TheOnlyException\system\fxgl.bundle
14:41:02.163 [FXGL Background Thread 1 ] DEBUG SystemBundleService  - Bundle FXGL: {}
14:41:02.163 [FXGL Background Thread 1 ] DEBUG UpdaterService       - Checking for updates
14:41:02.183 [FXGL Background Thread 4 ] DEBUG FXGLApplication      - Loading fonts
14:41:02.185 [FXGL Background Thread 1 ] DEBUG FXGLAssetLoaderServi - Loading from file system: jar:file:/C:/Users/kurtd/.m2/repository/com/github/AlmasB/FXGL/fxgl/21.1/fxgl-21.1.jar!/fxglassets/languages/english.lang
14:41:02.188 [FXGL Background Thread 4 ] DEBUG FXGLAssetLoaderServi - Loading from file system: jar:file:/C:/Users/kurtd/.m2/repository/com/github/AlmasB/FXGL/fxgl-samples/21.1/fxgl-samples-21.1.jar!/assets/ui/fonts/VarelaRound-Regular.ttf
14:41:02.269 [FXGL Background Thread 1 ] INFO  FXGLApplication      - FXGL initialization took: 1.142 sec
14:41:02.285 [JavaFX Application Thread] DEBUG Input                - Registered new binding: action0 - A
14:41:02.286 [JavaFX Application Thread] DEBUG Input                - Registered new binding: action1 - D
14:41:02.287 [JavaFX Application Thread] DEBUG Input                - Registered new binding: action2 - W
14:41:02.287 [JavaFX Application Thread] DEBUG Input                - Registered new binding: action3 - S
14:41:02.288 [JavaFX Application Thread] DEBUG FXGLAssetLoaderServi - Loading from file system: jar:file:/C:/Users/kurtd/.m2/repository/com/github/AlmasB/FXGL/fxgl/21.1/fxgl-21.1.jar!/fxglassets/textures/fxgl_icon.png
14:41:02.436 [JavaFX Application Thread] DEBUG FXGLAssetLoaderServi - Loading from file system: jar:file:/C:/Users/kurtd/.m2/repository/com/github/AlmasB/FXGL/fxgl/21.1/fxgl-21.1.jar!/fxglassets/textures/fxgl_default_cursor.png
14:41:02.440 [JavaFX Application Thread] DEBUG Input                - Registered new binding: Screenshot - CTRL+8
14:41:02.441 [JavaFX Application Thread] DEBUG Input                - Registered new binding: System info dump - CTRL+9
14:41:02.442 [JavaFX Application Thread] DEBUG Input                - Registered new binding: Restart - CTRL+R
14:41:02.443 [JavaFX Application Thread] DEBUG Input                - Registered new binding: Toggle Debug Camera - CTRL+7
14:41:02.453 [JavaFX Application Thread] DEBUG LoopRunner           - Starting loop
14:41:02.453 [JavaFX Application Thread] DEBUG LoopRunner           - Initializing JavaFX AnimationTimerLoop
14:41:02.466 [FXGL Background Thread 4 ] DEBUG FXGLAssetLoaderServi - Loading from file system: jar:file:/C:/Users/kurtd/.m2/repository/com/github/AlmasB/FXGL/fxgl/21.1/fxgl-21.1.jar!/fxglassets/ui/fonts/Abel-Regular.ttf
14:41:02.477 [JavaFX Application Thread] DEBUG Input                - Clearing active input actions
14:41:02.487 [FXGL Background Thread 4 ] DEBUG FXGLAssetLoaderServi - Loading from file system: jar:file:/C:/Users/kurtd/.m2/repository/com/github/AlmasB/FXGL/fxgl/21.1/fxgl-21.1.jar!/fxglassets/ui/fonts/TerminalLandMono-Regular.otf
14:41:02.492 [JavaFX Application Thread] DEBUG GameApplicationServi - Removing overlay from FXGLStartupScene and adding to FXGLMainMenuDummyScene
14:41:02.493 [JavaFX Application Thread] DEBUG PrimaryStageWindow   - FXGLStartupScene -> FXGLMainMenuDummyScene
14:41:02.493 [JavaFX Application Thread] DEBUG PrimaryStageWindow   - Push state: LoginScene
14:41:02.502 [JavaFX Application Thread] DEBUG Input                - Clearing active input actions
14:41:02.526 [FXGL Background Thread 4 ] DEBUG FXGLAssetLoaderServi - Loading from file system: jar:file:/C:/Users/kurtd/.m2/repository/com/github/AlmasB/FXGL/fxgl/21.1/fxgl-21.1.jar!/fxglassets/ui/fonts/Courier-Prime.ttf
14:41:02.620 [JavaFX Application Thread] DEBUG GameApplicationServi - Removing overlay from FXGLMainMenuDummyScene and adding to LoginScene
14:41:02.620 [JavaFX Application Thread] DEBUG PrimaryStageWindow   - FXGLMainMenuDummyScene -> LoginScene
14:41:03.774 [JavaFX Application Thread] DEBUG FXGLApplication      - Registering font factories with UI factory
14:41:04.042 [FXGL Background Thread 2 ] INFO  UpdaterService       - Your current version:  21+dev-SNAPSHOT
14:41:04.042 [FXGL Background Thread 2 ] INFO  UpdaterService       - Latest stable version: 21.1
14:41:05.181 [FXGL Background Thread 3 ] DEBUG Engine               - Logging environment variables
14:41:05.181 [FXGL Background Thread 3 ] DEBUG Engine               - achievements: []
14:41:05.181 [FXGL Background Thread 3 ] DEBUG Engine               - actualHeight: 720.0
14:41:05.182 [FXGL Background Thread 3 ] DEBUG Engine               - actualHeightProperty: ReadOnlyDoubleProperty [value: 720.0]
14:41:05.182 [FXGL Background Thread 3 ] DEBUG Engine               - actualWidth: 1280.0
14:41:05.182 [FXGL Background Thread 3 ] DEBUG Engine               - actualWidthProperty: ReadOnlyDoubleProperty [value: 1280.0]
14:41:05.182 [FXGL Background Thread 3 ] DEBUG Engine               - appIcon: fxgl_icon.png
14:41:05.182 [FXGL Background Thread 3 ] DEBUG Engine               - applicationMode: DEVELOPER
14:41:05.182 [FXGL Background Thread 3 ] DEBUG Engine               - cSSList: [fxgl_dark.css]
14:41:05.182 [FXGL Background Thread 3 ] DEBUG Engine               - collisionDetectionStrategy: BRUTE_FORCE
14:41:05.182 [FXGL Background Thread 3 ] DEBUG Engine               - configClass: Optional.empty
14:41:05.184 [FXGL Background Thread 3 ] DEBUG Engine               - credits: []
14:41:05.190 [FXGL Background Thread 3 ] DEBUG Engine               - defaultCursor: CursorInfo(imageName=fxgl_default_cursor.png, hotspotX=7.0, hotspotY=6.0)
14:41:05.190 [FXGL Background Thread 3 ] DEBUG Engine               - devBBoxColorProperty: ObjectProperty [value: 0xff0000ff]
14:41:05.190 [FXGL Background Thread 3 ] DEBUG Engine               - devEnableDebugCameraProperty: BooleanProperty [value: false]
14:41:05.190 [FXGL Background Thread 3 ] DEBUG Engine               - devSensorColorProperty: ObjectProperty [value: 0xffff00ff]
14:41:05.190 [FXGL Background Thread 3 ] DEBUG Engine               - devShowBBoxProperty: BooleanProperty [value: false]
14:41:05.190 [FXGL Background Thread 3 ] DEBUG Engine               - devShowPositionProperty: BooleanProperty [value: false]
14:41:05.191 [FXGL Background Thread 3 ] DEBUG Engine               - enabledMenuItems: []
14:41:05.191 [FXGL Background Thread 3 ] DEBUG Engine               - engineServices: [class com.almasb.fxgl.app.services.FXGLAssetLoaderService, class com.almasb.fxgl.app.FXGLApplication$GameApplicationService, class com.almasb.fxgl.app.services.FXGLDialogService, class com.almasb.fxgl.app.services.IOTaskExecutorService, class com.almasb.fxgl.io.FileSystemService, class com.almasb.fxgl.localization.LocalizationService, class com.almasb.fxgl.app.services.SystemBundleService, class com.almasb.fxgl.profile.SaveLoadService, class com.almasb.fxgl.ui.FXGLUIFactoryServiceProvider, class com.almasb.fxgl.ui.FXGLDialogFactoryServiceProvider, class com.almasb.fxgl.audio.AudioPlayer, class com.almasb.fxgl.notification.impl.NotificationServiceProvider, class com.almasb.fxgl.achievement.AchievementService, class com.almasb.fxgl.cutscene.CutsceneService, class com.almasb.fxgl.minigames.MiniGameService, class com.almasb.fxgl.net.NetService, class com.almasb.fxgl.app.services.UpdaterService, class com.almasb.fxgl.dev.DevService]
14:41:05.191 [FXGL Background Thread 3 ] DEBUG Engine               - fontGame: Abel-Regular.ttf
14:41:05.191 [FXGL Background Thread 3 ] DEBUG Engine               - fontMono: TerminalLandMono-Regular.otf
14:41:05.191 [FXGL Background Thread 3 ] DEBUG Engine               - fontSizeScaleUI: 1.0
14:41:05.191 [FXGL Background Thread 3 ] DEBUG Engine               - fontText: Courier-Prime.ttf
14:41:05.191 [FXGL Background Thread 3 ] DEBUG Engine               - fontUI: VarelaRound-Regular.ttf
14:41:05.191 [FXGL Background Thread 3 ] DEBUG Engine               - fullScreen: BooleanProperty [value: false]
14:41:05.191 [FXGL Background Thread 3 ] DEBUG Engine               - gameDifficulty: MEDIUM
14:41:05.191 [FXGL Background Thread 3 ] DEBUG Engine               - gameDifficultyProperty: ObjectProperty [value: MEDIUM]
14:41:05.191 [FXGL Background Thread 3 ] DEBUG Engine               - globalMusicVolume: 0.5
14:41:05.191 [FXGL Background Thread 3 ] DEBUG Engine               - globalMusicVolumeProperty: DoubleProperty [value: 0.5]
14:41:05.192 [FXGL Background Thread 3 ] DEBUG Engine               - globalSoundVolume: 0.5
14:41:05.192 [FXGL Background Thread 3 ] DEBUG Engine               - globalSoundVolumeProperty: DoubleProperty [value: 0.5]
14:41:05.192 [FXGL Background Thread 3 ] DEBUG Engine               - height: 720
14:41:05.192 [FXGL Background Thread 3 ] DEBUG Engine               - is3D: false
14:41:05.192 [FXGL Background Thread 3 ] DEBUG Engine               - isAndroid: false
14:41:05.192 [FXGL Background Thread 3 ] DEBUG Engine               - isBrowser: false
14:41:05.192 [FXGL Background Thread 3 ] DEBUG Engine               - isClickFeedbackEnabled: false
14:41:05.192 [FXGL Background Thread 3 ] DEBUG Engine               - isCloseConfirmation: false
14:41:05.192 [FXGL Background Thread 3 ] DEBUG Engine               - isDesktop: true
14:41:05.192 [FXGL Background Thread 3 ] DEBUG Engine               - isDeveloperMenuEnabled: false
14:41:05.192 [FXGL Background Thread 3 ] DEBUG Engine               - isEmbedded: false
14:41:05.192 [FXGL Background Thread 3 ] DEBUG Engine               - isEntityPreloadEnabled: true
14:41:05.192 [FXGL Background Thread 3 ] DEBUG Engine               - isExperimentalTiledLargeMap: false
14:41:05.192 [FXGL Background Thread 3 ] DEBUG Engine               - isFileSystemWriteAllowed: true
14:41:05.192 [FXGL Background Thread 3 ] DEBUG Engine               - isFullScreenAllowed: false
14:41:05.192 [FXGL Background Thread 3 ] DEBUG Engine               - isFullScreenFromStart: false
14:41:05.192 [FXGL Background Thread 3 ] DEBUG Engine               - isGameMenuEnabled: false
14:41:05.193 [FXGL Background Thread 3 ] DEBUG Engine               - isIOS: false
14:41:05.193 [FXGL Background Thread 3 ] DEBUG Engine               - isIntroEnabled: false
14:41:05.193 [FXGL Background Thread 3 ] DEBUG Engine               - isLinux: false
14:41:05.193 [FXGL Background Thread 3 ] DEBUG Engine               - isMac: false
14:41:05.193 [FXGL Background Thread 3 ] DEBUG Engine               - isMainMenuEnabled: true
14:41:05.193 [FXGL Background Thread 3 ] DEBUG Engine               - isManualResizeEnabled: false
14:41:05.193 [FXGL Background Thread 3 ] DEBUG Engine               - isMobile: false
14:41:05.193 [FXGL Background Thread 3 ] DEBUG Engine               - isNative: false
14:41:05.193 [FXGL Background Thread 3 ] DEBUG Engine               - isPauseMusicWhenMinimized: true
14:41:05.193 [FXGL Background Thread 3 ] DEBUG Engine               - isPreserveResizeRatio: false
14:41:05.193 [FXGL Background Thread 3 ] DEBUG Engine               - isProfilingEnabled: false
14:41:05.193 [FXGL Background Thread 3 ] DEBUG Engine               - isScaleAffectedOnResize: true
14:41:05.193 [FXGL Background Thread 3 ] DEBUG Engine               - isSingleStep: false
14:41:05.193 [FXGL Background Thread 3 ] DEBUG Engine               - isUserProfileEnabled: false
14:41:05.193 [FXGL Background Thread 3 ] DEBUG Engine               - isWindows: true
14:41:05.193 [FXGL Background Thread 3 ] DEBUG Engine               - language: ObjectProperty [value: ENGLISH]
14:41:05.194 [FXGL Background Thread 3 ] DEBUG Engine               - menuKey: ESCAPE
14:41:05.194 [FXGL Background Thread 3 ] DEBUG Engine               - mouseSensitivity: 0.2
14:41:05.194 [FXGL Background Thread 3 ] DEBUG Engine               - notificationViewClass: class com.almasb.fxgl.notification.view.XboxNotificationView
14:41:05.194 [FXGL Background Thread 3 ] DEBUG Engine               - pixelsPerMeter: 50.0
14:41:05.194 [FXGL Background Thread 3 ] DEBUG Engine               - platform: WINDOWS
14:41:05.194 [FXGL Background Thread 3 ] DEBUG Engine               - prefHeightProperty: ReadOnlyDoubleProperty [value: 720.0]
14:41:05.194 [FXGL Background Thread 3 ] DEBUG Engine               - prefWidthProperty: ReadOnlyDoubleProperty [value: 1280.0]
14:41:05.194 [FXGL Background Thread 3 ] DEBUG Engine               - profileDir: profiles/
14:41:05.194 [FXGL Background Thread 3 ] DEBUG Engine               - profileName: StringProperty [value: DEFAULT]
14:41:05.194 [FXGL Background Thread 3 ] DEBUG Engine               - randomSeed: -1
14:41:05.194 [FXGL Background Thread 3 ] DEBUG Engine               - runtimeInfo: RuntimeInfo(platform=WINDOWS, version=21+dev-SNAPSHOT, build=26.03.2024 21.04)
14:41:05.194 [FXGL Background Thread 3 ] DEBUG Engine               - saveFileExt: sav
14:41:05.194 [FXGL Background Thread 3 ] DEBUG Engine               - scaledHeightProp$fxgl: DoubleProperty [bound, value: 720.0]
14:41:05.194 [FXGL Background Thread 3 ] DEBUG Engine               - scaledWidthProp$fxgl: DoubleProperty [bound, value: 1280.0]
14:41:05.194 [FXGL Background Thread 3 ] DEBUG Engine               - sceneFactory: org.example.core.GameApp$1@49405614
14:41:05.194 [FXGL Background Thread 3 ] DEBUG Engine               - secondsIn24h: 60
14:41:05.194 [FXGL Background Thread 3 ] DEBUG Engine               - soundMenuBack: menu/back.wav
14:41:05.194 [FXGL Background Thread 3 ] DEBUG Engine               - soundMenuPress: menu/press.wav
14:41:05.195 [FXGL Background Thread 3 ] DEBUG Engine               - soundMenuSelect: menu/select.wav
14:41:05.195 [FXGL Background Thread 3 ] DEBUG Engine               - soundNotification: core/notification.wav
14:41:05.195 [FXGL Background Thread 3 ] DEBUG Engine               - stageStyle: DECORATED
14:41:05.195 [FXGL Background Thread 3 ] DEBUG Engine               - supportedLanguages: [ENGLISH, FRENCH, GERMAN, HUNGARIAN, RUSSIAN]
14:41:05.195 [FXGL Background Thread 3 ] DEBUG Engine               - ticksPerSecond: -1
14:41:05.195 [FXGL Background Thread 3 ] DEBUG Engine               - title: Prototype Game
14:41:05.195 [FXGL Background Thread 3 ] DEBUG Engine               - urlGithub: https://github.com/AlmasB/FXGL
14:41:05.195 [FXGL Background Thread 3 ] DEBUG Engine               - urlLeaderboard: http://fxgl-top.herokuapp.com/
14:41:05.195 [FXGL Background Thread 3 ] DEBUG Engine               - urlPOM: https://raw.githubusercontent.com/AlmasB/FXGL/release/README.md
14:41:05.195 [FXGL Background Thread 3 ] DEBUG Engine               - userAppClass: class org.example.core.GameApp
14:41:05.195 [FXGL Background Thread 3 ] DEBUG Engine               - version: 0.1.5
14:41:05.195 [FXGL Background Thread 3 ] DEBUG Engine               - versionCheckDays: 7
14:41:05.195 [FXGL Background Thread 3 ] DEBUG Engine               - width: 1280
14:41:05.195 [FXGL Background Thread 3 ] DEBUG Engine               - Logging services
14:41:05.195 [FXGL Background Thread 3 ] DEBUG Engine               - class com.almasb.fxgl.app.services.FXGLAssetLoaderService
14:41:05.195 [FXGL Background Thread 3 ] DEBUG Engine               - class com.almasb.fxgl.app.FXGLApplication$GameApplicationService
14:41:05.195 [FXGL Background Thread 3 ] DEBUG Engine               - class com.almasb.fxgl.app.services.FXGLDialogService
14:41:05.195 [FXGL Background Thread 3 ] DEBUG Engine               - class com.almasb.fxgl.app.services.IOTaskExecutorService
14:41:05.195 [FXGL Background Thread 3 ] DEBUG Engine               - class com.almasb.fxgl.io.FileSystemService
14:41:05.195 [FXGL Background Thread 3 ] DEBUG Engine               - class com.almasb.fxgl.localization.LocalizationService
14:41:05.195 [FXGL Background Thread 3 ] DEBUG Engine               - class com.almasb.fxgl.app.services.SystemBundleService
14:41:05.195 [FXGL Background Thread 3 ] DEBUG Engine               - class com.almasb.fxgl.profile.SaveLoadService
14:41:05.195 [FXGL Background Thread 3 ] DEBUG Engine               - class com.almasb.fxgl.ui.FXGLUIFactoryServiceProvider
14:41:05.195 [FXGL Background Thread 3 ] DEBUG Engine               - class com.almasb.fxgl.ui.FXGLDialogFactoryServiceProvider
14:41:05.195 [FXGL Background Thread 3 ] DEBUG Engine               - class com.almasb.fxgl.audio.AudioPlayer
14:41:05.196 [FXGL Background Thread 3 ] DEBUG Engine               - class com.almasb.fxgl.notification.impl.NotificationServiceProvider
14:41:05.196 [FXGL Background Thread 3 ] DEBUG Engine               - class com.almasb.fxgl.achievement.AchievementService
14:41:05.196 [FXGL Background Thread 3 ] DEBUG Engine               - class com.almasb.fxgl.cutscene.CutsceneService
14:41:05.196 [FXGL Background Thread 3 ] DEBUG Engine               - class com.almasb.fxgl.minigames.MiniGameService
14:41:05.196 [FXGL Background Thread 3 ] DEBUG Engine               - class com.almasb.fxgl.net.NetService
14:41:05.196 [FXGL Background Thread 3 ] DEBUG Engine               - class com.almasb.fxgl.app.services.UpdaterService
14:41:05.196 [FXGL Background Thread 3 ] DEBUG Engine               - class com.almasb.fxgl.dev.DevService
14:41:14.133 [JavaFX Application Thread] DEBUG GameWorld            - Game world initialized
14:41:14.134 [JavaFX Application Thread] DEBUG PhysicsWorld         - Physics world initialized: appHeight=720, physics.ppm=50.0
14:41:14.134 [JavaFX Application Thread] DEBUG PhysicsWorld         - Using strategy: BRUTE_FORCE
14:41:14.135 [JavaFX Application Thread] DEBUG GameScene            - Game scene initialized: 1280x720
14:41:14.176 [JavaFX Application Thread] DEBUG PrimaryStageWindow   - Push state: MainMenuScene
14:41:14.183 [JavaFX Application Thread] DEBUG Input                - Clearing active input actions
14:41:14.187 [JavaFX Application Thread] DEBUG GameApplicationServi - Removing overlay from LoginScene and adding to MainMenuScene
14:41:14.188 [JavaFX Application Thread] DEBUG PrimaryStageWindow   - LoginScene -> MainMenuScene
14:41:14.198 [JavaFX Application Thread] DEBUG GameWorld            - Game world initialized
14:41:14.199 [JavaFX Application Thread] DEBUG PhysicsWorld         - Physics world initialized: appHeight=720, physics.ppm=50.0
14:41:14.199 [JavaFX Application Thread] DEBUG PhysicsWorld         - Using strategy: BRUTE_FORCE
14:41:14.200 [JavaFX Application Thread] DEBUG GameScene            - Game scene initialized: 1280x720
14:41:14.256 [JavaFX Application Thread] DEBUG PrimaryStageWindow   - Push state: MainMenuScene
14:41:14.340 [JavaFX Application Thread] DEBUG Input                - Clearing active input actions
14:41:14.341 [JavaFX Application Thread] DEBUG GameApplicationServi - Removing overlay from MainMenuScene and adding to MainMenuScene
14:41:14.342 [JavaFX Application Thread] DEBUG PrimaryStageWindow   - MainMenuScene -> MainMenuScene
14:41:17.370 [JavaFX Application Thread] DEBUG GameApplicationServi - Starting new game
14:41:17.371 [JavaFX Application Thread] DEBUG PrimaryStageWindow   - Pop state: MainMenuScene
14:41:17.372 [JavaFX Application Thread] DEBUG Input                - Clearing active input actions
14:41:17.373 [JavaFX Application Thread] DEBUG GameApplicationServi - Removing overlay from MainMenuScene and adding to MainMenuScene
14:41:17.373 [JavaFX Application Thread] DEBUG PrimaryStageWindow   - MainMenuScene <- MainMenuScene
14:41:17.373 [JavaFX Application Thread] DEBUG PrimaryStageWindow   - Pop state: MainMenuScene
14:41:17.373 [JavaFX Application Thread] DEBUG Input                - Clearing active input actions
14:41:17.374 [JavaFX Application Thread] DEBUG GameApplicationServi - Removing overlay from MainMenuScene and adding to LoginScene
14:41:17.374 [JavaFX Application Thread] DEBUG PrimaryStageWindow   - LoginScene <- MainMenuScene
14:41:17.830 [JavaFX Application Thread] DEBUG PrimaryStageWindow   - Pop state: LoginScene
14:41:17.830 [JavaFX Application Thread] DEBUG Input                - Clearing active input actions
14:41:17.830 [JavaFX Application Thread] DEBUG GameApplicationServi - Removing overlay from LoginScene and adding to FXGLMainMenuDummyScene
14:41:17.831 [JavaFX Application Thread] DEBUG PrimaryStageWindow   - FXGLMainMenuDummyScene <- LoginScene
14:41:17.831 [JavaFX Application Thread] DEBUG Input                - Clearing active input actions
14:41:17.843 [JavaFX Application Thread] DEBUG GameApplicationServi - Removing overlay from FXGLMainMenuDummyScene and adding to FXGLLoadingScene
14:41:17.844 [JavaFX Application Thread] DEBUG PrimaryStageWindow   - FXGLMainMenuDummyScene -> FXGLLoadingScene
14:41:17.844 [JavaFX Application Thread] DEBUG GameApplicationServi - Clearing previous game
14:41:17.844 [JavaFX Application Thread] DEBUG GameScene            - Clearing game scene
14:41:17.844 [JavaFX Application Thread] DEBUG GameWorld            - Clearing game world
14:41:17.844 [JavaFX Application Thread] DEBUG PhysicsWorld         - Clearing physics world
14:41:17.847 [FXGL Background Thread 2 ] DEBUG FXGLApplication      - Initializing game
14:41:17.870 [FXGL Background Thread 2 ] DEBUG FXGLAssetLoaderServi - Loading from file system: file:/C:/Users/kurtd/IdeaProjects/TheOnlyException/Test/target/classes/assets/textures/worlda.png
14:41:18.017 [FXGL Background Thread 2 ] DEBUG FXGLAssetLoaderServi - Loading from file system: file:/C:/Users/kurtd/IdeaProjects/TheOnlyException/Test/target/classes/assets/textures/player-scaled.png
14:41:18.153 [FXGL Background Thread 2 ] INFO  FXGLApplication      - Game initialization took: 0.306 sec
14:41:18.153 [JavaFX Application Thread] DEBUG Input                - Clearing active input actions
14:41:18.170 [JavaFX Application Thread] DEBUG GameApplicationServi - Removing overlay from FXGLLoadingScene and adding to GameScene
14:41:18.170 [JavaFX Application Thread] DEBUG PrimaryStageWindow   - FXGLLoadingScene -> GameScene
14:41:19.476 [JavaFX Application Thread] DEBUG FXGLAssetLoaderServi - Loading from file system: file:/C:/Users/kurtd/IdeaProjects/TheOnlyException/Test/target/classes/assets/textures/MaggotWalk-scaled.png
14:41:19.487 [JavaFX Application Thread] DEBUG FXGLAssetLoaderServi - Loading from file system: file:/C:/Users/kurtd/IdeaProjects/TheOnlyException/Test/target/classes/assets/textures/BeetleMove-scaled.png
14:41:19.498 [JavaFX Application Thread] DEBUG FXGLAssetLoaderServi - Loading from file system: file:/C:/Users/kurtd/IdeaProjects/TheOnlyException/Test/target/classes/assets/textures/MantisMove-scaled.png
14:41:19.503 [JavaFX Application Thread] DEBUG FXGLAssetLoaderServi - Loading from file system: file:/C:/Users/kurtd/IdeaProjects/TheOnlyException/Test/target/classes/assets/textures/BeeMove-scaled.png
14:41:19.506 [JavaFX Application Thread] DEBUG FXGLAssetLoaderServi - Loading from file system: file:/C:/Users/kurtd/IdeaProjects/TheOnlyException/Test/target/classes/assets/textures/GiantFly.png
14:41:19.510 [JavaFX Application Thread] DEBUG FXGLAssetLoaderServi - Loading from file system: file:/C:/Users/kurtd/IdeaProjects/TheOnlyException/Test/target/classes/assets/textures/DragonFly.png
14:41:26.438 [JavaFX Application Thread] DEBUG FXGLAssetLoaderServi - Loading from file system: file:/C:/Users/kurtd/IdeaProjects/TheOnlyException/Test/target/classes/assets/textures/smolderprotocol.png
14:41:26.482 [JavaFX Application Thread] DEBUG PrimaryStageWindow   - Push state: DialogSubScene
14:41:26.482 [JavaFX Application Thread] DEBUG Input                - Clearing active input actions
14:41:26.485 [JavaFX Application Thread] DEBUG GameApplicationServi - Removing overlay from GameScene and adding to DialogSubScene
14:41:26.485 [JavaFX Application Thread] DEBUG PrimaryStageWindow   - GameScene -> DialogSubScene
14:41:27.321 [JavaFX Application Thread] DEBUG PrimaryStageWindow   - Pop state: DialogSubScene
14:41:27.321 [JavaFX Application Thread] DEBUG Input                - Clearing active input actions
14:41:27.322 [JavaFX Application Thread] DEBUG GameApplicationServi - Removing overlay from DialogSubScene and adding to GameScene
14:41:27.322 [JavaFX Application Thread] DEBUG PrimaryStageWindow   - GameScene <- DialogSubScene
14:41:27.597 [JavaFX Application Thread] DEBUG FXGLAssetLoaderServi - Loading from file system: file:/C:/Users/kurtd/IdeaProjects/TheOnlyException/Test/target/classes/assets/textures/smolder.png
14:41:35.043 [JavaFX Application Thread] DEBUG PrimaryStageWindow   - Push state: DialogSubScene
14:41:35.043 [JavaFX Application Thread] DEBUG Input                - Clearing active input actions
14:41:35.044 [JavaFX Application Thread] DEBUG GameApplicationServi - Removing overlay from GameScene and adding to DialogSubScene
14:41:35.044 [JavaFX Application Thread] DEBUG PrimaryStageWindow   - GameScene -> DialogSubScene
14:41:35.961 [JavaFX Application Thread] DEBUG PrimaryStageWindow   - Pop state: DialogSubScene
14:41:35.961 [JavaFX Application Thread] DEBUG Input                - Clearing active input actions
14:41:35.961 [JavaFX Application Thread] DEBUG GameApplicationServi - Removing overlay from DialogSubScene and adding to GameScene
14:41:35.961 [JavaFX Application Thread] DEBUG PrimaryStageWindow   - GameScene <- DialogSubScene
14:41:39.618 [JavaFX Application Thread] DEBUG PrimaryStageWindow   - Push state: DialogSubScene
14:41:39.618 [JavaFX Application Thread] DEBUG Input                - Clearing active input actions
14:41:39.619 [JavaFX Application Thread] DEBUG GameApplicationServi - Removing overlay from GameScene and adding to DialogSubScene
14:41:39.619 [JavaFX Application Thread] DEBUG PrimaryStageWindow   - GameScene -> DialogSubScene
14:41:40.560 [JavaFX Application Thread] DEBUG PrimaryStageWindow   - Pop state: DialogSubScene
14:41:40.561 [JavaFX Application Thread] DEBUG Input                - Clearing active input actions
14:41:40.561 [JavaFX Application Thread] DEBUG GameApplicationServi - Removing overlay from DialogSubScene and adding to GameScene
14:41:40.561 [JavaFX Application Thread] DEBUG PrimaryStageWindow   - GameScene <- DialogSubScene
14:41:44.579 [JavaFX Application Thread] DEBUG PrimaryStageWindow   - Push state: DialogSubScene
14:41:44.579 [JavaFX Application Thread] DEBUG Input                - Clearing active input actions
14:41:44.580 [JavaFX Application Thread] DEBUG GameApplicationServi - Removing overlay from GameScene and adding to DialogSubScene
14:41:44.580 [JavaFX Application Thread] DEBUG PrimaryStageWindow   - GameScene -> DialogSubScene
14:41:45.321 [JavaFX Application Thread] DEBUG PrimaryStageWindow   - Pop state: DialogSubScene
14:41:45.321 [JavaFX Application Thread] DEBUG Input                - Clearing active input actions
14:41:45.322 [JavaFX Application Thread] DEBUG GameApplicationServi - Removing overlay from DialogSubScene and adding to GameScene
14:41:45.322 [JavaFX Application Thread] DEBUG PrimaryStageWindow   - GameScene <- DialogSubScene
14:41:51.937 [JavaFX Application Thread] DEBUG PrimaryStageWindow   - Push state: DialogSubScene
14:41:51.937 [JavaFX Application Thread] DEBUG Input                - Clearing active input actions
14:41:51.938 [JavaFX Application Thread] DEBUG GameApplicationServi - Removing overlay from GameScene and adding to DialogSubScene
14:41:51.938 [JavaFX Application Thread] DEBUG PrimaryStageWindow   - GameScene -> DialogSubScene
14:41:52.745 [JavaFX Application Thread] DEBUG PrimaryStageWindow   - Pop state: DialogSubScene
14:41:52.745 [JavaFX Application Thread] DEBUG Input                - Clearing active input actions
14:41:52.746 [JavaFX Application Thread] DEBUG GameApplicationServi - Removing overlay from DialogSubScene and adding to GameScene
14:41:52.746 [JavaFX Application Thread] DEBUG PrimaryStageWindow   - GameScene <- DialogSubScene
14:42:03.250 [JavaFX Application Thread] DEBUG PrimaryStageWindow   - Push state: DialogSubScene
14:42:03.250 [JavaFX Application Thread] DEBUG Input                - Clearing active input actions
14:42:03.250 [JavaFX Application Thread] DEBUG GameApplicationServi - Removing overlay from GameScene and adding to DialogSubScene
14:42:03.250 [JavaFX Application Thread] DEBUG PrimaryStageWindow   - GameScene -> DialogSubScene
14:42:54.336 [JavaFX Application Thread] DEBUG PrimaryStageWindow   - Pop state: DialogSubScene
14:42:54.336 [JavaFX Application Thread] DEBUG Input                - Clearing active input actions
14:42:54.337 [JavaFX Application Thread] DEBUG GameApplicationServi - Removing overlay from DialogSubScene and adding to GameScene
14:42:54.337 [JavaFX Application Thread] DEBUG PrimaryStageWindow   - GameScene <- DialogSubScene
14:43:02.708 [JavaFX Application Thread] DEBUG PrimaryStageWindow   - Push state: DialogSubScene
14:43:02.708 [JavaFX Application Thread] DEBUG Input                - Clearing active input actions
14:43:02.709 [JavaFX Application Thread] DEBUG GameApplicationServi - Removing overlay from GameScene and adding to DialogSubScene
14:43:02.709 [JavaFX Application Thread] DEBUG PrimaryStageWindow   - GameScene -> DialogSubScene
14:43:03.514 [JavaFX Application Thread] DEBUG PrimaryStageWindow   - Pop state: DialogSubScene
14:43:03.514 [JavaFX Application Thread] DEBUG Input                - Clearing active input actions
14:43:03.514 [JavaFX Application Thread] DEBUG GameApplicationServi - Removing overlay from DialogSubScene and adding to GameScene
14:43:03.514 [JavaFX Application Thread] DEBUG PrimaryStageWindow   - GameScene <- DialogSubScene
14:43:11.255 [JavaFX Application Thread] DEBUG LoopRunner           - Pausing loop
14:43:13.481 [JavaFX Application Thread] DEBUG LoopRunner           - Resuming loop
14:43:13.485 [JavaFX Application Thread] DEBUG GameWorld            - Game world initialized
14:43:13.486 [JavaFX Application Thread] DEBUG PhysicsWorld         - Physics world initialized: appHeight=720, physics.ppm=50.0
14:43:13.486 [JavaFX Application Thread] DEBUG PhysicsWorld         - Using strategy: BRUTE_FORCE
14:43:13.487 [JavaFX Application Thread] DEBUG GameScene            - Game scene initialized: 1280x720
14:43:13.502 [JavaFX Application Thread] DEBUG PrimaryStageWindow   - Push state: MainMenuScene
14:43:13.510 [JavaFX Application Thread] DEBUG Input                - Clearing active input actions
14:43:13.512 [JavaFX Application Thread] DEBUG GameApplicationServi - Removing overlay from GameScene and adding to MainMenuScene
14:43:13.513 [JavaFX Application Thread] DEBUG PrimaryStageWindow   - GameScene -> MainMenuScene
14:43:15.984 [JavaFX Application Thread] DEBUG GameApplicationServi - Starting new game
14:43:15.984 [JavaFX Application Thread] DEBUG PrimaryStageWindow   - Pop state: MainMenuScene
14:43:15.984 [JavaFX Application Thread] DEBUG Input                - Clearing active input actions
14:43:15.985 [JavaFX Application Thread] DEBUG GameApplicationServi - Removing overlay from MainMenuScene and adding to GameScene
14:43:15.985 [JavaFX Application Thread] DEBUG PrimaryStageWindow   - GameScene <- MainMenuScene
14:43:15.985 [JavaFX Application Thread] DEBUG Input                - Clearing active input actions
14:43:15.996 [JavaFX Application Thread] DEBUG GameApplicationServi - Removing overlay from GameScene and adding to FXGLLoadingScene
14:43:15.996 [JavaFX Application Thread] DEBUG PrimaryStageWindow   - GameScene -> FXGLLoadingScene
14:43:15.996 [JavaFX Application Thread] DEBUG GameApplicationServi - Clearing previous game
14:43:15.996 [JavaFX Application Thread] DEBUG GameScene            - Clearing game scene
14:43:15.996 [JavaFX Application Thread] DEBUG GameWorld            - Clearing game world
14:43:16.000 [JavaFX Application Thread] DEBUG PhysicsWorld         - Clearing physics world
14:43:16.031 [FXGL Background Thread 5 ] DEBUG FXGLApplication      - Initializing game
14:43:16.036 [FXGL Background Thread 5 ] INFO  FXGLApplication      - Game initialization took: 0.005 sec
14:43:16.046 [JavaFX Application Thread] DEBUG Input                - Clearing active input actions
14:43:16.055 [JavaFX Application Thread] DEBUG GameApplicationServi - Removing overlay from FXGLLoadingScene and adding to GameScene
14:43:16.055 [JavaFX Application Thread] DEBUG PrimaryStageWindow   - FXGLLoadingScene -> GameScene
14:43:28.240 [JavaFX Application Thread] DEBUG PrimaryStageWindow   - Push state: DialogSubScene
14:43:28.240 [JavaFX Application Thread] DEBUG Input                - Clearing active input actions
14:43:28.241 [JavaFX Application Thread] DEBUG GameApplicationServi - Removing overlay from GameScene and adding to DialogSubScene
14:43:28.241 [JavaFX Application Thread] DEBUG PrimaryStageWindow   - GameScene -> DialogSubScene
14:43:28.977 [JavaFX Application Thread] DEBUG PrimaryStageWindow   - Pop state: DialogSubScene
14:43:28.977 [JavaFX Application Thread] DEBUG Input                - Clearing active input actions
14:43:28.978 [JavaFX Application Thread] DEBUG GameApplicationServi - Removing overlay from DialogSubScene and adding to GameScene
14:43:28.978 [JavaFX Application Thread] DEBUG PrimaryStageWindow   - GameScene <- DialogSubScene
14:43:35.520 [JavaFX Application Thread] DEBUG PrimaryStageWindow   - Push state: DialogSubScene
14:43:35.520 [JavaFX Application Thread] DEBUG Input                - Clearing active input actions
14:43:35.521 [JavaFX Application Thread] DEBUG GameApplicationServi - Removing overlay from GameScene and adding to DialogSubScene
14:43:35.521 [JavaFX Application Thread] DEBUG PrimaryStageWindow   - GameScene -> DialogSubScene
14:43:36.704 [JavaFX Application Thread] DEBUG PrimaryStageWindow   - Pop state: DialogSubScene
14:43:36.704 [JavaFX Application Thread] DEBUG Input                - Clearing active input actions
14:43:36.704 [JavaFX Application Thread] DEBUG GameApplicationServi - Removing overlay from DialogSubScene and adding to GameScene
14:43:36.705 [JavaFX Application Thread] DEBUG PrimaryStageWindow   - GameScene <- DialogSubScene
14:43:39.937 [JavaFX Application Thread] DEBUG PrimaryStageWindow   - Push state: DialogSubScene
14:43:39.937 [JavaFX Application Thread] DEBUG Input                - Clearing active input actions
14:43:39.937 [JavaFX Application Thread] DEBUG GameApplicationServi - Removing overlay from GameScene and adding to DialogSubScene
14:43:39.937 [JavaFX Application Thread] DEBUG PrimaryStageWindow   - GameScene -> DialogSubScene
14:43:41.232 [JavaFX Application Thread] DEBUG PrimaryStageWindow   - Pop state: DialogSubScene
14:43:41.232 [JavaFX Application Thread] DEBUG Input                - Clearing active input actions
14:43:41.233 [JavaFX Application Thread] DEBUG GameApplicationServi - Removing overlay from DialogSubScene and adding to GameScene
14:43:41.233 [JavaFX Application Thread] DEBUG PrimaryStageWindow   - GameScene <- DialogSubScene
14:43:45.633 [JavaFX Application Thread] DEBUG PrimaryStageWindow   - Push state: DialogSubScene
14:43:45.633 [JavaFX Application Thread] DEBUG Input                - Clearing active input actions
14:43:45.633 [JavaFX Application Thread] DEBUG GameApplicationServi - Removing overlay from GameScene and adding to DialogSubScene
14:43:45.633 [JavaFX Application Thread] DEBUG PrimaryStageWindow   - GameScene -> DialogSubScene
14:43:46.800 [JavaFX Application Thread] DEBUG PrimaryStageWindow   - Pop state: DialogSubScene
14:43:46.800 [JavaFX Application Thread] DEBUG Input                - Clearing active input actions
14:43:46.801 [JavaFX Application Thread] DEBUG GameApplicationServi - Removing overlay from DialogSubScene and adding to GameScene
14:43:46.801 [JavaFX Application Thread] DEBUG PrimaryStageWindow   - GameScene <- DialogSubScene
14:43:53.009 [JavaFX Application Thread] DEBUG PrimaryStageWindow   - Push state: DialogSubScene
14:43:53.009 [JavaFX Application Thread] DEBUG Input                - Clearing active input actions
14:43:53.010 [JavaFX Application Thread] DEBUG GameApplicationServi - Removing overlay from GameScene and adding to DialogSubScene
14:43:53.010 [JavaFX Application Thread] DEBUG PrimaryStageWindow   - GameScene -> DialogSubScene
14:43:53.713 [JavaFX Application Thread] DEBUG PrimaryStageWindow   - Pop state: DialogSubScene
14:43:53.713 [JavaFX Application Thread] DEBUG Input                - Clearing active input actions
14:43:53.713 [JavaFX Application Thread] DEBUG GameApplicationServi - Removing overlay from DialogSubScene and adding to GameScene
14:43:53.713 [JavaFX Application Thread] DEBUG PrimaryStageWindow   - GameScene <- DialogSubScene
14:43:59.681 [JavaFX Application Thread] DEBUG PrimaryStageWindow   - Push state: DialogSubScene
14:43:59.681 [JavaFX Application Thread] DEBUG Input                - Clearing active input actions
14:43:59.681 [JavaFX Application Thread] DEBUG GameApplicationServi - Removing overlay from GameScene and adding to DialogSubScene
14:43:59.681 [JavaFX Application Thread] DEBUG PrimaryStageWindow   - GameScene -> DialogSubScene
14:44:01.033 [JavaFX Application Thread] DEBUG PrimaryStageWindow   - Pop state: DialogSubScene
14:44:01.033 [JavaFX Application Thread] DEBUG Input                - Clearing active input actions
14:44:01.033 [JavaFX Application Thread] DEBUG GameApplicationServi - Removing overlay from DialogSubScene and adding to GameScene
14:44:01.033 [JavaFX Application Thread] DEBUG PrimaryStageWindow   - GameScene <- DialogSubScene
14:44:09.747 [JavaFX Application Thread] DEBUG PrimaryStageWindow   - Push state: DialogSubScene
14:44:09.747 [JavaFX Application Thread] DEBUG Input                - Clearing active input actions
14:44:09.748 [JavaFX Application Thread] DEBUG GameApplicationServi - Removing overlay from GameScene and adding to DialogSubScene
14:44:09.748 [JavaFX Application Thread] DEBUG PrimaryStageWindow   - GameScene -> DialogSubScene
14:44:10.505 [JavaFX Application Thread] DEBUG PrimaryStageWindow   - Pop state: DialogSubScene
14:44:10.505 [JavaFX Application Thread] DEBUG Input                - Clearing active input actions
14:44:10.505 [JavaFX Application Thread] DEBUG GameApplicationServi - Removing overlay from DialogSubScene and adding to GameScene
14:44:10.505 [JavaFX Application Thread] DEBUG PrimaryStageWindow   - GameScene <- DialogSubScene
14:44:22.177 [JavaFX Application Thread] DEBUG PrimaryStageWindow   - Push state: DialogSubScene
14:44:22.177 [JavaFX Application Thread] DEBUG Input                - Clearing active input actions
14:44:22.177 [JavaFX Application Thread] DEBUG GameApplicationServi - Removing overlay from GameScene and adding to DialogSubScene
14:44:22.177 [JavaFX Application Thread] DEBUG PrimaryStageWindow   - GameScene -> DialogSubScene
14:44:23.376 [JavaFX Application Thread] DEBUG PrimaryStageWindow   - Pop state: DialogSubScene
14:44:23.377 [JavaFX Application Thread] DEBUG Input                - Clearing active input actions
14:44:23.377 [JavaFX Application Thread] DEBUG GameApplicationServi - Removing overlay from DialogSubScene and adding to GameScene
14:44:23.377 [JavaFX Application Thread] DEBUG PrimaryStageWindow   - GameScene <- DialogSubScene
14:44:33.588 [JavaFX Application Thread] DEBUG PrimaryStageWindow   - Push state: DialogSubScene
14:44:33.588 [JavaFX Application Thread] DEBUG Input                - Clearing active input actions
14:44:33.588 [JavaFX Application Thread] DEBUG GameApplicationServi - Removing overlay from GameScene and adding to DialogSubScene
14:44:33.588 [JavaFX Application Thread] DEBUG PrimaryStageWindow   - GameScene -> DialogSubScene
14:44:34.444 [JavaFX Application Thread] DEBUG PrimaryStageWindow   - Pop state: DialogSubScene
14:44:34.444 [JavaFX Application Thread] DEBUG Input                - Clearing active input actions
14:44:34.444 [JavaFX Application Thread] DEBUG GameApplicationServi - Removing overlay from DialogSubScene and adding to GameScene
14:44:34.444 [JavaFX Application Thread] DEBUG PrimaryStageWindow   - GameScene <- DialogSubScene
14:44:47.047 [JavaFX Application Thread] DEBUG PrimaryStageWindow   - Push state: DialogSubScene
14:44:47.047 [JavaFX Application Thread] DEBUG Input                - Clearing active input actions
14:44:47.047 [JavaFX Application Thread] DEBUG GameApplicationServi - Removing overlay from GameScene and adding to DialogSubScene
14:44:47.048 [JavaFX Application Thread] DEBUG PrimaryStageWindow   - GameScene -> DialogSubScene
14:44:48.109 [JavaFX Application Thread] DEBUG PrimaryStageWindow   - Pop state: DialogSubScene
14:44:48.110 [JavaFX Application Thread] DEBUG Input                - Clearing active input actions
14:44:48.110 [JavaFX Application Thread] DEBUG GameApplicationServi - Removing overlay from DialogSubScene and adding to GameScene
14:44:48.110 [JavaFX Application Thread] DEBUG PrimaryStageWindow   - GameScene <- DialogSubScene
14:44:56.609 [JavaFX Application Thread] DEBUG FXGLApplication      - Exiting FXGL
14:44:56.609 [JavaFX Application Thread] DEBUG LoopRunner           - Stopping loop
14:44:56.609 [JavaFX Application Thread] DEBUG SystemBundleService  - Saving FXGL system data
14:44:56.611 [JavaFX Application Thread] DEBUG FileSystemAccess     - Writing to: C:\Users\kurtd\IdeaProjects\TheOnlyException\system\fxgl.bundle
14:44:56.612 [JavaFX Application Thread] DEBUG Async                - Shutting down background threads
14:44:56.612 [JavaFX Application Thread] DEBUG PrimaryStageWindow   - Closing main window
14:44:56.623 [JavaFX Application Thread] DEBUG Logger               - Closing Logger
