21:00:18.924 [main                     ] DEBUG Logger               - Configured Logger
21:00:18.928 [main                     ] DEBUG GameApplication      - Logging settings
Title: Prototype
Version: 0.1
Width: 1280
Height: 720
Fullscreen: false
Intro: false
Profiling: false
Single step:false
App Mode: DEVELOPER
Menu Key: ESCAPE
Stage Style: DECORATED
Scene Factory: class com.almasb.fxgl.app.scene.SceneFactory

21:00:19.335 [JavaFX Application Thread] DEBUG FXGLApplication      - Initializing FXGL
21:00:19.338 [JavaFX Application Thread] INFO  Engine               - FXGL-17+dev-SNAPSHOT (23.08.2022 11.12) on WINDOWS (J:24 FX:18)
21:00:19.338 [JavaFX Application Thread] DEBUG Engine               - JRE Vendor Name: Oracle Corporation
21:00:19.338 [JavaFX Application Thread] DEBUG Engine               - Running on OS: Windows 11 version 10.0
21:00:19.338 [JavaFX Application Thread] DEBUG Engine               - Architecture: amd64
21:00:19.338 [JavaFX Application Thread] INFO  Engine               - Source code and latest versions at: https://github.com/AlmasB/FXGL
21:00:19.339 [JavaFX Application Thread] INFO  Engine               -       Ask questions and discuss at: https://github.com/AlmasB/FXGL/discussions
21:00:19.339 [JavaFX Application Thread] INFO  Engine               -              Join the FXGL chat at: https://gitter.im/AlmasB/FXGL
21:00:19.431 [JavaFX Application Thread] DEBUG PrimaryStageWindow   - Creating a JavaFX scene
21:00:19.479 [JavaFX Application Thread] DEBUG PrimaryStageWindow   - Target settings size: 1280.0 x 720.0
21:00:19.479 [JavaFX Application Thread] DEBUG PrimaryStageWindow   - Scaled scene size:    1280.0 x 720.0
21:00:19.479 [JavaFX Application Thread] DEBUG PrimaryStageWindow   - Scaled ratio: (1.0, 1.0)
21:00:19.481 [JavaFX Application Thread] DEBUG PrimaryStageWindow   - Set initial scene to FXGLStartupScene
21:00:19.495 [JavaFX Application Thread] DEBUG PrimaryStageWindow   - Opening main window
21:00:19.606 [JavaFX Application Thread] DEBUG PrimaryStageWindow   - Window border size: (16.0, 39.0)
21:00:19.606 [JavaFX Application Thread] DEBUG PrimaryStageWindow   - Scaled size: 1280.0 x 720.0
21:00:19.606 [JavaFX Application Thread] DEBUG PrimaryStageWindow   - Scaled ratio: (1.0, 1.0)
21:00:19.606 [JavaFX Application Thread] DEBUG PrimaryStageWindow   - Scene size: 1280.0 x 720.0
21:00:19.606 [JavaFX Application Thread] DEBUG PrimaryStageWindow   - Stage size: 1296.0 x 759.0
21:00:19.613 [FXGL Background Thread 1 ] DEBUG Engine               - Initializing environment variables
21:00:19.652 [FXGL Background Thread 1 ] DEBUG FXGLAssetLoaderServi - User app class for loading assets: class org.example.GameApp
21:00:19.653 [FXGL Background Thread 1 ] DEBUG GameApplicationServi - Applying CSS: fxgl_dark.css
21:00:19.653 [FXGL Background Thread 1 ] DEBUG FXGLAssetLoaderServi - Loading from file system: jar:file:/C:/Users/primzcm/.m2/repository/com/github/almasb/fxgl/fxgl/17.2/fxgl-17.2.jar!/fxglassets/ui/css/fxgl_dark.css
21:00:19.700 [FXGL Background Thread 1 ] DEBUG GameApplicationServi - Initializing application scenes
21:00:19.737 [FXGL Background Thread 1 ] DEBUG GameWorld            - Game world initialized
21:00:19.785 [FXGL Background Thread 1 ] DEBUG PhysicsWorld         - Physics world initialized: appHeight=720, physics.ppm=50.0
21:00:19.785 [FXGL Background Thread 1 ] DEBUG PhysicsWorld         - Using strategy: BRUTE_FORCE
21:00:19.789 [FXGL Background Thread 1 ] DEBUG GameScene            - Game scene initialized: 1280x720
21:00:19.797 [FXGL Background Thread 1 ] DEBUG FXGL.DefaultMenu     - createMenuBodyGameMenu()
21:00:19.810 [FXGL Background Thread 1 ] DEBUG FXGL.DefaultMenu     - createOptionsMenu()
21:00:19.819 [FXGL Background Thread 1 ] DEBUG FXGLAssetLoaderServi - Loading from file system: jar:file:/C:/Users/primzcm/.m2/repository/com/github/almasb/fxgl/fxgl/17.2/fxgl-17.2.jar!/fxglassets/textures/particles/smoke.png
21:00:19.891 [FXGL Background Thread 1 ] DEBUG FXGLAssetLoaderServi - Loading from file system: jar:file:/C:/Users/primzcm/.m2/repository/com/github/almasb/fxgl/fxgl/17.2/fxgl-17.2.jar!/fxglassets/textures/particles/trace_horizontal.png
21:00:19.916 [FXGL Background Thread 1 ] DEBUG GameApplicationServi - Application scenes initialized
21:00:19.924 [FXGL Background Thread 1 ] DEBUG SystemBundleService  - Loading FXGL system data
21:00:19.925 [FXGL Background Thread 1 ] DEBUG FileSystemAccess     - Reading from: F:\my files\School\2nd year 2nd sem\TheOnlyException\system\fxgl.bundle
21:00:19.928 [FXGL Background Thread 1 ] DEBUG SystemBundleService  - Bundle FXGL: {}
21:00:19.928 [FXGL Background Thread 1 ] DEBUG UpdaterService       - Checking for updates
21:00:19.930 [FXGL Background Thread 4 ] DEBUG FXGLApplication      - Loading fonts
21:00:19.931 [FXGL Background Thread 1 ] DEBUG FXGLApplication      - Loading default localization
21:00:19.931 [FXGL Background Thread 4 ] DEBUG FXGLAssetLoaderServi - Loading from file system: jar:file:/C:/Users/primzcm/.m2/repository/com/github/almasb/fxgl/fxgl/17.2/fxgl-17.2.jar!/fxglassets/ui/fonts/VarelaRound-Regular.ttf
21:00:19.931 [FXGL Background Thread 1 ] DEBUG FXGLAssetLoaderServi - Loading from file system: jar:file:/C:/Users/primzcm/.m2/repository/com/github/almasb/fxgl/fxgl/17.2/fxgl-17.2.jar!/fxglassets/languages/english.lang
21:00:19.937 [FXGL Background Thread 4 ] DEBUG FXGLAssetLoaderServi - Loading from file system: jar:file:/C:/Users/primzcm/.m2/repository/com/github/almasb/fxgl/fxgl/17.2/fxgl-17.2.jar!/fxglassets/ui/fonts/Abel-Regular.ttf
21:00:19.939 [FXGL Background Thread 4 ] DEBUG FXGLAssetLoaderServi - Loading from file system: jar:file:/C:/Users/primzcm/.m2/repository/com/github/almasb/fxgl/fxgl/17.2/fxgl-17.2.jar!/fxglassets/ui/fonts/TerminalLandMono-Regular.otf
21:00:19.941 [FXGL Background Thread 4 ] DEBUG FXGLAssetLoaderServi - Loading from file system: jar:file:/C:/Users/primzcm/.m2/repository/com/github/almasb/fxgl/fxgl/17.2/fxgl-17.2.jar!/fxglassets/ui/fonts/Courier-Prime.ttf
21:00:19.945 [JavaFX Application Thread] DEBUG FXGLApplication      - Registering font factories with UI factory
21:00:19.948 [FXGL Background Thread 1 ] INFO  FXGLApplication      - FXGL initialization took: 0.334 sec
21:00:19.954 [JavaFX Application Thread] DEBUG Input                - Registered new binding: action0 - A
21:00:19.955 [JavaFX Application Thread] DEBUG Input                - Registered new binding: action1 - D
21:00:19.955 [JavaFX Application Thread] DEBUG Input                - Registered new binding: action2 - W
21:00:19.955 [JavaFX Application Thread] DEBUG Input                - Registered new binding: action3 - S
21:00:19.955 [JavaFX Application Thread] DEBUG FXGLAssetLoaderServi - Loading from file system: jar:file:/C:/Users/primzcm/.m2/repository/com/github/almasb/fxgl/fxgl/17.2/fxgl-17.2.jar!/fxglassets/textures/fxgl_icon.png
21:00:19.982 [JavaFX Application Thread] DEBUG FXGLAssetLoaderServi - Loading from file system: jar:file:/C:/Users/primzcm/.m2/repository/com/github/almasb/fxgl/fxgl/17.2/fxgl-17.2.jar!/fxglassets/textures/fxgl_default_cursor.png
21:00:19.985 [JavaFX Application Thread] DEBUG Input                - Registered new binding: Screenshot - CTRL+8
21:00:19.986 [JavaFX Application Thread] DEBUG Input                - Registered new binding: System info dump - CTRL+9
21:00:19.986 [JavaFX Application Thread] DEBUG Input                - Registered new binding: Restart - CTRL+R
21:00:19.986 [JavaFX Application Thread] DEBUG Input                - Registered new binding: Toggle Debug Camera - CTRL+7
21:00:19.989 [JavaFX Application Thread] DEBUG LoopRunner           - Starting loop
21:00:19.989 [JavaFX Application Thread] DEBUG LoopRunner           - Initializing JavaFX AnimationTimerLoop
21:00:19.992 [JavaFX Application Thread] DEBUG GameApplicationServi - Starting new game
21:00:19.992 [JavaFX Application Thread] DEBUG Input                - Clearing active input actions
21:00:20.003 [JavaFX Application Thread] DEBUG GameApplicationServi - Removing overlay from FXGLStartupScene and adding to FXGLLoadingScene
21:00:20.003 [JavaFX Application Thread] DEBUG PrimaryStageWindow   - FXGLStartupScene -> FXGLLoadingScene
21:00:20.003 [JavaFX Application Thread] DEBUG GameApplicationServi - Clearing previous game
21:00:20.003 [JavaFX Application Thread] DEBUG GameScene            - Clearing game scene
21:00:20.003 [JavaFX Application Thread] DEBUG GameWorld            - Clearing game world
21:00:20.003 [JavaFX Application Thread] DEBUG PhysicsWorld         - Clearing physics world
21:00:20.005 [FXGL Background Thread 1 ] DEBUG FXGLApplication      - Initializing game
21:00:20.030 [FXGL Background Thread 1 ] INFO  FXGLApplication      - Game initialization took: 0.025 sec
21:00:20.044 [JavaFX Application Thread] DEBUG Input                - Clearing active input actions
21:00:20.050 [JavaFX Application Thread] DEBUG GameApplicationServi - Removing overlay from FXGLLoadingScene and adding to GameScene
21:00:20.050 [JavaFX Application Thread] DEBUG PrimaryStageWindow   - FXGLLoadingScene -> GameScene
21:00:20.679 [FXGL Background Thread 2 ] INFO  UpdaterService       - Your current version:  17+dev-SNAPSHOT
21:00:20.679 [FXGL Background Thread 2 ] INFO  UpdaterService       - Latest stable version: 21.1
21:00:22.930 [FXGL Background Thread 3 ] DEBUG Engine               - Logging environment variables
21:00:22.930 [FXGL Background Thread 3 ] DEBUG Engine               - achievements: []
21:00:22.930 [FXGL Background Thread 3 ] DEBUG Engine               - actualHeight: 720.0
21:00:22.930 [FXGL Background Thread 3 ] DEBUG Engine               - actualHeightProperty: ReadOnlyDoubleProperty [value: 720.0]
21:00:22.930 [FXGL Background Thread 3 ] DEBUG Engine               - actualWidth: 1280.0
21:00:22.930 [FXGL Background Thread 3 ] DEBUG Engine               - actualWidthProperty: ReadOnlyDoubleProperty [value: 1280.0]
21:00:22.930 [FXGL Background Thread 3 ] DEBUG Engine               - appIcon: fxgl_icon.png
21:00:22.930 [FXGL Background Thread 3 ] DEBUG Engine               - applicationMode: DEVELOPER
21:00:22.930 [FXGL Background Thread 3 ] DEBUG Engine               - cSSList: [fxgl_dark.css]
21:00:22.930 [FXGL Background Thread 3 ] DEBUG Engine               - collisionDetectionStrategy: BRUTE_FORCE
21:00:22.930 [FXGL Background Thread 3 ] DEBUG Engine               - configClass: Optional.empty
21:00:22.930 [FXGL Background Thread 3 ] DEBUG Engine               - credits: []
21:00:22.930 [FXGL Background Thread 3 ] DEBUG Engine               - defaultCursor: CursorInfo(imageName=fxgl_default_cursor.png, hotspotX=7.0, hotspotY=6.0)
21:00:22.931 [FXGL Background Thread 3 ] DEBUG Engine               - devBBoxColorProperty: ObjectProperty [value: 0xff0000ff]
21:00:22.931 [FXGL Background Thread 3 ] DEBUG Engine               - devEnableDebugCameraProperty: BooleanProperty [value: false]
21:00:22.931 [FXGL Background Thread 3 ] DEBUG Engine               - devSensorColorProperty: ObjectProperty [value: 0xffff00ff]
21:00:22.931 [FXGL Background Thread 3 ] DEBUG Engine               - devShowBBoxProperty: BooleanProperty [value: false]
21:00:22.931 [FXGL Background Thread 3 ] DEBUG Engine               - devShowPositionProperty: BooleanProperty [value: false]
21:00:22.931 [FXGL Background Thread 3 ] DEBUG Engine               - enabledMenuItems: []
21:00:22.931 [FXGL Background Thread 3 ] DEBUG Engine               - engineServices: [class com.almasb.fxgl.app.services.FXGLAssetLoaderService, class com.almasb.fxgl.app.FXGLApplication$GameApplicationService, class com.almasb.fxgl.app.services.FXGLDialogService, class com.almasb.fxgl.app.services.IOTaskExecutorService, class com.almasb.fxgl.io.FileSystemService, class com.almasb.fxgl.localization.LocalizationService, class com.almasb.fxgl.app.services.SystemBundleService, class com.almasb.fxgl.profile.SaveLoadService, class com.almasb.fxgl.ui.FXGLUIFactoryServiceProvider, class com.almasb.fxgl.ui.FXGLDialogFactoryServiceProvider, class com.almasb.fxgl.audio.AudioPlayer, class com.almasb.fxgl.notification.impl.NotificationServiceProvider, class com.almasb.fxgl.achievement.AchievementService, class com.almasb.fxgl.cutscene.CutsceneService, class com.almasb.fxgl.minigames.MiniGameService, class com.almasb.fxgl.net.NetService, class com.almasb.fxgl.app.services.UpdaterService, class com.almasb.fxgl.dev.DevService]
21:00:22.931 [FXGL Background Thread 3 ] DEBUG Engine               - fontGame: Abel-Regular.ttf
21:00:22.931 [FXGL Background Thread 3 ] DEBUG Engine               - fontMono: TerminalLandMono-Regular.otf
21:00:22.931 [FXGL Background Thread 3 ] DEBUG Engine               - fontText: Courier-Prime.ttf
21:00:22.931 [FXGL Background Thread 3 ] DEBUG Engine               - fontUI: VarelaRound-Regular.ttf
21:00:22.931 [FXGL Background Thread 3 ] DEBUG Engine               - fullScreen: BooleanProperty [value: false]
21:00:22.931 [FXGL Background Thread 3 ] DEBUG Engine               - gameDifficulty: MEDIUM
21:00:22.931 [FXGL Background Thread 3 ] DEBUG Engine               - gameDifficultyProperty: ObjectProperty [value: MEDIUM]
21:00:22.931 [FXGL Background Thread 3 ] DEBUG Engine               - globalMusicVolume: 0.5
21:00:22.931 [FXGL Background Thread 3 ] DEBUG Engine               - globalMusicVolumeProperty: DoubleProperty [value: 0.5]
21:00:22.931 [FXGL Background Thread 3 ] DEBUG Engine               - globalSoundVolume: 0.5
21:00:22.931 [FXGL Background Thread 3 ] DEBUG Engine               - globalSoundVolumeProperty: DoubleProperty [value: 0.5]
21:00:22.931 [FXGL Background Thread 3 ] DEBUG Engine               - height: 720
21:00:22.931 [FXGL Background Thread 3 ] DEBUG Engine               - is3D: false
21:00:22.931 [FXGL Background Thread 3 ] DEBUG Engine               - isAndroid: false
21:00:22.931 [FXGL Background Thread 3 ] DEBUG Engine               - isBrowser: false
21:00:22.931 [FXGL Background Thread 3 ] DEBUG Engine               - isClickFeedbackEnabled: false
21:00:22.931 [FXGL Background Thread 3 ] DEBUG Engine               - isCloseConfirmation: false
21:00:22.931 [FXGL Background Thread 3 ] DEBUG Engine               - isDesktop: true
21:00:22.931 [FXGL Background Thread 3 ] DEBUG Engine               - isDeveloperMenuEnabled: false
21:00:22.931 [FXGL Background Thread 3 ] DEBUG Engine               - isEmbedded: false
21:00:22.931 [FXGL Background Thread 3 ] DEBUG Engine               - isEntityPreloadEnabled: true
21:00:22.931 [FXGL Background Thread 3 ] DEBUG Engine               - isExperimentalTiledLargeMap: false
21:00:22.931 [FXGL Background Thread 3 ] DEBUG Engine               - isFileSystemWriteAllowed: true
21:00:22.932 [FXGL Background Thread 3 ] DEBUG Engine               - isFullScreenAllowed: false
21:00:22.932 [FXGL Background Thread 3 ] DEBUG Engine               - isFullScreenFromStart: false
21:00:22.932 [FXGL Background Thread 3 ] DEBUG Engine               - isGameMenuEnabled: true
21:00:22.932 [FXGL Background Thread 3 ] DEBUG Engine               - isIOS: false
21:00:22.932 [FXGL Background Thread 3 ] DEBUG Engine               - isIntroEnabled: false
21:00:22.932 [FXGL Background Thread 3 ] DEBUG Engine               - isLinux: false
21:00:22.932 [FXGL Background Thread 3 ] DEBUG Engine               - isMac: false
21:00:22.932 [FXGL Background Thread 3 ] DEBUG Engine               - isMainMenuEnabled: false
21:00:22.932 [FXGL Background Thread 3 ] DEBUG Engine               - isManualResizeEnabled: false
21:00:22.932 [FXGL Background Thread 3 ] DEBUG Engine               - isMobile: false
21:00:22.932 [FXGL Background Thread 3 ] DEBUG Engine               - isNative: false
21:00:22.932 [FXGL Background Thread 3 ] DEBUG Engine               - isPauseMusicWhenMinimized: true
21:00:22.932 [FXGL Background Thread 3 ] DEBUG Engine               - isPreserveResizeRatio: false
21:00:22.932 [FXGL Background Thread 3 ] DEBUG Engine               - isProfilingEnabled: false
21:00:22.932 [FXGL Background Thread 3 ] DEBUG Engine               - isScaleAffectedOnResize: true
21:00:22.932 [FXGL Background Thread 3 ] DEBUG Engine               - isSingleStep: false
21:00:22.932 [FXGL Background Thread 3 ] DEBUG Engine               - isUserProfileEnabled: false
21:00:22.932 [FXGL Background Thread 3 ] DEBUG Engine               - isWindows: true
21:00:22.932 [FXGL Background Thread 3 ] DEBUG Engine               - language: ObjectProperty [value: ENGLISH]
21:00:22.932 [FXGL Background Thread 3 ] DEBUG Engine               - menuKey: ESCAPE
21:00:22.932 [FXGL Background Thread 3 ] DEBUG Engine               - mouseSensitivity: 0.2
21:00:22.932 [FXGL Background Thread 3 ] DEBUG Engine               - notificationViewClass: class com.almasb.fxgl.notification.view.XboxNotificationView
21:00:22.932 [FXGL Background Thread 3 ] DEBUG Engine               - pixelsPerMeter: 50.0
21:00:22.932 [FXGL Background Thread 3 ] DEBUG Engine               - platform: WINDOWS
21:00:22.932 [FXGL Background Thread 3 ] DEBUG Engine               - prefHeightProperty: ReadOnlyDoubleProperty [value: 720.0]
21:00:22.932 [FXGL Background Thread 3 ] DEBUG Engine               - prefWidthProperty: ReadOnlyDoubleProperty [value: 1280.0]
21:00:22.932 [FXGL Background Thread 3 ] DEBUG Engine               - profileDir: profiles/
21:00:22.932 [FXGL Background Thread 3 ] DEBUG Engine               - profileName: StringProperty [value: DEFAULT]
21:00:22.932 [FXGL Background Thread 3 ] DEBUG Engine               - randomSeed: -1
21:00:22.933 [FXGL Background Thread 3 ] DEBUG Engine               - runtimeInfo: RuntimeInfo(platform=WINDOWS, version=17+dev-SNAPSHOT, build=23.08.2022 11.12)
21:00:22.933 [FXGL Background Thread 3 ] DEBUG Engine               - saveFileExt: sav
21:00:22.933 [FXGL Background Thread 3 ] DEBUG Engine               - scaledHeightProp$fxgl: DoubleProperty [bound, value: 720.0]
21:00:22.933 [FXGL Background Thread 3 ] DEBUG Engine               - scaledWidthProp$fxgl: DoubleProperty [bound, value: 1280.0]
21:00:22.933 [FXGL Background Thread 3 ] DEBUG Engine               - sceneFactory: com.almasb.fxgl.app.scene.SceneFactory@2de8be60
21:00:22.933 [FXGL Background Thread 3 ] DEBUG Engine               - secondsIn24h: 60
21:00:22.933 [FXGL Background Thread 3 ] DEBUG Engine               - soundMenuBack: menu/back.wav
21:00:22.933 [FXGL Background Thread 3 ] DEBUG Engine               - soundMenuPress: menu/press.wav
21:00:22.933 [FXGL Background Thread 3 ] DEBUG Engine               - soundMenuSelect: menu/select.wav
21:00:22.933 [FXGL Background Thread 3 ] DEBUG Engine               - soundNotification: core/notification.wav
21:00:22.933 [FXGL Background Thread 3 ] DEBUG Engine               - stageStyle: DECORATED
21:00:22.933 [FXGL Background Thread 3 ] DEBUG Engine               - supportedLanguages: [ENGLISH, FRENCH, GERMAN, HUNGARIAN, RUSSIAN]
21:00:22.933 [FXGL Background Thread 3 ] DEBUG Engine               - ticksPerSecond: -1
21:00:22.933 [FXGL Background Thread 3 ] DEBUG Engine               - title: Prototype
21:00:22.933 [FXGL Background Thread 3 ] DEBUG Engine               - urlGithub: https://github.com/AlmasB/FXGL
21:00:22.933 [FXGL Background Thread 3 ] DEBUG Engine               - urlLeaderboard: http://fxgl-top.herokuapp.com/
21:00:22.933 [FXGL Background Thread 3 ] DEBUG Engine               - urlPOM: https://raw.githubusercontent.com/AlmasB/FXGL/release/README.md
21:00:22.933 [FXGL Background Thread 3 ] DEBUG Engine               - userAppClass: class org.example.GameApp
21:00:22.933 [FXGL Background Thread 3 ] DEBUG Engine               - version: 0.1
21:00:22.933 [FXGL Background Thread 3 ] DEBUG Engine               - versionCheckDays: 7
21:00:22.933 [FXGL Background Thread 3 ] DEBUG Engine               - width: 1280
21:00:22.933 [FXGL Background Thread 3 ] DEBUG Engine               - Logging services
21:00:22.933 [FXGL Background Thread 3 ] DEBUG Engine               - class com.almasb.fxgl.app.services.FXGLAssetLoaderService
21:00:22.933 [FXGL Background Thread 3 ] DEBUG Engine               - class com.almasb.fxgl.app.FXGLApplication$GameApplicationService
21:00:22.933 [FXGL Background Thread 3 ] DEBUG Engine               - class com.almasb.fxgl.app.services.FXGLDialogService
21:00:22.933 [FXGL Background Thread 3 ] DEBUG Engine               - class com.almasb.fxgl.app.services.IOTaskExecutorService
21:00:22.933 [FXGL Background Thread 3 ] DEBUG Engine               - class com.almasb.fxgl.io.FileSystemService
21:00:22.933 [FXGL Background Thread 3 ] DEBUG Engine               - class com.almasb.fxgl.localization.LocalizationService
21:00:22.933 [FXGL Background Thread 3 ] DEBUG Engine               - class com.almasb.fxgl.app.services.SystemBundleService
21:00:22.933 [FXGL Background Thread 3 ] DEBUG Engine               - class com.almasb.fxgl.profile.SaveLoadService
21:00:22.933 [FXGL Background Thread 3 ] DEBUG Engine               - class com.almasb.fxgl.ui.FXGLUIFactoryServiceProvider
21:00:22.933 [FXGL Background Thread 3 ] DEBUG Engine               - class com.almasb.fxgl.ui.FXGLDialogFactoryServiceProvider
21:00:22.933 [FXGL Background Thread 3 ] DEBUG Engine               - class com.almasb.fxgl.audio.AudioPlayer
21:00:22.933 [FXGL Background Thread 3 ] DEBUG Engine               - class com.almasb.fxgl.notification.impl.NotificationServiceProvider
21:00:22.933 [FXGL Background Thread 3 ] DEBUG Engine               - class com.almasb.fxgl.achievement.AchievementService
21:00:22.933 [FXGL Background Thread 3 ] DEBUG Engine               - class com.almasb.fxgl.cutscene.CutsceneService
21:00:22.933 [FXGL Background Thread 3 ] DEBUG Engine               - class com.almasb.fxgl.minigames.MiniGameService
21:00:22.933 [FXGL Background Thread 3 ] DEBUG Engine               - class com.almasb.fxgl.net.NetService
21:00:22.933 [FXGL Background Thread 3 ] DEBUG Engine               - class com.almasb.fxgl.app.services.UpdaterService
21:00:22.933 [FXGL Background Thread 3 ] DEBUG Engine               - class com.almasb.fxgl.dev.DevService
21:00:35.842 [JavaFX Application Thread] WARN  GameWorld            - Attempted to remove entity which is not active
21:00:35.865 [JavaFX Application Thread] WARN  GameWorld            - Attempted to remove entity which is not active
21:00:35.914 [JavaFX Application Thread] WARN  GameWorld            - Attempted to remove entity which is not active
21:00:39.946 [JavaFX Application Thread] WARN  GameWorld            - Attempted to remove entity which is not active
21:00:40.058 [JavaFX Application Thread] WARN  GameWorld            - Attempted to remove entity which is not active
21:00:41.018 [JavaFX Application Thread] WARN  GameWorld            - Attempted to remove entity which is not active
21:00:45.162 [JavaFX Application Thread] WARN  GameWorld            - Attempted to remove entity which is not active
21:00:46.208 [JavaFX Application Thread] WARN  GameWorld            - Attempted to remove entity which is not active
21:00:47.237 [JavaFX Application Thread] WARN  GameWorld            - Attempted to remove entity which is not active
21:00:48.325 [JavaFX Application Thread] WARN  GameWorld            - Attempted to remove entity which is not active
21:00:49.241 [JavaFX Application Thread] DEBUG FXGLApplication      - Exiting FXGL
21:00:49.241 [JavaFX Application Thread] DEBUG LoopRunner           - Stopping loop
21:00:49.241 [JavaFX Application Thread] DEBUG SystemBundleService  - Saving FXGL system data
21:00:49.243 [JavaFX Application Thread] DEBUG FileSystemAccess     - Writing to: F:\my files\School\2nd year 2nd sem\TheOnlyException\system\fxgl.bundle
21:00:49.245 [JavaFX Application Thread] DEBUG Async                - Shutting down background threads
21:00:49.246 [JavaFX Application Thread] DEBUG PrimaryStageWindow   - Closing main window
21:00:49.265 [JavaFX Application Thread] DEBUG Logger               - Closing Logger
