11:27:53.357 [main                     ] DEBUG Logger               - Configured Logger
11:27:53.367 [main                     ] DEBUG GameApplication      - Logging settings
Title: Prototype Game
Version: 0.1.5
Width: 1280
Height: 720
Fullscreen: false
Intro: false
Profiling: false
Single step:false
App Mode: DEVELOPER
Menu Key: ESCAPE
Stage Style: DECORATED
Scene Factory: class org.example.GameApp$1

11:27:54.230 [JavaFX Application Thread] DEBUG FXGLApplication      - Initializing FXGL
11:27:54.236 [JavaFX Application Thread] INFO  Engine               - FXGL-17+dev-SNAPSHOT (01.09.2022 03.33) on WINDOWS (J:24 FX:18)
11:27:54.236 [JavaFX Application Thread] DEBUG Engine               - JRE Vendor Name: Oracle Corporation
11:27:54.237 [JavaFX Application Thread] DEBUG Engine               - Running on OS: Windows 11 version 10.0
11:27:54.237 [JavaFX Application Thread] DEBUG Engine               - Architecture: amd64
11:27:54.237 [JavaFX Application Thread] INFO  Engine               - Source code and latest versions at: https://github.com/AlmasB/FXGL
11:27:54.237 [JavaFX Application Thread] INFO  Engine               -       Ask questions and discuss at: https://github.com/AlmasB/FXGL/discussions
11:27:54.238 [JavaFX Application Thread] INFO  Engine               -              Join the FXGL chat at: https://gitter.im/AlmasB/FXGL
11:27:54.577 [JavaFX Application Thread] DEBUG PrimaryStageWindow   - Creating a JavaFX scene
11:27:54.577 [JavaFX Application Thread] DEBUG PrimaryStageWindow   - Target size > screen size
11:27:54.685 [JavaFX Application Thread] DEBUG PrimaryStageWindow   - Target settings size: 1280.0 x 720.0
11:27:54.685 [JavaFX Application Thread] DEBUG PrimaryStageWindow   - Scaled scene size:    1169.0 x 671.0
11:27:54.686 [JavaFX Application Thread] DEBUG PrimaryStageWindow   - Scaled ratio: (0.91328125, 0.9319444444444445)
11:27:54.688 [JavaFX Application Thread] DEBUG PrimaryStageWindow   - Set initial scene to FXGLStartupScene
11:27:54.708 [JavaFX Application Thread] DEBUG PrimaryStageWindow   - Opening main window
11:27:54.882 [JavaFX Application Thread] DEBUG PrimaryStageWindow   - Window border size: (15.0, 37.66668701171875)
11:27:54.883 [JavaFX Application Thread] DEBUG PrimaryStageWindow   - Scaled size: 1169.0 x 671.0
11:27:54.883 [JavaFX Application Thread] DEBUG PrimaryStageWindow   - Scaled ratio: (0.91328125, 0.9319444444444445)
11:27:54.883 [JavaFX Application Thread] DEBUG PrimaryStageWindow   - Scene size: 1169.0 x 671.0
11:27:54.883 [JavaFX Application Thread] DEBUG PrimaryStageWindow   - Stage size: 1184.0 x 708.6666870117188
11:27:54.899 [FXGL Background Thread 1 ] DEBUG Engine               - Initializing environment variables
11:27:54.997 [FXGL Background Thread 1 ] DEBUG FXGLAssetLoaderServi - User app class for loading assets: class org.example.GameApp
11:27:54.999 [FXGL Background Thread 1 ] DEBUG GameApplicationServi - Applying CSS: fxgl_dark.css
11:27:55.000 [FXGL Background Thread 1 ] DEBUG FXGLAssetLoaderServi - Loading from file system: jar:file:/C:/Users/ginac/.m2/repository/com/github/AlmasB/FXGL/fxgl/17.2/fxgl-17.2.jar!/fxglassets/ui/css/fxgl_dark.css
11:27:55.117 [FXGL Background Thread 1 ] DEBUG GameApplicationServi - Initializing application scenes
11:27:55.231 [FXGL Background Thread 1 ] DEBUG GameWorld            - Game world initialized
11:27:55.369 [FXGL Background Thread 1 ] DEBUG PhysicsWorld         - Physics world initialized: appHeight=720, physics.ppm=50.0
11:27:55.369 [FXGL Background Thread 1 ] DEBUG PhysicsWorld         - Using strategy: BRUTE_FORCE
11:27:55.375 [FXGL Background Thread 1 ] DEBUG GameScene            - Game scene initialized: 1280x720
11:27:55.397 [FXGL Background Thread 1 ] DEBUG FXGL.DefaultMenu     - createMenuBodyGameMenu()
11:27:55.430 [FXGL Background Thread 1 ] DEBUG FXGL.DefaultMenu     - createOptionsMenu()
11:27:55.450 [FXGL Background Thread 1 ] DEBUG FXGLAssetLoaderServi - Loading from file system: jar:file:/C:/Users/ginac/.m2/repository/com/github/AlmasB/FXGL/fxgl/17.2/fxgl-17.2.jar!/fxglassets/textures/particles/smoke.png
11:27:55.613 [FXGL Background Thread 1 ] DEBUG FXGLAssetLoaderServi - Loading from file system: jar:file:/C:/Users/ginac/.m2/repository/com/github/AlmasB/FXGL/fxgl/17.2/fxgl-17.2.jar!/fxglassets/textures/particles/trace_horizontal.png
11:27:55.650 [FXGL Background Thread 1 ] DEBUG GameApplicationServi - Application scenes initialized
11:27:55.670 [FXGL Background Thread 1 ] DEBUG SystemBundleService  - Loading FXGL system data
11:27:55.675 [FXGL Background Thread 1 ] DEBUG FileSystemAccess     - Reading from: C:\Users\ginac\IdeaProjects\TheOnlyException\system\fxgl.bundle
11:27:55.679 [FXGL Background Thread 1 ] DEBUG SystemBundleService  - Bundle FXGL: {}
11:27:55.680 [FXGL Background Thread 1 ] DEBUG UpdaterService       - Checking for updates
11:27:55.687 [FXGL Background Thread 4 ] DEBUG FXGLApplication      - Loading fonts
11:27:55.687 [FXGL Background Thread 4 ] DEBUG FXGLAssetLoaderServi - Loading from file system: jar:file:/C:/Users/ginac/.m2/repository/com/github/AlmasB/FXGL/fxgl-samples/17.2/fxgl-samples-17.2.jar!/assets/ui/fonts/VarelaRound-Regular.ttf
11:27:55.689 [FXGL Background Thread 1 ] DEBUG FXGLApplication      - Loading default localization
11:27:55.690 [FXGL Background Thread 1 ] DEBUG FXGLAssetLoaderServi - Loading from file system: jar:file:/C:/Users/ginac/.m2/repository/com/github/AlmasB/FXGL/fxgl/17.2/fxgl-17.2.jar!/fxglassets/languages/english.lang
11:27:55.714 [FXGL Background Thread 4 ] DEBUG FXGLAssetLoaderServi - Loading from file system: jar:file:/C:/Users/ginac/.m2/repository/com/github/AlmasB/FXGL/fxgl/17.2/fxgl-17.2.jar!/fxglassets/ui/fonts/Abel-Regular.ttf
11:27:55.722 [FXGL Background Thread 4 ] DEBUG FXGLAssetLoaderServi - Loading from file system: jar:file:/C:/Users/ginac/.m2/repository/com/github/AlmasB/FXGL/fxgl/17.2/fxgl-17.2.jar!/fxglassets/ui/fonts/TerminalLandMono-Regular.otf
11:27:55.723 [FXGL Background Thread 1 ] INFO  FXGLApplication      - FXGL initialization took: 0.824 sec
11:27:55.730 [FXGL Background Thread 4 ] DEBUG FXGLAssetLoaderServi - Loading from file system: jar:file:/C:/Users/ginac/.m2/repository/com/github/AlmasB/FXGL/fxgl/17.2/fxgl-17.2.jar!/fxglassets/ui/fonts/Courier-Prime.ttf
11:27:55.742 [JavaFX Application Thread] DEBUG Input                - Registered new binding: action0 - A
11:27:55.743 [JavaFX Application Thread] DEBUG Input                - Registered new binding: action1 - D
11:27:55.744 [JavaFX Application Thread] DEBUG Input                - Registered new binding: action2 - W
11:27:55.745 [JavaFX Application Thread] DEBUG Input                - Registered new binding: action3 - S
11:27:55.745 [JavaFX Application Thread] DEBUG FXGLAssetLoaderServi - Loading from file system: jar:file:/C:/Users/ginac/.m2/repository/com/github/AlmasB/FXGL/fxgl/17.2/fxgl-17.2.jar!/fxglassets/textures/fxgl_icon.png
11:27:55.801 [JavaFX Application Thread] DEBUG FXGLAssetLoaderServi - Loading from file system: jar:file:/C:/Users/ginac/.m2/repository/com/github/AlmasB/FXGL/fxgl/17.2/fxgl-17.2.jar!/fxglassets/textures/fxgl_default_cursor.png
11:27:55.807 [JavaFX Application Thread] DEBUG Input                - Registered new binding: Screenshot - CTRL+8
11:27:55.808 [JavaFX Application Thread] DEBUG Input                - Registered new binding: System info dump - CTRL+9
11:27:55.809 [JavaFX Application Thread] DEBUG Input                - Registered new binding: Restart - CTRL+R
11:27:55.810 [JavaFX Application Thread] DEBUG Input                - Registered new binding: Toggle Debug Camera - CTRL+7
11:27:55.814 [JavaFX Application Thread] DEBUG LoopRunner           - Starting loop
11:27:55.814 [JavaFX Application Thread] DEBUG LoopRunner           - Initializing JavaFX AnimationTimerLoop
11:27:55.820 [JavaFX Application Thread] DEBUG Input                - Clearing active input actions
11:27:55.829 [JavaFX Application Thread] DEBUG GameApplicationServi - Removing overlay from FXGLStartupScene and adding to FXGLMainMenuDummyScene
11:27:55.830 [JavaFX Application Thread] DEBUG PrimaryStageWindow   - FXGLStartupScene -> FXGLMainMenuDummyScene
11:27:55.830 [JavaFX Application Thread] DEBUG PrimaryStageWindow   - Push state: NameInputScene
11:27:56.043 [JavaFX Application Thread] DEBUG Input                - Clearing active input actions
11:27:56.063 [JavaFX Application Thread] DEBUG GameApplicationServi - Removing overlay from FXGLMainMenuDummyScene and adding to NameInputScene
11:27:56.064 [JavaFX Application Thread] DEBUG PrimaryStageWindow   - FXGLMainMenuDummyScene -> NameInputScene
11:27:56.065 [JavaFX Application Thread] DEBUG FXGLApplication      - Registering font factories with UI factory
11:27:56.603 [JavaFX Application Thread] DEBUG FXGLApplication      - Exiting FXGL
11:27:56.603 [JavaFX Application Thread] DEBUG LoopRunner           - Stopping loop
11:27:56.604 [JavaFX Application Thread] DEBUG SystemBundleService  - Saving FXGL system data
11:27:56.608 [JavaFX Application Thread] DEBUG FileSystemAccess     - Writing to: C:\Users\ginac\IdeaProjects\TheOnlyException\system\fxgl.bundle
11:27:56.612 [JavaFX Application Thread] DEBUG Async                - Shutting down background threads
11:27:56.613 [JavaFX Application Thread] DEBUG PrimaryStageWindow   - Closing main window
11:27:56.643 [JavaFX Application Thread] DEBUG Logger               - Closing Logger
