13:44:20.885 [main                     ] DEBUG Logger               - Configured Logger
13:44:20.891 [main                     ] DEBUG GameApplication      - Logging settings
Title: Prototype Game
Version: 0.1.5
Width: 1280
Height: 720
Fullscreen: false
Intro: false
Profiling: false
Single step:false
App Mode: DEVELOPER
Menu Key: ESCAPE
Stage Style: DECORATED
Scene Factory: class org.example.core.GameApp$1

13:44:21.146 [JavaFX Application Thread] DEBUG FXGLApplication      - Initializing FXGL
13:44:21.150 [JavaFX Application Thread] INFO  Engine               - FXGL-21+dev-SNAPSHOT (26.03.2024 21.04) on WINDOWS (J:24 FX:21.0.1)
13:44:21.151 [JavaFX Application Thread] DEBUG Engine               - JRE Vendor Name: Oracle Corporation
13:44:21.151 [JavaFX Application Thread] DEBUG Engine               - Running on OS: Windows 11 version 10.0
13:44:21.151 [JavaFX Application Thread] DEBUG Engine               - Architecture: amd64
13:44:21.151 [JavaFX Application Thread] INFO  Engine               - Source code and latest versions at: https://github.com/AlmasB/FXGL
13:44:21.151 [JavaFX Application Thread] INFO  Engine               -       Ask questions and discuss at: https://github.com/AlmasB/FXGL/discussions
13:44:21.151 [JavaFX Application Thread] INFO  Engine               -              Join the FXGL chat at: https://gitter.im/AlmasB/FXGL
13:44:21.437 [JavaFX Application Thread] DEBUG PrimaryStageWindow   - Creating a JavaFX scene
13:44:21.519 [JavaFX Application Thread] DEBUG PrimaryStageWindow   - Target settings size: 1280.0 x 720.0
13:44:21.519 [JavaFX Application Thread] DEBUG PrimaryStageWindow   - Scaled scene size:    1280.0 x 720.0
13:44:21.520 [JavaFX Application Thread] DEBUG PrimaryStageWindow   - Scaled ratio: (1.0, 1.0)
13:44:21.521 [JavaFX Application Thread] DEBUG PrimaryStageWindow   - Set initial scene to FXGLStartupScene
13:44:21.528 [JavaFX Application Thread] DEBUG PrimaryStageWindow   - Opening main window
13:44:21.684 [JavaFX Application Thread] DEBUG PrimaryStageWindow   - Window border size: (14.4000244140625, 37.5999755859375)
13:44:21.685 [JavaFX Application Thread] DEBUG PrimaryStageWindow   - Scaled size: 1280.0 x 720.0
13:44:21.685 [JavaFX Application Thread] DEBUG PrimaryStageWindow   - Scaled ratio: (1.0, 1.0)
13:44:21.685 [JavaFX Application Thread] DEBUG PrimaryStageWindow   - Scene size: 1280.0 x 720.0
13:44:21.685 [JavaFX Application Thread] DEBUG PrimaryStageWindow   - Stage size: 1294.4000244140625 x 757.5999755859375
13:44:21.707 [FXGL Background Thread 1 ] DEBUG Engine               - Initializing environment variables
13:44:21.784 [FXGL Background Thread 1 ] DEBUG FXGLAssetLoaderServi - User app class for loading assets: class org.example.core.GameApp
13:44:21.784 [FXGL Background Thread 1 ] DEBUG GameApplicationServi - Applying CSS: fxgl_dark.css
13:44:21.785 [FXGL Background Thread 1 ] DEBUG FXGLAssetLoaderServi - Loading from file system: jar:file:/C:/Users/ginac/.m2/repository/com/github/AlmasB/FXGL/fxgl/21.1/fxgl-21.1.jar!/fxglassets/ui/css/fxgl_dark.css
13:44:21.863 [FXGL Background Thread 1 ] DEBUG GameApplicationServi - Initializing application scenes
13:44:21.929 [FXGL Background Thread 1 ] DEBUG GameWorld            - Game world initialized
13:44:22.035 [FXGL Background Thread 1 ] DEBUG PhysicsWorld         - Physics world initialized: appHeight=720, physics.ppm=50.0
13:44:22.035 [FXGL Background Thread 1 ] DEBUG PhysicsWorld         - Using strategy: BRUTE_FORCE
13:44:22.040 [FXGL Background Thread 1 ] DEBUG GameScene            - Game scene initialized: 1280x720
13:44:22.528 [FXGL Background Thread 1 ] DEBUG GameApplicationServi - Application scenes initialized
13:44:22.558 [FXGL Background Thread 1 ] DEBUG SystemBundleService  - Loading FXGL system data
13:44:22.560 [FXGL Background Thread 1 ] DEBUG FileSystemAccess     - Reading from: C:\Users\ginac\IdeaProjects\TheOnlyException3\system\fxgl.bundle
13:44:22.564 [FXGL Background Thread 1 ] DEBUG SystemBundleService  - Bundle FXGL: {}
13:44:22.565 [FXGL Background Thread 1 ] DEBUG UpdaterService       - Checking for updates
13:44:22.576 [FXGL Background Thread 1 ] DEBUG FXGLApplication      - Loading default localization
13:44:22.577 [FXGL Background Thread 1 ] DEBUG FXGLAssetLoaderServi - Loading from file system: jar:file:/C:/Users/ginac/.m2/repository/com/github/AlmasB/FXGL/fxgl/21.1/fxgl-21.1.jar!/fxglassets/languages/english.lang
13:44:22.597 [FXGL Background Thread 4 ] DEBUG FXGLApplication      - Loading fonts
13:44:22.597 [FXGL Background Thread 4 ] DEBUG FXGLAssetLoaderServi - Loading from file system: jar:file:/C:/Users/ginac/.m2/repository/com/github/AlmasB/FXGL/fxgl-samples/21.1/fxgl-samples-21.1.jar!/assets/ui/fonts/VarelaRound-Regular.ttf
13:44:22.610 [FXGL Background Thread 4 ] DEBUG FXGLAssetLoaderServi - Loading from file system: jar:file:/C:/Users/ginac/.m2/repository/com/github/AlmasB/FXGL/fxgl/21.1/fxgl-21.1.jar!/fxglassets/ui/fonts/Abel-Regular.ttf
13:44:22.617 [FXGL Background Thread 1 ] INFO  FXGLApplication      - FXGL initialization took: 0.909 sec
13:44:22.625 [FXGL Background Thread 4 ] DEBUG FXGLAssetLoaderServi - Loading from file system: jar:file:/C:/Users/ginac/.m2/repository/com/github/AlmasB/FXGL/fxgl/21.1/fxgl-21.1.jar!/fxglassets/ui/fonts/TerminalLandMono-Regular.otf
13:44:22.638 [FXGL Background Thread 4 ] DEBUG FXGLAssetLoaderServi - Loading from file system: jar:file:/C:/Users/ginac/.m2/repository/com/github/AlmasB/FXGL/fxgl/21.1/fxgl-21.1.jar!/fxglassets/ui/fonts/Courier-Prime.ttf
13:44:22.640 [JavaFX Application Thread] DEBUG Input                - Registered new binding: action0 - A
13:44:22.640 [JavaFX Application Thread] DEBUG Input                - Registered new binding: action1 - D
13:44:22.641 [JavaFX Application Thread] DEBUG Input                - Registered new binding: action2 - W
13:44:22.642 [JavaFX Application Thread] DEBUG Input                - Registered new binding: action3 - S
13:44:22.643 [JavaFX Application Thread] DEBUG FXGLAssetLoaderServi - Loading from file system: jar:file:/C:/Users/ginac/.m2/repository/com/github/AlmasB/FXGL/fxgl/21.1/fxgl-21.1.jar!/fxglassets/textures/fxgl_icon.png
13:44:22.772 [JavaFX Application Thread] DEBUG FXGLAssetLoaderServi - Loading from file system: jar:file:/C:/Users/ginac/.m2/repository/com/github/AlmasB/FXGL/fxgl/21.1/fxgl-21.1.jar!/fxglassets/textures/fxgl_default_cursor.png
13:44:22.777 [JavaFX Application Thread] DEBUG Input                - Registered new binding: Screenshot - CTRL+8
13:44:22.779 [JavaFX Application Thread] DEBUG Input                - Registered new binding: System info dump - CTRL+9
13:44:22.780 [JavaFX Application Thread] DEBUG Input                - Registered new binding: Restart - CTRL+R
13:44:22.783 [JavaFX Application Thread] DEBUG Input                - Registered new binding: Toggle Debug Camera - CTRL+7
13:44:22.791 [JavaFX Application Thread] DEBUG LoopRunner           - Starting loop
13:44:22.791 [JavaFX Application Thread] DEBUG LoopRunner           - Initializing JavaFX AnimationTimerLoop
13:44:22.801 [JavaFX Application Thread] DEBUG Input                - Clearing active input actions
13:44:22.821 [JavaFX Application Thread] DEBUG GameApplicationServi - Removing overlay from FXGLStartupScene and adding to FXGLMainMenuDummyScene
13:44:22.821 [JavaFX Application Thread] DEBUG PrimaryStageWindow   - FXGLStartupScene -> FXGLMainMenuDummyScene
13:44:22.822 [JavaFX Application Thread] DEBUG PrimaryStageWindow   - Push state: LoginScene
13:44:22.823 [JavaFX Application Thread] DEBUG Input                - Clearing active input actions
13:44:22.894 [JavaFX Application Thread] DEBUG GameApplicationServi - Removing overlay from FXGLMainMenuDummyScene and adding to LoginScene
13:44:22.895 [JavaFX Application Thread] DEBUG PrimaryStageWindow   - FXGLMainMenuDummyScene -> LoginScene
13:44:23.360 [JavaFX Application Thread] DEBUG FXGLApplication      - Registering font factories with UI factory
13:44:23.562 [FXGL Background Thread 2 ] INFO  UpdaterService       - Your current version:  21+dev-SNAPSHOT
13:44:23.563 [FXGL Background Thread 2 ] INFO  UpdaterService       - Latest stable version: 21.1
13:44:25.571 [FXGL Background Thread 3 ] DEBUG Engine               - Logging environment variables
13:44:25.571 [FXGL Background Thread 3 ] DEBUG Engine               - achievements: []
13:44:25.571 [FXGL Background Thread 3 ] DEBUG Engine               - actualHeight: 720.0
13:44:25.571 [FXGL Background Thread 3 ] DEBUG Engine               - actualHeightProperty: ReadOnlyDoubleProperty [value: 720.0]
13:44:25.572 [FXGL Background Thread 3 ] DEBUG Engine               - actualWidth: 1280.0
13:44:25.572 [FXGL Background Thread 3 ] DEBUG Engine               - actualWidthProperty: ReadOnlyDoubleProperty [value: 1280.0]
13:44:25.572 [FXGL Background Thread 3 ] DEBUG Engine               - appIcon: fxgl_icon.png
13:44:25.572 [FXGL Background Thread 3 ] DEBUG Engine               - applicationMode: DEVELOPER
13:44:25.572 [FXGL Background Thread 3 ] DEBUG Engine               - cSSList: [fxgl_dark.css]
13:44:25.572 [FXGL Background Thread 3 ] DEBUG Engine               - collisionDetectionStrategy: BRUTE_FORCE
13:44:25.572 [FXGL Background Thread 3 ] DEBUG Engine               - configClass: Optional.empty
13:44:25.572 [FXGL Background Thread 3 ] DEBUG Engine               - credits: []
13:44:25.575 [FXGL Background Thread 3 ] DEBUG Engine               - defaultCursor: CursorInfo(imageName=fxgl_default_cursor.png, hotspotX=7.0, hotspotY=6.0)
13:44:25.575 [FXGL Background Thread 3 ] DEBUG Engine               - devBBoxColorProperty: ObjectProperty [value: 0xff0000ff]
13:44:25.575 [FXGL Background Thread 3 ] DEBUG Engine               - devEnableDebugCameraProperty: BooleanProperty [value: false]
13:44:25.575 [FXGL Background Thread 3 ] DEBUG Engine               - devSensorColorProperty: ObjectProperty [value: 0xffff00ff]
13:44:25.575 [FXGL Background Thread 3 ] DEBUG Engine               - devShowBBoxProperty: BooleanProperty [value: false]
13:44:25.575 [FXGL Background Thread 3 ] DEBUG Engine               - devShowPositionProperty: BooleanProperty [value: false]
13:44:25.575 [FXGL Background Thread 3 ] DEBUG Engine               - enabledMenuItems: []
13:44:25.575 [FXGL Background Thread 3 ] DEBUG Engine               - engineServices: [class com.almasb.fxgl.app.services.FXGLAssetLoaderService, class com.almasb.fxgl.app.FXGLApplication$GameApplicationService, class com.almasb.fxgl.app.services.FXGLDialogService, class com.almasb.fxgl.app.services.IOTaskExecutorService, class com.almasb.fxgl.io.FileSystemService, class com.almasb.fxgl.localization.LocalizationService, class com.almasb.fxgl.app.services.SystemBundleService, class com.almasb.fxgl.profile.SaveLoadService, class com.almasb.fxgl.ui.FXGLUIFactoryServiceProvider, class com.almasb.fxgl.ui.FXGLDialogFactoryServiceProvider, class com.almasb.fxgl.audio.AudioPlayer, class com.almasb.fxgl.notification.impl.NotificationServiceProvider, class com.almasb.fxgl.achievement.AchievementService, class com.almasb.fxgl.cutscene.CutsceneService, class com.almasb.fxgl.minigames.MiniGameService, class com.almasb.fxgl.net.NetService, class com.almasb.fxgl.app.services.UpdaterService, class com.almasb.fxgl.dev.DevService]
13:44:25.575 [FXGL Background Thread 3 ] DEBUG Engine               - fontGame: Abel-Regular.ttf
13:44:25.575 [FXGL Background Thread 3 ] DEBUG Engine               - fontMono: TerminalLandMono-Regular.otf
13:44:25.575 [FXGL Background Thread 3 ] DEBUG Engine               - fontSizeScaleUI: 1.0
13:44:25.576 [FXGL Background Thread 3 ] DEBUG Engine               - fontText: Courier-Prime.ttf
13:44:25.576 [FXGL Background Thread 3 ] DEBUG Engine               - fontUI: VarelaRound-Regular.ttf
13:44:25.576 [FXGL Background Thread 3 ] DEBUG Engine               - fullScreen: BooleanProperty [value: false]
13:44:25.576 [FXGL Background Thread 3 ] DEBUG Engine               - gameDifficulty: MEDIUM
13:44:25.576 [FXGL Background Thread 3 ] DEBUG Engine               - gameDifficultyProperty: ObjectProperty [value: MEDIUM]
13:44:25.576 [FXGL Background Thread 3 ] DEBUG Engine               - globalMusicVolume: 0.5
13:44:25.576 [FXGL Background Thread 3 ] DEBUG Engine               - globalMusicVolumeProperty: DoubleProperty [value: 0.5]
13:44:25.576 [FXGL Background Thread 3 ] DEBUG Engine               - globalSoundVolume: 0.5
13:44:25.576 [FXGL Background Thread 3 ] DEBUG Engine               - globalSoundVolumeProperty: DoubleProperty [value: 0.5]
13:44:25.576 [FXGL Background Thread 3 ] DEBUG Engine               - height: 720
13:44:25.576 [FXGL Background Thread 3 ] DEBUG Engine               - is3D: false
13:44:25.576 [FXGL Background Thread 3 ] DEBUG Engine               - isAndroid: false
13:44:25.576 [FXGL Background Thread 3 ] DEBUG Engine               - isBrowser: false
13:44:25.576 [FXGL Background Thread 3 ] DEBUG Engine               - isClickFeedbackEnabled: false
13:44:25.576 [FXGL Background Thread 3 ] DEBUG Engine               - isCloseConfirmation: false
13:44:25.576 [FXGL Background Thread 3 ] DEBUG Engine               - isDesktop: true
13:44:25.576 [FXGL Background Thread 3 ] DEBUG Engine               - isDeveloperMenuEnabled: false
13:44:25.577 [FXGL Background Thread 3 ] DEBUG Engine               - isEmbedded: false
13:44:25.577 [FXGL Background Thread 3 ] DEBUG Engine               - isEntityPreloadEnabled: true
13:44:25.577 [FXGL Background Thread 3 ] DEBUG Engine               - isExperimentalTiledLargeMap: false
13:44:25.577 [FXGL Background Thread 3 ] DEBUG Engine               - isFileSystemWriteAllowed: true
13:44:25.577 [FXGL Background Thread 3 ] DEBUG Engine               - isFullScreenAllowed: false
13:44:25.577 [FXGL Background Thread 3 ] DEBUG Engine               - isFullScreenFromStart: false
13:44:25.577 [FXGL Background Thread 3 ] DEBUG Engine               - isGameMenuEnabled: false
13:44:25.577 [FXGL Background Thread 3 ] DEBUG Engine               - isIOS: false
13:44:25.577 [FXGL Background Thread 3 ] DEBUG Engine               - isIntroEnabled: false
13:44:25.577 [FXGL Background Thread 3 ] DEBUG Engine               - isLinux: false
13:44:25.577 [FXGL Background Thread 3 ] DEBUG Engine               - isMac: false
13:44:25.577 [FXGL Background Thread 3 ] DEBUG Engine               - isMainMenuEnabled: true
13:44:25.577 [FXGL Background Thread 3 ] DEBUG Engine               - isManualResizeEnabled: false
13:44:25.577 [FXGL Background Thread 3 ] DEBUG Engine               - isMobile: false
13:44:25.577 [FXGL Background Thread 3 ] DEBUG Engine               - isNative: false
13:44:25.577 [FXGL Background Thread 3 ] DEBUG Engine               - isPauseMusicWhenMinimized: true
13:44:25.577 [FXGL Background Thread 3 ] DEBUG Engine               - isPreserveResizeRatio: false
13:44:25.577 [FXGL Background Thread 3 ] DEBUG Engine               - isProfilingEnabled: false
13:44:25.577 [FXGL Background Thread 3 ] DEBUG Engine               - isScaleAffectedOnResize: true
13:44:25.577 [FXGL Background Thread 3 ] DEBUG Engine               - isSingleStep: false
13:44:25.577 [FXGL Background Thread 3 ] DEBUG Engine               - isUserProfileEnabled: false
13:44:25.577 [FXGL Background Thread 3 ] DEBUG Engine               - isWindows: true
13:44:25.579 [FXGL Background Thread 3 ] DEBUG Engine               - language: ObjectProperty [value: ENGLISH]
13:44:25.579 [FXGL Background Thread 3 ] DEBUG Engine               - menuKey: ESCAPE
13:44:25.579 [FXGL Background Thread 3 ] DEBUG Engine               - mouseSensitivity: 0.2
13:44:25.579 [FXGL Background Thread 3 ] DEBUG Engine               - notificationViewClass: class com.almasb.fxgl.notification.view.XboxNotificationView
13:44:25.579 [FXGL Background Thread 3 ] DEBUG Engine               - pixelsPerMeter: 50.0
13:44:25.579 [FXGL Background Thread 3 ] DEBUG Engine               - platform: WINDOWS
13:44:25.579 [FXGL Background Thread 3 ] DEBUG Engine               - prefHeightProperty: ReadOnlyDoubleProperty [value: 720.0]
13:44:25.579 [FXGL Background Thread 3 ] DEBUG Engine               - prefWidthProperty: ReadOnlyDoubleProperty [value: 1280.0]
13:44:25.579 [FXGL Background Thread 3 ] DEBUG Engine               - profileDir: profiles/
13:44:25.579 [FXGL Background Thread 3 ] DEBUG Engine               - profileName: StringProperty [value: DEFAULT]
13:44:25.579 [FXGL Background Thread 3 ] DEBUG Engine               - randomSeed: -1
13:44:25.579 [FXGL Background Thread 3 ] DEBUG Engine               - runtimeInfo: RuntimeInfo(platform=WINDOWS, version=21+dev-SNAPSHOT, build=26.03.2024 21.04)
13:44:25.579 [FXGL Background Thread 3 ] DEBUG Engine               - saveFileExt: sav
13:44:25.579 [FXGL Background Thread 3 ] DEBUG Engine               - scaledHeightProp$fxgl: DoubleProperty [bound, value: 720.0]
13:44:25.579 [FXGL Background Thread 3 ] DEBUG Engine               - scaledWidthProp$fxgl: DoubleProperty [bound, value: 1280.0]
13:44:25.579 [FXGL Background Thread 3 ] DEBUG Engine               - sceneFactory: org.example.core.GameApp$1@45063f16
13:44:25.579 [FXGL Background Thread 3 ] DEBUG Engine               - secondsIn24h: 60
13:44:25.579 [FXGL Background Thread 3 ] DEBUG Engine               - soundMenuBack: menu/back.wav
13:44:25.579 [FXGL Background Thread 3 ] DEBUG Engine               - soundMenuPress: menu/press.wav
13:44:25.579 [FXGL Background Thread 3 ] DEBUG Engine               - soundMenuSelect: menu/select.wav
13:44:25.579 [FXGL Background Thread 3 ] DEBUG Engine               - soundNotification: core/notification.wav
13:44:25.579 [FXGL Background Thread 3 ] DEBUG Engine               - stageStyle: DECORATED
13:44:25.580 [FXGL Background Thread 3 ] DEBUG Engine               - supportedLanguages: [ENGLISH, FRENCH, GERMAN, HUNGARIAN, RUSSIAN]
13:44:25.580 [FXGL Background Thread 3 ] DEBUG Engine               - ticksPerSecond: -1
13:44:25.580 [FXGL Background Thread 3 ] DEBUG Engine               - title: Prototype Game
13:44:25.580 [FXGL Background Thread 3 ] DEBUG Engine               - urlGithub: https://github.com/AlmasB/FXGL
13:44:25.580 [FXGL Background Thread 3 ] DEBUG Engine               - urlLeaderboard: http://fxgl-top.herokuapp.com/
13:44:25.580 [FXGL Background Thread 3 ] DEBUG Engine               - urlPOM: https://raw.githubusercontent.com/AlmasB/FXGL/release/README.md
13:44:25.580 [FXGL Background Thread 3 ] DEBUG Engine               - userAppClass: class org.example.core.GameApp
13:44:25.580 [FXGL Background Thread 3 ] DEBUG Engine               - version: 0.1.5
13:44:25.580 [FXGL Background Thread 3 ] DEBUG Engine               - versionCheckDays: 7
13:44:25.580 [FXGL Background Thread 3 ] DEBUG Engine               - width: 1280
13:44:25.580 [FXGL Background Thread 3 ] DEBUG Engine               - Logging services
13:44:25.580 [FXGL Background Thread 3 ] DEBUG Engine               - class com.almasb.fxgl.app.services.FXGLAssetLoaderService
13:44:25.580 [FXGL Background Thread 3 ] DEBUG Engine               - class com.almasb.fxgl.app.FXGLApplication$GameApplicationService
13:44:25.580 [FXGL Background Thread 3 ] DEBUG Engine               - class com.almasb.fxgl.app.services.FXGLDialogService
13:44:25.580 [FXGL Background Thread 3 ] DEBUG Engine               - class com.almasb.fxgl.app.services.IOTaskExecutorService
13:44:25.580 [FXGL Background Thread 3 ] DEBUG Engine               - class com.almasb.fxgl.io.FileSystemService
13:44:25.580 [FXGL Background Thread 3 ] DEBUG Engine               - class com.almasb.fxgl.localization.LocalizationService
13:44:25.580 [FXGL Background Thread 3 ] DEBUG Engine               - class com.almasb.fxgl.app.services.SystemBundleService
13:44:25.580 [FXGL Background Thread 3 ] DEBUG Engine               - class com.almasb.fxgl.profile.SaveLoadService
13:44:25.580 [FXGL Background Thread 3 ] DEBUG Engine               - class com.almasb.fxgl.ui.FXGLUIFactoryServiceProvider
13:44:25.580 [FXGL Background Thread 3 ] DEBUG Engine               - class com.almasb.fxgl.ui.FXGLDialogFactoryServiceProvider
13:44:25.581 [FXGL Background Thread 3 ] DEBUG Engine               - class com.almasb.fxgl.audio.AudioPlayer
13:44:25.581 [FXGL Background Thread 3 ] DEBUG Engine               - class com.almasb.fxgl.notification.impl.NotificationServiceProvider
13:44:25.581 [FXGL Background Thread 3 ] DEBUG Engine               - class com.almasb.fxgl.achievement.AchievementService
13:44:25.581 [FXGL Background Thread 3 ] DEBUG Engine               - class com.almasb.fxgl.cutscene.CutsceneService
13:44:25.581 [FXGL Background Thread 3 ] DEBUG Engine               - class com.almasb.fxgl.minigames.MiniGameService
13:44:25.581 [FXGL Background Thread 3 ] DEBUG Engine               - class com.almasb.fxgl.net.NetService
13:44:25.581 [FXGL Background Thread 3 ] DEBUG Engine               - class com.almasb.fxgl.app.services.UpdaterService
13:44:25.581 [FXGL Background Thread 3 ] DEBUG Engine               - class com.almasb.fxgl.dev.DevService
13:44:33.945 [JavaFX Application Thread] DEBUG FXGLApplication      - Exiting FXGL
13:44:33.946 [JavaFX Application Thread] DEBUG LoopRunner           - Stopping loop
13:44:33.946 [JavaFX Application Thread] DEBUG SystemBundleService  - Saving FXGL system data
13:44:33.948 [JavaFX Application Thread] DEBUG FileSystemAccess     - Writing to: C:\Users\ginac\IdeaProjects\TheOnlyException3\system\fxgl.bundle
13:44:33.952 [JavaFX Application Thread] DEBUG Async                - Shutting down background threads
13:44:33.952 [JavaFX Application Thread] DEBUG PrimaryStageWindow   - Closing main window
13:44:33.979 [JavaFX Application Thread] DEBUG Logger               - Closing Logger
