21:22:21.719 [main                     ] DEBUG Logger               - Configured Logger
21:22:21.726 [main                     ] DEBUG GameApplication      - Logging settings
Title: Prototype Game
Version: 0.1.5
Width: 1280
Height: 720
Fullscreen: false
Intro: false
Profiling: false
Single step:false
App Mode: DEVELOPER
Menu Key: ESCAPE
Stage Style: DECORATED
Scene Factory: class org.example.core.GameApp$1

21:22:22.041 [JavaFX Application Thread] DEBUG FXGLApplication      - Initializing FXGL
21:22:22.043 [JavaFX Application Thread] INFO  Engine               - FXGL-21+dev-SNAPSHOT (26.03.2024 19.46) on WINDOWS (J:24 FX:21.0.1)
21:22:22.043 [JavaFX Application Thread] DEBUG Engine               - JRE Vendor Name: Oracle Corporation
21:22:22.043 [JavaFX Application Thread] DEBUG Engine               - Running on OS: Windows 11 version 10.0
21:22:22.043 [JavaFX Application Thread] DEBUG Engine               - Architecture: amd64
21:22:22.043 [JavaFX Application Thread] INFO  Engine               - Source code and latest versions at: https://github.com/AlmasB/FXGL
21:22:22.044 [JavaFX Application Thread] INFO  Engine               -       Ask questions and discuss at: https://github.com/AlmasB/FXGL/discussions
21:22:22.044 [JavaFX Application Thread] INFO  Engine               -              Join the FXGL chat at: https://gitter.im/AlmasB/FXGL
21:22:22.127 [JavaFX Application Thread] DEBUG PrimaryStageWindow   - Creating a JavaFX scene
21:22:22.166 [JavaFX Application Thread] DEBUG PrimaryStageWindow   - Target settings size: 1280.0 x 720.0
21:22:22.166 [JavaFX Application Thread] DEBUG PrimaryStageWindow   - Scaled scene size:    1280.0 x 720.0
21:22:22.166 [JavaFX Application Thread] DEBUG PrimaryStageWindow   - Scaled ratio: (1.0, 1.0)
21:22:22.167 [JavaFX Application Thread] DEBUG PrimaryStageWindow   - Set initial scene to FXGLStartupScene
21:22:22.170 [JavaFX Application Thread] DEBUG PrimaryStageWindow   - Opening main window
21:22:22.253 [JavaFX Application Thread] DEBUG PrimaryStageWindow   - Window border size: (16.0, 39.0)
21:22:22.253 [JavaFX Application Thread] DEBUG PrimaryStageWindow   - Scaled size: 1280.0 x 720.0
21:22:22.253 [JavaFX Application Thread] DEBUG PrimaryStageWindow   - Scaled ratio: (1.0, 1.0)
21:22:22.253 [JavaFX Application Thread] DEBUG PrimaryStageWindow   - Scene size: 1280.0 x 720.0
21:22:22.254 [JavaFX Application Thread] DEBUG PrimaryStageWindow   - Stage size: 1296.0 x 759.0
21:22:22.259 [FXGL Background Thread 1 ] DEBUG Engine               - Initializing environment variables
21:22:22.305 [FXGL Background Thread 1 ] DEBUG FXGLAssetLoaderServi - User app class for loading assets: class org.example.core.GameApp
21:22:22.305 [FXGL Background Thread 1 ] DEBUG GameApplicationServi - Applying CSS: fxgl_dark.css
21:22:22.306 [FXGL Background Thread 1 ] DEBUG FXGLAssetLoaderServi - Loading from file system: jar:file:/C:/Users/primzcm/.m2/repository/com/github/almasb/fxgl/fxgl/21.1/fxgl-21.1.jar!/fxglassets/ui/css/fxgl_dark.css
21:22:22.343 [FXGL Background Thread 1 ] DEBUG GameApplicationServi - Initializing application scenes
21:22:22.369 [FXGL Background Thread 1 ] DEBUG GameWorld            - Game world initialized
21:22:22.406 [FXGL Background Thread 1 ] DEBUG PhysicsWorld         - Physics world initialized: appHeight=720, physics.ppm=50.0
21:22:22.406 [FXGL Background Thread 1 ] DEBUG PhysicsWorld         - Using strategy: BRUTE_FORCE
21:22:22.409 [FXGL Background Thread 1 ] DEBUG GameScene            - Game scene initialized: 1280x720
21:22:22.417 [FXGL Background Thread 1 ] DEBUG FXGL.DefaultMenu     - createMenuBodyGameMenu()
21:22:22.429 [FXGL Background Thread 1 ] DEBUG FXGL.DefaultMenu     - createOptionsMenu()
21:22:22.438 [FXGL Background Thread 1 ] DEBUG FXGLAssetLoaderServi - Loading from file system: jar:file:/C:/Users/primzcm/.m2/repository/com/github/almasb/fxgl/fxgl/21.1/fxgl-21.1.jar!/fxglassets/textures/particles/smoke.png
21:22:22.511 [FXGL Background Thread 1 ] DEBUG FXGLAssetLoaderServi - Loading from file system: jar:file:/C:/Users/primzcm/.m2/repository/com/github/almasb/fxgl/fxgl/21.1/fxgl-21.1.jar!/fxglassets/textures/particles/trace_horizontal.png
21:22:22.533 [FXGL Background Thread 1 ] DEBUG GameApplicationServi - Application scenes initialized
21:22:22.543 [FXGL Background Thread 1 ] DEBUG SystemBundleService  - Loading FXGL system data
21:22:22.545 [FXGL Background Thread 1 ] DEBUG FileSystemAccess     - Reading from: F:\my files\School\2nd year 2nd sem\TheOnlyException\system\fxgl.bundle
21:22:22.550 [FXGL Background Thread 1 ] DEBUG SystemBundleService  - Bundle FXGL: {}
21:22:22.550 [FXGL Background Thread 1 ] DEBUG UpdaterService       - Checking for updates
21:22:22.553 [FXGL Background Thread 4 ] DEBUG FXGLApplication      - Loading fonts
21:22:22.553 [FXGL Background Thread 4 ] DEBUG FXGLAssetLoaderServi - Loading from file system: jar:file:/C:/Users/primzcm/.m2/repository/com/github/almasb/fxgl/fxgl/21.1/fxgl-21.1.jar!/fxglassets/ui/fonts/VarelaRound-Regular.ttf
21:22:22.554 [FXGL Background Thread 1 ] DEBUG FXGLApplication      - Loading default localization
21:22:22.554 [FXGL Background Thread 1 ] DEBUG FXGLAssetLoaderServi - Loading from file system: jar:file:/C:/Users/primzcm/.m2/repository/com/github/almasb/fxgl/fxgl/21.1/fxgl-21.1.jar!/fxglassets/languages/english.lang
21:22:22.578 [FXGL Background Thread 1 ] INFO  FXGLApplication      - FXGL initialization took: 0.318 sec
21:22:22.578 [FXGL Background Thread 4 ] DEBUG FXGLAssetLoaderServi - Loading from file system: jar:file:/C:/Users/primzcm/.m2/repository/com/github/almasb/fxgl/fxgl/21.1/fxgl-21.1.jar!/fxglassets/ui/fonts/Abel-Regular.ttf
21:22:22.580 [FXGL Background Thread 4 ] DEBUG FXGLAssetLoaderServi - Loading from file system: jar:file:/C:/Users/primzcm/.m2/repository/com/github/almasb/fxgl/fxgl/21.1/fxgl-21.1.jar!/fxglassets/ui/fonts/TerminalLandMono-Regular.otf
21:22:22.581 [FXGL Background Thread 4 ] DEBUG FXGLAssetLoaderServi - Loading from file system: jar:file:/C:/Users/primzcm/.m2/repository/com/github/almasb/fxgl/fxgl/21.1/fxgl-21.1.jar!/fxglassets/ui/fonts/Courier-Prime.ttf
21:22:22.587 [JavaFX Application Thread] DEBUG Input                - Registered new binding: action0 - A
21:22:22.587 [JavaFX Application Thread] DEBUG Input                - Registered new binding: action1 - D
21:22:22.587 [JavaFX Application Thread] DEBUG Input                - Registered new binding: action2 - W
21:22:22.588 [JavaFX Application Thread] DEBUG Input                - Registered new binding: action3 - S
21:22:22.588 [JavaFX Application Thread] DEBUG FXGLAssetLoaderServi - Loading from file system: jar:file:/C:/Users/primzcm/.m2/repository/com/github/almasb/fxgl/fxgl/21.1/fxgl-21.1.jar!/fxglassets/textures/fxgl_icon.png
21:22:22.606 [JavaFX Application Thread] DEBUG FXGLAssetLoaderServi - Loading from file system: jar:file:/C:/Users/primzcm/.m2/repository/com/github/almasb/fxgl/fxgl/21.1/fxgl-21.1.jar!/fxglassets/textures/fxgl_default_cursor.png
21:22:22.608 [JavaFX Application Thread] DEBUG Input                - Registered new binding: Screenshot - CTRL+8
21:22:22.608 [JavaFX Application Thread] DEBUG Input                - Registered new binding: System info dump - CTRL+9
21:22:22.608 [JavaFX Application Thread] DEBUG Input                - Registered new binding: Restart - CTRL+R
21:22:22.609 [JavaFX Application Thread] DEBUG Input                - Registered new binding: Toggle Debug Camera - CTRL+7
21:22:22.612 [JavaFX Application Thread] DEBUG LoopRunner           - Starting loop
21:22:22.612 [JavaFX Application Thread] DEBUG LoopRunner           - Initializing JavaFX AnimationTimerLoop
21:22:22.615 [JavaFX Application Thread] DEBUG Input                - Clearing active input actions
21:22:22.620 [JavaFX Application Thread] DEBUG GameApplicationServi - Removing overlay from FXGLStartupScene and adding to FXGLMainMenuDummyScene
21:22:22.621 [JavaFX Application Thread] DEBUG PrimaryStageWindow   - FXGLStartupScene -> FXGLMainMenuDummyScene
21:22:22.621 [JavaFX Application Thread] DEBUG PrimaryStageWindow   - Push state: NameInputScene
21:22:22.794 [JavaFX Application Thread] DEBUG Input                - Clearing active input actions
21:22:22.800 [JavaFX Application Thread] DEBUG GameApplicationServi - Removing overlay from FXGLMainMenuDummyScene and adding to NameInputScene
21:22:22.800 [JavaFX Application Thread] DEBUG PrimaryStageWindow   - FXGLMainMenuDummyScene -> NameInputScene
21:22:22.800 [JavaFX Application Thread] DEBUG FXGLApplication      - Registering font factories with UI factory
21:22:22.930 [FXGL Background Thread 2 ] INFO  UpdaterService       - Your current version:  21+dev-SNAPSHOT
21:22:22.930 [FXGL Background Thread 2 ] INFO  UpdaterService       - Latest stable version: 21.1
21:22:25.274 [JavaFX Application Thread] DEBUG GameWorld            - Game world initialized
21:22:25.274 [JavaFX Application Thread] DEBUG PhysicsWorld         - Physics world initialized: appHeight=720, physics.ppm=50.0
21:22:25.274 [JavaFX Application Thread] DEBUG PhysicsWorld         - Using strategy: BRUTE_FORCE
21:22:25.275 [JavaFX Application Thread] DEBUG GameScene            - Game scene initialized: 1280x720
21:22:25.288 [JavaFX Application Thread] DEBUG PrimaryStageWindow   - Push state: MainMenuScene
21:22:25.291 [JavaFX Application Thread] DEBUG Input                - Clearing active input actions
21:22:25.293 [JavaFX Application Thread] DEBUG GameApplicationServi - Removing overlay from NameInputScene and adding to MainMenuScene
21:22:25.294 [JavaFX Application Thread] DEBUG PrimaryStageWindow   - NameInputScene -> MainMenuScene
21:22:25.553 [FXGL Background Thread 3 ] DEBUG Engine               - Logging environment variables
21:22:25.553 [FXGL Background Thread 3 ] DEBUG Engine               - achievements: []
21:22:25.553 [FXGL Background Thread 3 ] DEBUG Engine               - actualHeight: 720.0
21:22:25.553 [FXGL Background Thread 3 ] DEBUG Engine               - actualHeightProperty: ReadOnlyDoubleProperty [value: 720.0]
21:22:25.553 [FXGL Background Thread 3 ] DEBUG Engine               - actualWidth: 1280.0
21:22:25.553 [FXGL Background Thread 3 ] DEBUG Engine               - actualWidthProperty: ReadOnlyDoubleProperty [value: 1280.0]
21:22:25.553 [FXGL Background Thread 3 ] DEBUG Engine               - appIcon: fxgl_icon.png
21:22:25.553 [FXGL Background Thread 3 ] DEBUG Engine               - applicationMode: DEVELOPER
21:22:25.553 [FXGL Background Thread 3 ] DEBUG Engine               - cSSList: [fxgl_dark.css]
21:22:25.553 [FXGL Background Thread 3 ] DEBUG Engine               - collisionDetectionStrategy: BRUTE_FORCE
21:22:25.553 [FXGL Background Thread 3 ] DEBUG Engine               - configClass: Optional.empty
21:22:25.553 [FXGL Background Thread 3 ] DEBUG Engine               - credits: []
21:22:25.554 [FXGL Background Thread 3 ] DEBUG Engine               - defaultCursor: CursorInfo(imageName=fxgl_default_cursor.png, hotspotX=7.0, hotspotY=6.0)
21:22:25.554 [FXGL Background Thread 3 ] DEBUG Engine               - devBBoxColorProperty: ObjectProperty [value: 0xff0000ff]
21:22:25.554 [FXGL Background Thread 3 ] DEBUG Engine               - devEnableDebugCameraProperty: BooleanProperty [value: false]
21:22:25.554 [FXGL Background Thread 3 ] DEBUG Engine               - devSensorColorProperty: ObjectProperty [value: 0xffff00ff]
21:22:25.554 [FXGL Background Thread 3 ] DEBUG Engine               - devShowBBoxProperty: BooleanProperty [value: false]
21:22:25.554 [FXGL Background Thread 3 ] DEBUG Engine               - devShowPositionProperty: BooleanProperty [value: false]
21:22:25.554 [FXGL Background Thread 3 ] DEBUG Engine               - enabledMenuItems: []
21:22:25.554 [FXGL Background Thread 3 ] DEBUG Engine               - engineServices: [class com.almasb.fxgl.app.services.FXGLAssetLoaderService, class com.almasb.fxgl.app.FXGLApplication$GameApplicationService, class com.almasb.fxgl.app.services.FXGLDialogService, class com.almasb.fxgl.app.services.IOTaskExecutorService, class com.almasb.fxgl.io.FileSystemService, class com.almasb.fxgl.localization.LocalizationService, class com.almasb.fxgl.app.services.SystemBundleService, class com.almasb.fxgl.profile.SaveLoadService, class com.almasb.fxgl.ui.FXGLUIFactoryServiceProvider, class com.almasb.fxgl.ui.FXGLDialogFactoryServiceProvider, class com.almasb.fxgl.audio.AudioPlayer, class com.almasb.fxgl.notification.impl.NotificationServiceProvider, class com.almasb.fxgl.achievement.AchievementService, class com.almasb.fxgl.cutscene.CutsceneService, class com.almasb.fxgl.minigames.MiniGameService, class com.almasb.fxgl.net.NetService, class com.almasb.fxgl.app.services.UpdaterService, class com.almasb.fxgl.dev.DevService]
21:22:25.554 [FXGL Background Thread 3 ] DEBUG Engine               - fontGame: Abel-Regular.ttf
21:22:25.554 [FXGL Background Thread 3 ] DEBUG Engine               - fontMono: TerminalLandMono-Regular.otf
21:22:25.554 [FXGL Background Thread 3 ] DEBUG Engine               - fontSizeScaleUI: 1.0
21:22:25.554 [FXGL Background Thread 3 ] DEBUG Engine               - fontText: Courier-Prime.ttf
21:22:25.554 [FXGL Background Thread 3 ] DEBUG Engine               - fontUI: VarelaRound-Regular.ttf
21:22:25.554 [FXGL Background Thread 3 ] DEBUG Engine               - fullScreen: BooleanProperty [value: false]
21:22:25.554 [FXGL Background Thread 3 ] DEBUG Engine               - gameDifficulty: MEDIUM
21:22:25.555 [FXGL Background Thread 3 ] DEBUG Engine               - gameDifficultyProperty: ObjectProperty [value: MEDIUM]
21:22:25.555 [FXGL Background Thread 3 ] DEBUG Engine               - globalMusicVolume: 0.5
21:22:25.555 [FXGL Background Thread 3 ] DEBUG Engine               - globalMusicVolumeProperty: DoubleProperty [value: 0.5]
21:22:25.555 [FXGL Background Thread 3 ] DEBUG Engine               - globalSoundVolume: 0.5
21:22:25.555 [FXGL Background Thread 3 ] DEBUG Engine               - globalSoundVolumeProperty: DoubleProperty [value: 0.5]
21:22:25.555 [FXGL Background Thread 3 ] DEBUG Engine               - height: 720
21:22:25.555 [FXGL Background Thread 3 ] DEBUG Engine               - is3D: false
21:22:25.555 [FXGL Background Thread 3 ] DEBUG Engine               - isAndroid: false
21:22:25.555 [FXGL Background Thread 3 ] DEBUG Engine               - isBrowser: false
21:22:25.555 [FXGL Background Thread 3 ] DEBUG Engine               - isClickFeedbackEnabled: false
21:22:25.555 [FXGL Background Thread 3 ] DEBUG Engine               - isCloseConfirmation: false
21:22:25.555 [FXGL Background Thread 3 ] DEBUG Engine               - isDesktop: true
21:22:25.555 [FXGL Background Thread 3 ] DEBUG Engine               - isDeveloperMenuEnabled: false
21:22:25.555 [FXGL Background Thread 3 ] DEBUG Engine               - isEmbedded: false
21:22:25.555 [FXGL Background Thread 3 ] DEBUG Engine               - isEntityPreloadEnabled: true
21:22:25.555 [FXGL Background Thread 3 ] DEBUG Engine               - isExperimentalTiledLargeMap: false
21:22:25.555 [FXGL Background Thread 3 ] DEBUG Engine               - isFileSystemWriteAllowed: true
21:22:25.555 [FXGL Background Thread 3 ] DEBUG Engine               - isFullScreenAllowed: false
21:22:25.555 [FXGL Background Thread 3 ] DEBUG Engine               - isFullScreenFromStart: false
21:22:25.556 [FXGL Background Thread 3 ] DEBUG Engine               - isGameMenuEnabled: true
21:22:25.556 [FXGL Background Thread 3 ] DEBUG Engine               - isIOS: false
21:22:25.556 [FXGL Background Thread 3 ] DEBUG Engine               - isIntroEnabled: false
21:22:25.556 [FXGL Background Thread 3 ] DEBUG Engine               - isLinux: false
21:22:25.556 [FXGL Background Thread 3 ] DEBUG Engine               - isMac: false
21:22:25.556 [FXGL Background Thread 3 ] DEBUG Engine               - isMainMenuEnabled: true
21:22:25.556 [FXGL Background Thread 3 ] DEBUG Engine               - isManualResizeEnabled: false
21:22:25.556 [FXGL Background Thread 3 ] DEBUG Engine               - isMobile: false
21:22:25.556 [FXGL Background Thread 3 ] DEBUG Engine               - isNative: false
21:22:25.556 [FXGL Background Thread 3 ] DEBUG Engine               - isPauseMusicWhenMinimized: true
21:22:25.556 [FXGL Background Thread 3 ] DEBUG Engine               - isPreserveResizeRatio: false
21:22:25.556 [FXGL Background Thread 3 ] DEBUG Engine               - isProfilingEnabled: false
21:22:25.556 [FXGL Background Thread 3 ] DEBUG Engine               - isScaleAffectedOnResize: true
21:22:25.556 [FXGL Background Thread 3 ] DEBUG Engine               - isSingleStep: false
21:22:25.556 [FXGL Background Thread 3 ] DEBUG Engine               - isUserProfileEnabled: false
21:22:25.556 [FXGL Background Thread 3 ] DEBUG Engine               - isWindows: true
21:22:25.556 [FXGL Background Thread 3 ] DEBUG Engine               - language: ObjectProperty [value: ENGLISH]
21:22:25.556 [FXGL Background Thread 3 ] DEBUG Engine               - menuKey: ESCAPE
21:22:25.556 [FXGL Background Thread 3 ] DEBUG Engine               - mouseSensitivity: 0.2
21:22:25.556 [FXGL Background Thread 3 ] DEBUG Engine               - notificationViewClass: class com.almasb.fxgl.notification.view.XboxNotificationView
21:22:25.556 [FXGL Background Thread 3 ] DEBUG Engine               - pixelsPerMeter: 50.0
21:22:25.556 [FXGL Background Thread 3 ] DEBUG Engine               - platform: WINDOWS
21:22:25.556 [FXGL Background Thread 3 ] DEBUG Engine               - prefHeightProperty: ReadOnlyDoubleProperty [value: 720.0]
21:22:25.556 [FXGL Background Thread 3 ] DEBUG Engine               - prefWidthProperty: ReadOnlyDoubleProperty [value: 1280.0]
21:22:25.556 [FXGL Background Thread 3 ] DEBUG Engine               - profileDir: profiles/
21:22:25.556 [FXGL Background Thread 3 ] DEBUG Engine               - profileName: StringProperty [value: DEFAULT]
21:22:25.556 [FXGL Background Thread 3 ] DEBUG Engine               - randomSeed: -1
21:22:25.556 [FXGL Background Thread 3 ] DEBUG Engine               - runtimeInfo: RuntimeInfo(platform=WINDOWS, version=21+dev-SNAPSHOT, build=26.03.2024 19.46)
21:22:25.556 [FXGL Background Thread 3 ] DEBUG Engine               - saveFileExt: sav
21:22:25.556 [FXGL Background Thread 3 ] DEBUG Engine               - scaledHeightProp$fxgl: DoubleProperty [bound, value: 720.0]
21:22:25.556 [FXGL Background Thread 3 ] DEBUG Engine               - scaledWidthProp$fxgl: DoubleProperty [bound, value: 1280.0]
21:22:25.556 [FXGL Background Thread 3 ] DEBUG Engine               - sceneFactory: org.example.core.GameApp$1@49df000d
21:22:25.557 [FXGL Background Thread 3 ] DEBUG Engine               - secondsIn24h: 60
21:22:25.557 [FXGL Background Thread 3 ] DEBUG Engine               - soundMenuBack: menu/back.wav
21:22:25.557 [FXGL Background Thread 3 ] DEBUG Engine               - soundMenuPress: menu/press.wav
21:22:25.557 [FXGL Background Thread 3 ] DEBUG Engine               - soundMenuSelect: menu/select.wav
21:22:25.557 [FXGL Background Thread 3 ] DEBUG Engine               - soundNotification: core/notification.wav
21:22:25.557 [FXGL Background Thread 3 ] DEBUG Engine               - stageStyle: DECORATED
21:22:25.557 [FXGL Background Thread 3 ] DEBUG Engine               - supportedLanguages: [ENGLISH, FRENCH, GERMAN, HUNGARIAN, RUSSIAN]
21:22:25.557 [FXGL Background Thread 3 ] DEBUG Engine               - ticksPerSecond: -1
21:22:25.557 [FXGL Background Thread 3 ] DEBUG Engine               - title: Prototype Game
21:22:25.557 [FXGL Background Thread 3 ] DEBUG Engine               - urlGithub: https://github.com/AlmasB/FXGL
21:22:25.557 [FXGL Background Thread 3 ] DEBUG Engine               - urlLeaderboard: http://fxgl-top.herokuapp.com/
21:22:25.557 [FXGL Background Thread 3 ] DEBUG Engine               - urlPOM: https://raw.githubusercontent.com/AlmasB/FXGL/release/README.md
21:22:25.557 [FXGL Background Thread 3 ] DEBUG Engine               - userAppClass: class org.example.core.GameApp
21:22:25.557 [FXGL Background Thread 3 ] DEBUG Engine               - version: 0.1.5
21:22:25.557 [FXGL Background Thread 3 ] DEBUG Engine               - versionCheckDays: 7
21:22:25.557 [FXGL Background Thread 3 ] DEBUG Engine               - width: 1280
21:22:25.557 [FXGL Background Thread 3 ] DEBUG Engine               - Logging services
21:22:25.557 [FXGL Background Thread 3 ] DEBUG Engine               - class com.almasb.fxgl.app.services.FXGLAssetLoaderService
21:22:25.557 [FXGL Background Thread 3 ] DEBUG Engine               - class com.almasb.fxgl.app.FXGLApplication$GameApplicationService
21:22:25.557 [FXGL Background Thread 3 ] DEBUG Engine               - class com.almasb.fxgl.app.services.FXGLDialogService
21:22:25.557 [FXGL Background Thread 3 ] DEBUG Engine               - class com.almasb.fxgl.app.services.IOTaskExecutorService
21:22:25.557 [FXGL Background Thread 3 ] DEBUG Engine               - class com.almasb.fxgl.io.FileSystemService
21:22:25.557 [FXGL Background Thread 3 ] DEBUG Engine               - class com.almasb.fxgl.localization.LocalizationService
21:22:25.557 [FXGL Background Thread 3 ] DEBUG Engine               - class com.almasb.fxgl.app.services.SystemBundleService
21:22:25.557 [FXGL Background Thread 3 ] DEBUG Engine               - class com.almasb.fxgl.profile.SaveLoadService
21:22:25.557 [FXGL Background Thread 3 ] DEBUG Engine               - class com.almasb.fxgl.ui.FXGLUIFactoryServiceProvider
21:22:25.557 [FXGL Background Thread 3 ] DEBUG Engine               - class com.almasb.fxgl.ui.FXGLDialogFactoryServiceProvider
21:22:25.557 [FXGL Background Thread 3 ] DEBUG Engine               - class com.almasb.fxgl.audio.AudioPlayer
21:22:25.557 [FXGL Background Thread 3 ] DEBUG Engine               - class com.almasb.fxgl.notification.impl.NotificationServiceProvider
21:22:25.557 [FXGL Background Thread 3 ] DEBUG Engine               - class com.almasb.fxgl.achievement.AchievementService
21:22:25.557 [FXGL Background Thread 3 ] DEBUG Engine               - class com.almasb.fxgl.cutscene.CutsceneService
21:22:25.557 [FXGL Background Thread 3 ] DEBUG Engine               - class com.almasb.fxgl.minigames.MiniGameService
21:22:25.557 [FXGL Background Thread 3 ] DEBUG Engine               - class com.almasb.fxgl.net.NetService
21:22:25.557 [FXGL Background Thread 3 ] DEBUG Engine               - class com.almasb.fxgl.app.services.UpdaterService
21:22:25.557 [FXGL Background Thread 3 ] DEBUG Engine               - class com.almasb.fxgl.dev.DevService
21:22:25.808 [JavaFX Application Thread] DEBUG GameApplicationServi - Starting new game
21:22:25.809 [JavaFX Application Thread] DEBUG PrimaryStageWindow   - Pop state: MainMenuScene
21:22:25.809 [JavaFX Application Thread] DEBUG Input                - Clearing active input actions
21:22:25.809 [JavaFX Application Thread] DEBUG GameApplicationServi - Removing overlay from MainMenuScene and adding to NameInputScene
21:22:25.810 [JavaFX Application Thread] DEBUG PrimaryStageWindow   - NameInputScene <- MainMenuScene
21:22:25.810 [JavaFX Application Thread] DEBUG PrimaryStageWindow   - Pop state: NameInputScene
21:22:25.810 [JavaFX Application Thread] DEBUG Input                - Clearing active input actions
21:22:25.811 [JavaFX Application Thread] DEBUG GameApplicationServi - Removing overlay from NameInputScene and adding to FXGLMainMenuDummyScene
21:22:25.811 [JavaFX Application Thread] DEBUG PrimaryStageWindow   - FXGLMainMenuDummyScene <- NameInputScene
21:22:25.811 [JavaFX Application Thread] DEBUG Input                - Clearing active input actions
21:22:25.816 [JavaFX Application Thread] DEBUG GameApplicationServi - Removing overlay from FXGLMainMenuDummyScene and adding to FXGLLoadingScene
21:22:25.816 [JavaFX Application Thread] DEBUG PrimaryStageWindow   - FXGLMainMenuDummyScene -> FXGLLoadingScene
21:22:25.816 [JavaFX Application Thread] DEBUG GameApplicationServi - Clearing previous game
21:22:25.816 [JavaFX Application Thread] DEBUG GameScene            - Clearing game scene
21:22:25.816 [JavaFX Application Thread] DEBUG GameWorld            - Clearing game world
21:22:25.817 [JavaFX Application Thread] DEBUG PhysicsWorld         - Clearing physics world
21:22:25.818 [FXGL Background Thread 2 ] DEBUG FXGLApplication      - Initializing game
21:22:25.832 [FXGL Background Thread 2 ] DEBUG FXGLAssetLoaderServi - Loading from file system: file:/F:/my%20files/School/2nd%20year%202nd%20sem/TheOnlyException/Test/target/classes/assets/textures/dasd.png
21:22:25.848 [FXGL Background Thread 2 ] DEBUG FXGLAssetLoaderServi - Loading from file system: file:/F:/my%20files/School/2nd%20year%202nd%20sem/TheOnlyException/Test/target/classes/assets/textures/player-scaled.png
21:22:25.903 [FXGL Background Thread 2 ] INFO  FXGLApplication      - Game initialization took: 0.084 sec
21:22:25.906 [JavaFX Application Thread] DEBUG Input                - Clearing active input actions
21:22:25.911 [JavaFX Application Thread] DEBUG GameApplicationServi - Removing overlay from FXGLLoadingScene and adding to GameScene
21:22:25.911 [JavaFX Application Thread] DEBUG PrimaryStageWindow   - FXGLLoadingScene -> GameScene
21:22:26.352 [JavaFX Application Thread] DEBUG FXGLAssetLoaderServi - Loading from file system: file:/F:/my%20files/School/2nd%20year%202nd%20sem/TheOnlyException/Test/target/classes/assets/textures/MaggotWalk-scaled.png
21:22:26.358 [JavaFX Application Thread] DEBUG FXGLAssetLoaderServi - Loading from file system: file:/F:/my%20files/School/2nd%20year%202nd%20sem/TheOnlyException/Test/target/classes/assets/textures/BeetleMove-scaled.png
21:22:26.360 [JavaFX Application Thread] DEBUG FXGLAssetLoaderServi - Loading from file system: file:/F:/my%20files/School/2nd%20year%202nd%20sem/TheOnlyException/Test/target/classes/assets/textures/MantisMove-scaled.png
21:22:26.361 [JavaFX Application Thread] DEBUG FXGLAssetLoaderServi - Loading from file system: file:/F:/my%20files/School/2nd%20year%202nd%20sem/TheOnlyException/Test/target/classes/assets/textures/BeeMove-scaled.png
21:22:26.364 [JavaFX Application Thread] DEBUG FXGLAssetLoaderServi - Loading from file system: file:/F:/my%20files/School/2nd%20year%202nd%20sem/TheOnlyException/Test/target/classes/assets/textures/GiantFly.png
21:22:26.365 [JavaFX Application Thread] DEBUG FXGLAssetLoaderServi - Loading from file system: file:/F:/my%20files/School/2nd%20year%202nd%20sem/TheOnlyException/Test/target/classes/assets/textures/DragonFly.png
21:22:31.135 [JavaFX Application Thread] DEBUG PrimaryStageWindow   - Push state: DialogSubScene
21:22:31.135 [JavaFX Application Thread] DEBUG Input                - Clearing active input actions
21:22:31.136 [JavaFX Application Thread] DEBUG GameApplicationServi - Removing overlay from GameScene and adding to DialogSubScene
21:22:31.136 [JavaFX Application Thread] DEBUG PrimaryStageWindow   - GameScene -> DialogSubScene
21:22:32.398 [JavaFX Application Thread] DEBUG PrimaryStageWindow   - Pop state: DialogSubScene
21:22:32.398 [JavaFX Application Thread] DEBUG Input                - Clearing active input actions
21:22:32.398 [JavaFX Application Thread] DEBUG GameApplicationServi - Removing overlay from DialogSubScene and adding to GameScene
21:22:32.398 [JavaFX Application Thread] DEBUG PrimaryStageWindow   - GameScene <- DialogSubScene
21:22:34.460 [JavaFX Application Thread] DEBUG PrimaryStageWindow   - Push state: DialogSubScene
21:22:34.460 [JavaFX Application Thread] DEBUG Input                - Clearing active input actions
21:22:34.460 [JavaFX Application Thread] DEBUG GameApplicationServi - Removing overlay from GameScene and adding to DialogSubScene
21:22:34.461 [JavaFX Application Thread] DEBUG PrimaryStageWindow   - GameScene -> DialogSubScene
21:22:34.983 [JavaFX Application Thread] DEBUG PrimaryStageWindow   - Pop state: DialogSubScene
21:22:34.983 [JavaFX Application Thread] DEBUG Input                - Clearing active input actions
21:22:34.984 [JavaFX Application Thread] DEBUG GameApplicationServi - Removing overlay from DialogSubScene and adding to GameScene
21:22:34.984 [JavaFX Application Thread] DEBUG PrimaryStageWindow   - GameScene <- DialogSubScene
21:22:40.368 [JavaFX Application Thread] DEBUG PrimaryStageWindow   - Push state: DialogSubScene
21:22:40.368 [JavaFX Application Thread] DEBUG Input                - Clearing active input actions
21:22:40.368 [JavaFX Application Thread] DEBUG GameApplicationServi - Removing overlay from GameScene and adding to DialogSubScene
21:22:40.368 [JavaFX Application Thread] DEBUG PrimaryStageWindow   - GameScene -> DialogSubScene
21:22:41.094 [JavaFX Application Thread] DEBUG PrimaryStageWindow   - Pop state: DialogSubScene
21:22:41.095 [JavaFX Application Thread] DEBUG Input                - Clearing active input actions
21:22:41.095 [JavaFX Application Thread] DEBUG GameApplicationServi - Removing overlay from DialogSubScene and adding to GameScene
21:22:41.095 [JavaFX Application Thread] DEBUG PrimaryStageWindow   - GameScene <- DialogSubScene
21:22:42.633 [JavaFX Application Thread] DEBUG FXGLApplication      - Exiting FXGL
21:22:42.634 [JavaFX Application Thread] DEBUG LoopRunner           - Stopping loop
21:22:42.634 [JavaFX Application Thread] DEBUG SystemBundleService  - Saving FXGL system data
21:22:42.635 [JavaFX Application Thread] DEBUG FileSystemAccess     - Writing to: F:\my files\School\2nd year 2nd sem\TheOnlyException\system\fxgl.bundle
21:22:42.703 [JavaFX Application Thread] DEBUG Async                - Shutting down background threads
21:22:42.703 [JavaFX Application Thread] DEBUG PrimaryStageWindow   - Closing main window
21:22:42.716 [JavaFX Application Thread] DEBUG Logger               - Closing Logger
