02:04:11.991 [main                     ] DEBUG Logger               - Configured Logger
02:04:12.006 [main                     ] DEBUG GameApplication      - Logging settings
Title: Prototype
Version: 0.1.5
Width: 1280
Height: 720
Fullscreen: false
Intro: false
Profiling: false
Single step:false
App Mode: DEVELOPER
Menu Key: ESCAPE
Stage Style: DECORATED
Scene Factory: class org.example.GameApp$1

02:04:12.788 [JavaFX Application Thread] DEBUG FXGLApplication      - Initializing FXGL
02:04:12.794 [JavaFX Application Thread] INFO  Engine               - FXGL-17+dev-SNAPSHOT (01.09.2022 03.33) on WINDOWS (J:24 FX:18)
02:04:12.795 [JavaFX Application Thread] DEBUG Engine               - JRE Vendor Name: Oracle Corporation
02:04:12.795 [JavaFX Application Thread] DEBUG Engine               - Running on OS: Windows 10 version 10.0
02:04:12.795 [JavaFX Application Thread] DEBUG Engine               - Architecture: amd64
02:04:12.795 [JavaFX Application Thread] INFO  Engine               - Source code and latest versions at: https://github.com/AlmasB/FXGL
02:04:12.795 [JavaFX Application Thread] INFO  Engine               -       Ask questions and discuss at: https://github.com/AlmasB/FXGL/discussions
02:04:12.796 [JavaFX Application Thread] INFO  Engine               -              Join the FXGL chat at: https://gitter.im/AlmasB/FXGL
02:04:13.007 [JavaFX Application Thread] DEBUG PrimaryStageWindow   - Creating a JavaFX scene
02:04:13.093 [JavaFX Application Thread] DEBUG PrimaryStageWindow   - Target settings size: 1280.0 x 720.0
02:04:13.093 [JavaFX Application Thread] DEBUG PrimaryStageWindow   - Scaled scene size:    1280.0 x 720.0
02:04:13.093 [JavaFX Application Thread] DEBUG PrimaryStageWindow   - Scaled ratio: (1.0, 1.0)
02:04:13.094 [JavaFX Application Thread] DEBUG PrimaryStageWindow   - Set initial scene to FXGLStartupScene
02:04:13.107 [JavaFX Application Thread] DEBUG PrimaryStageWindow   - Opening main window
02:04:13.248 [JavaFX Application Thread] DEBUG PrimaryStageWindow   - Window border size: (16.0, 39.0)
02:04:13.248 [JavaFX Application Thread] DEBUG PrimaryStageWindow   - Scaled size: 1280.0 x 720.0
02:04:13.248 [JavaFX Application Thread] DEBUG PrimaryStageWindow   - Scaled ratio: (1.0, 1.0)
02:04:13.249 [JavaFX Application Thread] DEBUG PrimaryStageWindow   - Scene size: 1280.0 x 720.0
02:04:13.249 [JavaFX Application Thread] DEBUG PrimaryStageWindow   - Stage size: 1296.0 x 759.0
02:04:13.312 [FXGL Background Thread 1 ] DEBUG Engine               - Initializing environment variables
02:04:13.415 [FXGL Background Thread 1 ] DEBUG FXGLAssetLoaderServi - User app class for loading assets: class org.example.GameApp
02:04:13.415 [FXGL Background Thread 1 ] DEBUG GameApplicationServi - Applying CSS: fxgl_dark.css
02:04:13.417 [FXGL Background Thread 1 ] DEBUG FXGLAssetLoaderServi - Loading from file system: jar:file:/C:/Users/kurtd/.m2/repository/com/github/AlmasB/FXGL/fxgl/17.2/fxgl-17.2.jar!/fxglassets/ui/css/fxgl_dark.css
02:04:13.501 [FXGL Background Thread 1 ] DEBUG GameApplicationServi - Initializing application scenes
02:04:13.630 [FXGL Background Thread 1 ] DEBUG GameWorld            - Game world initialized
02:04:13.722 [FXGL Background Thread 1 ] DEBUG PhysicsWorld         - Physics world initialized: appHeight=720, physics.ppm=50.0
02:04:13.723 [FXGL Background Thread 1 ] DEBUG PhysicsWorld         - Using strategy: BRUTE_FORCE
02:04:13.729 [FXGL Background Thread 1 ] DEBUG GameScene            - Game scene initialized: 1280x720
02:04:13.790 [FXGL Background Thread 1 ] DEBUG FXGL.DefaultMenu     - createMenuBodyGameMenu()
02:04:13.813 [FXGL Background Thread 1 ] DEBUG FXGL.DefaultMenu     - createOptionsMenu()
02:04:13.839 [FXGL Background Thread 1 ] DEBUG FXGLAssetLoaderServi - Loading from file system: jar:file:/C:/Users/kurtd/.m2/repository/com/github/AlmasB/FXGL/fxgl/17.2/fxgl-17.2.jar!/fxglassets/textures/particles/smoke.png
02:04:14.003 [FXGL Background Thread 1 ] DEBUG FXGLAssetLoaderServi - Loading from file system: jar:file:/C:/Users/kurtd/.m2/repository/com/github/AlmasB/FXGL/fxgl/17.2/fxgl-17.2.jar!/fxglassets/textures/particles/trace_horizontal.png
02:04:14.038 [FXGL Background Thread 1 ] DEBUG GameApplicationServi - Application scenes initialized
02:04:14.062 [FXGL Background Thread 1 ] DEBUG SystemBundleService  - Loading FXGL system data
02:04:14.071 [FXGL Background Thread 1 ] DEBUG FileSystemAccess     - Reading from: C:\Users\kurtd\IdeaProjects\TheOnlyException\system\fxgl.bundle
02:04:14.082 [FXGL Background Thread 1 ] DEBUG SystemBundleService  - Bundle FXGL: {}
02:04:14.082 [FXGL Background Thread 1 ] DEBUG UpdaterService       - Checking for updates
02:04:14.092 [FXGL Background Thread 1 ] DEBUG FXGLApplication      - Loading default localization
02:04:14.093 [FXGL Background Thread 1 ] DEBUG FXGLAssetLoaderServi - Loading from file system: jar:file:/C:/Users/kurtd/.m2/repository/com/github/AlmasB/FXGL/fxgl/17.2/fxgl-17.2.jar!/fxglassets/languages/english.lang
02:04:14.098 [FXGL Background Thread 4 ] DEBUG FXGLApplication      - Loading fonts
02:04:14.100 [FXGL Background Thread 4 ] DEBUG FXGLAssetLoaderServi - Loading from file system: jar:file:/C:/Users/kurtd/.m2/repository/com/github/AlmasB/FXGL/fxgl-samples/17.2/fxgl-samples-17.2.jar!/assets/ui/fonts/VarelaRound-Regular.ttf
02:04:14.130 [FXGL Background Thread 1 ] INFO  FXGLApplication      - FXGL initialization took: 0.819 sec
02:04:14.131 [JavaFX Application Thread] DEBUG FXGLApplication      - Exiting FXGL
02:04:14.132 [JavaFX Application Thread] DEBUG LoopRunner           - Stopping loop
02:04:14.132 [JavaFX Application Thread] DEBUG LoopRunner           - Initializing JavaFX AnimationTimerLoop
02:04:14.134 [JavaFX Application Thread] DEBUG SystemBundleService  - Saving FXGL system data
02:04:14.138 [JavaFX Application Thread] DEBUG FileSystemAccess     - Writing to: C:\Users\kurtd\IdeaProjects\TheOnlyException\system\fxgl.bundle
02:04:14.141 [JavaFX Application Thread] DEBUG Async                - Shutting down background threads
02:04:14.142 [JavaFX Application Thread] DEBUG PrimaryStageWindow   - Closing main window
02:04:14.175 [JavaFX Application Thread] DEBUG Logger               - Closing Logger
