04:25:58.239 [main                     ] DEBUG Logger               - Configured Logger
04:25:58.243 [main                     ] DEBUG GameApplication      - Logging settings
Title: Prototype
Version: 0.1.5
Width: 1280
Height: 720
Fullscreen: false
Intro: false
Profiling: false
Single step:false
App Mode: DEVELOPER
Menu Key: ESCAPE
Stage Style: DECORATED
Scene Factory: class org.example.GameApp$1

04:25:58.530 [JavaFX Application Thread] DEBUG FXGLApplication      - Initializing FXGL
04:25:58.533 [JavaFX Application Thread] INFO  Engine               - FXGL-17+dev-SNAPSHOT (23.08.2022 11.12) on WINDOWS (J:24 FX:18)
04:25:58.533 [JavaFX Application Thread] DEBUG Engine               - JRE Vendor Name: Oracle Corporation
04:25:58.533 [JavaFX Application Thread] DEBUG Engine               - Running on OS: Windows 11 version 10.0
04:25:58.533 [JavaFX Application Thread] DEBUG Engine               - Architecture: amd64
04:25:58.533 [JavaFX Application Thread] INFO  Engine               - Source code and latest versions at: https://github.com/AlmasB/FXGL
04:25:58.533 [JavaFX Application Thread] INFO  Engine               -       Ask questions and discuss at: https://github.com/AlmasB/FXGL/discussions
04:25:58.533 [JavaFX Application Thread] INFO  Engine               -              Join the FXGL chat at: https://gitter.im/AlmasB/FXGL
04:25:58.607 [JavaFX Application Thread] DEBUG PrimaryStageWindow   - Creating a JavaFX scene
04:25:58.640 [JavaFX Application Thread] DEBUG PrimaryStageWindow   - Target settings size: 1280.0 x 720.0
04:25:58.640 [JavaFX Application Thread] DEBUG PrimaryStageWindow   - Scaled scene size:    1280.0 x 720.0
04:25:58.640 [JavaFX Application Thread] DEBUG PrimaryStageWindow   - Scaled ratio: (1.0, 1.0)
04:25:58.641 [JavaFX Application Thread] DEBUG PrimaryStageWindow   - Set initial scene to FXGLStartupScene
04:25:58.646 [JavaFX Application Thread] DEBUG PrimaryStageWindow   - Opening main window
04:25:58.725 [JavaFX Application Thread] DEBUG PrimaryStageWindow   - Window border size: (16.0, 39.0)
04:25:58.726 [JavaFX Application Thread] DEBUG PrimaryStageWindow   - Scaled size: 1280.0 x 720.0
04:25:58.726 [JavaFX Application Thread] DEBUG PrimaryStageWindow   - Scaled ratio: (1.0, 1.0)
04:25:58.726 [JavaFX Application Thread] DEBUG PrimaryStageWindow   - Scene size: 1280.0 x 720.0
04:25:58.726 [JavaFX Application Thread] DEBUG PrimaryStageWindow   - Stage size: 1296.0 x 759.0
04:25:58.730 [FXGL Background Thread 1 ] DEBUG Engine               - Initializing environment variables
04:25:58.758 [FXGL Background Thread 1 ] DEBUG FXGLAssetLoaderServi - User app class for loading assets: class org.example.GameApp
04:25:58.758 [FXGL Background Thread 1 ] DEBUG GameApplicationServi - Applying CSS: fxgl_dark.css
04:25:58.758 [FXGL Background Thread 1 ] DEBUG FXGLAssetLoaderServi - Loading from file system: jar:file:/C:/Users/primzcm/.m2/repository/com/github/almasb/fxgl/fxgl/17.2/fxgl-17.2.jar!/fxglassets/ui/css/fxgl_dark.css
04:25:58.788 [FXGL Background Thread 1 ] DEBUG GameApplicationServi - Initializing application scenes
04:25:58.815 [FXGL Background Thread 1 ] DEBUG GameWorld            - Game world initialized
04:25:58.855 [FXGL Background Thread 1 ] DEBUG PhysicsWorld         - Physics world initialized: appHeight=720, physics.ppm=50.0
04:25:58.855 [FXGL Background Thread 1 ] DEBUG PhysicsWorld         - Using strategy: BRUTE_FORCE
04:25:58.858 [FXGL Background Thread 1 ] DEBUG GameScene            - Game scene initialized: 1280x720
04:25:58.878 [FXGL Background Thread 1 ] DEBUG FXGL.DefaultMenu     - createMenuBodyGameMenu()
04:25:58.885 [FXGL Background Thread 1 ] DEBUG FXGL.DefaultMenu     - createOptionsMenu()
04:25:58.893 [FXGL Background Thread 1 ] DEBUG FXGLAssetLoaderServi - Loading from file system: jar:file:/C:/Users/primzcm/.m2/repository/com/github/almasb/fxgl/fxgl/17.2/fxgl-17.2.jar!/fxglassets/textures/particles/smoke.png
04:25:58.953 [FXGL Background Thread 1 ] DEBUG FXGLAssetLoaderServi - Loading from file system: jar:file:/C:/Users/primzcm/.m2/repository/com/github/almasb/fxgl/fxgl/17.2/fxgl-17.2.jar!/fxglassets/textures/particles/trace_horizontal.png
04:25:58.972 [FXGL Background Thread 1 ] DEBUG GameApplicationServi - Application scenes initialized
04:25:58.980 [FXGL Background Thread 1 ] DEBUG SystemBundleService  - Loading FXGL system data
04:25:58.981 [FXGL Background Thread 1 ] DEBUG FileSystemAccess     - Reading from: F:\my files\School\2nd year 2nd sem\TheOnlyException\system\fxgl.bundle
04:25:58.982 [FXGL Background Thread 1 ] DEBUG SystemBundleService  - Bundle FXGL: {}
04:25:58.982 [FXGL Background Thread 1 ] DEBUG UpdaterService       - Checking for updates
04:25:58.984 [FXGL Background Thread 4 ] DEBUG FXGLApplication      - Loading fonts
04:25:58.985 [FXGL Background Thread 4 ] DEBUG FXGLAssetLoaderServi - Loading from file system: jar:file:/C:/Users/primzcm/.m2/repository/com/github/almasb/fxgl/fxgl/17.2/fxgl-17.2.jar!/fxglassets/ui/fonts/VarelaRound-Regular.ttf
04:25:58.985 [FXGL Background Thread 1 ] DEBUG FXGLApplication      - Loading default localization
04:25:58.985 [FXGL Background Thread 1 ] DEBUG FXGLAssetLoaderServi - Loading from file system: jar:file:/C:/Users/primzcm/.m2/repository/com/github/almasb/fxgl/fxgl/17.2/fxgl-17.2.jar!/fxglassets/languages/english.lang
04:25:58.991 [FXGL Background Thread 4 ] DEBUG FXGLAssetLoaderServi - Loading from file system: jar:file:/C:/Users/primzcm/.m2/repository/com/github/almasb/fxgl/fxgl/17.2/fxgl-17.2.jar!/fxglassets/ui/fonts/Abel-Regular.ttf
04:25:58.992 [FXGL Background Thread 4 ] DEBUG FXGLAssetLoaderServi - Loading from file system: jar:file:/C:/Users/primzcm/.m2/repository/com/github/almasb/fxgl/fxgl/17.2/fxgl-17.2.jar!/fxglassets/ui/fonts/TerminalLandMono-Regular.otf
04:25:58.994 [FXGL Background Thread 4 ] DEBUG FXGLAssetLoaderServi - Loading from file system: jar:file:/C:/Users/primzcm/.m2/repository/com/github/almasb/fxgl/fxgl/17.2/fxgl-17.2.jar!/fxglassets/ui/fonts/Courier-Prime.ttf
04:25:58.997 [JavaFX Application Thread] DEBUG FXGLApplication      - Registering font factories with UI factory
04:25:59.007 [FXGL Background Thread 1 ] INFO  FXGLApplication      - FXGL initialization took: 0.276 sec
04:25:59.013 [JavaFX Application Thread] DEBUG Input                - Registered new binding: action0 - A
04:25:59.013 [JavaFX Application Thread] DEBUG Input                - Registered new binding: action1 - D
04:25:59.014 [JavaFX Application Thread] DEBUG Input                - Registered new binding: action2 - W
04:25:59.014 [JavaFX Application Thread] DEBUG Input                - Registered new binding: action3 - S
04:25:59.014 [JavaFX Application Thread] DEBUG FXGLAssetLoaderServi - Loading from file system: jar:file:/C:/Users/primzcm/.m2/repository/com/github/almasb/fxgl/fxgl/17.2/fxgl-17.2.jar!/fxglassets/textures/fxgl_icon.png
04:25:59.033 [JavaFX Application Thread] DEBUG FXGLAssetLoaderServi - Loading from file system: jar:file:/C:/Users/primzcm/.m2/repository/com/github/almasb/fxgl/fxgl/17.2/fxgl-17.2.jar!/fxglassets/textures/fxgl_default_cursor.png
04:25:59.036 [JavaFX Application Thread] DEBUG Input                - Registered new binding: Screenshot - CTRL+8
04:25:59.036 [JavaFX Application Thread] DEBUG Input                - Registered new binding: System info dump - CTRL+9
04:25:59.037 [JavaFX Application Thread] DEBUG Input                - Registered new binding: Restart - CTRL+R
04:25:59.038 [JavaFX Application Thread] DEBUG Input                - Registered new binding: Toggle Debug Camera - CTRL+7
04:25:59.040 [JavaFX Application Thread] DEBUG LoopRunner           - Starting loop
04:25:59.041 [JavaFX Application Thread] DEBUG LoopRunner           - Initializing JavaFX AnimationTimerLoop
04:25:59.044 [JavaFX Application Thread] DEBUG Input                - Clearing active input actions
04:25:59.048 [JavaFX Application Thread] DEBUG GameApplicationServi - Removing overlay from FXGLStartupScene and adding to FXGLMainMenuDummyScene
04:25:59.048 [JavaFX Application Thread] DEBUG PrimaryStageWindow   - FXGLStartupScene -> FXGLMainMenuDummyScene
04:25:59.048 [JavaFX Application Thread] DEBUG PrimaryStageWindow   - Push state: NameInputScene
04:25:59.048 [JavaFX Application Thread] DEBUG Input                - Clearing active input actions
04:25:59.057 [JavaFX Application Thread] DEBUG GameApplicationServi - Removing overlay from FXGLMainMenuDummyScene and adding to NameInputScene
04:25:59.057 [JavaFX Application Thread] DEBUG PrimaryStageWindow   - FXGLMainMenuDummyScene -> NameInputScene
04:25:59.280 [FXGL Background Thread 2 ] INFO  UpdaterService       - Your current version:  17+dev-SNAPSHOT
04:25:59.280 [FXGL Background Thread 2 ] INFO  UpdaterService       - Latest stable version: 21.1
04:26:01.053 [JavaFX Application Thread] DEBUG Menu                 - fireNewGame()
04:26:01.053 [JavaFX Application Thread] DEBUG GameApplicationServi - Starting new game
04:26:01.053 [JavaFX Application Thread] DEBUG PrimaryStageWindow   - Pop state: NameInputScene
04:26:01.053 [JavaFX Application Thread] DEBUG Input                - Clearing active input actions
04:26:01.054 [JavaFX Application Thread] DEBUG GameApplicationServi - Removing overlay from NameInputScene and adding to FXGLMainMenuDummyScene
04:26:01.054 [JavaFX Application Thread] DEBUG PrimaryStageWindow   - FXGLMainMenuDummyScene <- NameInputScene
04:26:01.054 [JavaFX Application Thread] DEBUG Input                - Clearing active input actions
04:26:01.058 [JavaFX Application Thread] DEBUG GameApplicationServi - Removing overlay from FXGLMainMenuDummyScene and adding to FXGLLoadingScene
04:26:01.058 [JavaFX Application Thread] DEBUG PrimaryStageWindow   - FXGLMainMenuDummyScene -> FXGLLoadingScene
04:26:01.058 [JavaFX Application Thread] DEBUG GameApplicationServi - Clearing previous game
04:26:01.058 [JavaFX Application Thread] DEBUG GameScene            - Clearing game scene
04:26:01.058 [JavaFX Application Thread] DEBUG GameWorld            - Clearing game world
04:26:01.059 [JavaFX Application Thread] DEBUG PhysicsWorld         - Clearing physics world
04:26:01.060 [FXGL Background Thread 2 ] DEBUG FXGLApplication      - Initializing game
04:26:01.061 [FXGL Background Thread 2 ] DEBUG Input                - Clearing active input actions
04:26:01.068 [FXGL Background Thread 2 ] DEBUG FXGLAssetLoaderServi - Loading from file system: file:/F:/my%20files/School/2nd%20year%202nd%20sem/TheOnlyException/Test/target/classes/assets/textures/dasd.png
04:26:01.094 [FXGL Background Thread 2 ] DEBUG FXGLAssetLoaderServi - Loading from file system: file:/F:/my%20files/School/2nd%20year%202nd%20sem/TheOnlyException/Test/target/classes/assets/textures/player-scaled.png
04:26:01.126 [FXGL Background Thread 2 ] INFO  FXGLApplication      - Game initialization took: 0.067 sec
04:26:01.126 [JavaFX Application Thread] DEBUG Input                - Clearing active input actions
04:26:01.131 [JavaFX Application Thread] DEBUG GameApplicationServi - Removing overlay from FXGLLoadingScene and adding to GameScene
04:26:01.131 [JavaFX Application Thread] DEBUG PrimaryStageWindow   - FXGLLoadingScene -> GameScene
04:26:01.568 [JavaFX Application Thread] DEBUG FXGLAssetLoaderServi - Loading from file system: file:/F:/my%20files/School/2nd%20year%202nd%20sem/TheOnlyException/Test/target/classes/assets/textures/MaggotWalk-scaled.png
04:26:01.926 [JavaFX Application Thread] DEBUG FXGLAssetLoaderServi - Loading from file system: file:/F:/my%20files/School/2nd%20year%202nd%20sem/TheOnlyException/Test/target/classes/assets/textures/BeetleMove-scaled.png
04:26:01.985 [FXGL Background Thread 3 ] DEBUG Engine               - Logging environment variables
04:26:01.985 [FXGL Background Thread 3 ] DEBUG Engine               - achievements: []
04:26:01.985 [FXGL Background Thread 3 ] DEBUG Engine               - actualHeight: 720.0
04:26:01.985 [FXGL Background Thread 3 ] DEBUG Engine               - actualHeightProperty: ReadOnlyDoubleProperty [value: 720.0]
04:26:01.985 [FXGL Background Thread 3 ] DEBUG Engine               - actualWidth: 1280.0
04:26:01.985 [FXGL Background Thread 3 ] DEBUG Engine               - actualWidthProperty: ReadOnlyDoubleProperty [value: 1280.0]
04:26:01.985 [FXGL Background Thread 3 ] DEBUG Engine               - appIcon: fxgl_icon.png
04:26:01.985 [FXGL Background Thread 3 ] DEBUG Engine               - applicationMode: DEVELOPER
04:26:01.985 [FXGL Background Thread 3 ] DEBUG Engine               - cSSList: [fxgl_dark.css]
04:26:01.985 [FXGL Background Thread 3 ] DEBUG Engine               - collisionDetectionStrategy: BRUTE_FORCE
04:26:01.985 [FXGL Background Thread 3 ] DEBUG Engine               - configClass: Optional.empty
04:26:01.985 [FXGL Background Thread 3 ] DEBUG Engine               - credits: []
04:26:01.985 [FXGL Background Thread 3 ] DEBUG Engine               - defaultCursor: CursorInfo(imageName=fxgl_default_cursor.png, hotspotX=7.0, hotspotY=6.0)
04:26:01.985 [FXGL Background Thread 3 ] DEBUG Engine               - devBBoxColorProperty: ObjectProperty [value: 0xff0000ff]
04:26:01.985 [FXGL Background Thread 3 ] DEBUG Engine               - devEnableDebugCameraProperty: BooleanProperty [value: false]
04:26:01.985 [FXGL Background Thread 3 ] DEBUG Engine               - devSensorColorProperty: ObjectProperty [value: 0xffff00ff]
04:26:01.986 [FXGL Background Thread 3 ] DEBUG Engine               - devShowBBoxProperty: BooleanProperty [value: false]
04:26:01.986 [FXGL Background Thread 3 ] DEBUG Engine               - devShowPositionProperty: BooleanProperty [value: false]
04:26:01.986 [FXGL Background Thread 3 ] DEBUG Engine               - enabledMenuItems: []
04:26:01.986 [FXGL Background Thread 3 ] DEBUG Engine               - engineServices: [class com.almasb.fxgl.app.services.FXGLAssetLoaderService, class com.almasb.fxgl.app.FXGLApplication$GameApplicationService, class com.almasb.fxgl.app.services.FXGLDialogService, class com.almasb.fxgl.app.services.IOTaskExecutorService, class com.almasb.fxgl.io.FileSystemService, class com.almasb.fxgl.localization.LocalizationService, class com.almasb.fxgl.app.services.SystemBundleService, class com.almasb.fxgl.profile.SaveLoadService, class com.almasb.fxgl.ui.FXGLUIFactoryServiceProvider, class com.almasb.fxgl.ui.FXGLDialogFactoryServiceProvider, class com.almasb.fxgl.audio.AudioPlayer, class com.almasb.fxgl.notification.impl.NotificationServiceProvider, class com.almasb.fxgl.achievement.AchievementService, class com.almasb.fxgl.cutscene.CutsceneService, class com.almasb.fxgl.minigames.MiniGameService, class com.almasb.fxgl.net.NetService, class com.almasb.fxgl.app.services.UpdaterService, class com.almasb.fxgl.dev.DevService]
04:26:01.986 [FXGL Background Thread 3 ] DEBUG Engine               - fontGame: Abel-Regular.ttf
04:26:01.986 [FXGL Background Thread 3 ] DEBUG Engine               - fontMono: TerminalLandMono-Regular.otf
04:26:01.986 [FXGL Background Thread 3 ] DEBUG Engine               - fontText: Courier-Prime.ttf
04:26:01.986 [FXGL Background Thread 3 ] DEBUG Engine               - fontUI: VarelaRound-Regular.ttf
04:26:01.986 [FXGL Background Thread 3 ] DEBUG Engine               - fullScreen: BooleanProperty [value: false]
04:26:01.986 [FXGL Background Thread 3 ] DEBUG Engine               - gameDifficulty: MEDIUM
04:26:01.986 [FXGL Background Thread 3 ] DEBUG Engine               - gameDifficultyProperty: ObjectProperty [value: MEDIUM]
04:26:01.986 [FXGL Background Thread 3 ] DEBUG Engine               - globalMusicVolume: 0.5
04:26:01.986 [FXGL Background Thread 3 ] DEBUG Engine               - globalMusicVolumeProperty: DoubleProperty [value: 0.5]
04:26:01.986 [FXGL Background Thread 3 ] DEBUG Engine               - globalSoundVolume: 0.5
04:26:01.986 [FXGL Background Thread 3 ] DEBUG Engine               - globalSoundVolumeProperty: DoubleProperty [value: 0.5]
04:26:01.986 [FXGL Background Thread 3 ] DEBUG Engine               - height: 720
04:26:01.986 [FXGL Background Thread 3 ] DEBUG Engine               - is3D: false
04:26:01.986 [FXGL Background Thread 3 ] DEBUG Engine               - isAndroid: false
04:26:01.986 [FXGL Background Thread 3 ] DEBUG Engine               - isBrowser: false
04:26:01.986 [FXGL Background Thread 3 ] DEBUG Engine               - isClickFeedbackEnabled: false
04:26:01.986 [FXGL Background Thread 3 ] DEBUG Engine               - isCloseConfirmation: false
04:26:01.986 [FXGL Background Thread 3 ] DEBUG Engine               - isDesktop: true
04:26:01.986 [FXGL Background Thread 3 ] DEBUG Engine               - isDeveloperMenuEnabled: false
04:26:01.986 [FXGL Background Thread 3 ] DEBUG Engine               - isEmbedded: false
04:26:01.986 [FXGL Background Thread 3 ] DEBUG Engine               - isEntityPreloadEnabled: true
04:26:01.986 [FXGL Background Thread 3 ] DEBUG Engine               - isExperimentalTiledLargeMap: false
04:26:01.986 [FXGL Background Thread 3 ] DEBUG Engine               - isFileSystemWriteAllowed: true
04:26:01.986 [FXGL Background Thread 3 ] DEBUG Engine               - isFullScreenAllowed: false
04:26:01.986 [FXGL Background Thread 3 ] DEBUG Engine               - isFullScreenFromStart: false
04:26:01.986 [FXGL Background Thread 3 ] DEBUG Engine               - isGameMenuEnabled: true
04:26:01.986 [FXGL Background Thread 3 ] DEBUG Engine               - isIOS: false
04:26:01.986 [FXGL Background Thread 3 ] DEBUG Engine               - isIntroEnabled: false
04:26:01.987 [FXGL Background Thread 3 ] DEBUG Engine               - isLinux: false
04:26:01.987 [FXGL Background Thread 3 ] DEBUG Engine               - isMac: false
04:26:01.987 [FXGL Background Thread 3 ] DEBUG Engine               - isMainMenuEnabled: true
04:26:01.987 [FXGL Background Thread 3 ] DEBUG Engine               - isManualResizeEnabled: false
04:26:01.987 [FXGL Background Thread 3 ] DEBUG Engine               - isMobile: false
04:26:01.987 [FXGL Background Thread 3 ] DEBUG Engine               - isNative: false
04:26:01.987 [FXGL Background Thread 3 ] DEBUG Engine               - isPauseMusicWhenMinimized: true
04:26:01.987 [FXGL Background Thread 3 ] DEBUG Engine               - isPreserveResizeRatio: false
04:26:01.987 [FXGL Background Thread 3 ] DEBUG Engine               - isProfilingEnabled: false
04:26:01.987 [FXGL Background Thread 3 ] DEBUG Engine               - isScaleAffectedOnResize: true
04:26:01.987 [FXGL Background Thread 3 ] DEBUG Engine               - isSingleStep: false
04:26:01.987 [FXGL Background Thread 3 ] DEBUG Engine               - isUserProfileEnabled: false
04:26:01.987 [FXGL Background Thread 3 ] DEBUG Engine               - isWindows: true
04:26:01.987 [FXGL Background Thread 3 ] DEBUG Engine               - language: ObjectProperty [value: ENGLISH]
04:26:01.987 [FXGL Background Thread 3 ] DEBUG Engine               - menuKey: ESCAPE
04:26:01.987 [FXGL Background Thread 3 ] DEBUG Engine               - mouseSensitivity: 0.2
04:26:01.987 [FXGL Background Thread 3 ] DEBUG Engine               - notificationViewClass: class com.almasb.fxgl.notification.view.XboxNotificationView
04:26:01.987 [FXGL Background Thread 3 ] DEBUG Engine               - pixelsPerMeter: 50.0
04:26:01.987 [FXGL Background Thread 3 ] DEBUG Engine               - platform: WINDOWS
04:26:01.987 [FXGL Background Thread 3 ] DEBUG Engine               - prefHeightProperty: ReadOnlyDoubleProperty [value: 720.0]
04:26:01.987 [FXGL Background Thread 3 ] DEBUG Engine               - prefWidthProperty: ReadOnlyDoubleProperty [value: 1280.0]
04:26:01.987 [FXGL Background Thread 3 ] DEBUG Engine               - profileDir: profiles/
04:26:01.987 [FXGL Background Thread 3 ] DEBUG Engine               - profileName: StringProperty [value: DEFAULT]
04:26:01.987 [FXGL Background Thread 3 ] DEBUG Engine               - randomSeed: -1
04:26:01.987 [FXGL Background Thread 3 ] DEBUG Engine               - runtimeInfo: RuntimeInfo(platform=WINDOWS, version=17+dev-SNAPSHOT, build=23.08.2022 11.12)
04:26:01.987 [FXGL Background Thread 3 ] DEBUG Engine               - saveFileExt: sav
04:26:01.987 [FXGL Background Thread 3 ] DEBUG Engine               - scaledHeightProp$fxgl: DoubleProperty [bound, value: 720.0]
04:26:01.987 [FXGL Background Thread 3 ] DEBUG Engine               - scaledWidthProp$fxgl: DoubleProperty [bound, value: 1280.0]
04:26:01.987 [FXGL Background Thread 3 ] DEBUG Engine               - sceneFactory: org.example.GameApp$1@73dd8e48
04:26:01.987 [FXGL Background Thread 3 ] DEBUG Engine               - secondsIn24h: 60
04:26:01.987 [FXGL Background Thread 3 ] DEBUG Engine               - soundMenuBack: menu/back.wav
04:26:01.987 [FXGL Background Thread 3 ] DEBUG Engine               - soundMenuPress: menu/press.wav
04:26:01.987 [FXGL Background Thread 3 ] DEBUG Engine               - soundMenuSelect: menu/select.wav
04:26:01.987 [FXGL Background Thread 3 ] DEBUG Engine               - soundNotification: core/notification.wav
04:26:01.987 [FXGL Background Thread 3 ] DEBUG Engine               - stageStyle: DECORATED
04:26:01.987 [FXGL Background Thread 3 ] DEBUG Engine               - supportedLanguages: [ENGLISH, FRENCH, GERMAN, HUNGARIAN, RUSSIAN]
04:26:01.987 [FXGL Background Thread 3 ] DEBUG Engine               - ticksPerSecond: -1
04:26:01.987 [FXGL Background Thread 3 ] DEBUG Engine               - title: Prototype
04:26:01.987 [FXGL Background Thread 3 ] DEBUG Engine               - urlGithub: https://github.com/AlmasB/FXGL
04:26:01.987 [FXGL Background Thread 3 ] DEBUG Engine               - urlLeaderboard: http://fxgl-top.herokuapp.com/
04:26:01.987 [FXGL Background Thread 3 ] DEBUG Engine               - urlPOM: https://raw.githubusercontent.com/AlmasB/FXGL/release/README.md
04:26:01.987 [FXGL Background Thread 3 ] DEBUG Engine               - userAppClass: class org.example.GameApp
04:26:01.987 [FXGL Background Thread 3 ] DEBUG Engine               - version: 0.1.5
04:26:01.987 [FXGL Background Thread 3 ] DEBUG Engine               - versionCheckDays: 7
04:26:01.987 [FXGL Background Thread 3 ] DEBUG Engine               - width: 1280
04:26:01.987 [FXGL Background Thread 3 ] DEBUG Engine               - Logging services
04:26:01.988 [FXGL Background Thread 3 ] DEBUG Engine               - class com.almasb.fxgl.app.services.FXGLAssetLoaderService
04:26:01.988 [FXGL Background Thread 3 ] DEBUG Engine               - class com.almasb.fxgl.app.FXGLApplication$GameApplicationService
04:26:01.988 [FXGL Background Thread 3 ] DEBUG Engine               - class com.almasb.fxgl.app.services.FXGLDialogService
04:26:01.988 [FXGL Background Thread 3 ] DEBUG Engine               - class com.almasb.fxgl.app.services.IOTaskExecutorService
04:26:01.988 [FXGL Background Thread 3 ] DEBUG Engine               - class com.almasb.fxgl.io.FileSystemService
04:26:01.988 [FXGL Background Thread 3 ] DEBUG Engine               - class com.almasb.fxgl.localization.LocalizationService
04:26:01.988 [FXGL Background Thread 3 ] DEBUG Engine               - class com.almasb.fxgl.app.services.SystemBundleService
04:26:01.988 [FXGL Background Thread 3 ] DEBUG Engine               - class com.almasb.fxgl.profile.SaveLoadService
04:26:01.988 [FXGL Background Thread 3 ] DEBUG Engine               - class com.almasb.fxgl.ui.FXGLUIFactoryServiceProvider
04:26:01.988 [FXGL Background Thread 3 ] DEBUG Engine               - class com.almasb.fxgl.ui.FXGLDialogFactoryServiceProvider
04:26:01.988 [FXGL Background Thread 3 ] DEBUG Engine               - class com.almasb.fxgl.audio.AudioPlayer
04:26:01.988 [FXGL Background Thread 3 ] DEBUG Engine               - class com.almasb.fxgl.notification.impl.NotificationServiceProvider
04:26:01.988 [FXGL Background Thread 3 ] DEBUG Engine               - class com.almasb.fxgl.achievement.AchievementService
04:26:01.988 [FXGL Background Thread 3 ] DEBUG Engine               - class com.almasb.fxgl.cutscene.CutsceneService
04:26:01.988 [FXGL Background Thread 3 ] DEBUG Engine               - class com.almasb.fxgl.minigames.MiniGameService
04:26:01.988 [FXGL Background Thread 3 ] DEBUG Engine               - class com.almasb.fxgl.net.NetService
04:26:01.988 [FXGL Background Thread 3 ] DEBUG Engine               - class com.almasb.fxgl.app.services.UpdaterService
04:26:01.988 [FXGL Background Thread 3 ] DEBUG Engine               - class com.almasb.fxgl.dev.DevService
04:26:02.290 [JavaFX Application Thread] DEBUG FXGLAssetLoaderServi - Loading from file system: file:/F:/my%20files/School/2nd%20year%202nd%20sem/TheOnlyException/Test/target/classes/assets/textures/MantisMove-scaled.png
04:26:03.752 [JavaFX Application Thread] DEBUG PrimaryStageWindow   - Push state: DialogSubScene
04:26:03.752 [JavaFX Application Thread] DEBUG Input                - Clearing active input actions
04:26:03.753 [JavaFX Application Thread] DEBUG GameApplicationServi - Removing overlay from GameScene and adding to DialogSubScene
04:26:03.753 [JavaFX Application Thread] DEBUG PrimaryStageWindow   - GameScene -> DialogSubScene
04:26:04.912 [JavaFX Application Thread] DEBUG PrimaryStageWindow   - Pop state: DialogSubScene
04:26:04.912 [JavaFX Application Thread] DEBUG Input                - Clearing active input actions
04:26:04.913 [JavaFX Application Thread] DEBUG GameApplicationServi - Removing overlay from DialogSubScene and adding to GameScene
04:26:04.913 [JavaFX Application Thread] DEBUG PrimaryStageWindow   - GameScene <- DialogSubScene
04:26:07.770 [JavaFX Application Thread] DEBUG PrimaryStageWindow   - Push state: DialogSubScene
04:26:07.770 [JavaFX Application Thread] DEBUG Input                - Clearing active input actions
04:26:07.771 [JavaFX Application Thread] DEBUG GameApplicationServi - Removing overlay from GameScene and adding to DialogSubScene
04:26:07.771 [JavaFX Application Thread] DEBUG PrimaryStageWindow   - GameScene -> DialogSubScene
04:26:08.579 [JavaFX Application Thread] DEBUG PrimaryStageWindow   - Pop state: DialogSubScene
04:26:08.579 [JavaFX Application Thread] DEBUG Input                - Clearing active input actions
04:26:08.579 [JavaFX Application Thread] DEBUG GameApplicationServi - Removing overlay from DialogSubScene and adding to GameScene
04:26:08.579 [JavaFX Application Thread] DEBUG PrimaryStageWindow   - GameScene <- DialogSubScene
04:26:14.151 [JavaFX Application Thread] DEBUG PrimaryStageWindow   - Push state: DialogSubScene
04:26:14.151 [JavaFX Application Thread] DEBUG Input                - Clearing active input actions
04:26:14.151 [JavaFX Application Thread] DEBUG GameApplicationServi - Removing overlay from GameScene and adding to DialogSubScene
04:26:14.151 [JavaFX Application Thread] DEBUG PrimaryStageWindow   - GameScene -> DialogSubScene
04:26:14.778 [JavaFX Application Thread] DEBUG PrimaryStageWindow   - Pop state: DialogSubScene
04:26:14.778 [JavaFX Application Thread] DEBUG Input                - Clearing active input actions
04:26:14.778 [JavaFX Application Thread] DEBUG GameApplicationServi - Removing overlay from DialogSubScene and adding to GameScene
04:26:14.778 [JavaFX Application Thread] DEBUG PrimaryStageWindow   - GameScene <- DialogSubScene
04:26:23.321 [JavaFX Application Thread] DEBUG PrimaryStageWindow   - Push state: DialogSubScene
04:26:23.321 [JavaFX Application Thread] DEBUG Input                - Clearing active input actions
04:26:23.321 [JavaFX Application Thread] DEBUG GameApplicationServi - Removing overlay from GameScene and adding to DialogSubScene
04:26:23.321 [JavaFX Application Thread] DEBUG PrimaryStageWindow   - GameScene -> DialogSubScene
04:26:24.140 [JavaFX Application Thread] DEBUG PrimaryStageWindow   - Pop state: DialogSubScene
04:26:24.140 [JavaFX Application Thread] DEBUG Input                - Clearing active input actions
04:26:24.140 [JavaFX Application Thread] DEBUG GameApplicationServi - Removing overlay from DialogSubScene and adding to GameScene
04:26:24.140 [JavaFX Application Thread] DEBUG PrimaryStageWindow   - GameScene <- DialogSubScene
04:26:41.272 [JavaFX Application Thread] DEBUG PrimaryStageWindow   - Push state: DialogSubScene
04:26:41.273 [JavaFX Application Thread] DEBUG Input                - Clearing active input actions
04:26:41.273 [JavaFX Application Thread] DEBUG GameApplicationServi - Removing overlay from GameScene and adding to DialogSubScene
04:26:41.273 [JavaFX Application Thread] DEBUG PrimaryStageWindow   - GameScene -> DialogSubScene
04:26:42.253 [JavaFX Application Thread] DEBUG PrimaryStageWindow   - Pop state: DialogSubScene
04:26:42.253 [JavaFX Application Thread] DEBUG Input                - Clearing active input actions
04:26:42.253 [JavaFX Application Thread] DEBUG GameApplicationServi - Removing overlay from DialogSubScene and adding to GameScene
04:26:42.253 [JavaFX Application Thread] DEBUG PrimaryStageWindow   - GameScene <- DialogSubScene
04:27:05.159 [JavaFX Application Thread] DEBUG PrimaryStageWindow   - Push state: DialogSubScene
04:27:05.159 [JavaFX Application Thread] DEBUG Input                - Clearing active input actions
04:27:05.159 [JavaFX Application Thread] DEBUG GameApplicationServi - Removing overlay from GameScene and adding to DialogSubScene
04:27:05.159 [JavaFX Application Thread] DEBUG PrimaryStageWindow   - GameScene -> DialogSubScene
04:27:06.553 [JavaFX Application Thread] DEBUG PrimaryStageWindow   - Pop state: DialogSubScene
04:27:06.553 [JavaFX Application Thread] DEBUG Input                - Clearing active input actions
04:27:06.554 [JavaFX Application Thread] DEBUG GameApplicationServi - Removing overlay from DialogSubScene and adding to GameScene
04:27:06.554 [JavaFX Application Thread] DEBUG PrimaryStageWindow   - GameScene <- DialogSubScene
04:27:09.196 [JavaFX Application Thread] DEBUG FXGLApplication      - Exiting FXGL
04:27:09.196 [JavaFX Application Thread] DEBUG LoopRunner           - Stopping loop
04:27:09.196 [JavaFX Application Thread] DEBUG SystemBundleService  - Saving FXGL system data
04:27:09.197 [JavaFX Application Thread] DEBUG FileSystemAccess     - Writing to: F:\my files\School\2nd year 2nd sem\TheOnlyException\system\fxgl.bundle
04:27:09.200 [JavaFX Application Thread] DEBUG Async                - Shutting down background threads
04:27:09.200 [JavaFX Application Thread] DEBUG PrimaryStageWindow   - Closing main window
04:27:09.210 [JavaFX Application Thread] DEBUG Logger               - Closing Logger
