14:08:38.772 [main                     ] DEBUG Logger               - Configured Logger
14:08:38.777 [main                     ] DEBUG GameApplication      - Logging settings
Title: Prototype Game
Version: 0.1.5
Width: 1280
Height: 720
Fullscreen: false
Intro: false
Profiling: false
Single step:false
App Mode: DEVELOPER
Menu Key: ESCAPE
Stage Style: DECORATED
Scene Factory: class org.example.GameApp$1

14:08:39.159 [JavaFX Application Thread] DEBUG FXGLApplication      - Initializing FXGL
14:08:39.160 [JavaFX Application Thread] INFO  Engine               - FXGL-17+dev-SNAPSHOT (23.08.2022 11.12) on WINDOWS (J:24 FX:18)
14:08:39.161 [JavaFX Application Thread] DEBUG Engine               - JRE Vendor Name: Oracle Corporation
14:08:39.161 [JavaFX Application Thread] DEBUG Engine               - Running on OS: Windows 11 version 10.0
14:08:39.161 [JavaFX Application Thread] DEBUG Engine               - Architecture: amd64
14:08:39.161 [JavaFX Application Thread] INFO  Engine               - Source code and latest versions at: https://github.com/AlmasB/FXGL
14:08:39.161 [JavaFX Application Thread] INFO  Engine               -       Ask questions and discuss at: https://github.com/AlmasB/FXGL/discussions
14:08:39.161 [JavaFX Application Thread] INFO  Engine               -              Join the FXGL chat at: https://gitter.im/AlmasB/FXGL
14:08:39.239 [JavaFX Application Thread] DEBUG PrimaryStageWindow   - Creating a JavaFX scene
14:08:39.276 [JavaFX Application Thread] DEBUG PrimaryStageWindow   - Target settings size: 1280.0 x 720.0
14:08:39.276 [JavaFX Application Thread] DEBUG PrimaryStageWindow   - Scaled scene size:    1280.0 x 720.0
14:08:39.276 [JavaFX Application Thread] DEBUG PrimaryStageWindow   - Scaled ratio: (1.0, 1.0)
14:08:39.277 [JavaFX Application Thread] DEBUG PrimaryStageWindow   - Set initial scene to FXGLStartupScene
14:08:39.283 [JavaFX Application Thread] DEBUG PrimaryStageWindow   - Opening main window
14:08:39.386 [JavaFX Application Thread] DEBUG PrimaryStageWindow   - Window border size: (16.0, 39.0)
14:08:39.387 [JavaFX Application Thread] DEBUG PrimaryStageWindow   - Scaled size: 1280.0 x 720.0
14:08:39.387 [JavaFX Application Thread] DEBUG PrimaryStageWindow   - Scaled ratio: (1.0, 1.0)
14:08:39.387 [JavaFX Application Thread] DEBUG PrimaryStageWindow   - Scene size: 1280.0 x 720.0
14:08:39.387 [JavaFX Application Thread] DEBUG PrimaryStageWindow   - Stage size: 1296.0 x 759.0
14:08:39.393 [FXGL Background Thread 1 ] DEBUG Engine               - Initializing environment variables
14:08:39.427 [FXGL Background Thread 1 ] DEBUG FXGLAssetLoaderServi - User app class for loading assets: class org.example.GameApp
14:08:39.428 [FXGL Background Thread 1 ] DEBUG GameApplicationServi - Applying CSS: fxgl_dark.css
14:08:39.428 [FXGL Background Thread 1 ] DEBUG FXGLAssetLoaderServi - Loading from file system: jar:file:/C:/Users/primzcm/.m2/repository/com/github/almasb/fxgl/fxgl/17.2/fxgl-17.2.jar!/fxglassets/ui/css/fxgl_dark.css
14:08:39.461 [FXGL Background Thread 1 ] DEBUG GameApplicationServi - Initializing application scenes
14:08:39.488 [FXGL Background Thread 1 ] DEBUG GameWorld            - Game world initialized
14:08:39.530 [FXGL Background Thread 1 ] DEBUG PhysicsWorld         - Physics world initialized: appHeight=720, physics.ppm=50.0
14:08:39.531 [FXGL Background Thread 1 ] DEBUG PhysicsWorld         - Using strategy: BRUTE_FORCE
14:08:39.533 [FXGL Background Thread 1 ] DEBUG GameScene            - Game scene initialized: 1280x720
14:08:39.543 [FXGL Background Thread 1 ] DEBUG FXGL.DefaultMenu     - createMenuBodyGameMenu()
14:08:39.554 [FXGL Background Thread 1 ] DEBUG FXGL.DefaultMenu     - createOptionsMenu()
14:08:39.565 [FXGL Background Thread 1 ] DEBUG FXGLAssetLoaderServi - Loading from file system: jar:file:/C:/Users/primzcm/.m2/repository/com/github/almasb/fxgl/fxgl/17.2/fxgl-17.2.jar!/fxglassets/textures/particles/smoke.png
14:08:39.630 [FXGL Background Thread 1 ] DEBUG FXGLAssetLoaderServi - Loading from file system: jar:file:/C:/Users/primzcm/.m2/repository/com/github/almasb/fxgl/fxgl/17.2/fxgl-17.2.jar!/fxglassets/textures/particles/trace_horizontal.png
14:08:39.654 [FXGL Background Thread 1 ] DEBUG GameApplicationServi - Application scenes initialized
14:08:39.664 [FXGL Background Thread 1 ] DEBUG SystemBundleService  - Loading FXGL system data
14:08:39.665 [FXGL Background Thread 1 ] DEBUG FileSystemAccess     - Reading from: F:\my files\School\2nd year 2nd sem\TheOnlyException\system\fxgl.bundle
14:08:39.667 [FXGL Background Thread 1 ] DEBUG SystemBundleService  - Bundle FXGL: {}
14:08:39.667 [FXGL Background Thread 1 ] DEBUG UpdaterService       - Checking for updates
14:08:39.671 [FXGL Background Thread 4 ] DEBUG FXGLApplication      - Loading fonts
14:08:39.671 [FXGL Background Thread 4 ] DEBUG FXGLAssetLoaderServi - Loading from file system: jar:file:/C:/Users/primzcm/.m2/repository/com/github/almasb/fxgl/fxgl/17.2/fxgl-17.2.jar!/fxglassets/ui/fonts/VarelaRound-Regular.ttf
14:08:39.671 [FXGL Background Thread 1 ] DEBUG FXGLApplication      - Loading default localization
14:08:39.672 [FXGL Background Thread 1 ] DEBUG FXGLAssetLoaderServi - Loading from file system: jar:file:/C:/Users/primzcm/.m2/repository/com/github/almasb/fxgl/fxgl/17.2/fxgl-17.2.jar!/fxglassets/languages/english.lang
14:08:39.678 [FXGL Background Thread 4 ] DEBUG FXGLAssetLoaderServi - Loading from file system: jar:file:/C:/Users/primzcm/.m2/repository/com/github/almasb/fxgl/fxgl/17.2/fxgl-17.2.jar!/fxglassets/ui/fonts/Abel-Regular.ttf
14:08:39.681 [FXGL Background Thread 4 ] DEBUG FXGLAssetLoaderServi - Loading from file system: jar:file:/C:/Users/primzcm/.m2/repository/com/github/almasb/fxgl/fxgl/17.2/fxgl-17.2.jar!/fxglassets/ui/fonts/TerminalLandMono-Regular.otf
14:08:39.683 [FXGL Background Thread 4 ] DEBUG FXGLAssetLoaderServi - Loading from file system: jar:file:/C:/Users/primzcm/.m2/repository/com/github/almasb/fxgl/fxgl/17.2/fxgl-17.2.jar!/fxglassets/ui/fonts/Courier-Prime.ttf
14:08:39.687 [JavaFX Application Thread] DEBUG FXGLApplication      - Registering font factories with UI factory
14:08:39.690 [FXGL Background Thread 1 ] INFO  FXGLApplication      - FXGL initialization took: 0.298 sec
14:08:39.698 [JavaFX Application Thread] DEBUG Input                - Registered new binding: action0 - A
14:08:39.698 [JavaFX Application Thread] DEBUG Input                - Registered new binding: action1 - D
14:08:39.699 [JavaFX Application Thread] DEBUG Input                - Registered new binding: action2 - W
14:08:39.699 [JavaFX Application Thread] DEBUG Input                - Registered new binding: action3 - S
14:08:39.699 [JavaFX Application Thread] DEBUG FXGLAssetLoaderServi - Loading from file system: jar:file:/C:/Users/primzcm/.m2/repository/com/github/almasb/fxgl/fxgl/17.2/fxgl-17.2.jar!/fxglassets/textures/fxgl_icon.png
14:08:39.716 [JavaFX Application Thread] DEBUG FXGLAssetLoaderServi - Loading from file system: jar:file:/C:/Users/primzcm/.m2/repository/com/github/almasb/fxgl/fxgl/17.2/fxgl-17.2.jar!/fxglassets/textures/fxgl_default_cursor.png
14:08:39.718 [JavaFX Application Thread] DEBUG Input                - Registered new binding: Screenshot - CTRL+8
14:08:39.720 [JavaFX Application Thread] DEBUG Input                - Registered new binding: System info dump - CTRL+9
14:08:39.720 [JavaFX Application Thread] DEBUG Input                - Registered new binding: Restart - CTRL+R
14:08:39.721 [JavaFX Application Thread] DEBUG Input                - Registered new binding: Toggle Debug Camera - CTRL+7
14:08:39.729 [JavaFX Application Thread] DEBUG LoopRunner           - Starting loop
14:08:39.729 [JavaFX Application Thread] DEBUG LoopRunner           - Initializing JavaFX AnimationTimerLoop
14:08:39.733 [JavaFX Application Thread] DEBUG Input                - Clearing active input actions
14:08:39.738 [JavaFX Application Thread] DEBUG GameApplicationServi - Removing overlay from FXGLStartupScene and adding to FXGLMainMenuDummyScene
14:08:39.740 [JavaFX Application Thread] DEBUG PrimaryStageWindow   - FXGLStartupScene -> FXGLMainMenuDummyScene
14:08:39.740 [JavaFX Application Thread] DEBUG PrimaryStageWindow   - Push state: NameInputScene
14:08:39.945 [JavaFX Application Thread] DEBUG Input                - Clearing active input actions
14:08:39.955 [JavaFX Application Thread] DEBUG GameApplicationServi - Removing overlay from FXGLMainMenuDummyScene and adding to NameInputScene
14:08:39.955 [JavaFX Application Thread] DEBUG PrimaryStageWindow   - FXGLMainMenuDummyScene -> NameInputScene
14:08:40.042 [FXGL Background Thread 2 ] INFO  UpdaterService       - Your current version:  17+dev-SNAPSHOT
14:08:40.042 [FXGL Background Thread 2 ] INFO  UpdaterService       - Latest stable version: 21.1
14:08:42.670 [FXGL Background Thread 3 ] DEBUG Engine               - Logging environment variables
14:08:42.670 [FXGL Background Thread 3 ] DEBUG Engine               - achievements: []
14:08:42.670 [FXGL Background Thread 3 ] DEBUG Engine               - actualHeight: 720.0
14:08:42.670 [FXGL Background Thread 3 ] DEBUG Engine               - actualHeightProperty: ReadOnlyDoubleProperty [value: 720.0]
14:08:42.670 [FXGL Background Thread 3 ] DEBUG Engine               - actualWidth: 1280.0
14:08:42.671 [FXGL Background Thread 3 ] DEBUG Engine               - actualWidthProperty: ReadOnlyDoubleProperty [value: 1280.0]
14:08:42.671 [FXGL Background Thread 3 ] DEBUG Engine               - appIcon: fxgl_icon.png
14:08:42.671 [FXGL Background Thread 3 ] DEBUG Engine               - applicationMode: DEVELOPER
14:08:42.671 [FXGL Background Thread 3 ] DEBUG Engine               - cSSList: [fxgl_dark.css]
14:08:42.671 [FXGL Background Thread 3 ] DEBUG Engine               - collisionDetectionStrategy: BRUTE_FORCE
14:08:42.671 [FXGL Background Thread 3 ] DEBUG Engine               - configClass: Optional.empty
14:08:42.671 [FXGL Background Thread 3 ] DEBUG Engine               - credits: []
14:08:42.671 [FXGL Background Thread 3 ] DEBUG Engine               - defaultCursor: CursorInfo(imageName=fxgl_default_cursor.png, hotspotX=7.0, hotspotY=6.0)
14:08:42.671 [FXGL Background Thread 3 ] DEBUG Engine               - devBBoxColorProperty: ObjectProperty [value: 0xff0000ff]
14:08:42.671 [FXGL Background Thread 3 ] DEBUG Engine               - devEnableDebugCameraProperty: BooleanProperty [value: false]
14:08:42.671 [FXGL Background Thread 3 ] DEBUG Engine               - devSensorColorProperty: ObjectProperty [value: 0xffff00ff]
14:08:42.671 [FXGL Background Thread 3 ] DEBUG Engine               - devShowBBoxProperty: BooleanProperty [value: false]
14:08:42.671 [FXGL Background Thread 3 ] DEBUG Engine               - devShowPositionProperty: BooleanProperty [value: false]
14:08:42.671 [FXGL Background Thread 3 ] DEBUG Engine               - enabledMenuItems: []
14:08:42.671 [FXGL Background Thread 3 ] DEBUG Engine               - engineServices: [class com.almasb.fxgl.app.services.FXGLAssetLoaderService, class com.almasb.fxgl.app.FXGLApplication$GameApplicationService, class com.almasb.fxgl.app.services.FXGLDialogService, class com.almasb.fxgl.app.services.IOTaskExecutorService, class com.almasb.fxgl.io.FileSystemService, class com.almasb.fxgl.localization.LocalizationService, class com.almasb.fxgl.app.services.SystemBundleService, class com.almasb.fxgl.profile.SaveLoadService, class com.almasb.fxgl.ui.FXGLUIFactoryServiceProvider, class com.almasb.fxgl.ui.FXGLDialogFactoryServiceProvider, class com.almasb.fxgl.audio.AudioPlayer, class com.almasb.fxgl.notification.impl.NotificationServiceProvider, class com.almasb.fxgl.achievement.AchievementService, class com.almasb.fxgl.cutscene.CutsceneService, class com.almasb.fxgl.minigames.MiniGameService, class com.almasb.fxgl.net.NetService, class com.almasb.fxgl.app.services.UpdaterService, class com.almasb.fxgl.dev.DevService]
14:08:42.672 [FXGL Background Thread 3 ] DEBUG Engine               - fontGame: Abel-Regular.ttf
14:08:42.672 [FXGL Background Thread 3 ] DEBUG Engine               - fontMono: TerminalLandMono-Regular.otf
14:08:42.672 [FXGL Background Thread 3 ] DEBUG Engine               - fontText: Courier-Prime.ttf
14:08:42.672 [FXGL Background Thread 3 ] DEBUG Engine               - fontUI: VarelaRound-Regular.ttf
14:08:42.672 [FXGL Background Thread 3 ] DEBUG Engine               - fullScreen: BooleanProperty [value: false]
14:08:42.672 [FXGL Background Thread 3 ] DEBUG Engine               - gameDifficulty: MEDIUM
14:08:42.672 [FXGL Background Thread 3 ] DEBUG Engine               - gameDifficultyProperty: ObjectProperty [value: MEDIUM]
14:08:42.672 [FXGL Background Thread 3 ] DEBUG Engine               - globalMusicVolume: 0.5
14:08:42.672 [FXGL Background Thread 3 ] DEBUG Engine               - globalMusicVolumeProperty: DoubleProperty [value: 0.5]
14:08:42.672 [FXGL Background Thread 3 ] DEBUG Engine               - globalSoundVolume: 0.5
14:08:42.672 [FXGL Background Thread 3 ] DEBUG Engine               - globalSoundVolumeProperty: DoubleProperty [value: 0.5]
14:08:42.672 [FXGL Background Thread 3 ] DEBUG Engine               - height: 720
14:08:42.672 [FXGL Background Thread 3 ] DEBUG Engine               - is3D: false
14:08:42.672 [FXGL Background Thread 3 ] DEBUG Engine               - isAndroid: false
14:08:42.672 [FXGL Background Thread 3 ] DEBUG Engine               - isBrowser: false
14:08:42.672 [FXGL Background Thread 3 ] DEBUG Engine               - isClickFeedbackEnabled: false
14:08:42.672 [FXGL Background Thread 3 ] DEBUG Engine               - isCloseConfirmation: false
14:08:42.672 [FXGL Background Thread 3 ] DEBUG Engine               - isDesktop: true
14:08:42.672 [FXGL Background Thread 3 ] DEBUG Engine               - isDeveloperMenuEnabled: false
14:08:42.672 [FXGL Background Thread 3 ] DEBUG Engine               - isEmbedded: false
14:08:42.672 [FXGL Background Thread 3 ] DEBUG Engine               - isEntityPreloadEnabled: true
14:08:42.672 [FXGL Background Thread 3 ] DEBUG Engine               - isExperimentalTiledLargeMap: false
14:08:42.672 [FXGL Background Thread 3 ] DEBUG Engine               - isFileSystemWriteAllowed: true
14:08:42.672 [FXGL Background Thread 3 ] DEBUG Engine               - isFullScreenAllowed: false
14:08:42.672 [FXGL Background Thread 3 ] DEBUG Engine               - isFullScreenFromStart: false
14:08:42.672 [FXGL Background Thread 3 ] DEBUG Engine               - isGameMenuEnabled: true
14:08:42.672 [FXGL Background Thread 3 ] DEBUG Engine               - isIOS: false
14:08:42.672 [FXGL Background Thread 3 ] DEBUG Engine               - isIntroEnabled: false
14:08:42.673 [FXGL Background Thread 3 ] DEBUG Engine               - isLinux: false
14:08:42.673 [FXGL Background Thread 3 ] DEBUG Engine               - isMac: false
14:08:42.673 [FXGL Background Thread 3 ] DEBUG Engine               - isMainMenuEnabled: true
14:08:42.673 [FXGL Background Thread 3 ] DEBUG Engine               - isManualResizeEnabled: false
14:08:42.673 [FXGL Background Thread 3 ] DEBUG Engine               - isMobile: false
14:08:42.673 [FXGL Background Thread 3 ] DEBUG Engine               - isNative: false
14:08:42.673 [FXGL Background Thread 3 ] DEBUG Engine               - isPauseMusicWhenMinimized: true
14:08:42.673 [FXGL Background Thread 3 ] DEBUG Engine               - isPreserveResizeRatio: false
14:08:42.673 [FXGL Background Thread 3 ] DEBUG Engine               - isProfilingEnabled: false
14:08:42.673 [FXGL Background Thread 3 ] DEBUG Engine               - isScaleAffectedOnResize: true
14:08:42.673 [FXGL Background Thread 3 ] DEBUG Engine               - isSingleStep: false
14:08:42.673 [FXGL Background Thread 3 ] DEBUG Engine               - isUserProfileEnabled: false
14:08:42.673 [FXGL Background Thread 3 ] DEBUG Engine               - isWindows: true
14:08:42.673 [FXGL Background Thread 3 ] DEBUG Engine               - language: ObjectProperty [value: ENGLISH]
14:08:42.673 [FXGL Background Thread 3 ] DEBUG Engine               - menuKey: ESCAPE
14:08:42.673 [FXGL Background Thread 3 ] DEBUG Engine               - mouseSensitivity: 0.2
14:08:42.673 [FXGL Background Thread 3 ] DEBUG Engine               - notificationViewClass: class com.almasb.fxgl.notification.view.XboxNotificationView
14:08:42.673 [FXGL Background Thread 3 ] DEBUG Engine               - pixelsPerMeter: 50.0
14:08:42.673 [FXGL Background Thread 3 ] DEBUG Engine               - platform: WINDOWS
14:08:42.673 [FXGL Background Thread 3 ] DEBUG Engine               - prefHeightProperty: ReadOnlyDoubleProperty [value: 720.0]
14:08:42.673 [FXGL Background Thread 3 ] DEBUG Engine               - prefWidthProperty: ReadOnlyDoubleProperty [value: 1280.0]
14:08:42.673 [FXGL Background Thread 3 ] DEBUG Engine               - profileDir: profiles/
14:08:42.673 [FXGL Background Thread 3 ] DEBUG Engine               - profileName: StringProperty [value: DEFAULT]
14:08:42.673 [FXGL Background Thread 3 ] DEBUG Engine               - randomSeed: -1
14:08:42.673 [FXGL Background Thread 3 ] DEBUG Engine               - runtimeInfo: RuntimeInfo(platform=WINDOWS, version=17+dev-SNAPSHOT, build=23.08.2022 11.12)
14:08:42.673 [FXGL Background Thread 3 ] DEBUG Engine               - saveFileExt: sav
14:08:42.674 [FXGL Background Thread 3 ] DEBUG Engine               - scaledHeightProp$fxgl: DoubleProperty [bound, value: 720.0]
14:08:42.674 [FXGL Background Thread 3 ] DEBUG Engine               - scaledWidthProp$fxgl: DoubleProperty [bound, value: 1280.0]
14:08:42.674 [FXGL Background Thread 3 ] DEBUG Engine               - sceneFactory: org.example.GameApp$1@5b8904a7
14:08:42.674 [FXGL Background Thread 3 ] DEBUG Engine               - secondsIn24h: 60
14:08:42.674 [FXGL Background Thread 3 ] DEBUG Engine               - soundMenuBack: menu/back.wav
14:08:42.674 [FXGL Background Thread 3 ] DEBUG Engine               - soundMenuPress: menu/press.wav
14:08:42.674 [FXGL Background Thread 3 ] DEBUG Engine               - soundMenuSelect: menu/select.wav
14:08:42.674 [FXGL Background Thread 3 ] DEBUG Engine               - soundNotification: core/notification.wav
14:08:42.674 [FXGL Background Thread 3 ] DEBUG Engine               - stageStyle: DECORATED
14:08:42.674 [FXGL Background Thread 3 ] DEBUG Engine               - supportedLanguages: [ENGLISH, FRENCH, GERMAN, HUNGARIAN, RUSSIAN]
14:08:42.674 [FXGL Background Thread 3 ] DEBUG Engine               - ticksPerSecond: -1
14:08:42.674 [FXGL Background Thread 3 ] DEBUG Engine               - title: Prototype Game
14:08:42.674 [FXGL Background Thread 3 ] DEBUG Engine               - urlGithub: https://github.com/AlmasB/FXGL
14:08:42.674 [FXGL Background Thread 3 ] DEBUG Engine               - urlLeaderboard: http://fxgl-top.herokuapp.com/
14:08:42.674 [FXGL Background Thread 3 ] DEBUG Engine               - urlPOM: https://raw.githubusercontent.com/AlmasB/FXGL/release/README.md
14:08:42.674 [FXGL Background Thread 3 ] DEBUG Engine               - userAppClass: class org.example.GameApp
14:08:42.674 [FXGL Background Thread 3 ] DEBUG Engine               - version: 0.1.5
14:08:42.674 [FXGL Background Thread 3 ] DEBUG Engine               - versionCheckDays: 7
14:08:42.674 [FXGL Background Thread 3 ] DEBUG Engine               - width: 1280
14:08:42.674 [FXGL Background Thread 3 ] DEBUG Engine               - Logging services
14:08:42.674 [FXGL Background Thread 3 ] DEBUG Engine               - class com.almasb.fxgl.app.services.FXGLAssetLoaderService
14:08:42.674 [FXGL Background Thread 3 ] DEBUG Engine               - class com.almasb.fxgl.app.FXGLApplication$GameApplicationService
14:08:42.674 [FXGL Background Thread 3 ] DEBUG Engine               - class com.almasb.fxgl.app.services.FXGLDialogService
14:08:42.674 [FXGL Background Thread 3 ] DEBUG Engine               - class com.almasb.fxgl.app.services.IOTaskExecutorService
14:08:42.674 [FXGL Background Thread 3 ] DEBUG Engine               - class com.almasb.fxgl.io.FileSystemService
14:08:42.674 [FXGL Background Thread 3 ] DEBUG Engine               - class com.almasb.fxgl.localization.LocalizationService
14:08:42.674 [FXGL Background Thread 3 ] DEBUG Engine               - class com.almasb.fxgl.app.services.SystemBundleService
14:08:42.674 [FXGL Background Thread 3 ] DEBUG Engine               - class com.almasb.fxgl.profile.SaveLoadService
14:08:42.674 [FXGL Background Thread 3 ] DEBUG Engine               - class com.almasb.fxgl.ui.FXGLUIFactoryServiceProvider
14:08:42.674 [FXGL Background Thread 3 ] DEBUG Engine               - class com.almasb.fxgl.ui.FXGLDialogFactoryServiceProvider
14:08:42.674 [FXGL Background Thread 3 ] DEBUG Engine               - class com.almasb.fxgl.audio.AudioPlayer
14:08:42.674 [FXGL Background Thread 3 ] DEBUG Engine               - class com.almasb.fxgl.notification.impl.NotificationServiceProvider
14:08:42.674 [FXGL Background Thread 3 ] DEBUG Engine               - class com.almasb.fxgl.achievement.AchievementService
14:08:42.674 [FXGL Background Thread 3 ] DEBUG Engine               - class com.almasb.fxgl.cutscene.CutsceneService
14:08:42.674 [FXGL Background Thread 3 ] DEBUG Engine               - class com.almasb.fxgl.minigames.MiniGameService
14:08:42.674 [FXGL Background Thread 3 ] DEBUG Engine               - class com.almasb.fxgl.net.NetService
14:08:42.674 [FXGL Background Thread 3 ] DEBUG Engine               - class com.almasb.fxgl.app.services.UpdaterService
14:08:42.674 [FXGL Background Thread 3 ] DEBUG Engine               - class com.almasb.fxgl.dev.DevService
14:08:45.006 [JavaFX Application Thread] DEBUG GameWorld            - Game world initialized
14:08:45.007 [JavaFX Application Thread] DEBUG PhysicsWorld         - Physics world initialized: appHeight=720, physics.ppm=50.0
14:08:45.007 [JavaFX Application Thread] DEBUG PhysicsWorld         - Using strategy: BRUTE_FORCE
14:08:45.007 [JavaFX Application Thread] DEBUG GameScene            - Game scene initialized: 1280x720
14:08:45.026 [JavaFX Application Thread] DEBUG PrimaryStageWindow   - Push state: MainMenuScene
14:08:45.030 [JavaFX Application Thread] DEBUG Input                - Clearing active input actions
14:08:45.031 [JavaFX Application Thread] DEBUG GameApplicationServi - Removing overlay from NameInputScene and adding to MainMenuScene
14:08:45.032 [JavaFX Application Thread] DEBUG PrimaryStageWindow   - NameInputScene -> MainMenuScene
14:08:47.684 [JavaFX Application Thread] DEBUG GameApplicationServi - Starting new game
14:08:47.685 [JavaFX Application Thread] DEBUG PrimaryStageWindow   - Pop state: MainMenuScene
14:08:47.685 [JavaFX Application Thread] DEBUG Input                - Clearing active input actions
14:08:47.686 [JavaFX Application Thread] DEBUG GameApplicationServi - Removing overlay from MainMenuScene and adding to NameInputScene
14:08:47.687 [JavaFX Application Thread] DEBUG PrimaryStageWindow   - NameInputScene <- MainMenuScene
14:08:47.687 [JavaFX Application Thread] DEBUG PrimaryStageWindow   - Pop state: NameInputScene
14:08:47.687 [JavaFX Application Thread] DEBUG Input                - Clearing active input actions
14:08:47.688 [JavaFX Application Thread] DEBUG GameApplicationServi - Removing overlay from NameInputScene and adding to FXGLMainMenuDummyScene
14:08:47.688 [JavaFX Application Thread] DEBUG PrimaryStageWindow   - FXGLMainMenuDummyScene <- NameInputScene
14:08:47.688 [JavaFX Application Thread] DEBUG Input                - Clearing active input actions
14:08:47.698 [JavaFX Application Thread] DEBUG GameApplicationServi - Removing overlay from FXGLMainMenuDummyScene and adding to FXGLLoadingScene
14:08:47.698 [JavaFX Application Thread] DEBUG PrimaryStageWindow   - FXGLMainMenuDummyScene -> FXGLLoadingScene
14:08:47.698 [JavaFX Application Thread] DEBUG GameApplicationServi - Clearing previous game
14:08:47.698 [JavaFX Application Thread] DEBUG GameScene            - Clearing game scene
14:08:47.698 [JavaFX Application Thread] DEBUG GameWorld            - Clearing game world
14:08:47.698 [JavaFX Application Thread] DEBUG PhysicsWorld         - Clearing physics world
14:08:47.700 [FXGL Background Thread 2 ] DEBUG FXGLApplication      - Initializing game
14:08:47.710 [FXGL Background Thread 2 ] DEBUG FXGLAssetLoaderServi - Loading from file system: file:/F:/my%20files/School/2nd%20year%202nd%20sem/TheOnlyException/Test/target/classes/assets/textures/dasd.png
14:08:47.726 [FXGL Background Thread 2 ] DEBUG FXGLAssetLoaderServi - Loading from file system: file:/F:/my%20files/School/2nd%20year%202nd%20sem/TheOnlyException/Test/target/classes/assets/textures/player-scaled.png
14:08:47.784 [FXGL Background Thread 2 ] INFO  FXGLApplication      - Game initialization took: 0.083 sec
14:08:47.784 [JavaFX Application Thread] DEBUG Input                - Clearing active input actions
14:08:47.790 [JavaFX Application Thread] DEBUG GameApplicationServi - Removing overlay from FXGLLoadingScene and adding to GameScene
14:08:47.790 [JavaFX Application Thread] DEBUG PrimaryStageWindow   - FXGLLoadingScene -> GameScene
14:08:48.458 [JavaFX Application Thread] DEBUG FXGLAssetLoaderServi - Loading from file system: file:/F:/my%20files/School/2nd%20year%202nd%20sem/TheOnlyException/Test/target/classes/assets/textures/MaggotWalk-scaled.png
14:08:49.004 [JavaFX Application Thread] DEBUG FXGLAssetLoaderServi - Loading from file system: file:/F:/my%20files/School/2nd%20year%202nd%20sem/TheOnlyException/Test/target/classes/assets/textures/BeetleMove-scaled.png
14:08:49.544 [JavaFX Application Thread] DEBUG FXGLAssetLoaderServi - Loading from file system: file:/F:/my%20files/School/2nd%20year%202nd%20sem/TheOnlyException/Test/target/classes/assets/textures/MantisMove-scaled.png
14:08:52.230 [JavaFX Application Thread] DEBUG LoopRunner           - Pausing loop
14:08:52.235 [JavaFX Application Thread] DEBUG PrimaryStageWindow   - Push state: DialogSubScene
14:08:52.235 [JavaFX Application Thread] DEBUG Input                - Clearing active input actions
14:08:52.236 [JavaFX Application Thread] DEBUG GameApplicationServi - Removing overlay from GameScene and adding to DialogSubScene
14:08:52.236 [JavaFX Application Thread] DEBUG PrimaryStageWindow   - GameScene -> DialogSubScene
14:08:57.210 [JavaFX Application Thread] DEBUG PrimaryStageWindow   - Pop state: DialogSubScene
14:08:57.210 [JavaFX Application Thread] DEBUG Input                - Clearing active input actions
14:08:57.210 [JavaFX Application Thread] DEBUG GameApplicationServi - Removing overlay from DialogSubScene and adding to GameScene
14:08:57.210 [JavaFX Application Thread] DEBUG PrimaryStageWindow   - GameScene <- DialogSubScene
14:08:58.406 [JavaFX Application Thread] DEBUG LoopRunner           - Resuming loop
14:08:58.407 [JavaFX Application Thread] DEBUG GameWorld            - Game world initialized
14:08:58.407 [JavaFX Application Thread] DEBUG PhysicsWorld         - Physics world initialized: appHeight=720, physics.ppm=50.0
14:08:58.407 [JavaFX Application Thread] DEBUG PhysicsWorld         - Using strategy: BRUTE_FORCE
14:08:58.407 [JavaFX Application Thread] DEBUG GameScene            - Game scene initialized: 1280x720
14:08:58.411 [JavaFX Application Thread] DEBUG PrimaryStageWindow   - Push state: MainMenuScene
14:08:58.414 [JavaFX Application Thread] DEBUG Input                - Clearing active input actions
14:08:58.415 [JavaFX Application Thread] DEBUG GameApplicationServi - Removing overlay from GameScene and adding to MainMenuScene
14:08:58.415 [JavaFX Application Thread] DEBUG PrimaryStageWindow   - GameScene -> MainMenuScene
14:09:13.307 [JavaFX Application Thread] DEBUG FXGLApplication      - Exiting FXGL
14:09:13.307 [JavaFX Application Thread] DEBUG LoopRunner           - Stopping loop
14:09:13.307 [JavaFX Application Thread] DEBUG SystemBundleService  - Saving FXGL system data
14:09:13.308 [JavaFX Application Thread] DEBUG FileSystemAccess     - Writing to: F:\my files\School\2nd year 2nd sem\TheOnlyException\system\fxgl.bundle
14:09:13.365 [JavaFX Application Thread] DEBUG Async                - Shutting down background threads
14:09:13.365 [JavaFX Application Thread] DEBUG PrimaryStageWindow   - Closing main window
14:09:13.377 [JavaFX Application Thread] DEBUG Logger               - Closing Logger
