00:19:07.433 [main                     ] DEBUG Logger               - Configured Logger
00:19:07.436 [main                     ] DEBUG GameApplication      - Logging settings
Title: Prototype Game
Version: 0.1.5
Width: 1280
Height: 720
Fullscreen: false
Intro: false
Profiling: false
Single step:false
App Mode: DEVELOPER
Menu Key: ESCAPE
Stage Style: DECORATED
Scene Factory: class org.example.core.GameApp$1

00:19:07.596 [JavaFX Application Thread] DEBUG FXGLApplication      - Initializing FXGL
00:19:07.598 [JavaFX Application Thread] INFO  Engine               - FXGL-21+dev-SNAPSHOT (26.03.2024 19.46) on WINDOWS (J:24 FX:21.0.1)
00:19:07.598 [JavaFX Application Thread] DEBUG Engine               - JRE Vendor Name: Oracle Corporation
00:19:07.599 [JavaFX Application Thread] DEBUG Engine               - Running on OS: Windows 11 version 10.0
00:19:07.599 [JavaFX Application Thread] DEBUG Engine               - Architecture: amd64
00:19:07.599 [JavaFX Application Thread] INFO  Engine               - Source code and latest versions at: https://github.com/AlmasB/FXGL
00:19:07.599 [JavaFX Application Thread] INFO  Engine               -       Ask questions and discuss at: https://github.com/AlmasB/FXGL/discussions
00:19:07.599 [JavaFX Application Thread] INFO  Engine               -              Join the FXGL chat at: https://gitter.im/AlmasB/FXGL
00:19:07.689 [JavaFX Application Thread] DEBUG PrimaryStageWindow   - Creating a JavaFX scene
00:19:07.729 [JavaFX Application Thread] DEBUG PrimaryStageWindow   - Target settings size: 1280.0 x 720.0
00:19:07.729 [JavaFX Application Thread] DEBUG PrimaryStageWindow   - Scaled scene size:    1280.0 x 720.0
00:19:07.729 [JavaFX Application Thread] DEBUG PrimaryStageWindow   - Scaled ratio: (1.0, 1.0)
00:19:07.730 [JavaFX Application Thread] DEBUG PrimaryStageWindow   - Set initial scene to FXGLStartupScene
00:19:07.732 [JavaFX Application Thread] DEBUG PrimaryStageWindow   - Opening main window
00:19:07.841 [JavaFX Application Thread] DEBUG PrimaryStageWindow   - Window border size: (16.0, 39.0)
00:19:07.842 [JavaFX Application Thread] DEBUG PrimaryStageWindow   - Scaled size: 1280.0 x 720.0
00:19:07.842 [JavaFX Application Thread] DEBUG PrimaryStageWindow   - Scaled ratio: (1.0, 1.0)
00:19:07.842 [JavaFX Application Thread] DEBUG PrimaryStageWindow   - Scene size: 1280.0 x 720.0
00:19:07.842 [JavaFX Application Thread] DEBUG PrimaryStageWindow   - Stage size: 1296.0 x 759.0
00:19:07.849 [FXGL Background Thread 1 ] DEBUG Engine               - Initializing environment variables
00:19:07.901 [FXGL Background Thread 1 ] DEBUG FXGLAssetLoaderServi - User app class for loading assets: class org.example.core.GameApp
00:19:07.901 [FXGL Background Thread 1 ] DEBUG GameApplicationServi - Applying CSS: fxgl_dark.css
00:19:07.902 [FXGL Background Thread 1 ] DEBUG FXGLAssetLoaderServi - Loading from file system: jar:file:/C:/Users/primzcm/.m2/repository/com/github/almasb/fxgl/fxgl/21.1/fxgl-21.1.jar!/fxglassets/ui/css/fxgl_dark.css
00:19:07.945 [FXGL Background Thread 1 ] DEBUG GameApplicationServi - Initializing application scenes
00:19:07.966 [FXGL Background Thread 1 ] DEBUG GameWorld            - Game world initialized
00:19:08.008 [FXGL Background Thread 1 ] DEBUG PhysicsWorld         - Physics world initialized: appHeight=720, physics.ppm=50.0
00:19:08.009 [FXGL Background Thread 1 ] DEBUG PhysicsWorld         - Using strategy: BRUTE_FORCE
00:19:08.012 [FXGL Background Thread 1 ] DEBUG GameScene            - Game scene initialized: 1280x720
00:19:08.231 [FXGL Background Thread 1 ] DEBUG GameApplicationServi - Application scenes initialized
00:19:08.243 [FXGL Background Thread 1 ] DEBUG SystemBundleService  - Loading FXGL system data
00:19:08.246 [FXGL Background Thread 1 ] DEBUG FileSystemAccess     - Reading from: F:\my files\School\2nd year 2nd sem\TheOnlyException\system\fxgl.bundle
00:19:08.251 [FXGL Background Thread 1 ] DEBUG SystemBundleService  - Bundle FXGL: {}
00:19:08.251 [FXGL Background Thread 1 ] DEBUG UpdaterService       - Checking for updates
00:19:08.255 [FXGL Background Thread 4 ] DEBUG FXGLApplication      - Loading fonts
00:19:08.255 [FXGL Background Thread 4 ] DEBUG FXGLAssetLoaderServi - Loading from file system: jar:file:/C:/Users/primzcm/.m2/repository/com/github/almasb/fxgl/fxgl/21.1/fxgl-21.1.jar!/fxglassets/ui/fonts/VarelaRound-Regular.ttf
00:19:08.255 [FXGL Background Thread 1 ] DEBUG FXGLApplication      - Loading default localization
00:19:08.256 [FXGL Background Thread 1 ] DEBUG FXGLAssetLoaderServi - Loading from file system: jar:file:/C:/Users/primzcm/.m2/repository/com/github/almasb/fxgl/fxgl/21.1/fxgl-21.1.jar!/fxglassets/languages/english.lang
00:19:08.258 [FXGL Background Thread 4 ] DEBUG FXGLAssetLoaderServi - Loading from file system: jar:file:/C:/Users/primzcm/.m2/repository/com/github/almasb/fxgl/fxgl/21.1/fxgl-21.1.jar!/fxglassets/ui/fonts/Abel-Regular.ttf
00:19:08.260 [FXGL Background Thread 4 ] DEBUG FXGLAssetLoaderServi - Loading from file system: jar:file:/C:/Users/primzcm/.m2/repository/com/github/almasb/fxgl/fxgl/21.1/fxgl-21.1.jar!/fxglassets/ui/fonts/TerminalLandMono-Regular.otf
00:19:08.263 [FXGL Background Thread 4 ] DEBUG FXGLAssetLoaderServi - Loading from file system: jar:file:/C:/Users/primzcm/.m2/repository/com/github/almasb/fxgl/fxgl/21.1/fxgl-21.1.jar!/fxglassets/ui/fonts/Courier-Prime.ttf
00:19:08.268 [JavaFX Application Thread] DEBUG FXGLApplication      - Registering font factories with UI factory
00:19:08.280 [FXGL Background Thread 1 ] INFO  FXGLApplication      - FXGL initialization took: 0.430 sec
00:19:08.288 [JavaFX Application Thread] DEBUG Input                - Registered new binding: action0 - A
00:19:08.288 [JavaFX Application Thread] DEBUG Input                - Registered new binding: action1 - D
00:19:08.288 [JavaFX Application Thread] DEBUG Input                - Registered new binding: action2 - W
00:19:08.288 [JavaFX Application Thread] DEBUG Input                - Registered new binding: action3 - S
00:19:08.289 [JavaFX Application Thread] DEBUG Input                - Registered new binding: action4 - Esc
00:19:08.289 [JavaFX Application Thread] DEBUG FXGLAssetLoaderServi - Loading from file system: jar:file:/C:/Users/primzcm/.m2/repository/com/github/almasb/fxgl/fxgl/21.1/fxgl-21.1.jar!/fxglassets/textures/fxgl_icon.png
00:19:08.343 [JavaFX Application Thread] DEBUG FXGLAssetLoaderServi - Loading from file system: jar:file:/C:/Users/primzcm/.m2/repository/com/github/almasb/fxgl/fxgl/21.1/fxgl-21.1.jar!/fxglassets/textures/fxgl_default_cursor.png
00:19:08.346 [JavaFX Application Thread] DEBUG Input                - Registered new binding: Screenshot - CTRL+8
00:19:08.347 [JavaFX Application Thread] DEBUG Input                - Registered new binding: System info dump - CTRL+9
00:19:08.347 [JavaFX Application Thread] DEBUG Input                - Registered new binding: Restart - CTRL+R
00:19:08.349 [JavaFX Application Thread] DEBUG Input                - Registered new binding: Toggle Debug Camera - CTRL+7
00:19:08.358 [JavaFX Application Thread] DEBUG LoopRunner           - Starting loop
00:19:08.358 [JavaFX Application Thread] DEBUG LoopRunner           - Initializing JavaFX AnimationTimerLoop
00:19:08.361 [JavaFX Application Thread] DEBUG Input                - Clearing active input actions
00:19:08.367 [JavaFX Application Thread] DEBUG GameApplicationServi - Removing overlay from FXGLStartupScene and adding to FXGLMainMenuDummyScene
00:19:08.367 [JavaFX Application Thread] DEBUG PrimaryStageWindow   - FXGLStartupScene -> FXGLMainMenuDummyScene
00:19:08.367 [JavaFX Application Thread] DEBUG PrimaryStageWindow   - Push state: LoginScene
00:19:08.367 [JavaFX Application Thread] DEBUG Input                - Clearing active input actions
00:19:08.381 [JavaFX Application Thread] DEBUG GameApplicationServi - Removing overlay from FXGLMainMenuDummyScene and adding to LoginScene
00:19:08.381 [JavaFX Application Thread] DEBUG PrimaryStageWindow   - FXGLMainMenuDummyScene -> LoginScene
00:19:08.652 [FXGL Background Thread 2 ] INFO  UpdaterService       - Your current version:  21+dev-SNAPSHOT
00:19:08.653 [FXGL Background Thread 2 ] INFO  UpdaterService       - Latest stable version: 21.1
00:19:10.792 [JavaFX Application Thread] DEBUG GameWorld            - Game world initialized
00:19:10.793 [JavaFX Application Thread] DEBUG PhysicsWorld         - Physics world initialized: appHeight=720, physics.ppm=50.0
00:19:10.793 [JavaFX Application Thread] DEBUG PhysicsWorld         - Using strategy: BRUTE_FORCE
00:19:10.794 [JavaFX Application Thread] DEBUG GameScene            - Game scene initialized: 1280x720
00:19:10.811 [JavaFX Application Thread] DEBUG PrimaryStageWindow   - Push state: MainMenuScene
00:19:10.849 [JavaFX Application Thread] DEBUG Input                - Clearing active input actions
00:19:10.851 [JavaFX Application Thread] DEBUG GameApplicationServi - Removing overlay from LoginScene and adding to MainMenuScene
00:19:10.852 [JavaFX Application Thread] DEBUG PrimaryStageWindow   - LoginScene -> MainMenuScene
00:19:10.852 [JavaFX Application Thread] DEBUG GameWorld            - Game world initialized
00:19:10.853 [JavaFX Application Thread] DEBUG PhysicsWorld         - Physics world initialized: appHeight=720, physics.ppm=50.0
00:19:10.853 [JavaFX Application Thread] DEBUG PhysicsWorld         - Using strategy: BRUTE_FORCE
00:19:10.854 [JavaFX Application Thread] DEBUG GameScene            - Game scene initialized: 1280x720
00:19:10.864 [JavaFX Application Thread] DEBUG PrimaryStageWindow   - Push state: MainMenuScene
00:19:10.910 [JavaFX Application Thread] DEBUG Input                - Clearing active input actions
00:19:10.911 [JavaFX Application Thread] DEBUG GameApplicationServi - Removing overlay from MainMenuScene and adding to MainMenuScene
00:19:10.911 [JavaFX Application Thread] DEBUG PrimaryStageWindow   - MainMenuScene -> MainMenuScene
00:19:11.255 [FXGL Background Thread 3 ] DEBUG Engine               - Logging environment variables
00:19:11.255 [FXGL Background Thread 3 ] DEBUG Engine               - achievements: []
00:19:11.255 [FXGL Background Thread 3 ] DEBUG Engine               - actualHeight: 720.0
00:19:11.255 [FXGL Background Thread 3 ] DEBUG Engine               - actualHeightProperty: ReadOnlyDoubleProperty [value: 720.0]
00:19:11.255 [FXGL Background Thread 3 ] DEBUG Engine               - actualWidth: 1280.0
00:19:11.255 [FXGL Background Thread 3 ] DEBUG Engine               - actualWidthProperty: ReadOnlyDoubleProperty [value: 1280.0]
00:19:11.255 [FXGL Background Thread 3 ] DEBUG Engine               - appIcon: fxgl_icon.png
00:19:11.255 [FXGL Background Thread 3 ] DEBUG Engine               - applicationMode: DEVELOPER
00:19:11.255 [FXGL Background Thread 3 ] DEBUG Engine               - cSSList: [fxgl_dark.css]
00:19:11.255 [FXGL Background Thread 3 ] DEBUG Engine               - collisionDetectionStrategy: BRUTE_FORCE
00:19:11.255 [FXGL Background Thread 3 ] DEBUG Engine               - configClass: Optional.empty
00:19:11.255 [FXGL Background Thread 3 ] DEBUG Engine               - credits: []
00:19:11.257 [FXGL Background Thread 3 ] DEBUG Engine               - defaultCursor: CursorInfo(imageName=fxgl_default_cursor.png, hotspotX=7.0, hotspotY=6.0)
00:19:11.257 [FXGL Background Thread 3 ] DEBUG Engine               - devBBoxColorProperty: ObjectProperty [value: 0xff0000ff]
00:19:11.257 [FXGL Background Thread 3 ] DEBUG Engine               - devEnableDebugCameraProperty: BooleanProperty [value: false]
00:19:11.257 [FXGL Background Thread 3 ] DEBUG Engine               - devSensorColorProperty: ObjectProperty [value: 0xffff00ff]
00:19:11.257 [FXGL Background Thread 3 ] DEBUG Engine               - devShowBBoxProperty: BooleanProperty [value: false]
00:19:11.257 [FXGL Background Thread 3 ] DEBUG Engine               - devShowPositionProperty: BooleanProperty [value: false]
00:19:11.257 [FXGL Background Thread 3 ] DEBUG Engine               - enabledMenuItems: []
00:19:11.257 [FXGL Background Thread 3 ] DEBUG Engine               - engineServices: [class com.almasb.fxgl.app.services.FXGLAssetLoaderService, class com.almasb.fxgl.app.FXGLApplication$GameApplicationService, class com.almasb.fxgl.app.services.FXGLDialogService, class com.almasb.fxgl.app.services.IOTaskExecutorService, class com.almasb.fxgl.io.FileSystemService, class com.almasb.fxgl.localization.LocalizationService, class com.almasb.fxgl.app.services.SystemBundleService, class com.almasb.fxgl.profile.SaveLoadService, class com.almasb.fxgl.ui.FXGLUIFactoryServiceProvider, class com.almasb.fxgl.ui.FXGLDialogFactoryServiceProvider, class com.almasb.fxgl.audio.AudioPlayer, class com.almasb.fxgl.notification.impl.NotificationServiceProvider, class com.almasb.fxgl.achievement.AchievementService, class com.almasb.fxgl.cutscene.CutsceneService, class com.almasb.fxgl.minigames.MiniGameService, class com.almasb.fxgl.net.NetService, class com.almasb.fxgl.app.services.UpdaterService, class com.almasb.fxgl.dev.DevService]
00:19:11.257 [FXGL Background Thread 3 ] DEBUG Engine               - fontGame: Abel-Regular.ttf
00:19:11.257 [FXGL Background Thread 3 ] DEBUG Engine               - fontMono: TerminalLandMono-Regular.otf
00:19:11.257 [FXGL Background Thread 3 ] DEBUG Engine               - fontSizeScaleUI: 1.0
00:19:11.258 [FXGL Background Thread 3 ] DEBUG Engine               - fontText: Courier-Prime.ttf
00:19:11.258 [FXGL Background Thread 3 ] DEBUG Engine               - fontUI: VarelaRound-Regular.ttf
00:19:11.258 [FXGL Background Thread 3 ] DEBUG Engine               - fullScreen: BooleanProperty [value: false]
00:19:11.258 [FXGL Background Thread 3 ] DEBUG Engine               - gameDifficulty: MEDIUM
00:19:11.258 [FXGL Background Thread 3 ] DEBUG Engine               - gameDifficultyProperty: ObjectProperty [value: MEDIUM]
00:19:11.258 [FXGL Background Thread 3 ] DEBUG Engine               - globalMusicVolume: 0.5
00:19:11.258 [FXGL Background Thread 3 ] DEBUG Engine               - globalMusicVolumeProperty: DoubleProperty [value: 0.5]
00:19:11.258 [FXGL Background Thread 3 ] DEBUG Engine               - globalSoundVolume: 0.5
00:19:11.258 [FXGL Background Thread 3 ] DEBUG Engine               - globalSoundVolumeProperty: DoubleProperty [value: 0.5]
00:19:11.258 [FXGL Background Thread 3 ] DEBUG Engine               - height: 720
00:19:11.258 [FXGL Background Thread 3 ] DEBUG Engine               - is3D: false
00:19:11.258 [FXGL Background Thread 3 ] DEBUG Engine               - isAndroid: false
00:19:11.258 [FXGL Background Thread 3 ] DEBUG Engine               - isBrowser: false
00:19:11.258 [FXGL Background Thread 3 ] DEBUG Engine               - isClickFeedbackEnabled: false
00:19:11.258 [FXGL Background Thread 3 ] DEBUG Engine               - isCloseConfirmation: false
00:19:11.258 [FXGL Background Thread 3 ] DEBUG Engine               - isDesktop: true
00:19:11.258 [FXGL Background Thread 3 ] DEBUG Engine               - isDeveloperMenuEnabled: false
00:19:11.258 [FXGL Background Thread 3 ] DEBUG Engine               - isEmbedded: false
00:19:11.258 [FXGL Background Thread 3 ] DEBUG Engine               - isEntityPreloadEnabled: true
00:19:11.258 [FXGL Background Thread 3 ] DEBUG Engine               - isExperimentalTiledLargeMap: false
00:19:11.258 [FXGL Background Thread 3 ] DEBUG Engine               - isFileSystemWriteAllowed: true
00:19:11.258 [FXGL Background Thread 3 ] DEBUG Engine               - isFullScreenAllowed: false
00:19:11.258 [FXGL Background Thread 3 ] DEBUG Engine               - isFullScreenFromStart: false
00:19:11.259 [FXGL Background Thread 3 ] DEBUG Engine               - isGameMenuEnabled: false
00:19:11.259 [FXGL Background Thread 3 ] DEBUG Engine               - isIOS: false
00:19:11.259 [FXGL Background Thread 3 ] DEBUG Engine               - isIntroEnabled: false
00:19:11.259 [FXGL Background Thread 3 ] DEBUG Engine               - isLinux: false
00:19:11.259 [FXGL Background Thread 3 ] DEBUG Engine               - isMac: false
00:19:11.259 [FXGL Background Thread 3 ] DEBUG Engine               - isMainMenuEnabled: true
00:19:11.259 [FXGL Background Thread 3 ] DEBUG Engine               - isManualResizeEnabled: false
00:19:11.259 [FXGL Background Thread 3 ] DEBUG Engine               - isMobile: false
00:19:11.259 [FXGL Background Thread 3 ] DEBUG Engine               - isNative: false
00:19:11.259 [FXGL Background Thread 3 ] DEBUG Engine               - isPauseMusicWhenMinimized: true
00:19:11.259 [FXGL Background Thread 3 ] DEBUG Engine               - isPreserveResizeRatio: false
00:19:11.259 [FXGL Background Thread 3 ] DEBUG Engine               - isProfilingEnabled: false
00:19:11.259 [FXGL Background Thread 3 ] DEBUG Engine               - isScaleAffectedOnResize: true
00:19:11.259 [FXGL Background Thread 3 ] DEBUG Engine               - isSingleStep: false
00:19:11.259 [FXGL Background Thread 3 ] DEBUG Engine               - isUserProfileEnabled: false
00:19:11.259 [FXGL Background Thread 3 ] DEBUG Engine               - isWindows: true
00:19:11.259 [FXGL Background Thread 3 ] DEBUG Engine               - language: ObjectProperty [value: ENGLISH]
00:19:11.259 [FXGL Background Thread 3 ] DEBUG Engine               - menuKey: ESCAPE
00:19:11.259 [FXGL Background Thread 3 ] DEBUG Engine               - mouseSensitivity: 0.2
00:19:11.259 [FXGL Background Thread 3 ] DEBUG Engine               - notificationViewClass: class com.almasb.fxgl.notification.view.XboxNotificationView
00:19:11.259 [FXGL Background Thread 3 ] DEBUG Engine               - pixelsPerMeter: 50.0
00:19:11.259 [FXGL Background Thread 3 ] DEBUG Engine               - platform: WINDOWS
00:19:11.259 [FXGL Background Thread 3 ] DEBUG Engine               - prefHeightProperty: ReadOnlyDoubleProperty [value: 720.0]
00:19:11.259 [FXGL Background Thread 3 ] DEBUG Engine               - prefWidthProperty: ReadOnlyDoubleProperty [value: 1280.0]
00:19:11.259 [FXGL Background Thread 3 ] DEBUG Engine               - profileDir: profiles/
00:19:11.259 [FXGL Background Thread 3 ] DEBUG Engine               - profileName: StringProperty [value: DEFAULT]
00:19:11.259 [FXGL Background Thread 3 ] DEBUG Engine               - randomSeed: -1
00:19:11.259 [FXGL Background Thread 3 ] DEBUG Engine               - runtimeInfo: RuntimeInfo(platform=WINDOWS, version=21+dev-SNAPSHOT, build=26.03.2024 19.46)
00:19:11.259 [FXGL Background Thread 3 ] DEBUG Engine               - saveFileExt: sav
00:19:11.259 [FXGL Background Thread 3 ] DEBUG Engine               - scaledHeightProp$fxgl: DoubleProperty [bound, value: 720.0]
00:19:11.259 [FXGL Background Thread 3 ] DEBUG Engine               - scaledWidthProp$fxgl: DoubleProperty [bound, value: 1280.0]
00:19:11.259 [FXGL Background Thread 3 ] DEBUG Engine               - sceneFactory: org.example.core.GameApp$1@21695fd4
00:19:11.260 [FXGL Background Thread 3 ] DEBUG Engine               - secondsIn24h: 60
00:19:11.260 [FXGL Background Thread 3 ] DEBUG Engine               - soundMenuBack: menu/back.wav
00:19:11.260 [FXGL Background Thread 3 ] DEBUG Engine               - soundMenuPress: menu/press.wav
00:19:11.260 [FXGL Background Thread 3 ] DEBUG Engine               - soundMenuSelect: menu/select.wav
00:19:11.260 [FXGL Background Thread 3 ] DEBUG Engine               - soundNotification: core/notification.wav
00:19:11.260 [FXGL Background Thread 3 ] DEBUG Engine               - stageStyle: DECORATED
00:19:11.260 [FXGL Background Thread 3 ] DEBUG Engine               - supportedLanguages: [ENGLISH, FRENCH, GERMAN, HUNGARIAN, RUSSIAN]
00:19:11.260 [FXGL Background Thread 3 ] DEBUG Engine               - ticksPerSecond: -1
00:19:11.260 [FXGL Background Thread 3 ] DEBUG Engine               - title: Prototype Game
00:19:11.260 [FXGL Background Thread 3 ] DEBUG Engine               - urlGithub: https://github.com/AlmasB/FXGL
00:19:11.260 [FXGL Background Thread 3 ] DEBUG Engine               - urlLeaderboard: http://fxgl-top.herokuapp.com/
00:19:11.260 [FXGL Background Thread 3 ] DEBUG Engine               - urlPOM: https://raw.githubusercontent.com/AlmasB/FXGL/release/README.md
00:19:11.260 [FXGL Background Thread 3 ] DEBUG Engine               - userAppClass: class org.example.core.GameApp
00:19:11.260 [FXGL Background Thread 3 ] DEBUG Engine               - version: 0.1.5
00:19:11.260 [FXGL Background Thread 3 ] DEBUG Engine               - versionCheckDays: 7
00:19:11.260 [FXGL Background Thread 3 ] DEBUG Engine               - width: 1280
00:19:11.260 [FXGL Background Thread 3 ] DEBUG Engine               - Logging services
00:19:11.260 [FXGL Background Thread 3 ] DEBUG Engine               - class com.almasb.fxgl.app.services.FXGLAssetLoaderService
00:19:11.260 [FXGL Background Thread 3 ] DEBUG Engine               - class com.almasb.fxgl.app.FXGLApplication$GameApplicationService
00:19:11.260 [FXGL Background Thread 3 ] DEBUG Engine               - class com.almasb.fxgl.app.services.FXGLDialogService
00:19:11.260 [FXGL Background Thread 3 ] DEBUG Engine               - class com.almasb.fxgl.app.services.IOTaskExecutorService
00:19:11.260 [FXGL Background Thread 3 ] DEBUG Engine               - class com.almasb.fxgl.io.FileSystemService
00:19:11.260 [FXGL Background Thread 3 ] DEBUG Engine               - class com.almasb.fxgl.localization.LocalizationService
00:19:11.260 [FXGL Background Thread 3 ] DEBUG Engine               - class com.almasb.fxgl.app.services.SystemBundleService
00:19:11.260 [FXGL Background Thread 3 ] DEBUG Engine               - class com.almasb.fxgl.profile.SaveLoadService
00:19:11.260 [FXGL Background Thread 3 ] DEBUG Engine               - class com.almasb.fxgl.ui.FXGLUIFactoryServiceProvider
00:19:11.260 [FXGL Background Thread 3 ] DEBUG Engine               - class com.almasb.fxgl.ui.FXGLDialogFactoryServiceProvider
00:19:11.260 [FXGL Background Thread 3 ] DEBUG Engine               - class com.almasb.fxgl.audio.AudioPlayer
00:19:11.260 [FXGL Background Thread 3 ] DEBUG Engine               - class com.almasb.fxgl.notification.impl.NotificationServiceProvider
00:19:11.260 [FXGL Background Thread 3 ] DEBUG Engine               - class com.almasb.fxgl.achievement.AchievementService
00:19:11.260 [FXGL Background Thread 3 ] DEBUG Engine               - class com.almasb.fxgl.cutscene.CutsceneService
00:19:11.260 [FXGL Background Thread 3 ] DEBUG Engine               - class com.almasb.fxgl.minigames.MiniGameService
00:19:11.260 [FXGL Background Thread 3 ] DEBUG Engine               - class com.almasb.fxgl.net.NetService
00:19:11.260 [FXGL Background Thread 3 ] DEBUG Engine               - class com.almasb.fxgl.app.services.UpdaterService
00:19:11.260 [FXGL Background Thread 3 ] DEBUG Engine               - class com.almasb.fxgl.dev.DevService
00:19:11.534 [JavaFX Application Thread] DEBUG GameApplicationServi - Starting new game
00:19:11.535 [JavaFX Application Thread] DEBUG PrimaryStageWindow   - Pop state: MainMenuScene
00:19:11.535 [JavaFX Application Thread] DEBUG Input                - Clearing active input actions
00:19:11.535 [JavaFX Application Thread] DEBUG GameApplicationServi - Removing overlay from MainMenuScene and adding to MainMenuScene
00:19:11.536 [JavaFX Application Thread] DEBUG PrimaryStageWindow   - MainMenuScene <- MainMenuScene
00:19:11.580 [JavaFX Application Thread] DEBUG PrimaryStageWindow   - Pop state: MainMenuScene
00:19:11.580 [JavaFX Application Thread] DEBUG Input                - Clearing active input actions
00:19:11.580 [JavaFX Application Thread] DEBUG GameApplicationServi - Removing overlay from MainMenuScene and adding to LoginScene
00:19:11.580 [JavaFX Application Thread] DEBUG PrimaryStageWindow   - LoginScene <- MainMenuScene
00:19:11.591 [JavaFX Application Thread] DEBUG PrimaryStageWindow   - Pop state: LoginScene
00:19:11.591 [JavaFX Application Thread] DEBUG Input                - Clearing active input actions
00:19:11.591 [JavaFX Application Thread] DEBUG GameApplicationServi - Removing overlay from LoginScene and adding to FXGLMainMenuDummyScene
00:19:11.591 [JavaFX Application Thread] DEBUG PrimaryStageWindow   - FXGLMainMenuDummyScene <- LoginScene
00:19:11.591 [JavaFX Application Thread] DEBUG Input                - Clearing active input actions
00:19:11.598 [JavaFX Application Thread] DEBUG GameApplicationServi - Removing overlay from FXGLMainMenuDummyScene and adding to FXGLLoadingScene
00:19:11.598 [JavaFX Application Thread] DEBUG PrimaryStageWindow   - FXGLMainMenuDummyScene -> FXGLLoadingScene
00:19:11.598 [JavaFX Application Thread] DEBUG GameApplicationServi - Clearing previous game
00:19:11.598 [JavaFX Application Thread] DEBUG GameScene            - Clearing game scene
00:19:11.598 [JavaFX Application Thread] DEBUG GameWorld            - Clearing game world
00:19:11.598 [JavaFX Application Thread] DEBUG PhysicsWorld         - Clearing physics world
00:19:11.599 [FXGL Background Thread 2 ] DEBUG FXGLApplication      - Initializing game
00:19:11.609 [FXGL Background Thread 2 ] DEBUG FXGLAssetLoaderServi - Loading from file system: file:/F:/my%20files/School/2nd%20year%202nd%20sem/TheOnlyException/Test/target/classes/assets/textures/worlda.png
00:19:11.665 [FXGL Background Thread 2 ] DEBUG FXGLAssetLoaderServi - Loading from file system: file:/F:/my%20files/School/2nd%20year%202nd%20sem/TheOnlyException/Test/target/classes/assets/textures/player-scaled.png
00:19:11.711 [FXGL Background Thread 2 ] INFO  FXGLApplication      - Game initialization took: 0.113 sec
00:19:11.719 [JavaFX Application Thread] DEBUG Input                - Clearing active input actions
00:19:11.727 [JavaFX Application Thread] DEBUG GameApplicationServi - Removing overlay from FXGLLoadingScene and adding to GameScene
00:19:11.727 [JavaFX Application Thread] DEBUG PrimaryStageWindow   - FXGLLoadingScene -> GameScene
00:19:12.185 [JavaFX Application Thread] DEBUG FXGLAssetLoaderServi - Loading from file system: file:/F:/my%20files/School/2nd%20year%202nd%20sem/TheOnlyException/Test/target/classes/assets/textures/MaggotWalk-scaled-recolored.png
00:19:12.187 [JavaFX Application Thread] DEBUG FXGLAssetLoaderServi - Loading from file system: file:/F:/my%20files/School/2nd%20year%202nd%20sem/TheOnlyException/Test/target/classes/assets/textures/BeetleMove-scaled-recolored.png
00:19:12.189 [JavaFX Application Thread] DEBUG FXGLAssetLoaderServi - Loading from file system: file:/F:/my%20files/School/2nd%20year%202nd%20sem/TheOnlyException/Test/target/classes/assets/textures/MantisMove-scaled-recolored.png
00:19:12.190 [JavaFX Application Thread] DEBUG FXGLAssetLoaderServi - Loading from file system: file:/F:/my%20files/School/2nd%20year%202nd%20sem/TheOnlyException/Test/target/classes/assets/textures/BeeMove-scaled-recolored.png
00:19:12.191 [JavaFX Application Thread] DEBUG FXGLAssetLoaderServi - Loading from file system: file:/F:/my%20files/School/2nd%20year%202nd%20sem/TheOnlyException/Test/target/classes/assets/textures/GiantFly-recolored.png
00:19:12.193 [JavaFX Application Thread] DEBUG FXGLAssetLoaderServi - Loading from file system: file:/F:/my%20files/School/2nd%20year%202nd%20sem/TheOnlyException/Test/target/classes/assets/textures/DragonFly-recolored.png
00:19:14.937 [JavaFX Application Thread] DEBUG FXGLAssetLoaderServi - Loading from file system: file:/F:/my%20files/School/2nd%20year%202nd%20sem/TheOnlyException/Test/target/classes/assets/textures/memorychip.png
00:19:17.091 [JavaFX Application Thread] DEBUG FXGLAssetLoaderServi - Loading from file system: file:/F:/my%20files/School/2nd%20year%202nd%20sem/TheOnlyException/Test/target/classes/assets/textures/shortcircuit.png
00:19:17.110 [JavaFX Application Thread] DEBUG FXGLAssetLoaderServi - Loading from file system: file:/F:/my%20files/School/2nd%20year%202nd%20sem/TheOnlyException/Test/target/classes/assets/textures/firewallshield.png
00:19:17.126 [JavaFX Application Thread] WARN  FXGLAssetLoaderServi - Asset "/assets/textures/gun.png" was not found!
00:19:17.126 [JavaFX Application Thread] WARN  FXGLAssetLoaderServi - Failed to load IMAGE
00:19:17.135 [JavaFX Application Thread] DEBUG FXGLAssetLoaderServi - Loading from file system: file:/F:/my%20files/School/2nd%20year%202nd%20sem/TheOnlyException/Test/target/classes/assets/textures/realtimedefense.png
00:19:17.159 [JavaFX Application Thread] DEBUG PrimaryStageWindow   - Push state: DialogSubScene
00:19:17.159 [JavaFX Application Thread] DEBUG Input                - Clearing active input actions
00:19:17.160 [JavaFX Application Thread] DEBUG GameApplicationServi - Removing overlay from GameScene and adding to DialogSubScene
00:19:17.160 [JavaFX Application Thread] DEBUG PrimaryStageWindow   - GameScene -> DialogSubScene
00:19:20.092 [JavaFX Application Thread] DEBUG PrimaryStageWindow   - Pop state: DialogSubScene
00:19:20.092 [JavaFX Application Thread] DEBUG Input                - Clearing active input actions
00:19:20.094 [JavaFX Application Thread] DEBUG GameApplicationServi - Removing overlay from DialogSubScene and adding to GameScene
00:19:20.094 [JavaFX Application Thread] DEBUG PrimaryStageWindow   - GameScene <- DialogSubScene
00:19:21.921 [JavaFX Application Thread] WARN  FXGLAssetLoaderServi - Asset "/assets/textures/gun.png" was not found!
00:19:21.921 [JavaFX Application Thread] WARN  FXGLAssetLoaderServi - Failed to load IMAGE
00:19:21.921 [JavaFX Application Thread] DEBUG FXGLAssetLoaderServi - Loading from file system: file:/F:/my%20files/School/2nd%20year%202nd%20sem/TheOnlyException/Test/target/classes/assets/textures/systemrestore.png
00:19:21.939 [JavaFX Application Thread] DEBUG PrimaryStageWindow   - Push state: DialogSubScene
00:19:21.939 [JavaFX Application Thread] DEBUG Input                - Clearing active input actions
00:19:21.940 [JavaFX Application Thread] DEBUG GameApplicationServi - Removing overlay from GameScene and adding to DialogSubScene
00:19:21.940 [JavaFX Application Thread] DEBUG PrimaryStageWindow   - GameScene -> DialogSubScene
00:19:24.260 [JavaFX Application Thread] DEBUG PrimaryStageWindow   - Pop state: DialogSubScene
00:19:24.260 [JavaFX Application Thread] DEBUG Input                - Clearing active input actions
00:19:24.261 [JavaFX Application Thread] DEBUG GameApplicationServi - Removing overlay from DialogSubScene and adding to GameScene
00:19:24.261 [JavaFX Application Thread] DEBUG PrimaryStageWindow   - GameScene <- DialogSubScene
00:19:26.527 [JavaFX Application Thread] WARN  FXGLAssetLoaderServi - Asset "/assets/textures/gun.png" was not found!
00:19:26.528 [JavaFX Application Thread] WARN  FXGLAssetLoaderServi - Failed to load IMAGE
00:19:26.528 [JavaFX Application Thread] DEBUG PrimaryStageWindow   - Push state: DialogSubScene
00:19:26.528 [JavaFX Application Thread] DEBUG Input                - Clearing active input actions
00:19:26.528 [JavaFX Application Thread] DEBUG GameApplicationServi - Removing overlay from GameScene and adding to DialogSubScene
00:19:26.528 [JavaFX Application Thread] DEBUG PrimaryStageWindow   - GameScene -> DialogSubScene
00:19:29.489 [JavaFX Application Thread] DEBUG PrimaryStageWindow   - Pop state: DialogSubScene
00:19:29.489 [JavaFX Application Thread] DEBUG Input                - Clearing active input actions
00:19:29.489 [JavaFX Application Thread] DEBUG GameApplicationServi - Removing overlay from DialogSubScene and adding to GameScene
00:19:29.490 [JavaFX Application Thread] DEBUG PrimaryStageWindow   - GameScene <- DialogSubScene
00:19:32.994 [JavaFX Application Thread] DEBUG FXGLAssetLoaderServi - Loading from file system: file:/F:/my%20files/School/2nd%20year%202nd%20sem/TheOnlyException/Test/target/classes/assets/textures/datawipe.png
00:19:33.011 [JavaFX Application Thread] WARN  FXGLAssetLoaderServi - Asset "/assets/textures/gun.png" was not found!
00:19:33.011 [JavaFX Application Thread] WARN  FXGLAssetLoaderServi - Failed to load IMAGE
00:19:33.011 [JavaFX Application Thread] DEBUG PrimaryStageWindow   - Push state: DialogSubScene
00:19:33.011 [JavaFX Application Thread] DEBUG Input                - Clearing active input actions
00:19:33.011 [JavaFX Application Thread] DEBUG GameApplicationServi - Removing overlay from GameScene and adding to DialogSubScene
00:19:33.011 [JavaFX Application Thread] DEBUG PrimaryStageWindow   - GameScene -> DialogSubScene
00:19:36.815 [JavaFX Application Thread] DEBUG PrimaryStageWindow   - Pop state: DialogSubScene
00:19:36.815 [JavaFX Application Thread] DEBUG Input                - Clearing active input actions
00:19:36.815 [JavaFX Application Thread] DEBUG GameApplicationServi - Removing overlay from DialogSubScene and adding to GameScene
00:19:36.815 [JavaFX Application Thread] DEBUG PrimaryStageWindow   - GameScene <- DialogSubScene
00:19:37.150 [JavaFX Application Thread] DEBUG GameWorld            - Game world initialized
00:19:37.151 [JavaFX Application Thread] DEBUG PhysicsWorld         - Physics world initialized: appHeight=720, physics.ppm=50.0
00:19:37.151 [JavaFX Application Thread] DEBUG PhysicsWorld         - Using strategy: BRUTE_FORCE
00:19:37.151 [JavaFX Application Thread] DEBUG GameScene            - Game scene initialized: 1280x720
00:19:37.163 [JavaFX Application Thread] DEBUG PrimaryStageWindow   - Push state: PauseScene
00:19:37.163 [JavaFX Application Thread] DEBUG Input                - Clearing active input actions
00:19:37.167 [JavaFX Application Thread] DEBUG GameApplicationServi - Removing overlay from GameScene and adding to PauseScene
00:19:37.167 [JavaFX Application Thread] DEBUG PrimaryStageWindow   - GameScene -> PauseScene
00:19:37.647 [JavaFX Application Thread] DEBUG PrimaryStageWindow   - Pop state: PauseScene
00:19:37.647 [JavaFX Application Thread] DEBUG Input                - Clearing active input actions
00:19:37.648 [JavaFX Application Thread] DEBUG GameApplicationServi - Removing overlay from PauseScene and adding to GameScene
00:19:37.648 [JavaFX Application Thread] DEBUG PrimaryStageWindow   - GameScene <- PauseScene
00:19:37.664 [JavaFX Application Thread] DEBUG GameWorld            - Game world initialized
00:19:37.664 [JavaFX Application Thread] DEBUG PhysicsWorld         - Physics world initialized: appHeight=720, physics.ppm=50.0
00:19:37.664 [JavaFX Application Thread] DEBUG PhysicsWorld         - Using strategy: BRUTE_FORCE
00:19:37.664 [JavaFX Application Thread] DEBUG GameScene            - Game scene initialized: 1280x720
00:19:37.683 [JavaFX Application Thread] DEBUG PrimaryStageWindow   - Push state: MainMenuScene
00:19:37.718 [JavaFX Application Thread] DEBUG Input                - Clearing active input actions
00:19:37.720 [JavaFX Application Thread] DEBUG GameApplicationServi - Removing overlay from GameScene and adding to MainMenuScene
00:19:37.720 [JavaFX Application Thread] DEBUG PrimaryStageWindow   - GameScene -> MainMenuScene
00:19:38.212 [JavaFX Application Thread] DEBUG GameApplicationServi - Starting new game
00:19:38.212 [JavaFX Application Thread] DEBUG PrimaryStageWindow   - Pop state: MainMenuScene
00:19:38.212 [JavaFX Application Thread] DEBUG Input                - Clearing active input actions
00:19:38.212 [JavaFX Application Thread] DEBUG GameApplicationServi - Removing overlay from MainMenuScene and adding to GameScene
00:19:38.212 [JavaFX Application Thread] DEBUG PrimaryStageWindow   - GameScene <- MainMenuScene
00:19:38.213 [JavaFX Application Thread] DEBUG Input                - Clearing active input actions
00:19:38.218 [JavaFX Application Thread] DEBUG GameApplicationServi - Removing overlay from GameScene and adding to FXGLLoadingScene
00:19:38.219 [JavaFX Application Thread] DEBUG PrimaryStageWindow   - GameScene -> FXGLLoadingScene
00:19:38.219 [JavaFX Application Thread] DEBUG GameApplicationServi - Clearing previous game
00:19:38.219 [JavaFX Application Thread] DEBUG GameScene            - Clearing game scene
00:19:38.219 [JavaFX Application Thread] DEBUG GameWorld            - Clearing game world
00:19:38.220 [JavaFX Application Thread] DEBUG PhysicsWorld         - Clearing physics world
00:19:38.220 [FXGL Background Thread 2 ] DEBUG FXGLApplication      - Initializing game
00:19:38.230 [FXGL Background Thread 2 ] INFO  FXGLApplication      - Game initialization took: 0.009 sec
00:19:38.231 [JavaFX Application Thread] DEBUG Input                - Clearing active input actions
00:19:38.234 [JavaFX Application Thread] DEBUG GameApplicationServi - Removing overlay from FXGLLoadingScene and adding to GameScene
00:19:38.234 [JavaFX Application Thread] DEBUG PrimaryStageWindow   - FXGLLoadingScene -> GameScene
00:19:44.583 [JavaFX Application Thread] WARN  FXGLAssetLoaderServi - Asset "/assets/textures/gun.png" was not found!
00:19:44.583 [JavaFX Application Thread] WARN  FXGLAssetLoaderServi - Failed to load IMAGE
00:19:44.583 [JavaFX Application Thread] DEBUG PrimaryStageWindow   - Push state: DialogSubScene
00:19:44.583 [JavaFX Application Thread] DEBUG Input                - Clearing active input actions
00:19:44.584 [JavaFX Application Thread] DEBUG GameApplicationServi - Removing overlay from GameScene and adding to DialogSubScene
00:19:44.584 [JavaFX Application Thread] DEBUG PrimaryStageWindow   - GameScene -> DialogSubScene
00:19:46.177 [JavaFX Application Thread] DEBUG PrimaryStageWindow   - Pop state: DialogSubScene
00:19:46.177 [JavaFX Application Thread] DEBUG Input                - Clearing active input actions
00:19:46.177 [JavaFX Application Thread] DEBUG GameApplicationServi - Removing overlay from DialogSubScene and adding to GameScene
00:19:46.177 [JavaFX Application Thread] DEBUG PrimaryStageWindow   - GameScene <- DialogSubScene
00:19:47.388 [JavaFX Application Thread] WARN  FXGLAssetLoaderServi - Asset "/assets/textures/gun.png" was not found!
00:19:47.388 [JavaFX Application Thread] WARN  FXGLAssetLoaderServi - Failed to load IMAGE
00:19:47.389 [JavaFX Application Thread] DEBUG PrimaryStageWindow   - Push state: DialogSubScene
00:19:47.389 [JavaFX Application Thread] DEBUG Input                - Clearing active input actions
00:19:47.389 [JavaFX Application Thread] DEBUG GameApplicationServi - Removing overlay from GameScene and adding to DialogSubScene
00:19:47.389 [JavaFX Application Thread] DEBUG PrimaryStageWindow   - GameScene -> DialogSubScene
00:19:52.749 [JavaFX Application Thread] DEBUG PrimaryStageWindow   - Pop state: DialogSubScene
00:19:52.749 [JavaFX Application Thread] DEBUG Input                - Clearing active input actions
00:19:52.750 [JavaFX Application Thread] DEBUG GameApplicationServi - Removing overlay from DialogSubScene and adding to GameScene
00:19:52.750 [JavaFX Application Thread] DEBUG PrimaryStageWindow   - GameScene <- DialogSubScene
00:19:55.873 [JavaFX Application Thread] WARN  FXGLAssetLoaderServi - Asset "/assets/textures/gun.png" was not found!
00:19:55.873 [JavaFX Application Thread] WARN  FXGLAssetLoaderServi - Failed to load IMAGE
00:19:55.873 [JavaFX Application Thread] DEBUG PrimaryStageWindow   - Push state: DialogSubScene
00:19:55.873 [JavaFX Application Thread] DEBUG Input                - Clearing active input actions
00:19:55.874 [JavaFX Application Thread] DEBUG GameApplicationServi - Removing overlay from GameScene and adding to DialogSubScene
00:19:55.874 [JavaFX Application Thread] DEBUG PrimaryStageWindow   - GameScene -> DialogSubScene
00:19:59.321 [JavaFX Application Thread] DEBUG PrimaryStageWindow   - Pop state: DialogSubScene
00:19:59.321 [JavaFX Application Thread] DEBUG Input                - Clearing active input actions
00:19:59.321 [JavaFX Application Thread] DEBUG GameApplicationServi - Removing overlay from DialogSubScene and adding to GameScene
00:19:59.321 [JavaFX Application Thread] DEBUG PrimaryStageWindow   - GameScene <- DialogSubScene
00:20:01.916 [JavaFX Application Thread] DEBUG GameWorld            - Game world initialized
00:20:01.917 [JavaFX Application Thread] DEBUG PhysicsWorld         - Physics world initialized: appHeight=720, physics.ppm=50.0
00:20:01.917 [JavaFX Application Thread] DEBUG PhysicsWorld         - Using strategy: BRUTE_FORCE
00:20:01.917 [JavaFX Application Thread] DEBUG GameScene            - Game scene initialized: 1280x720
00:20:01.925 [JavaFX Application Thread] DEBUG PrimaryStageWindow   - Push state: PauseScene
00:20:01.925 [JavaFX Application Thread] DEBUG Input                - Clearing active input actions
00:20:01.926 [JavaFX Application Thread] DEBUG GameApplicationServi - Removing overlay from GameScene and adding to PauseScene
00:20:01.927 [JavaFX Application Thread] DEBUG PrimaryStageWindow   - GameScene -> PauseScene
00:20:05.194 [JavaFX Application Thread] DEBUG PrimaryStageWindow   - Pop state: PauseScene
00:20:05.194 [JavaFX Application Thread] DEBUG Input                - Clearing active input actions
00:20:05.195 [JavaFX Application Thread] DEBUG GameApplicationServi - Removing overlay from PauseScene and adding to GameScene
00:20:05.195 [JavaFX Application Thread] DEBUG PrimaryStageWindow   - GameScene <- PauseScene
00:20:06.529 [JavaFX Application Thread] DEBUG PrimaryStageWindow   - Push state: DialogSubScene
00:20:06.529 [JavaFX Application Thread] DEBUG Input                - Clearing active input actions
00:20:06.529 [JavaFX Application Thread] DEBUG GameApplicationServi - Removing overlay from GameScene and adding to DialogSubScene
00:20:06.529 [JavaFX Application Thread] DEBUG PrimaryStageWindow   - GameScene -> DialogSubScene
00:20:11.471 [JavaFX Application Thread] DEBUG PrimaryStageWindow   - Pop state: DialogSubScene
00:20:11.471 [JavaFX Application Thread] DEBUG Input                - Clearing active input actions
00:20:11.471 [JavaFX Application Thread] DEBUG GameApplicationServi - Removing overlay from DialogSubScene and adding to GameScene
00:20:11.471 [JavaFX Application Thread] DEBUG PrimaryStageWindow   - GameScene <- DialogSubScene
00:20:11.475 [JavaFX Application Thread] WARN  FXGLAssetLoaderServi - Asset "/assets/textures/particles/spark.png" was not found!
00:20:11.475 [JavaFX Application Thread] WARN  FXGLAssetLoaderServi - Failed to load RESIZABLE_IMAGE
00:20:17.616 [JavaFX Application Thread] WARN  FXGLAssetLoaderServi - Asset "/assets/textures/gun.png" was not found!
00:20:17.616 [JavaFX Application Thread] WARN  FXGLAssetLoaderServi - Failed to load IMAGE
00:20:17.616 [JavaFX Application Thread] DEBUG PrimaryStageWindow   - Push state: DialogSubScene
00:20:17.616 [JavaFX Application Thread] DEBUG Input                - Clearing active input actions
00:20:17.617 [JavaFX Application Thread] DEBUG GameApplicationServi - Removing overlay from GameScene and adding to DialogSubScene
00:20:17.617 [JavaFX Application Thread] DEBUG PrimaryStageWindow   - GameScene -> DialogSubScene
00:20:19.263 [JavaFX Application Thread] DEBUG PrimaryStageWindow   - Pop state: DialogSubScene
00:20:19.264 [JavaFX Application Thread] DEBUG Input                - Clearing active input actions
00:20:19.264 [JavaFX Application Thread] DEBUG GameApplicationServi - Removing overlay from DialogSubScene and adding to GameScene
00:20:19.264 [JavaFX Application Thread] DEBUG PrimaryStageWindow   - GameScene <- DialogSubScene
00:20:24.880 [JavaFX Application Thread] WARN  FXGLAssetLoaderServi - Asset "/assets/textures/particles/spark.png" was not found!
00:20:24.880 [JavaFX Application Thread] WARN  FXGLAssetLoaderServi - Failed to load RESIZABLE_IMAGE
00:20:25.917 [JavaFX Application Thread] DEBUG FXGLAssetLoaderServi - Loading from file system: file:/F:/my%20files/School/2nd%20year%202nd%20sem/TheOnlyException/Test/target/classes/assets/textures/smolderprotocol.png
00:20:25.948 [JavaFX Application Thread] WARN  FXGLAssetLoaderServi - Asset "/assets/textures/gun.png" was not found!
00:20:25.948 [JavaFX Application Thread] WARN  FXGLAssetLoaderServi - Failed to load IMAGE
00:20:25.949 [JavaFX Application Thread] DEBUG PrimaryStageWindow   - Push state: DialogSubScene
00:20:25.949 [JavaFX Application Thread] DEBUG Input                - Clearing active input actions
00:20:25.949 [JavaFX Application Thread] DEBUG GameApplicationServi - Removing overlay from GameScene and adding to DialogSubScene
00:20:25.949 [JavaFX Application Thread] DEBUG PrimaryStageWindow   - GameScene -> DialogSubScene
00:20:28.298 [JavaFX Application Thread] DEBUG PrimaryStageWindow   - Pop state: DialogSubScene
00:20:28.298 [JavaFX Application Thread] DEBUG Input                - Clearing active input actions
00:20:28.298 [JavaFX Application Thread] DEBUG GameApplicationServi - Removing overlay from DialogSubScene and adding to GameScene
00:20:28.298 [JavaFX Application Thread] DEBUG PrimaryStageWindow   - GameScene <- DialogSubScene
00:20:28.393 [JavaFX Application Thread] DEBUG FXGLAssetLoaderServi - Loading from file system: file:/F:/my%20files/School/2nd%20year%202nd%20sem/TheOnlyException/Test/target/classes/assets/textures/smolder.png
00:20:41.287 [JavaFX Application Thread] WARN  FXGLAssetLoaderServi - Asset "/assets/textures/particles/spark.png" was not found!
00:20:41.287 [JavaFX Application Thread] WARN  FXGLAssetLoaderServi - Failed to load RESIZABLE_IMAGE
00:20:44.209 [JavaFX Application Thread] DEBUG PrimaryStageWindow   - Push state: DialogSubScene
00:20:44.209 [JavaFX Application Thread] DEBUG Input                - Clearing active input actions
00:20:44.209 [JavaFX Application Thread] DEBUG GameApplicationServi - Removing overlay from GameScene and adding to DialogSubScene
00:20:44.209 [JavaFX Application Thread] DEBUG PrimaryStageWindow   - GameScene -> DialogSubScene
00:20:46.327 [JavaFX Application Thread] DEBUG PrimaryStageWindow   - Pop state: DialogSubScene
00:20:46.327 [JavaFX Application Thread] DEBUG Input                - Clearing active input actions
00:20:46.328 [JavaFX Application Thread] DEBUG GameApplicationServi - Removing overlay from DialogSubScene and adding to GameScene
00:20:46.328 [JavaFX Application Thread] DEBUG PrimaryStageWindow   - GameScene <- DialogSubScene
00:20:48.185 [JavaFX Application Thread] WARN  FXGLAssetLoaderServi - Asset "/assets/textures/particles/glassparticle.png" was not found!
00:20:48.185 [JavaFX Application Thread] WARN  FXGLAssetLoaderServi - Failed to load RESIZABLE_IMAGE
00:20:56.320 [JavaFX Application Thread] WARN  FXGLAssetLoaderServi - Asset "/assets/textures/particles/spark.png" was not found!
00:20:56.320 [JavaFX Application Thread] WARN  FXGLAssetLoaderServi - Failed to load RESIZABLE_IMAGE
00:20:58.123 [JavaFX Application Thread] WARN  FXGLAssetLoaderServi - Asset "/assets/textures/gun.png" was not found!
00:20:58.123 [JavaFX Application Thread] WARN  FXGLAssetLoaderServi - Failed to load IMAGE
00:20:58.123 [JavaFX Application Thread] DEBUG PrimaryStageWindow   - Push state: DialogSubScene
00:20:58.123 [JavaFX Application Thread] DEBUG Input                - Clearing active input actions
00:20:58.123 [JavaFX Application Thread] DEBUG GameApplicationServi - Removing overlay from GameScene and adding to DialogSubScene
00:20:58.123 [JavaFX Application Thread] DEBUG PrimaryStageWindow   - GameScene -> DialogSubScene
00:21:01.759 [JavaFX Application Thread] DEBUG PrimaryStageWindow   - Pop state: DialogSubScene
00:21:01.759 [JavaFX Application Thread] DEBUG Input                - Clearing active input actions
00:21:01.759 [JavaFX Application Thread] DEBUG GameApplicationServi - Removing overlay from DialogSubScene and adding to GameScene
00:21:01.759 [JavaFX Application Thread] DEBUG PrimaryStageWindow   - GameScene <- DialogSubScene
00:21:12.886 [JavaFX Application Thread] WARN  FXGLAssetLoaderServi - Asset "/assets/textures/particles/spark.png" was not found!
00:21:12.886 [JavaFX Application Thread] WARN  FXGLAssetLoaderServi - Failed to load RESIZABLE_IMAGE
00:21:21.400 [JavaFX Application Thread] WARN  FXGLAssetLoaderServi - Asset "/assets/textures/gun.png" was not found!
00:21:21.400 [JavaFX Application Thread] WARN  FXGLAssetLoaderServi - Failed to load IMAGE
00:21:21.400 [JavaFX Application Thread] DEBUG PrimaryStageWindow   - Push state: DialogSubScene
00:21:21.400 [JavaFX Application Thread] DEBUG Input                - Clearing active input actions
00:21:21.400 [JavaFX Application Thread] DEBUG GameApplicationServi - Removing overlay from GameScene and adding to DialogSubScene
00:21:21.400 [JavaFX Application Thread] DEBUG PrimaryStageWindow   - GameScene -> DialogSubScene
00:21:26.624 [JavaFX Application Thread] DEBUG PrimaryStageWindow   - Pop state: DialogSubScene
00:21:26.624 [JavaFX Application Thread] DEBUG Input                - Clearing active input actions
00:21:26.625 [JavaFX Application Thread] DEBUG GameApplicationServi - Removing overlay from DialogSubScene and adding to GameScene
00:21:26.625 [JavaFX Application Thread] DEBUG PrimaryStageWindow   - GameScene <- DialogSubScene
00:21:30.156 [JavaFX Application Thread] WARN  FXGLAssetLoaderServi - Asset "/assets/textures/particles/spark.png" was not found!
00:21:30.156 [JavaFX Application Thread] WARN  FXGLAssetLoaderServi - Failed to load RESIZABLE_IMAGE
00:21:39.632 [JavaFX Application Thread] WARN  FXGLAssetLoaderServi - Asset "/assets/textures/particles/glassparticle.png" was not found!
00:21:39.632 [JavaFX Application Thread] WARN  FXGLAssetLoaderServi - Failed to load RESIZABLE_IMAGE
00:21:45.210 [JavaFX Application Thread] WARN  FXGLAssetLoaderServi - Asset "/assets/textures/particles/spark.png" was not found!
00:21:45.210 [JavaFX Application Thread] WARN  FXGLAssetLoaderServi - Failed to load RESIZABLE_IMAGE
00:21:45.758 [JavaFX Application Thread] DEBUG PrimaryStageWindow   - Push state: DialogSubScene
00:21:45.758 [JavaFX Application Thread] DEBUG Input                - Clearing active input actions
00:21:45.759 [JavaFX Application Thread] DEBUG GameApplicationServi - Removing overlay from GameScene and adding to DialogSubScene
00:21:45.759 [JavaFX Application Thread] DEBUG PrimaryStageWindow   - GameScene -> DialogSubScene
00:21:48.615 [JavaFX Application Thread] DEBUG PrimaryStageWindow   - Pop state: DialogSubScene
00:21:48.615 [JavaFX Application Thread] DEBUG Input                - Clearing active input actions
00:21:48.616 [JavaFX Application Thread] DEBUG GameApplicationServi - Removing overlay from DialogSubScene and adding to GameScene
00:21:48.616 [JavaFX Application Thread] DEBUG PrimaryStageWindow   - GameScene <- DialogSubScene
00:21:49.559 [JavaFX Application Thread] WARN  FXGLAssetLoaderServi - Asset "/assets/textures/particles/glassparticle.png" was not found!
00:21:49.559 [JavaFX Application Thread] WARN  FXGLAssetLoaderServi - Failed to load RESIZABLE_IMAGE
00:22:02.665 [JavaFX Application Thread] WARN  FXGLAssetLoaderServi - Asset "/assets/textures/particles/spark.png" was not found!
00:22:02.665 [JavaFX Application Thread] WARN  FXGLAssetLoaderServi - Failed to load RESIZABLE_IMAGE
00:22:03.889 [JavaFX Application Thread] WARN  FXGLAssetLoaderServi - Asset "/assets/textures/particles/glassparticle.png" was not found!
00:22:03.889 [JavaFX Application Thread] WARN  FXGLAssetLoaderServi - Failed to load RESIZABLE_IMAGE
00:22:06.834 [JavaFX Application Thread] DEBUG LoopRunner           - Pausing loop
00:22:08.270 [JavaFX Application Thread] DEBUG FXGLApplication      - Exiting FXGL
00:22:08.270 [JavaFX Application Thread] DEBUG LoopRunner           - Stopping loop
00:22:08.270 [JavaFX Application Thread] DEBUG SystemBundleService  - Saving FXGL system data
00:22:08.272 [JavaFX Application Thread] DEBUG FileSystemAccess     - Writing to: F:\my files\School\2nd year 2nd sem\TheOnlyException\system\fxgl.bundle
00:22:08.678 [JavaFX Application Thread] DEBUG Async                - Shutting down background threads
00:22:08.678 [JavaFX Application Thread] DEBUG PrimaryStageWindow   - Closing main window
00:22:08.696 [JavaFX Application Thread] DEBUG Logger               - Closing Logger
