15:11:07.662 [main                     ] DEBUG Logger               - Configured Logger
15:11:07.676 [main                     ] DEBUG GameApplication      - Logging settings
Title: Prototype Game
Version: 0.1.5
Width: 1280
Height: 720
Fullscreen: false
Intro: false
Profiling: false
Single step:false
App Mode: DEVELOPER
Menu Key: ESCAPE
Stage Style: DECORATED
Scene Factory: class org.example.core.GameApp$1

15:11:08.505 [JavaFX Application Thread] DEBUG FXGLApplication      - Initializing FXGL
15:11:08.511 [JavaFX Application Thread] INFO  Engine               - FXGL-21+dev-SNAPSHOT (26.03.2024 21.04) on WINDOWS (J:24 FX:21.0.1)
15:11:08.511 [JavaFX Application Thread] DEBUG Engine               - JRE Vendor Name: Oracle Corporation
15:11:08.511 [JavaFX Application Thread] DEBUG Engine               - Running on OS: Windows 10 version 10.0
15:11:08.511 [JavaFX Application Thread] DEBUG Engine               - Architecture: amd64
15:11:08.511 [JavaFX Application Thread] INFO  Engine               - Source code and latest versions at: https://github.com/AlmasB/FXGL
15:11:08.512 [JavaFX Application Thread] INFO  Engine               -       Ask questions and discuss at: https://github.com/AlmasB/FXGL/discussions
15:11:08.512 [JavaFX Application Thread] INFO  Engine               -              Join the FXGL chat at: https://gitter.im/AlmasB/FXGL
15:11:08.774 [JavaFX Application Thread] DEBUG PrimaryStageWindow   - Creating a JavaFX scene
15:11:08.876 [JavaFX Application Thread] DEBUG PrimaryStageWindow   - Target settings size: 1280.0 x 720.0
15:11:08.876 [JavaFX Application Thread] DEBUG PrimaryStageWindow   - Scaled scene size:    1280.0 x 720.0
15:11:08.877 [JavaFX Application Thread] DEBUG PrimaryStageWindow   - Scaled ratio: (1.0, 1.0)
15:11:08.878 [JavaFX Application Thread] DEBUG PrimaryStageWindow   - Set initial scene to FXGLStartupScene
15:11:08.885 [JavaFX Application Thread] DEBUG PrimaryStageWindow   - Opening main window
15:11:09.028 [JavaFX Application Thread] DEBUG PrimaryStageWindow   - Window border size: (16.0, 39.0)
15:11:09.028 [JavaFX Application Thread] DEBUG PrimaryStageWindow   - Scaled size: 1280.0 x 720.0
15:11:09.028 [JavaFX Application Thread] DEBUG PrimaryStageWindow   - Scaled ratio: (1.0, 1.0)
15:11:09.029 [JavaFX Application Thread] DEBUG PrimaryStageWindow   - Scene size: 1280.0 x 720.0
15:11:09.029 [JavaFX Application Thread] DEBUG PrimaryStageWindow   - Stage size: 1296.0 x 759.0
15:11:09.045 [FXGL Background Thread 1 ] DEBUG Engine               - Initializing environment variables
15:11:09.169 [FXGL Background Thread 1 ] DEBUG FXGLAssetLoaderServi - User app class for loading assets: class org.example.core.GameApp
15:11:09.169 [FXGL Background Thread 1 ] DEBUG GameApplicationServi - Applying CSS: fxgl_dark.css
15:11:09.171 [FXGL Background Thread 1 ] DEBUG FXGLAssetLoaderServi - Loading from file system: jar:file:/C:/Users/kurtd/.m2/repository/com/github/AlmasB/FXGL/fxgl/21.1/fxgl-21.1.jar!/fxglassets/ui/css/fxgl_dark.css
15:11:09.258 [FXGL Background Thread 1 ] DEBUG GameApplicationServi - Initializing application scenes
15:11:09.387 [FXGL Background Thread 1 ] DEBUG GameWorld            - Game world initialized
15:11:09.483 [FXGL Background Thread 1 ] DEBUG PhysicsWorld         - Physics world initialized: appHeight=720, physics.ppm=50.0
15:11:09.484 [FXGL Background Thread 1 ] DEBUG PhysicsWorld         - Using strategy: BRUTE_FORCE
15:11:09.490 [FXGL Background Thread 1 ] DEBUG GameScene            - Game scene initialized: 1280x720
15:11:09.955 [FXGL Background Thread 1 ] DEBUG GameApplicationServi - Application scenes initialized
15:11:10.000 [FXGL Background Thread 1 ] DEBUG SystemBundleService  - Loading FXGL system data
15:11:10.009 [FXGL Background Thread 1 ] DEBUG FileSystemAccess     - Reading from: C:\Users\kurtd\IdeaProjects\TheOnlyException\system\fxgl.bundle
15:11:10.017 [FXGL Background Thread 1 ] DEBUG SystemBundleService  - Bundle FXGL: {}
15:11:10.017 [FXGL Background Thread 1 ] DEBUG UpdaterService       - Checking for updates
15:11:10.029 [FXGL Background Thread 4 ] DEBUG FXGLApplication      - Loading fonts
15:11:10.030 [FXGL Background Thread 1 ] DEBUG FXGLApplication      - Loading default localization
15:11:10.031 [FXGL Background Thread 1 ] DEBUG FXGLAssetLoaderServi - Loading from file system: jar:file:/C:/Users/kurtd/.m2/repository/com/github/AlmasB/FXGL/fxgl/21.1/fxgl-21.1.jar!/fxglassets/languages/english.lang
15:11:10.058 [FXGL Background Thread 4 ] DEBUG FXGLAssetLoaderServi - Loading from file system: jar:file:/C:/Users/kurtd/.m2/repository/com/github/AlmasB/FXGL/fxgl-samples/21.1/fxgl-samples-21.1.jar!/assets/ui/fonts/VarelaRound-Regular.ttf
15:11:10.075 [FXGL Background Thread 1 ] INFO  FXGLApplication      - FXGL initialization took: 1.028 sec
15:11:10.088 [JavaFX Application Thread] DEBUG Input                - Registered new binding: action0 - A
15:11:10.089 [JavaFX Application Thread] DEBUG Input                - Registered new binding: action1 - D
15:11:10.089 [JavaFX Application Thread] DEBUG Input                - Registered new binding: action2 - W
15:11:10.090 [JavaFX Application Thread] DEBUG Input                - Registered new binding: action3 - S
15:11:10.091 [JavaFX Application Thread] DEBUG FXGLAssetLoaderServi - Loading from file system: jar:file:/C:/Users/kurtd/.m2/repository/com/github/AlmasB/FXGL/fxgl/21.1/fxgl-21.1.jar!/fxglassets/textures/fxgl_icon.png
15:11:10.137 [FXGL Background Thread 4 ] DEBUG FXGLAssetLoaderServi - Loading from file system: jar:file:/C:/Users/kurtd/.m2/repository/com/github/AlmasB/FXGL/fxgl/21.1/fxgl-21.1.jar!/fxglassets/ui/fonts/Abel-Regular.ttf
15:11:10.157 [FXGL Background Thread 4 ] DEBUG FXGLAssetLoaderServi - Loading from file system: jar:file:/C:/Users/kurtd/.m2/repository/com/github/AlmasB/FXGL/fxgl/21.1/fxgl-21.1.jar!/fxglassets/ui/fonts/TerminalLandMono-Regular.otf
15:11:10.176 [FXGL Background Thread 4 ] DEBUG FXGLAssetLoaderServi - Loading from file system: jar:file:/C:/Users/kurtd/.m2/repository/com/github/AlmasB/FXGL/fxgl/21.1/fxgl-21.1.jar!/fxglassets/ui/fonts/Courier-Prime.ttf
15:11:10.229 [JavaFX Application Thread] DEBUG FXGLAssetLoaderServi - Loading from file system: jar:file:/C:/Users/kurtd/.m2/repository/com/github/AlmasB/FXGL/fxgl/21.1/fxgl-21.1.jar!/fxglassets/textures/fxgl_default_cursor.png
15:11:10.238 [JavaFX Application Thread] DEBUG Input                - Registered new binding: Screenshot - CTRL+8
15:11:10.239 [JavaFX Application Thread] DEBUG Input                - Registered new binding: System info dump - CTRL+9
15:11:10.240 [JavaFX Application Thread] DEBUG Input                - Registered new binding: Restart - CTRL+R
15:11:10.241 [JavaFX Application Thread] DEBUG Input                - Registered new binding: Toggle Debug Camera - CTRL+7
15:11:10.246 [JavaFX Application Thread] DEBUG LoopRunner           - Starting loop
15:11:10.246 [JavaFX Application Thread] DEBUG LoopRunner           - Initializing JavaFX AnimationTimerLoop
15:11:10.252 [JavaFX Application Thread] DEBUG Input                - Clearing active input actions
15:11:10.264 [JavaFX Application Thread] DEBUG GameApplicationServi - Removing overlay from FXGLStartupScene and adding to FXGLMainMenuDummyScene
15:11:10.265 [JavaFX Application Thread] DEBUG PrimaryStageWindow   - FXGLStartupScene -> FXGLMainMenuDummyScene
15:11:10.265 [JavaFX Application Thread] DEBUG PrimaryStageWindow   - Push state: LoginScene
15:11:10.266 [JavaFX Application Thread] DEBUG Input                - Clearing active input actions
15:11:10.385 [JavaFX Application Thread] DEBUG GameApplicationServi - Removing overlay from FXGLMainMenuDummyScene and adding to LoginScene
15:11:10.386 [JavaFX Application Thread] DEBUG PrimaryStageWindow   - FXGLMainMenuDummyScene -> LoginScene
15:11:10.781 [JavaFX Application Thread] DEBUG FXGLApplication      - Registering font factories with UI factory
15:11:11.230 [FXGL Background Thread 2 ] INFO  UpdaterService       - Your current version:  21+dev-SNAPSHOT
15:11:11.230 [FXGL Background Thread 2 ] INFO  UpdaterService       - Latest stable version: 21.1
15:11:13.025 [FXGL Background Thread 3 ] DEBUG Engine               - Logging environment variables
15:11:13.025 [FXGL Background Thread 3 ] DEBUG Engine               - achievements: []
15:11:13.025 [FXGL Background Thread 3 ] DEBUG Engine               - actualHeight: 720.0
15:11:13.025 [FXGL Background Thread 3 ] DEBUG Engine               - actualHeightProperty: ReadOnlyDoubleProperty [value: 720.0]
15:11:13.026 [FXGL Background Thread 3 ] DEBUG Engine               - actualWidth: 1280.0
15:11:13.026 [FXGL Background Thread 3 ] DEBUG Engine               - actualWidthProperty: ReadOnlyDoubleProperty [value: 1280.0]
15:11:13.026 [FXGL Background Thread 3 ] DEBUG Engine               - appIcon: fxgl_icon.png
15:11:13.026 [FXGL Background Thread 3 ] DEBUG Engine               - applicationMode: DEVELOPER
15:11:13.026 [FXGL Background Thread 3 ] DEBUG Engine               - cSSList: [fxgl_dark.css]
15:11:13.026 [FXGL Background Thread 3 ] DEBUG Engine               - collisionDetectionStrategy: BRUTE_FORCE
15:11:13.026 [FXGL Background Thread 3 ] DEBUG Engine               - configClass: Optional.empty
15:11:13.026 [FXGL Background Thread 3 ] DEBUG Engine               - credits: []
15:11:13.030 [FXGL Background Thread 3 ] DEBUG Engine               - defaultCursor: CursorInfo(imageName=fxgl_default_cursor.png, hotspotX=7.0, hotspotY=6.0)
15:11:13.031 [FXGL Background Thread 3 ] DEBUG Engine               - devBBoxColorProperty: ObjectProperty [value: 0xff0000ff]
15:11:13.031 [FXGL Background Thread 3 ] DEBUG Engine               - devEnableDebugCameraProperty: BooleanProperty [value: false]
15:11:13.032 [FXGL Background Thread 3 ] DEBUG Engine               - devSensorColorProperty: ObjectProperty [value: 0xffff00ff]
15:11:13.032 [FXGL Background Thread 3 ] DEBUG Engine               - devShowBBoxProperty: BooleanProperty [value: false]
15:11:13.032 [FXGL Background Thread 3 ] DEBUG Engine               - devShowPositionProperty: BooleanProperty [value: false]
15:11:13.032 [FXGL Background Thread 3 ] DEBUG Engine               - enabledMenuItems: []
15:11:13.032 [FXGL Background Thread 3 ] DEBUG Engine               - engineServices: [class com.almasb.fxgl.app.services.FXGLAssetLoaderService, class com.almasb.fxgl.app.FXGLApplication$GameApplicationService, class com.almasb.fxgl.app.services.FXGLDialogService, class com.almasb.fxgl.app.services.IOTaskExecutorService, class com.almasb.fxgl.io.FileSystemService, class com.almasb.fxgl.localization.LocalizationService, class com.almasb.fxgl.app.services.SystemBundleService, class com.almasb.fxgl.profile.SaveLoadService, class com.almasb.fxgl.ui.FXGLUIFactoryServiceProvider, class com.almasb.fxgl.ui.FXGLDialogFactoryServiceProvider, class com.almasb.fxgl.audio.AudioPlayer, class com.almasb.fxgl.notification.impl.NotificationServiceProvider, class com.almasb.fxgl.achievement.AchievementService, class com.almasb.fxgl.cutscene.CutsceneService, class com.almasb.fxgl.minigames.MiniGameService, class com.almasb.fxgl.net.NetService, class com.almasb.fxgl.app.services.UpdaterService, class com.almasb.fxgl.dev.DevService]
15:11:13.032 [FXGL Background Thread 3 ] DEBUG Engine               - fontGame: Abel-Regular.ttf
15:11:13.033 [FXGL Background Thread 3 ] DEBUG Engine               - fontMono: TerminalLandMono-Regular.otf
15:11:13.033 [FXGL Background Thread 3 ] DEBUG Engine               - fontSizeScaleUI: 1.0
15:11:13.033 [FXGL Background Thread 3 ] DEBUG Engine               - fontText: Courier-Prime.ttf
15:11:13.033 [FXGL Background Thread 3 ] DEBUG Engine               - fontUI: VarelaRound-Regular.ttf
15:11:13.033 [FXGL Background Thread 3 ] DEBUG Engine               - fullScreen: BooleanProperty [value: false]
15:11:13.033 [FXGL Background Thread 3 ] DEBUG Engine               - gameDifficulty: MEDIUM
15:11:13.033 [FXGL Background Thread 3 ] DEBUG Engine               - gameDifficultyProperty: ObjectProperty [value: MEDIUM]
15:11:13.033 [FXGL Background Thread 3 ] DEBUG Engine               - globalMusicVolume: 0.5
15:11:13.033 [FXGL Background Thread 3 ] DEBUG Engine               - globalMusicVolumeProperty: DoubleProperty [value: 0.5]
15:11:13.033 [FXGL Background Thread 3 ] DEBUG Engine               - globalSoundVolume: 0.5
15:11:13.033 [FXGL Background Thread 3 ] DEBUG Engine               - globalSoundVolumeProperty: DoubleProperty [value: 0.5]
15:11:13.033 [FXGL Background Thread 3 ] DEBUG Engine               - height: 720
15:11:13.033 [FXGL Background Thread 3 ] DEBUG Engine               - is3D: false
15:11:13.033 [FXGL Background Thread 3 ] DEBUG Engine               - isAndroid: false
15:11:13.033 [FXGL Background Thread 3 ] DEBUG Engine               - isBrowser: false
15:11:13.034 [FXGL Background Thread 3 ] DEBUG Engine               - isClickFeedbackEnabled: false
15:11:13.034 [FXGL Background Thread 3 ] DEBUG Engine               - isCloseConfirmation: false
15:11:13.034 [FXGL Background Thread 3 ] DEBUG Engine               - isDesktop: true
15:11:13.034 [FXGL Background Thread 3 ] DEBUG Engine               - isDeveloperMenuEnabled: false
15:11:13.034 [FXGL Background Thread 3 ] DEBUG Engine               - isEmbedded: false
15:11:13.034 [FXGL Background Thread 3 ] DEBUG Engine               - isEntityPreloadEnabled: true
15:11:13.034 [FXGL Background Thread 3 ] DEBUG Engine               - isExperimentalTiledLargeMap: false
15:11:13.034 [FXGL Background Thread 3 ] DEBUG Engine               - isFileSystemWriteAllowed: true
15:11:13.034 [FXGL Background Thread 3 ] DEBUG Engine               - isFullScreenAllowed: false
15:11:13.034 [FXGL Background Thread 3 ] DEBUG Engine               - isFullScreenFromStart: false
15:11:13.034 [FXGL Background Thread 3 ] DEBUG Engine               - isGameMenuEnabled: false
15:11:13.034 [FXGL Background Thread 3 ] DEBUG Engine               - isIOS: false
15:11:13.034 [FXGL Background Thread 3 ] DEBUG Engine               - isIntroEnabled: false
15:11:13.034 [FXGL Background Thread 3 ] DEBUG Engine               - isLinux: false
15:11:13.034 [FXGL Background Thread 3 ] DEBUG Engine               - isMac: false
15:11:13.034 [FXGL Background Thread 3 ] DEBUG Engine               - isMainMenuEnabled: true
15:11:13.034 [FXGL Background Thread 3 ] DEBUG Engine               - isManualResizeEnabled: false
15:11:13.034 [FXGL Background Thread 3 ] DEBUG Engine               - isMobile: false
15:11:13.034 [FXGL Background Thread 3 ] DEBUG Engine               - isNative: false
15:11:13.035 [FXGL Background Thread 3 ] DEBUG Engine               - isPauseMusicWhenMinimized: true
15:11:13.035 [FXGL Background Thread 3 ] DEBUG Engine               - isPreserveResizeRatio: false
15:11:13.035 [FXGL Background Thread 3 ] DEBUG Engine               - isProfilingEnabled: false
15:11:13.035 [FXGL Background Thread 3 ] DEBUG Engine               - isScaleAffectedOnResize: true
15:11:13.035 [FXGL Background Thread 3 ] DEBUG Engine               - isSingleStep: false
15:11:13.035 [FXGL Background Thread 3 ] DEBUG Engine               - isUserProfileEnabled: false
15:11:13.035 [FXGL Background Thread 3 ] DEBUG Engine               - isWindows: true
15:11:13.035 [FXGL Background Thread 3 ] DEBUG Engine               - language: ObjectProperty [value: ENGLISH]
15:11:13.035 [FXGL Background Thread 3 ] DEBUG Engine               - menuKey: ESCAPE
15:11:13.035 [FXGL Background Thread 3 ] DEBUG Engine               - mouseSensitivity: 0.2
15:11:13.036 [FXGL Background Thread 3 ] DEBUG Engine               - notificationViewClass: class com.almasb.fxgl.notification.view.XboxNotificationView
15:11:13.036 [FXGL Background Thread 3 ] DEBUG Engine               - pixelsPerMeter: 50.0
15:11:13.036 [FXGL Background Thread 3 ] DEBUG Engine               - platform: WINDOWS
15:11:13.036 [FXGL Background Thread 3 ] DEBUG Engine               - prefHeightProperty: ReadOnlyDoubleProperty [value: 720.0]
15:11:13.036 [FXGL Background Thread 3 ] DEBUG Engine               - prefWidthProperty: ReadOnlyDoubleProperty [value: 1280.0]
15:11:13.036 [FXGL Background Thread 3 ] DEBUG Engine               - profileDir: profiles/
15:11:13.036 [FXGL Background Thread 3 ] DEBUG Engine               - profileName: StringProperty [value: DEFAULT]
15:11:13.036 [FXGL Background Thread 3 ] DEBUG Engine               - randomSeed: -1
15:11:13.037 [FXGL Background Thread 3 ] DEBUG Engine               - runtimeInfo: RuntimeInfo(platform=WINDOWS, version=21+dev-SNAPSHOT, build=26.03.2024 21.04)
15:11:13.037 [FXGL Background Thread 3 ] DEBUG Engine               - saveFileExt: sav
15:11:13.037 [FXGL Background Thread 3 ] DEBUG Engine               - scaledHeightProp$fxgl: DoubleProperty [bound, value: 720.0]
15:11:13.037 [FXGL Background Thread 3 ] DEBUG Engine               - scaledWidthProp$fxgl: DoubleProperty [bound, value: 1280.0]
15:11:13.037 [FXGL Background Thread 3 ] DEBUG Engine               - sceneFactory: org.example.core.GameApp$1@41824035
15:11:13.037 [FXGL Background Thread 3 ] DEBUG Engine               - secondsIn24h: 60
15:11:13.037 [FXGL Background Thread 3 ] DEBUG Engine               - soundMenuBack: menu/back.wav
15:11:13.038 [FXGL Background Thread 3 ] DEBUG Engine               - soundMenuPress: menu/press.wav
15:11:13.038 [FXGL Background Thread 3 ] DEBUG Engine               - soundMenuSelect: menu/select.wav
15:11:13.038 [FXGL Background Thread 3 ] DEBUG Engine               - soundNotification: core/notification.wav
15:11:13.038 [FXGL Background Thread 3 ] DEBUG Engine               - stageStyle: DECORATED
15:11:13.038 [FXGL Background Thread 3 ] DEBUG Engine               - supportedLanguages: [ENGLISH, FRENCH, GERMAN, HUNGARIAN, RUSSIAN]
15:11:13.038 [FXGL Background Thread 3 ] DEBUG Engine               - ticksPerSecond: -1
15:11:13.038 [FXGL Background Thread 3 ] DEBUG Engine               - title: Prototype Game
15:11:13.038 [FXGL Background Thread 3 ] DEBUG Engine               - urlGithub: https://github.com/AlmasB/FXGL
15:11:13.038 [FXGL Background Thread 3 ] DEBUG Engine               - urlLeaderboard: http://fxgl-top.herokuapp.com/
15:11:13.038 [FXGL Background Thread 3 ] DEBUG Engine               - urlPOM: https://raw.githubusercontent.com/AlmasB/FXGL/release/README.md
15:11:13.038 [FXGL Background Thread 3 ] DEBUG Engine               - userAppClass: class org.example.core.GameApp
15:11:13.038 [FXGL Background Thread 3 ] DEBUG Engine               - version: 0.1.5
15:11:13.038 [FXGL Background Thread 3 ] DEBUG Engine               - versionCheckDays: 7
15:11:13.038 [FXGL Background Thread 3 ] DEBUG Engine               - width: 1280
15:11:13.038 [FXGL Background Thread 3 ] DEBUG Engine               - Logging services
15:11:13.038 [FXGL Background Thread 3 ] DEBUG Engine               - class com.almasb.fxgl.app.services.FXGLAssetLoaderService
15:11:13.038 [FXGL Background Thread 3 ] DEBUG Engine               - class com.almasb.fxgl.app.FXGLApplication$GameApplicationService
15:11:13.039 [FXGL Background Thread 3 ] DEBUG Engine               - class com.almasb.fxgl.app.services.FXGLDialogService
15:11:13.039 [FXGL Background Thread 3 ] DEBUG Engine               - class com.almasb.fxgl.app.services.IOTaskExecutorService
15:11:13.039 [FXGL Background Thread 3 ] DEBUG Engine               - class com.almasb.fxgl.io.FileSystemService
15:11:13.039 [FXGL Background Thread 3 ] DEBUG Engine               - class com.almasb.fxgl.localization.LocalizationService
15:11:13.039 [FXGL Background Thread 3 ] DEBUG Engine               - class com.almasb.fxgl.app.services.SystemBundleService
15:11:13.039 [FXGL Background Thread 3 ] DEBUG Engine               - class com.almasb.fxgl.profile.SaveLoadService
15:11:13.039 [FXGL Background Thread 3 ] DEBUG Engine               - class com.almasb.fxgl.ui.FXGLUIFactoryServiceProvider
15:11:13.039 [FXGL Background Thread 3 ] DEBUG Engine               - class com.almasb.fxgl.ui.FXGLDialogFactoryServiceProvider
15:11:13.039 [FXGL Background Thread 3 ] DEBUG Engine               - class com.almasb.fxgl.audio.AudioPlayer
15:11:13.039 [FXGL Background Thread 3 ] DEBUG Engine               - class com.almasb.fxgl.notification.impl.NotificationServiceProvider
15:11:13.039 [FXGL Background Thread 3 ] DEBUG Engine               - class com.almasb.fxgl.achievement.AchievementService
15:11:13.039 [FXGL Background Thread 3 ] DEBUG Engine               - class com.almasb.fxgl.cutscene.CutsceneService
15:11:13.039 [FXGL Background Thread 3 ] DEBUG Engine               - class com.almasb.fxgl.minigames.MiniGameService
15:11:13.039 [FXGL Background Thread 3 ] DEBUG Engine               - class com.almasb.fxgl.net.NetService
15:11:13.039 [FXGL Background Thread 3 ] DEBUG Engine               - class com.almasb.fxgl.app.services.UpdaterService
15:11:13.039 [FXGL Background Thread 3 ] DEBUG Engine               - class com.almasb.fxgl.dev.DevService
15:11:14.922 [JavaFX Application Thread] DEBUG GameWorld            - Game world initialized
15:11:14.923 [JavaFX Application Thread] DEBUG PhysicsWorld         - Physics world initialized: appHeight=720, physics.ppm=50.0
15:11:14.923 [JavaFX Application Thread] DEBUG PhysicsWorld         - Using strategy: BRUTE_FORCE
15:11:14.924 [JavaFX Application Thread] DEBUG GameScene            - Game scene initialized: 1280x720
15:11:14.965 [JavaFX Application Thread] DEBUG PrimaryStageWindow   - Push state: MainMenuScene
15:11:14.971 [JavaFX Application Thread] DEBUG Input                - Clearing active input actions
15:11:14.996 [JavaFX Application Thread] DEBUG GameApplicationServi - Removing overlay from LoginScene and adding to MainMenuScene
15:11:14.997 [JavaFX Application Thread] DEBUG PrimaryStageWindow   - LoginScene -> MainMenuScene
15:11:15.054 [JavaFX Application Thread] DEBUG GameWorld            - Game world initialized
15:11:15.055 [JavaFX Application Thread] DEBUG PhysicsWorld         - Physics world initialized: appHeight=720, physics.ppm=50.0
15:11:15.055 [JavaFX Application Thread] DEBUG PhysicsWorld         - Using strategy: BRUTE_FORCE
15:11:15.056 [JavaFX Application Thread] DEBUG GameScene            - Game scene initialized: 1280x720
15:11:15.079 [JavaFX Application Thread] DEBUG PrimaryStageWindow   - Push state: MainMenuScene
15:11:15.212 [JavaFX Application Thread] DEBUG Input                - Clearing active input actions
15:11:15.223 [JavaFX Application Thread] DEBUG GameApplicationServi - Removing overlay from MainMenuScene and adding to MainMenuScene
15:11:15.223 [JavaFX Application Thread] DEBUG PrimaryStageWindow   - MainMenuScene -> MainMenuScene
15:11:17.609 [JavaFX Application Thread] DEBUG GameApplicationServi - Starting new game
15:11:17.610 [JavaFX Application Thread] DEBUG PrimaryStageWindow   - Pop state: MainMenuScene
15:11:17.610 [JavaFX Application Thread] DEBUG Input                - Clearing active input actions
15:11:17.611 [JavaFX Application Thread] DEBUG GameApplicationServi - Removing overlay from MainMenuScene and adding to MainMenuScene
15:11:17.611 [JavaFX Application Thread] DEBUG PrimaryStageWindow   - MainMenuScene <- MainMenuScene
15:11:17.611 [JavaFX Application Thread] DEBUG PrimaryStageWindow   - Pop state: MainMenuScene
15:11:17.612 [JavaFX Application Thread] DEBUG Input                - Clearing active input actions
15:11:17.612 [JavaFX Application Thread] DEBUG GameApplicationServi - Removing overlay from MainMenuScene and adding to LoginScene
15:11:17.612 [JavaFX Application Thread] DEBUG PrimaryStageWindow   - LoginScene <- MainMenuScene
15:11:17.946 [JavaFX Application Thread] DEBUG PrimaryStageWindow   - Pop state: LoginScene
15:11:17.946 [JavaFX Application Thread] DEBUG Input                - Clearing active input actions
15:11:17.946 [JavaFX Application Thread] DEBUG GameApplicationServi - Removing overlay from LoginScene and adding to FXGLMainMenuDummyScene
15:11:17.946 [JavaFX Application Thread] DEBUG PrimaryStageWindow   - FXGLMainMenuDummyScene <- LoginScene
15:11:17.947 [JavaFX Application Thread] DEBUG Input                - Clearing active input actions
15:11:17.957 [JavaFX Application Thread] DEBUG GameApplicationServi - Removing overlay from FXGLMainMenuDummyScene and adding to FXGLLoadingScene
15:11:17.958 [JavaFX Application Thread] DEBUG PrimaryStageWindow   - FXGLMainMenuDummyScene -> FXGLLoadingScene
15:11:17.958 [JavaFX Application Thread] DEBUG GameApplicationServi - Clearing previous game
15:11:17.958 [JavaFX Application Thread] DEBUG GameScene            - Clearing game scene
15:11:17.958 [JavaFX Application Thread] DEBUG GameWorld            - Clearing game world
15:11:17.958 [JavaFX Application Thread] DEBUG PhysicsWorld         - Clearing physics world
15:11:17.960 [FXGL Background Thread 2 ] DEBUG FXGLApplication      - Initializing game
15:11:17.980 [FXGL Background Thread 2 ] DEBUG FXGLAssetLoaderServi - Loading from file system: file:/C:/Users/kurtd/IdeaProjects/TheOnlyException/Test/target/classes/assets/textures/worlda.png
15:11:18.121 [FXGL Background Thread 2 ] DEBUG FXGLAssetLoaderServi - Loading from file system: file:/C:/Users/kurtd/IdeaProjects/TheOnlyException/Test/target/classes/assets/textures/player-scaled.png
15:11:18.239 [FXGL Background Thread 2 ] INFO  FXGLApplication      - Game initialization took: 0.280 sec
15:11:18.240 [JavaFX Application Thread] DEBUG Input                - Clearing active input actions
15:11:18.252 [JavaFX Application Thread] DEBUG GameApplicationServi - Removing overlay from FXGLLoadingScene and adding to GameScene
15:11:18.253 [JavaFX Application Thread] DEBUG PrimaryStageWindow   - FXGLLoadingScene -> GameScene
15:11:18.909 [JavaFX Application Thread] DEBUG FXGLAssetLoaderServi - Loading from file system: file:/C:/Users/kurtd/IdeaProjects/TheOnlyException/Test/target/classes/assets/textures/MaggotWalk-scaled.png
15:11:18.917 [JavaFX Application Thread] DEBUG FXGLAssetLoaderServi - Loading from file system: file:/C:/Users/kurtd/IdeaProjects/TheOnlyException/Test/target/classes/assets/textures/BeetleMove-scaled.png
15:11:18.920 [JavaFX Application Thread] DEBUG FXGLAssetLoaderServi - Loading from file system: file:/C:/Users/kurtd/IdeaProjects/TheOnlyException/Test/target/classes/assets/textures/MantisMove-scaled.png
15:11:18.925 [JavaFX Application Thread] DEBUG FXGLAssetLoaderServi - Loading from file system: file:/C:/Users/kurtd/IdeaProjects/TheOnlyException/Test/target/classes/assets/textures/BeeMove-scaled.png
15:11:18.927 [JavaFX Application Thread] DEBUG FXGLAssetLoaderServi - Loading from file system: file:/C:/Users/kurtd/IdeaProjects/TheOnlyException/Test/target/classes/assets/textures/GiantFly.png
15:11:18.930 [JavaFX Application Thread] DEBUG FXGLAssetLoaderServi - Loading from file system: file:/C:/Users/kurtd/IdeaProjects/TheOnlyException/Test/target/classes/assets/textures/DragonFly.png
15:11:27.776 [JavaFX Application Thread] DEBUG FXGLAssetLoaderServi - Loading from file system: file:/C:/Users/kurtd/IdeaProjects/TheOnlyException/Test/target/classes/assets/textures/firewallshield.png
15:11:27.808 [JavaFX Application Thread] DEBUG FXGLAssetLoaderServi - Loading from file system: file:/C:/Users/kurtd/IdeaProjects/TheOnlyException/Test/target/classes/assets/textures/shortcircuit.png
15:11:27.838 [JavaFX Application Thread] DEBUG FXGLAssetLoaderServi - Loading from file system: file:/C:/Users/kurtd/IdeaProjects/TheOnlyException/Test/target/classes/assets/textures/smolderprotocol.png
15:11:27.881 [JavaFX Application Thread] DEBUG FXGLAssetLoaderServi - Loading from file system: file:/C:/Users/kurtd/IdeaProjects/TheOnlyException/Test/target/classes/assets/textures/systemrestore.png
15:11:27.904 [JavaFX Application Thread] DEBUG PrimaryStageWindow   - Push state: DialogSubScene
15:11:27.904 [JavaFX Application Thread] DEBUG Input                - Clearing active input actions
15:11:27.906 [JavaFX Application Thread] DEBUG GameApplicationServi - Removing overlay from GameScene and adding to DialogSubScene
15:11:27.906 [JavaFX Application Thread] DEBUG PrimaryStageWindow   - GameScene -> DialogSubScene
15:11:46.609 [JavaFX Application Thread] DEBUG PrimaryStageWindow   - Pop state: DialogSubScene
15:11:46.609 [JavaFX Application Thread] DEBUG Input                - Clearing active input actions
15:11:46.609 [JavaFX Application Thread] DEBUG GameApplicationServi - Removing overlay from DialogSubScene and adding to GameScene
15:11:46.609 [JavaFX Application Thread] DEBUG PrimaryStageWindow   - GameScene <- DialogSubScene
15:11:46.966 [JavaFX Application Thread] DEBUG FXGLAssetLoaderServi - Loading from file system: file:/C:/Users/kurtd/IdeaProjects/TheOnlyException/Test/target/classes/assets/textures/smolder.png
15:11:53.514 [JavaFX Application Thread] DEBUG FXGLAssetLoaderServi - Loading from file system: file:/C:/Users/kurtd/IdeaProjects/TheOnlyException/Test/target/classes/assets/textures/datawipe.png
15:11:53.538 [JavaFX Application Thread] DEBUG PrimaryStageWindow   - Push state: DialogSubScene
15:11:53.538 [JavaFX Application Thread] DEBUG Input                - Clearing active input actions
15:11:53.539 [JavaFX Application Thread] DEBUG GameApplicationServi - Removing overlay from GameScene and adding to DialogSubScene
15:11:53.539 [JavaFX Application Thread] DEBUG PrimaryStageWindow   - GameScene -> DialogSubScene
15:11:55.064 [JavaFX Application Thread] DEBUG PrimaryStageWindow   - Pop state: DialogSubScene
15:11:55.064 [JavaFX Application Thread] DEBUG Input                - Clearing active input actions
15:11:55.065 [JavaFX Application Thread] DEBUG GameApplicationServi - Removing overlay from DialogSubScene and adding to GameScene
15:11:55.065 [JavaFX Application Thread] DEBUG PrimaryStageWindow   - GameScene <- DialogSubScene
15:11:57.063 [JavaFX Application Thread] DEBUG FXGLAssetLoaderServi - Loading from file system: file:/C:/Users/kurtd/IdeaProjects/TheOnlyException/Test/target/classes/assets/textures/datawipemine.png
15:11:58.299 [JavaFX Application Thread] DEBUG FXGLAssetLoaderServi - Loading from file system: file:/C:/Users/kurtd/IdeaProjects/TheOnlyException/Test/target/classes/assets/textures/realtimedefense.png
15:11:58.338 [JavaFX Application Thread] DEBUG PrimaryStageWindow   - Push state: DialogSubScene
15:11:58.338 [JavaFX Application Thread] DEBUG Input                - Clearing active input actions
15:11:58.339 [JavaFX Application Thread] DEBUG GameApplicationServi - Removing overlay from GameScene and adding to DialogSubScene
15:11:58.339 [JavaFX Application Thread] DEBUG PrimaryStageWindow   - GameScene -> DialogSubScene
15:12:00.161 [JavaFX Application Thread] DEBUG PrimaryStageWindow   - Pop state: DialogSubScene
15:12:00.161 [JavaFX Application Thread] DEBUG Input                - Clearing active input actions
15:12:00.161 [JavaFX Application Thread] DEBUG GameApplicationServi - Removing overlay from DialogSubScene and adding to GameScene
15:12:00.161 [JavaFX Application Thread] DEBUG PrimaryStageWindow   - GameScene <- DialogSubScene
15:12:00.162 [JavaFX Application Thread] DEBUG FXGLAssetLoaderServi - Loading from file system: file:/C:/Users/kurtd/IdeaProjects/TheOnlyException/Test/target/classes/assets/textures/realtimedefenseaura.png
15:12:04.120 [JavaFX Application Thread] DEBUG FXGLAssetLoaderServi - Loading from file system: file:/C:/Users/kurtd/IdeaProjects/TheOnlyException/Test/target/classes/assets/textures/datawipeexplosion.png
15:12:04.134 [JavaFX Application Thread] WARN  FXGLAssetLoaderServi - Asset "/assets/textures/orange_particle.png" was not found!
15:12:04.135 [JavaFX Application Thread] WARN  FXGLAssetLoaderServi - Failed to load IMAGE
15:12:06.154 [JavaFX Application Thread] WARN  FXGLAssetLoaderServi - Asset "/assets/textures/orange_particle.png" was not found!
15:12:06.155 [JavaFX Application Thread] WARN  FXGLAssetLoaderServi - Failed to load IMAGE
15:12:06.349 [JavaFX Application Thread] DEBUG PrimaryStageWindow   - Push state: DialogSubScene
15:12:06.349 [JavaFX Application Thread] DEBUG Input                - Clearing active input actions
15:12:06.349 [JavaFX Application Thread] DEBUG GameApplicationServi - Removing overlay from GameScene and adding to DialogSubScene
15:12:06.349 [JavaFX Application Thread] DEBUG PrimaryStageWindow   - GameScene -> DialogSubScene
15:12:08.609 [JavaFX Application Thread] DEBUG PrimaryStageWindow   - Pop state: DialogSubScene
15:12:08.609 [JavaFX Application Thread] DEBUG Input                - Clearing active input actions
15:12:08.609 [JavaFX Application Thread] DEBUG GameApplicationServi - Removing overlay from DialogSubScene and adding to GameScene
15:12:08.609 [JavaFX Application Thread] DEBUG PrimaryStageWindow   - GameScene <- DialogSubScene
15:12:10.551 [JavaFX Application Thread] WARN  FXGLAssetLoaderServi - Asset "/assets/textures/orange_particle.png" was not found!
15:12:10.551 [JavaFX Application Thread] WARN  FXGLAssetLoaderServi - Failed to load IMAGE
15:12:11.546 [JavaFX Application Thread] DEBUG PrimaryStageWindow   - Push state: DialogSubScene
15:12:11.546 [JavaFX Application Thread] DEBUG Input                - Clearing active input actions
15:12:11.547 [JavaFX Application Thread] DEBUG GameApplicationServi - Removing overlay from GameScene and adding to DialogSubScene
15:12:11.547 [JavaFX Application Thread] DEBUG PrimaryStageWindow   - GameScene -> DialogSubScene
15:12:12.833 [JavaFX Application Thread] DEBUG PrimaryStageWindow   - Pop state: DialogSubScene
15:12:12.833 [JavaFX Application Thread] DEBUG Input                - Clearing active input actions
15:12:12.833 [JavaFX Application Thread] DEBUG GameApplicationServi - Removing overlay from DialogSubScene and adding to GameScene
15:12:12.833 [JavaFX Application Thread] DEBUG PrimaryStageWindow   - GameScene <- DialogSubScene
15:12:13.832 [JavaFX Application Thread] WARN  FXGLAssetLoaderServi - Asset "/assets/textures/orange_particle.png" was not found!
15:12:13.832 [JavaFX Application Thread] WARN  FXGLAssetLoaderServi - Failed to load IMAGE
15:12:15.896 [JavaFX Application Thread] WARN  FXGLAssetLoaderServi - Asset "/assets/textures/green_particle.png" was not found!
15:12:15.896 [JavaFX Application Thread] WARN  FXGLAssetLoaderServi - Failed to load IMAGE
15:12:15.897 [JavaFX Application Thread] WARN  FXGLAssetLoaderServi - Asset "/assets/textures/orange_particle.png" was not found!
15:12:15.897 [JavaFX Application Thread] WARN  FXGLAssetLoaderServi - Failed to load IMAGE
15:12:17.927 [JavaFX Application Thread] WARN  FXGLAssetLoaderServi - Asset "/assets/textures/orange_particle.png" was not found!
15:12:17.927 [JavaFX Application Thread] WARN  FXGLAssetLoaderServi - Failed to load IMAGE
15:12:18.618 [JavaFX Application Thread] DEBUG PrimaryStageWindow   - Push state: DialogSubScene
15:12:18.618 [JavaFX Application Thread] DEBUG Input                - Clearing active input actions
15:12:18.619 [JavaFX Application Thread] DEBUG GameApplicationServi - Removing overlay from GameScene and adding to DialogSubScene
15:12:18.619 [JavaFX Application Thread] DEBUG PrimaryStageWindow   - GameScene -> DialogSubScene
15:12:19.937 [JavaFX Application Thread] DEBUG FXGLApplication      - Exiting FXGL
15:12:19.937 [JavaFX Application Thread] DEBUG LoopRunner           - Stopping loop
15:12:19.937 [JavaFX Application Thread] DEBUG SystemBundleService  - Saving FXGL system data
15:12:19.939 [JavaFX Application Thread] DEBUG FileSystemAccess     - Writing to: C:\Users\kurtd\IdeaProjects\TheOnlyException\system\fxgl.bundle
15:12:19.940 [JavaFX Application Thread] DEBUG Async                - Shutting down background threads
15:12:19.941 [JavaFX Application Thread] DEBUG PrimaryStageWindow   - Closing main window
15:12:19.959 [JavaFX Application Thread] DEBUG Logger               - Closing Logger
