23:01:43.272 [main                     ] DEBUG Logger               - Configured Logger
23:01:43.276 [main                     ] DEBUG GameApplication      - Logging settings
Title: Prototype
Version: 0.1.5
Width: 1280
Height: 720
Fullscreen: false
Intro: false
Profiling: false
Single step:false
App Mode: DEVELOPER
Menu Key: ESCAPE
Stage Style: DECORATED
Scene Factory: class org.example.GameApp$1

23:01:43.560 [JavaFX Application Thread] DEBUG FXGLApplication      - Initializing FXGL
23:01:43.562 [JavaFX Application Thread] INFO  Engine               - FXGL-17+dev-SNAPSHOT (23.08.2022 11.12) on WINDOWS (J:24 FX:18)
23:01:43.562 [JavaFX Application Thread] DEBUG Engine               - JRE Vendor Name: Oracle Corporation
23:01:43.562 [JavaFX Application Thread] DEBUG Engine               - Running on OS: Windows 11 version 10.0
23:01:43.562 [JavaFX Application Thread] DEBUG Engine               - Architecture: amd64
23:01:43.562 [JavaFX Application Thread] INFO  Engine               - Source code and latest versions at: https://github.com/AlmasB/FXGL
23:01:43.562 [JavaFX Application Thread] INFO  Engine               -       Ask questions and discuss at: https://github.com/AlmasB/FXGL/discussions
23:01:43.562 [JavaFX Application Thread] INFO  Engine               -              Join the FXGL chat at: https://gitter.im/AlmasB/FXGL
23:01:43.639 [JavaFX Application Thread] DEBUG PrimaryStageWindow   - Creating a JavaFX scene
23:01:43.672 [JavaFX Application Thread] DEBUG PrimaryStageWindow   - Target settings size: 1280.0 x 720.0
23:01:43.672 [JavaFX Application Thread] DEBUG PrimaryStageWindow   - Scaled scene size:    1280.0 x 720.0
23:01:43.672 [JavaFX Application Thread] DEBUG PrimaryStageWindow   - Scaled ratio: (1.0, 1.0)
23:01:43.673 [JavaFX Application Thread] DEBUG PrimaryStageWindow   - Set initial scene to FXGLStartupScene
23:01:43.683 [JavaFX Application Thread] DEBUG PrimaryStageWindow   - Opening main window
23:01:43.770 [JavaFX Application Thread] DEBUG PrimaryStageWindow   - Window border size: (16.0, 39.0)
23:01:43.770 [JavaFX Application Thread] DEBUG PrimaryStageWindow   - Scaled size: 1280.0 x 720.0
23:01:43.770 [JavaFX Application Thread] DEBUG PrimaryStageWindow   - Scaled ratio: (1.0, 1.0)
23:01:43.770 [JavaFX Application Thread] DEBUG PrimaryStageWindow   - Scene size: 1280.0 x 720.0
23:01:43.771 [JavaFX Application Thread] DEBUG PrimaryStageWindow   - Stage size: 1296.0 x 759.0
23:01:43.775 [FXGL Background Thread 1 ] DEBUG Engine               - Initializing environment variables
23:01:43.804 [FXGL Background Thread 1 ] DEBUG FXGLAssetLoaderServi - User app class for loading assets: class org.example.GameApp
23:01:43.804 [FXGL Background Thread 1 ] DEBUG GameApplicationServi - Applying CSS: fxgl_dark.css
23:01:43.805 [FXGL Background Thread 1 ] DEBUG FXGLAssetLoaderServi - Loading from file system: jar:file:/C:/Users/primzcm/.m2/repository/com/github/almasb/fxgl/fxgl/17.2/fxgl-17.2.jar!/fxglassets/ui/css/fxgl_dark.css
23:01:43.835 [FXGL Background Thread 1 ] DEBUG GameApplicationServi - Initializing application scenes
23:01:43.864 [FXGL Background Thread 1 ] DEBUG GameWorld            - Game world initialized
23:01:43.907 [FXGL Background Thread 1 ] DEBUG PhysicsWorld         - Physics world initialized: appHeight=720, physics.ppm=50.0
23:01:43.907 [FXGL Background Thread 1 ] DEBUG PhysicsWorld         - Using strategy: BRUTE_FORCE
23:01:43.910 [FXGL Background Thread 1 ] DEBUG GameScene            - Game scene initialized: 1280x720
23:01:43.929 [FXGL Background Thread 1 ] DEBUG FXGL.DefaultMenu     - createMenuBodyGameMenu()
23:01:43.937 [FXGL Background Thread 1 ] DEBUG FXGL.DefaultMenu     - createOptionsMenu()
23:01:43.945 [FXGL Background Thread 1 ] DEBUG FXGLAssetLoaderServi - Loading from file system: jar:file:/C:/Users/primzcm/.m2/repository/com/github/almasb/fxgl/fxgl/17.2/fxgl-17.2.jar!/fxglassets/textures/particles/smoke.png
23:01:44.010 [FXGL Background Thread 1 ] DEBUG FXGLAssetLoaderServi - Loading from file system: jar:file:/C:/Users/primzcm/.m2/repository/com/github/almasb/fxgl/fxgl/17.2/fxgl-17.2.jar!/fxglassets/textures/particles/trace_horizontal.png
23:01:44.029 [FXGL Background Thread 1 ] DEBUG GameApplicationServi - Application scenes initialized
23:01:44.037 [FXGL Background Thread 1 ] DEBUG SystemBundleService  - Loading FXGL system data
23:01:44.037 [FXGL Background Thread 1 ] DEBUG FileSystemAccess     - Reading from: F:\my files\School\2nd year 2nd sem\TheOnlyException\system\fxgl.bundle
23:01:44.039 [FXGL Background Thread 1 ] DEBUG SystemBundleService  - Bundle FXGL: {}
23:01:44.039 [FXGL Background Thread 1 ] DEBUG UpdaterService       - Checking for updates
23:01:44.041 [FXGL Background Thread 4 ] DEBUG FXGLApplication      - Loading fonts
23:01:44.042 [FXGL Background Thread 4 ] DEBUG FXGLAssetLoaderServi - Loading from file system: jar:file:/C:/Users/primzcm/.m2/repository/com/github/almasb/fxgl/fxgl/17.2/fxgl-17.2.jar!/fxglassets/ui/fonts/VarelaRound-Regular.ttf
23:01:44.042 [FXGL Background Thread 1 ] DEBUG FXGLApplication      - Loading default localization
23:01:44.042 [FXGL Background Thread 1 ] DEBUG FXGLAssetLoaderServi - Loading from file system: jar:file:/C:/Users/primzcm/.m2/repository/com/github/almasb/fxgl/fxgl/17.2/fxgl-17.2.jar!/fxglassets/languages/english.lang
23:01:44.048 [FXGL Background Thread 4 ] DEBUG FXGLAssetLoaderServi - Loading from file system: jar:file:/C:/Users/primzcm/.m2/repository/com/github/almasb/fxgl/fxgl/17.2/fxgl-17.2.jar!/fxglassets/ui/fonts/Abel-Regular.ttf
23:01:44.050 [FXGL Background Thread 4 ] DEBUG FXGLAssetLoaderServi - Loading from file system: jar:file:/C:/Users/primzcm/.m2/repository/com/github/almasb/fxgl/fxgl/17.2/fxgl-17.2.jar!/fxglassets/ui/fonts/TerminalLandMono-Regular.otf
23:01:44.051 [FXGL Background Thread 4 ] DEBUG FXGLAssetLoaderServi - Loading from file system: jar:file:/C:/Users/primzcm/.m2/repository/com/github/almasb/fxgl/fxgl/17.2/fxgl-17.2.jar!/fxglassets/ui/fonts/Courier-Prime.ttf
23:01:44.055 [JavaFX Application Thread] DEBUG FXGLApplication      - Registering font factories with UI factory
23:01:44.064 [FXGL Background Thread 1 ] INFO  FXGLApplication      - FXGL initialization took: 0.288 sec
23:01:44.070 [JavaFX Application Thread] DEBUG Input                - Registered new binding: action0 - A
23:01:44.070 [JavaFX Application Thread] DEBUG Input                - Registered new binding: action1 - D
23:01:44.070 [JavaFX Application Thread] DEBUG Input                - Registered new binding: action2 - W
23:01:44.070 [JavaFX Application Thread] DEBUG Input                - Registered new binding: action3 - S
23:01:44.071 [JavaFX Application Thread] DEBUG FXGLAssetLoaderServi - Loading from file system: jar:file:/C:/Users/primzcm/.m2/repository/com/github/almasb/fxgl/fxgl/17.2/fxgl-17.2.jar!/fxglassets/textures/fxgl_icon.png
23:01:44.092 [JavaFX Application Thread] DEBUG FXGLAssetLoaderServi - Loading from file system: jar:file:/C:/Users/primzcm/.m2/repository/com/github/almasb/fxgl/fxgl/17.2/fxgl-17.2.jar!/fxglassets/textures/fxgl_default_cursor.png
23:01:44.094 [JavaFX Application Thread] DEBUG Input                - Registered new binding: Screenshot - CTRL+8
23:01:44.094 [JavaFX Application Thread] DEBUG Input                - Registered new binding: System info dump - CTRL+9
23:01:44.095 [JavaFX Application Thread] DEBUG Input                - Registered new binding: Restart - CTRL+R
23:01:44.095 [JavaFX Application Thread] DEBUG Input                - Registered new binding: Toggle Debug Camera - CTRL+7
23:01:44.099 [JavaFX Application Thread] DEBUG LoopRunner           - Starting loop
23:01:44.099 [JavaFX Application Thread] DEBUG LoopRunner           - Initializing JavaFX AnimationTimerLoop
23:01:44.102 [JavaFX Application Thread] DEBUG Input                - Clearing active input actions
23:01:44.106 [JavaFX Application Thread] DEBUG GameApplicationServi - Removing overlay from FXGLStartupScene and adding to FXGLMainMenuDummyScene
23:01:44.107 [JavaFX Application Thread] DEBUG PrimaryStageWindow   - FXGLStartupScene -> FXGLMainMenuDummyScene
23:01:44.107 [JavaFX Application Thread] DEBUG PrimaryStageWindow   - Push state: NameInputScene
23:01:44.107 [JavaFX Application Thread] DEBUG Input                - Clearing active input actions
23:01:44.117 [JavaFX Application Thread] DEBUG GameApplicationServi - Removing overlay from FXGLMainMenuDummyScene and adding to NameInputScene
23:01:44.117 [JavaFX Application Thread] DEBUG PrimaryStageWindow   - FXGLMainMenuDummyScene -> NameInputScene
23:01:44.650 [FXGL Background Thread 2 ] INFO  UpdaterService       - Your current version:  17+dev-SNAPSHOT
23:01:44.650 [FXGL Background Thread 2 ] INFO  UpdaterService       - Latest stable version: 21.1
23:01:46.525 [JavaFX Application Thread] DEBUG Menu                 - fireNewGame()
23:01:46.525 [JavaFX Application Thread] DEBUG GameApplicationServi - Starting new game
23:01:46.525 [JavaFX Application Thread] DEBUG PrimaryStageWindow   - Pop state: NameInputScene
23:01:46.525 [JavaFX Application Thread] DEBUG Input                - Clearing active input actions
23:01:46.526 [JavaFX Application Thread] DEBUG GameApplicationServi - Removing overlay from NameInputScene and adding to FXGLMainMenuDummyScene
23:01:46.526 [JavaFX Application Thread] DEBUG PrimaryStageWindow   - FXGLMainMenuDummyScene <- NameInputScene
23:01:46.526 [JavaFX Application Thread] DEBUG Input                - Clearing active input actions
23:01:46.530 [JavaFX Application Thread] DEBUG GameApplicationServi - Removing overlay from FXGLMainMenuDummyScene and adding to FXGLLoadingScene
23:01:46.530 [JavaFX Application Thread] DEBUG PrimaryStageWindow   - FXGLMainMenuDummyScene -> FXGLLoadingScene
23:01:46.530 [JavaFX Application Thread] DEBUG GameApplicationServi - Clearing previous game
23:01:46.530 [JavaFX Application Thread] DEBUG GameScene            - Clearing game scene
23:01:46.530 [JavaFX Application Thread] DEBUG GameWorld            - Clearing game world
23:01:46.530 [JavaFX Application Thread] DEBUG PhysicsWorld         - Clearing physics world
23:01:46.532 [FXGL Background Thread 2 ] DEBUG FXGLApplication      - Initializing game
23:01:46.533 [FXGL Background Thread 2 ] DEBUG Input                - Clearing active input actions
23:01:46.543 [FXGL Background Thread 2 ] DEBUG FXGLAssetLoaderServi - Loading from file system: file:/F:/my%20files/School/2nd%20year%202nd%20sem/TheOnlyException/Test/target/classes/assets/textures/dasd.png
23:01:46.559 [FXGL Background Thread 2 ] DEBUG FXGLAssetLoaderServi - Loading from file system: file:/F:/my%20files/School/2nd%20year%202nd%20sem/TheOnlyException/Test/target/classes/assets/textures/player-scaled.png
23:01:46.590 [FXGL Background Thread 2 ] INFO  FXGLApplication      - Game initialization took: 0.058 sec
23:01:46.594 [JavaFX Application Thread] DEBUG Input                - Clearing active input actions
23:01:46.598 [JavaFX Application Thread] DEBUG GameApplicationServi - Removing overlay from FXGLLoadingScene and adding to GameScene
23:01:46.599 [JavaFX Application Thread] DEBUG PrimaryStageWindow   - FXGLLoadingScene -> GameScene
23:01:47.042 [FXGL Background Thread 3 ] DEBUG Engine               - Logging environment variables
23:01:47.042 [FXGL Background Thread 3 ] DEBUG Engine               - achievements: []
23:01:47.042 [FXGL Background Thread 3 ] DEBUG Engine               - actualHeight: 720.0
23:01:47.042 [FXGL Background Thread 3 ] DEBUG Engine               - actualHeightProperty: ReadOnlyDoubleProperty [value: 720.0]
23:01:47.042 [FXGL Background Thread 3 ] DEBUG Engine               - actualWidth: 1280.0
23:01:47.042 [FXGL Background Thread 3 ] DEBUG Engine               - actualWidthProperty: ReadOnlyDoubleProperty [value: 1280.0]
23:01:47.042 [FXGL Background Thread 3 ] DEBUG Engine               - appIcon: fxgl_icon.png
23:01:47.042 [FXGL Background Thread 3 ] DEBUG Engine               - applicationMode: DEVELOPER
23:01:47.042 [FXGL Background Thread 3 ] DEBUG Engine               - cSSList: [fxgl_dark.css]
23:01:47.042 [FXGL Background Thread 3 ] DEBUG Engine               - collisionDetectionStrategy: BRUTE_FORCE
23:01:47.042 [FXGL Background Thread 3 ] DEBUG Engine               - configClass: Optional.empty
23:01:47.042 [FXGL Background Thread 3 ] DEBUG Engine               - credits: []
23:01:47.042 [FXGL Background Thread 3 ] DEBUG Engine               - defaultCursor: CursorInfo(imageName=fxgl_default_cursor.png, hotspotX=7.0, hotspotY=6.0)
23:01:47.042 [FXGL Background Thread 3 ] DEBUG Engine               - devBBoxColorProperty: ObjectProperty [value: 0xff0000ff]
23:01:47.043 [FXGL Background Thread 3 ] DEBUG Engine               - devEnableDebugCameraProperty: BooleanProperty [value: false]
23:01:47.043 [FXGL Background Thread 3 ] DEBUG Engine               - devSensorColorProperty: ObjectProperty [value: 0xffff00ff]
23:01:47.043 [FXGL Background Thread 3 ] DEBUG Engine               - devShowBBoxProperty: BooleanProperty [value: false]
23:01:47.043 [FXGL Background Thread 3 ] DEBUG Engine               - devShowPositionProperty: BooleanProperty [value: false]
23:01:47.043 [FXGL Background Thread 3 ] DEBUG Engine               - enabledMenuItems: []
23:01:47.043 [FXGL Background Thread 3 ] DEBUG Engine               - engineServices: [class com.almasb.fxgl.app.services.FXGLAssetLoaderService, class com.almasb.fxgl.app.FXGLApplication$GameApplicationService, class com.almasb.fxgl.app.services.FXGLDialogService, class com.almasb.fxgl.app.services.IOTaskExecutorService, class com.almasb.fxgl.io.FileSystemService, class com.almasb.fxgl.localization.LocalizationService, class com.almasb.fxgl.app.services.SystemBundleService, class com.almasb.fxgl.profile.SaveLoadService, class com.almasb.fxgl.ui.FXGLUIFactoryServiceProvider, class com.almasb.fxgl.ui.FXGLDialogFactoryServiceProvider, class com.almasb.fxgl.audio.AudioPlayer, class com.almasb.fxgl.notification.impl.NotificationServiceProvider, class com.almasb.fxgl.achievement.AchievementService, class com.almasb.fxgl.cutscene.CutsceneService, class com.almasb.fxgl.minigames.MiniGameService, class com.almasb.fxgl.net.NetService, class com.almasb.fxgl.app.services.UpdaterService, class com.almasb.fxgl.dev.DevService]
23:01:47.043 [FXGL Background Thread 3 ] DEBUG Engine               - fontGame: Abel-Regular.ttf
23:01:47.043 [FXGL Background Thread 3 ] DEBUG Engine               - fontMono: TerminalLandMono-Regular.otf
23:01:47.043 [FXGL Background Thread 3 ] DEBUG Engine               - fontText: Courier-Prime.ttf
23:01:47.043 [FXGL Background Thread 3 ] DEBUG Engine               - fontUI: VarelaRound-Regular.ttf
23:01:47.043 [FXGL Background Thread 3 ] DEBUG Engine               - fullScreen: BooleanProperty [value: false]
23:01:47.043 [FXGL Background Thread 3 ] DEBUG Engine               - gameDifficulty: MEDIUM
23:01:47.043 [FXGL Background Thread 3 ] DEBUG Engine               - gameDifficultyProperty: ObjectProperty [value: MEDIUM]
23:01:47.043 [FXGL Background Thread 3 ] DEBUG Engine               - globalMusicVolume: 0.5
23:01:47.043 [FXGL Background Thread 3 ] DEBUG Engine               - globalMusicVolumeProperty: DoubleProperty [value: 0.5]
23:01:47.043 [FXGL Background Thread 3 ] DEBUG Engine               - globalSoundVolume: 0.5
23:01:47.043 [FXGL Background Thread 3 ] DEBUG Engine               - globalSoundVolumeProperty: DoubleProperty [value: 0.5]
23:01:47.043 [FXGL Background Thread 3 ] DEBUG Engine               - height: 720
23:01:47.043 [FXGL Background Thread 3 ] DEBUG Engine               - is3D: false
23:01:47.043 [FXGL Background Thread 3 ] DEBUG Engine               - isAndroid: false
23:01:47.043 [FXGL Background Thread 3 ] DEBUG Engine               - isBrowser: false
23:01:47.043 [FXGL Background Thread 3 ] DEBUG Engine               - isClickFeedbackEnabled: false
23:01:47.043 [FXGL Background Thread 3 ] DEBUG Engine               - isCloseConfirmation: false
23:01:47.043 [FXGL Background Thread 3 ] DEBUG Engine               - isDesktop: true
23:01:47.043 [FXGL Background Thread 3 ] DEBUG Engine               - isDeveloperMenuEnabled: false
23:01:47.043 [FXGL Background Thread 3 ] DEBUG Engine               - isEmbedded: false
23:01:47.043 [FXGL Background Thread 3 ] DEBUG Engine               - isEntityPreloadEnabled: true
23:01:47.044 [FXGL Background Thread 3 ] DEBUG Engine               - isExperimentalTiledLargeMap: false
23:01:47.044 [FXGL Background Thread 3 ] DEBUG Engine               - isFileSystemWriteAllowed: true
23:01:47.044 [FXGL Background Thread 3 ] DEBUG Engine               - isFullScreenAllowed: false
23:01:47.044 [FXGL Background Thread 3 ] DEBUG Engine               - isFullScreenFromStart: false
23:01:47.044 [FXGL Background Thread 3 ] DEBUG Engine               - isGameMenuEnabled: true
23:01:47.044 [FXGL Background Thread 3 ] DEBUG Engine               - isIOS: false
23:01:47.044 [FXGL Background Thread 3 ] DEBUG Engine               - isIntroEnabled: false
23:01:47.044 [FXGL Background Thread 3 ] DEBUG Engine               - isLinux: false
23:01:47.044 [FXGL Background Thread 3 ] DEBUG Engine               - isMac: false
23:01:47.044 [FXGL Background Thread 3 ] DEBUG Engine               - isMainMenuEnabled: true
23:01:47.044 [FXGL Background Thread 3 ] DEBUG Engine               - isManualResizeEnabled: false
23:01:47.044 [FXGL Background Thread 3 ] DEBUG Engine               - isMobile: false
23:01:47.044 [FXGL Background Thread 3 ] DEBUG Engine               - isNative: false
23:01:47.044 [FXGL Background Thread 3 ] DEBUG Engine               - isPauseMusicWhenMinimized: true
23:01:47.044 [FXGL Background Thread 3 ] DEBUG Engine               - isPreserveResizeRatio: false
23:01:47.044 [FXGL Background Thread 3 ] DEBUG Engine               - isProfilingEnabled: false
23:01:47.044 [FXGL Background Thread 3 ] DEBUG Engine               - isScaleAffectedOnResize: true
23:01:47.044 [FXGL Background Thread 3 ] DEBUG Engine               - isSingleStep: false
23:01:47.044 [FXGL Background Thread 3 ] DEBUG Engine               - isUserProfileEnabled: false
23:01:47.044 [FXGL Background Thread 3 ] DEBUG Engine               - isWindows: true
23:01:47.044 [FXGL Background Thread 3 ] DEBUG Engine               - language: ObjectProperty [value: ENGLISH]
23:01:47.044 [FXGL Background Thread 3 ] DEBUG Engine               - menuKey: ESCAPE
23:01:47.044 [FXGL Background Thread 3 ] DEBUG Engine               - mouseSensitivity: 0.2
23:01:47.044 [FXGL Background Thread 3 ] DEBUG Engine               - notificationViewClass: class com.almasb.fxgl.notification.view.XboxNotificationView
23:01:47.044 [FXGL Background Thread 3 ] DEBUG Engine               - pixelsPerMeter: 50.0
23:01:47.044 [FXGL Background Thread 3 ] DEBUG Engine               - platform: WINDOWS
23:01:47.044 [FXGL Background Thread 3 ] DEBUG Engine               - prefHeightProperty: ReadOnlyDoubleProperty [value: 720.0]
23:01:47.044 [FXGL Background Thread 3 ] DEBUG Engine               - prefWidthProperty: ReadOnlyDoubleProperty [value: 1280.0]
23:01:47.044 [FXGL Background Thread 3 ] DEBUG Engine               - profileDir: profiles/
23:01:47.044 [FXGL Background Thread 3 ] DEBUG Engine               - profileName: StringProperty [value: DEFAULT]
23:01:47.044 [FXGL Background Thread 3 ] DEBUG Engine               - randomSeed: -1
23:01:47.044 [FXGL Background Thread 3 ] DEBUG Engine               - runtimeInfo: RuntimeInfo(platform=WINDOWS, version=17+dev-SNAPSHOT, build=23.08.2022 11.12)
23:01:47.044 [FXGL Background Thread 3 ] DEBUG Engine               - saveFileExt: sav
23:01:47.044 [FXGL Background Thread 3 ] DEBUG Engine               - scaledHeightProp$fxgl: DoubleProperty [bound, value: 720.0]
23:01:47.044 [FXGL Background Thread 3 ] DEBUG Engine               - scaledWidthProp$fxgl: DoubleProperty [bound, value: 1280.0]
23:01:47.044 [FXGL Background Thread 3 ] DEBUG Engine               - sceneFactory: org.example.GameApp$1@6339ee1f
23:01:47.044 [FXGL Background Thread 3 ] DEBUG Engine               - secondsIn24h: 60
23:01:47.044 [FXGL Background Thread 3 ] DEBUG Engine               - soundMenuBack: menu/back.wav
23:01:47.044 [FXGL Background Thread 3 ] DEBUG Engine               - soundMenuPress: menu/press.wav
23:01:47.044 [FXGL Background Thread 3 ] DEBUG Engine               - soundMenuSelect: menu/select.wav
23:01:47.044 [FXGL Background Thread 3 ] DEBUG Engine               - soundNotification: core/notification.wav
23:01:47.044 [FXGL Background Thread 3 ] DEBUG Engine               - stageStyle: DECORATED
23:01:47.044 [FXGL Background Thread 3 ] DEBUG Engine               - supportedLanguages: [ENGLISH, FRENCH, GERMAN, HUNGARIAN, RUSSIAN]
23:01:47.045 [FXGL Background Thread 3 ] DEBUG Engine               - ticksPerSecond: -1
23:01:47.045 [FXGL Background Thread 3 ] DEBUG Engine               - title: Prototype
23:01:47.045 [FXGL Background Thread 3 ] DEBUG Engine               - urlGithub: https://github.com/AlmasB/FXGL
23:01:47.045 [FXGL Background Thread 3 ] DEBUG Engine               - urlLeaderboard: http://fxgl-top.herokuapp.com/
23:01:47.045 [FXGL Background Thread 3 ] DEBUG Engine               - urlPOM: https://raw.githubusercontent.com/AlmasB/FXGL/release/README.md
23:01:47.045 [FXGL Background Thread 3 ] DEBUG Engine               - userAppClass: class org.example.GameApp
23:01:47.045 [FXGL Background Thread 3 ] DEBUG Engine               - version: 0.1.5
23:01:47.045 [FXGL Background Thread 3 ] DEBUG Engine               - versionCheckDays: 7
23:01:47.045 [FXGL Background Thread 3 ] DEBUG Engine               - width: 1280
23:01:47.045 [FXGL Background Thread 3 ] DEBUG Engine               - Logging services
23:01:47.045 [FXGL Background Thread 3 ] DEBUG Engine               - class com.almasb.fxgl.app.services.FXGLAssetLoaderService
23:01:47.045 [FXGL Background Thread 3 ] DEBUG Engine               - class com.almasb.fxgl.app.FXGLApplication$GameApplicationService
23:01:47.045 [FXGL Background Thread 3 ] DEBUG Engine               - class com.almasb.fxgl.app.services.FXGLDialogService
23:01:47.045 [FXGL Background Thread 3 ] DEBUG Engine               - class com.almasb.fxgl.app.services.IOTaskExecutorService
23:01:47.045 [FXGL Background Thread 3 ] DEBUG Engine               - class com.almasb.fxgl.io.FileSystemService
23:01:47.045 [FXGL Background Thread 3 ] DEBUG Engine               - class com.almasb.fxgl.localization.LocalizationService
23:01:47.045 [FXGL Background Thread 3 ] DEBUG Engine               - class com.almasb.fxgl.app.services.SystemBundleService
23:01:47.045 [FXGL Background Thread 3 ] DEBUG Engine               - class com.almasb.fxgl.profile.SaveLoadService
23:01:47.045 [FXGL Background Thread 3 ] DEBUG Engine               - class com.almasb.fxgl.ui.FXGLUIFactoryServiceProvider
23:01:47.045 [FXGL Background Thread 3 ] DEBUG Engine               - class com.almasb.fxgl.ui.FXGLDialogFactoryServiceProvider
23:01:47.045 [FXGL Background Thread 3 ] DEBUG Engine               - class com.almasb.fxgl.audio.AudioPlayer
23:01:47.045 [FXGL Background Thread 3 ] DEBUG Engine               - class com.almasb.fxgl.notification.impl.NotificationServiceProvider
23:01:47.045 [FXGL Background Thread 3 ] DEBUG Engine               - class com.almasb.fxgl.achievement.AchievementService
23:01:47.045 [FXGL Background Thread 3 ] DEBUG Engine               - class com.almasb.fxgl.cutscene.CutsceneService
23:01:47.045 [FXGL Background Thread 3 ] DEBUG Engine               - class com.almasb.fxgl.minigames.MiniGameService
23:01:47.045 [FXGL Background Thread 3 ] DEBUG Engine               - class com.almasb.fxgl.net.NetService
23:01:47.045 [FXGL Background Thread 3 ] DEBUG Engine               - class com.almasb.fxgl.app.services.UpdaterService
23:01:47.045 [FXGL Background Thread 3 ] DEBUG Engine               - class com.almasb.fxgl.dev.DevService
23:01:47.055 [JavaFX Application Thread] DEBUG FXGLAssetLoaderServi - Loading from file system: file:/F:/my%20files/School/2nd%20year%202nd%20sem/TheOnlyException/Test/target/classes/assets/textures/MaggotWalk-scaled.png
23:01:47.439 [JavaFX Application Thread] DEBUG FXGLAssetLoaderServi - Loading from file system: file:/F:/my%20files/School/2nd%20year%202nd%20sem/TheOnlyException/Test/target/classes/assets/textures/BeetleMove-scaled.png
23:01:47.822 [JavaFX Application Thread] DEBUG FXGLAssetLoaderServi - Loading from file system: file:/F:/my%20files/School/2nd%20year%202nd%20sem/TheOnlyException/Test/target/classes/assets/textures/MantisMove-scaled.png
23:01:49.970 [JavaFX Application Thread] DEBUG PrimaryStageWindow   - Push state: DialogSubScene
23:01:49.970 [JavaFX Application Thread] DEBUG Input                - Clearing active input actions
23:01:49.971 [JavaFX Application Thread] DEBUG GameApplicationServi - Removing overlay from GameScene and adding to DialogSubScene
23:01:49.971 [JavaFX Application Thread] DEBUG PrimaryStageWindow   - GameScene -> DialogSubScene
23:01:50.770 [JavaFX Application Thread] DEBUG PrimaryStageWindow   - Pop state: DialogSubScene
23:01:50.770 [JavaFX Application Thread] DEBUG Input                - Clearing active input actions
23:01:50.770 [JavaFX Application Thread] DEBUG GameApplicationServi - Removing overlay from DialogSubScene and adding to GameScene
23:01:50.770 [JavaFX Application Thread] DEBUG PrimaryStageWindow   - GameScene <- DialogSubScene
23:01:51.393 [JavaFX Application Thread] DEBUG PrimaryStageWindow   - Push state: FXGLDefaultMenu
23:01:51.394 [JavaFX Application Thread] DEBUG Input                - Clearing active input actions
23:01:51.394 [JavaFX Application Thread] DEBUG GameApplicationServi - Removing overlay from GameScene and adding to FXGLDefaultMenu
23:01:51.394 [JavaFX Application Thread] DEBUG PrimaryStageWindow   - GameScene -> FXGLDefaultMenu
23:04:03.342 [JavaFX Application Thread] DEBUG Menu                 - fireResume()
23:04:03.343 [JavaFX Application Thread] DEBUG PrimaryStageWindow   - Pop state: FXGLDefaultMenu
23:04:03.343 [JavaFX Application Thread] DEBUG Input                - Clearing active input actions
23:04:03.344 [JavaFX Application Thread] DEBUG GameApplicationServi - Removing overlay from FXGLDefaultMenu and adding to GameScene
23:04:03.344 [JavaFX Application Thread] DEBUG PrimaryStageWindow   - GameScene <- FXGLDefaultMenu
23:04:05.503 [JavaFX Application Thread] DEBUG PrimaryStageWindow   - Push state: DialogSubScene
23:04:05.503 [JavaFX Application Thread] DEBUG Input                - Clearing active input actions
23:04:05.504 [JavaFX Application Thread] DEBUG GameApplicationServi - Removing overlay from GameScene and adding to DialogSubScene
23:04:05.504 [JavaFX Application Thread] DEBUG PrimaryStageWindow   - GameScene -> DialogSubScene
23:04:06.323 [JavaFX Application Thread] DEBUG PrimaryStageWindow   - Pop state: DialogSubScene
23:04:06.323 [JavaFX Application Thread] DEBUG Input                - Clearing active input actions
23:04:06.323 [JavaFX Application Thread] DEBUG GameApplicationServi - Removing overlay from DialogSubScene and adding to GameScene
23:04:06.323 [JavaFX Application Thread] DEBUG PrimaryStageWindow   - GameScene <- DialogSubScene
23:04:17.807 [JavaFX Application Thread] DEBUG PrimaryStageWindow   - Push state: DialogSubScene
23:04:17.807 [JavaFX Application Thread] DEBUG Input                - Clearing active input actions
23:04:17.807 [JavaFX Application Thread] DEBUG GameApplicationServi - Removing overlay from GameScene and adding to DialogSubScene
23:04:17.807 [JavaFX Application Thread] DEBUG PrimaryStageWindow   - GameScene -> DialogSubScene
23:04:19.125 [JavaFX Application Thread] DEBUG PrimaryStageWindow   - Pop state: DialogSubScene
23:04:19.125 [JavaFX Application Thread] DEBUG Input                - Clearing active input actions
23:04:19.126 [JavaFX Application Thread] DEBUG GameApplicationServi - Removing overlay from DialogSubScene and adding to GameScene
23:04:19.126 [JavaFX Application Thread] DEBUG PrimaryStageWindow   - GameScene <- DialogSubScene
23:04:24.924 [JavaFX Application Thread] DEBUG PrimaryStageWindow   - Push state: DialogSubScene
23:04:24.924 [JavaFX Application Thread] DEBUG Input                - Clearing active input actions
23:04:24.924 [JavaFX Application Thread] DEBUG GameApplicationServi - Removing overlay from GameScene and adding to DialogSubScene
23:04:24.924 [JavaFX Application Thread] DEBUG PrimaryStageWindow   - GameScene -> DialogSubScene
23:04:27.808 [JavaFX Application Thread] DEBUG PrimaryStageWindow   - Pop state: DialogSubScene
23:04:27.808 [JavaFX Application Thread] DEBUG Input                - Clearing active input actions
23:04:27.808 [JavaFX Application Thread] DEBUG GameApplicationServi - Removing overlay from DialogSubScene and adding to GameScene
23:04:27.808 [JavaFX Application Thread] DEBUG PrimaryStageWindow   - GameScene <- DialogSubScene
23:04:31.373 [JavaFX Application Thread] DEBUG FXGLAssetLoaderServi - Loading from file system: file:/F:/my%20files/School/2nd%20year%202nd%20sem/TheOnlyException/Test/target/classes/assets/textures/lightning_strike.png
23:04:41.246 [JavaFX Application Thread] DEBUG PrimaryStageWindow   - Push state: DialogSubScene
23:04:41.247 [JavaFX Application Thread] DEBUG Input                - Clearing active input actions
23:04:41.247 [JavaFX Application Thread] DEBUG GameApplicationServi - Removing overlay from GameScene and adding to DialogSubScene
23:04:41.247 [JavaFX Application Thread] DEBUG PrimaryStageWindow   - GameScene -> DialogSubScene
23:04:42.020 [JavaFX Application Thread] DEBUG PrimaryStageWindow   - Pop state: DialogSubScene
23:04:42.020 [JavaFX Application Thread] DEBUG Input                - Clearing active input actions
23:04:42.020 [JavaFX Application Thread] DEBUG GameApplicationServi - Removing overlay from DialogSubScene and adding to GameScene
23:04:42.020 [JavaFX Application Thread] DEBUG PrimaryStageWindow   - GameScene <- DialogSubScene
23:05:04.683 [JavaFX Application Thread] DEBUG PrimaryStageWindow   - Push state: DialogSubScene
23:05:04.683 [JavaFX Application Thread] DEBUG Input                - Clearing active input actions
23:05:04.684 [JavaFX Application Thread] DEBUG GameApplicationServi - Removing overlay from GameScene and adding to DialogSubScene
23:05:04.684 [JavaFX Application Thread] DEBUG PrimaryStageWindow   - GameScene -> DialogSubScene
23:05:05.660 [JavaFX Application Thread] DEBUG PrimaryStageWindow   - Pop state: DialogSubScene
23:05:05.660 [JavaFX Application Thread] DEBUG Input                - Clearing active input actions
23:05:05.661 [JavaFX Application Thread] DEBUG GameApplicationServi - Removing overlay from DialogSubScene and adding to GameScene
23:05:05.661 [JavaFX Application Thread] DEBUG PrimaryStageWindow   - GameScene <- DialogSubScene
23:05:38.199 [JavaFX Application Thread] DEBUG PrimaryStageWindow   - Push state: DialogSubScene
23:05:38.199 [JavaFX Application Thread] DEBUG Input                - Clearing active input actions
23:05:38.199 [JavaFX Application Thread] DEBUG GameApplicationServi - Removing overlay from GameScene and adding to DialogSubScene
23:05:38.199 [JavaFX Application Thread] DEBUG PrimaryStageWindow   - GameScene -> DialogSubScene
23:05:39.145 [JavaFX Application Thread] DEBUG PrimaryStageWindow   - Pop state: DialogSubScene
23:05:39.145 [JavaFX Application Thread] DEBUG Input                - Clearing active input actions
23:05:39.145 [JavaFX Application Thread] DEBUG GameApplicationServi - Removing overlay from DialogSubScene and adding to GameScene
23:05:39.145 [JavaFX Application Thread] DEBUG PrimaryStageWindow   - GameScene <- DialogSubScene
23:06:23.979 [JavaFX Application Thread] DEBUG PrimaryStageWindow   - Push state: DialogSubScene
23:06:23.979 [JavaFX Application Thread] DEBUG Input                - Clearing active input actions
23:06:23.980 [JavaFX Application Thread] DEBUG GameApplicationServi - Removing overlay from GameScene and adding to DialogSubScene
23:06:23.980 [JavaFX Application Thread] DEBUG PrimaryStageWindow   - GameScene -> DialogSubScene
23:06:24.634 [JavaFX Application Thread] DEBUG PrimaryStageWindow   - Pop state: DialogSubScene
23:06:24.634 [JavaFX Application Thread] DEBUG Input                - Clearing active input actions
23:06:24.634 [JavaFX Application Thread] DEBUG GameApplicationServi - Removing overlay from DialogSubScene and adding to GameScene
23:06:24.634 [JavaFX Application Thread] DEBUG PrimaryStageWindow   - GameScene <- DialogSubScene
23:07:05.575 [JavaFX Application Thread] DEBUG FXGLApplication      - Exiting FXGL
23:07:05.575 [JavaFX Application Thread] DEBUG LoopRunner           - Stopping loop
23:07:05.575 [JavaFX Application Thread] DEBUG SystemBundleService  - Saving FXGL system data
23:07:05.576 [JavaFX Application Thread] DEBUG FileSystemAccess     - Writing to: F:\my files\School\2nd year 2nd sem\TheOnlyException\system\fxgl.bundle
23:07:05.992 [JavaFX Application Thread] DEBUG Async                - Shutting down background threads
23:07:05.993 [JavaFX Application Thread] DEBUG PrimaryStageWindow   - Closing main window
23:07:06.002 [JavaFX Application Thread] DEBUG Logger               - Closing Logger
