01:37:37.938 [main                     ] DEBUG Logger               - Configured Logger
01:37:37.942 [main                     ] DEBUG GameApplication      - Logging settings
Title: Prototype Game
Version: 0.1.5
Width: 1280
Height: 720
Fullscreen: false
Intro: false
Profiling: false
Single step:false
App Mode: DEVELOPER
Menu Key: ESCAPE
Stage Style: DECORATED
Scene Factory: class org.example.core.GameApp$1

01:37:38.087 [JavaFX Application Thread] DEBUG FXGLApplication      - Initializing FXGL
01:37:38.090 [JavaFX Application Thread] INFO  Engine               - FXGL-21+dev-SNAPSHOT (26.03.2024 19.46) on WINDOWS (J:24 FX:21.0.1)
01:37:38.090 [JavaFX Application Thread] DEBUG Engine               - JRE Vendor Name: Oracle Corporation
01:37:38.090 [JavaFX Application Thread] DEBUG Engine               - Running on OS: Windows 11 version 10.0
01:37:38.090 [JavaFX Application Thread] DEBUG Engine               - Architecture: amd64
01:37:38.090 [JavaFX Application Thread] INFO  Engine               - Source code and latest versions at: https://github.com/AlmasB/FXGL
01:37:38.090 [JavaFX Application Thread] INFO  Engine               -       Ask questions and discuss at: https://github.com/AlmasB/FXGL/discussions
01:37:38.090 [JavaFX Application Thread] INFO  Engine               -              Join the FXGL chat at: https://gitter.im/AlmasB/FXGL
01:37:38.182 [JavaFX Application Thread] DEBUG PrimaryStageWindow   - Creating a JavaFX scene
01:37:38.215 [JavaFX Application Thread] DEBUG PrimaryStageWindow   - Target settings size: 1280.0 x 720.0
01:37:38.215 [JavaFX Application Thread] DEBUG PrimaryStageWindow   - Scaled scene size:    1280.0 x 720.0
01:37:38.215 [JavaFX Application Thread] DEBUG PrimaryStageWindow   - Scaled ratio: (1.0, 1.0)
01:37:38.216 [JavaFX Application Thread] DEBUG PrimaryStageWindow   - Set initial scene to FXGLStartupScene
01:37:38.218 [JavaFX Application Thread] DEBUG PrimaryStageWindow   - Opening main window
01:37:38.307 [JavaFX Application Thread] DEBUG PrimaryStageWindow   - Window border size: (16.0, 39.0)
01:37:38.308 [JavaFX Application Thread] DEBUG PrimaryStageWindow   - Scaled size: 1280.0 x 720.0
01:37:38.308 [JavaFX Application Thread] DEBUG PrimaryStageWindow   - Scaled ratio: (1.0, 1.0)
01:37:38.308 [JavaFX Application Thread] DEBUG PrimaryStageWindow   - Scene size: 1280.0 x 720.0
01:37:38.308 [JavaFX Application Thread] DEBUG PrimaryStageWindow   - Stage size: 1296.0 x 759.0
01:37:38.314 [FXGL Background Thread 1 ] DEBUG Engine               - Initializing environment variables
01:37:38.363 [FXGL Background Thread 1 ] DEBUG FXGLAssetLoaderServi - User app class for loading assets: class org.example.core.GameApp
01:37:38.363 [FXGL Background Thread 1 ] DEBUG GameApplicationServi - Applying CSS: fxgl_dark.css
01:37:38.364 [FXGL Background Thread 1 ] DEBUG FXGLAssetLoaderServi - Loading from file system: jar:file:/C:/Users/primzcm/.m2/repository/com/github/almasb/fxgl/fxgl/21.1/fxgl-21.1.jar!/fxglassets/ui/css/fxgl_dark.css
01:37:38.397 [FXGL Background Thread 1 ] DEBUG GameApplicationServi - Initializing application scenes
01:37:38.425 [FXGL Background Thread 1 ] DEBUG GameWorld            - Game world initialized
01:37:38.469 [FXGL Background Thread 1 ] DEBUG PhysicsWorld         - Physics world initialized: appHeight=720, physics.ppm=50.0
01:37:38.469 [FXGL Background Thread 1 ] DEBUG PhysicsWorld         - Using strategy: BRUTE_FORCE
01:37:38.472 [FXGL Background Thread 1 ] DEBUG GameScene            - Game scene initialized: 1280x720
01:37:38.678 [FXGL Background Thread 1 ] DEBUG GameApplicationServi - Application scenes initialized
01:37:38.690 [FXGL Background Thread 1 ] DEBUG SystemBundleService  - Loading FXGL system data
01:37:38.693 [FXGL Background Thread 1 ] DEBUG FileSystemAccess     - Reading from: F:\my files\School\2nd year 2nd sem\TheOnlyException\system\fxgl.bundle
01:37:38.697 [FXGL Background Thread 1 ] DEBUG SystemBundleService  - Bundle FXGL: {}
01:37:38.697 [FXGL Background Thread 1 ] DEBUG UpdaterService       - Checking for updates
01:37:38.704 [FXGL Background Thread 4 ] DEBUG FXGLApplication      - Loading fonts
01:37:38.704 [FXGL Background Thread 4 ] DEBUG FXGLAssetLoaderServi - Loading from file system: jar:file:/C:/Users/primzcm/.m2/repository/com/github/almasb/fxgl/fxgl/21.1/fxgl-21.1.jar!/fxglassets/ui/fonts/VarelaRound-Regular.ttf
01:37:38.705 [FXGL Background Thread 1 ] DEBUG FXGLApplication      - Loading default localization
01:37:38.705 [FXGL Background Thread 1 ] DEBUG FXGLAssetLoaderServi - Loading from file system: jar:file:/C:/Users/primzcm/.m2/repository/com/github/almasb/fxgl/fxgl/21.1/fxgl-21.1.jar!/fxglassets/languages/english.lang
01:37:38.708 [FXGL Background Thread 4 ] DEBUG FXGLAssetLoaderServi - Loading from file system: jar:file:/C:/Users/primzcm/.m2/repository/com/github/almasb/fxgl/fxgl/21.1/fxgl-21.1.jar!/fxglassets/ui/fonts/Abel-Regular.ttf
01:37:38.710 [FXGL Background Thread 4 ] DEBUG FXGLAssetLoaderServi - Loading from file system: jar:file:/C:/Users/primzcm/.m2/repository/com/github/almasb/fxgl/fxgl/21.1/fxgl-21.1.jar!/fxglassets/ui/fonts/TerminalLandMono-Regular.otf
01:37:38.713 [FXGL Background Thread 4 ] DEBUG FXGLAssetLoaderServi - Loading from file system: jar:file:/C:/Users/primzcm/.m2/repository/com/github/almasb/fxgl/fxgl/21.1/fxgl-21.1.jar!/fxglassets/ui/fonts/Courier-Prime.ttf
01:37:38.723 [JavaFX Application Thread] DEBUG FXGLApplication      - Registering font factories with UI factory
01:37:38.727 [FXGL Background Thread 1 ] INFO  FXGLApplication      - FXGL initialization took: 0.414 sec
01:37:38.738 [JavaFX Application Thread] DEBUG Input                - Registered new binding: action0 - A
01:37:38.739 [JavaFX Application Thread] DEBUG Input                - Registered new binding: action1 - D
01:37:38.739 [JavaFX Application Thread] DEBUG Input                - Registered new binding: action2 - W
01:37:38.740 [JavaFX Application Thread] DEBUG Input                - Registered new binding: action3 - S
01:37:38.740 [JavaFX Application Thread] DEBUG Input                - Registered new binding: action4 - Esc
01:37:38.741 [JavaFX Application Thread] DEBUG FXGLAssetLoaderServi - Loading from file system: jar:file:/C:/Users/primzcm/.m2/repository/com/github/almasb/fxgl/fxgl/21.1/fxgl-21.1.jar!/fxglassets/textures/fxgl_icon.png
01:37:38.801 [JavaFX Application Thread] DEBUG FXGLAssetLoaderServi - Loading from file system: jar:file:/C:/Users/primzcm/.m2/repository/com/github/almasb/fxgl/fxgl/21.1/fxgl-21.1.jar!/fxglassets/textures/fxgl_default_cursor.png
01:37:38.805 [JavaFX Application Thread] DEBUG Input                - Registered new binding: Screenshot - CTRL+8
01:37:38.805 [JavaFX Application Thread] DEBUG Input                - Registered new binding: System info dump - CTRL+9
01:37:38.806 [JavaFX Application Thread] DEBUG Input                - Registered new binding: Restart - CTRL+R
01:37:38.807 [JavaFX Application Thread] DEBUG Input                - Registered new binding: Toggle Debug Camera - CTRL+7
01:37:38.811 [JavaFX Application Thread] DEBUG LoopRunner           - Starting loop
01:37:38.811 [JavaFX Application Thread] DEBUG LoopRunner           - Initializing JavaFX AnimationTimerLoop
01:37:38.814 [JavaFX Application Thread] DEBUG Input                - Clearing active input actions
01:37:38.822 [JavaFX Application Thread] DEBUG GameApplicationServi - Removing overlay from FXGLStartupScene and adding to FXGLMainMenuDummyScene
01:37:38.822 [JavaFX Application Thread] DEBUG PrimaryStageWindow   - FXGLStartupScene -> FXGLMainMenuDummyScene
01:37:38.822 [JavaFX Application Thread] DEBUG PrimaryStageWindow   - Push state: LoginScene
01:37:38.823 [JavaFX Application Thread] DEBUG Input                - Clearing active input actions
01:37:38.849 [JavaFX Application Thread] DEBUG GameApplicationServi - Removing overlay from FXGLMainMenuDummyScene and adding to LoginScene
01:37:38.850 [JavaFX Application Thread] DEBUG PrimaryStageWindow   - FXGLMainMenuDummyScene -> LoginScene
01:37:39.181 [FXGL Background Thread 2 ] INFO  UpdaterService       - Your current version:  21+dev-SNAPSHOT
01:37:39.182 [FXGL Background Thread 2 ] INFO  UpdaterService       - Latest stable version: 21.1
01:37:41.233 [JavaFX Application Thread] DEBUG GameWorld            - Game world initialized
01:37:41.234 [JavaFX Application Thread] DEBUG PhysicsWorld         - Physics world initialized: appHeight=720, physics.ppm=50.0
01:37:41.234 [JavaFX Application Thread] DEBUG PhysicsWorld         - Using strategy: BRUTE_FORCE
01:37:41.235 [JavaFX Application Thread] DEBUG GameScene            - Game scene initialized: 1280x720
01:37:41.252 [JavaFX Application Thread] DEBUG PrimaryStageWindow   - Push state: MainMenuScene
01:37:41.275 [JavaFX Application Thread] DEBUG Input                - Clearing active input actions
01:37:41.277 [JavaFX Application Thread] DEBUG GameApplicationServi - Removing overlay from LoginScene and adding to MainMenuScene
01:37:41.277 [JavaFX Application Thread] DEBUG PrimaryStageWindow   - LoginScene -> MainMenuScene
01:37:41.277 [JavaFX Application Thread] DEBUG GameWorld            - Game world initialized
01:37:41.278 [JavaFX Application Thread] DEBUG PhysicsWorld         - Physics world initialized: appHeight=720, physics.ppm=50.0
01:37:41.278 [JavaFX Application Thread] DEBUG PhysicsWorld         - Using strategy: BRUTE_FORCE
01:37:41.279 [JavaFX Application Thread] DEBUG GameScene            - Game scene initialized: 1280x720
01:37:41.293 [JavaFX Application Thread] DEBUG PrimaryStageWindow   - Push state: MainMenuScene
01:37:41.327 [JavaFX Application Thread] DEBUG Input                - Clearing active input actions
01:37:41.328 [JavaFX Application Thread] DEBUG GameApplicationServi - Removing overlay from MainMenuScene and adding to MainMenuScene
01:37:41.328 [JavaFX Application Thread] DEBUG PrimaryStageWindow   - MainMenuScene -> MainMenuScene
01:37:41.703 [FXGL Background Thread 3 ] DEBUG Engine               - Logging environment variables
01:37:41.704 [FXGL Background Thread 3 ] DEBUG Engine               - achievements: []
01:37:41.704 [FXGL Background Thread 3 ] DEBUG Engine               - actualHeight: 720.0
01:37:41.704 [FXGL Background Thread 3 ] DEBUG Engine               - actualHeightProperty: ReadOnlyDoubleProperty [value: 720.0]
01:37:41.704 [FXGL Background Thread 3 ] DEBUG Engine               - actualWidth: 1280.0
01:37:41.704 [FXGL Background Thread 3 ] DEBUG Engine               - actualWidthProperty: ReadOnlyDoubleProperty [value: 1280.0]
01:37:41.704 [FXGL Background Thread 3 ] DEBUG Engine               - appIcon: fxgl_icon.png
01:37:41.704 [FXGL Background Thread 3 ] DEBUG Engine               - applicationMode: DEVELOPER
01:37:41.705 [FXGL Background Thread 3 ] DEBUG Engine               - cSSList: [fxgl_dark.css]
01:37:41.705 [FXGL Background Thread 3 ] DEBUG Engine               - collisionDetectionStrategy: BRUTE_FORCE
01:37:41.705 [FXGL Background Thread 3 ] DEBUG Engine               - configClass: Optional.empty
01:37:41.705 [FXGL Background Thread 3 ] DEBUG Engine               - credits: []
01:37:41.707 [FXGL Background Thread 3 ] DEBUG Engine               - defaultCursor: CursorInfo(imageName=fxgl_default_cursor.png, hotspotX=7.0, hotspotY=6.0)
01:37:41.707 [FXGL Background Thread 3 ] DEBUG Engine               - devBBoxColorProperty: ObjectProperty [value: 0xff0000ff]
01:37:41.707 [FXGL Background Thread 3 ] DEBUG Engine               - devEnableDebugCameraProperty: BooleanProperty [value: false]
01:37:41.707 [FXGL Background Thread 3 ] DEBUG Engine               - devSensorColorProperty: ObjectProperty [value: 0xffff00ff]
01:37:41.707 [FXGL Background Thread 3 ] DEBUG Engine               - devShowBBoxProperty: BooleanProperty [value: false]
01:37:41.707 [FXGL Background Thread 3 ] DEBUG Engine               - devShowPositionProperty: BooleanProperty [value: false]
01:37:41.707 [FXGL Background Thread 3 ] DEBUG Engine               - enabledMenuItems: []
01:37:41.707 [FXGL Background Thread 3 ] DEBUG Engine               - engineServices: [class com.almasb.fxgl.app.services.FXGLAssetLoaderService, class com.almasb.fxgl.app.FXGLApplication$GameApplicationService, class com.almasb.fxgl.app.services.FXGLDialogService, class com.almasb.fxgl.app.services.IOTaskExecutorService, class com.almasb.fxgl.io.FileSystemService, class com.almasb.fxgl.localization.LocalizationService, class com.almasb.fxgl.app.services.SystemBundleService, class com.almasb.fxgl.profile.SaveLoadService, class com.almasb.fxgl.ui.FXGLUIFactoryServiceProvider, class com.almasb.fxgl.ui.FXGLDialogFactoryServiceProvider, class com.almasb.fxgl.audio.AudioPlayer, class com.almasb.fxgl.notification.impl.NotificationServiceProvider, class com.almasb.fxgl.achievement.AchievementService, class com.almasb.fxgl.cutscene.CutsceneService, class com.almasb.fxgl.minigames.MiniGameService, class com.almasb.fxgl.net.NetService, class com.almasb.fxgl.app.services.UpdaterService, class com.almasb.fxgl.dev.DevService]
01:37:41.707 [FXGL Background Thread 3 ] DEBUG Engine               - fontGame: Abel-Regular.ttf
01:37:41.707 [FXGL Background Thread 3 ] DEBUG Engine               - fontMono: TerminalLandMono-Regular.otf
01:37:41.707 [FXGL Background Thread 3 ] DEBUG Engine               - fontSizeScaleUI: 1.0
01:37:41.707 [FXGL Background Thread 3 ] DEBUG Engine               - fontText: Courier-Prime.ttf
01:37:41.707 [FXGL Background Thread 3 ] DEBUG Engine               - fontUI: VarelaRound-Regular.ttf
01:37:41.707 [FXGL Background Thread 3 ] DEBUG Engine               - fullScreen: BooleanProperty [value: false]
01:37:41.707 [FXGL Background Thread 3 ] DEBUG Engine               - gameDifficulty: MEDIUM
01:37:41.707 [FXGL Background Thread 3 ] DEBUG Engine               - gameDifficultyProperty: ObjectProperty [value: MEDIUM]
01:37:41.707 [FXGL Background Thread 3 ] DEBUG Engine               - globalMusicVolume: 0.5
01:37:41.707 [FXGL Background Thread 3 ] DEBUG Engine               - globalMusicVolumeProperty: DoubleProperty [value: 0.5]
01:37:41.707 [FXGL Background Thread 3 ] DEBUG Engine               - globalSoundVolume: 0.5
01:37:41.708 [FXGL Background Thread 3 ] DEBUG Engine               - globalSoundVolumeProperty: DoubleProperty [value: 0.5]
01:37:41.708 [FXGL Background Thread 3 ] DEBUG Engine               - height: 720
01:37:41.708 [FXGL Background Thread 3 ] DEBUG Engine               - is3D: false
01:37:41.708 [FXGL Background Thread 3 ] DEBUG Engine               - isAndroid: false
01:37:41.708 [FXGL Background Thread 3 ] DEBUG Engine               - isBrowser: false
01:37:41.708 [FXGL Background Thread 3 ] DEBUG Engine               - isClickFeedbackEnabled: false
01:37:41.708 [FXGL Background Thread 3 ] DEBUG Engine               - isCloseConfirmation: false
01:37:41.708 [FXGL Background Thread 3 ] DEBUG Engine               - isDesktop: true
01:37:41.708 [FXGL Background Thread 3 ] DEBUG Engine               - isDeveloperMenuEnabled: false
01:37:41.708 [FXGL Background Thread 3 ] DEBUG Engine               - isEmbedded: false
01:37:41.708 [FXGL Background Thread 3 ] DEBUG Engine               - isEntityPreloadEnabled: true
01:37:41.708 [FXGL Background Thread 3 ] DEBUG Engine               - isExperimentalTiledLargeMap: false
01:37:41.708 [FXGL Background Thread 3 ] DEBUG Engine               - isFileSystemWriteAllowed: true
01:37:41.708 [FXGL Background Thread 3 ] DEBUG Engine               - isFullScreenAllowed: false
01:37:41.708 [FXGL Background Thread 3 ] DEBUG Engine               - isFullScreenFromStart: false
01:37:41.708 [FXGL Background Thread 3 ] DEBUG Engine               - isGameMenuEnabled: false
01:37:41.708 [FXGL Background Thread 3 ] DEBUG Engine               - isIOS: false
01:37:41.708 [FXGL Background Thread 3 ] DEBUG Engine               - isIntroEnabled: false
01:37:41.708 [FXGL Background Thread 3 ] DEBUG Engine               - isLinux: false
01:37:41.708 [FXGL Background Thread 3 ] DEBUG Engine               - isMac: false
01:37:41.708 [FXGL Background Thread 3 ] DEBUG Engine               - isMainMenuEnabled: true
01:37:41.708 [FXGL Background Thread 3 ] DEBUG Engine               - isManualResizeEnabled: false
01:37:41.708 [FXGL Background Thread 3 ] DEBUG Engine               - isMobile: false
01:37:41.708 [FXGL Background Thread 3 ] DEBUG Engine               - isNative: false
01:37:41.708 [FXGL Background Thread 3 ] DEBUG Engine               - isPauseMusicWhenMinimized: true
01:37:41.708 [FXGL Background Thread 3 ] DEBUG Engine               - isPreserveResizeRatio: false
01:37:41.708 [FXGL Background Thread 3 ] DEBUG Engine               - isProfilingEnabled: false
01:37:41.708 [FXGL Background Thread 3 ] DEBUG Engine               - isScaleAffectedOnResize: true
01:37:41.708 [FXGL Background Thread 3 ] DEBUG Engine               - isSingleStep: false
01:37:41.708 [FXGL Background Thread 3 ] DEBUG Engine               - isUserProfileEnabled: false
01:37:41.708 [FXGL Background Thread 3 ] DEBUG Engine               - isWindows: true
01:37:41.708 [FXGL Background Thread 3 ] DEBUG Engine               - language: ObjectProperty [value: ENGLISH]
01:37:41.708 [FXGL Background Thread 3 ] DEBUG Engine               - menuKey: ESCAPE
01:37:41.708 [FXGL Background Thread 3 ] DEBUG Engine               - mouseSensitivity: 0.2
01:37:41.708 [FXGL Background Thread 3 ] DEBUG Engine               - notificationViewClass: class com.almasb.fxgl.notification.view.XboxNotificationView
01:37:41.708 [FXGL Background Thread 3 ] DEBUG Engine               - pixelsPerMeter: 50.0
01:37:41.708 [FXGL Background Thread 3 ] DEBUG Engine               - platform: WINDOWS
01:37:41.708 [FXGL Background Thread 3 ] DEBUG Engine               - prefHeightProperty: ReadOnlyDoubleProperty [value: 720.0]
01:37:41.709 [FXGL Background Thread 3 ] DEBUG Engine               - prefWidthProperty: ReadOnlyDoubleProperty [value: 1280.0]
01:37:41.709 [FXGL Background Thread 3 ] DEBUG Engine               - profileDir: profiles/
01:37:41.709 [FXGL Background Thread 3 ] DEBUG Engine               - profileName: StringProperty [value: DEFAULT]
01:37:41.709 [FXGL Background Thread 3 ] DEBUG Engine               - randomSeed: -1
01:37:41.709 [FXGL Background Thread 3 ] DEBUG Engine               - runtimeInfo: RuntimeInfo(platform=WINDOWS, version=21+dev-SNAPSHOT, build=26.03.2024 19.46)
01:37:41.709 [FXGL Background Thread 3 ] DEBUG Engine               - saveFileExt: sav
01:37:41.709 [FXGL Background Thread 3 ] DEBUG Engine               - scaledHeightProp$fxgl: DoubleProperty [bound, value: 720.0]
01:37:41.709 [FXGL Background Thread 3 ] DEBUG Engine               - scaledWidthProp$fxgl: DoubleProperty [bound, value: 1280.0]
01:37:41.709 [FXGL Background Thread 3 ] DEBUG Engine               - sceneFactory: org.example.core.GameApp$1@1c5667ba
01:37:41.709 [FXGL Background Thread 3 ] DEBUG Engine               - secondsIn24h: 60
01:37:41.709 [FXGL Background Thread 3 ] DEBUG Engine               - soundMenuBack: menu/back.wav
01:37:41.709 [FXGL Background Thread 3 ] DEBUG Engine               - soundMenuPress: menu/press.wav
01:37:41.709 [FXGL Background Thread 3 ] DEBUG Engine               - soundMenuSelect: menu/select.wav
01:37:41.709 [FXGL Background Thread 3 ] DEBUG Engine               - soundNotification: core/notification.wav
01:37:41.709 [FXGL Background Thread 3 ] DEBUG Engine               - stageStyle: DECORATED
01:37:41.709 [FXGL Background Thread 3 ] DEBUG Engine               - supportedLanguages: [ENGLISH, FRENCH, GERMAN, HUNGARIAN, RUSSIAN]
01:37:41.709 [FXGL Background Thread 3 ] DEBUG Engine               - ticksPerSecond: -1
01:37:41.709 [FXGL Background Thread 3 ] DEBUG Engine               - title: Prototype Game
01:37:41.709 [FXGL Background Thread 3 ] DEBUG Engine               - urlGithub: https://github.com/AlmasB/FXGL
01:37:41.709 [FXGL Background Thread 3 ] DEBUG Engine               - urlLeaderboard: http://fxgl-top.herokuapp.com/
01:37:41.709 [FXGL Background Thread 3 ] DEBUG Engine               - urlPOM: https://raw.githubusercontent.com/AlmasB/FXGL/release/README.md
01:37:41.709 [FXGL Background Thread 3 ] DEBUG Engine               - userAppClass: class org.example.core.GameApp
01:37:41.709 [FXGL Background Thread 3 ] DEBUG Engine               - version: 0.1.5
01:37:41.709 [FXGL Background Thread 3 ] DEBUG Engine               - versionCheckDays: 7
01:37:41.710 [FXGL Background Thread 3 ] DEBUG Engine               - width: 1280
01:37:41.710 [FXGL Background Thread 3 ] DEBUG Engine               - Logging services
01:37:41.710 [FXGL Background Thread 3 ] DEBUG Engine               - class com.almasb.fxgl.app.services.FXGLAssetLoaderService
01:37:41.710 [FXGL Background Thread 3 ] DEBUG Engine               - class com.almasb.fxgl.app.FXGLApplication$GameApplicationService
01:37:41.710 [FXGL Background Thread 3 ] DEBUG Engine               - class com.almasb.fxgl.app.services.FXGLDialogService
01:37:41.710 [FXGL Background Thread 3 ] DEBUG Engine               - class com.almasb.fxgl.app.services.IOTaskExecutorService
01:37:41.710 [FXGL Background Thread 3 ] DEBUG Engine               - class com.almasb.fxgl.io.FileSystemService
01:37:41.710 [FXGL Background Thread 3 ] DEBUG Engine               - class com.almasb.fxgl.localization.LocalizationService
01:37:41.710 [FXGL Background Thread 3 ] DEBUG Engine               - class com.almasb.fxgl.app.services.SystemBundleService
01:37:41.710 [FXGL Background Thread 3 ] DEBUG Engine               - class com.almasb.fxgl.profile.SaveLoadService
01:37:41.710 [FXGL Background Thread 3 ] DEBUG Engine               - class com.almasb.fxgl.ui.FXGLUIFactoryServiceProvider
01:37:41.710 [FXGL Background Thread 3 ] DEBUG Engine               - class com.almasb.fxgl.ui.FXGLDialogFactoryServiceProvider
01:37:41.710 [FXGL Background Thread 3 ] DEBUG Engine               - class com.almasb.fxgl.audio.AudioPlayer
01:37:41.710 [FXGL Background Thread 3 ] DEBUG Engine               - class com.almasb.fxgl.notification.impl.NotificationServiceProvider
01:37:41.710 [FXGL Background Thread 3 ] DEBUG Engine               - class com.almasb.fxgl.achievement.AchievementService
01:37:41.710 [FXGL Background Thread 3 ] DEBUG Engine               - class com.almasb.fxgl.cutscene.CutsceneService
01:37:41.710 [FXGL Background Thread 3 ] DEBUG Engine               - class com.almasb.fxgl.minigames.MiniGameService
01:37:41.710 [FXGL Background Thread 3 ] DEBUG Engine               - class com.almasb.fxgl.net.NetService
01:37:41.710 [FXGL Background Thread 3 ] DEBUG Engine               - class com.almasb.fxgl.app.services.UpdaterService
01:37:41.710 [FXGL Background Thread 3 ] DEBUG Engine               - class com.almasb.fxgl.dev.DevService
01:37:42.210 [JavaFX Application Thread] DEBUG GameApplicationServi - Starting new game
01:37:42.211 [JavaFX Application Thread] DEBUG PrimaryStageWindow   - Pop state: MainMenuScene
01:37:42.211 [JavaFX Application Thread] DEBUG Input                - Clearing active input actions
01:37:42.211 [JavaFX Application Thread] DEBUG GameApplicationServi - Removing overlay from MainMenuScene and adding to MainMenuScene
01:37:42.212 [JavaFX Application Thread] DEBUG PrimaryStageWindow   - MainMenuScene <- MainMenuScene
01:37:42.284 [JavaFX Application Thread] DEBUG PrimaryStageWindow   - Pop state: MainMenuScene
01:37:42.284 [JavaFX Application Thread] DEBUG Input                - Clearing active input actions
01:37:42.285 [JavaFX Application Thread] DEBUG GameApplicationServi - Removing overlay from MainMenuScene and adding to LoginScene
01:37:42.285 [JavaFX Application Thread] DEBUG PrimaryStageWindow   - LoginScene <- MainMenuScene
01:37:42.300 [JavaFX Application Thread] DEBUG PrimaryStageWindow   - Pop state: LoginScene
01:37:42.300 [JavaFX Application Thread] DEBUG Input                - Clearing active input actions
01:37:42.300 [JavaFX Application Thread] DEBUG GameApplicationServi - Removing overlay from LoginScene and adding to FXGLMainMenuDummyScene
01:37:42.300 [JavaFX Application Thread] DEBUG PrimaryStageWindow   - FXGLMainMenuDummyScene <- LoginScene
01:37:42.300 [JavaFX Application Thread] DEBUG Input                - Clearing active input actions
01:37:42.307 [JavaFX Application Thread] DEBUG GameApplicationServi - Removing overlay from FXGLMainMenuDummyScene and adding to FXGLLoadingScene
01:37:42.307 [JavaFX Application Thread] DEBUG PrimaryStageWindow   - FXGLMainMenuDummyScene -> FXGLLoadingScene
01:37:42.307 [JavaFX Application Thread] DEBUG GameApplicationServi - Clearing previous game
01:37:42.307 [JavaFX Application Thread] DEBUG GameScene            - Clearing game scene
01:37:42.307 [JavaFX Application Thread] DEBUG GameWorld            - Clearing game world
01:37:42.307 [JavaFX Application Thread] DEBUG PhysicsWorld         - Clearing physics world
01:37:42.309 [FXGL Background Thread 2 ] DEBUG FXGLApplication      - Initializing game
01:37:42.320 [FXGL Background Thread 2 ] DEBUG FXGLAssetLoaderServi - Loading from file system: file:/F:/my%20files/School/2nd%20year%202nd%20sem/TheOnlyException/Test/target/classes/assets/textures/worlda.png
01:37:42.388 [FXGL Background Thread 2 ] DEBUG FXGLAssetLoaderServi - Loading from file system: file:/F:/my%20files/School/2nd%20year%202nd%20sem/TheOnlyException/Test/target/classes/assets/textures/player-scaled.png
01:37:42.431 [FXGL Background Thread 2 ] INFO  FXGLApplication      - Game initialization took: 0.122 sec
01:37:42.434 [JavaFX Application Thread] DEBUG Input                - Clearing active input actions
01:37:42.439 [JavaFX Application Thread] DEBUG GameApplicationServi - Removing overlay from FXGLLoadingScene and adding to GameScene
01:37:42.439 [JavaFX Application Thread] DEBUG PrimaryStageWindow   - FXGLLoadingScene -> GameScene
01:37:42.869 [JavaFX Application Thread] DEBUG FXGLAssetLoaderServi - Loading from file system: file:/F:/my%20files/School/2nd%20year%202nd%20sem/TheOnlyException/Test/target/classes/assets/textures/MaggotWalk-scaled-recolored.png
01:37:42.874 [JavaFX Application Thread] DEBUG FXGLAssetLoaderServi - Loading from file system: file:/F:/my%20files/School/2nd%20year%202nd%20sem/TheOnlyException/Test/target/classes/assets/textures/BeetleMove-scaled-recolored.png
01:37:42.876 [JavaFX Application Thread] DEBUG FXGLAssetLoaderServi - Loading from file system: file:/F:/my%20files/School/2nd%20year%202nd%20sem/TheOnlyException/Test/target/classes/assets/textures/MantisMove-scaled-recolored.png
01:37:42.877 [JavaFX Application Thread] DEBUG FXGLAssetLoaderServi - Loading from file system: file:/F:/my%20files/School/2nd%20year%202nd%20sem/TheOnlyException/Test/target/classes/assets/textures/BeeMove-scaled-recolored.png
01:37:42.879 [JavaFX Application Thread] DEBUG FXGLAssetLoaderServi - Loading from file system: file:/F:/my%20files/School/2nd%20year%202nd%20sem/TheOnlyException/Test/target/classes/assets/textures/GiantFly-recolored.png
01:37:42.881 [JavaFX Application Thread] DEBUG FXGLAssetLoaderServi - Loading from file system: file:/F:/my%20files/School/2nd%20year%202nd%20sem/TheOnlyException/Test/target/classes/assets/textures/DragonFly-recolored.png
01:37:45.386 [JavaFX Application Thread] DEBUG FXGLAssetLoaderServi - Loading from file system: file:/F:/my%20files/School/2nd%20year%202nd%20sem/TheOnlyException/Test/target/classes/assets/textures/memorychip.png
01:37:50.550 [JavaFX Application Thread] DEBUG FXGLAssetLoaderServi - Loading from file system: file:/F:/my%20files/School/2nd%20year%202nd%20sem/TheOnlyException/Test/target/classes/assets/textures/nullblaster.png
01:37:50.572 [JavaFX Application Thread] DEBUG FXGLAssetLoaderServi - Loading from file system: file:/F:/my%20files/School/2nd%20year%202nd%20sem/TheOnlyException/Test/target/classes/assets/textures/smolderprotocol.png
01:37:50.600 [JavaFX Application Thread] DEBUG FXGLAssetLoaderServi - Loading from file system: file:/F:/my%20files/School/2nd%20year%202nd%20sem/TheOnlyException/Test/target/classes/assets/textures/firewallshield.png
01:37:50.617 [JavaFX Application Thread] DEBUG FXGLAssetLoaderServi - Loading from file system: file:/F:/my%20files/School/2nd%20year%202nd%20sem/TheOnlyException/Test/target/classes/assets/textures/shortcircuit.png
01:37:50.635 [JavaFX Application Thread] DEBUG PrimaryStageWindow   - Push state: DialogSubScene
01:37:50.635 [JavaFX Application Thread] DEBUG Input                - Clearing active input actions
01:37:50.636 [JavaFX Application Thread] DEBUG GameApplicationServi - Removing overlay from GameScene and adding to DialogSubScene
01:37:50.636 [JavaFX Application Thread] DEBUG PrimaryStageWindow   - GameScene -> DialogSubScene
01:37:53.548 [JavaFX Application Thread] DEBUG FXGLApplication      - Exiting FXGL
01:37:53.548 [JavaFX Application Thread] DEBUG LoopRunner           - Stopping loop
01:37:53.548 [JavaFX Application Thread] DEBUG SystemBundleService  - Saving FXGL system data
01:37:53.550 [JavaFX Application Thread] DEBUG FileSystemAccess     - Writing to: F:\my files\School\2nd year 2nd sem\TheOnlyException\system\fxgl.bundle
01:37:53.611 [JavaFX Application Thread] DEBUG Async                - Shutting down background threads
01:37:53.611 [JavaFX Application Thread] DEBUG PrimaryStageWindow   - Closing main window
01:37:53.636 [JavaFX Application Thread] DEBUG Logger               - Closing Logger
