20:26:51.667 [main                     ] DEBUG Logger               - Configured Logger
20:26:51.693 [main                     ] DEBUG GameApplication      - Logging settings
Title: Prototype Game
Version: 0.1.5
Width: 1280
Height: 720
Fullscreen: false
Intro: false
Profiling: false
Single step:false
App Mode: DEVELOPER
Menu Key: ESCAPE
Stage Style: DECORATED
Scene Factory: class org.example.GameApp$1

20:26:52.443 [JavaFX Application Thread] DEBUG FXGLApplication      - Initializing FXGL
20:26:52.447 [JavaFX Application Thread] INFO  Engine               - FXGL-17+dev-SNAPSHOT (01.09.2022 03.33) on WINDOWS (J:23.0.1 FX:18)
20:26:52.448 [JavaFX Application Thread] DEBUG Engine               - JRE Vendor Name: Oracle Corporation
20:26:52.448 [JavaFX Application Thread] DEBUG Engine               - Running on OS: Windows 11 version 10.0
20:26:52.448 [JavaFX Application Thread] DEBUG Engine               - Architecture: amd64
20:26:52.448 [JavaFX Application Thread] INFO  Engine               - Source code and latest versions at: https://github.com/AlmasB/FXGL
20:26:52.448 [JavaFX Application Thread] INFO  Engine               -       Ask questions and discuss at: https://github.com/AlmasB/FXGL/discussions
20:26:52.448 [JavaFX Application Thread] INFO  Engine               -              Join the FXGL chat at: https://gitter.im/AlmasB/FXGL
20:26:52.560 [JavaFX Application Thread] DEBUG PrimaryStageWindow   - Creating a JavaFX scene
20:26:52.611 [JavaFX Application Thread] DEBUG PrimaryStageWindow   - Target settings size: 1280.0 x 720.0
20:26:52.611 [JavaFX Application Thread] DEBUG PrimaryStageWindow   - Scaled scene size:    1280.0 x 720.0
20:26:52.611 [JavaFX Application Thread] DEBUG PrimaryStageWindow   - Scaled ratio: (1.0, 1.0)
20:26:52.612 [JavaFX Application Thread] DEBUG PrimaryStageWindow   - Set initial scene to FXGLStartupScene
20:26:52.622 [JavaFX Application Thread] DEBUG PrimaryStageWindow   - Opening main window
20:26:52.736 [JavaFX Application Thread] DEBUG PrimaryStageWindow   - Window border size: (14.4000244140625, 37.5999755859375)
20:26:52.736 [JavaFX Application Thread] DEBUG PrimaryStageWindow   - Scaled size: 1280.0 x 720.0
20:26:52.736 [JavaFX Application Thread] DEBUG PrimaryStageWindow   - Scaled ratio: (1.0, 1.0)
20:26:52.736 [JavaFX Application Thread] DEBUG PrimaryStageWindow   - Scene size: 1280.0 x 720.0
20:26:52.737 [JavaFX Application Thread] DEBUG PrimaryStageWindow   - Stage size: 1294.4000244140625 x 757.5999755859375
20:26:52.745 [FXGL Background Thread 1 ] DEBUG Engine               - Initializing environment variables
20:26:52.842 [FXGL Background Thread 1 ] DEBUG FXGLAssetLoaderServi - User app class for loading assets: class org.example.GameApp
20:26:52.843 [FXGL Background Thread 1 ] DEBUG GameApplicationServi - Applying CSS: fxgl_dark.css
20:26:52.843 [FXGL Background Thread 1 ] DEBUG FXGLAssetLoaderServi - Loading from file system: jar:file:/C:/Users/khein/.m2/repository/com/github/AlmasB/FXGL/fxgl/17.2/fxgl-17.2.jar!/fxglassets/ui/css/fxgl_dark.css
20:26:52.883 [FXGL Background Thread 1 ] DEBUG GameApplicationServi - Initializing application scenes
20:26:52.921 [FXGL Background Thread 1 ] DEBUG GameWorld            - Game world initialized
20:26:52.990 [FXGL Background Thread 1 ] DEBUG PhysicsWorld         - Physics world initialized: appHeight=720, physics.ppm=50.0
20:26:52.991 [FXGL Background Thread 1 ] DEBUG PhysicsWorld         - Using strategy: BRUTE_FORCE
20:26:52.995 [FXGL Background Thread 1 ] DEBUG GameScene            - Game scene initialized: 1280x720
20:26:53.009 [FXGL Background Thread 1 ] DEBUG FXGL.DefaultMenu     - createMenuBodyGameMenu()
20:26:53.023 [FXGL Background Thread 1 ] DEBUG FXGL.DefaultMenu     - createOptionsMenu()
20:26:53.037 [FXGL Background Thread 1 ] DEBUG FXGLAssetLoaderServi - Loading from file system: jar:file:/C:/Users/khein/.m2/repository/com/github/AlmasB/FXGL/fxgl/17.2/fxgl-17.2.jar!/fxglassets/textures/particles/smoke.png
20:26:53.138 [FXGL Background Thread 1 ] DEBUG FXGLAssetLoaderServi - Loading from file system: jar:file:/C:/Users/khein/.m2/repository/com/github/AlmasB/FXGL/fxgl/17.2/fxgl-17.2.jar!/fxglassets/textures/particles/trace_horizontal.png
20:26:53.165 [FXGL Background Thread 1 ] DEBUG GameApplicationServi - Application scenes initialized
20:26:53.176 [FXGL Background Thread 1 ] DEBUG SystemBundleService  - Loading FXGL system data
20:26:53.180 [FXGL Background Thread 1 ] DEBUG FileSystemAccess     - Reading from: C:\Users\khein\IdeaProjects\TheOnlyException\system\fxgl.bundle
20:26:53.189 [FXGL Background Thread 1 ] DEBUG SystemBundleService  - Bundle FXGL: {}
20:26:53.189 [FXGL Background Thread 1 ] DEBUG UpdaterService       - Checking for updates
20:26:53.193 [FXGL Background Thread 4 ] DEBUG FXGLApplication      - Loading fonts
20:26:53.193 [FXGL Background Thread 4 ] DEBUG FXGLAssetLoaderServi - Loading from file system: jar:file:/C:/Users/khein/.m2/repository/com/github/AlmasB/FXGL/fxgl-samples/17.2/fxgl-samples-17.2.jar!/assets/ui/fonts/VarelaRound-Regular.ttf
20:26:53.194 [FXGL Background Thread 1 ] DEBUG FXGLApplication      - Loading default localization
20:26:53.195 [FXGL Background Thread 1 ] DEBUG FXGLAssetLoaderServi - Loading from file system: jar:file:/C:/Users/khein/.m2/repository/com/github/AlmasB/FXGL/fxgl/17.2/fxgl-17.2.jar!/fxglassets/languages/english.lang
20:26:53.221 [FXGL Background Thread 1 ] INFO  FXGLApplication      - FXGL initialization took: 0.476 sec
20:26:53.236 [JavaFX Application Thread] DEBUG Input                - Registered new binding: action0 - A
20:26:53.236 [JavaFX Application Thread] DEBUG Input                - Registered new binding: action1 - D
20:26:53.236 [JavaFX Application Thread] DEBUG Input                - Registered new binding: action2 - W
20:26:53.237 [JavaFX Application Thread] DEBUG Input                - Registered new binding: action3 - S
20:26:53.237 [JavaFX Application Thread] DEBUG FXGLAssetLoaderServi - Loading from file system: jar:file:/C:/Users/khein/.m2/repository/com/github/AlmasB/FXGL/fxgl/17.2/fxgl-17.2.jar!/fxglassets/textures/fxgl_icon.png
20:26:53.242 [FXGL Background Thread 4 ] DEBUG FXGLAssetLoaderServi - Loading from file system: jar:file:/C:/Users/khein/.m2/repository/com/github/AlmasB/FXGL/fxgl/17.2/fxgl-17.2.jar!/fxglassets/ui/fonts/Abel-Regular.ttf
20:26:53.256 [JavaFX Application Thread] DEBUG FXGLAssetLoaderServi - Loading from file system: jar:file:/C:/Users/khein/.m2/repository/com/github/AlmasB/FXGL/fxgl/17.2/fxgl-17.2.jar!/fxglassets/textures/fxgl_default_cursor.png
20:26:53.258 [FXGL Background Thread 4 ] DEBUG FXGLAssetLoaderServi - Loading from file system: jar:file:/C:/Users/khein/.m2/repository/com/github/AlmasB/FXGL/fxgl/17.2/fxgl-17.2.jar!/fxglassets/ui/fonts/TerminalLandMono-Regular.otf
20:26:53.258 [JavaFX Application Thread] DEBUG Input                - Registered new binding: Screenshot - CTRL+8
20:26:53.259 [JavaFX Application Thread] DEBUG Input                - Registered new binding: System info dump - CTRL+9
20:26:53.259 [JavaFX Application Thread] DEBUG Input                - Registered new binding: Restart - CTRL+R
20:26:53.260 [JavaFX Application Thread] DEBUG Input                - Registered new binding: Toggle Debug Camera - CTRL+7
20:26:53.262 [JavaFX Application Thread] DEBUG LoopRunner           - Starting loop
20:26:53.263 [JavaFX Application Thread] DEBUG LoopRunner           - Initializing JavaFX AnimationTimerLoop
20:26:53.267 [JavaFX Application Thread] DEBUG Input                - Clearing active input actions
20:26:53.274 [JavaFX Application Thread] DEBUG GameApplicationServi - Removing overlay from FXGLStartupScene and adding to FXGLMainMenuDummyScene
20:26:53.274 [JavaFX Application Thread] DEBUG PrimaryStageWindow   - FXGLStartupScene -> FXGLMainMenuDummyScene
20:26:53.275 [JavaFX Application Thread] DEBUG PrimaryStageWindow   - Push state: NameInputScene
20:26:53.275 [FXGL Background Thread 4 ] DEBUG FXGLAssetLoaderServi - Loading from file system: jar:file:/C:/Users/khein/.m2/repository/com/github/AlmasB/FXGL/fxgl/17.2/fxgl-17.2.jar!/fxglassets/ui/fonts/Courier-Prime.ttf
20:26:53.564 [JavaFX Application Thread] DEBUG Input                - Clearing active input actions
20:26:53.573 [JavaFX Application Thread] DEBUG GameApplicationServi - Removing overlay from FXGLMainMenuDummyScene and adding to NameInputScene
20:26:53.574 [JavaFX Application Thread] DEBUG PrimaryStageWindow   - FXGLMainMenuDummyScene -> NameInputScene
20:26:53.789 [FXGL Background Thread 2 ] INFO  UpdaterService       - Your current version:  17+dev-SNAPSHOT
20:26:53.790 [FXGL Background Thread 2 ] INFO  UpdaterService       - Latest stable version: 21.1
20:26:53.815 [JavaFX Application Thread] DEBUG FXGLApplication      - Registering font factories with UI factory
20:26:56.193 [FXGL Background Thread 3 ] DEBUG Engine               - Logging environment variables
20:26:56.194 [FXGL Background Thread 3 ] DEBUG Engine               - achievements: []
20:26:56.194 [FXGL Background Thread 3 ] DEBUG Engine               - actualHeight: 720.0
20:26:56.194 [FXGL Background Thread 3 ] DEBUG Engine               - actualHeightProperty: ReadOnlyDoubleProperty [value: 720.0]
20:26:56.195 [FXGL Background Thread 3 ] DEBUG Engine               - actualWidth: 1280.0
20:26:56.195 [FXGL Background Thread 3 ] DEBUG Engine               - actualWidthProperty: ReadOnlyDoubleProperty [value: 1280.0]
20:26:56.195 [FXGL Background Thread 3 ] DEBUG Engine               - appIcon: fxgl_icon.png
20:26:56.195 [FXGL Background Thread 3 ] DEBUG Engine               - applicationMode: DEVELOPER
20:26:56.195 [FXGL Background Thread 3 ] DEBUG Engine               - cSSList: [fxgl_dark.css]
20:26:56.195 [FXGL Background Thread 3 ] DEBUG Engine               - collisionDetectionStrategy: BRUTE_FORCE
20:26:56.195 [FXGL Background Thread 3 ] DEBUG Engine               - configClass: Optional.empty
20:26:56.196 [FXGL Background Thread 3 ] DEBUG Engine               - credits: []
20:26:56.196 [FXGL Background Thread 3 ] DEBUG Engine               - defaultCursor: CursorInfo(imageName=fxgl_default_cursor.png, hotspotX=7.0, hotspotY=6.0)
20:26:56.197 [FXGL Background Thread 3 ] DEBUG Engine               - devBBoxColorProperty: ObjectProperty [value: 0xff0000ff]
20:26:56.197 [FXGL Background Thread 3 ] DEBUG Engine               - devEnableDebugCameraProperty: BooleanProperty [value: false]
20:26:56.197 [FXGL Background Thread 3 ] DEBUG Engine               - devSensorColorProperty: ObjectProperty [value: 0xffff00ff]
20:26:56.197 [FXGL Background Thread 3 ] DEBUG Engine               - devShowBBoxProperty: BooleanProperty [value: false]
20:26:56.197 [FXGL Background Thread 3 ] DEBUG Engine               - devShowPositionProperty: BooleanProperty [value: false]
20:26:56.198 [FXGL Background Thread 3 ] DEBUG Engine               - enabledMenuItems: []
20:26:56.198 [FXGL Background Thread 3 ] DEBUG Engine               - engineServices: [class com.almasb.fxgl.app.services.FXGLAssetLoaderService, class com.almasb.fxgl.app.FXGLApplication$GameApplicationService, class com.almasb.fxgl.app.services.FXGLDialogService, class com.almasb.fxgl.app.services.IOTaskExecutorService, class com.almasb.fxgl.io.FileSystemService, class com.almasb.fxgl.localization.LocalizationService, class com.almasb.fxgl.app.services.SystemBundleService, class com.almasb.fxgl.profile.SaveLoadService, class com.almasb.fxgl.ui.FXGLUIFactoryServiceProvider, class com.almasb.fxgl.ui.FXGLDialogFactoryServiceProvider, class com.almasb.fxgl.audio.AudioPlayer, class com.almasb.fxgl.notification.impl.NotificationServiceProvider, class com.almasb.fxgl.achievement.AchievementService, class com.almasb.fxgl.cutscene.CutsceneService, class com.almasb.fxgl.minigames.MiniGameService, class com.almasb.fxgl.net.NetService, class com.almasb.fxgl.app.services.UpdaterService, class com.almasb.fxgl.dev.DevService]
20:26:56.198 [FXGL Background Thread 3 ] DEBUG Engine               - fontGame: Abel-Regular.ttf
20:26:56.198 [FXGL Background Thread 3 ] DEBUG Engine               - fontMono: TerminalLandMono-Regular.otf
20:26:56.198 [FXGL Background Thread 3 ] DEBUG Engine               - fontText: Courier-Prime.ttf
20:26:56.198 [FXGL Background Thread 3 ] DEBUG Engine               - fontUI: VarelaRound-Regular.ttf
20:26:56.198 [FXGL Background Thread 3 ] DEBUG Engine               - fullScreen: BooleanProperty [value: false]
20:26:56.199 [FXGL Background Thread 3 ] DEBUG Engine               - gameDifficulty: MEDIUM
20:26:56.199 [FXGL Background Thread 3 ] DEBUG Engine               - gameDifficultyProperty: ObjectProperty [value: MEDIUM]
20:26:56.199 [FXGL Background Thread 3 ] DEBUG Engine               - globalMusicVolume: 0.5
20:26:56.199 [FXGL Background Thread 3 ] DEBUG Engine               - globalMusicVolumeProperty: DoubleProperty [value: 0.5]
20:26:56.199 [FXGL Background Thread 3 ] DEBUG Engine               - globalSoundVolume: 0.5
20:26:56.199 [FXGL Background Thread 3 ] DEBUG Engine               - globalSoundVolumeProperty: DoubleProperty [value: 0.5]
20:26:56.199 [FXGL Background Thread 3 ] DEBUG Engine               - height: 720
20:26:56.200 [FXGL Background Thread 3 ] DEBUG Engine               - is3D: false
20:26:56.200 [FXGL Background Thread 3 ] DEBUG Engine               - isAndroid: false
20:26:56.200 [FXGL Background Thread 3 ] DEBUG Engine               - isBrowser: false
20:26:56.200 [FXGL Background Thread 3 ] DEBUG Engine               - isClickFeedbackEnabled: false
20:26:56.200 [FXGL Background Thread 3 ] DEBUG Engine               - isCloseConfirmation: false
20:26:56.200 [FXGL Background Thread 3 ] DEBUG Engine               - isDesktop: true
20:26:56.200 [FXGL Background Thread 3 ] DEBUG Engine               - isDeveloperMenuEnabled: false
20:26:56.200 [FXGL Background Thread 3 ] DEBUG Engine               - isEmbedded: false
20:26:56.200 [FXGL Background Thread 3 ] DEBUG Engine               - isEntityPreloadEnabled: true
20:26:56.201 [FXGL Background Thread 3 ] DEBUG Engine               - isExperimentalTiledLargeMap: false
20:26:56.201 [FXGL Background Thread 3 ] DEBUG Engine               - isFileSystemWriteAllowed: true
20:26:56.201 [FXGL Background Thread 3 ] DEBUG Engine               - isFullScreenAllowed: false
20:26:56.201 [FXGL Background Thread 3 ] DEBUG Engine               - isFullScreenFromStart: false
20:26:56.201 [FXGL Background Thread 3 ] DEBUG Engine               - isGameMenuEnabled: true
20:26:56.201 [FXGL Background Thread 3 ] DEBUG Engine               - isIOS: false
20:26:56.201 [FXGL Background Thread 3 ] DEBUG Engine               - isIntroEnabled: false
20:26:56.201 [FXGL Background Thread 3 ] DEBUG Engine               - isLinux: false
20:26:56.202 [FXGL Background Thread 3 ] DEBUG Engine               - isMac: false
20:26:56.202 [FXGL Background Thread 3 ] DEBUG Engine               - isMainMenuEnabled: true
20:26:56.202 [FXGL Background Thread 3 ] DEBUG Engine               - isManualResizeEnabled: false
20:26:56.202 [FXGL Background Thread 3 ] DEBUG Engine               - isMobile: false
20:26:56.202 [FXGL Background Thread 3 ] DEBUG Engine               - isNative: false
20:26:56.202 [FXGL Background Thread 3 ] DEBUG Engine               - isPauseMusicWhenMinimized: true
20:26:56.202 [FXGL Background Thread 3 ] DEBUG Engine               - isPreserveResizeRatio: false
20:26:56.202 [FXGL Background Thread 3 ] DEBUG Engine               - isProfilingEnabled: false
20:26:56.202 [FXGL Background Thread 3 ] DEBUG Engine               - isScaleAffectedOnResize: true
20:26:56.202 [FXGL Background Thread 3 ] DEBUG Engine               - isSingleStep: false
20:26:56.202 [FXGL Background Thread 3 ] DEBUG Engine               - isUserProfileEnabled: false
20:26:56.204 [FXGL Background Thread 3 ] DEBUG Engine               - isWindows: true
20:26:56.204 [FXGL Background Thread 3 ] DEBUG Engine               - language: ObjectProperty [value: ENGLISH]
20:26:56.204 [FXGL Background Thread 3 ] DEBUG Engine               - menuKey: ESCAPE
20:26:56.204 [FXGL Background Thread 3 ] DEBUG Engine               - mouseSensitivity: 0.2
20:26:56.204 [FXGL Background Thread 3 ] DEBUG Engine               - notificationViewClass: class com.almasb.fxgl.notification.view.XboxNotificationView
20:26:56.204 [FXGL Background Thread 3 ] DEBUG Engine               - pixelsPerMeter: 50.0
20:26:56.204 [FXGL Background Thread 3 ] DEBUG Engine               - platform: WINDOWS
20:26:56.204 [FXGL Background Thread 3 ] DEBUG Engine               - prefHeightProperty: ReadOnlyDoubleProperty [value: 720.0]
20:26:56.204 [FXGL Background Thread 3 ] DEBUG Engine               - prefWidthProperty: ReadOnlyDoubleProperty [value: 1280.0]
20:26:56.205 [FXGL Background Thread 3 ] DEBUG Engine               - profileDir: profiles/
20:26:56.205 [FXGL Background Thread 3 ] DEBUG Engine               - profileName: StringProperty [value: DEFAULT]
20:26:56.205 [FXGL Background Thread 3 ] DEBUG Engine               - randomSeed: -1
20:26:56.205 [FXGL Background Thread 3 ] DEBUG Engine               - runtimeInfo: RuntimeInfo(platform=WINDOWS, version=17+dev-SNAPSHOT, build=01.09.2022 03.33)
20:26:56.206 [FXGL Background Thread 3 ] DEBUG Engine               - saveFileExt: sav
20:26:56.206 [FXGL Background Thread 3 ] DEBUG Engine               - scaledHeightProp$fxgl: DoubleProperty [bound, value: 720.0]
20:26:56.206 [FXGL Background Thread 3 ] DEBUG Engine               - scaledWidthProp$fxgl: DoubleProperty [bound, value: 1280.0]
20:26:56.206 [FXGL Background Thread 3 ] DEBUG Engine               - sceneFactory: org.example.GameApp$1@585a172f
20:26:56.206 [FXGL Background Thread 3 ] DEBUG Engine               - secondsIn24h: 60
20:26:56.206 [FXGL Background Thread 3 ] DEBUG Engine               - soundMenuBack: menu/back.wav
20:26:56.206 [FXGL Background Thread 3 ] DEBUG Engine               - soundMenuPress: menu/press.wav
20:26:56.206 [FXGL Background Thread 3 ] DEBUG Engine               - soundMenuSelect: menu/select.wav
20:26:56.207 [FXGL Background Thread 3 ] DEBUG Engine               - soundNotification: core/notification.wav
20:26:56.207 [FXGL Background Thread 3 ] DEBUG Engine               - stageStyle: DECORATED
20:26:56.207 [FXGL Background Thread 3 ] DEBUG Engine               - supportedLanguages: [ENGLISH, FRENCH, GERMAN, HUNGARIAN, RUSSIAN]
20:26:56.207 [FXGL Background Thread 3 ] DEBUG Engine               - ticksPerSecond: -1
20:26:56.207 [FXGL Background Thread 3 ] DEBUG Engine               - title: Prototype Game
20:26:56.207 [FXGL Background Thread 3 ] DEBUG Engine               - urlGithub: https://github.com/AlmasB/FXGL
20:26:56.208 [FXGL Background Thread 3 ] DEBUG Engine               - urlLeaderboard: http://fxgl-top.herokuapp.com/
20:26:56.208 [FXGL Background Thread 3 ] DEBUG Engine               - urlPOM: https://raw.githubusercontent.com/AlmasB/FXGL/release/README.md
20:26:56.208 [FXGL Background Thread 3 ] DEBUG Engine               - userAppClass: class org.example.GameApp
20:26:56.208 [FXGL Background Thread 3 ] DEBUG Engine               - version: 0.1.5
20:26:56.209 [FXGL Background Thread 3 ] DEBUG Engine               - versionCheckDays: 7
20:26:56.209 [FXGL Background Thread 3 ] DEBUG Engine               - width: 1280
20:26:56.209 [FXGL Background Thread 3 ] DEBUG Engine               - Logging services
20:26:56.209 [FXGL Background Thread 3 ] DEBUG Engine               - class com.almasb.fxgl.app.services.FXGLAssetLoaderService
20:26:56.209 [FXGL Background Thread 3 ] DEBUG Engine               - class com.almasb.fxgl.app.FXGLApplication$GameApplicationService
20:26:56.209 [FXGL Background Thread 3 ] DEBUG Engine               - class com.almasb.fxgl.app.services.FXGLDialogService
20:26:56.209 [FXGL Background Thread 3 ] DEBUG Engine               - class com.almasb.fxgl.app.services.IOTaskExecutorService
20:26:56.210 [FXGL Background Thread 3 ] DEBUG Engine               - class com.almasb.fxgl.io.FileSystemService
20:26:56.210 [FXGL Background Thread 3 ] DEBUG Engine               - class com.almasb.fxgl.localization.LocalizationService
20:26:56.210 [FXGL Background Thread 3 ] DEBUG Engine               - class com.almasb.fxgl.app.services.SystemBundleService
20:26:56.210 [FXGL Background Thread 3 ] DEBUG Engine               - class com.almasb.fxgl.profile.SaveLoadService
20:26:56.210 [FXGL Background Thread 3 ] DEBUG Engine               - class com.almasb.fxgl.ui.FXGLUIFactoryServiceProvider
20:26:56.210 [FXGL Background Thread 3 ] DEBUG Engine               - class com.almasb.fxgl.ui.FXGLDialogFactoryServiceProvider
20:26:56.210 [FXGL Background Thread 3 ] DEBUG Engine               - class com.almasb.fxgl.audio.AudioPlayer
20:26:56.210 [FXGL Background Thread 3 ] DEBUG Engine               - class com.almasb.fxgl.notification.impl.NotificationServiceProvider
20:26:56.211 [FXGL Background Thread 3 ] DEBUG Engine               - class com.almasb.fxgl.achievement.AchievementService
20:26:56.211 [FXGL Background Thread 3 ] DEBUG Engine               - class com.almasb.fxgl.cutscene.CutsceneService
20:26:56.211 [FXGL Background Thread 3 ] DEBUG Engine               - class com.almasb.fxgl.minigames.MiniGameService
20:26:56.211 [FXGL Background Thread 3 ] DEBUG Engine               - class com.almasb.fxgl.net.NetService
20:26:56.211 [FXGL Background Thread 3 ] DEBUG Engine               - class com.almasb.fxgl.app.services.UpdaterService
20:26:56.211 [FXGL Background Thread 3 ] DEBUG Engine               - class com.almasb.fxgl.dev.DevService
20:26:57.855 [JavaFX Application Thread] DEBUG GameWorld            - Game world initialized
20:26:57.856 [JavaFX Application Thread] DEBUG PhysicsWorld         - Physics world initialized: appHeight=720, physics.ppm=50.0
20:26:57.856 [JavaFX Application Thread] DEBUG PhysicsWorld         - Using strategy: BRUTE_FORCE
20:26:57.857 [JavaFX Application Thread] DEBUG GameScene            - Game scene initialized: 1280x720
20:26:57.880 [JavaFX Application Thread] DEBUG PrimaryStageWindow   - Push state: MainMenuScene
20:26:57.885 [JavaFX Application Thread] DEBUG Input                - Clearing active input actions
20:26:57.888 [JavaFX Application Thread] DEBUG GameApplicationServi - Removing overlay from NameInputScene and adding to MainMenuScene
20:26:57.889 [JavaFX Application Thread] DEBUG PrimaryStageWindow   - NameInputScene -> MainMenuScene
20:26:59.795 [JavaFX Application Thread] DEBUG GameApplicationServi - Starting new game
20:26:59.796 [JavaFX Application Thread] DEBUG PrimaryStageWindow   - Pop state: MainMenuScene
20:26:59.796 [JavaFX Application Thread] DEBUG Input                - Clearing active input actions
20:26:59.797 [JavaFX Application Thread] DEBUG GameApplicationServi - Removing overlay from MainMenuScene and adding to NameInputScene
20:26:59.798 [JavaFX Application Thread] DEBUG PrimaryStageWindow   - NameInputScene <- MainMenuScene
20:26:59.798 [JavaFX Application Thread] DEBUG PrimaryStageWindow   - Pop state: NameInputScene
20:26:59.798 [JavaFX Application Thread] DEBUG Input                - Clearing active input actions
20:26:59.798 [JavaFX Application Thread] DEBUG GameApplicationServi - Removing overlay from NameInputScene and adding to FXGLMainMenuDummyScene
20:26:59.798 [JavaFX Application Thread] DEBUG PrimaryStageWindow   - FXGLMainMenuDummyScene <- NameInputScene
20:26:59.799 [JavaFX Application Thread] DEBUG Input                - Clearing active input actions
20:26:59.806 [JavaFX Application Thread] DEBUG GameApplicationServi - Removing overlay from FXGLMainMenuDummyScene and adding to FXGLLoadingScene
20:26:59.806 [JavaFX Application Thread] DEBUG PrimaryStageWindow   - FXGLMainMenuDummyScene -> FXGLLoadingScene
20:26:59.806 [JavaFX Application Thread] DEBUG GameApplicationServi - Clearing previous game
20:26:59.806 [JavaFX Application Thread] DEBUG GameScene            - Clearing game scene
20:26:59.806 [JavaFX Application Thread] DEBUG GameWorld            - Clearing game world
20:26:59.806 [JavaFX Application Thread] DEBUG PhysicsWorld         - Clearing physics world
20:26:59.810 [FXGL Background Thread 2 ] DEBUG FXGLApplication      - Initializing game
20:26:59.831 [FXGL Background Thread 2 ] DEBUG FXGLAssetLoaderServi - Loading from file system: file:/C:/Users/khein/IdeaProjects/TheOnlyException/Test/target/classes/assets/textures/dasd.png
20:26:59.862 [FXGL Background Thread 2 ] DEBUG FXGLAssetLoaderServi - Loading from file system: file:/C:/Users/khein/IdeaProjects/TheOnlyException/Test/target/classes/assets/textures/player-scaled.png
20:26:59.949 [FXGL Background Thread 2 ] INFO  FXGLApplication      - Game initialization took: 0.138 sec
20:26:59.950 [JavaFX Application Thread] DEBUG Input                - Clearing active input actions
20:26:59.955 [JavaFX Application Thread] DEBUG GameApplicationServi - Removing overlay from FXGLLoadingScene and adding to GameScene
20:26:59.956 [JavaFX Application Thread] DEBUG PrimaryStageWindow   - FXGLLoadingScene -> GameScene
20:27:01.089 [JavaFX Application Thread] DEBUG FXGLAssetLoaderServi - Loading from file system: file:/C:/Users/khein/IdeaProjects/TheOnlyException/Test/target/classes/assets/textures/MaggotWalk-scaled.png
20:27:02.175 [JavaFX Application Thread] DEBUG FXGLAssetLoaderServi - Loading from file system: file:/C:/Users/khein/IdeaProjects/TheOnlyException/Test/target/classes/assets/textures/BeetleMove-scaled.png
20:27:02.687 [JavaFX Application Thread] DEBUG FXGLAssetLoaderServi - Loading from file system: file:/C:/Users/khein/IdeaProjects/TheOnlyException/Test/target/classes/assets/textures/BeeMove-scaled.png
20:27:03.215 [JavaFX Application Thread] DEBUG FXGLAssetLoaderServi - Loading from file system: file:/C:/Users/khein/IdeaProjects/TheOnlyException/Test/target/classes/assets/textures/MantisMove-scaled.png
20:27:06.222 [JavaFX Application Thread] DEBUG FXGLAssetLoaderServi - Loading from file system: file:/C:/Users/khein/IdeaProjects/TheOnlyException/Test/target/classes/assets/textures/GiantFly.png
20:27:07.769 [JavaFX Application Thread] DEBUG PrimaryStageWindow   - Push state: DialogSubScene
20:27:07.769 [JavaFX Application Thread] DEBUG Input                - Clearing active input actions
20:27:07.770 [JavaFX Application Thread] DEBUG GameApplicationServi - Removing overlay from GameScene and adding to DialogSubScene
20:27:07.770 [JavaFX Application Thread] DEBUG PrimaryStageWindow   - GameScene -> DialogSubScene
20:27:09.171 [JavaFX Application Thread] DEBUG PrimaryStageWindow   - Pop state: DialogSubScene
20:27:09.171 [JavaFX Application Thread] DEBUG Input                - Clearing active input actions
20:27:09.172 [JavaFX Application Thread] DEBUG GameApplicationServi - Removing overlay from DialogSubScene and adding to GameScene
20:27:09.172 [JavaFX Application Thread] DEBUG PrimaryStageWindow   - GameScene <- DialogSubScene
20:27:12.993 [JavaFX Application Thread] DEBUG PrimaryStageWindow   - Push state: DialogSubScene
20:27:12.993 [JavaFX Application Thread] DEBUG Input                - Clearing active input actions
20:27:12.994 [JavaFX Application Thread] DEBUG GameApplicationServi - Removing overlay from GameScene and adding to DialogSubScene
20:27:12.995 [JavaFX Application Thread] DEBUG PrimaryStageWindow   - GameScene -> DialogSubScene
20:27:13.875 [JavaFX Application Thread] DEBUG PrimaryStageWindow   - Pop state: DialogSubScene
20:27:13.875 [JavaFX Application Thread] DEBUG Input                - Clearing active input actions
20:27:13.875 [JavaFX Application Thread] DEBUG GameApplicationServi - Removing overlay from DialogSubScene and adding to GameScene
20:27:13.876 [JavaFX Application Thread] DEBUG PrimaryStageWindow   - GameScene <- DialogSubScene
20:27:19.137 [JavaFX Application Thread] DEBUG FXGLAssetLoaderServi - Loading from file system: file:/C:/Users/khein/IdeaProjects/TheOnlyException/Test/target/classes/assets/textures/lightning_strike.png
20:27:21.502 [JavaFX Application Thread] DEBUG PrimaryStageWindow   - Push state: DialogSubScene
20:27:21.502 [JavaFX Application Thread] DEBUG Input                - Clearing active input actions
20:27:21.504 [JavaFX Application Thread] DEBUG GameApplicationServi - Removing overlay from GameScene and adding to DialogSubScene
20:27:21.504 [JavaFX Application Thread] DEBUG PrimaryStageWindow   - GameScene -> DialogSubScene
20:27:22.419 [JavaFX Application Thread] DEBUG PrimaryStageWindow   - Pop state: DialogSubScene
20:27:22.419 [JavaFX Application Thread] DEBUG Input                - Clearing active input actions
20:27:22.420 [JavaFX Application Thread] DEBUG GameApplicationServi - Removing overlay from DialogSubScene and adding to GameScene
20:27:22.420 [JavaFX Application Thread] DEBUG PrimaryStageWindow   - GameScene <- DialogSubScene
20:27:31.601 [JavaFX Application Thread] DEBUG PrimaryStageWindow   - Push state: DialogSubScene
20:27:31.601 [JavaFX Application Thread] DEBUG Input                - Clearing active input actions
20:27:31.602 [JavaFX Application Thread] DEBUG GameApplicationServi - Removing overlay from GameScene and adding to DialogSubScene
20:27:31.602 [JavaFX Application Thread] DEBUG PrimaryStageWindow   - GameScene -> DialogSubScene
20:27:33.365 [JavaFX Application Thread] DEBUG FXGLApplication      - Exiting FXGL
20:27:33.365 [JavaFX Application Thread] DEBUG LoopRunner           - Stopping loop
20:27:33.365 [JavaFX Application Thread] DEBUG SystemBundleService  - Saving FXGL system data
20:27:33.370 [JavaFX Application Thread] DEBUG FileSystemAccess     - Writing to: C:\Users\khein\IdeaProjects\TheOnlyException\system\fxgl.bundle
20:27:33.375 [JavaFX Application Thread] DEBUG Async                - Shutting down background threads
20:27:33.375 [JavaFX Application Thread] DEBUG PrimaryStageWindow   - Closing main window
20:27:33.401 [JavaFX Application Thread] DEBUG Logger               - Closing Logger
