00:37:49.032 [main                     ] DEBUG Logger               - Configured Logger
00:37:49.048 [main                     ] DEBUG GameApplication      - Logging settings
Title: Prototype
Version: 0.1.5
Width: 1280
Height: 720
Fullscreen: false
Intro: false
Profiling: false
Single step:false
App Mode: DEVELOPER
Menu Key: ESCAPE
Stage Style: DECORATED
Scene Factory: class org.example.GameApp$1

00:37:50.433 [JavaFX Application Thread] DEBUG FXGLApplication      - Initializing FXGL
00:37:50.444 [JavaFX Application Thread] INFO  Engine               - FXGL-17+dev-SNAPSHOT (01.09.2022 03.33) on WINDOWS (J:24 FX:18)
00:37:50.445 [JavaFX Application Thread] DEBUG Engine               - JRE Vendor Name: Oracle Corporation
00:37:50.446 [JavaFX Application Thread] DEBUG Engine               - Running on OS: Windows 11 version 10.0
00:37:50.446 [JavaFX Application Thread] DEBUG Engine               - Architecture: amd64
00:37:50.446 [JavaFX Application Thread] INFO  Engine               - Source code and latest versions at: https://github.com/AlmasB/FXGL
00:37:50.447 [JavaFX Application Thread] INFO  Engine               -       Ask questions and discuss at: https://github.com/AlmasB/FXGL/discussions
00:37:50.447 [JavaFX Application Thread] INFO  Engine               -              Join the FXGL chat at: https://gitter.im/AlmasB/FXGL
00:37:50.950 [JavaFX Application Thread] DEBUG PrimaryStageWindow   - Creating a JavaFX scene
00:37:50.950 [JavaFX Application Thread] DEBUG PrimaryStageWindow   - Target size > screen size
00:37:51.143 [JavaFX Application Thread] DEBUG PrimaryStageWindow   - Target settings size: 1280.0 x 720.0
00:37:51.145 [JavaFX Application Thread] DEBUG PrimaryStageWindow   - Scaled scene size:    1169.0 x 671.0
00:37:51.145 [JavaFX Application Thread] DEBUG PrimaryStageWindow   - Scaled ratio: (0.91328125, 0.9319444444444445)
00:37:51.148 [JavaFX Application Thread] DEBUG PrimaryStageWindow   - Set initial scene to FXGLStartupScene
00:37:51.180 [JavaFX Application Thread] DEBUG PrimaryStageWindow   - Opening main window
00:37:51.509 [JavaFX Application Thread] DEBUG PrimaryStageWindow   - Window border size: (15.0, 37.66668701171875)
00:37:51.510 [JavaFX Application Thread] DEBUG PrimaryStageWindow   - Scaled size: 1169.0 x 671.0
00:37:51.511 [JavaFX Application Thread] DEBUG PrimaryStageWindow   - Scaled ratio: (0.91328125, 0.9319444444444445)
00:37:51.511 [JavaFX Application Thread] DEBUG PrimaryStageWindow   - Scene size: 1169.0 x 671.0
00:37:51.512 [JavaFX Application Thread] DEBUG PrimaryStageWindow   - Stage size: 1184.0 x 708.6666870117188
00:37:51.542 [FXGL Background Thread 1 ] DEBUG Engine               - Initializing environment variables
00:37:51.701 [FXGL Background Thread 1 ] DEBUG FXGLAssetLoaderServi - User app class for loading assets: class org.example.GameApp
00:37:51.702 [FXGL Background Thread 1 ] DEBUG GameApplicationServi - Applying CSS: fxgl_dark.css
00:37:51.708 [FXGL Background Thread 1 ] DEBUG FXGLAssetLoaderServi - Loading from file system: jar:file:/C:/Users/ginac/.m2/repository/com/github/AlmasB/FXGL/fxgl/17.2/fxgl-17.2.jar!/fxglassets/ui/css/fxgl_dark.css
00:37:51.909 [FXGL Background Thread 1 ] DEBUG GameApplicationServi - Initializing application scenes
00:37:52.199 [FXGL Background Thread 1 ] DEBUG GameWorld            - Game world initialized
00:37:52.396 [FXGL Background Thread 1 ] DEBUG PhysicsWorld         - Physics world initialized: appHeight=720, physics.ppm=50.0
00:37:52.399 [FXGL Background Thread 1 ] DEBUG PhysicsWorld         - Using strategy: BRUTE_FORCE
00:37:52.411 [FXGL Background Thread 1 ] DEBUG GameScene            - Game scene initialized: 1280x720
00:37:52.518 [FXGL Background Thread 1 ] DEBUG FXGL.DefaultMenu     - createMenuBodyGameMenu()
00:37:52.552 [FXGL Background Thread 1 ] DEBUG FXGL.DefaultMenu     - createOptionsMenu()
00:37:52.581 [FXGL Background Thread 1 ] DEBUG FXGLAssetLoaderServi - Loading from file system: jar:file:/C:/Users/ginac/.m2/repository/com/github/AlmasB/FXGL/fxgl/17.2/fxgl-17.2.jar!/fxglassets/textures/particles/smoke.png
00:37:52.789 [FXGL Background Thread 1 ] DEBUG FXGLAssetLoaderServi - Loading from file system: jar:file:/C:/Users/ginac/.m2/repository/com/github/AlmasB/FXGL/fxgl/17.2/fxgl-17.2.jar!/fxglassets/textures/particles/trace_horizontal.png
00:37:52.836 [FXGL Background Thread 1 ] DEBUG GameApplicationServi - Application scenes initialized
00:37:52.867 [FXGL Background Thread 1 ] DEBUG SystemBundleService  - Loading FXGL system data
00:37:52.872 [FXGL Background Thread 1 ] DEBUG FileSystemAccess     - Reading from: C:\Users\ginac\IdeaProjects\TheOnlyException\system\fxgl.bundle
00:37:52.878 [FXGL Background Thread 1 ] DEBUG SystemBundleService  - Bundle FXGL: {}
00:37:52.878 [FXGL Background Thread 1 ] DEBUG UpdaterService       - Checking for updates
00:37:52.889 [FXGL Background Thread 4 ] DEBUG FXGLApplication      - Loading fonts
00:37:52.890 [FXGL Background Thread 4 ] DEBUG FXGLAssetLoaderServi - Loading from file system: jar:file:/C:/Users/ginac/.m2/repository/com/github/AlmasB/FXGL/fxgl-samples/17.2/fxgl-samples-17.2.jar!/assets/ui/fonts/VarelaRound-Regular.ttf
00:37:52.890 [FXGL Background Thread 1 ] DEBUG FXGLApplication      - Loading default localization
00:37:52.892 [FXGL Background Thread 1 ] DEBUG FXGLAssetLoaderServi - Loading from file system: jar:file:/C:/Users/ginac/.m2/repository/com/github/AlmasB/FXGL/fxgl/17.2/fxgl-17.2.jar!/fxglassets/languages/english.lang
00:37:52.916 [FXGL Background Thread 4 ] DEBUG FXGLAssetLoaderServi - Loading from file system: jar:file:/C:/Users/ginac/.m2/repository/com/github/AlmasB/FXGL/fxgl/17.2/fxgl-17.2.jar!/fxglassets/ui/fonts/Abel-Regular.ttf
00:37:52.929 [FXGL Background Thread 4 ] DEBUG FXGLAssetLoaderServi - Loading from file system: jar:file:/C:/Users/ginac/.m2/repository/com/github/AlmasB/FXGL/fxgl/17.2/fxgl-17.2.jar!/fxglassets/ui/fonts/TerminalLandMono-Regular.otf
00:37:52.942 [FXGL Background Thread 1 ] INFO  FXGLApplication      - FXGL initialization took: 1.398 sec
00:37:52.944 [FXGL Background Thread 4 ] DEBUG FXGLAssetLoaderServi - Loading from file system: jar:file:/C:/Users/ginac/.m2/repository/com/github/AlmasB/FXGL/fxgl/17.2/fxgl-17.2.jar!/fxglassets/ui/fonts/Courier-Prime.ttf
00:37:52.968 [JavaFX Application Thread] DEBUG Input                - Registered new binding: action0 - A
00:37:52.969 [JavaFX Application Thread] DEBUG Input                - Registered new binding: action1 - D
00:37:52.970 [JavaFX Application Thread] DEBUG Input                - Registered new binding: action2 - W
00:37:52.971 [JavaFX Application Thread] DEBUG Input                - Registered new binding: action3 - S
00:37:52.972 [JavaFX Application Thread] DEBUG FXGLAssetLoaderServi - Loading from file system: jar:file:/C:/Users/ginac/.m2/repository/com/github/AlmasB/FXGL/fxgl/17.2/fxgl-17.2.jar!/fxglassets/textures/fxgl_icon.png
00:37:53.046 [JavaFX Application Thread] DEBUG FXGLAssetLoaderServi - Loading from file system: jar:file:/C:/Users/ginac/.m2/repository/com/github/AlmasB/FXGL/fxgl/17.2/fxgl-17.2.jar!/fxglassets/textures/fxgl_default_cursor.png
00:37:53.054 [JavaFX Application Thread] DEBUG Input                - Registered new binding: Screenshot - CTRL+8
00:37:53.055 [JavaFX Application Thread] DEBUG Input                - Registered new binding: System info dump - CTRL+9
00:37:53.058 [JavaFX Application Thread] DEBUG Input                - Registered new binding: Restart - CTRL+R
00:37:53.060 [JavaFX Application Thread] DEBUG Input                - Registered new binding: Toggle Debug Camera - CTRL+7
00:37:53.070 [JavaFX Application Thread] DEBUG LoopRunner           - Starting loop
00:37:53.070 [JavaFX Application Thread] DEBUG LoopRunner           - Initializing JavaFX AnimationTimerLoop
00:37:53.079 [JavaFX Application Thread] DEBUG Input                - Clearing active input actions
00:37:53.091 [JavaFX Application Thread] DEBUG GameApplicationServi - Removing overlay from FXGLStartupScene and adding to FXGLMainMenuDummyScene
00:37:53.092 [JavaFX Application Thread] DEBUG PrimaryStageWindow   - FXGLStartupScene -> FXGLMainMenuDummyScene
00:37:53.092 [JavaFX Application Thread] DEBUG PrimaryStageWindow   - Push state: NameInputScene
00:37:53.092 [JavaFX Application Thread] DEBUG Input                - Clearing active input actions
00:37:53.124 [JavaFX Application Thread] DEBUG GameApplicationServi - Removing overlay from FXGLMainMenuDummyScene and adding to NameInputScene
00:37:53.126 [JavaFX Application Thread] DEBUG PrimaryStageWindow   - FXGLMainMenuDummyScene -> NameInputScene
00:37:53.138 [JavaFX Application Thread] DEBUG FXGLApplication      - Registering font factories with UI factory
00:37:53.999 [FXGL Background Thread 2 ] INFO  UpdaterService       - Your current version:  17+dev-SNAPSHOT
00:37:54.000 [FXGL Background Thread 2 ] INFO  UpdaterService       - Latest stable version: 21.1
00:37:55.884 [FXGL Background Thread 3 ] DEBUG Engine               - Logging environment variables
00:37:55.885 [FXGL Background Thread 3 ] DEBUG Engine               - achievements: []
00:37:55.885 [FXGL Background Thread 3 ] DEBUG Engine               - actualHeight: 671.0
00:37:55.885 [FXGL Background Thread 3 ] DEBUG Engine               - actualHeightProperty: ReadOnlyDoubleProperty [value: 671.0]
00:37:55.886 [FXGL Background Thread 3 ] DEBUG Engine               - actualWidth: 1169.0
00:37:55.886 [FXGL Background Thread 3 ] DEBUG Engine               - actualWidthProperty: ReadOnlyDoubleProperty [value: 1169.0]
00:37:55.886 [FXGL Background Thread 3 ] DEBUG Engine               - appIcon: fxgl_icon.png
00:37:55.886 [FXGL Background Thread 3 ] DEBUG Engine               - applicationMode: DEVELOPER
00:37:55.886 [FXGL Background Thread 3 ] DEBUG Engine               - cSSList: [fxgl_dark.css]
00:37:55.887 [FXGL Background Thread 3 ] DEBUG Engine               - collisionDetectionStrategy: BRUTE_FORCE
00:37:55.887 [FXGL Background Thread 3 ] DEBUG Engine               - configClass: Optional.empty
00:37:55.887 [FXGL Background Thread 3 ] DEBUG Engine               - credits: []
00:37:55.887 [FXGL Background Thread 3 ] DEBUG Engine               - defaultCursor: CursorInfo(imageName=fxgl_default_cursor.png, hotspotX=7.0, hotspotY=6.0)
00:37:55.888 [FXGL Background Thread 3 ] DEBUG Engine               - devBBoxColorProperty: ObjectProperty [value: 0xff0000ff]
00:37:55.888 [FXGL Background Thread 3 ] DEBUG Engine               - devEnableDebugCameraProperty: BooleanProperty [value: false]
00:37:55.888 [FXGL Background Thread 3 ] DEBUG Engine               - devSensorColorProperty: ObjectProperty [value: 0xffff00ff]
00:37:55.888 [FXGL Background Thread 3 ] DEBUG Engine               - devShowBBoxProperty: BooleanProperty [value: false]
00:37:55.888 [FXGL Background Thread 3 ] DEBUG Engine               - devShowPositionProperty: BooleanProperty [value: false]
00:37:55.889 [FXGL Background Thread 3 ] DEBUG Engine               - enabledMenuItems: []
00:37:55.889 [FXGL Background Thread 3 ] DEBUG Engine               - engineServices: [class com.almasb.fxgl.app.services.FXGLAssetLoaderService, class com.almasb.fxgl.app.FXGLApplication$GameApplicationService, class com.almasb.fxgl.app.services.FXGLDialogService, class com.almasb.fxgl.app.services.IOTaskExecutorService, class com.almasb.fxgl.io.FileSystemService, class com.almasb.fxgl.localization.LocalizationService, class com.almasb.fxgl.app.services.SystemBundleService, class com.almasb.fxgl.profile.SaveLoadService, class com.almasb.fxgl.ui.FXGLUIFactoryServiceProvider, class com.almasb.fxgl.ui.FXGLDialogFactoryServiceProvider, class com.almasb.fxgl.audio.AudioPlayer, class com.almasb.fxgl.notification.impl.NotificationServiceProvider, class com.almasb.fxgl.achievement.AchievementService, class com.almasb.fxgl.cutscene.CutsceneService, class com.almasb.fxgl.minigames.MiniGameService, class com.almasb.fxgl.net.NetService, class com.almasb.fxgl.app.services.UpdaterService, class com.almasb.fxgl.dev.DevService]
00:37:55.889 [FXGL Background Thread 3 ] DEBUG Engine               - fontGame: Abel-Regular.ttf
00:37:55.889 [FXGL Background Thread 3 ] DEBUG Engine               - fontMono: TerminalLandMono-Regular.otf
00:37:55.889 [FXGL Background Thread 3 ] DEBUG Engine               - fontText: Courier-Prime.ttf
00:37:55.889 [FXGL Background Thread 3 ] DEBUG Engine               - fontUI: VarelaRound-Regular.ttf
00:37:55.889 [FXGL Background Thread 3 ] DEBUG Engine               - fullScreen: BooleanProperty [value: false]
00:37:55.890 [FXGL Background Thread 3 ] DEBUG Engine               - gameDifficulty: MEDIUM
00:37:55.890 [FXGL Background Thread 3 ] DEBUG Engine               - gameDifficultyProperty: ObjectProperty [value: MEDIUM]
00:37:55.890 [FXGL Background Thread 3 ] DEBUG Engine               - globalMusicVolume: 0.5
00:37:55.890 [FXGL Background Thread 3 ] DEBUG Engine               - globalMusicVolumeProperty: DoubleProperty [value: 0.5]
00:37:55.890 [FXGL Background Thread 3 ] DEBUG Engine               - globalSoundVolume: 0.5
00:37:55.890 [FXGL Background Thread 3 ] DEBUG Engine               - globalSoundVolumeProperty: DoubleProperty [value: 0.5]
00:37:55.890 [FXGL Background Thread 3 ] DEBUG Engine               - height: 720
00:37:55.892 [FXGL Background Thread 3 ] DEBUG Engine               - is3D: false
00:37:55.892 [FXGL Background Thread 3 ] DEBUG Engine               - isAndroid: false
00:37:55.892 [FXGL Background Thread 3 ] DEBUG Engine               - isBrowser: false
00:37:55.892 [FXGL Background Thread 3 ] DEBUG Engine               - isClickFeedbackEnabled: false
00:37:55.892 [FXGL Background Thread 3 ] DEBUG Engine               - isCloseConfirmation: false
00:37:55.892 [FXGL Background Thread 3 ] DEBUG Engine               - isDesktop: true
00:37:55.893 [FXGL Background Thread 3 ] DEBUG Engine               - isDeveloperMenuEnabled: false
00:37:55.893 [FXGL Background Thread 3 ] DEBUG Engine               - isEmbedded: false
00:37:55.893 [FXGL Background Thread 3 ] DEBUG Engine               - isEntityPreloadEnabled: true
00:37:55.893 [FXGL Background Thread 3 ] DEBUG Engine               - isExperimentalTiledLargeMap: false
00:37:55.893 [FXGL Background Thread 3 ] DEBUG Engine               - isFileSystemWriteAllowed: true
00:37:55.893 [FXGL Background Thread 3 ] DEBUG Engine               - isFullScreenAllowed: false
00:37:55.894 [FXGL Background Thread 3 ] DEBUG Engine               - isFullScreenFromStart: false
00:37:55.894 [FXGL Background Thread 3 ] DEBUG Engine               - isGameMenuEnabled: true
00:37:55.894 [FXGL Background Thread 3 ] DEBUG Engine               - isIOS: false
00:37:55.894 [FXGL Background Thread 3 ] DEBUG Engine               - isIntroEnabled: false
00:37:55.894 [FXGL Background Thread 3 ] DEBUG Engine               - isLinux: false
00:37:55.894 [FXGL Background Thread 3 ] DEBUG Engine               - isMac: false
00:37:55.894 [FXGL Background Thread 3 ] DEBUG Engine               - isMainMenuEnabled: true
00:37:55.895 [FXGL Background Thread 3 ] DEBUG Engine               - isManualResizeEnabled: false
00:37:55.895 [FXGL Background Thread 3 ] DEBUG Engine               - isMobile: false
00:37:55.895 [FXGL Background Thread 3 ] DEBUG Engine               - isNative: false
00:37:55.895 [FXGL Background Thread 3 ] DEBUG Engine               - isPauseMusicWhenMinimized: true
00:37:55.895 [FXGL Background Thread 3 ] DEBUG Engine               - isPreserveResizeRatio: false
00:37:55.895 [FXGL Background Thread 3 ] DEBUG Engine               - isProfilingEnabled: false
00:37:55.896 [FXGL Background Thread 3 ] DEBUG Engine               - isScaleAffectedOnResize: true
00:37:55.896 [FXGL Background Thread 3 ] DEBUG Engine               - isSingleStep: false
00:37:55.896 [FXGL Background Thread 3 ] DEBUG Engine               - isUserProfileEnabled: false
00:37:55.896 [FXGL Background Thread 3 ] DEBUG Engine               - isWindows: true
00:37:55.896 [FXGL Background Thread 3 ] DEBUG Engine               - language: ObjectProperty [value: ENGLISH]
00:37:55.897 [FXGL Background Thread 3 ] DEBUG Engine               - menuKey: ESCAPE
00:37:55.897 [FXGL Background Thread 3 ] DEBUG Engine               - mouseSensitivity: 0.2
00:37:55.897 [FXGL Background Thread 3 ] DEBUG Engine               - notificationViewClass: class com.almasb.fxgl.notification.view.XboxNotificationView
00:37:55.897 [FXGL Background Thread 3 ] DEBUG Engine               - pixelsPerMeter: 50.0
00:37:55.897 [FXGL Background Thread 3 ] DEBUG Engine               - platform: WINDOWS
00:37:55.897 [FXGL Background Thread 3 ] DEBUG Engine               - prefHeightProperty: ReadOnlyDoubleProperty [value: 720.0]
00:37:55.898 [FXGL Background Thread 3 ] DEBUG Engine               - prefWidthProperty: ReadOnlyDoubleProperty [value: 1280.0]
00:37:55.898 [FXGL Background Thread 3 ] DEBUG Engine               - profileDir: profiles/
00:37:55.898 [FXGL Background Thread 3 ] DEBUG Engine               - profileName: StringProperty [value: DEFAULT]
00:37:55.898 [FXGL Background Thread 3 ] DEBUG Engine               - randomSeed: -1
00:37:55.899 [FXGL Background Thread 3 ] DEBUG Engine               - runtimeInfo: RuntimeInfo(platform=WINDOWS, version=17+dev-SNAPSHOT, build=01.09.2022 03.33)
00:37:55.899 [FXGL Background Thread 3 ] DEBUG Engine               - saveFileExt: sav
00:37:55.899 [FXGL Background Thread 3 ] DEBUG Engine               - scaledHeightProp$fxgl: DoubleProperty [bound, value: 671.0]
00:37:55.899 [FXGL Background Thread 3 ] DEBUG Engine               - scaledWidthProp$fxgl: DoubleProperty [bound, value: 1169.0]
00:37:55.899 [FXGL Background Thread 3 ] DEBUG Engine               - sceneFactory: org.example.GameApp$1@734b95c5
00:37:55.899 [FXGL Background Thread 3 ] DEBUG Engine               - secondsIn24h: 60
00:37:55.899 [FXGL Background Thread 3 ] DEBUG Engine               - soundMenuBack: menu/back.wav
00:37:55.901 [FXGL Background Thread 3 ] DEBUG Engine               - soundMenuPress: menu/press.wav
00:37:55.901 [FXGL Background Thread 3 ] DEBUG Engine               - soundMenuSelect: menu/select.wav
00:37:55.901 [FXGL Background Thread 3 ] DEBUG Engine               - soundNotification: core/notification.wav
00:37:55.901 [FXGL Background Thread 3 ] DEBUG Engine               - stageStyle: DECORATED
00:37:55.901 [FXGL Background Thread 3 ] DEBUG Engine               - supportedLanguages: [ENGLISH, FRENCH, GERMAN, HUNGARIAN, RUSSIAN]
00:37:55.901 [FXGL Background Thread 3 ] DEBUG Engine               - ticksPerSecond: -1
00:37:55.901 [FXGL Background Thread 3 ] DEBUG Engine               - title: Prototype
00:37:55.901 [FXGL Background Thread 3 ] DEBUG Engine               - urlGithub: https://github.com/AlmasB/FXGL
00:37:55.901 [FXGL Background Thread 3 ] DEBUG Engine               - urlLeaderboard: http://fxgl-top.herokuapp.com/
00:37:55.901 [FXGL Background Thread 3 ] DEBUG Engine               - urlPOM: https://raw.githubusercontent.com/AlmasB/FXGL/release/README.md
00:37:55.902 [FXGL Background Thread 3 ] DEBUG Engine               - userAppClass: class org.example.GameApp
00:37:55.902 [FXGL Background Thread 3 ] DEBUG Engine               - version: 0.1.5
00:37:55.902 [FXGL Background Thread 3 ] DEBUG Engine               - versionCheckDays: 7
00:37:55.902 [FXGL Background Thread 3 ] DEBUG Engine               - width: 1280
00:37:55.902 [FXGL Background Thread 3 ] DEBUG Engine               - Logging services
00:37:55.903 [FXGL Background Thread 3 ] DEBUG Engine               - class com.almasb.fxgl.app.services.FXGLAssetLoaderService
00:37:55.903 [FXGL Background Thread 3 ] DEBUG Engine               - class com.almasb.fxgl.app.FXGLApplication$GameApplicationService
00:37:55.903 [FXGL Background Thread 3 ] DEBUG Engine               - class com.almasb.fxgl.app.services.FXGLDialogService
00:37:55.903 [FXGL Background Thread 3 ] DEBUG Engine               - class com.almasb.fxgl.app.services.IOTaskExecutorService
00:37:55.903 [FXGL Background Thread 3 ] DEBUG Engine               - class com.almasb.fxgl.io.FileSystemService
00:37:55.903 [FXGL Background Thread 3 ] DEBUG Engine               - class com.almasb.fxgl.localization.LocalizationService
00:37:55.903 [FXGL Background Thread 3 ] DEBUG Engine               - class com.almasb.fxgl.app.services.SystemBundleService
00:37:55.903 [FXGL Background Thread 3 ] DEBUG Engine               - class com.almasb.fxgl.profile.SaveLoadService
00:37:55.904 [FXGL Background Thread 3 ] DEBUG Engine               - class com.almasb.fxgl.ui.FXGLUIFactoryServiceProvider
00:37:55.904 [FXGL Background Thread 3 ] DEBUG Engine               - class com.almasb.fxgl.ui.FXGLDialogFactoryServiceProvider
00:37:55.904 [FXGL Background Thread 3 ] DEBUG Engine               - class com.almasb.fxgl.audio.AudioPlayer
00:37:55.904 [FXGL Background Thread 3 ] DEBUG Engine               - class com.almasb.fxgl.notification.impl.NotificationServiceProvider
00:37:55.904 [FXGL Background Thread 3 ] DEBUG Engine               - class com.almasb.fxgl.achievement.AchievementService
00:37:55.904 [FXGL Background Thread 3 ] DEBUG Engine               - class com.almasb.fxgl.cutscene.CutsceneService
00:37:55.904 [FXGL Background Thread 3 ] DEBUG Engine               - class com.almasb.fxgl.minigames.MiniGameService
00:37:55.904 [FXGL Background Thread 3 ] DEBUG Engine               - class com.almasb.fxgl.net.NetService
00:37:55.904 [FXGL Background Thread 3 ] DEBUG Engine               - class com.almasb.fxgl.app.services.UpdaterService
00:37:55.905 [FXGL Background Thread 3 ] DEBUG Engine               - class com.almasb.fxgl.dev.DevService
00:38:00.191 [JavaFX Application Thread] DEBUG Menu                 - fireNewGame()
00:38:00.192 [JavaFX Application Thread] DEBUG GameApplicationServi - Starting new game
00:38:00.192 [JavaFX Application Thread] DEBUG PrimaryStageWindow   - Pop state: NameInputScene
00:38:00.192 [JavaFX Application Thread] DEBUG Input                - Clearing active input actions
00:38:00.195 [JavaFX Application Thread] DEBUG GameApplicationServi - Removing overlay from NameInputScene and adding to FXGLMainMenuDummyScene
00:38:00.196 [JavaFX Application Thread] DEBUG PrimaryStageWindow   - FXGLMainMenuDummyScene <- NameInputScene
00:38:00.197 [JavaFX Application Thread] DEBUG Input                - Clearing active input actions
00:38:00.220 [JavaFX Application Thread] DEBUG GameApplicationServi - Removing overlay from FXGLMainMenuDummyScene and adding to FXGLLoadingScene
00:38:00.221 [JavaFX Application Thread] DEBUG PrimaryStageWindow   - FXGLMainMenuDummyScene -> FXGLLoadingScene
00:38:00.221 [JavaFX Application Thread] DEBUG GameApplicationServi - Clearing previous game
00:38:00.222 [JavaFX Application Thread] DEBUG GameScene            - Clearing game scene
00:38:00.222 [JavaFX Application Thread] DEBUG GameWorld            - Clearing game world
00:38:00.222 [JavaFX Application Thread] DEBUG PhysicsWorld         - Clearing physics world
00:38:00.226 [FXGL Background Thread 2 ] DEBUG FXGLApplication      - Initializing game
00:38:00.266 [FXGL Background Thread 2 ] DEBUG FXGLAssetLoaderServi - Loading from file system: file:/C:/Users/ginac/IdeaProjects/TheOnlyException/Test/target/classes/assets/textures/dasd.png
00:38:00.325 [FXGL Background Thread 2 ] DEBUG FXGLAssetLoaderServi - Loading from file system: file:/C:/Users/ginac/IdeaProjects/TheOnlyException/Test/target/classes/assets/textures/player-scaled.png
00:38:00.464 [FXGL Background Thread 2 ] INFO  FXGLApplication      - Game initialization took: 0.238 sec
00:38:00.482 [JavaFX Application Thread] DEBUG Input                - Clearing active input actions
00:38:00.497 [JavaFX Application Thread] DEBUG GameApplicationServi - Removing overlay from FXGLLoadingScene and adding to GameScene
00:38:00.497 [JavaFX Application Thread] DEBUG PrimaryStageWindow   - FXGLLoadingScene -> GameScene
00:38:01.411 [JavaFX Application Thread] DEBUG FXGLAssetLoaderServi - Loading from file system: file:/C:/Users/ginac/IdeaProjects/TheOnlyException/Test/target/classes/assets/textures/MaggotWalk-scaled.png
00:38:02.066 [JavaFX Application Thread] DEBUG FXGLAssetLoaderServi - Loading from file system: file:/C:/Users/ginac/IdeaProjects/TheOnlyException/Test/target/classes/assets/textures/BeetleMove-scaled.png
00:38:02.705 [JavaFX Application Thread] DEBUG FXGLAssetLoaderServi - Loading from file system: file:/C:/Users/ginac/IdeaProjects/TheOnlyException/Test/target/classes/assets/textures/MantisMove-scaled.png
00:38:18.705 [JavaFX Application Thread] DEBUG LoopRunner           - Pausing loop
00:38:18.709 [JavaFX Application Thread] DEBUG PrimaryStageWindow   - Push state: DialogSubScene
00:38:18.710 [JavaFX Application Thread] DEBUG Input                - Clearing active input actions
00:38:18.712 [JavaFX Application Thread] DEBUG GameApplicationServi - Removing overlay from GameScene and adding to DialogSubScene
00:38:18.712 [JavaFX Application Thread] DEBUG PrimaryStageWindow   - GameScene -> DialogSubScene
00:38:20.278 [JavaFX Application Thread] DEBUG PrimaryStageWindow   - Pop state: DialogSubScene
00:38:20.278 [JavaFX Application Thread] DEBUG Input                - Clearing active input actions
00:38:20.279 [JavaFX Application Thread] DEBUG GameApplicationServi - Removing overlay from DialogSubScene and adding to GameScene
00:38:20.280 [JavaFX Application Thread] DEBUG PrimaryStageWindow   - GameScene <- DialogSubScene
00:38:20.285 [JavaFX Application Thread] DEBUG Input                - Clearing active input actions
00:38:20.303 [JavaFX Application Thread] DEBUG GameApplicationServi - Removing overlay from GameScene and adding to FXGLMainMenuDummyScene
00:38:20.304 [JavaFX Application Thread] DEBUG PrimaryStageWindow   - GameScene -> FXGLMainMenuDummyScene
00:38:20.304 [JavaFX Application Thread] DEBUG PrimaryStageWindow   - Push state: NameInputScene
00:38:20.304 [JavaFX Application Thread] DEBUG Input                - Clearing active input actions
00:38:20.309 [JavaFX Application Thread] DEBUG GameApplicationServi - Removing overlay from FXGLMainMenuDummyScene and adding to NameInputScene
00:38:20.309 [JavaFX Application Thread] DEBUG PrimaryStageWindow   - FXGLMainMenuDummyScene -> NameInputScene
00:38:21.341 [JavaFX Application Thread] DEBUG Menu                 - fireNewGame()
00:38:21.341 [JavaFX Application Thread] DEBUG GameApplicationServi - Starting new game
00:38:21.341 [JavaFX Application Thread] DEBUG PrimaryStageWindow   - Pop state: NameInputScene
00:38:21.341 [JavaFX Application Thread] DEBUG Input                - Clearing active input actions
00:38:21.344 [JavaFX Application Thread] DEBUG GameApplicationServi - Removing overlay from NameInputScene and adding to FXGLMainMenuDummyScene
00:38:21.344 [JavaFX Application Thread] DEBUG PrimaryStageWindow   - FXGLMainMenuDummyScene <- NameInputScene
00:38:21.344 [JavaFX Application Thread] DEBUG Input                - Clearing active input actions
00:38:21.353 [JavaFX Application Thread] DEBUG GameApplicationServi - Removing overlay from FXGLMainMenuDummyScene and adding to FXGLLoadingScene
00:38:21.353 [JavaFX Application Thread] DEBUG PrimaryStageWindow   - FXGLMainMenuDummyScene -> FXGLLoadingScene
00:38:21.353 [JavaFX Application Thread] DEBUG GameApplicationServi - Clearing previous game
00:38:21.353 [JavaFX Application Thread] DEBUG GameScene            - Clearing game scene
00:38:21.353 [JavaFX Application Thread] DEBUG GameWorld            - Clearing game world
00:38:21.356 [JavaFX Application Thread] DEBUG PhysicsWorld         - Clearing physics world
00:38:21.357 [FXGL Background Thread 2 ] DEBUG FXGLApplication      - Initializing game
00:38:21.375 [FXGL Background Thread 2 ] INFO  FXGLApplication      - Game initialization took: 0.018 sec
00:38:21.384 [JavaFX Application Thread] DEBUG Input                - Clearing active input actions
00:38:21.394 [JavaFX Application Thread] DEBUG GameApplicationServi - Removing overlay from FXGLLoadingScene and adding to GameScene
00:38:21.395 [JavaFX Application Thread] DEBUG PrimaryStageWindow   - FXGLLoadingScene -> GameScene
00:38:24.501 [JavaFX Application Thread] DEBUG FXGLApplication      - Exiting FXGL
00:38:24.501 [JavaFX Application Thread] DEBUG LoopRunner           - Stopping loop
00:38:24.502 [JavaFX Application Thread] DEBUG SystemBundleService  - Saving FXGL system data
00:38:24.506 [JavaFX Application Thread] DEBUG FileSystemAccess     - Writing to: C:\Users\ginac\IdeaProjects\TheOnlyException\system\fxgl.bundle
00:38:24.510 [JavaFX Application Thread] DEBUG Async                - Shutting down background threads
00:38:24.511 [JavaFX Application Thread] DEBUG PrimaryStageWindow   - Closing main window
00:38:24.560 [JavaFX Application Thread] DEBUG Logger               - Closing Logger
