02:28:10.839 [main                     ] DEBUG Logger               - Configured Logger
02:28:10.850 [main                     ] DEBUG GameApplication      - Logging settings
Title: Prototype Game
Version: 0.1.5
Width: 1280
Height: 720
Fullscreen: false
Intro: false
Profiling: false
Single step:false
App Mode: DEVELOPER
Menu Key: ESCAPE
Stage Style: DECORATED
Scene Factory: class org.example.core.GameApp$1

02:28:11.640 [JavaFX Application Thread] DEBUG FXGLApplication      - Initializing FXGL
02:28:11.646 [JavaFX Application Thread] INFO  Engine               - FXGL-21+dev-SNAPSHOT (26.03.2024 21.04) on WINDOWS (J:24 FX:21.0.1)
02:28:11.646 [JavaFX Application Thread] DEBUG Engine               - JRE Vendor Name: Oracle Corporation
02:28:11.646 [JavaFX Application Thread] DEBUG Engine               - Running on OS: Windows 10 version 10.0
02:28:11.647 [JavaFX Application Thread] DEBUG Engine               - Architecture: amd64
02:28:11.647 [JavaFX Application Thread] INFO  Engine               - Source code and latest versions at: https://github.com/AlmasB/FXGL
02:28:11.647 [JavaFX Application Thread] INFO  Engine               -       Ask questions and discuss at: https://github.com/AlmasB/FXGL/discussions
02:28:11.647 [JavaFX Application Thread] INFO  Engine               -              Join the FXGL chat at: https://gitter.im/AlmasB/FXGL
02:28:11.886 [JavaFX Application Thread] DEBUG PrimaryStageWindow   - Creating a JavaFX scene
02:28:11.993 [JavaFX Application Thread] DEBUG PrimaryStageWindow   - Target settings size: 1280.0 x 720.0
02:28:11.993 [JavaFX Application Thread] DEBUG PrimaryStageWindow   - Scaled scene size:    1280.0 x 720.0
02:28:11.993 [JavaFX Application Thread] DEBUG PrimaryStageWindow   - Scaled ratio: (1.0, 1.0)
02:28:11.995 [JavaFX Application Thread] DEBUG PrimaryStageWindow   - Set initial scene to FXGLStartupScene
02:28:12.003 [JavaFX Application Thread] DEBUG PrimaryStageWindow   - Opening main window
02:28:12.137 [JavaFX Application Thread] DEBUG PrimaryStageWindow   - Window border size: (16.0, 39.0)
02:28:12.138 [JavaFX Application Thread] DEBUG PrimaryStageWindow   - Scaled size: 1280.0 x 720.0
02:28:12.138 [JavaFX Application Thread] DEBUG PrimaryStageWindow   - Scaled ratio: (1.0, 1.0)
02:28:12.138 [JavaFX Application Thread] DEBUG PrimaryStageWindow   - Scene size: 1280.0 x 720.0
02:28:12.139 [JavaFX Application Thread] DEBUG PrimaryStageWindow   - Stage size: 1296.0 x 759.0
02:28:12.155 [FXGL Background Thread 1 ] DEBUG Engine               - Initializing environment variables
02:28:12.274 [FXGL Background Thread 1 ] DEBUG FXGLAssetLoaderServi - User app class for loading assets: class org.example.core.GameApp
02:28:12.275 [FXGL Background Thread 1 ] DEBUG GameApplicationServi - Applying CSS: fxgl_dark.css
02:28:12.276 [FXGL Background Thread 1 ] DEBUG FXGLAssetLoaderServi - Loading from file system: jar:file:/C:/Users/kurtd/.m2/repository/com/github/AlmasB/FXGL/fxgl/21.1/fxgl-21.1.jar!/fxglassets/ui/css/fxgl_dark.css
02:28:12.364 [FXGL Background Thread 1 ] DEBUG GameApplicationServi - Initializing application scenes
02:28:12.489 [FXGL Background Thread 1 ] DEBUG GameWorld            - Game world initialized
02:28:12.577 [FXGL Background Thread 1 ] DEBUG PhysicsWorld         - Physics world initialized: appHeight=720, physics.ppm=50.0
02:28:12.577 [FXGL Background Thread 1 ] DEBUG PhysicsWorld         - Using strategy: BRUTE_FORCE
02:28:12.583 [FXGL Background Thread 1 ] DEBUG GameScene            - Game scene initialized: 1280x720
02:28:12.983 [FXGL Background Thread 1 ] DEBUG GameApplicationServi - Application scenes initialized
02:28:13.018 [FXGL Background Thread 1 ] DEBUG SystemBundleService  - Loading FXGL system data
02:28:13.023 [FXGL Background Thread 1 ] DEBUG FileSystemAccess     - Reading from: C:\Users\kurtd\IdeaProjects\TheOnlyException\system\fxgl.bundle
02:28:13.031 [FXGL Background Thread 1 ] DEBUG SystemBundleService  - Bundle FXGL: {}
02:28:13.031 [FXGL Background Thread 1 ] DEBUG UpdaterService       - Checking for updates
02:28:13.042 [FXGL Background Thread 1 ] DEBUG FXGLApplication      - Loading default localization
02:28:13.043 [FXGL Background Thread 1 ] DEBUG FXGLAssetLoaderServi - Loading from file system: jar:file:/C:/Users/kurtd/.m2/repository/com/github/AlmasB/FXGL/fxgl/21.1/fxgl-21.1.jar!/fxglassets/languages/english.lang
02:28:13.081 [FXGL Background Thread 1 ] INFO  FXGLApplication      - FXGL initialization took: 0.926 sec
02:28:13.096 [JavaFX Application Thread] DEBUG Input                - Registered new binding: action0 - A
02:28:13.097 [JavaFX Application Thread] DEBUG Input                - Registered new binding: action1 - D
02:28:13.098 [JavaFX Application Thread] DEBUG Input                - Registered new binding: action2 - W
02:28:13.099 [JavaFX Application Thread] DEBUG Input                - Registered new binding: action3 - S
02:28:13.099 [JavaFX Application Thread] DEBUG FXGLAssetLoaderServi - Loading from file system: jar:file:/C:/Users/kurtd/.m2/repository/com/github/AlmasB/FXGL/fxgl/21.1/fxgl-21.1.jar!/fxglassets/textures/fxgl_icon.png
02:28:13.108 [FXGL Background Thread 4 ] DEBUG FXGLApplication      - Loading fonts
02:28:13.154 [FXGL Background Thread 4 ] DEBUG FXGLAssetLoaderServi - Loading from file system: jar:file:/C:/Users/kurtd/.m2/repository/com/github/AlmasB/FXGL/fxgl-samples/21.1/fxgl-samples-21.1.jar!/assets/ui/fonts/VarelaRound-Regular.ttf
02:28:13.251 [JavaFX Application Thread] DEBUG FXGLAssetLoaderServi - Loading from file system: jar:file:/C:/Users/kurtd/.m2/repository/com/github/AlmasB/FXGL/fxgl/21.1/fxgl-21.1.jar!/fxglassets/textures/fxgl_default_cursor.png
02:28:13.263 [JavaFX Application Thread] DEBUG Input                - Registered new binding: Screenshot - CTRL+8
02:28:13.265 [JavaFX Application Thread] DEBUG Input                - Registered new binding: System info dump - CTRL+9
02:28:13.265 [JavaFX Application Thread] DEBUG Input                - Registered new binding: Restart - CTRL+R
02:28:13.267 [JavaFX Application Thread] DEBUG Input                - Registered new binding: Toggle Debug Camera - CTRL+7
02:28:13.277 [JavaFX Application Thread] DEBUG LoopRunner           - Starting loop
02:28:13.277 [JavaFX Application Thread] DEBUG LoopRunner           - Initializing JavaFX AnimationTimerLoop
02:28:13.279 [FXGL Background Thread 4 ] DEBUG FXGLAssetLoaderServi - Loading from file system: jar:file:/C:/Users/kurtd/.m2/repository/com/github/AlmasB/FXGL/fxgl/21.1/fxgl-21.1.jar!/fxglassets/ui/fonts/Abel-Regular.ttf
02:28:13.286 [JavaFX Application Thread] DEBUG Input                - Clearing active input actions
02:28:13.299 [FXGL Background Thread 4 ] DEBUG FXGLAssetLoaderServi - Loading from file system: jar:file:/C:/Users/kurtd/.m2/repository/com/github/AlmasB/FXGL/fxgl/21.1/fxgl-21.1.jar!/fxglassets/ui/fonts/TerminalLandMono-Regular.otf
02:28:13.307 [JavaFX Application Thread] DEBUG GameApplicationServi - Removing overlay from FXGLStartupScene and adding to FXGLMainMenuDummyScene
02:28:13.307 [JavaFX Application Thread] DEBUG PrimaryStageWindow   - FXGLStartupScene -> FXGLMainMenuDummyScene
02:28:13.307 [JavaFX Application Thread] DEBUG PrimaryStageWindow   - Push state: LoginScene
02:28:13.308 [JavaFX Application Thread] DEBUG Input                - Clearing active input actions
02:28:13.359 [JavaFX Application Thread] DEBUG GameApplicationServi - Removing overlay from FXGLMainMenuDummyScene and adding to LoginScene
02:28:13.360 [JavaFX Application Thread] DEBUG PrimaryStageWindow   - FXGLMainMenuDummyScene -> LoginScene
02:28:13.702 [FXGL Background Thread 4 ] DEBUG FXGLAssetLoaderServi - Loading from file system: jar:file:/C:/Users/kurtd/.m2/repository/com/github/AlmasB/FXGL/fxgl/21.1/fxgl-21.1.jar!/fxglassets/ui/fonts/Courier-Prime.ttf
02:28:13.832 [JavaFX Application Thread] DEBUG FXGLApplication      - Registering font factories with UI factory
02:28:13.901 [FXGL Background Thread 2 ] INFO  UpdaterService       - Your current version:  21+dev-SNAPSHOT
02:28:13.901 [FXGL Background Thread 2 ] INFO  UpdaterService       - Latest stable version: 21.1
02:28:15.528 [JavaFX Application Thread] DEBUG GameWorld            - Game world initialized
02:28:15.529 [JavaFX Application Thread] DEBUG PhysicsWorld         - Physics world initialized: appHeight=720, physics.ppm=50.0
02:28:15.529 [JavaFX Application Thread] DEBUG PhysicsWorld         - Using strategy: BRUTE_FORCE
02:28:15.531 [JavaFX Application Thread] DEBUG GameScene            - Game scene initialized: 1280x720
02:28:15.565 [JavaFX Application Thread] DEBUG PrimaryStageWindow   - Push state: MainMenuScene
02:28:15.571 [JavaFX Application Thread] DEBUG Input                - Clearing active input actions
02:28:15.575 [JavaFX Application Thread] DEBUG GameApplicationServi - Removing overlay from LoginScene and adding to MainMenuScene
02:28:15.576 [JavaFX Application Thread] DEBUG PrimaryStageWindow   - LoginScene -> MainMenuScene
02:28:15.584 [JavaFX Application Thread] DEBUG GameWorld            - Game world initialized
02:28:15.595 [JavaFX Application Thread] DEBUG PhysicsWorld         - Physics world initialized: appHeight=720, physics.ppm=50.0
02:28:15.595 [JavaFX Application Thread] DEBUG PhysicsWorld         - Using strategy: BRUTE_FORCE
02:28:15.597 [JavaFX Application Thread] DEBUG GameScene            - Game scene initialized: 1280x720
02:28:15.656 [JavaFX Application Thread] DEBUG PrimaryStageWindow   - Push state: MainMenuScene
02:28:15.716 [JavaFX Application Thread] DEBUG Input                - Clearing active input actions
02:28:15.719 [JavaFX Application Thread] DEBUG GameApplicationServi - Removing overlay from MainMenuScene and adding to MainMenuScene
02:28:15.720 [JavaFX Application Thread] DEBUG PrimaryStageWindow   - MainMenuScene -> MainMenuScene
02:28:16.038 [FXGL Background Thread 3 ] DEBUG Engine               - Logging environment variables
02:28:16.038 [FXGL Background Thread 3 ] DEBUG Engine               - achievements: []
02:28:16.038 [FXGL Background Thread 3 ] DEBUG Engine               - actualHeight: 720.0
02:28:16.040 [FXGL Background Thread 3 ] DEBUG Engine               - actualHeightProperty: ReadOnlyDoubleProperty [value: 720.0]
02:28:16.040 [FXGL Background Thread 3 ] DEBUG Engine               - actualWidth: 1280.0
02:28:16.043 [FXGL Background Thread 3 ] DEBUG Engine               - actualWidthProperty: ReadOnlyDoubleProperty [value: 1280.0]
02:28:16.043 [FXGL Background Thread 3 ] DEBUG Engine               - appIcon: fxgl_icon.png
02:28:16.043 [FXGL Background Thread 3 ] DEBUG Engine               - applicationMode: DEVELOPER
02:28:16.044 [FXGL Background Thread 3 ] DEBUG Engine               - cSSList: [fxgl_dark.css]
02:28:16.044 [FXGL Background Thread 3 ] DEBUG Engine               - collisionDetectionStrategy: BRUTE_FORCE
02:28:16.044 [FXGL Background Thread 3 ] DEBUG Engine               - configClass: Optional.empty
02:28:16.044 [FXGL Background Thread 3 ] DEBUG Engine               - credits: []
02:28:16.052 [FXGL Background Thread 3 ] DEBUG Engine               - defaultCursor: CursorInfo(imageName=fxgl_default_cursor.png, hotspotX=7.0, hotspotY=6.0)
02:28:16.052 [FXGL Background Thread 3 ] DEBUG Engine               - devBBoxColorProperty: ObjectProperty [value: 0xff0000ff]
02:28:16.052 [FXGL Background Thread 3 ] DEBUG Engine               - devEnableDebugCameraProperty: BooleanProperty [value: false]
02:28:16.052 [FXGL Background Thread 3 ] DEBUG Engine               - devSensorColorProperty: ObjectProperty [value: 0xffff00ff]
02:28:16.052 [FXGL Background Thread 3 ] DEBUG Engine               - devShowBBoxProperty: BooleanProperty [value: false]
02:28:16.052 [FXGL Background Thread 3 ] DEBUG Engine               - devShowPositionProperty: BooleanProperty [value: false]
02:28:16.052 [FXGL Background Thread 3 ] DEBUG Engine               - enabledMenuItems: []
02:28:16.052 [FXGL Background Thread 3 ] DEBUG Engine               - engineServices: [class com.almasb.fxgl.app.services.FXGLAssetLoaderService, class com.almasb.fxgl.app.FXGLApplication$GameApplicationService, class com.almasb.fxgl.app.services.FXGLDialogService, class com.almasb.fxgl.app.services.IOTaskExecutorService, class com.almasb.fxgl.io.FileSystemService, class com.almasb.fxgl.localization.LocalizationService, class com.almasb.fxgl.app.services.SystemBundleService, class com.almasb.fxgl.profile.SaveLoadService, class com.almasb.fxgl.ui.FXGLUIFactoryServiceProvider, class com.almasb.fxgl.ui.FXGLDialogFactoryServiceProvider, class com.almasb.fxgl.audio.AudioPlayer, class com.almasb.fxgl.notification.impl.NotificationServiceProvider, class com.almasb.fxgl.achievement.AchievementService, class com.almasb.fxgl.cutscene.CutsceneService, class com.almasb.fxgl.minigames.MiniGameService, class com.almasb.fxgl.net.NetService, class com.almasb.fxgl.app.services.UpdaterService, class com.almasb.fxgl.dev.DevService]
02:28:16.053 [FXGL Background Thread 3 ] DEBUG Engine               - fontGame: Abel-Regular.ttf
02:28:16.053 [FXGL Background Thread 3 ] DEBUG Engine               - fontMono: TerminalLandMono-Regular.otf
02:28:16.053 [FXGL Background Thread 3 ] DEBUG Engine               - fontSizeScaleUI: 1.0
02:28:16.053 [FXGL Background Thread 3 ] DEBUG Engine               - fontText: Courier-Prime.ttf
02:28:16.053 [FXGL Background Thread 3 ] DEBUG Engine               - fontUI: VarelaRound-Regular.ttf
02:28:16.053 [FXGL Background Thread 3 ] DEBUG Engine               - fullScreen: BooleanProperty [value: false]
02:28:16.053 [FXGL Background Thread 3 ] DEBUG Engine               - gameDifficulty: MEDIUM
02:28:16.053 [FXGL Background Thread 3 ] DEBUG Engine               - gameDifficultyProperty: ObjectProperty [value: MEDIUM]
02:28:16.053 [FXGL Background Thread 3 ] DEBUG Engine               - globalMusicVolume: 0.5
02:28:16.053 [FXGL Background Thread 3 ] DEBUG Engine               - globalMusicVolumeProperty: DoubleProperty [value: 0.5]
02:28:16.053 [FXGL Background Thread 3 ] DEBUG Engine               - globalSoundVolume: 0.5
02:28:16.053 [FXGL Background Thread 3 ] DEBUG Engine               - globalSoundVolumeProperty: DoubleProperty [value: 0.5]
02:28:16.053 [FXGL Background Thread 3 ] DEBUG Engine               - height: 720
02:28:16.053 [FXGL Background Thread 3 ] DEBUG Engine               - is3D: false
02:28:16.053 [FXGL Background Thread 3 ] DEBUG Engine               - isAndroid: false
02:28:16.053 [FXGL Background Thread 3 ] DEBUG Engine               - isBrowser: false
02:28:16.053 [FXGL Background Thread 3 ] DEBUG Engine               - isClickFeedbackEnabled: false
02:28:16.054 [FXGL Background Thread 3 ] DEBUG Engine               - isCloseConfirmation: false
02:28:16.054 [FXGL Background Thread 3 ] DEBUG Engine               - isDesktop: true
02:28:16.054 [FXGL Background Thread 3 ] DEBUG Engine               - isDeveloperMenuEnabled: false
02:28:16.054 [FXGL Background Thread 3 ] DEBUG Engine               - isEmbedded: false
02:28:16.054 [FXGL Background Thread 3 ] DEBUG Engine               - isEntityPreloadEnabled: true
02:28:16.054 [FXGL Background Thread 3 ] DEBUG Engine               - isExperimentalTiledLargeMap: false
02:28:16.054 [FXGL Background Thread 3 ] DEBUG Engine               - isFileSystemWriteAllowed: true
02:28:16.054 [FXGL Background Thread 3 ] DEBUG Engine               - isFullScreenAllowed: false
02:28:16.054 [FXGL Background Thread 3 ] DEBUG Engine               - isFullScreenFromStart: false
02:28:16.054 [FXGL Background Thread 3 ] DEBUG Engine               - isGameMenuEnabled: false
02:28:16.054 [FXGL Background Thread 3 ] DEBUG Engine               - isIOS: false
02:28:16.054 [FXGL Background Thread 3 ] DEBUG Engine               - isIntroEnabled: false
02:28:16.054 [FXGL Background Thread 3 ] DEBUG Engine               - isLinux: false
02:28:16.054 [FXGL Background Thread 3 ] DEBUG Engine               - isMac: false
02:28:16.054 [FXGL Background Thread 3 ] DEBUG Engine               - isMainMenuEnabled: true
02:28:16.054 [FXGL Background Thread 3 ] DEBUG Engine               - isManualResizeEnabled: false
02:28:16.054 [FXGL Background Thread 3 ] DEBUG Engine               - isMobile: false
02:28:16.054 [FXGL Background Thread 3 ] DEBUG Engine               - isNative: false
02:28:16.054 [FXGL Background Thread 3 ] DEBUG Engine               - isPauseMusicWhenMinimized: true
02:28:16.054 [FXGL Background Thread 3 ] DEBUG Engine               - isPreserveResizeRatio: false
02:28:16.054 [FXGL Background Thread 3 ] DEBUG Engine               - isProfilingEnabled: false
02:28:16.054 [FXGL Background Thread 3 ] DEBUG Engine               - isScaleAffectedOnResize: true
02:28:16.054 [FXGL Background Thread 3 ] DEBUG Engine               - isSingleStep: false
02:28:16.055 [FXGL Background Thread 3 ] DEBUG Engine               - isUserProfileEnabled: false
02:28:16.055 [FXGL Background Thread 3 ] DEBUG Engine               - isWindows: true
02:28:16.055 [FXGL Background Thread 3 ] DEBUG Engine               - language: ObjectProperty [value: ENGLISH]
02:28:16.055 [FXGL Background Thread 3 ] DEBUG Engine               - menuKey: ESCAPE
02:28:16.055 [FXGL Background Thread 3 ] DEBUG Engine               - mouseSensitivity: 0.2
02:28:16.055 [FXGL Background Thread 3 ] DEBUG Engine               - notificationViewClass: class com.almasb.fxgl.notification.view.XboxNotificationView
02:28:16.055 [FXGL Background Thread 3 ] DEBUG Engine               - pixelsPerMeter: 50.0
02:28:16.055 [FXGL Background Thread 3 ] DEBUG Engine               - platform: WINDOWS
02:28:16.055 [FXGL Background Thread 3 ] DEBUG Engine               - prefHeightProperty: ReadOnlyDoubleProperty [value: 720.0]
02:28:16.055 [FXGL Background Thread 3 ] DEBUG Engine               - prefWidthProperty: ReadOnlyDoubleProperty [value: 1280.0]
02:28:16.055 [FXGL Background Thread 3 ] DEBUG Engine               - profileDir: profiles/
02:28:16.055 [FXGL Background Thread 3 ] DEBUG Engine               - profileName: StringProperty [value: DEFAULT]
02:28:16.055 [FXGL Background Thread 3 ] DEBUG Engine               - randomSeed: -1
02:28:16.055 [FXGL Background Thread 3 ] DEBUG Engine               - runtimeInfo: RuntimeInfo(platform=WINDOWS, version=21+dev-SNAPSHOT, build=26.03.2024 21.04)
02:28:16.055 [FXGL Background Thread 3 ] DEBUG Engine               - saveFileExt: sav
02:28:16.056 [FXGL Background Thread 3 ] DEBUG Engine               - scaledHeightProp$fxgl: DoubleProperty [bound, value: 720.0]
02:28:16.056 [FXGL Background Thread 3 ] DEBUG Engine               - scaledWidthProp$fxgl: DoubleProperty [bound, value: 1280.0]
02:28:16.056 [FXGL Background Thread 3 ] DEBUG Engine               - sceneFactory: org.example.core.GameApp$1@491a25c9
02:28:16.056 [FXGL Background Thread 3 ] DEBUG Engine               - secondsIn24h: 60
02:28:16.056 [FXGL Background Thread 3 ] DEBUG Engine               - soundMenuBack: menu/back.wav
02:28:16.056 [FXGL Background Thread 3 ] DEBUG Engine               - soundMenuPress: menu/press.wav
02:28:16.056 [FXGL Background Thread 3 ] DEBUG Engine               - soundMenuSelect: menu/select.wav
02:28:16.056 [FXGL Background Thread 3 ] DEBUG Engine               - soundNotification: core/notification.wav
02:28:16.056 [FXGL Background Thread 3 ] DEBUG Engine               - stageStyle: DECORATED
02:28:16.056 [FXGL Background Thread 3 ] DEBUG Engine               - supportedLanguages: [ENGLISH, FRENCH, GERMAN, HUNGARIAN, RUSSIAN]
02:28:16.056 [FXGL Background Thread 3 ] DEBUG Engine               - ticksPerSecond: -1
02:28:16.056 [FXGL Background Thread 3 ] DEBUG Engine               - title: Prototype Game
02:28:16.056 [FXGL Background Thread 3 ] DEBUG Engine               - urlGithub: https://github.com/AlmasB/FXGL
02:28:16.056 [FXGL Background Thread 3 ] DEBUG Engine               - urlLeaderboard: http://fxgl-top.herokuapp.com/
02:28:16.056 [FXGL Background Thread 3 ] DEBUG Engine               - urlPOM: https://raw.githubusercontent.com/AlmasB/FXGL/release/README.md
02:28:16.056 [FXGL Background Thread 3 ] DEBUG Engine               - userAppClass: class org.example.core.GameApp
02:28:16.056 [FXGL Background Thread 3 ] DEBUG Engine               - version: 0.1.5
02:28:16.056 [FXGL Background Thread 3 ] DEBUG Engine               - versionCheckDays: 7
02:28:16.056 [FXGL Background Thread 3 ] DEBUG Engine               - width: 1280
02:28:16.056 [FXGL Background Thread 3 ] DEBUG Engine               - Logging services
02:28:16.056 [FXGL Background Thread 3 ] DEBUG Engine               - class com.almasb.fxgl.app.services.FXGLAssetLoaderService
02:28:16.056 [FXGL Background Thread 3 ] DEBUG Engine               - class com.almasb.fxgl.app.FXGLApplication$GameApplicationService
02:28:16.057 [FXGL Background Thread 3 ] DEBUG Engine               - class com.almasb.fxgl.app.services.FXGLDialogService
02:28:16.057 [FXGL Background Thread 3 ] DEBUG Engine               - class com.almasb.fxgl.app.services.IOTaskExecutorService
02:28:16.057 [FXGL Background Thread 3 ] DEBUG Engine               - class com.almasb.fxgl.io.FileSystemService
02:28:16.057 [FXGL Background Thread 3 ] DEBUG Engine               - class com.almasb.fxgl.localization.LocalizationService
02:28:16.057 [FXGL Background Thread 3 ] DEBUG Engine               - class com.almasb.fxgl.app.services.SystemBundleService
02:28:16.057 [FXGL Background Thread 3 ] DEBUG Engine               - class com.almasb.fxgl.profile.SaveLoadService
02:28:16.057 [FXGL Background Thread 3 ] DEBUG Engine               - class com.almasb.fxgl.ui.FXGLUIFactoryServiceProvider
02:28:16.057 [FXGL Background Thread 3 ] DEBUG Engine               - class com.almasb.fxgl.ui.FXGLDialogFactoryServiceProvider
02:28:16.057 [FXGL Background Thread 3 ] DEBUG Engine               - class com.almasb.fxgl.audio.AudioPlayer
02:28:16.057 [FXGL Background Thread 3 ] DEBUG Engine               - class com.almasb.fxgl.notification.impl.NotificationServiceProvider
02:28:16.057 [FXGL Background Thread 3 ] DEBUG Engine               - class com.almasb.fxgl.achievement.AchievementService
02:28:16.058 [FXGL Background Thread 3 ] DEBUG Engine               - class com.almasb.fxgl.cutscene.CutsceneService
02:28:16.058 [FXGL Background Thread 3 ] DEBUG Engine               - class com.almasb.fxgl.minigames.MiniGameService
02:28:16.058 [FXGL Background Thread 3 ] DEBUG Engine               - class com.almasb.fxgl.net.NetService
02:28:16.058 [FXGL Background Thread 3 ] DEBUG Engine               - class com.almasb.fxgl.app.services.UpdaterService
02:28:16.058 [FXGL Background Thread 3 ] DEBUG Engine               - class com.almasb.fxgl.dev.DevService
02:28:16.622 [JavaFX Application Thread] DEBUG GameApplicationServi - Starting new game
02:28:16.623 [JavaFX Application Thread] DEBUG PrimaryStageWindow   - Pop state: MainMenuScene
02:28:16.623 [JavaFX Application Thread] DEBUG Input                - Clearing active input actions
02:28:16.624 [JavaFX Application Thread] DEBUG GameApplicationServi - Removing overlay from MainMenuScene and adding to MainMenuScene
02:28:16.624 [JavaFX Application Thread] DEBUG PrimaryStageWindow   - MainMenuScene <- MainMenuScene
02:28:16.625 [JavaFX Application Thread] DEBUG PrimaryStageWindow   - Pop state: MainMenuScene
02:28:16.625 [JavaFX Application Thread] DEBUG Input                - Clearing active input actions
02:28:16.625 [JavaFX Application Thread] DEBUG GameApplicationServi - Removing overlay from MainMenuScene and adding to LoginScene
02:28:16.625 [JavaFX Application Thread] DEBUG PrimaryStageWindow   - LoginScene <- MainMenuScene
02:28:16.816 [JavaFX Application Thread] DEBUG PrimaryStageWindow   - Pop state: LoginScene
02:28:16.816 [JavaFX Application Thread] DEBUG Input                - Clearing active input actions
02:28:16.816 [JavaFX Application Thread] DEBUG GameApplicationServi - Removing overlay from LoginScene and adding to FXGLMainMenuDummyScene
02:28:16.816 [JavaFX Application Thread] DEBUG PrimaryStageWindow   - FXGLMainMenuDummyScene <- LoginScene
02:28:16.817 [JavaFX Application Thread] DEBUG Input                - Clearing active input actions
02:28:16.827 [JavaFX Application Thread] DEBUG GameApplicationServi - Removing overlay from FXGLMainMenuDummyScene and adding to FXGLLoadingScene
02:28:16.827 [JavaFX Application Thread] DEBUG PrimaryStageWindow   - FXGLMainMenuDummyScene -> FXGLLoadingScene
02:28:16.828 [JavaFX Application Thread] DEBUG GameApplicationServi - Clearing previous game
02:28:16.828 [JavaFX Application Thread] DEBUG GameScene            - Clearing game scene
02:28:16.828 [JavaFX Application Thread] DEBUG GameWorld            - Clearing game world
02:28:16.828 [JavaFX Application Thread] DEBUG PhysicsWorld         - Clearing physics world
02:28:16.830 [FXGL Background Thread 2 ] DEBUG FXGLApplication      - Initializing game
02:28:16.850 [FXGL Background Thread 2 ] DEBUG FXGLAssetLoaderServi - Loading from file system: file:/C:/Users/kurtd/IdeaProjects/TheOnlyException/Test/target/classes/assets/textures/dasd.png
02:28:16.896 [FXGL Background Thread 2 ] DEBUG FXGLAssetLoaderServi - Loading from file system: file:/C:/Users/kurtd/IdeaProjects/TheOnlyException/Test/target/classes/assets/textures/player-scaled.png
02:28:17.012 [FXGL Background Thread 2 ] INFO  FXGLApplication      - Game initialization took: 0.182 sec
02:28:17.013 [JavaFX Application Thread] DEBUG Input                - Clearing active input actions
02:28:17.029 [JavaFX Application Thread] DEBUG GameApplicationServi - Removing overlay from FXGLLoadingScene and adding to GameScene
02:28:17.029 [JavaFX Application Thread] DEBUG PrimaryStageWindow   - FXGLLoadingScene -> GameScene
02:28:17.904 [JavaFX Application Thread] DEBUG FXGLAssetLoaderServi - Loading from file system: file:/C:/Users/kurtd/IdeaProjects/TheOnlyException/Test/target/classes/assets/textures/MaggotWalk-scaled.png
02:28:17.913 [JavaFX Application Thread] DEBUG FXGLAssetLoaderServi - Loading from file system: file:/C:/Users/kurtd/IdeaProjects/TheOnlyException/Test/target/classes/assets/textures/BeetleMove-scaled.png
02:28:17.916 [JavaFX Application Thread] DEBUG FXGLAssetLoaderServi - Loading from file system: file:/C:/Users/kurtd/IdeaProjects/TheOnlyException/Test/target/classes/assets/textures/MantisMove-scaled.png
02:28:17.920 [JavaFX Application Thread] DEBUG FXGLAssetLoaderServi - Loading from file system: file:/C:/Users/kurtd/IdeaProjects/TheOnlyException/Test/target/classes/assets/textures/BeeMove-scaled.png
02:28:17.923 [JavaFX Application Thread] DEBUG FXGLAssetLoaderServi - Loading from file system: file:/C:/Users/kurtd/IdeaProjects/TheOnlyException/Test/target/classes/assets/textures/GiantFly.png
02:28:17.926 [JavaFX Application Thread] DEBUG FXGLAssetLoaderServi - Loading from file system: file:/C:/Users/kurtd/IdeaProjects/TheOnlyException/Test/target/classes/assets/textures/DragonFly.png
02:28:23.284 [JavaFX Application Thread] DEBUG FXGLAssetLoaderServi - Loading from file system: file:/C:/Users/kurtd/IdeaProjects/TheOnlyException/Test/target/classes/assets/textures/shortcircuit.png
02:28:23.311 [JavaFX Application Thread] DEBUG FXGLAssetLoaderServi - Loading from file system: file:/C:/Users/kurtd/IdeaProjects/TheOnlyException/Test/target/classes/assets/textures/systemrestore.png
02:28:23.333 [JavaFX Application Thread] DEBUG FXGLAssetLoaderServi - Loading from file system: file:/C:/Users/kurtd/IdeaProjects/TheOnlyException/Test/target/classes/assets/textures/firewallshield.png
02:28:23.358 [JavaFX Application Thread] DEBUG FXGLAssetLoaderServi - Loading from file system: file:/C:/Users/kurtd/IdeaProjects/TheOnlyException/Test/target/classes/assets/textures/datawipe.png
02:28:23.385 [JavaFX Application Thread] DEBUG PrimaryStageWindow   - Push state: DialogSubScene
02:28:23.385 [JavaFX Application Thread] DEBUG Input                - Clearing active input actions
02:28:23.387 [JavaFX Application Thread] DEBUG GameApplicationServi - Removing overlay from GameScene and adding to DialogSubScene
02:28:23.387 [JavaFX Application Thread] DEBUG PrimaryStageWindow   - GameScene -> DialogSubScene
02:28:24.997 [JavaFX Application Thread] DEBUG PrimaryStageWindow   - Pop state: DialogSubScene
02:28:24.997 [JavaFX Application Thread] DEBUG Input                - Clearing active input actions
02:28:24.998 [JavaFX Application Thread] DEBUG GameApplicationServi - Removing overlay from DialogSubScene and adding to GameScene
02:28:24.998 [JavaFX Application Thread] DEBUG PrimaryStageWindow   - GameScene <- DialogSubScene
02:28:26.957 [JavaFX Application Thread] DEBUG FXGLAssetLoaderServi - Loading from file system: file:/C:/Users/kurtd/IdeaProjects/TheOnlyException/Test/target/classes/assets/textures/datawipemine.png
02:28:32.029 [JavaFX Application Thread] DEBUG FXGLAssetLoaderServi - Loading from file system: file:/C:/Users/kurtd/IdeaProjects/TheOnlyException/Test/target/classes/assets/textures/datawipeexplosion.png
02:28:32.040 [JavaFX Application Thread] WARN  FXGLAssetLoaderServi - Asset "/assets/textures/orange_particle.png" was not found!
02:28:32.041 [JavaFX Application Thread] WARN  FXGLAssetLoaderServi - Failed to load IMAGE
02:28:33.968 [JavaFX Application Thread] DEBUG FXGLAssetLoaderServi - Loading from file system: file:/C:/Users/kurtd/IdeaProjects/TheOnlyException/Test/target/classes/assets/textures/realtimedefense.png
02:28:33.994 [JavaFX Application Thread] DEBUG PrimaryStageWindow   - Push state: DialogSubScene
02:28:33.994 [JavaFX Application Thread] DEBUG Input                - Clearing active input actions
02:28:33.995 [JavaFX Application Thread] DEBUG GameApplicationServi - Removing overlay from GameScene and adding to DialogSubScene
02:28:33.995 [JavaFX Application Thread] DEBUG PrimaryStageWindow   - GameScene -> DialogSubScene
02:28:38.014 [JavaFX Application Thread] DEBUG PrimaryStageWindow   - Pop state: DialogSubScene
02:28:38.014 [JavaFX Application Thread] DEBUG Input                - Clearing active input actions
02:28:38.014 [JavaFX Application Thread] DEBUG GameApplicationServi - Removing overlay from DialogSubScene and adding to GameScene
02:28:38.015 [JavaFX Application Thread] DEBUG PrimaryStageWindow   - GameScene <- DialogSubScene
02:28:38.078 [JavaFX Application Thread] WARN  FXGLAssetLoaderServi - Asset "/assets/textures/orange_particle.png" was not found!
02:28:38.078 [JavaFX Application Thread] WARN  FXGLAssetLoaderServi - Failed to load IMAGE
02:28:40.206 [JavaFX Application Thread] WARN  FXGLAssetLoaderServi - Asset "/assets/textures/orange_particle.png" was not found!
02:28:40.206 [JavaFX Application Thread] WARN  FXGLAssetLoaderServi - Failed to load IMAGE
02:28:40.911 [JavaFX Application Thread] DEBUG PrimaryStageWindow   - Push state: DialogSubScene
02:28:40.911 [JavaFX Application Thread] DEBUG Input                - Clearing active input actions
02:28:40.912 [JavaFX Application Thread] DEBUG GameApplicationServi - Removing overlay from GameScene and adding to DialogSubScene
02:28:40.912 [JavaFX Application Thread] DEBUG PrimaryStageWindow   - GameScene -> DialogSubScene
02:28:42.570 [JavaFX Application Thread] DEBUG PrimaryStageWindow   - Pop state: DialogSubScene
02:28:42.571 [JavaFX Application Thread] DEBUG Input                - Clearing active input actions
02:28:42.571 [JavaFX Application Thread] DEBUG GameApplicationServi - Removing overlay from DialogSubScene and adding to GameScene
02:28:42.571 [JavaFX Application Thread] DEBUG PrimaryStageWindow   - GameScene <- DialogSubScene
02:28:42.573 [JavaFX Application Thread] WARN  FXGLAssetLoaderServi - Asset "/assets/textures/particles/spark.png" was not found!
02:28:42.573 [JavaFX Application Thread] WARN  FXGLAssetLoaderServi - Failed to load RESIZABLE_IMAGE
02:28:43.949 [JavaFX Application Thread] WARN  FXGLAssetLoaderServi - Asset "/assets/textures/orange_particle.png" was not found!
02:28:43.950 [JavaFX Application Thread] WARN  FXGLAssetLoaderServi - Failed to load IMAGE
02:28:46.014 [JavaFX Application Thread] WARN  FXGLAssetLoaderServi - Asset "/assets/textures/orange_particle.png" was not found!
02:28:46.014 [JavaFX Application Thread] WARN  FXGLAssetLoaderServi - Failed to load IMAGE
02:28:47.890 [JavaFX Application Thread] DEBUG FXGLAssetLoaderServi - Loading from file system: file:/C:/Users/kurtd/IdeaProjects/TheOnlyException/Test/target/classes/assets/textures/lightning_strike.png
02:28:48.031 [JavaFX Application Thread] WARN  FXGLAssetLoaderServi - Asset "/assets/textures/orange_particle.png" was not found!
02:28:48.031 [JavaFX Application Thread] WARN  FXGLAssetLoaderServi - Failed to load IMAGE
02:28:49.359 [JavaFX Application Thread] DEBUG FXGLAssetLoaderServi - Loading from file system: file:/C:/Users/kurtd/IdeaProjects/TheOnlyException/Test/target/classes/assets/textures/smolderprotocol.png
02:28:49.396 [JavaFX Application Thread] DEBUG PrimaryStageWindow   - Push state: DialogSubScene
02:28:49.396 [JavaFX Application Thread] DEBUG Input                - Clearing active input actions
02:28:49.397 [JavaFX Application Thread] DEBUG GameApplicationServi - Removing overlay from GameScene and adding to DialogSubScene
02:28:49.397 [JavaFX Application Thread] DEBUG PrimaryStageWindow   - GameScene -> DialogSubScene
02:28:50.325 [JavaFX Application Thread] DEBUG PrimaryStageWindow   - Pop state: DialogSubScene
02:28:50.325 [JavaFX Application Thread] DEBUG Input                - Clearing active input actions
02:28:50.326 [JavaFX Application Thread] DEBUG GameApplicationServi - Removing overlay from DialogSubScene and adding to GameScene
02:28:50.326 [JavaFX Application Thread] DEBUG PrimaryStageWindow   - GameScene <- DialogSubScene
02:28:50.621 [JavaFX Application Thread] DEBUG FXGLAssetLoaderServi - Loading from file system: file:/C:/Users/kurtd/IdeaProjects/TheOnlyException/Test/target/classes/assets/textures/smolder1.png
02:28:50.990 [JavaFX Application Thread] WARN  FXGLAssetLoaderServi - Asset "/assets/textures/orange_particle.png" was not found!
02:28:50.990 [JavaFX Application Thread] WARN  FXGLAssetLoaderServi - Failed to load IMAGE
02:28:53.037 [JavaFX Application Thread] WARN  FXGLAssetLoaderServi - Asset "/assets/textures/orange_particle.png" was not found!
02:28:53.037 [JavaFX Application Thread] WARN  FXGLAssetLoaderServi - Failed to load IMAGE
02:28:55.087 [JavaFX Application Thread] WARN  FXGLAssetLoaderServi - Asset "/assets/textures/orange_particle.png" was not found!
02:28:55.087 [JavaFX Application Thread] WARN  FXGLAssetLoaderServi - Failed to load IMAGE
02:28:57.103 [JavaFX Application Thread] WARN  FXGLAssetLoaderServi - Asset "/assets/textures/orange_particle.png" was not found!
02:28:57.104 [JavaFX Application Thread] WARN  FXGLAssetLoaderServi - Failed to load IMAGE
02:28:58.493 [JavaFX Application Thread] DEBUG FXGLApplication      - Exiting FXGL
02:28:58.493 [JavaFX Application Thread] DEBUG LoopRunner           - Stopping loop
02:28:58.494 [JavaFX Application Thread] DEBUG SystemBundleService  - Saving FXGL system data
02:28:58.496 [JavaFX Application Thread] DEBUG FileSystemAccess     - Writing to: C:\Users\kurtd\IdeaProjects\TheOnlyException\system\fxgl.bundle
02:28:58.497 [JavaFX Application Thread] DEBUG Async                - Shutting down background threads
02:28:58.497 [JavaFX Application Thread] DEBUG PrimaryStageWindow   - Closing main window
02:28:58.513 [JavaFX Application Thread] DEBUG Logger               - Closing Logger
