01:11:35.549 [main                     ] DEBUG Logger               - Configured Logger
01:11:35.559 [main                     ] DEBUG GameApplication      - Logging settings
Title: Prototype Game
Version: 0.1.5
Width: 1280
Height: 720
Fullscreen: false
Intro: false
Profiling: false
Single step:false
App Mode: DEVELOPER
Menu Key: ESCAPE
Stage Style: DECORATED
Scene Factory: class org.example.core.GameApp$1

01:11:35.870 [JavaFX Application Thread] DEBUG FXGLApplication      - Initializing FXGL
01:11:35.876 [JavaFX Application Thread] INFO  Engine               - FXGL-21+dev-SNAPSHOT (26.03.2024 21.04) on WINDOWS (J:24 FX:21.0.1)
01:11:35.877 [JavaFX Application Thread] DEBUG Engine               - JRE Vendor Name: Oracle Corporation
01:11:35.877 [JavaFX Application Thread] DEBUG Engine               - Running on OS: Windows 10 version 10.0
01:11:35.877 [JavaFX Application Thread] DEBUG Engine               - Architecture: amd64
01:11:35.877 [JavaFX Application Thread] INFO  Engine               - Source code and latest versions at: https://github.com/AlmasB/FXGL
01:11:35.877 [JavaFX Application Thread] INFO  Engine               -       Ask questions and discuss at: https://github.com/AlmasB/FXGL/discussions
01:11:35.877 [JavaFX Application Thread] INFO  Engine               -              Join the FXGL chat at: https://gitter.im/AlmasB/FXGL
01:11:36.171 [JavaFX Application Thread] DEBUG PrimaryStageWindow   - Creating a JavaFX scene
01:11:36.263 [JavaFX Application Thread] DEBUG PrimaryStageWindow   - Target settings size: 1280.0 x 720.0
01:11:36.263 [JavaFX Application Thread] DEBUG PrimaryStageWindow   - Scaled scene size:    1280.0 x 720.0
01:11:36.264 [JavaFX Application Thread] DEBUG PrimaryStageWindow   - Scaled ratio: (1.0, 1.0)
01:11:36.265 [JavaFX Application Thread] DEBUG PrimaryStageWindow   - Set initial scene to FXGLStartupScene
01:11:36.271 [JavaFX Application Thread] DEBUG PrimaryStageWindow   - Opening main window
01:11:36.420 [JavaFX Application Thread] DEBUG PrimaryStageWindow   - Window border size: (16.0, 39.0)
01:11:36.420 [JavaFX Application Thread] DEBUG PrimaryStageWindow   - Scaled size: 1280.0 x 720.0
01:11:36.420 [JavaFX Application Thread] DEBUG PrimaryStageWindow   - Scaled ratio: (1.0, 1.0)
01:11:36.420 [JavaFX Application Thread] DEBUG PrimaryStageWindow   - Scene size: 1280.0 x 720.0
01:11:36.421 [JavaFX Application Thread] DEBUG PrimaryStageWindow   - Stage size: 1296.0 x 759.0
01:11:36.441 [FXGL Background Thread 1 ] DEBUG Engine               - Initializing environment variables
01:11:36.585 [FXGL Background Thread 1 ] DEBUG FXGLAssetLoaderServi - User app class for loading assets: class org.example.core.GameApp
01:11:36.586 [FXGL Background Thread 1 ] DEBUG GameApplicationServi - Applying CSS: fxgl_dark.css
01:11:36.588 [FXGL Background Thread 1 ] DEBUG FXGLAssetLoaderServi - Loading from file system: jar:file:/C:/Users/kurtd/.m2/repository/com/github/AlmasB/FXGL/fxgl/21.1/fxgl-21.1.jar!/fxglassets/ui/css/fxgl_dark.css
01:11:36.679 [FXGL Background Thread 1 ] DEBUG GameApplicationServi - Initializing application scenes
01:11:36.735 [FXGL Background Thread 1 ] DEBUG GameWorld            - Game world initialized
01:11:36.867 [FXGL Background Thread 1 ] DEBUG PhysicsWorld         - Physics world initialized: appHeight=720, physics.ppm=50.0
01:11:36.868 [FXGL Background Thread 1 ] DEBUG PhysicsWorld         - Using strategy: BRUTE_FORCE
01:11:36.875 [FXGL Background Thread 1 ] DEBUG GameScene            - Game scene initialized: 1280x720
01:11:37.417 [FXGL Background Thread 1 ] DEBUG GameApplicationServi - Application scenes initialized
01:11:37.485 [FXGL Background Thread 1 ] DEBUG SystemBundleService  - Loading FXGL system data
01:11:37.495 [FXGL Background Thread 1 ] DEBUG FileSystemAccess     - Reading from: C:\Users\kurtd\Documents\GitHub\TheOnlyException\system\fxgl.bundle
01:11:37.504 [FXGL Background Thread 1 ] DEBUG SystemBundleService  - Bundle FXGL: {}
01:11:37.504 [FXGL Background Thread 1 ] DEBUG UpdaterService       - Checking for updates
01:11:37.517 [FXGL Background Thread 1 ] DEBUG FXGLApplication      - Loading default localization
01:11:37.518 [FXGL Background Thread 1 ] DEBUG FXGLAssetLoaderServi - Loading from file system: jar:file:/C:/Users/kurtd/.m2/repository/com/github/AlmasB/FXGL/fxgl/21.1/fxgl-21.1.jar!/fxglassets/languages/english.lang
01:11:37.546 [FXGL Background Thread 4 ] DEBUG FXGLApplication      - Loading fonts
01:11:37.546 [FXGL Background Thread 4 ] DEBUG FXGLAssetLoaderServi - Loading from file system: jar:file:/C:/Users/kurtd/.m2/repository/com/github/AlmasB/FXGL/fxgl-samples/21.1/fxgl-samples-21.1.jar!/assets/ui/fonts/VarelaRound-Regular.ttf
01:11:37.590 [FXGL Background Thread 4 ] DEBUG FXGLAssetLoaderServi - Loading from file system: jar:file:/C:/Users/kurtd/.m2/repository/com/github/AlmasB/FXGL/fxgl/21.1/fxgl-21.1.jar!/fxglassets/ui/fonts/Abel-Regular.ttf
01:11:37.612 [FXGL Background Thread 1 ] INFO  FXGLApplication      - FXGL initialization took: 1.171 sec
01:11:37.614 [FXGL Background Thread 4 ] DEBUG FXGLAssetLoaderServi - Loading from file system: jar:file:/C:/Users/kurtd/.m2/repository/com/github/AlmasB/FXGL/fxgl/21.1/fxgl-21.1.jar!/fxglassets/ui/fonts/TerminalLandMono-Regular.otf
01:11:37.634 [JavaFX Application Thread] DEBUG Input                - Registered new binding: action0 - A
01:11:37.635 [JavaFX Application Thread] DEBUG Input                - Registered new binding: action1 - D
01:11:37.635 [JavaFX Application Thread] DEBUG Input                - Registered new binding: action2 - W
01:11:37.636 [JavaFX Application Thread] DEBUG Input                - Registered new binding: action3 - S
01:11:37.637 [JavaFX Application Thread] DEBUG Input                - Registered new binding: action4 - Esc
01:11:37.638 [JavaFX Application Thread] DEBUG FXGLAssetLoaderServi - Loading from file system: jar:file:/C:/Users/kurtd/.m2/repository/com/github/AlmasB/FXGL/fxgl/21.1/fxgl-21.1.jar!/fxglassets/textures/fxgl_icon.png
01:11:37.644 [FXGL Background Thread 4 ] DEBUG FXGLAssetLoaderServi - Loading from file system: jar:file:/C:/Users/kurtd/.m2/repository/com/github/AlmasB/FXGL/fxgl/21.1/fxgl-21.1.jar!/fxglassets/ui/fonts/Courier-Prime.ttf
01:11:37.786 [JavaFX Application Thread] DEBUG FXGLAssetLoaderServi - Loading from file system: jar:file:/C:/Users/kurtd/.m2/repository/com/github/AlmasB/FXGL/fxgl/21.1/fxgl-21.1.jar!/fxglassets/textures/fxgl_default_cursor.png
01:11:37.791 [JavaFX Application Thread] DEBUG Input                - Registered new binding: Screenshot - CTRL+8
01:11:37.792 [JavaFX Application Thread] DEBUG Input                - Registered new binding: System info dump - CTRL+9
01:11:37.792 [JavaFX Application Thread] DEBUG Input                - Registered new binding: Restart - CTRL+R
01:11:37.796 [JavaFX Application Thread] DEBUG Input                - Registered new binding: Toggle Debug Camera - CTRL+7
01:11:37.804 [JavaFX Application Thread] DEBUG LoopRunner           - Starting loop
01:11:37.804 [JavaFX Application Thread] DEBUG LoopRunner           - Initializing JavaFX AnimationTimerLoop
01:11:37.810 [JavaFX Application Thread] DEBUG Input                - Clearing active input actions
01:11:37.827 [JavaFX Application Thread] DEBUG GameApplicationServi - Removing overlay from FXGLStartupScene and adding to FXGLMainMenuDummyScene
01:11:37.827 [JavaFX Application Thread] DEBUG PrimaryStageWindow   - FXGLStartupScene -> FXGLMainMenuDummyScene
01:11:37.827 [JavaFX Application Thread] DEBUG PrimaryStageWindow   - Push state: LoginScene
01:11:37.828 [JavaFX Application Thread] DEBUG Input                - Clearing active input actions
01:11:37.905 [JavaFX Application Thread] DEBUG GameApplicationServi - Removing overlay from FXGLMainMenuDummyScene and adding to LoginScene
01:11:37.906 [JavaFX Application Thread] DEBUG PrimaryStageWindow   - FXGLMainMenuDummyScene -> LoginScene
01:11:38.451 [JavaFX Application Thread] DEBUG FXGLApplication      - Registering font factories with UI factory
01:11:39.067 [FXGL Background Thread 2 ] INFO  UpdaterService       - Your current version:  21+dev-SNAPSHOT
01:11:39.067 [FXGL Background Thread 2 ] INFO  UpdaterService       - Latest stable version: 21.1
01:11:40.514 [FXGL Background Thread 3 ] DEBUG Engine               - Logging environment variables
01:11:40.516 [FXGL Background Thread 3 ] DEBUG Engine               - achievements: []
01:11:40.516 [FXGL Background Thread 3 ] DEBUG Engine               - actualHeight: 720.0
01:11:40.516 [FXGL Background Thread 3 ] DEBUG Engine               - actualHeightProperty: ReadOnlyDoubleProperty [value: 720.0]
01:11:40.516 [FXGL Background Thread 3 ] DEBUG Engine               - actualWidth: 1280.0
01:11:40.519 [FXGL Background Thread 3 ] DEBUG Engine               - actualWidthProperty: ReadOnlyDoubleProperty [value: 1280.0]
01:11:40.522 [FXGL Background Thread 3 ] DEBUG Engine               - appIcon: fxgl_icon.png
01:11:40.522 [FXGL Background Thread 3 ] DEBUG Engine               - applicationMode: DEVELOPER
01:11:40.523 [FXGL Background Thread 3 ] DEBUG Engine               - cSSList: [fxgl_dark.css]
01:11:40.523 [FXGL Background Thread 3 ] DEBUG Engine               - collisionDetectionStrategy: BRUTE_FORCE
01:11:40.523 [FXGL Background Thread 3 ] DEBUG Engine               - configClass: Optional.empty
01:11:40.523 [FXGL Background Thread 3 ] DEBUG Engine               - credits: []
01:11:40.532 [FXGL Background Thread 3 ] DEBUG Engine               - defaultCursor: CursorInfo(imageName=fxgl_default_cursor.png, hotspotX=7.0, hotspotY=6.0)
01:11:40.533 [FXGL Background Thread 3 ] DEBUG Engine               - devBBoxColorProperty: ObjectProperty [value: 0xff0000ff]
01:11:40.533 [FXGL Background Thread 3 ] DEBUG Engine               - devEnableDebugCameraProperty: BooleanProperty [value: false]
01:11:40.533 [FXGL Background Thread 3 ] DEBUG Engine               - devSensorColorProperty: ObjectProperty [value: 0xffff00ff]
01:11:40.533 [FXGL Background Thread 3 ] DEBUG Engine               - devShowBBoxProperty: BooleanProperty [value: false]
01:11:40.533 [FXGL Background Thread 3 ] DEBUG Engine               - devShowPositionProperty: BooleanProperty [value: false]
01:11:40.533 [FXGL Background Thread 3 ] DEBUG Engine               - enabledMenuItems: []
01:11:40.533 [FXGL Background Thread 3 ] DEBUG Engine               - engineServices: [class com.almasb.fxgl.app.services.FXGLAssetLoaderService, class com.almasb.fxgl.app.FXGLApplication$GameApplicationService, class com.almasb.fxgl.app.services.FXGLDialogService, class com.almasb.fxgl.app.services.IOTaskExecutorService, class com.almasb.fxgl.io.FileSystemService, class com.almasb.fxgl.localization.LocalizationService, class com.almasb.fxgl.app.services.SystemBundleService, class com.almasb.fxgl.profile.SaveLoadService, class com.almasb.fxgl.ui.FXGLUIFactoryServiceProvider, class com.almasb.fxgl.ui.FXGLDialogFactoryServiceProvider, class com.almasb.fxgl.audio.AudioPlayer, class com.almasb.fxgl.notification.impl.NotificationServiceProvider, class com.almasb.fxgl.achievement.AchievementService, class com.almasb.fxgl.cutscene.CutsceneService, class com.almasb.fxgl.minigames.MiniGameService, class com.almasb.fxgl.net.NetService, class com.almasb.fxgl.app.services.UpdaterService, class com.almasb.fxgl.dev.DevService]
01:11:40.534 [FXGL Background Thread 3 ] DEBUG Engine               - fontGame: Abel-Regular.ttf
01:11:40.534 [FXGL Background Thread 3 ] DEBUG Engine               - fontMono: TerminalLandMono-Regular.otf
01:11:40.534 [FXGL Background Thread 3 ] DEBUG Engine               - fontSizeScaleUI: 1.0
01:11:40.534 [FXGL Background Thread 3 ] DEBUG Engine               - fontText: Courier-Prime.ttf
01:11:40.534 [FXGL Background Thread 3 ] DEBUG Engine               - fontUI: VarelaRound-Regular.ttf
01:11:40.534 [FXGL Background Thread 3 ] DEBUG Engine               - fullScreen: BooleanProperty [value: false]
01:11:40.534 [FXGL Background Thread 3 ] DEBUG Engine               - gameDifficulty: MEDIUM
01:11:40.534 [FXGL Background Thread 3 ] DEBUG Engine               - gameDifficultyProperty: ObjectProperty [value: MEDIUM]
01:11:40.534 [FXGL Background Thread 3 ] DEBUG Engine               - globalMusicVolume: 0.5
01:11:40.534 [FXGL Background Thread 3 ] DEBUG Engine               - globalMusicVolumeProperty: DoubleProperty [value: 0.5]
01:11:40.534 [FXGL Background Thread 3 ] DEBUG Engine               - globalSoundVolume: 0.5
01:11:40.534 [FXGL Background Thread 3 ] DEBUG Engine               - globalSoundVolumeProperty: DoubleProperty [value: 0.5]
01:11:40.534 [FXGL Background Thread 3 ] DEBUG Engine               - height: 720
01:11:40.535 [FXGL Background Thread 3 ] DEBUG Engine               - is3D: false
01:11:40.535 [FXGL Background Thread 3 ] DEBUG Engine               - isAndroid: false
01:11:40.535 [FXGL Background Thread 3 ] DEBUG Engine               - isBrowser: false
01:11:40.535 [FXGL Background Thread 3 ] DEBUG Engine               - isClickFeedbackEnabled: false
01:11:40.535 [FXGL Background Thread 3 ] DEBUG Engine               - isCloseConfirmation: false
01:11:40.535 [FXGL Background Thread 3 ] DEBUG Engine               - isDesktop: true
01:11:40.535 [FXGL Background Thread 3 ] DEBUG Engine               - isDeveloperMenuEnabled: false
01:11:40.535 [FXGL Background Thread 3 ] DEBUG Engine               - isEmbedded: false
01:11:40.535 [FXGL Background Thread 3 ] DEBUG Engine               - isEntityPreloadEnabled: true
01:11:40.535 [FXGL Background Thread 3 ] DEBUG Engine               - isExperimentalTiledLargeMap: false
01:11:40.535 [FXGL Background Thread 3 ] DEBUG Engine               - isFileSystemWriteAllowed: true
01:11:40.535 [FXGL Background Thread 3 ] DEBUG Engine               - isFullScreenAllowed: false
01:11:40.535 [FXGL Background Thread 3 ] DEBUG Engine               - isFullScreenFromStart: false
01:11:40.535 [FXGL Background Thread 3 ] DEBUG Engine               - isGameMenuEnabled: false
01:11:40.535 [FXGL Background Thread 3 ] DEBUG Engine               - isIOS: false
01:11:40.535 [FXGL Background Thread 3 ] DEBUG Engine               - isIntroEnabled: false
01:11:40.535 [FXGL Background Thread 3 ] DEBUG Engine               - isLinux: false
01:11:40.535 [FXGL Background Thread 3 ] DEBUG Engine               - isMac: false
01:11:40.536 [FXGL Background Thread 3 ] DEBUG Engine               - isMainMenuEnabled: true
01:11:40.536 [FXGL Background Thread 3 ] DEBUG Engine               - isManualResizeEnabled: false
01:11:40.536 [FXGL Background Thread 3 ] DEBUG Engine               - isMobile: false
01:11:40.536 [FXGL Background Thread 3 ] DEBUG Engine               - isNative: false
01:11:40.536 [FXGL Background Thread 3 ] DEBUG Engine               - isPauseMusicWhenMinimized: true
01:11:40.536 [FXGL Background Thread 3 ] DEBUG Engine               - isPreserveResizeRatio: false
01:11:40.536 [FXGL Background Thread 3 ] DEBUG Engine               - isProfilingEnabled: false
01:11:40.537 [FXGL Background Thread 3 ] DEBUG Engine               - isScaleAffectedOnResize: true
01:11:40.537 [FXGL Background Thread 3 ] DEBUG Engine               - isSingleStep: false
01:11:40.537 [FXGL Background Thread 3 ] DEBUG Engine               - isUserProfileEnabled: false
01:11:40.537 [FXGL Background Thread 3 ] DEBUG Engine               - isWindows: true
01:11:40.537 [FXGL Background Thread 3 ] DEBUG Engine               - language: ObjectProperty [value: ENGLISH]
01:11:40.537 [FXGL Background Thread 3 ] DEBUG Engine               - menuKey: ESCAPE
01:11:40.537 [FXGL Background Thread 3 ] DEBUG Engine               - mouseSensitivity: 0.2
01:11:40.537 [FXGL Background Thread 3 ] DEBUG Engine               - notificationViewClass: class com.almasb.fxgl.notification.view.XboxNotificationView
01:11:40.537 [FXGL Background Thread 3 ] DEBUG Engine               - pixelsPerMeter: 50.0
01:11:40.537 [FXGL Background Thread 3 ] DEBUG Engine               - platform: WINDOWS
01:11:40.537 [FXGL Background Thread 3 ] DEBUG Engine               - prefHeightProperty: ReadOnlyDoubleProperty [value: 720.0]
01:11:40.537 [FXGL Background Thread 3 ] DEBUG Engine               - prefWidthProperty: ReadOnlyDoubleProperty [value: 1280.0]
01:11:40.537 [FXGL Background Thread 3 ] DEBUG Engine               - profileDir: profiles/
01:11:40.537 [FXGL Background Thread 3 ] DEBUG Engine               - profileName: StringProperty [value: DEFAULT]
01:11:40.538 [FXGL Background Thread 3 ] DEBUG Engine               - randomSeed: -1
01:11:40.538 [FXGL Background Thread 3 ] DEBUG Engine               - runtimeInfo: RuntimeInfo(platform=WINDOWS, version=21+dev-SNAPSHOT, build=26.03.2024 21.04)
01:11:40.538 [FXGL Background Thread 3 ] DEBUG Engine               - saveFileExt: sav
01:11:40.538 [FXGL Background Thread 3 ] DEBUG Engine               - scaledHeightProp$fxgl: DoubleProperty [bound, value: 720.0]
01:11:40.538 [FXGL Background Thread 3 ] DEBUG Engine               - scaledWidthProp$fxgl: DoubleProperty [bound, value: 1280.0]
01:11:40.538 [FXGL Background Thread 3 ] DEBUG Engine               - sceneFactory: org.example.core.GameApp$1@a432d8f
01:11:40.538 [FXGL Background Thread 3 ] DEBUG Engine               - secondsIn24h: 60
01:11:40.538 [FXGL Background Thread 3 ] DEBUG Engine               - soundMenuBack: menu/back.wav
01:11:40.538 [FXGL Background Thread 3 ] DEBUG Engine               - soundMenuPress: menu/press.wav
01:11:40.538 [FXGL Background Thread 3 ] DEBUG Engine               - soundMenuSelect: menu/select.wav
01:11:40.538 [FXGL Background Thread 3 ] DEBUG Engine               - soundNotification: core/notification.wav
01:11:40.539 [FXGL Background Thread 3 ] DEBUG Engine               - stageStyle: DECORATED
01:11:40.539 [FXGL Background Thread 3 ] DEBUG Engine               - supportedLanguages: [ENGLISH, FRENCH, GERMAN, HUNGARIAN, RUSSIAN]
01:11:40.539 [FXGL Background Thread 3 ] DEBUG Engine               - ticksPerSecond: -1
01:11:40.539 [FXGL Background Thread 3 ] DEBUG Engine               - title: Prototype Game
01:11:40.539 [FXGL Background Thread 3 ] DEBUG Engine               - urlGithub: https://github.com/AlmasB/FXGL
01:11:40.539 [FXGL Background Thread 3 ] DEBUG Engine               - urlLeaderboard: http://fxgl-top.herokuapp.com/
01:11:40.539 [FXGL Background Thread 3 ] DEBUG Engine               - urlPOM: https://raw.githubusercontent.com/AlmasB/FXGL/release/README.md
01:11:40.539 [FXGL Background Thread 3 ] DEBUG Engine               - userAppClass: class org.example.core.GameApp
01:11:40.539 [FXGL Background Thread 3 ] DEBUG Engine               - version: 0.1.5
01:11:40.539 [FXGL Background Thread 3 ] DEBUG Engine               - versionCheckDays: 7
01:11:40.539 [FXGL Background Thread 3 ] DEBUG Engine               - width: 1280
01:11:40.539 [FXGL Background Thread 3 ] DEBUG Engine               - Logging services
01:11:40.539 [FXGL Background Thread 3 ] DEBUG Engine               - class com.almasb.fxgl.app.services.FXGLAssetLoaderService
01:11:40.539 [FXGL Background Thread 3 ] DEBUG Engine               - class com.almasb.fxgl.app.FXGLApplication$GameApplicationService
01:11:40.539 [FXGL Background Thread 3 ] DEBUG Engine               - class com.almasb.fxgl.app.services.FXGLDialogService
01:11:40.539 [FXGL Background Thread 3 ] DEBUG Engine               - class com.almasb.fxgl.app.services.IOTaskExecutorService
01:11:40.540 [FXGL Background Thread 3 ] DEBUG Engine               - class com.almasb.fxgl.io.FileSystemService
01:11:40.540 [FXGL Background Thread 3 ] DEBUG Engine               - class com.almasb.fxgl.localization.LocalizationService
01:11:40.540 [FXGL Background Thread 3 ] DEBUG Engine               - class com.almasb.fxgl.app.services.SystemBundleService
01:11:40.540 [FXGL Background Thread 3 ] DEBUG Engine               - class com.almasb.fxgl.profile.SaveLoadService
01:11:40.540 [FXGL Background Thread 3 ] DEBUG Engine               - class com.almasb.fxgl.ui.FXGLUIFactoryServiceProvider
01:11:40.540 [FXGL Background Thread 3 ] DEBUG Engine               - class com.almasb.fxgl.ui.FXGLDialogFactoryServiceProvider
01:11:40.540 [FXGL Background Thread 3 ] DEBUG Engine               - class com.almasb.fxgl.audio.AudioPlayer
01:11:40.540 [FXGL Background Thread 3 ] DEBUG Engine               - class com.almasb.fxgl.notification.impl.NotificationServiceProvider
01:11:40.540 [FXGL Background Thread 3 ] DEBUG Engine               - class com.almasb.fxgl.achievement.AchievementService
01:11:40.540 [FXGL Background Thread 3 ] DEBUG Engine               - class com.almasb.fxgl.cutscene.CutsceneService
01:11:40.540 [FXGL Background Thread 3 ] DEBUG Engine               - class com.almasb.fxgl.minigames.MiniGameService
01:11:40.540 [FXGL Background Thread 3 ] DEBUG Engine               - class com.almasb.fxgl.net.NetService
01:11:40.540 [FXGL Background Thread 3 ] DEBUG Engine               - class com.almasb.fxgl.app.services.UpdaterService
01:11:40.540 [FXGL Background Thread 3 ] DEBUG Engine               - class com.almasb.fxgl.dev.DevService
01:11:40.557 [JavaFX Application Thread] DEBUG GameWorld            - Game world initialized
01:11:40.558 [JavaFX Application Thread] DEBUG PhysicsWorld         - Physics world initialized: appHeight=720, physics.ppm=50.0
01:11:40.559 [JavaFX Application Thread] DEBUG PhysicsWorld         - Using strategy: BRUTE_FORCE
01:11:40.560 [JavaFX Application Thread] DEBUG GameScene            - Game scene initialized: 1280x720
01:11:40.675 [JavaFX Application Thread] DEBUG PrimaryStageWindow   - Push state: MainMenuScene
01:11:40.696 [JavaFX Application Thread] DEBUG Input                - Clearing active input actions
01:11:40.706 [JavaFX Application Thread] DEBUG GameApplicationServi - Removing overlay from LoginScene and adding to MainMenuScene
01:11:40.707 [JavaFX Application Thread] DEBUG PrimaryStageWindow   - LoginScene -> MainMenuScene
01:11:40.707 [JavaFX Application Thread] DEBUG GameWorld            - Game world initialized
01:11:40.709 [JavaFX Application Thread] DEBUG PhysicsWorld         - Physics world initialized: appHeight=720, physics.ppm=50.0
01:11:40.709 [JavaFX Application Thread] DEBUG PhysicsWorld         - Using strategy: BRUTE_FORCE
01:11:40.710 [JavaFX Application Thread] DEBUG GameScene            - Game scene initialized: 1280x720
01:11:40.752 [JavaFX Application Thread] DEBUG PrimaryStageWindow   - Push state: MainMenuScene
01:11:40.842 [JavaFX Application Thread] DEBUG Input                - Clearing active input actions
01:11:40.844 [JavaFX Application Thread] DEBUG GameApplicationServi - Removing overlay from MainMenuScene and adding to MainMenuScene
01:11:40.844 [JavaFX Application Thread] DEBUG PrimaryStageWindow   - MainMenuScene -> MainMenuScene
01:11:42.198 [JavaFX Application Thread] DEBUG GameApplicationServi - Starting new game
01:11:42.199 [JavaFX Application Thread] DEBUG PrimaryStageWindow   - Pop state: MainMenuScene
01:11:42.199 [JavaFX Application Thread] DEBUG Input                - Clearing active input actions
01:11:42.202 [JavaFX Application Thread] DEBUG GameApplicationServi - Removing overlay from MainMenuScene and adding to MainMenuScene
01:11:42.202 [JavaFX Application Thread] DEBUG PrimaryStageWindow   - MainMenuScene <- MainMenuScene
01:11:42.280 [JavaFX Application Thread] DEBUG PrimaryStageWindow   - Pop state: MainMenuScene
01:11:42.280 [JavaFX Application Thread] DEBUG Input                - Clearing active input actions
01:11:42.280 [JavaFX Application Thread] DEBUG GameApplicationServi - Removing overlay from MainMenuScene and adding to LoginScene
01:11:42.281 [JavaFX Application Thread] DEBUG PrimaryStageWindow   - LoginScene <- MainMenuScene
01:11:42.336 [JavaFX Application Thread] DEBUG PrimaryStageWindow   - Pop state: LoginScene
01:11:42.336 [JavaFX Application Thread] DEBUG Input                - Clearing active input actions
01:11:42.337 [JavaFX Application Thread] DEBUG GameApplicationServi - Removing overlay from LoginScene and adding to FXGLMainMenuDummyScene
01:11:42.337 [JavaFX Application Thread] DEBUG PrimaryStageWindow   - FXGLMainMenuDummyScene <- LoginScene
01:11:42.338 [JavaFX Application Thread] DEBUG Input                - Clearing active input actions
01:11:42.349 [JavaFX Application Thread] DEBUG GameApplicationServi - Removing overlay from FXGLMainMenuDummyScene and adding to FXGLLoadingScene
01:11:42.349 [JavaFX Application Thread] DEBUG PrimaryStageWindow   - FXGLMainMenuDummyScene -> FXGLLoadingScene
01:11:42.349 [JavaFX Application Thread] DEBUG GameApplicationServi - Clearing previous game
01:11:42.349 [JavaFX Application Thread] DEBUG GameScene            - Clearing game scene
01:11:42.349 [JavaFX Application Thread] DEBUG GameWorld            - Clearing game world
01:11:42.349 [JavaFX Application Thread] DEBUG PhysicsWorld         - Clearing physics world
01:11:42.352 [FXGL Background Thread 2 ] DEBUG FXGLApplication      - Initializing game
01:11:42.389 [FXGL Background Thread 2 ] DEBUG FXGLAssetLoaderServi - Loading from file system: file:/C:/Users/kurtd/Documents/GitHub/TheOnlyException/Test/target/classes/assets/textures/worlda.png
01:11:42.508 [FXGL Background Thread 2 ] DEBUG FXGLAssetLoaderServi - Loading from file system: file:/C:/Users/kurtd/Documents/GitHub/TheOnlyException/Test/target/classes/assets/textures/player-scaled.png
01:11:42.665 [FXGL Background Thread 2 ] INFO  FXGLApplication      - Game initialization took: 0.314 sec
01:11:42.672 [JavaFX Application Thread] DEBUG Input                - Clearing active input actions
01:11:42.685 [JavaFX Application Thread] DEBUG GameApplicationServi - Removing overlay from FXGLLoadingScene and adding to GameScene
01:11:42.686 [JavaFX Application Thread] DEBUG PrimaryStageWindow   - FXGLLoadingScene -> GameScene
01:11:43.295 [JavaFX Application Thread] DEBUG FXGLAssetLoaderServi - Loading from file system: file:/C:/Users/kurtd/Documents/GitHub/TheOnlyException/Test/target/classes/assets/textures/MaggotWalk-scaled-recolored.png
01:11:43.303 [JavaFX Application Thread] DEBUG FXGLAssetLoaderServi - Loading from file system: file:/C:/Users/kurtd/Documents/GitHub/TheOnlyException/Test/target/classes/assets/textures/BeetleMove-scaled-recolored.png
01:11:43.306 [JavaFX Application Thread] DEBUG FXGLAssetLoaderServi - Loading from file system: file:/C:/Users/kurtd/Documents/GitHub/TheOnlyException/Test/target/classes/assets/textures/MantisMove-scaled-recolored.png
01:11:43.309 [JavaFX Application Thread] DEBUG FXGLAssetLoaderServi - Loading from file system: file:/C:/Users/kurtd/Documents/GitHub/TheOnlyException/Test/target/classes/assets/textures/BeeMove-scaled-recolored.png
01:11:43.312 [JavaFX Application Thread] DEBUG FXGLAssetLoaderServi - Loading from file system: file:/C:/Users/kurtd/Documents/GitHub/TheOnlyException/Test/target/classes/assets/textures/GiantFly-recolored.png
01:11:43.315 [JavaFX Application Thread] DEBUG FXGLAssetLoaderServi - Loading from file system: file:/C:/Users/kurtd/Documents/GitHub/TheOnlyException/Test/target/classes/assets/textures/DragonFly-recolored.png
01:11:47.203 [JavaFX Application Thread] DEBUG FXGLAssetLoaderServi - Loading from file system: file:/C:/Users/kurtd/Documents/GitHub/TheOnlyException/Test/target/classes/assets/textures/memorychip.png
01:11:49.743 [JavaFX Application Thread] DEBUG FXGLAssetLoaderServi - Loading from file system: file:/C:/Users/kurtd/Documents/GitHub/TheOnlyException/Test/target/classes/assets/textures/firewallshield.png
01:11:49.775 [JavaFX Application Thread] DEBUG FXGLAssetLoaderServi - Loading from file system: file:/C:/Users/kurtd/Documents/GitHub/TheOnlyException/Test/target/classes/assets/textures/systemrestore.png
01:11:49.805 [JavaFX Application Thread] DEBUG FXGLAssetLoaderServi - Loading from file system: file:/C:/Users/kurtd/Documents/GitHub/TheOnlyException/Test/target/classes/assets/textures/nullblaster.png
01:11:49.845 [JavaFX Application Thread] DEBUG FXGLAssetLoaderServi - Loading from file system: file:/C:/Users/kurtd/Documents/GitHub/TheOnlyException/Test/target/classes/assets/textures/realtimedefense.png
01:11:49.889 [JavaFX Application Thread] DEBUG PrimaryStageWindow   - Push state: DialogSubScene
01:11:49.890 [JavaFX Application Thread] DEBUG Input                - Clearing active input actions
01:11:49.903 [JavaFX Application Thread] DEBUG GameApplicationServi - Removing overlay from GameScene and adding to DialogSubScene
01:11:49.903 [JavaFX Application Thread] DEBUG PrimaryStageWindow   - GameScene -> DialogSubScene
01:11:53.240 [JavaFX Application Thread] DEBUG PrimaryStageWindow   - Pop state: DialogSubScene
01:11:53.240 [JavaFX Application Thread] DEBUG Input                - Clearing active input actions
01:11:53.241 [JavaFX Application Thread] DEBUG GameApplicationServi - Removing overlay from DialogSubScene and adding to GameScene
01:11:53.241 [JavaFX Application Thread] DEBUG PrimaryStageWindow   - GameScene <- DialogSubScene
01:11:53.242 [JavaFX Application Thread] DEBUG FXGLAssetLoaderServi - Loading from file system: file:/C:/Users/kurtd/Documents/GitHub/TheOnlyException/Test/target/classes/assets/textures/realtimedefenseaura.png
01:11:53.914 [JavaFX Application Thread] DEBUG GameWorld            - Game world initialized
01:11:53.915 [JavaFX Application Thread] DEBUG PhysicsWorld         - Physics world initialized: appHeight=720, physics.ppm=50.0
01:11:53.915 [JavaFX Application Thread] DEBUG PhysicsWorld         - Using strategy: BRUTE_FORCE
01:11:53.916 [JavaFX Application Thread] DEBUG GameScene            - Game scene initialized: 1280x720
01:11:53.984 [JavaFX Application Thread] DEBUG PrimaryStageWindow   - Push state: PauseScene
01:11:53.985 [JavaFX Application Thread] DEBUG Input                - Clearing active input actions
01:11:54.001 [JavaFX Application Thread] DEBUG GameApplicationServi - Removing overlay from GameScene and adding to PauseScene
01:11:54.001 [JavaFX Application Thread] DEBUG PrimaryStageWindow   - GameScene -> PauseScene
01:12:05.185 [JavaFX Application Thread] DEBUG PrimaryStageWindow   - Pop state: PauseScene
01:12:05.185 [JavaFX Application Thread] DEBUG Input                - Clearing active input actions
01:12:05.186 [JavaFX Application Thread] DEBUG GameApplicationServi - Removing overlay from PauseScene and adding to GameScene
01:12:05.186 [JavaFX Application Thread] DEBUG PrimaryStageWindow   - GameScene <- PauseScene
01:12:10.173 [JavaFX Application Thread] DEBUG FXGLAssetLoaderServi - Loading from file system: file:/C:/Users/kurtd/Documents/GitHub/TheOnlyException/Test/target/classes/assets/textures/shortcircuit.png
01:12:10.204 [JavaFX Application Thread] DEBUG FXGLAssetLoaderServi - Loading from file system: file:/C:/Users/kurtd/Documents/GitHub/TheOnlyException/Test/target/classes/assets/textures/smolderprotocol.png
01:12:10.256 [JavaFX Application Thread] DEBUG PrimaryStageWindow   - Push state: DialogSubScene
01:12:10.256 [JavaFX Application Thread] DEBUG Input                - Clearing active input actions
01:12:10.257 [JavaFX Application Thread] DEBUG GameApplicationServi - Removing overlay from GameScene and adding to DialogSubScene
01:12:10.257 [JavaFX Application Thread] DEBUG PrimaryStageWindow   - GameScene -> DialogSubScene
01:12:12.552 [JavaFX Application Thread] DEBUG PrimaryStageWindow   - Pop state: DialogSubScene
01:12:12.552 [JavaFX Application Thread] DEBUG Input                - Clearing active input actions
01:12:12.553 [JavaFX Application Thread] DEBUG GameApplicationServi - Removing overlay from DialogSubScene and adding to GameScene
01:12:12.553 [JavaFX Application Thread] DEBUG PrimaryStageWindow   - GameScene <- DialogSubScene
01:12:17.708 [JavaFX Application Thread] DEBUG PrimaryStageWindow   - Push state: DialogSubScene
01:12:17.708 [JavaFX Application Thread] DEBUG Input                - Clearing active input actions
01:12:17.709 [JavaFX Application Thread] DEBUG GameApplicationServi - Removing overlay from GameScene and adding to DialogSubScene
01:12:17.709 [JavaFX Application Thread] DEBUG PrimaryStageWindow   - GameScene -> DialogSubScene
01:12:18.761 [JavaFX Application Thread] DEBUG PrimaryStageWindow   - Pop state: DialogSubScene
01:12:18.761 [JavaFX Application Thread] DEBUG Input                - Clearing active input actions
01:12:18.763 [JavaFX Application Thread] DEBUG GameApplicationServi - Removing overlay from DialogSubScene and adding to GameScene
01:12:18.763 [JavaFX Application Thread] DEBUG PrimaryStageWindow   - GameScene <- DialogSubScene
01:12:23.640 [JavaFX Application Thread] DEBUG PrimaryStageWindow   - Push state: DialogSubScene
01:12:23.640 [JavaFX Application Thread] DEBUG Input                - Clearing active input actions
01:12:23.641 [JavaFX Application Thread] DEBUG GameApplicationServi - Removing overlay from GameScene and adding to DialogSubScene
01:12:23.641 [JavaFX Application Thread] DEBUG PrimaryStageWindow   - GameScene -> DialogSubScene
01:12:24.777 [JavaFX Application Thread] DEBUG PrimaryStageWindow   - Pop state: DialogSubScene
01:12:24.777 [JavaFX Application Thread] DEBUG Input                - Clearing active input actions
01:12:24.778 [JavaFX Application Thread] DEBUG GameApplicationServi - Removing overlay from DialogSubScene and adding to GameScene
01:12:24.778 [JavaFX Application Thread] DEBUG PrimaryStageWindow   - GameScene <- DialogSubScene
01:12:25.914 [JavaFX Application Thread] DEBUG FXGLAssetLoaderServi - Loading from file system: file:/C:/Users/kurtd/Documents/GitHub/TheOnlyException/Test/target/classes/assets/textures/smolder.png
01:12:29.545 [JavaFX Application Thread] DEBUG GameWorld            - Game world initialized
01:12:29.546 [JavaFX Application Thread] DEBUG PhysicsWorld         - Physics world initialized: appHeight=720, physics.ppm=50.0
01:12:29.546 [JavaFX Application Thread] DEBUG PhysicsWorld         - Using strategy: BRUTE_FORCE
01:12:29.546 [JavaFX Application Thread] DEBUG GameScene            - Game scene initialized: 1280x720
01:12:29.575 [JavaFX Application Thread] DEBUG PrimaryStageWindow   - Push state: PauseScene
01:12:29.575 [JavaFX Application Thread] DEBUG Input                - Clearing active input actions
01:12:29.576 [JavaFX Application Thread] DEBUG GameApplicationServi - Removing overlay from GameScene and adding to PauseScene
01:12:29.577 [JavaFX Application Thread] DEBUG PrimaryStageWindow   - GameScene -> PauseScene
01:12:31.681 [JavaFX Application Thread] DEBUG FXGLApplication      - Exiting FXGL
01:12:31.681 [JavaFX Application Thread] DEBUG LoopRunner           - Stopping loop
01:12:31.681 [JavaFX Application Thread] DEBUG SystemBundleService  - Saving FXGL system data
01:12:31.683 [JavaFX Application Thread] DEBUG FileSystemAccess     - Writing to: C:\Users\kurtd\Documents\GitHub\TheOnlyException\system\fxgl.bundle
01:12:31.684 [JavaFX Application Thread] DEBUG Async                - Shutting down background threads
01:12:31.684 [JavaFX Application Thread] DEBUG PrimaryStageWindow   - Closing main window
01:12:31.710 [JavaFX Application Thread] DEBUG Logger               - Closing Logger
