10:52:23.813 [main                     ] DEBUG Logger               - Configured Logger
10:52:23.816 [main                     ] DEBUG GameApplication      - Logging settings
Title: Prototype
Version: 0.1.5
Width: 1280
Height: 720
Fullscreen: false
Intro: false
Profiling: false
Single step:false
App Mode: DEVELOPER
Menu Key: ESCAPE
Stage Style: DECORATED
Scene Factory: class org.example.GameApp$1

10:52:24.105 [JavaFX Application Thread] DEBUG FXGLApplication      - Initializing FXGL
10:52:24.107 [JavaFX Application Thread] INFO  Engine               - FXGL-17+dev-SNAPSHOT (23.08.2022 11.12) on WINDOWS (J:24 FX:18)
10:52:24.107 [JavaFX Application Thread] DEBUG Engine               - JRE Vendor Name: Oracle Corporation
10:52:24.107 [JavaFX Application Thread] DEBUG Engine               - Running on OS: Windows 11 version 10.0
10:52:24.107 [JavaFX Application Thread] DEBUG Engine               - Architecture: amd64
10:52:24.108 [JavaFX Application Thread] INFO  Engine               - Source code and latest versions at: https://github.com/AlmasB/FXGL
10:52:24.108 [JavaFX Application Thread] INFO  Engine               -       Ask questions and discuss at: https://github.com/AlmasB/FXGL/discussions
10:52:24.108 [JavaFX Application Thread] INFO  Engine               -              Join the FXGL chat at: https://gitter.im/AlmasB/FXGL
10:52:24.185 [JavaFX Application Thread] DEBUG PrimaryStageWindow   - Creating a JavaFX scene
10:52:24.221 [JavaFX Application Thread] DEBUG PrimaryStageWindow   - Target settings size: 1280.0 x 720.0
10:52:24.221 [JavaFX Application Thread] DEBUG PrimaryStageWindow   - Scaled scene size:    1280.0 x 720.0
10:52:24.222 [JavaFX Application Thread] DEBUG PrimaryStageWindow   - Scaled ratio: (1.0, 1.0)
10:52:24.222 [JavaFX Application Thread] DEBUG PrimaryStageWindow   - Set initial scene to FXGLStartupScene
10:52:24.231 [JavaFX Application Thread] DEBUG PrimaryStageWindow   - Opening main window
10:52:24.326 [JavaFX Application Thread] DEBUG PrimaryStageWindow   - Window border size: (16.0, 39.0)
10:52:24.326 [JavaFX Application Thread] DEBUG PrimaryStageWindow   - Scaled size: 1280.0 x 720.0
10:52:24.326 [JavaFX Application Thread] DEBUG PrimaryStageWindow   - Scaled ratio: (1.0, 1.0)
10:52:24.326 [JavaFX Application Thread] DEBUG PrimaryStageWindow   - Scene size: 1280.0 x 720.0
10:52:24.327 [JavaFX Application Thread] DEBUG PrimaryStageWindow   - Stage size: 1296.0 x 759.0
10:52:24.331 [FXGL Background Thread 1 ] DEBUG Engine               - Initializing environment variables
10:52:24.359 [FXGL Background Thread 1 ] DEBUG FXGLAssetLoaderServi - User app class for loading assets: class org.example.GameApp
10:52:24.360 [FXGL Background Thread 1 ] DEBUG GameApplicationServi - Applying CSS: fxgl_dark.css
10:52:24.360 [FXGL Background Thread 1 ] DEBUG FXGLAssetLoaderServi - Loading from file system: jar:file:/C:/Users/primzcm/.m2/repository/com/github/almasb/fxgl/fxgl/17.2/fxgl-17.2.jar!/fxglassets/ui/css/fxgl_dark.css
10:52:24.391 [FXGL Background Thread 1 ] DEBUG GameApplicationServi - Initializing application scenes
10:52:24.421 [FXGL Background Thread 1 ] DEBUG GameWorld            - Game world initialized
10:52:24.462 [FXGL Background Thread 1 ] DEBUG PhysicsWorld         - Physics world initialized: appHeight=720, physics.ppm=50.0
10:52:24.462 [FXGL Background Thread 1 ] DEBUG PhysicsWorld         - Using strategy: BRUTE_FORCE
10:52:24.464 [FXGL Background Thread 1 ] DEBUG GameScene            - Game scene initialized: 1280x720
10:52:24.483 [FXGL Background Thread 1 ] DEBUG FXGL.DefaultMenu     - createMenuBodyGameMenu()
10:52:24.491 [FXGL Background Thread 1 ] DEBUG FXGL.DefaultMenu     - createOptionsMenu()
10:52:24.499 [FXGL Background Thread 1 ] DEBUG FXGLAssetLoaderServi - Loading from file system: jar:file:/C:/Users/primzcm/.m2/repository/com/github/almasb/fxgl/fxgl/17.2/fxgl-17.2.jar!/fxglassets/textures/particles/smoke.png
10:52:24.567 [FXGL Background Thread 1 ] DEBUG FXGLAssetLoaderServi - Loading from file system: jar:file:/C:/Users/primzcm/.m2/repository/com/github/almasb/fxgl/fxgl/17.2/fxgl-17.2.jar!/fxglassets/textures/particles/trace_horizontal.png
10:52:24.594 [FXGL Background Thread 1 ] DEBUG GameApplicationServi - Application scenes initialized
10:52:24.602 [FXGL Background Thread 1 ] DEBUG SystemBundleService  - Loading FXGL system data
10:52:24.603 [FXGL Background Thread 1 ] DEBUG FileSystemAccess     - Reading from: F:\my files\School\2nd year 2nd sem\TheOnlyException\system\fxgl.bundle
10:52:24.605 [FXGL Background Thread 1 ] DEBUG SystemBundleService  - Bundle FXGL: {}
10:52:24.605 [FXGL Background Thread 1 ] DEBUG UpdaterService       - Checking for updates
10:52:24.607 [FXGL Background Thread 4 ] DEBUG FXGLApplication      - Loading fonts
10:52:24.608 [FXGL Background Thread 4 ] DEBUG FXGLAssetLoaderServi - Loading from file system: jar:file:/C:/Users/primzcm/.m2/repository/com/github/almasb/fxgl/fxgl/17.2/fxgl-17.2.jar!/fxglassets/ui/fonts/VarelaRound-Regular.ttf
10:52:24.608 [FXGL Background Thread 1 ] DEBUG FXGLApplication      - Loading default localization
10:52:24.608 [FXGL Background Thread 1 ] DEBUG FXGLAssetLoaderServi - Loading from file system: jar:file:/C:/Users/primzcm/.m2/repository/com/github/almasb/fxgl/fxgl/17.2/fxgl-17.2.jar!/fxglassets/languages/english.lang
10:52:24.614 [FXGL Background Thread 4 ] DEBUG FXGLAssetLoaderServi - Loading from file system: jar:file:/C:/Users/primzcm/.m2/repository/com/github/almasb/fxgl/fxgl/17.2/fxgl-17.2.jar!/fxglassets/ui/fonts/Abel-Regular.ttf
10:52:24.615 [FXGL Background Thread 4 ] DEBUG FXGLAssetLoaderServi - Loading from file system: jar:file:/C:/Users/primzcm/.m2/repository/com/github/almasb/fxgl/fxgl/17.2/fxgl-17.2.jar!/fxglassets/ui/fonts/TerminalLandMono-Regular.otf
10:52:24.617 [FXGL Background Thread 4 ] DEBUG FXGLAssetLoaderServi - Loading from file system: jar:file:/C:/Users/primzcm/.m2/repository/com/github/almasb/fxgl/fxgl/17.2/fxgl-17.2.jar!/fxglassets/ui/fonts/Courier-Prime.ttf
10:52:24.620 [JavaFX Application Thread] DEBUG FXGLApplication      - Registering font factories with UI factory
10:52:24.629 [FXGL Background Thread 1 ] INFO  FXGLApplication      - FXGL initialization took: 0.298 sec
10:52:24.635 [JavaFX Application Thread] DEBUG Input                - Registered new binding: action0 - A
10:52:24.635 [JavaFX Application Thread] DEBUG Input                - Registered new binding: action1 - D
10:52:24.636 [JavaFX Application Thread] DEBUG Input                - Registered new binding: action2 - W
10:52:24.636 [JavaFX Application Thread] DEBUG Input                - Registered new binding: action3 - S
10:52:24.636 [JavaFX Application Thread] DEBUG FXGLAssetLoaderServi - Loading from file system: jar:file:/C:/Users/primzcm/.m2/repository/com/github/almasb/fxgl/fxgl/17.2/fxgl-17.2.jar!/fxglassets/textures/fxgl_icon.png
10:52:24.664 [JavaFX Application Thread] DEBUG FXGLAssetLoaderServi - Loading from file system: jar:file:/C:/Users/primzcm/.m2/repository/com/github/almasb/fxgl/fxgl/17.2/fxgl-17.2.jar!/fxglassets/textures/fxgl_default_cursor.png
10:52:24.666 [JavaFX Application Thread] DEBUG Input                - Registered new binding: Screenshot - CTRL+8
10:52:24.666 [JavaFX Application Thread] DEBUG Input                - Registered new binding: System info dump - CTRL+9
10:52:24.667 [JavaFX Application Thread] DEBUG Input                - Registered new binding: Restart - CTRL+R
10:52:24.668 [JavaFX Application Thread] DEBUG Input                - Registered new binding: Toggle Debug Camera - CTRL+7
10:52:24.672 [JavaFX Application Thread] DEBUG LoopRunner           - Starting loop
10:52:24.672 [JavaFX Application Thread] DEBUG LoopRunner           - Initializing JavaFX AnimationTimerLoop
10:52:24.676 [JavaFX Application Thread] DEBUG Input                - Clearing active input actions
10:52:24.682 [JavaFX Application Thread] DEBUG GameApplicationServi - Removing overlay from FXGLStartupScene and adding to FXGLMainMenuDummyScene
10:52:24.682 [JavaFX Application Thread] DEBUG PrimaryStageWindow   - FXGLStartupScene -> FXGLMainMenuDummyScene
10:52:24.682 [JavaFX Application Thread] DEBUG PrimaryStageWindow   - Push state: NameInputScene
10:52:24.682 [JavaFX Application Thread] DEBUG Input                - Clearing active input actions
10:52:24.693 [JavaFX Application Thread] DEBUG GameApplicationServi - Removing overlay from FXGLMainMenuDummyScene and adding to NameInputScene
10:52:24.693 [JavaFX Application Thread] DEBUG PrimaryStageWindow   - FXGLMainMenuDummyScene -> NameInputScene
10:52:24.916 [FXGL Background Thread 2 ] INFO  UpdaterService       - Your current version:  17+dev-SNAPSHOT
10:52:24.916 [FXGL Background Thread 2 ] INFO  UpdaterService       - Latest stable version: 21.1
10:52:27.002 [JavaFX Application Thread] DEBUG Menu                 - fireNewGame()
10:52:27.002 [JavaFX Application Thread] DEBUG GameApplicationServi - Starting new game
10:52:27.003 [JavaFX Application Thread] DEBUG PrimaryStageWindow   - Pop state: NameInputScene
10:52:27.003 [JavaFX Application Thread] DEBUG Input                - Clearing active input actions
10:52:27.003 [JavaFX Application Thread] DEBUG GameApplicationServi - Removing overlay from NameInputScene and adding to FXGLMainMenuDummyScene
10:52:27.003 [JavaFX Application Thread] DEBUG PrimaryStageWindow   - FXGLMainMenuDummyScene <- NameInputScene
10:52:27.004 [JavaFX Application Thread] DEBUG Input                - Clearing active input actions
10:52:27.008 [JavaFX Application Thread] DEBUG GameApplicationServi - Removing overlay from FXGLMainMenuDummyScene and adding to FXGLLoadingScene
10:52:27.008 [JavaFX Application Thread] DEBUG PrimaryStageWindow   - FXGLMainMenuDummyScene -> FXGLLoadingScene
10:52:27.008 [JavaFX Application Thread] DEBUG GameApplicationServi - Clearing previous game
10:52:27.008 [JavaFX Application Thread] DEBUG GameScene            - Clearing game scene
10:52:27.008 [JavaFX Application Thread] DEBUG GameWorld            - Clearing game world
10:52:27.008 [JavaFX Application Thread] DEBUG PhysicsWorld         - Clearing physics world
10:52:27.017 [FXGL Background Thread 2 ] DEBUG FXGLApplication      - Initializing game
10:52:27.019 [FXGL Background Thread 2 ] DEBUG Input                - Clearing active input actions
10:52:27.028 [FXGL Background Thread 2 ] DEBUG FXGLAssetLoaderServi - Loading from file system: file:/F:/my%20files/School/2nd%20year%202nd%20sem/TheOnlyException/Test/target/classes/assets/textures/dasd.png
10:52:27.044 [FXGL Background Thread 2 ] DEBUG FXGLAssetLoaderServi - Loading from file system: file:/F:/my%20files/School/2nd%20year%202nd%20sem/TheOnlyException/Test/target/classes/assets/textures/player-scaled.png
10:52:27.077 [FXGL Background Thread 2 ] INFO  FXGLApplication      - Game initialization took: 0.060 sec
10:52:27.078 [JavaFX Application Thread] DEBUG Input                - Clearing active input actions
10:52:27.082 [JavaFX Application Thread] DEBUG GameApplicationServi - Removing overlay from FXGLLoadingScene and adding to GameScene
10:52:27.083 [JavaFX Application Thread] DEBUG PrimaryStageWindow   - FXGLLoadingScene -> GameScene
10:52:27.561 [JavaFX Application Thread] DEBUG FXGLAssetLoaderServi - Loading from file system: file:/F:/my%20files/School/2nd%20year%202nd%20sem/TheOnlyException/Test/target/classes/assets/textures/MaggotWalk-scaled.png
10:52:27.607 [FXGL Background Thread 3 ] DEBUG Engine               - Logging environment variables
10:52:27.607 [FXGL Background Thread 3 ] DEBUG Engine               - achievements: []
10:52:27.607 [FXGL Background Thread 3 ] DEBUG Engine               - actualHeight: 720.0
10:52:27.607 [FXGL Background Thread 3 ] DEBUG Engine               - actualHeightProperty: ReadOnlyDoubleProperty [value: 720.0]
10:52:27.607 [FXGL Background Thread 3 ] DEBUG Engine               - actualWidth: 1280.0
10:52:27.607 [FXGL Background Thread 3 ] DEBUG Engine               - actualWidthProperty: ReadOnlyDoubleProperty [value: 1280.0]
10:52:27.607 [FXGL Background Thread 3 ] DEBUG Engine               - appIcon: fxgl_icon.png
10:52:27.607 [FXGL Background Thread 3 ] DEBUG Engine               - applicationMode: DEVELOPER
10:52:27.607 [FXGL Background Thread 3 ] DEBUG Engine               - cSSList: [fxgl_dark.css]
10:52:27.607 [FXGL Background Thread 3 ] DEBUG Engine               - collisionDetectionStrategy: BRUTE_FORCE
10:52:27.607 [FXGL Background Thread 3 ] DEBUG Engine               - configClass: Optional.empty
10:52:27.607 [FXGL Background Thread 3 ] DEBUG Engine               - credits: []
10:52:27.607 [FXGL Background Thread 3 ] DEBUG Engine               - defaultCursor: CursorInfo(imageName=fxgl_default_cursor.png, hotspotX=7.0, hotspotY=6.0)
10:52:27.607 [FXGL Background Thread 3 ] DEBUG Engine               - devBBoxColorProperty: ObjectProperty [value: 0xff0000ff]
10:52:27.607 [FXGL Background Thread 3 ] DEBUG Engine               - devEnableDebugCameraProperty: BooleanProperty [value: false]
10:52:27.608 [FXGL Background Thread 3 ] DEBUG Engine               - devSensorColorProperty: ObjectProperty [value: 0xffff00ff]
10:52:27.608 [FXGL Background Thread 3 ] DEBUG Engine               - devShowBBoxProperty: BooleanProperty [value: false]
10:52:27.608 [FXGL Background Thread 3 ] DEBUG Engine               - devShowPositionProperty: BooleanProperty [value: false]
10:52:27.608 [FXGL Background Thread 3 ] DEBUG Engine               - enabledMenuItems: []
10:52:27.608 [FXGL Background Thread 3 ] DEBUG Engine               - engineServices: [class com.almasb.fxgl.app.services.FXGLAssetLoaderService, class com.almasb.fxgl.app.FXGLApplication$GameApplicationService, class com.almasb.fxgl.app.services.FXGLDialogService, class com.almasb.fxgl.app.services.IOTaskExecutorService, class com.almasb.fxgl.io.FileSystemService, class com.almasb.fxgl.localization.LocalizationService, class com.almasb.fxgl.app.services.SystemBundleService, class com.almasb.fxgl.profile.SaveLoadService, class com.almasb.fxgl.ui.FXGLUIFactoryServiceProvider, class com.almasb.fxgl.ui.FXGLDialogFactoryServiceProvider, class com.almasb.fxgl.audio.AudioPlayer, class com.almasb.fxgl.notification.impl.NotificationServiceProvider, class com.almasb.fxgl.achievement.AchievementService, class com.almasb.fxgl.cutscene.CutsceneService, class com.almasb.fxgl.minigames.MiniGameService, class com.almasb.fxgl.net.NetService, class com.almasb.fxgl.app.services.UpdaterService, class com.almasb.fxgl.dev.DevService]
10:52:27.608 [FXGL Background Thread 3 ] DEBUG Engine               - fontGame: Abel-Regular.ttf
10:52:27.608 [FXGL Background Thread 3 ] DEBUG Engine               - fontMono: TerminalLandMono-Regular.otf
10:52:27.608 [FXGL Background Thread 3 ] DEBUG Engine               - fontText: Courier-Prime.ttf
10:52:27.608 [FXGL Background Thread 3 ] DEBUG Engine               - fontUI: VarelaRound-Regular.ttf
10:52:27.608 [FXGL Background Thread 3 ] DEBUG Engine               - fullScreen: BooleanProperty [value: false]
10:52:27.608 [FXGL Background Thread 3 ] DEBUG Engine               - gameDifficulty: MEDIUM
10:52:27.608 [FXGL Background Thread 3 ] DEBUG Engine               - gameDifficultyProperty: ObjectProperty [value: MEDIUM]
10:52:27.608 [FXGL Background Thread 3 ] DEBUG Engine               - globalMusicVolume: 0.5
10:52:27.608 [FXGL Background Thread 3 ] DEBUG Engine               - globalMusicVolumeProperty: DoubleProperty [value: 0.5]
10:52:27.608 [FXGL Background Thread 3 ] DEBUG Engine               - globalSoundVolume: 0.5
10:52:27.608 [FXGL Background Thread 3 ] DEBUG Engine               - globalSoundVolumeProperty: DoubleProperty [value: 0.5]
10:52:27.608 [FXGL Background Thread 3 ] DEBUG Engine               - height: 720
10:52:27.608 [FXGL Background Thread 3 ] DEBUG Engine               - is3D: false
10:52:27.608 [FXGL Background Thread 3 ] DEBUG Engine               - isAndroid: false
10:52:27.608 [FXGL Background Thread 3 ] DEBUG Engine               - isBrowser: false
10:52:27.608 [FXGL Background Thread 3 ] DEBUG Engine               - isClickFeedbackEnabled: false
10:52:27.608 [FXGL Background Thread 3 ] DEBUG Engine               - isCloseConfirmation: false
10:52:27.608 [FXGL Background Thread 3 ] DEBUG Engine               - isDesktop: true
10:52:27.608 [FXGL Background Thread 3 ] DEBUG Engine               - isDeveloperMenuEnabled: false
10:52:27.608 [FXGL Background Thread 3 ] DEBUG Engine               - isEmbedded: false
10:52:27.608 [FXGL Background Thread 3 ] DEBUG Engine               - isEntityPreloadEnabled: true
10:52:27.608 [FXGL Background Thread 3 ] DEBUG Engine               - isExperimentalTiledLargeMap: false
10:52:27.608 [FXGL Background Thread 3 ] DEBUG Engine               - isFileSystemWriteAllowed: true
10:52:27.608 [FXGL Background Thread 3 ] DEBUG Engine               - isFullScreenAllowed: false
10:52:27.608 [FXGL Background Thread 3 ] DEBUG Engine               - isFullScreenFromStart: false
10:52:27.609 [FXGL Background Thread 3 ] DEBUG Engine               - isGameMenuEnabled: true
10:52:27.609 [FXGL Background Thread 3 ] DEBUG Engine               - isIOS: false
10:52:27.609 [FXGL Background Thread 3 ] DEBUG Engine               - isIntroEnabled: false
10:52:27.609 [FXGL Background Thread 3 ] DEBUG Engine               - isLinux: false
10:52:27.609 [FXGL Background Thread 3 ] DEBUG Engine               - isMac: false
10:52:27.609 [FXGL Background Thread 3 ] DEBUG Engine               - isMainMenuEnabled: true
10:52:27.609 [FXGL Background Thread 3 ] DEBUG Engine               - isManualResizeEnabled: false
10:52:27.609 [FXGL Background Thread 3 ] DEBUG Engine               - isMobile: false
10:52:27.609 [FXGL Background Thread 3 ] DEBUG Engine               - isNative: false
10:52:27.609 [FXGL Background Thread 3 ] DEBUG Engine               - isPauseMusicWhenMinimized: true
10:52:27.609 [FXGL Background Thread 3 ] DEBUG Engine               - isPreserveResizeRatio: false
10:52:27.609 [FXGL Background Thread 3 ] DEBUG Engine               - isProfilingEnabled: false
10:52:27.609 [FXGL Background Thread 3 ] DEBUG Engine               - isScaleAffectedOnResize: true
10:52:27.609 [FXGL Background Thread 3 ] DEBUG Engine               - isSingleStep: false
10:52:27.609 [FXGL Background Thread 3 ] DEBUG Engine               - isUserProfileEnabled: false
10:52:27.609 [FXGL Background Thread 3 ] DEBUG Engine               - isWindows: true
10:52:27.609 [FXGL Background Thread 3 ] DEBUG Engine               - language: ObjectProperty [value: ENGLISH]
10:52:27.609 [FXGL Background Thread 3 ] DEBUG Engine               - menuKey: ESCAPE
10:52:27.609 [FXGL Background Thread 3 ] DEBUG Engine               - mouseSensitivity: 0.2
10:52:27.609 [FXGL Background Thread 3 ] DEBUG Engine               - notificationViewClass: class com.almasb.fxgl.notification.view.XboxNotificationView
10:52:27.609 [FXGL Background Thread 3 ] DEBUG Engine               - pixelsPerMeter: 50.0
10:52:27.609 [FXGL Background Thread 3 ] DEBUG Engine               - platform: WINDOWS
10:52:27.609 [FXGL Background Thread 3 ] DEBUG Engine               - prefHeightProperty: ReadOnlyDoubleProperty [value: 720.0]
10:52:27.609 [FXGL Background Thread 3 ] DEBUG Engine               - prefWidthProperty: ReadOnlyDoubleProperty [value: 1280.0]
10:52:27.609 [FXGL Background Thread 3 ] DEBUG Engine               - profileDir: profiles/
10:52:27.609 [FXGL Background Thread 3 ] DEBUG Engine               - profileName: StringProperty [value: DEFAULT]
10:52:27.609 [FXGL Background Thread 3 ] DEBUG Engine               - randomSeed: -1
10:52:27.609 [FXGL Background Thread 3 ] DEBUG Engine               - runtimeInfo: RuntimeInfo(platform=WINDOWS, version=17+dev-SNAPSHOT, build=23.08.2022 11.12)
10:52:27.609 [FXGL Background Thread 3 ] DEBUG Engine               - saveFileExt: sav
10:52:27.609 [FXGL Background Thread 3 ] DEBUG Engine               - scaledHeightProp$fxgl: DoubleProperty [bound, value: 720.0]
10:52:27.609 [FXGL Background Thread 3 ] DEBUG Engine               - scaledWidthProp$fxgl: DoubleProperty [bound, value: 1280.0]
10:52:27.609 [FXGL Background Thread 3 ] DEBUG Engine               - sceneFactory: org.example.GameApp$1@33e3638
10:52:27.609 [FXGL Background Thread 3 ] DEBUG Engine               - secondsIn24h: 60
10:52:27.609 [FXGL Background Thread 3 ] DEBUG Engine               - soundMenuBack: menu/back.wav
10:52:27.609 [FXGL Background Thread 3 ] DEBUG Engine               - soundMenuPress: menu/press.wav
10:52:27.609 [FXGL Background Thread 3 ] DEBUG Engine               - soundMenuSelect: menu/select.wav
10:52:27.609 [FXGL Background Thread 3 ] DEBUG Engine               - soundNotification: core/notification.wav
10:52:27.609 [FXGL Background Thread 3 ] DEBUG Engine               - stageStyle: DECORATED
10:52:27.609 [FXGL Background Thread 3 ] DEBUG Engine               - supportedLanguages: [ENGLISH, FRENCH, GERMAN, HUNGARIAN, RUSSIAN]
10:52:27.609 [FXGL Background Thread 3 ] DEBUG Engine               - ticksPerSecond: -1
10:52:27.609 [FXGL Background Thread 3 ] DEBUG Engine               - title: Prototype
10:52:27.609 [FXGL Background Thread 3 ] DEBUG Engine               - urlGithub: https://github.com/AlmasB/FXGL
10:52:27.609 [FXGL Background Thread 3 ] DEBUG Engine               - urlLeaderboard: http://fxgl-top.herokuapp.com/
10:52:27.609 [FXGL Background Thread 3 ] DEBUG Engine               - urlPOM: https://raw.githubusercontent.com/AlmasB/FXGL/release/README.md
10:52:27.609 [FXGL Background Thread 3 ] DEBUG Engine               - userAppClass: class org.example.GameApp
10:52:27.609 [FXGL Background Thread 3 ] DEBUG Engine               - version: 0.1.5
10:52:27.609 [FXGL Background Thread 3 ] DEBUG Engine               - versionCheckDays: 7
10:52:27.610 [FXGL Background Thread 3 ] DEBUG Engine               - width: 1280
10:52:27.610 [FXGL Background Thread 3 ] DEBUG Engine               - Logging services
10:52:27.610 [FXGL Background Thread 3 ] DEBUG Engine               - class com.almasb.fxgl.app.services.FXGLAssetLoaderService
10:52:27.610 [FXGL Background Thread 3 ] DEBUG Engine               - class com.almasb.fxgl.app.FXGLApplication$GameApplicationService
10:52:27.610 [FXGL Background Thread 3 ] DEBUG Engine               - class com.almasb.fxgl.app.services.FXGLDialogService
10:52:27.610 [FXGL Background Thread 3 ] DEBUG Engine               - class com.almasb.fxgl.app.services.IOTaskExecutorService
10:52:27.610 [FXGL Background Thread 3 ] DEBUG Engine               - class com.almasb.fxgl.io.FileSystemService
10:52:27.610 [FXGL Background Thread 3 ] DEBUG Engine               - class com.almasb.fxgl.localization.LocalizationService
10:52:27.610 [FXGL Background Thread 3 ] DEBUG Engine               - class com.almasb.fxgl.app.services.SystemBundleService
10:52:27.610 [FXGL Background Thread 3 ] DEBUG Engine               - class com.almasb.fxgl.profile.SaveLoadService
10:52:27.610 [FXGL Background Thread 3 ] DEBUG Engine               - class com.almasb.fxgl.ui.FXGLUIFactoryServiceProvider
10:52:27.610 [FXGL Background Thread 3 ] DEBUG Engine               - class com.almasb.fxgl.ui.FXGLDialogFactoryServiceProvider
10:52:27.610 [FXGL Background Thread 3 ] DEBUG Engine               - class com.almasb.fxgl.audio.AudioPlayer
10:52:27.610 [FXGL Background Thread 3 ] DEBUG Engine               - class com.almasb.fxgl.notification.impl.NotificationServiceProvider
10:52:27.610 [FXGL Background Thread 3 ] DEBUG Engine               - class com.almasb.fxgl.achievement.AchievementService
10:52:27.610 [FXGL Background Thread 3 ] DEBUG Engine               - class com.almasb.fxgl.cutscene.CutsceneService
10:52:27.610 [FXGL Background Thread 3 ] DEBUG Engine               - class com.almasb.fxgl.minigames.MiniGameService
10:52:27.610 [FXGL Background Thread 3 ] DEBUG Engine               - class com.almasb.fxgl.net.NetService
10:52:27.610 [FXGL Background Thread 3 ] DEBUG Engine               - class com.almasb.fxgl.app.services.UpdaterService
10:52:27.610 [FXGL Background Thread 3 ] DEBUG Engine               - class com.almasb.fxgl.dev.DevService
10:52:27.949 [JavaFX Application Thread] DEBUG FXGLAssetLoaderServi - Loading from file system: file:/F:/my%20files/School/2nd%20year%202nd%20sem/TheOnlyException/Test/target/classes/assets/textures/BeetleMove-scaled.png
10:52:28.332 [JavaFX Application Thread] DEBUG FXGLAssetLoaderServi - Loading from file system: file:/F:/my%20files/School/2nd%20year%202nd%20sem/TheOnlyException/Test/target/classes/assets/textures/MantisMove-scaled.png
10:52:30.975 [JavaFX Application Thread] DEBUG PrimaryStageWindow   - Push state: DialogSubScene
10:52:30.975 [JavaFX Application Thread] DEBUG Input                - Clearing active input actions
10:52:30.976 [JavaFX Application Thread] DEBUG GameApplicationServi - Removing overlay from GameScene and adding to DialogSubScene
10:52:30.976 [JavaFX Application Thread] DEBUG PrimaryStageWindow   - GameScene -> DialogSubScene
10:52:32.588 [JavaFX Application Thread] DEBUG PrimaryStageWindow   - Pop state: DialogSubScene
10:52:32.588 [JavaFX Application Thread] DEBUG Input                - Clearing active input actions
10:52:32.588 [JavaFX Application Thread] DEBUG GameApplicationServi - Removing overlay from DialogSubScene and adding to GameScene
10:52:32.588 [JavaFX Application Thread] DEBUG PrimaryStageWindow   - GameScene <- DialogSubScene
10:52:40.198 [JavaFX Application Thread] DEBUG PrimaryStageWindow   - Push state: DialogSubScene
10:52:40.198 [JavaFX Application Thread] DEBUG Input                - Clearing active input actions
10:52:40.198 [JavaFX Application Thread] DEBUG GameApplicationServi - Removing overlay from GameScene and adding to DialogSubScene
10:52:40.198 [JavaFX Application Thread] DEBUG PrimaryStageWindow   - GameScene -> DialogSubScene
10:52:44.330 [JavaFX Application Thread] DEBUG PrimaryStageWindow   - Pop state: DialogSubScene
10:52:44.330 [JavaFX Application Thread] DEBUG Input                - Clearing active input actions
10:52:44.330 [JavaFX Application Thread] DEBUG GameApplicationServi - Removing overlay from DialogSubScene and adding to GameScene
10:52:44.330 [JavaFX Application Thread] DEBUG PrimaryStageWindow   - GameScene <- DialogSubScene
10:52:50.880 [JavaFX Application Thread] DEBUG PrimaryStageWindow   - Push state: DialogSubScene
10:52:50.880 [JavaFX Application Thread] DEBUG Input                - Clearing active input actions
10:52:50.880 [JavaFX Application Thread] DEBUG GameApplicationServi - Removing overlay from GameScene and adding to DialogSubScene
10:52:50.880 [JavaFX Application Thread] DEBUG PrimaryStageWindow   - GameScene -> DialogSubScene
10:52:51.878 [JavaFX Application Thread] DEBUG PrimaryStageWindow   - Pop state: DialogSubScene
10:52:51.878 [JavaFX Application Thread] DEBUG Input                - Clearing active input actions
10:52:51.878 [JavaFX Application Thread] DEBUG GameApplicationServi - Removing overlay from DialogSubScene and adding to GameScene
10:52:51.878 [JavaFX Application Thread] DEBUG PrimaryStageWindow   - GameScene <- DialogSubScene
10:52:59.951 [JavaFX Application Thread] DEBUG PrimaryStageWindow   - Push state: DialogSubScene
10:52:59.952 [JavaFX Application Thread] DEBUG Input                - Clearing active input actions
10:52:59.952 [JavaFX Application Thread] DEBUG GameApplicationServi - Removing overlay from GameScene and adding to DialogSubScene
10:52:59.952 [JavaFX Application Thread] DEBUG PrimaryStageWindow   - GameScene -> DialogSubScene
10:53:00.971 [JavaFX Application Thread] DEBUG PrimaryStageWindow   - Pop state: DialogSubScene
10:53:00.971 [JavaFX Application Thread] DEBUG Input                - Clearing active input actions
10:53:00.971 [JavaFX Application Thread] DEBUG GameApplicationServi - Removing overlay from DialogSubScene and adding to GameScene
10:53:00.971 [JavaFX Application Thread] DEBUG PrimaryStageWindow   - GameScene <- DialogSubScene
10:53:09.725 [JavaFX Application Thread] DEBUG PrimaryStageWindow   - Push state: DialogSubScene
10:53:09.725 [JavaFX Application Thread] DEBUG Input                - Clearing active input actions
10:53:09.725 [JavaFX Application Thread] DEBUG GameApplicationServi - Removing overlay from GameScene and adding to DialogSubScene
10:53:09.725 [JavaFX Application Thread] DEBUG PrimaryStageWindow   - GameScene -> DialogSubScene
10:53:10.583 [JavaFX Application Thread] DEBUG PrimaryStageWindow   - Pop state: DialogSubScene
10:53:10.583 [JavaFX Application Thread] DEBUG Input                - Clearing active input actions
10:53:10.583 [JavaFX Application Thread] DEBUG GameApplicationServi - Removing overlay from DialogSubScene and adding to GameScene
10:53:10.583 [JavaFX Application Thread] DEBUG PrimaryStageWindow   - GameScene <- DialogSubScene
10:53:14.888 [JavaFX Application Thread] DEBUG FXGLAssetLoaderServi - Loading from file system: file:/F:/my%20files/School/2nd%20year%202nd%20sem/TheOnlyException/Test/target/classes/assets/textures/lightning_strike.png
10:53:28.655 [JavaFX Application Thread] DEBUG PrimaryStageWindow   - Push state: DialogSubScene
10:53:28.656 [JavaFX Application Thread] DEBUG Input                - Clearing active input actions
10:53:28.656 [JavaFX Application Thread] DEBUG GameApplicationServi - Removing overlay from GameScene and adding to DialogSubScene
10:53:28.656 [JavaFX Application Thread] DEBUG PrimaryStageWindow   - GameScene -> DialogSubScene
10:53:29.470 [JavaFX Application Thread] DEBUG PrimaryStageWindow   - Pop state: DialogSubScene
10:53:29.470 [JavaFX Application Thread] DEBUG Input                - Clearing active input actions
10:53:29.470 [JavaFX Application Thread] DEBUG GameApplicationServi - Removing overlay from DialogSubScene and adding to GameScene
10:53:29.470 [JavaFX Application Thread] DEBUG PrimaryStageWindow   - GameScene <- DialogSubScene
10:53:51.020 [JavaFX Application Thread] DEBUG PrimaryStageWindow   - Push state: DialogSubScene
10:53:51.020 [JavaFX Application Thread] DEBUG Input                - Clearing active input actions
10:53:51.021 [JavaFX Application Thread] DEBUG GameApplicationServi - Removing overlay from GameScene and adding to DialogSubScene
10:53:51.021 [JavaFX Application Thread] DEBUG PrimaryStageWindow   - GameScene -> DialogSubScene
10:54:06.677 [JavaFX Application Thread] DEBUG PrimaryStageWindow   - Pop state: DialogSubScene
10:54:06.677 [JavaFX Application Thread] DEBUG Input                - Clearing active input actions
10:54:06.677 [JavaFX Application Thread] DEBUG GameApplicationServi - Removing overlay from DialogSubScene and adding to GameScene
10:54:06.677 [JavaFX Application Thread] DEBUG PrimaryStageWindow   - GameScene <- DialogSubScene
10:54:13.418 [JavaFX Application Thread] DEBUG FXGLApplication      - Exiting FXGL
10:54:13.418 [JavaFX Application Thread] DEBUG LoopRunner           - Stopping loop
10:54:13.418 [JavaFX Application Thread] DEBUG SystemBundleService  - Saving FXGL system data
10:54:13.419 [JavaFX Application Thread] DEBUG FileSystemAccess     - Writing to: F:\my files\School\2nd year 2nd sem\TheOnlyException\system\fxgl.bundle
10:54:13.826 [JavaFX Application Thread] DEBUG Async                - Shutting down background threads
10:54:13.826 [JavaFX Application Thread] DEBUG PrimaryStageWindow   - Closing main window
10:54:13.842 [JavaFX Application Thread] DEBUG Logger               - Closing Logger
