04:22:24.214 [main                     ] DEBUG Logger               - Configured Logger
04:22:24.218 [main                     ] DEBUG GameApplication      - Logging settings
Title: Prototype
Version: 0.1.5
Width: 1280
Height: 720
Fullscreen: false
Intro: false
Profiling: false
Single step:false
App Mode: DEVELOPER
Menu Key: ESCAPE
Stage Style: DECORATED
Scene Factory: class org.example.GameApp$1

04:22:24.505 [JavaFX Application Thread] DEBUG FXGLApplication      - Initializing FXGL
04:22:24.507 [JavaFX Application Thread] INFO  Engine               - FXGL-17+dev-SNAPSHOT (23.08.2022 11.12) on WINDOWS (J:24 FX:18)
04:22:24.507 [JavaFX Application Thread] DEBUG Engine               - JRE Vendor Name: Oracle Corporation
04:22:24.507 [JavaFX Application Thread] DEBUG Engine               - Running on OS: Windows 11 version 10.0
04:22:24.508 [JavaFX Application Thread] DEBUG Engine               - Architecture: amd64
04:22:24.508 [JavaFX Application Thread] INFO  Engine               - Source code and latest versions at: https://github.com/AlmasB/FXGL
04:22:24.508 [JavaFX Application Thread] INFO  Engine               -       Ask questions and discuss at: https://github.com/AlmasB/FXGL/discussions
04:22:24.508 [JavaFX Application Thread] INFO  Engine               -              Join the FXGL chat at: https://gitter.im/AlmasB/FXGL
04:22:24.585 [JavaFX Application Thread] DEBUG PrimaryStageWindow   - Creating a JavaFX scene
04:22:24.621 [JavaFX Application Thread] DEBUG PrimaryStageWindow   - Target settings size: 1280.0 x 720.0
04:22:24.622 [JavaFX Application Thread] DEBUG PrimaryStageWindow   - Scaled scene size:    1280.0 x 720.0
04:22:24.622 [JavaFX Application Thread] DEBUG PrimaryStageWindow   - Scaled ratio: (1.0, 1.0)
04:22:24.622 [JavaFX Application Thread] DEBUG PrimaryStageWindow   - Set initial scene to FXGLStartupScene
04:22:24.628 [JavaFX Application Thread] DEBUG PrimaryStageWindow   - Opening main window
04:22:24.700 [JavaFX Application Thread] DEBUG PrimaryStageWindow   - Window border size: (16.0, 39.0)
04:22:24.700 [JavaFX Application Thread] DEBUG PrimaryStageWindow   - Scaled size: 1280.0 x 720.0
04:22:24.701 [JavaFX Application Thread] DEBUG PrimaryStageWindow   - Scaled ratio: (1.0, 1.0)
04:22:24.701 [JavaFX Application Thread] DEBUG PrimaryStageWindow   - Scene size: 1280.0 x 720.0
04:22:24.701 [JavaFX Application Thread] DEBUG PrimaryStageWindow   - Stage size: 1296.0 x 759.0
04:22:24.705 [FXGL Background Thread 1 ] DEBUG Engine               - Initializing environment variables
04:22:24.732 [FXGL Background Thread 1 ] DEBUG FXGLAssetLoaderServi - User app class for loading assets: class org.example.GameApp
04:22:24.732 [FXGL Background Thread 1 ] DEBUG GameApplicationServi - Applying CSS: fxgl_dark.css
04:22:24.733 [FXGL Background Thread 1 ] DEBUG FXGLAssetLoaderServi - Loading from file system: jar:file:/C:/Users/primzcm/.m2/repository/com/github/almasb/fxgl/fxgl/17.2/fxgl-17.2.jar!/fxglassets/ui/css/fxgl_dark.css
04:22:24.763 [FXGL Background Thread 1 ] DEBUG GameApplicationServi - Initializing application scenes
04:22:24.788 [FXGL Background Thread 1 ] DEBUG GameWorld            - Game world initialized
04:22:24.829 [FXGL Background Thread 1 ] DEBUG PhysicsWorld         - Physics world initialized: appHeight=720, physics.ppm=50.0
04:22:24.829 [FXGL Background Thread 1 ] DEBUG PhysicsWorld         - Using strategy: BRUTE_FORCE
04:22:24.832 [FXGL Background Thread 1 ] DEBUG GameScene            - Game scene initialized: 1280x720
04:22:24.850 [FXGL Background Thread 1 ] DEBUG FXGL.DefaultMenu     - createMenuBodyGameMenu()
04:22:24.857 [FXGL Background Thread 1 ] DEBUG FXGL.DefaultMenu     - createOptionsMenu()
04:22:24.865 [FXGL Background Thread 1 ] DEBUG FXGLAssetLoaderServi - Loading from file system: jar:file:/C:/Users/primzcm/.m2/repository/com/github/almasb/fxgl/fxgl/17.2/fxgl-17.2.jar!/fxglassets/textures/particles/smoke.png
04:22:24.925 [FXGL Background Thread 1 ] DEBUG FXGLAssetLoaderServi - Loading from file system: jar:file:/C:/Users/primzcm/.m2/repository/com/github/almasb/fxgl/fxgl/17.2/fxgl-17.2.jar!/fxglassets/textures/particles/trace_horizontal.png
04:22:24.943 [FXGL Background Thread 1 ] DEBUG GameApplicationServi - Application scenes initialized
04:22:24.950 [FXGL Background Thread 1 ] DEBUG SystemBundleService  - Loading FXGL system data
04:22:24.951 [FXGL Background Thread 1 ] DEBUG FileSystemAccess     - Reading from: F:\my files\School\2nd year 2nd sem\TheOnlyException\system\fxgl.bundle
04:22:24.952 [FXGL Background Thread 1 ] DEBUG SystemBundleService  - Bundle FXGL: {}
04:22:24.953 [FXGL Background Thread 1 ] DEBUG UpdaterService       - Checking for updates
04:22:24.955 [FXGL Background Thread 4 ] DEBUG FXGLApplication      - Loading fonts
04:22:24.955 [FXGL Background Thread 4 ] DEBUG FXGLAssetLoaderServi - Loading from file system: jar:file:/C:/Users/primzcm/.m2/repository/com/github/almasb/fxgl/fxgl/17.2/fxgl-17.2.jar!/fxglassets/ui/fonts/VarelaRound-Regular.ttf
04:22:24.955 [FXGL Background Thread 1 ] DEBUG FXGLApplication      - Loading default localization
04:22:24.956 [FXGL Background Thread 1 ] DEBUG FXGLAssetLoaderServi - Loading from file system: jar:file:/C:/Users/primzcm/.m2/repository/com/github/almasb/fxgl/fxgl/17.2/fxgl-17.2.jar!/fxglassets/languages/english.lang
04:22:24.960 [FXGL Background Thread 4 ] DEBUG FXGLAssetLoaderServi - Loading from file system: jar:file:/C:/Users/primzcm/.m2/repository/com/github/almasb/fxgl/fxgl/17.2/fxgl-17.2.jar!/fxglassets/ui/fonts/Abel-Regular.ttf
04:22:24.962 [FXGL Background Thread 4 ] DEBUG FXGLAssetLoaderServi - Loading from file system: jar:file:/C:/Users/primzcm/.m2/repository/com/github/almasb/fxgl/fxgl/17.2/fxgl-17.2.jar!/fxglassets/ui/fonts/TerminalLandMono-Regular.otf
04:22:24.964 [FXGL Background Thread 4 ] DEBUG FXGLAssetLoaderServi - Loading from file system: jar:file:/C:/Users/primzcm/.m2/repository/com/github/almasb/fxgl/fxgl/17.2/fxgl-17.2.jar!/fxglassets/ui/fonts/Courier-Prime.ttf
04:22:24.968 [JavaFX Application Thread] DEBUG FXGLApplication      - Registering font factories with UI factory
04:22:24.973 [FXGL Background Thread 1 ] INFO  FXGLApplication      - FXGL initialization took: 0.269 sec
04:22:24.980 [JavaFX Application Thread] DEBUG Input                - Registered new binding: action0 - A
04:22:24.980 [JavaFX Application Thread] DEBUG Input                - Registered new binding: action1 - D
04:22:24.980 [JavaFX Application Thread] DEBUG Input                - Registered new binding: action2 - W
04:22:24.981 [JavaFX Application Thread] DEBUG Input                - Registered new binding: action3 - S
04:22:24.981 [JavaFX Application Thread] DEBUG FXGLAssetLoaderServi - Loading from file system: jar:file:/C:/Users/primzcm/.m2/repository/com/github/almasb/fxgl/fxgl/17.2/fxgl-17.2.jar!/fxglassets/textures/fxgl_icon.png
04:22:25.001 [JavaFX Application Thread] DEBUG FXGLAssetLoaderServi - Loading from file system: jar:file:/C:/Users/primzcm/.m2/repository/com/github/almasb/fxgl/fxgl/17.2/fxgl-17.2.jar!/fxglassets/textures/fxgl_default_cursor.png
04:22:25.003 [JavaFX Application Thread] DEBUG Input                - Registered new binding: Screenshot - CTRL+8
04:22:25.003 [JavaFX Application Thread] DEBUG Input                - Registered new binding: System info dump - CTRL+9
04:22:25.004 [JavaFX Application Thread] DEBUG Input                - Registered new binding: Restart - CTRL+R
04:22:25.005 [JavaFX Application Thread] DEBUG Input                - Registered new binding: Toggle Debug Camera - CTRL+7
04:22:25.007 [JavaFX Application Thread] DEBUG LoopRunner           - Starting loop
04:22:25.007 [JavaFX Application Thread] DEBUG LoopRunner           - Initializing JavaFX AnimationTimerLoop
04:22:25.010 [JavaFX Application Thread] DEBUG Input                - Clearing active input actions
04:22:25.016 [JavaFX Application Thread] DEBUG GameApplicationServi - Removing overlay from FXGLStartupScene and adding to FXGLMainMenuDummyScene
04:22:25.016 [JavaFX Application Thread] DEBUG PrimaryStageWindow   - FXGLStartupScene -> FXGLMainMenuDummyScene
04:22:25.016 [JavaFX Application Thread] DEBUG PrimaryStageWindow   - Push state: NameInputScene
04:22:25.016 [JavaFX Application Thread] DEBUG Input                - Clearing active input actions
04:22:25.025 [JavaFX Application Thread] DEBUG GameApplicationServi - Removing overlay from FXGLMainMenuDummyScene and adding to NameInputScene
04:22:25.025 [JavaFX Application Thread] DEBUG PrimaryStageWindow   - FXGLMainMenuDummyScene -> NameInputScene
04:22:25.520 [FXGL Background Thread 2 ] INFO  UpdaterService       - Your current version:  17+dev-SNAPSHOT
04:22:25.521 [FXGL Background Thread 2 ] INFO  UpdaterService       - Latest stable version: 21.1
04:22:26.936 [JavaFX Application Thread] DEBUG Menu                 - fireNewGame()
04:22:26.936 [JavaFX Application Thread] DEBUG GameApplicationServi - Starting new game
04:22:26.936 [JavaFX Application Thread] DEBUG PrimaryStageWindow   - Pop state: NameInputScene
04:22:26.936 [JavaFX Application Thread] DEBUG Input                - Clearing active input actions
04:22:26.937 [JavaFX Application Thread] DEBUG GameApplicationServi - Removing overlay from NameInputScene and adding to FXGLMainMenuDummyScene
04:22:26.937 [JavaFX Application Thread] DEBUG PrimaryStageWindow   - FXGLMainMenuDummyScene <- NameInputScene
04:22:26.937 [JavaFX Application Thread] DEBUG Input                - Clearing active input actions
04:22:26.941 [JavaFX Application Thread] DEBUG GameApplicationServi - Removing overlay from FXGLMainMenuDummyScene and adding to FXGLLoadingScene
04:22:26.941 [JavaFX Application Thread] DEBUG PrimaryStageWindow   - FXGLMainMenuDummyScene -> FXGLLoadingScene
04:22:26.941 [JavaFX Application Thread] DEBUG GameApplicationServi - Clearing previous game
04:22:26.941 [JavaFX Application Thread] DEBUG GameScene            - Clearing game scene
04:22:26.941 [JavaFX Application Thread] DEBUG GameWorld            - Clearing game world
04:22:26.941 [JavaFX Application Thread] DEBUG PhysicsWorld         - Clearing physics world
04:22:26.942 [FXGL Background Thread 2 ] DEBUG FXGLApplication      - Initializing game
04:22:26.943 [FXGL Background Thread 2 ] DEBUG Input                - Clearing active input actions
04:22:26.950 [FXGL Background Thread 2 ] DEBUG FXGLAssetLoaderServi - Loading from file system: file:/F:/my%20files/School/2nd%20year%202nd%20sem/TheOnlyException/Test/target/classes/assets/textures/dasd.png
04:22:26.971 [FXGL Background Thread 2 ] DEBUG FXGLAssetLoaderServi - Loading from file system: file:/F:/my%20files/School/2nd%20year%202nd%20sem/TheOnlyException/Test/target/classes/assets/textures/player-scaled.png
04:22:27.001 [FXGL Background Thread 2 ] INFO  FXGLApplication      - Game initialization took: 0.059 sec
04:22:27.001 [JavaFX Application Thread] DEBUG Input                - Clearing active input actions
04:22:27.005 [JavaFX Application Thread] DEBUG GameApplicationServi - Removing overlay from FXGLLoadingScene and adding to GameScene
04:22:27.005 [JavaFX Application Thread] DEBUG PrimaryStageWindow   - FXGLLoadingScene -> GameScene
04:22:27.481 [JavaFX Application Thread] DEBUG FXGLAssetLoaderServi - Loading from file system: file:/F:/my%20files/School/2nd%20year%202nd%20sem/TheOnlyException/Test/target/classes/assets/textures/MaggotWalk-scaled.png
04:22:27.855 [JavaFX Application Thread] DEBUG FXGLAssetLoaderServi - Loading from file system: file:/F:/my%20files/School/2nd%20year%202nd%20sem/TheOnlyException/Test/target/classes/assets/textures/BeetleMove-scaled.png
04:22:27.955 [FXGL Background Thread 3 ] DEBUG Engine               - Logging environment variables
04:22:27.955 [FXGL Background Thread 3 ] DEBUG Engine               - achievements: []
04:22:27.955 [FXGL Background Thread 3 ] DEBUG Engine               - actualHeight: 720.0
04:22:27.955 [FXGL Background Thread 3 ] DEBUG Engine               - actualHeightProperty: ReadOnlyDoubleProperty [value: 720.0]
04:22:27.955 [FXGL Background Thread 3 ] DEBUG Engine               - actualWidth: 1280.0
04:22:27.955 [FXGL Background Thread 3 ] DEBUG Engine               - actualWidthProperty: ReadOnlyDoubleProperty [value: 1280.0]
04:22:27.955 [FXGL Background Thread 3 ] DEBUG Engine               - appIcon: fxgl_icon.png
04:22:27.955 [FXGL Background Thread 3 ] DEBUG Engine               - applicationMode: DEVELOPER
04:22:27.955 [FXGL Background Thread 3 ] DEBUG Engine               - cSSList: [fxgl_dark.css]
04:22:27.955 [FXGL Background Thread 3 ] DEBUG Engine               - collisionDetectionStrategy: BRUTE_FORCE
04:22:27.955 [FXGL Background Thread 3 ] DEBUG Engine               - configClass: Optional.empty
04:22:27.955 [FXGL Background Thread 3 ] DEBUG Engine               - credits: []
04:22:27.955 [FXGL Background Thread 3 ] DEBUG Engine               - defaultCursor: CursorInfo(imageName=fxgl_default_cursor.png, hotspotX=7.0, hotspotY=6.0)
04:22:27.955 [FXGL Background Thread 3 ] DEBUG Engine               - devBBoxColorProperty: ObjectProperty [value: 0xff0000ff]
04:22:27.955 [FXGL Background Thread 3 ] DEBUG Engine               - devEnableDebugCameraProperty: BooleanProperty [value: false]
04:22:27.955 [FXGL Background Thread 3 ] DEBUG Engine               - devSensorColorProperty: ObjectProperty [value: 0xffff00ff]
04:22:27.955 [FXGL Background Thread 3 ] DEBUG Engine               - devShowBBoxProperty: BooleanProperty [value: false]
04:22:27.956 [FXGL Background Thread 3 ] DEBUG Engine               - devShowPositionProperty: BooleanProperty [value: false]
04:22:27.956 [FXGL Background Thread 3 ] DEBUG Engine               - enabledMenuItems: []
04:22:27.956 [FXGL Background Thread 3 ] DEBUG Engine               - engineServices: [class com.almasb.fxgl.app.services.FXGLAssetLoaderService, class com.almasb.fxgl.app.FXGLApplication$GameApplicationService, class com.almasb.fxgl.app.services.FXGLDialogService, class com.almasb.fxgl.app.services.IOTaskExecutorService, class com.almasb.fxgl.io.FileSystemService, class com.almasb.fxgl.localization.LocalizationService, class com.almasb.fxgl.app.services.SystemBundleService, class com.almasb.fxgl.profile.SaveLoadService, class com.almasb.fxgl.ui.FXGLUIFactoryServiceProvider, class com.almasb.fxgl.ui.FXGLDialogFactoryServiceProvider, class com.almasb.fxgl.audio.AudioPlayer, class com.almasb.fxgl.notification.impl.NotificationServiceProvider, class com.almasb.fxgl.achievement.AchievementService, class com.almasb.fxgl.cutscene.CutsceneService, class com.almasb.fxgl.minigames.MiniGameService, class com.almasb.fxgl.net.NetService, class com.almasb.fxgl.app.services.UpdaterService, class com.almasb.fxgl.dev.DevService]
04:22:27.956 [FXGL Background Thread 3 ] DEBUG Engine               - fontGame: Abel-Regular.ttf
04:22:27.956 [FXGL Background Thread 3 ] DEBUG Engine               - fontMono: TerminalLandMono-Regular.otf
04:22:27.956 [FXGL Background Thread 3 ] DEBUG Engine               - fontText: Courier-Prime.ttf
04:22:27.956 [FXGL Background Thread 3 ] DEBUG Engine               - fontUI: VarelaRound-Regular.ttf
04:22:27.956 [FXGL Background Thread 3 ] DEBUG Engine               - fullScreen: BooleanProperty [value: false]
04:22:27.956 [FXGL Background Thread 3 ] DEBUG Engine               - gameDifficulty: MEDIUM
04:22:27.956 [FXGL Background Thread 3 ] DEBUG Engine               - gameDifficultyProperty: ObjectProperty [value: MEDIUM]
04:22:27.956 [FXGL Background Thread 3 ] DEBUG Engine               - globalMusicVolume: 0.5
04:22:27.956 [FXGL Background Thread 3 ] DEBUG Engine               - globalMusicVolumeProperty: DoubleProperty [value: 0.5]
04:22:27.956 [FXGL Background Thread 3 ] DEBUG Engine               - globalSoundVolume: 0.5
04:22:27.956 [FXGL Background Thread 3 ] DEBUG Engine               - globalSoundVolumeProperty: DoubleProperty [value: 0.5]
04:22:27.956 [FXGL Background Thread 3 ] DEBUG Engine               - height: 720
04:22:27.956 [FXGL Background Thread 3 ] DEBUG Engine               - is3D: false
04:22:27.956 [FXGL Background Thread 3 ] DEBUG Engine               - isAndroid: false
04:22:27.956 [FXGL Background Thread 3 ] DEBUG Engine               - isBrowser: false
04:22:27.956 [FXGL Background Thread 3 ] DEBUG Engine               - isClickFeedbackEnabled: false
04:22:27.956 [FXGL Background Thread 3 ] DEBUG Engine               - isCloseConfirmation: false
04:22:27.956 [FXGL Background Thread 3 ] DEBUG Engine               - isDesktop: true
04:22:27.956 [FXGL Background Thread 3 ] DEBUG Engine               - isDeveloperMenuEnabled: false
04:22:27.956 [FXGL Background Thread 3 ] DEBUG Engine               - isEmbedded: false
04:22:27.956 [FXGL Background Thread 3 ] DEBUG Engine               - isEntityPreloadEnabled: true
04:22:27.956 [FXGL Background Thread 3 ] DEBUG Engine               - isExperimentalTiledLargeMap: false
04:22:27.956 [FXGL Background Thread 3 ] DEBUG Engine               - isFileSystemWriteAllowed: true
04:22:27.956 [FXGL Background Thread 3 ] DEBUG Engine               - isFullScreenAllowed: false
04:22:27.956 [FXGL Background Thread 3 ] DEBUG Engine               - isFullScreenFromStart: false
04:22:27.956 [FXGL Background Thread 3 ] DEBUG Engine               - isGameMenuEnabled: true
04:22:27.956 [FXGL Background Thread 3 ] DEBUG Engine               - isIOS: false
04:22:27.956 [FXGL Background Thread 3 ] DEBUG Engine               - isIntroEnabled: false
04:22:27.956 [FXGL Background Thread 3 ] DEBUG Engine               - isLinux: false
04:22:27.956 [FXGL Background Thread 3 ] DEBUG Engine               - isMac: false
04:22:27.956 [FXGL Background Thread 3 ] DEBUG Engine               - isMainMenuEnabled: true
04:22:27.956 [FXGL Background Thread 3 ] DEBUG Engine               - isManualResizeEnabled: false
04:22:27.956 [FXGL Background Thread 3 ] DEBUG Engine               - isMobile: false
04:22:27.956 [FXGL Background Thread 3 ] DEBUG Engine               - isNative: false
04:22:27.957 [FXGL Background Thread 3 ] DEBUG Engine               - isPauseMusicWhenMinimized: true
04:22:27.957 [FXGL Background Thread 3 ] DEBUG Engine               - isPreserveResizeRatio: false
04:22:27.957 [FXGL Background Thread 3 ] DEBUG Engine               - isProfilingEnabled: false
04:22:27.957 [FXGL Background Thread 3 ] DEBUG Engine               - isScaleAffectedOnResize: true
04:22:27.957 [FXGL Background Thread 3 ] DEBUG Engine               - isSingleStep: false
04:22:27.957 [FXGL Background Thread 3 ] DEBUG Engine               - isUserProfileEnabled: false
04:22:27.957 [FXGL Background Thread 3 ] DEBUG Engine               - isWindows: true
04:22:27.957 [FXGL Background Thread 3 ] DEBUG Engine               - language: ObjectProperty [value: ENGLISH]
04:22:27.957 [FXGL Background Thread 3 ] DEBUG Engine               - menuKey: ESCAPE
04:22:27.957 [FXGL Background Thread 3 ] DEBUG Engine               - mouseSensitivity: 0.2
04:22:27.957 [FXGL Background Thread 3 ] DEBUG Engine               - notificationViewClass: class com.almasb.fxgl.notification.view.XboxNotificationView
04:22:27.957 [FXGL Background Thread 3 ] DEBUG Engine               - pixelsPerMeter: 50.0
04:22:27.957 [FXGL Background Thread 3 ] DEBUG Engine               - platform: WINDOWS
04:22:27.957 [FXGL Background Thread 3 ] DEBUG Engine               - prefHeightProperty: ReadOnlyDoubleProperty [value: 720.0]
04:22:27.957 [FXGL Background Thread 3 ] DEBUG Engine               - prefWidthProperty: ReadOnlyDoubleProperty [value: 1280.0]
04:22:27.957 [FXGL Background Thread 3 ] DEBUG Engine               - profileDir: profiles/
04:22:27.957 [FXGL Background Thread 3 ] DEBUG Engine               - profileName: StringProperty [value: DEFAULT]
04:22:27.957 [FXGL Background Thread 3 ] DEBUG Engine               - randomSeed: -1
04:22:27.957 [FXGL Background Thread 3 ] DEBUG Engine               - runtimeInfo: RuntimeInfo(platform=WINDOWS, version=17+dev-SNAPSHOT, build=23.08.2022 11.12)
04:22:27.957 [FXGL Background Thread 3 ] DEBUG Engine               - saveFileExt: sav
04:22:27.957 [FXGL Background Thread 3 ] DEBUG Engine               - scaledHeightProp$fxgl: DoubleProperty [bound, value: 720.0]
04:22:27.957 [FXGL Background Thread 3 ] DEBUG Engine               - scaledWidthProp$fxgl: DoubleProperty [bound, value: 1280.0]
04:22:27.957 [FXGL Background Thread 3 ] DEBUG Engine               - sceneFactory: org.example.GameApp$1@212dbc8e
04:22:27.957 [FXGL Background Thread 3 ] DEBUG Engine               - secondsIn24h: 60
04:22:27.957 [FXGL Background Thread 3 ] DEBUG Engine               - soundMenuBack: menu/back.wav
04:22:27.957 [FXGL Background Thread 3 ] DEBUG Engine               - soundMenuPress: menu/press.wav
04:22:27.957 [FXGL Background Thread 3 ] DEBUG Engine               - soundMenuSelect: menu/select.wav
04:22:27.957 [FXGL Background Thread 3 ] DEBUG Engine               - soundNotification: core/notification.wav
04:22:27.957 [FXGL Background Thread 3 ] DEBUG Engine               - stageStyle: DECORATED
04:22:27.957 [FXGL Background Thread 3 ] DEBUG Engine               - supportedLanguages: [ENGLISH, FRENCH, GERMAN, HUNGARIAN, RUSSIAN]
04:22:27.957 [FXGL Background Thread 3 ] DEBUG Engine               - ticksPerSecond: -1
04:22:27.957 [FXGL Background Thread 3 ] DEBUG Engine               - title: Prototype
04:22:27.957 [FXGL Background Thread 3 ] DEBUG Engine               - urlGithub: https://github.com/AlmasB/FXGL
04:22:27.957 [FXGL Background Thread 3 ] DEBUG Engine               - urlLeaderboard: http://fxgl-top.herokuapp.com/
04:22:27.957 [FXGL Background Thread 3 ] DEBUG Engine               - urlPOM: https://raw.githubusercontent.com/AlmasB/FXGL/release/README.md
04:22:27.957 [FXGL Background Thread 3 ] DEBUG Engine               - userAppClass: class org.example.GameApp
04:22:27.957 [FXGL Background Thread 3 ] DEBUG Engine               - version: 0.1.5
04:22:27.957 [FXGL Background Thread 3 ] DEBUG Engine               - versionCheckDays: 7
04:22:27.957 [FXGL Background Thread 3 ] DEBUG Engine               - width: 1280
04:22:27.957 [FXGL Background Thread 3 ] DEBUG Engine               - Logging services
04:22:27.957 [FXGL Background Thread 3 ] DEBUG Engine               - class com.almasb.fxgl.app.services.FXGLAssetLoaderService
04:22:27.957 [FXGL Background Thread 3 ] DEBUG Engine               - class com.almasb.fxgl.app.FXGLApplication$GameApplicationService
04:22:27.957 [FXGL Background Thread 3 ] DEBUG Engine               - class com.almasb.fxgl.app.services.FXGLDialogService
04:22:27.957 [FXGL Background Thread 3 ] DEBUG Engine               - class com.almasb.fxgl.app.services.IOTaskExecutorService
04:22:27.957 [FXGL Background Thread 3 ] DEBUG Engine               - class com.almasb.fxgl.io.FileSystemService
04:22:27.957 [FXGL Background Thread 3 ] DEBUG Engine               - class com.almasb.fxgl.localization.LocalizationService
04:22:27.957 [FXGL Background Thread 3 ] DEBUG Engine               - class com.almasb.fxgl.app.services.SystemBundleService
04:22:27.957 [FXGL Background Thread 3 ] DEBUG Engine               - class com.almasb.fxgl.profile.SaveLoadService
04:22:27.957 [FXGL Background Thread 3 ] DEBUG Engine               - class com.almasb.fxgl.ui.FXGLUIFactoryServiceProvider
04:22:27.957 [FXGL Background Thread 3 ] DEBUG Engine               - class com.almasb.fxgl.ui.FXGLDialogFactoryServiceProvider
04:22:27.958 [FXGL Background Thread 3 ] DEBUG Engine               - class com.almasb.fxgl.audio.AudioPlayer
04:22:27.958 [FXGL Background Thread 3 ] DEBUG Engine               - class com.almasb.fxgl.notification.impl.NotificationServiceProvider
04:22:27.958 [FXGL Background Thread 3 ] DEBUG Engine               - class com.almasb.fxgl.achievement.AchievementService
04:22:27.958 [FXGL Background Thread 3 ] DEBUG Engine               - class com.almasb.fxgl.cutscene.CutsceneService
04:22:27.958 [FXGL Background Thread 3 ] DEBUG Engine               - class com.almasb.fxgl.minigames.MiniGameService
04:22:27.958 [FXGL Background Thread 3 ] DEBUG Engine               - class com.almasb.fxgl.net.NetService
04:22:27.958 [FXGL Background Thread 3 ] DEBUG Engine               - class com.almasb.fxgl.app.services.UpdaterService
04:22:27.958 [FXGL Background Thread 3 ] DEBUG Engine               - class com.almasb.fxgl.dev.DevService
04:22:28.233 [JavaFX Application Thread] DEBUG FXGLAssetLoaderServi - Loading from file system: file:/F:/my%20files/School/2nd%20year%202nd%20sem/TheOnlyException/Test/target/classes/assets/textures/MantisMove-scaled.png
04:22:32.417 [JavaFX Application Thread] DEBUG PrimaryStageWindow   - Push state: DialogSubScene
04:22:32.417 [JavaFX Application Thread] DEBUG Input                - Clearing active input actions
04:22:32.418 [JavaFX Application Thread] DEBUG GameApplicationServi - Removing overlay from GameScene and adding to DialogSubScene
04:22:32.418 [JavaFX Application Thread] DEBUG PrimaryStageWindow   - GameScene -> DialogSubScene
04:22:33.161 [JavaFX Application Thread] DEBUG PrimaryStageWindow   - Pop state: DialogSubScene
04:22:33.161 [JavaFX Application Thread] DEBUG Input                - Clearing active input actions
04:22:33.162 [JavaFX Application Thread] DEBUG GameApplicationServi - Removing overlay from DialogSubScene and adding to GameScene
04:22:33.162 [JavaFX Application Thread] DEBUG PrimaryStageWindow   - GameScene <- DialogSubScene
04:22:35.776 [JavaFX Application Thread] DEBUG PrimaryStageWindow   - Push state: DialogSubScene
04:22:35.776 [JavaFX Application Thread] DEBUG Input                - Clearing active input actions
04:22:35.777 [JavaFX Application Thread] DEBUG GameApplicationServi - Removing overlay from GameScene and adding to DialogSubScene
04:22:35.777 [JavaFX Application Thread] DEBUG PrimaryStageWindow   - GameScene -> DialogSubScene
04:22:36.733 [JavaFX Application Thread] DEBUG PrimaryStageWindow   - Pop state: DialogSubScene
04:22:36.733 [JavaFX Application Thread] DEBUG Input                - Clearing active input actions
04:22:36.734 [JavaFX Application Thread] DEBUG GameApplicationServi - Removing overlay from DialogSubScene and adding to GameScene
04:22:36.734 [JavaFX Application Thread] DEBUG PrimaryStageWindow   - GameScene <- DialogSubScene
04:22:49.883 [JavaFX Application Thread] DEBUG PrimaryStageWindow   - Push state: DialogSubScene
04:22:49.883 [JavaFX Application Thread] DEBUG Input                - Clearing active input actions
04:22:49.883 [JavaFX Application Thread] DEBUG GameApplicationServi - Removing overlay from GameScene and adding to DialogSubScene
04:22:49.883 [JavaFX Application Thread] DEBUG PrimaryStageWindow   - GameScene -> DialogSubScene
04:22:51.160 [JavaFX Application Thread] DEBUG PrimaryStageWindow   - Pop state: DialogSubScene
04:22:51.160 [JavaFX Application Thread] DEBUG Input                - Clearing active input actions
04:22:51.160 [JavaFX Application Thread] DEBUG GameApplicationServi - Removing overlay from DialogSubScene and adding to GameScene
04:22:51.160 [JavaFX Application Thread] DEBUG PrimaryStageWindow   - GameScene <- DialogSubScene
04:23:01.456 [JavaFX Application Thread] DEBUG PrimaryStageWindow   - Push state: DialogSubScene
04:23:01.456 [JavaFX Application Thread] DEBUG Input                - Clearing active input actions
04:23:01.456 [JavaFX Application Thread] DEBUG GameApplicationServi - Removing overlay from GameScene and adding to DialogSubScene
04:23:01.456 [JavaFX Application Thread] DEBUG PrimaryStageWindow   - GameScene -> DialogSubScene
04:23:02.175 [JavaFX Application Thread] DEBUG PrimaryStageWindow   - Pop state: DialogSubScene
04:23:02.175 [JavaFX Application Thread] DEBUG Input                - Clearing active input actions
04:23:02.176 [JavaFX Application Thread] DEBUG GameApplicationServi - Removing overlay from DialogSubScene and adding to GameScene
04:23:02.176 [JavaFX Application Thread] DEBUG PrimaryStageWindow   - GameScene <- DialogSubScene
04:23:02.177 [JavaFX Application Thread] DEBUG Input                - Clearing active input actions
04:23:02.272 [JavaFX Application Thread] DEBUG Input                - Clearing active input actions
04:23:02.276 [JavaFX Application Thread] DEBUG GameApplicationServi - Removing overlay from GameScene and adding to FXGLMainMenuDummyScene
04:23:02.277 [JavaFX Application Thread] DEBUG PrimaryStageWindow   - GameScene -> FXGLMainMenuDummyScene
04:23:02.277 [JavaFX Application Thread] DEBUG PrimaryStageWindow   - Push state: NameInputScene
04:23:02.277 [JavaFX Application Thread] DEBUG Input                - Clearing active input actions
04:23:02.278 [JavaFX Application Thread] DEBUG GameApplicationServi - Removing overlay from FXGLMainMenuDummyScene and adding to NameInputScene
04:23:02.278 [JavaFX Application Thread] DEBUG PrimaryStageWindow   - FXGLMainMenuDummyScene -> NameInputScene
04:23:02.857 [JavaFX Application Thread] DEBUG Menu                 - fireNewGame()
04:23:02.857 [JavaFX Application Thread] DEBUG GameApplicationServi - Starting new game
04:23:02.857 [JavaFX Application Thread] DEBUG PrimaryStageWindow   - Pop state: NameInputScene
04:23:02.857 [JavaFX Application Thread] DEBUG Input                - Clearing active input actions
04:23:02.857 [JavaFX Application Thread] DEBUG GameApplicationServi - Removing overlay from NameInputScene and adding to FXGLMainMenuDummyScene
04:23:02.857 [JavaFX Application Thread] DEBUG PrimaryStageWindow   - FXGLMainMenuDummyScene <- NameInputScene
04:23:02.857 [JavaFX Application Thread] DEBUG Input                - Clearing active input actions
04:23:02.859 [JavaFX Application Thread] DEBUG GameApplicationServi - Removing overlay from FXGLMainMenuDummyScene and adding to FXGLLoadingScene
04:23:02.859 [JavaFX Application Thread] DEBUG PrimaryStageWindow   - FXGLMainMenuDummyScene -> FXGLLoadingScene
04:23:02.859 [JavaFX Application Thread] DEBUG GameApplicationServi - Clearing previous game
04:23:02.859 [JavaFX Application Thread] DEBUG GameScene            - Clearing game scene
04:23:02.859 [JavaFX Application Thread] DEBUG GameWorld            - Clearing game world
04:23:02.860 [JavaFX Application Thread] DEBUG PhysicsWorld         - Clearing physics world
04:23:02.860 [FXGL Background Thread 2 ] DEBUG FXGLApplication      - Initializing game
04:23:02.860 [FXGL Background Thread 2 ] DEBUG Input                - Clearing active input actions
04:23:02.863 [FXGL Background Thread 2 ] INFO  FXGLApplication      - Game initialization took: 0.003 sec
04:23:02.864 [JavaFX Application Thread] DEBUG Input                - Clearing active input actions
04:23:02.865 [JavaFX Application Thread] DEBUG GameApplicationServi - Removing overlay from FXGLLoadingScene and adding to GameScene
04:23:02.865 [JavaFX Application Thread] DEBUG PrimaryStageWindow   - FXGLLoadingScene -> GameScene
04:23:09.774 [JavaFX Application Thread] DEBUG PrimaryStageWindow   - Push state: DialogSubScene
04:23:09.774 [JavaFX Application Thread] DEBUG Input                - Clearing active input actions
04:23:09.774 [JavaFX Application Thread] DEBUG GameApplicationServi - Removing overlay from GameScene and adding to DialogSubScene
04:23:09.774 [JavaFX Application Thread] DEBUG PrimaryStageWindow   - GameScene -> DialogSubScene
04:23:10.444 [JavaFX Application Thread] DEBUG PrimaryStageWindow   - Pop state: DialogSubScene
04:23:10.444 [JavaFX Application Thread] DEBUG Input                - Clearing active input actions
04:23:10.444 [JavaFX Application Thread] DEBUG GameApplicationServi - Removing overlay from DialogSubScene and adding to GameScene
04:23:10.444 [JavaFX Application Thread] DEBUG PrimaryStageWindow   - GameScene <- DialogSubScene
04:23:14.896 [JavaFX Application Thread] DEBUG PrimaryStageWindow   - Push state: DialogSubScene
04:23:14.896 [JavaFX Application Thread] DEBUG Input                - Clearing active input actions
04:23:14.896 [JavaFX Application Thread] DEBUG GameApplicationServi - Removing overlay from GameScene and adding to DialogSubScene
04:23:14.896 [JavaFX Application Thread] DEBUG PrimaryStageWindow   - GameScene -> DialogSubScene
04:23:15.797 [JavaFX Application Thread] DEBUG PrimaryStageWindow   - Pop state: DialogSubScene
04:23:15.797 [JavaFX Application Thread] DEBUG Input                - Clearing active input actions
04:23:15.797 [JavaFX Application Thread] DEBUG GameApplicationServi - Removing overlay from DialogSubScene and adding to GameScene
04:23:15.797 [JavaFX Application Thread] DEBUG PrimaryStageWindow   - GameScene <- DialogSubScene
04:23:22.492 [JavaFX Application Thread] DEBUG PrimaryStageWindow   - Push state: DialogSubScene
04:23:22.493 [JavaFX Application Thread] DEBUG Input                - Clearing active input actions
04:23:22.493 [JavaFX Application Thread] DEBUG GameApplicationServi - Removing overlay from GameScene and adding to DialogSubScene
04:23:22.493 [JavaFX Application Thread] DEBUG PrimaryStageWindow   - GameScene -> DialogSubScene
04:23:23.863 [JavaFX Application Thread] DEBUG PrimaryStageWindow   - Pop state: DialogSubScene
04:23:23.863 [JavaFX Application Thread] DEBUG Input                - Clearing active input actions
04:23:23.864 [JavaFX Application Thread] DEBUG GameApplicationServi - Removing overlay from DialogSubScene and adding to GameScene
04:23:23.864 [JavaFX Application Thread] DEBUG PrimaryStageWindow   - GameScene <- DialogSubScene
04:23:29.807 [JavaFX Application Thread] DEBUG PrimaryStageWindow   - Push state: DialogSubScene
04:23:29.807 [JavaFX Application Thread] DEBUG Input                - Clearing active input actions
04:23:29.807 [JavaFX Application Thread] DEBUG GameApplicationServi - Removing overlay from GameScene and adding to DialogSubScene
04:23:29.807 [JavaFX Application Thread] DEBUG PrimaryStageWindow   - GameScene -> DialogSubScene
04:23:30.713 [JavaFX Application Thread] DEBUG PrimaryStageWindow   - Pop state: DialogSubScene
04:23:30.713 [JavaFX Application Thread] DEBUG Input                - Clearing active input actions
04:23:30.713 [JavaFX Application Thread] DEBUG GameApplicationServi - Removing overlay from DialogSubScene and adding to GameScene
04:23:30.713 [JavaFX Application Thread] DEBUG PrimaryStageWindow   - GameScene <- DialogSubScene
04:23:42.528 [JavaFX Application Thread] DEBUG PrimaryStageWindow   - Push state: DialogSubScene
04:23:42.528 [JavaFX Application Thread] DEBUG Input                - Clearing active input actions
04:23:42.528 [JavaFX Application Thread] DEBUG GameApplicationServi - Removing overlay from GameScene and adding to DialogSubScene
04:23:42.529 [JavaFX Application Thread] DEBUG PrimaryStageWindow   - GameScene -> DialogSubScene
04:23:43.636 [JavaFX Application Thread] DEBUG PrimaryStageWindow   - Pop state: DialogSubScene
04:23:43.636 [JavaFX Application Thread] DEBUG Input                - Clearing active input actions
04:23:43.636 [JavaFX Application Thread] DEBUG GameApplicationServi - Removing overlay from DialogSubScene and adding to GameScene
04:23:43.636 [JavaFX Application Thread] DEBUG PrimaryStageWindow   - GameScene <- DialogSubScene
04:24:05.133 [JavaFX Application Thread] DEBUG PrimaryStageWindow   - Push state: DialogSubScene
04:24:05.133 [JavaFX Application Thread] DEBUG Input                - Clearing active input actions
04:24:05.133 [JavaFX Application Thread] DEBUG GameApplicationServi - Removing overlay from GameScene and adding to DialogSubScene
04:24:05.133 [JavaFX Application Thread] DEBUG PrimaryStageWindow   - GameScene -> DialogSubScene
04:24:06.602 [JavaFX Application Thread] DEBUG PrimaryStageWindow   - Pop state: DialogSubScene
04:24:06.602 [JavaFX Application Thread] DEBUG Input                - Clearing active input actions
04:24:06.602 [JavaFX Application Thread] DEBUG GameApplicationServi - Removing overlay from DialogSubScene and adding to GameScene
04:24:06.602 [JavaFX Application Thread] DEBUG PrimaryStageWindow   - GameScene <- DialogSubScene
04:24:19.068 [JavaFX Application Thread] DEBUG PrimaryStageWindow   - Push state: DialogSubScene
04:24:19.068 [JavaFX Application Thread] DEBUG Input                - Clearing active input actions
04:24:19.069 [JavaFX Application Thread] DEBUG GameApplicationServi - Removing overlay from GameScene and adding to DialogSubScene
04:24:19.069 [JavaFX Application Thread] DEBUG PrimaryStageWindow   - GameScene -> DialogSubScene
04:24:19.981 [JavaFX Application Thread] DEBUG PrimaryStageWindow   - Pop state: DialogSubScene
04:24:19.981 [JavaFX Application Thread] DEBUG Input                - Clearing active input actions
04:24:19.982 [JavaFX Application Thread] DEBUG GameApplicationServi - Removing overlay from DialogSubScene and adding to GameScene
04:24:19.982 [JavaFX Application Thread] DEBUG PrimaryStageWindow   - GameScene <- DialogSubScene
04:24:19.982 [JavaFX Application Thread] DEBUG Input                - Clearing active input actions
04:24:20.074 [JavaFX Application Thread] DEBUG Input                - Clearing active input actions
04:24:20.076 [JavaFX Application Thread] DEBUG GameApplicationServi - Removing overlay from GameScene and adding to FXGLMainMenuDummyScene
04:24:20.076 [JavaFX Application Thread] DEBUG PrimaryStageWindow   - GameScene -> FXGLMainMenuDummyScene
04:24:20.076 [JavaFX Application Thread] DEBUG PrimaryStageWindow   - Push state: NameInputScene
04:24:20.076 [JavaFX Application Thread] DEBUG Input                - Clearing active input actions
04:24:20.076 [JavaFX Application Thread] DEBUG GameApplicationServi - Removing overlay from FXGLMainMenuDummyScene and adding to NameInputScene
04:24:20.076 [JavaFX Application Thread] DEBUG PrimaryStageWindow   - FXGLMainMenuDummyScene -> NameInputScene
04:24:23.009 [JavaFX Application Thread] DEBUG Menu                 - fireNewGame()
04:24:23.009 [JavaFX Application Thread] DEBUG GameApplicationServi - Starting new game
04:24:23.009 [JavaFX Application Thread] DEBUG PrimaryStageWindow   - Pop state: NameInputScene
04:24:23.009 [JavaFX Application Thread] DEBUG Input                - Clearing active input actions
04:24:23.009 [JavaFX Application Thread] DEBUG GameApplicationServi - Removing overlay from NameInputScene and adding to FXGLMainMenuDummyScene
04:24:23.009 [JavaFX Application Thread] DEBUG PrimaryStageWindow   - FXGLMainMenuDummyScene <- NameInputScene
04:24:23.009 [JavaFX Application Thread] DEBUG Input                - Clearing active input actions
04:24:23.010 [JavaFX Application Thread] DEBUG GameApplicationServi - Removing overlay from FXGLMainMenuDummyScene and adding to FXGLLoadingScene
04:24:23.010 [JavaFX Application Thread] DEBUG PrimaryStageWindow   - FXGLMainMenuDummyScene -> FXGLLoadingScene
04:24:23.010 [JavaFX Application Thread] DEBUG GameApplicationServi - Clearing previous game
04:24:23.010 [JavaFX Application Thread] DEBUG GameScene            - Clearing game scene
04:24:23.010 [JavaFX Application Thread] DEBUG GameWorld            - Clearing game world
04:24:23.011 [JavaFX Application Thread] DEBUG PhysicsWorld         - Clearing physics world
04:24:23.011 [FXGL Background Thread 5 ] DEBUG FXGLApplication      - Initializing game
04:24:23.011 [FXGL Background Thread 5 ] DEBUG Input                - Clearing active input actions
04:24:23.013 [FXGL Background Thread 5 ] INFO  FXGLApplication      - Game initialization took: 0.002 sec
04:24:23.013 [JavaFX Application Thread] DEBUG Input                - Clearing active input actions
04:24:23.014 [JavaFX Application Thread] DEBUG GameApplicationServi - Removing overlay from FXGLLoadingScene and adding to GameScene
04:24:23.014 [JavaFX Application Thread] DEBUG PrimaryStageWindow   - FXGLLoadingScene -> GameScene
04:24:28.329 [JavaFX Application Thread] DEBUG PrimaryStageWindow   - Push state: DialogSubScene
04:24:28.329 [JavaFX Application Thread] DEBUG Input                - Clearing active input actions
04:24:28.330 [JavaFX Application Thread] DEBUG GameApplicationServi - Removing overlay from GameScene and adding to DialogSubScene
04:24:28.330 [JavaFX Application Thread] DEBUG PrimaryStageWindow   - GameScene -> DialogSubScene
04:24:29.064 [JavaFX Application Thread] DEBUG PrimaryStageWindow   - Pop state: DialogSubScene
04:24:29.064 [JavaFX Application Thread] DEBUG Input                - Clearing active input actions
04:24:29.064 [JavaFX Application Thread] DEBUG GameApplicationServi - Removing overlay from DialogSubScene and adding to GameScene
04:24:29.064 [JavaFX Application Thread] DEBUG PrimaryStageWindow   - GameScene <- DialogSubScene
04:24:37.456 [JavaFX Application Thread] DEBUG FXGLApplication      - Exiting FXGL
04:24:37.456 [JavaFX Application Thread] DEBUG LoopRunner           - Stopping loop
04:24:37.456 [JavaFX Application Thread] DEBUG SystemBundleService  - Saving FXGL system data
04:24:37.457 [JavaFX Application Thread] DEBUG FileSystemAccess     - Writing to: F:\my files\School\2nd year 2nd sem\TheOnlyException\system\fxgl.bundle
04:24:37.459 [JavaFX Application Thread] DEBUG Async                - Shutting down background threads
04:24:37.460 [JavaFX Application Thread] DEBUG PrimaryStageWindow   - Closing main window
04:24:37.470 [JavaFX Application Thread] DEBUG Logger               - Closing Logger
