09:07:42.055 [main                     ] DEBUG Logger               - Configured Logger
09:07:42.068 [main                     ] DEBUG GameApplication      - Logging settings
Title: Prototype Game
Version: 0.1.5
Width: 1280
Height: 720
Fullscreen: false
Intro: false
Profiling: false
Single step:false
App Mode: DEVELOPER
Menu Key: ESCAPE
Stage Style: DECORATED
Scene Factory: class org.example.core.GameApp$1

09:07:43.540 [JavaFX Application Thread] DEBUG FXGLApplication      - Initializing FXGL
09:07:43.549 [JavaFX Application Thread] INFO  Engine               - FXGL-21+dev-SNAPSHOT (26.03.2024 21.04) on WINDOWS (J:24 FX:21.0.1)
09:07:43.549 [JavaFX Application Thread] DEBUG Engine               - JRE Vendor Name: Oracle Corporation
09:07:43.549 [JavaFX Application Thread] DEBUG Engine               - Running on OS: Windows 11 version 10.0
09:07:43.550 [JavaFX Application Thread] DEBUG Engine               - Architecture: amd64
09:07:43.550 [JavaFX Application Thread] INFO  Engine               - Source code and latest versions at: https://github.com/AlmasB/FXGL
09:07:43.550 [JavaFX Application Thread] INFO  Engine               -       Ask questions and discuss at: https://github.com/AlmasB/FXGL/discussions
09:07:43.550 [JavaFX Application Thread] INFO  Engine               -              Join the FXGL chat at: https://gitter.im/AlmasB/FXGL
09:07:44.147 [JavaFX Application Thread] DEBUG PrimaryStageWindow   - Creating a JavaFX scene
09:07:44.392 [JavaFX Application Thread] DEBUG PrimaryStageWindow   - Target settings size: 1280.0 x 720.0
09:07:44.392 [JavaFX Application Thread] DEBUG PrimaryStageWindow   - Scaled scene size:    1280.0 x 720.0
09:07:44.392 [JavaFX Application Thread] DEBUG PrimaryStageWindow   - Scaled ratio: (1.0, 1.0)
09:07:44.395 [JavaFX Application Thread] DEBUG PrimaryStageWindow   - Set initial scene to FXGLStartupScene
09:07:44.407 [JavaFX Application Thread] DEBUG PrimaryStageWindow   - Opening main window
09:07:44.729 [JavaFX Application Thread] DEBUG PrimaryStageWindow   - Window border size: (14.4000244140625, 37.5999755859375)
09:07:44.729 [JavaFX Application Thread] DEBUG PrimaryStageWindow   - Scaled size: 1280.0 x 720.0
09:07:44.730 [JavaFX Application Thread] DEBUG PrimaryStageWindow   - Scaled ratio: (1.0, 1.0)
09:07:44.731 [JavaFX Application Thread] DEBUG PrimaryStageWindow   - Scene size: 1280.0 x 720.0
09:07:44.731 [JavaFX Application Thread] DEBUG PrimaryStageWindow   - Stage size: 1294.4000244140625 x 757.5999755859375
09:07:44.783 [FXGL Background Thread 1 ] DEBUG Engine               - Initializing environment variables
09:07:44.928 [FXGL Background Thread 1 ] DEBUG FXGLAssetLoaderServi - User app class for loading assets: class org.example.core.GameApp
09:07:44.929 [FXGL Background Thread 1 ] DEBUG GameApplicationServi - Applying CSS: fxgl_dark.css
09:07:44.932 [FXGL Background Thread 1 ] DEBUG FXGLAssetLoaderServi - Loading from file system: jar:file:/C:/Users/ginac/.m2/repository/com/github/AlmasB/FXGL/fxgl/21.1/fxgl-21.1.jar!/fxglassets/ui/css/fxgl_dark.css
09:07:45.111 [FXGL Background Thread 1 ] DEBUG GameApplicationServi - Initializing application scenes
09:07:45.258 [FXGL Background Thread 1 ] DEBUG GameWorld            - Game world initialized
09:07:45.401 [FXGL Background Thread 1 ] DEBUG PhysicsWorld         - Physics world initialized: appHeight=720, physics.ppm=50.0
09:07:45.401 [FXGL Background Thread 1 ] DEBUG PhysicsWorld         - Using strategy: BRUTE_FORCE
09:07:45.413 [FXGL Background Thread 1 ] DEBUG GameScene            - Game scene initialized: 1280x720
09:07:46.370 [FXGL Background Thread 1 ] DEBUG GameApplicationServi - Application scenes initialized
09:07:46.462 [FXGL Background Thread 1 ] DEBUG SystemBundleService  - Loading FXGL system data
09:07:46.467 [FXGL Background Thread 1 ] DEBUG FileSystemAccess     - Reading from: C:\Users\ginac\IdeaProjects\TheOnlyException3\system\fxgl.bundle
09:07:46.474 [FXGL Background Thread 1 ] DEBUG SystemBundleService  - Bundle FXGL: {}
09:07:46.475 [FXGL Background Thread 1 ] DEBUG UpdaterService       - Checking for updates
09:07:46.496 [FXGL Background Thread 1 ] DEBUG FXGLApplication      - Loading default localization
09:07:46.498 [FXGL Background Thread 1 ] DEBUG FXGLAssetLoaderServi - Loading from file system: jar:file:/C:/Users/ginac/.m2/repository/com/github/AlmasB/FXGL/fxgl/21.1/fxgl-21.1.jar!/fxglassets/languages/english.lang
09:07:46.508 [FXGL Background Thread 4 ] DEBUG FXGLApplication      - Loading fonts
09:07:46.509 [FXGL Background Thread 4 ] DEBUG FXGLAssetLoaderServi - Loading from file system: jar:file:/C:/Users/ginac/.m2/repository/com/github/AlmasB/FXGL/fxgl-samples/21.1/fxgl-samples-21.1.jar!/assets/ui/fonts/VarelaRound-Regular.ttf
09:07:46.555 [FXGL Background Thread 4 ] DEBUG FXGLAssetLoaderServi - Loading from file system: jar:file:/C:/Users/ginac/.m2/repository/com/github/AlmasB/FXGL/fxgl/21.1/fxgl-21.1.jar!/fxglassets/ui/fonts/Abel-Regular.ttf
09:07:46.572 [FXGL Background Thread 4 ] DEBUG FXGLAssetLoaderServi - Loading from file system: jar:file:/C:/Users/ginac/.m2/repository/com/github/AlmasB/FXGL/fxgl/21.1/fxgl-21.1.jar!/fxglassets/ui/fonts/TerminalLandMono-Regular.otf
09:07:46.589 [FXGL Background Thread 1 ] INFO  FXGLApplication      - FXGL initialization took: 1.806 sec
09:07:46.597 [FXGL Background Thread 4 ] DEBUG FXGLAssetLoaderServi - Loading from file system: jar:file:/C:/Users/ginac/.m2/repository/com/github/AlmasB/FXGL/fxgl/21.1/fxgl-21.1.jar!/fxglassets/ui/fonts/Courier-Prime.ttf
09:07:46.639 [JavaFX Application Thread] DEBUG Input                - Registered new binding: action0 - A
09:07:46.642 [JavaFX Application Thread] DEBUG Input                - Registered new binding: action1 - D
09:07:46.645 [JavaFX Application Thread] DEBUG Input                - Registered new binding: action2 - W
09:07:46.647 [JavaFX Application Thread] DEBUG Input                - Registered new binding: action3 - S
09:07:46.658 [JavaFX Application Thread] DEBUG FXGLAssetLoaderServi - Loading from file system: jar:file:/C:/Users/ginac/.m2/repository/com/github/AlmasB/FXGL/fxgl/21.1/fxgl-21.1.jar!/fxglassets/textures/fxgl_icon.png
09:07:46.922 [JavaFX Application Thread] DEBUG FXGLAssetLoaderServi - Loading from file system: jar:file:/C:/Users/ginac/.m2/repository/com/github/AlmasB/FXGL/fxgl/21.1/fxgl-21.1.jar!/fxglassets/textures/fxgl_default_cursor.png
09:07:46.929 [JavaFX Application Thread] DEBUG Input                - Registered new binding: Screenshot - CTRL+8
09:07:46.930 [JavaFX Application Thread] DEBUG Input                - Registered new binding: System info dump - CTRL+9
09:07:46.932 [JavaFX Application Thread] DEBUG Input                - Registered new binding: Restart - CTRL+R
09:07:46.935 [JavaFX Application Thread] DEBUG Input                - Registered new binding: Toggle Debug Camera - CTRL+7
09:07:46.944 [JavaFX Application Thread] DEBUG LoopRunner           - Starting loop
09:07:46.944 [JavaFX Application Thread] DEBUG LoopRunner           - Initializing JavaFX AnimationTimerLoop
09:07:46.952 [JavaFX Application Thread] DEBUG Input                - Clearing active input actions
09:07:46.974 [JavaFX Application Thread] DEBUG GameApplicationServi - Removing overlay from FXGLStartupScene and adding to FXGLMainMenuDummyScene
09:07:46.975 [JavaFX Application Thread] DEBUG PrimaryStageWindow   - FXGLStartupScene -> FXGLMainMenuDummyScene
09:07:46.976 [JavaFX Application Thread] DEBUG PrimaryStageWindow   - Push state: LoginScene
09:07:46.978 [JavaFX Application Thread] DEBUG Input                - Clearing active input actions
09:07:47.064 [JavaFX Application Thread] DEBUG GameApplicationServi - Removing overlay from FXGLMainMenuDummyScene and adding to LoginScene
09:07:47.066 [JavaFX Application Thread] DEBUG PrimaryStageWindow   - FXGLMainMenuDummyScene -> LoginScene
09:07:47.969 [JavaFX Application Thread] DEBUG FXGLApplication      - Registering font factories with UI factory
09:07:49.368 [FXGL Background Thread 2 ] INFO  UpdaterService       - Your current version:  21+dev-SNAPSHOT
09:07:49.369 [FXGL Background Thread 2 ] INFO  UpdaterService       - Latest stable version: 21.1
09:07:49.502 [FXGL Background Thread 3 ] DEBUG Engine               - Logging environment variables
09:07:49.509 [FXGL Background Thread 3 ] DEBUG Engine               - achievements: []
09:07:49.509 [FXGL Background Thread 3 ] DEBUG Engine               - actualHeight: 720.0
09:07:49.509 [FXGL Background Thread 3 ] DEBUG Engine               - actualHeightProperty: ReadOnlyDoubleProperty [value: 720.0]
09:07:49.509 [FXGL Background Thread 3 ] DEBUG Engine               - actualWidth: 1280.0
09:07:49.509 [FXGL Background Thread 3 ] DEBUG Engine               - actualWidthProperty: ReadOnlyDoubleProperty [value: 1280.0]
09:07:49.511 [FXGL Background Thread 3 ] DEBUG Engine               - appIcon: fxgl_icon.png
09:07:49.511 [FXGL Background Thread 3 ] DEBUG Engine               - applicationMode: DEVELOPER
09:07:49.511 [FXGL Background Thread 3 ] DEBUG Engine               - cSSList: [fxgl_dark.css]
09:07:49.511 [FXGL Background Thread 3 ] DEBUG Engine               - collisionDetectionStrategy: BRUTE_FORCE
09:07:49.511 [FXGL Background Thread 3 ] DEBUG Engine               - configClass: Optional.empty
09:07:49.511 [FXGL Background Thread 3 ] DEBUG Engine               - credits: []
09:07:49.519 [FXGL Background Thread 3 ] DEBUG Engine               - defaultCursor: CursorInfo(imageName=fxgl_default_cursor.png, hotspotX=7.0, hotspotY=6.0)
09:07:49.520 [FXGL Background Thread 3 ] DEBUG Engine               - devBBoxColorProperty: ObjectProperty [value: 0xff0000ff]
09:07:49.520 [FXGL Background Thread 3 ] DEBUG Engine               - devEnableDebugCameraProperty: BooleanProperty [value: false]
09:07:49.520 [FXGL Background Thread 3 ] DEBUG Engine               - devSensorColorProperty: ObjectProperty [value: 0xffff00ff]
09:07:49.520 [FXGL Background Thread 3 ] DEBUG Engine               - devShowBBoxProperty: BooleanProperty [value: false]
09:07:49.520 [FXGL Background Thread 3 ] DEBUG Engine               - devShowPositionProperty: BooleanProperty [value: false]
09:07:49.520 [FXGL Background Thread 3 ] DEBUG Engine               - enabledMenuItems: []
09:07:49.522 [FXGL Background Thread 3 ] DEBUG Engine               - engineServices: [class com.almasb.fxgl.app.services.FXGLAssetLoaderService, class com.almasb.fxgl.app.FXGLApplication$GameApplicationService, class com.almasb.fxgl.app.services.FXGLDialogService, class com.almasb.fxgl.app.services.IOTaskExecutorService, class com.almasb.fxgl.io.FileSystemService, class com.almasb.fxgl.localization.LocalizationService, class com.almasb.fxgl.app.services.SystemBundleService, class com.almasb.fxgl.profile.SaveLoadService, class com.almasb.fxgl.ui.FXGLUIFactoryServiceProvider, class com.almasb.fxgl.ui.FXGLDialogFactoryServiceProvider, class com.almasb.fxgl.audio.AudioPlayer, class com.almasb.fxgl.notification.impl.NotificationServiceProvider, class com.almasb.fxgl.achievement.AchievementService, class com.almasb.fxgl.cutscene.CutsceneService, class com.almasb.fxgl.minigames.MiniGameService, class com.almasb.fxgl.net.NetService, class com.almasb.fxgl.app.services.UpdaterService, class com.almasb.fxgl.dev.DevService]
09:07:49.522 [FXGL Background Thread 3 ] DEBUG Engine               - fontGame: Abel-Regular.ttf
09:07:49.522 [FXGL Background Thread 3 ] DEBUG Engine               - fontMono: TerminalLandMono-Regular.otf
09:07:49.522 [FXGL Background Thread 3 ] DEBUG Engine               - fontSizeScaleUI: 1.0
09:07:49.522 [FXGL Background Thread 3 ] DEBUG Engine               - fontText: Courier-Prime.ttf
09:07:49.522 [FXGL Background Thread 3 ] DEBUG Engine               - fontUI: VarelaRound-Regular.ttf
09:07:49.523 [FXGL Background Thread 3 ] DEBUG Engine               - fullScreen: BooleanProperty [value: false]
09:07:49.523 [FXGL Background Thread 3 ] DEBUG Engine               - gameDifficulty: MEDIUM
09:07:49.524 [FXGL Background Thread 3 ] DEBUG Engine               - gameDifficultyProperty: ObjectProperty [value: MEDIUM]
09:07:49.524 [FXGL Background Thread 3 ] DEBUG Engine               - globalMusicVolume: 0.5
09:07:49.524 [FXGL Background Thread 3 ] DEBUG Engine               - globalMusicVolumeProperty: DoubleProperty [value: 0.5]
09:07:49.524 [FXGL Background Thread 3 ] DEBUG Engine               - globalSoundVolume: 0.5
09:07:49.524 [FXGL Background Thread 3 ] DEBUG Engine               - globalSoundVolumeProperty: DoubleProperty [value: 0.5]
09:07:49.524 [FXGL Background Thread 3 ] DEBUG Engine               - height: 720
09:07:49.525 [FXGL Background Thread 3 ] DEBUG Engine               - is3D: false
09:07:49.525 [FXGL Background Thread 3 ] DEBUG Engine               - isAndroid: false
09:07:49.525 [FXGL Background Thread 3 ] DEBUG Engine               - isBrowser: false
09:07:49.525 [FXGL Background Thread 3 ] DEBUG Engine               - isClickFeedbackEnabled: false
09:07:49.525 [FXGL Background Thread 3 ] DEBUG Engine               - isCloseConfirmation: false
09:07:49.525 [FXGL Background Thread 3 ] DEBUG Engine               - isDesktop: true
09:07:49.525 [FXGL Background Thread 3 ] DEBUG Engine               - isDeveloperMenuEnabled: false
09:07:49.525 [FXGL Background Thread 3 ] DEBUG Engine               - isEmbedded: false
09:07:49.525 [FXGL Background Thread 3 ] DEBUG Engine               - isEntityPreloadEnabled: true
09:07:49.526 [FXGL Background Thread 3 ] DEBUG Engine               - isExperimentalTiledLargeMap: false
09:07:49.526 [FXGL Background Thread 3 ] DEBUG Engine               - isFileSystemWriteAllowed: true
09:07:49.526 [FXGL Background Thread 3 ] DEBUG Engine               - isFullScreenAllowed: false
09:07:49.526 [FXGL Background Thread 3 ] DEBUG Engine               - isFullScreenFromStart: false
09:07:49.526 [FXGL Background Thread 3 ] DEBUG Engine               - isGameMenuEnabled: false
09:07:49.526 [FXGL Background Thread 3 ] DEBUG Engine               - isIOS: false
09:07:49.527 [FXGL Background Thread 3 ] DEBUG Engine               - isIntroEnabled: false
09:07:49.527 [FXGL Background Thread 3 ] DEBUG Engine               - isLinux: false
09:07:49.527 [FXGL Background Thread 3 ] DEBUG Engine               - isMac: false
09:07:49.527 [FXGL Background Thread 3 ] DEBUG Engine               - isMainMenuEnabled: true
09:07:49.527 [FXGL Background Thread 3 ] DEBUG Engine               - isManualResizeEnabled: false
09:07:49.527 [FXGL Background Thread 3 ] DEBUG Engine               - isMobile: false
09:07:49.527 [FXGL Background Thread 3 ] DEBUG Engine               - isNative: false
09:07:49.527 [FXGL Background Thread 3 ] DEBUG Engine               - isPauseMusicWhenMinimized: true
09:07:49.528 [FXGL Background Thread 3 ] DEBUG Engine               - isPreserveResizeRatio: false
09:07:49.528 [FXGL Background Thread 3 ] DEBUG Engine               - isProfilingEnabled: false
09:07:49.528 [FXGL Background Thread 3 ] DEBUG Engine               - isScaleAffectedOnResize: true
09:07:49.528 [FXGL Background Thread 3 ] DEBUG Engine               - isSingleStep: false
09:07:49.528 [FXGL Background Thread 3 ] DEBUG Engine               - isUserProfileEnabled: false
09:07:49.529 [FXGL Background Thread 3 ] DEBUG Engine               - isWindows: true
09:07:49.529 [FXGL Background Thread 3 ] DEBUG Engine               - language: ObjectProperty [value: ENGLISH]
09:07:49.529 [FXGL Background Thread 3 ] DEBUG Engine               - menuKey: ESCAPE
09:07:49.529 [FXGL Background Thread 3 ] DEBUG Engine               - mouseSensitivity: 0.2
09:07:49.529 [FXGL Background Thread 3 ] DEBUG Engine               - notificationViewClass: class com.almasb.fxgl.notification.view.XboxNotificationView
09:07:49.530 [FXGL Background Thread 3 ] DEBUG Engine               - pixelsPerMeter: 50.0
09:07:49.530 [FXGL Background Thread 3 ] DEBUG Engine               - platform: WINDOWS
09:07:49.530 [FXGL Background Thread 3 ] DEBUG Engine               - prefHeightProperty: ReadOnlyDoubleProperty [value: 720.0]
09:07:49.530 [FXGL Background Thread 3 ] DEBUG Engine               - prefWidthProperty: ReadOnlyDoubleProperty [value: 1280.0]
09:07:49.530 [FXGL Background Thread 3 ] DEBUG Engine               - profileDir: profiles/
09:07:49.530 [FXGL Background Thread 3 ] DEBUG Engine               - profileName: StringProperty [value: DEFAULT]
09:07:49.530 [FXGL Background Thread 3 ] DEBUG Engine               - randomSeed: -1
09:07:49.531 [FXGL Background Thread 3 ] DEBUG Engine               - runtimeInfo: RuntimeInfo(platform=WINDOWS, version=21+dev-SNAPSHOT, build=26.03.2024 21.04)
09:07:49.531 [FXGL Background Thread 3 ] DEBUG Engine               - saveFileExt: sav
09:07:49.531 [FXGL Background Thread 3 ] DEBUG Engine               - scaledHeightProp$fxgl: DoubleProperty [bound, value: 720.0]
09:07:49.531 [FXGL Background Thread 3 ] DEBUG Engine               - scaledWidthProp$fxgl: DoubleProperty [bound, value: 1280.0]
09:07:49.531 [FXGL Background Thread 3 ] DEBUG Engine               - sceneFactory: org.example.core.GameApp$1@291e4ed6
09:07:49.531 [FXGL Background Thread 3 ] DEBUG Engine               - secondsIn24h: 60
09:07:49.531 [FXGL Background Thread 3 ] DEBUG Engine               - soundMenuBack: menu/back.wav
09:07:49.531 [FXGL Background Thread 3 ] DEBUG Engine               - soundMenuPress: menu/press.wav
09:07:49.532 [FXGL Background Thread 3 ] DEBUG Engine               - soundMenuSelect: menu/select.wav
09:07:49.532 [FXGL Background Thread 3 ] DEBUG Engine               - soundNotification: core/notification.wav
09:07:49.532 [FXGL Background Thread 3 ] DEBUG Engine               - stageStyle: DECORATED
09:07:49.532 [FXGL Background Thread 3 ] DEBUG Engine               - supportedLanguages: [ENGLISH, FRENCH, GERMAN, HUNGARIAN, RUSSIAN]
09:07:49.532 [FXGL Background Thread 3 ] DEBUG Engine               - ticksPerSecond: -1
09:07:49.532 [FXGL Background Thread 3 ] DEBUG Engine               - title: Prototype Game
09:07:49.532 [FXGL Background Thread 3 ] DEBUG Engine               - urlGithub: https://github.com/AlmasB/FXGL
09:07:49.532 [FXGL Background Thread 3 ] DEBUG Engine               - urlLeaderboard: http://fxgl-top.herokuapp.com/
09:07:49.532 [FXGL Background Thread 3 ] DEBUG Engine               - urlPOM: https://raw.githubusercontent.com/AlmasB/FXGL/release/README.md
09:07:49.533 [FXGL Background Thread 3 ] DEBUG Engine               - userAppClass: class org.example.core.GameApp
09:07:49.533 [FXGL Background Thread 3 ] DEBUG Engine               - version: 0.1.5
09:07:49.533 [FXGL Background Thread 3 ] DEBUG Engine               - versionCheckDays: 7
09:07:49.533 [FXGL Background Thread 3 ] DEBUG Engine               - width: 1280
09:07:49.533 [FXGL Background Thread 3 ] DEBUG Engine               - Logging services
09:07:49.533 [FXGL Background Thread 3 ] DEBUG Engine               - class com.almasb.fxgl.app.services.FXGLAssetLoaderService
09:07:49.533 [FXGL Background Thread 3 ] DEBUG Engine               - class com.almasb.fxgl.app.FXGLApplication$GameApplicationService
09:07:49.533 [FXGL Background Thread 3 ] DEBUG Engine               - class com.almasb.fxgl.app.services.FXGLDialogService
09:07:49.533 [FXGL Background Thread 3 ] DEBUG Engine               - class com.almasb.fxgl.app.services.IOTaskExecutorService
09:07:49.534 [FXGL Background Thread 3 ] DEBUG Engine               - class com.almasb.fxgl.io.FileSystemService
09:07:49.534 [FXGL Background Thread 3 ] DEBUG Engine               - class com.almasb.fxgl.localization.LocalizationService
09:07:49.534 [FXGL Background Thread 3 ] DEBUG Engine               - class com.almasb.fxgl.app.services.SystemBundleService
09:07:49.534 [FXGL Background Thread 3 ] DEBUG Engine               - class com.almasb.fxgl.profile.SaveLoadService
09:07:49.534 [FXGL Background Thread 3 ] DEBUG Engine               - class com.almasb.fxgl.ui.FXGLUIFactoryServiceProvider
09:07:49.534 [FXGL Background Thread 3 ] DEBUG Engine               - class com.almasb.fxgl.ui.FXGLDialogFactoryServiceProvider
09:07:49.534 [FXGL Background Thread 3 ] DEBUG Engine               - class com.almasb.fxgl.audio.AudioPlayer
09:07:49.534 [FXGL Background Thread 3 ] DEBUG Engine               - class com.almasb.fxgl.notification.impl.NotificationServiceProvider
09:07:49.535 [FXGL Background Thread 3 ] DEBUG Engine               - class com.almasb.fxgl.achievement.AchievementService
09:07:49.535 [FXGL Background Thread 3 ] DEBUG Engine               - class com.almasb.fxgl.cutscene.CutsceneService
09:07:49.535 [FXGL Background Thread 3 ] DEBUG Engine               - class com.almasb.fxgl.minigames.MiniGameService
09:07:49.535 [FXGL Background Thread 3 ] DEBUG Engine               - class com.almasb.fxgl.net.NetService
09:07:49.535 [FXGL Background Thread 3 ] DEBUG Engine               - class com.almasb.fxgl.app.services.UpdaterService
09:07:49.535 [FXGL Background Thread 3 ] DEBUG Engine               - class com.almasb.fxgl.dev.DevService
09:07:49.671 [JavaFX Application Thread] DEBUG LoopRunner           - Pausing loop
09:08:03.657 [JavaFX Application Thread] DEBUG LoopRunner           - Resuming loop
09:08:07.922 [JavaFX Application Thread] DEBUG GameWorld            - Game world initialized
09:08:07.924 [JavaFX Application Thread] DEBUG PhysicsWorld         - Physics world initialized: appHeight=720, physics.ppm=50.0
09:08:07.924 [JavaFX Application Thread] DEBUG PhysicsWorld         - Using strategy: BRUTE_FORCE
09:08:07.927 [JavaFX Application Thread] DEBUG GameScene            - Game scene initialized: 1280x720
09:08:08.083 [JavaFX Application Thread] DEBUG PrimaryStageWindow   - Push state: MainMenuScene
09:08:08.119 [JavaFX Application Thread] DEBUG Input                - Clearing active input actions
09:08:08.137 [JavaFX Application Thread] DEBUG GameApplicationServi - Removing overlay from LoginScene and adding to MainMenuScene
09:08:08.138 [JavaFX Application Thread] DEBUG PrimaryStageWindow   - LoginScene -> MainMenuScene
09:08:08.146 [JavaFX Application Thread] DEBUG GameWorld            - Game world initialized
09:08:08.148 [JavaFX Application Thread] DEBUG PhysicsWorld         - Physics world initialized: appHeight=720, physics.ppm=50.0
09:08:08.148 [JavaFX Application Thread] DEBUG PhysicsWorld         - Using strategy: BRUTE_FORCE
09:08:08.151 [JavaFX Application Thread] DEBUG GameScene            - Game scene initialized: 1280x720
09:08:08.216 [JavaFX Application Thread] DEBUG PrimaryStageWindow   - Push state: MainMenuScene
09:08:08.244 [JavaFX Application Thread] DEBUG Input                - Clearing active input actions
09:08:08.247 [JavaFX Application Thread] DEBUG GameApplicationServi - Removing overlay from MainMenuScene and adding to MainMenuScene
09:08:08.248 [JavaFX Application Thread] DEBUG PrimaryStageWindow   - MainMenuScene -> MainMenuScene
09:08:10.521 [JavaFX Application Thread] DEBUG GameApplicationServi - Starting new game
09:08:10.526 [JavaFX Application Thread] DEBUG PrimaryStageWindow   - Pop state: MainMenuScene
09:08:10.526 [JavaFX Application Thread] DEBUG Input                - Clearing active input actions
09:08:10.529 [JavaFX Application Thread] DEBUG GameApplicationServi - Removing overlay from MainMenuScene and adding to MainMenuScene
09:08:10.556 [JavaFX Application Thread] DEBUG PrimaryStageWindow   - MainMenuScene <- MainMenuScene
09:08:10.557 [JavaFX Application Thread] DEBUG PrimaryStageWindow   - Pop state: MainMenuScene
09:08:10.558 [JavaFX Application Thread] DEBUG Input                - Clearing active input actions
09:08:10.559 [JavaFX Application Thread] DEBUG GameApplicationServi - Removing overlay from MainMenuScene and adding to LoginScene
09:08:10.559 [JavaFX Application Thread] DEBUG PrimaryStageWindow   - LoginScene <- MainMenuScene
09:08:10.904 [JavaFX Application Thread] DEBUG PrimaryStageWindow   - Pop state: LoginScene
09:08:10.904 [JavaFX Application Thread] DEBUG Input                - Clearing active input actions
09:08:10.905 [JavaFX Application Thread] DEBUG GameApplicationServi - Removing overlay from LoginScene and adding to FXGLMainMenuDummyScene
09:08:10.905 [JavaFX Application Thread] DEBUG PrimaryStageWindow   - FXGLMainMenuDummyScene <- LoginScene
09:08:10.906 [JavaFX Application Thread] DEBUG Input                - Clearing active input actions
09:08:10.939 [JavaFX Application Thread] DEBUG GameApplicationServi - Removing overlay from FXGLMainMenuDummyScene and adding to FXGLLoadingScene
09:08:10.940 [JavaFX Application Thread] DEBUG PrimaryStageWindow   - FXGLMainMenuDummyScene -> FXGLLoadingScene
09:08:10.940 [JavaFX Application Thread] DEBUG GameApplicationServi - Clearing previous game
09:08:10.940 [JavaFX Application Thread] DEBUG GameScene            - Clearing game scene
09:08:10.940 [JavaFX Application Thread] DEBUG GameWorld            - Clearing game world
09:08:10.941 [JavaFX Application Thread] DEBUG PhysicsWorld         - Clearing physics world
09:08:10.950 [FXGL Background Thread 2 ] DEBUG FXGLApplication      - Initializing game
09:08:11.014 [FXGL Background Thread 2 ] DEBUG FXGLAssetLoaderServi - Loading from file system: file:/C:/Users/ginac/IdeaProjects/TheOnlyException3/Test/target/classes/assets/textures/dasd.png
09:08:11.143 [FXGL Background Thread 2 ] DEBUG FXGLAssetLoaderServi - Loading from file system: file:/C:/Users/ginac/IdeaProjects/TheOnlyException3/Test/target/classes/assets/textures/player-scaled.png
09:08:11.508 [FXGL Background Thread 2 ] INFO  FXGLApplication      - Game initialization took: 0.558 sec
09:08:11.521 [JavaFX Application Thread] DEBUG Input                - Clearing active input actions
09:08:11.559 [JavaFX Application Thread] DEBUG GameApplicationServi - Removing overlay from FXGLLoadingScene and adding to GameScene
09:08:11.559 [JavaFX Application Thread] DEBUG PrimaryStageWindow   - FXGLLoadingScene -> GameScene
09:08:12.457 [JavaFX Application Thread] DEBUG FXGLAssetLoaderServi - Loading from file system: file:/C:/Users/ginac/IdeaProjects/TheOnlyException3/Test/target/classes/assets/textures/MaggotWalk-scaled.png
09:08:12.484 [JavaFX Application Thread] DEBUG FXGLAssetLoaderServi - Loading from file system: file:/C:/Users/ginac/IdeaProjects/TheOnlyException3/Test/target/classes/assets/textures/BeetleMove-scaled.png
09:08:12.502 [JavaFX Application Thread] DEBUG FXGLAssetLoaderServi - Loading from file system: file:/C:/Users/ginac/IdeaProjects/TheOnlyException3/Test/target/classes/assets/textures/MantisMove-scaled.png
09:08:12.515 [JavaFX Application Thread] DEBUG FXGLAssetLoaderServi - Loading from file system: file:/C:/Users/ginac/IdeaProjects/TheOnlyException3/Test/target/classes/assets/textures/BeeMove-scaled.png
09:08:12.526 [JavaFX Application Thread] DEBUG FXGLAssetLoaderServi - Loading from file system: file:/C:/Users/ginac/IdeaProjects/TheOnlyException3/Test/target/classes/assets/textures/GiantFly.png
09:08:12.535 [JavaFX Application Thread] DEBUG FXGLAssetLoaderServi - Loading from file system: file:/C:/Users/ginac/IdeaProjects/TheOnlyException3/Test/target/classes/assets/textures/DragonFly.png
09:08:20.483 [JavaFX Application Thread] DEBUG PrimaryStageWindow   - Push state: DialogSubScene
09:08:20.484 [JavaFX Application Thread] DEBUG Input                - Clearing active input actions
09:08:20.490 [JavaFX Application Thread] DEBUG GameApplicationServi - Removing overlay from GameScene and adding to DialogSubScene
09:08:20.491 [JavaFX Application Thread] DEBUG PrimaryStageWindow   - GameScene -> DialogSubScene
09:08:21.891 [JavaFX Application Thread] DEBUG PrimaryStageWindow   - Pop state: DialogSubScene
09:08:21.892 [JavaFX Application Thread] DEBUG Input                - Clearing active input actions
09:08:21.893 [JavaFX Application Thread] DEBUG GameApplicationServi - Removing overlay from DialogSubScene and adding to GameScene
09:08:21.893 [JavaFX Application Thread] DEBUG PrimaryStageWindow   - GameScene <- DialogSubScene
09:08:29.706 [JavaFX Application Thread] DEBUG PrimaryStageWindow   - Push state: DialogSubScene
09:08:29.706 [JavaFX Application Thread] DEBUG Input                - Clearing active input actions
09:08:29.709 [JavaFX Application Thread] DEBUG GameApplicationServi - Removing overlay from GameScene and adding to DialogSubScene
09:08:29.709 [JavaFX Application Thread] DEBUG PrimaryStageWindow   - GameScene -> DialogSubScene
09:08:30.621 [JavaFX Application Thread] DEBUG PrimaryStageWindow   - Pop state: DialogSubScene
09:08:30.621 [JavaFX Application Thread] DEBUG Input                - Clearing active input actions
09:08:30.622 [JavaFX Application Thread] DEBUG GameApplicationServi - Removing overlay from DialogSubScene and adding to GameScene
09:08:30.622 [JavaFX Application Thread] DEBUG PrimaryStageWindow   - GameScene <- DialogSubScene
09:08:33.246 [JavaFX Application Thread] DEBUG PrimaryStageWindow   - Push state: DialogSubScene
09:08:33.246 [JavaFX Application Thread] DEBUG Input                - Clearing active input actions
09:08:33.248 [JavaFX Application Thread] DEBUG GameApplicationServi - Removing overlay from GameScene and adding to DialogSubScene
09:08:33.248 [JavaFX Application Thread] DEBUG PrimaryStageWindow   - GameScene -> DialogSubScene
09:08:34.004 [JavaFX Application Thread] DEBUG PrimaryStageWindow   - Pop state: DialogSubScene
09:08:34.004 [JavaFX Application Thread] DEBUG Input                - Clearing active input actions
09:08:34.005 [JavaFX Application Thread] DEBUG GameApplicationServi - Removing overlay from DialogSubScene and adding to GameScene
09:08:34.005 [JavaFX Application Thread] DEBUG PrimaryStageWindow   - GameScene <- DialogSubScene
09:08:37.591 [JavaFX Application Thread] DEBUG PrimaryStageWindow   - Push state: DialogSubScene
09:08:37.591 [JavaFX Application Thread] DEBUG Input                - Clearing active input actions
09:08:37.592 [JavaFX Application Thread] DEBUG GameApplicationServi - Removing overlay from GameScene and adding to DialogSubScene
09:08:37.592 [JavaFX Application Thread] DEBUG PrimaryStageWindow   - GameScene -> DialogSubScene
09:08:38.476 [JavaFX Application Thread] DEBUG PrimaryStageWindow   - Pop state: DialogSubScene
09:08:38.476 [JavaFX Application Thread] DEBUG Input                - Clearing active input actions
09:08:38.477 [JavaFX Application Thread] DEBUG GameApplicationServi - Removing overlay from DialogSubScene and adding to GameScene
09:08:38.477 [JavaFX Application Thread] DEBUG PrimaryStageWindow   - GameScene <- DialogSubScene
09:08:42.447 [JavaFX Application Thread] DEBUG PrimaryStageWindow   - Push state: DialogSubScene
09:08:42.449 [JavaFX Application Thread] DEBUG Input                - Clearing active input actions
09:08:42.450 [JavaFX Application Thread] DEBUG GameApplicationServi - Removing overlay from GameScene and adding to DialogSubScene
09:08:42.450 [JavaFX Application Thread] DEBUG PrimaryStageWindow   - GameScene -> DialogSubScene
09:08:43.371 [JavaFX Application Thread] DEBUG PrimaryStageWindow   - Pop state: DialogSubScene
09:08:43.371 [JavaFX Application Thread] DEBUG Input                - Clearing active input actions
09:08:43.372 [JavaFX Application Thread] DEBUG GameApplicationServi - Removing overlay from DialogSubScene and adding to GameScene
09:08:43.372 [JavaFX Application Thread] DEBUG PrimaryStageWindow   - GameScene <- DialogSubScene
09:08:44.334 [JavaFX Application Thread] WARN  FXGLAssetLoaderServi - Asset "/assets/textures/green_particle.png" was not found!
09:08:44.335 [JavaFX Application Thread] WARN  FXGLAssetLoaderServi - Failed to load IMAGE
09:08:48.525 [JavaFX Application Thread] DEBUG FXGLAssetLoaderServi - Loading from file system: file:/C:/Users/ginac/IdeaProjects/TheOnlyException3/Test/target/classes/assets/textures/lightning_strike.png
09:08:49.223 [JavaFX Application Thread] DEBUG PrimaryStageWindow   - Push state: DialogSubScene
09:08:49.224 [JavaFX Application Thread] DEBUG Input                - Clearing active input actions
09:08:49.224 [JavaFX Application Thread] DEBUG GameApplicationServi - Removing overlay from GameScene and adding to DialogSubScene
09:08:49.225 [JavaFX Application Thread] DEBUG PrimaryStageWindow   - GameScene -> DialogSubScene
09:08:50.124 [JavaFX Application Thread] DEBUG PrimaryStageWindow   - Pop state: DialogSubScene
09:08:50.124 [JavaFX Application Thread] DEBUG Input                - Clearing active input actions
09:08:50.125 [JavaFX Application Thread] DEBUG GameApplicationServi - Removing overlay from DialogSubScene and adding to GameScene
09:08:50.125 [JavaFX Application Thread] DEBUG PrimaryStageWindow   - GameScene <- DialogSubScene
09:08:50.223 [JavaFX Application Thread] WARN  FXGLAssetLoaderServi - Asset "/assets/textures/green_particle.png" was not found!
09:08:50.224 [JavaFX Application Thread] WARN  FXGLAssetLoaderServi - Failed to load IMAGE
09:08:54.820 [JavaFX Application Thread] WARN  FXGLAssetLoaderServi - Asset "/assets/textures/green_particle.png" was not found!
09:08:54.821 [JavaFX Application Thread] WARN  FXGLAssetLoaderServi - Failed to load IMAGE
09:08:58.046 [JavaFX Application Thread] DEBUG PrimaryStageWindow   - Push state: DialogSubScene
09:08:58.046 [JavaFX Application Thread] DEBUG Input                - Clearing active input actions
09:08:58.047 [JavaFX Application Thread] DEBUG GameApplicationServi - Removing overlay from GameScene and adding to DialogSubScene
09:08:58.047 [JavaFX Application Thread] DEBUG PrimaryStageWindow   - GameScene -> DialogSubScene
09:08:59.372 [JavaFX Application Thread] DEBUG PrimaryStageWindow   - Pop state: DialogSubScene
09:08:59.372 [JavaFX Application Thread] DEBUG Input                - Clearing active input actions
09:08:59.372 [JavaFX Application Thread] DEBUG GameApplicationServi - Removing overlay from DialogSubScene and adding to GameScene
09:08:59.372 [JavaFX Application Thread] DEBUG PrimaryStageWindow   - GameScene <- DialogSubScene
09:09:01.011 [JavaFX Application Thread] WARN  FXGLAssetLoaderServi - Asset "/assets/textures/green_particle.png" was not found!
09:09:01.012 [JavaFX Application Thread] WARN  FXGLAssetLoaderServi - Failed to load IMAGE
09:09:06.057 [JavaFX Application Thread] WARN  FXGLAssetLoaderServi - Asset "/assets/textures/green_particle.png" was not found!
09:09:06.058 [JavaFX Application Thread] WARN  FXGLAssetLoaderServi - Failed to load IMAGE
09:09:10.067 [JavaFX Application Thread] DEBUG PrimaryStageWindow   - Push state: DialogSubScene
09:09:10.068 [JavaFX Application Thread] DEBUG Input                - Clearing active input actions
09:09:10.068 [JavaFX Application Thread] DEBUG GameApplicationServi - Removing overlay from GameScene and adding to DialogSubScene
09:09:10.068 [JavaFX Application Thread] DEBUG PrimaryStageWindow   - GameScene -> DialogSubScene
09:09:11.848 [JavaFX Application Thread] DEBUG PrimaryStageWindow   - Pop state: DialogSubScene
09:09:11.848 [JavaFX Application Thread] DEBUG Input                - Clearing active input actions
09:09:11.849 [JavaFX Application Thread] DEBUG GameApplicationServi - Removing overlay from DialogSubScene and adding to GameScene
09:09:11.849 [JavaFX Application Thread] DEBUG PrimaryStageWindow   - GameScene <- DialogSubScene
09:09:11.851 [JavaFX Application Thread] WARN  FXGLAssetLoaderServi - Asset "/assets/textures/particles/spark.png" was not found!
09:09:11.853 [JavaFX Application Thread] WARN  FXGLAssetLoaderServi - Failed to load RESIZABLE_IMAGE
09:09:12.723 [JavaFX Application Thread] WARN  FXGLAssetLoaderServi - Asset "/assets/textures/green_particle.png" was not found!
09:09:12.723 [JavaFX Application Thread] WARN  FXGLAssetLoaderServi - Failed to load IMAGE
09:09:17.986 [JavaFX Application Thread] WARN  FXGLAssetLoaderServi - Asset "/assets/textures/green_particle.png" was not found!
09:09:17.986 [JavaFX Application Thread] WARN  FXGLAssetLoaderServi - Failed to load IMAGE
09:09:24.786 [JavaFX Application Thread] WARN  FXGLAssetLoaderServi - Asset "/assets/textures/green_particle.png" was not found!
09:09:24.786 [JavaFX Application Thread] WARN  FXGLAssetLoaderServi - Failed to load IMAGE
09:09:26.956 [JavaFX Application Thread] DEBUG PrimaryStageWindow   - Push state: DialogSubScene
09:09:26.956 [JavaFX Application Thread] DEBUG Input                - Clearing active input actions
09:09:26.957 [JavaFX Application Thread] DEBUG GameApplicationServi - Removing overlay from GameScene and adding to DialogSubScene
09:09:26.957 [JavaFX Application Thread] DEBUG PrimaryStageWindow   - GameScene -> DialogSubScene
09:09:28.331 [JavaFX Application Thread] DEBUG PrimaryStageWindow   - Pop state: DialogSubScene
09:09:28.332 [JavaFX Application Thread] DEBUG Input                - Clearing active input actions
09:09:28.332 [JavaFX Application Thread] DEBUG GameApplicationServi - Removing overlay from DialogSubScene and adding to GameScene
09:09:28.332 [JavaFX Application Thread] DEBUG PrimaryStageWindow   - GameScene <- DialogSubScene
09:09:31.840 [JavaFX Application Thread] WARN  FXGLAssetLoaderServi - Asset "/assets/textures/particles/spark.png" was not found!
09:09:31.841 [JavaFX Application Thread] WARN  FXGLAssetLoaderServi - Failed to load RESIZABLE_IMAGE
09:09:32.834 [JavaFX Application Thread] WARN  FXGLAssetLoaderServi - Asset "/assets/textures/green_particle.png" was not found!
09:09:32.834 [JavaFX Application Thread] WARN  FXGLAssetLoaderServi - Failed to load IMAGE
09:09:34.120 [JavaFX Application Thread] WARN  FXGLAssetLoaderServi - Asset "/assets/textures/particles/glassparticle.png" was not found!
09:09:34.121 [JavaFX Application Thread] WARN  FXGLAssetLoaderServi - Failed to load RESIZABLE_IMAGE
09:09:38.627 [JavaFX Application Thread] WARN  FXGLAssetLoaderServi - Asset "/assets/textures/green_particle.png" was not found!
09:09:38.627 [JavaFX Application Thread] WARN  FXGLAssetLoaderServi - Failed to load IMAGE
09:09:41.461 [JavaFX Application Thread] DEBUG PrimaryStageWindow   - Push state: DialogSubScene
09:09:41.461 [JavaFX Application Thread] DEBUG Input                - Clearing active input actions
09:09:41.463 [JavaFX Application Thread] DEBUG GameApplicationServi - Removing overlay from GameScene and adding to DialogSubScene
09:09:41.464 [JavaFX Application Thread] DEBUG PrimaryStageWindow   - GameScene -> DialogSubScene
09:09:43.919 [JavaFX Application Thread] DEBUG PrimaryStageWindow   - Pop state: DialogSubScene
09:09:43.919 [JavaFX Application Thread] DEBUG Input                - Clearing active input actions
09:09:43.920 [JavaFX Application Thread] DEBUG GameApplicationServi - Removing overlay from DialogSubScene and adding to GameScene
09:09:43.920 [JavaFX Application Thread] DEBUG PrimaryStageWindow   - GameScene <- DialogSubScene
09:09:49.875 [JavaFX Application Thread] WARN  FXGLAssetLoaderServi - Asset "/assets/textures/green_particle.png" was not found!
09:09:49.875 [JavaFX Application Thread] WARN  FXGLAssetLoaderServi - Failed to load IMAGE
09:09:54.200 [JavaFX Application Thread] WARN  FXGLAssetLoaderServi - Asset "/assets/textures/particles/spark.png" was not found!
09:09:54.201 [JavaFX Application Thread] WARN  FXGLAssetLoaderServi - Failed to load RESIZABLE_IMAGE
09:09:55.633 [JavaFX Application Thread] WARN  FXGLAssetLoaderServi - Asset "/assets/textures/green_particle.png" was not found!
09:09:55.635 [JavaFX Application Thread] WARN  FXGLAssetLoaderServi - Failed to load IMAGE
09:10:03.552 [JavaFX Application Thread] WARN  FXGLAssetLoaderServi - Asset "/assets/textures/green_particle.png" was not found!
09:10:03.554 [JavaFX Application Thread] WARN  FXGLAssetLoaderServi - Failed to load IMAGE
09:10:10.623 [JavaFX Application Thread] WARN  FXGLAssetLoaderServi - Asset "/assets/textures/particles/glassparticle.png" was not found!
09:10:10.623 [JavaFX Application Thread] WARN  FXGLAssetLoaderServi - Failed to load RESIZABLE_IMAGE
09:10:10.813 [JavaFX Application Thread] DEBUG PrimaryStageWindow   - Push state: DialogSubScene
09:10:10.813 [JavaFX Application Thread] DEBUG Input                - Clearing active input actions
09:10:10.814 [JavaFX Application Thread] DEBUG GameApplicationServi - Removing overlay from GameScene and adding to DialogSubScene
09:10:10.814 [JavaFX Application Thread] DEBUG PrimaryStageWindow   - GameScene -> DialogSubScene
09:10:13.116 [JavaFX Application Thread] DEBUG PrimaryStageWindow   - Pop state: DialogSubScene
09:10:13.117 [JavaFX Application Thread] DEBUG Input                - Clearing active input actions
09:10:13.117 [JavaFX Application Thread] DEBUG GameApplicationServi - Removing overlay from DialogSubScene and adding to GameScene
09:10:13.117 [JavaFX Application Thread] DEBUG PrimaryStageWindow   - GameScene <- DialogSubScene
09:10:24.413 [JavaFX Application Thread] DEBUG LoopRunner           - Pausing loop
09:10:30.687 [JavaFX Application Thread] DEBUG FXGLApplication      - Exiting FXGL
09:10:30.688 [JavaFX Application Thread] DEBUG LoopRunner           - Stopping loop
09:10:30.688 [JavaFX Application Thread] DEBUG SystemBundleService  - Saving FXGL system data
09:10:30.691 [JavaFX Application Thread] DEBUG FileSystemAccess     - Writing to: C:\Users\ginac\IdeaProjects\TheOnlyException3\system\fxgl.bundle
09:10:30.705 [JavaFX Application Thread] DEBUG Async                - Shutting down background threads
09:10:30.706 [JavaFX Application Thread] DEBUG PrimaryStageWindow   - Closing main window
09:10:30.761 [JavaFX Application Thread] DEBUG Logger               - Closing Logger
