22:21:28.510 [main                     ] DEBUG Logger               - Configured Logger
22:21:28.514 [main                     ] DEBUG GameApplication      - Logging settings
Title: Prototype Game
Version: 0.1.5
Width: 1280
Height: 720
Fullscreen: false
Intro: false
Profiling: false
Single step:false
App Mode: DEVELOPER
Menu Key: ESCAPE
Stage Style: DECORATED
Scene Factory: class org.example.core.GameApp$1

22:21:28.629 [JavaFX Application Thread] DEBUG FXGLApplication      - Initializing FXGL
22:21:28.631 [JavaFX Application Thread] INFO  Engine               - FXGL-21+dev-SNAPSHOT (26.03.2024 19.46) on WINDOWS (J:24 FX:21.0.1)
22:21:28.632 [JavaFX Application Thread] DEBUG Engine               - JRE Vendor Name: Oracle Corporation
22:21:28.632 [JavaFX Application Thread] DEBUG Engine               - Running on OS: Windows 11 version 10.0
22:21:28.632 [JavaFX Application Thread] DEBUG Engine               - Architecture: amd64
22:21:28.632 [JavaFX Application Thread] INFO  Engine               - Source code and latest versions at: https://github.com/AlmasB/FXGL
22:21:28.632 [JavaFX Application Thread] INFO  Engine               -       Ask questions and discuss at: https://github.com/AlmasB/FXGL/discussions
22:21:28.632 [JavaFX Application Thread] INFO  Engine               -              Join the FXGL chat at: https://gitter.im/AlmasB/FXGL
22:21:28.721 [JavaFX Application Thread] DEBUG PrimaryStageWindow   - Creating a JavaFX scene
22:21:28.752 [JavaFX Application Thread] DEBUG PrimaryStageWindow   - Target settings size: 1280.0 x 720.0
22:21:28.752 [JavaFX Application Thread] DEBUG PrimaryStageWindow   - Scaled scene size:    1280.0 x 720.0
22:21:28.752 [JavaFX Application Thread] DEBUG PrimaryStageWindow   - Scaled ratio: (1.0, 1.0)
22:21:28.753 [JavaFX Application Thread] DEBUG PrimaryStageWindow   - Set initial scene to FXGLStartupScene
22:21:28.757 [JavaFX Application Thread] DEBUG PrimaryStageWindow   - Opening main window
22:21:28.846 [JavaFX Application Thread] DEBUG PrimaryStageWindow   - Window border size: (16.0, 39.0)
22:21:28.846 [JavaFX Application Thread] DEBUG PrimaryStageWindow   - Scaled size: 1280.0 x 720.0
22:21:28.846 [JavaFX Application Thread] DEBUG PrimaryStageWindow   - Scaled ratio: (1.0, 1.0)
22:21:28.846 [JavaFX Application Thread] DEBUG PrimaryStageWindow   - Scene size: 1280.0 x 720.0
22:21:28.846 [JavaFX Application Thread] DEBUG PrimaryStageWindow   - Stage size: 1296.0 x 759.0
22:21:28.852 [FXGL Background Thread 1 ] DEBUG Engine               - Initializing environment variables
22:21:28.898 [FXGL Background Thread 1 ] DEBUG FXGLAssetLoaderServi - User app class for loading assets: class org.example.core.GameApp
22:21:28.899 [FXGL Background Thread 1 ] DEBUG GameApplicationServi - Applying CSS: fxgl_dark.css
22:21:28.899 [FXGL Background Thread 1 ] DEBUG FXGLAssetLoaderServi - Loading from file system: jar:file:/C:/Users/primzcm/.m2/repository/com/github/almasb/fxgl/fxgl/21.1/fxgl-21.1.jar!/fxglassets/ui/css/fxgl_dark.css
22:21:28.936 [FXGL Background Thread 1 ] DEBUG GameApplicationServi - Initializing application scenes
22:21:28.956 [FXGL Background Thread 1 ] DEBUG GameWorld            - Game world initialized
22:21:28.998 [FXGL Background Thread 1 ] DEBUG PhysicsWorld         - Physics world initialized: appHeight=720, physics.ppm=50.0
22:21:28.998 [FXGL Background Thread 1 ] DEBUG PhysicsWorld         - Using strategy: BRUTE_FORCE
22:21:29.001 [FXGL Background Thread 1 ] DEBUG GameScene            - Game scene initialized: 1280x720
22:21:29.210 [FXGL Background Thread 1 ] DEBUG GameApplicationServi - Application scenes initialized
22:21:29.222 [FXGL Background Thread 1 ] DEBUG SystemBundleService  - Loading FXGL system data
22:21:29.225 [FXGL Background Thread 1 ] DEBUG FileSystemAccess     - Reading from: F:\my files\School\2nd year 2nd sem\TheOnlyException\system\fxgl.bundle
22:21:29.230 [FXGL Background Thread 1 ] DEBUG SystemBundleService  - Bundle FXGL: {}
22:21:29.230 [FXGL Background Thread 1 ] DEBUG UpdaterService       - Checking for updates
22:21:29.235 [FXGL Background Thread 4 ] DEBUG FXGLApplication      - Loading fonts
22:21:29.235 [FXGL Background Thread 4 ] DEBUG FXGLAssetLoaderServi - Loading from file system: jar:file:/C:/Users/primzcm/.m2/repository/com/github/almasb/fxgl/fxgl/21.1/fxgl-21.1.jar!/fxglassets/ui/fonts/VarelaRound-Regular.ttf
22:21:29.236 [FXGL Background Thread 1 ] DEBUG FXGLApplication      - Loading default localization
22:21:29.237 [FXGL Background Thread 1 ] DEBUG FXGLAssetLoaderServi - Loading from file system: jar:file:/C:/Users/primzcm/.m2/repository/com/github/almasb/fxgl/fxgl/21.1/fxgl-21.1.jar!/fxglassets/languages/english.lang
22:21:29.238 [FXGL Background Thread 4 ] DEBUG FXGLAssetLoaderServi - Loading from file system: jar:file:/C:/Users/primzcm/.m2/repository/com/github/almasb/fxgl/fxgl/21.1/fxgl-21.1.jar!/fxglassets/ui/fonts/Abel-Regular.ttf
22:21:29.240 [FXGL Background Thread 4 ] DEBUG FXGLAssetLoaderServi - Loading from file system: jar:file:/C:/Users/primzcm/.m2/repository/com/github/almasb/fxgl/fxgl/21.1/fxgl-21.1.jar!/fxglassets/ui/fonts/TerminalLandMono-Regular.otf
22:21:29.242 [FXGL Background Thread 4 ] DEBUG FXGLAssetLoaderServi - Loading from file system: jar:file:/C:/Users/primzcm/.m2/repository/com/github/almasb/fxgl/fxgl/21.1/fxgl-21.1.jar!/fxglassets/ui/fonts/Courier-Prime.ttf
22:21:29.250 [JavaFX Application Thread] DEBUG FXGLApplication      - Registering font factories with UI factory
22:21:29.261 [FXGL Background Thread 1 ] INFO  FXGLApplication      - FXGL initialization took: 0.409 sec
22:21:29.269 [JavaFX Application Thread] DEBUG Input                - Registered new binding: action0 - A
22:21:29.270 [JavaFX Application Thread] DEBUG Input                - Registered new binding: action1 - D
22:21:29.270 [JavaFX Application Thread] DEBUG Input                - Registered new binding: action2 - W
22:21:29.270 [JavaFX Application Thread] DEBUG Input                - Registered new binding: action3 - S
22:21:29.271 [JavaFX Application Thread] DEBUG Input                - Registered new binding: action4 - Esc
22:21:29.272 [JavaFX Application Thread] DEBUG FXGLAssetLoaderServi - Loading from file system: jar:file:/C:/Users/primzcm/.m2/repository/com/github/almasb/fxgl/fxgl/21.1/fxgl-21.1.jar!/fxglassets/textures/fxgl_icon.png
22:21:29.326 [JavaFX Application Thread] DEBUG FXGLAssetLoaderServi - Loading from file system: jar:file:/C:/Users/primzcm/.m2/repository/com/github/almasb/fxgl/fxgl/21.1/fxgl-21.1.jar!/fxglassets/textures/fxgl_default_cursor.png
22:21:29.330 [JavaFX Application Thread] DEBUG Input                - Registered new binding: Screenshot - CTRL+8
22:21:29.331 [JavaFX Application Thread] DEBUG Input                - Registered new binding: System info dump - CTRL+9
22:21:29.332 [JavaFX Application Thread] DEBUG Input                - Registered new binding: Restart - CTRL+R
22:21:29.332 [JavaFX Application Thread] DEBUG Input                - Registered new binding: Toggle Debug Camera - CTRL+7
22:21:29.335 [JavaFX Application Thread] DEBUG LoopRunner           - Starting loop
22:21:29.336 [JavaFX Application Thread] DEBUG LoopRunner           - Initializing JavaFX AnimationTimerLoop
22:21:29.339 [JavaFX Application Thread] DEBUG Input                - Clearing active input actions
22:21:29.347 [JavaFX Application Thread] DEBUG GameApplicationServi - Removing overlay from FXGLStartupScene and adding to FXGLMainMenuDummyScene
22:21:29.347 [JavaFX Application Thread] DEBUG PrimaryStageWindow   - FXGLStartupScene -> FXGLMainMenuDummyScene
22:21:29.347 [JavaFX Application Thread] DEBUG PrimaryStageWindow   - Push state: LoginScene
22:21:29.348 [JavaFX Application Thread] DEBUG Input                - Clearing active input actions
22:21:29.363 [JavaFX Application Thread] DEBUG GameApplicationServi - Removing overlay from FXGLMainMenuDummyScene and adding to LoginScene
22:21:29.363 [JavaFX Application Thread] DEBUG PrimaryStageWindow   - FXGLMainMenuDummyScene -> LoginScene
22:21:29.590 [FXGL Background Thread 2 ] INFO  UpdaterService       - Your current version:  21+dev-SNAPSHOT
22:21:29.590 [FXGL Background Thread 2 ] INFO  UpdaterService       - Latest stable version: 21.1
22:21:32.234 [FXGL Background Thread 3 ] DEBUG Engine               - Logging environment variables
22:21:32.234 [FXGL Background Thread 3 ] DEBUG Engine               - achievements: []
22:21:32.234 [FXGL Background Thread 3 ] DEBUG Engine               - actualHeight: 720.0
22:21:32.234 [FXGL Background Thread 3 ] DEBUG Engine               - actualHeightProperty: ReadOnlyDoubleProperty [value: 720.0]
22:21:32.234 [FXGL Background Thread 3 ] DEBUG Engine               - actualWidth: 1280.0
22:21:32.234 [FXGL Background Thread 3 ] DEBUG Engine               - actualWidthProperty: ReadOnlyDoubleProperty [value: 1280.0]
22:21:32.234 [FXGL Background Thread 3 ] DEBUG Engine               - appIcon: fxgl_icon.png
22:21:32.234 [FXGL Background Thread 3 ] DEBUG Engine               - applicationMode: DEVELOPER
22:21:32.234 [FXGL Background Thread 3 ] DEBUG Engine               - cSSList: [fxgl_dark.css]
22:21:32.234 [FXGL Background Thread 3 ] DEBUG Engine               - collisionDetectionStrategy: BRUTE_FORCE
22:21:32.234 [FXGL Background Thread 3 ] DEBUG Engine               - configClass: Optional.empty
22:21:32.234 [FXGL Background Thread 3 ] DEBUG Engine               - credits: []
22:21:32.236 [FXGL Background Thread 3 ] DEBUG Engine               - defaultCursor: CursorInfo(imageName=fxgl_default_cursor.png, hotspotX=7.0, hotspotY=6.0)
22:21:32.237 [FXGL Background Thread 3 ] DEBUG Engine               - devBBoxColorProperty: ObjectProperty [value: 0xff0000ff]
22:21:32.237 [FXGL Background Thread 3 ] DEBUG Engine               - devEnableDebugCameraProperty: BooleanProperty [value: false]
22:21:32.237 [FXGL Background Thread 3 ] DEBUG Engine               - devSensorColorProperty: ObjectProperty [value: 0xffff00ff]
22:21:32.237 [FXGL Background Thread 3 ] DEBUG Engine               - devShowBBoxProperty: BooleanProperty [value: false]
22:21:32.237 [FXGL Background Thread 3 ] DEBUG Engine               - devShowPositionProperty: BooleanProperty [value: false]
22:21:32.237 [FXGL Background Thread 3 ] DEBUG Engine               - enabledMenuItems: []
22:21:32.237 [FXGL Background Thread 3 ] DEBUG Engine               - engineServices: [class com.almasb.fxgl.app.services.FXGLAssetLoaderService, class com.almasb.fxgl.app.FXGLApplication$GameApplicationService, class com.almasb.fxgl.app.services.FXGLDialogService, class com.almasb.fxgl.app.services.IOTaskExecutorService, class com.almasb.fxgl.io.FileSystemService, class com.almasb.fxgl.localization.LocalizationService, class com.almasb.fxgl.app.services.SystemBundleService, class com.almasb.fxgl.profile.SaveLoadService, class com.almasb.fxgl.ui.FXGLUIFactoryServiceProvider, class com.almasb.fxgl.ui.FXGLDialogFactoryServiceProvider, class com.almasb.fxgl.audio.AudioPlayer, class com.almasb.fxgl.notification.impl.NotificationServiceProvider, class com.almasb.fxgl.achievement.AchievementService, class com.almasb.fxgl.cutscene.CutsceneService, class com.almasb.fxgl.minigames.MiniGameService, class com.almasb.fxgl.net.NetService, class com.almasb.fxgl.app.services.UpdaterService, class com.almasb.fxgl.dev.DevService]
22:21:32.237 [FXGL Background Thread 3 ] DEBUG Engine               - fontGame: Abel-Regular.ttf
22:21:32.237 [FXGL Background Thread 3 ] DEBUG Engine               - fontMono: TerminalLandMono-Regular.otf
22:21:32.237 [FXGL Background Thread 3 ] DEBUG Engine               - fontSizeScaleUI: 1.0
22:21:32.237 [FXGL Background Thread 3 ] DEBUG Engine               - fontText: Courier-Prime.ttf
22:21:32.237 [FXGL Background Thread 3 ] DEBUG Engine               - fontUI: VarelaRound-Regular.ttf
22:21:32.237 [FXGL Background Thread 3 ] DEBUG Engine               - fullScreen: BooleanProperty [value: false]
22:21:32.237 [FXGL Background Thread 3 ] DEBUG Engine               - gameDifficulty: MEDIUM
22:21:32.237 [FXGL Background Thread 3 ] DEBUG Engine               - gameDifficultyProperty: ObjectProperty [value: MEDIUM]
22:21:32.237 [FXGL Background Thread 3 ] DEBUG Engine               - globalMusicVolume: 0.5
22:21:32.237 [FXGL Background Thread 3 ] DEBUG Engine               - globalMusicVolumeProperty: DoubleProperty [value: 0.5]
22:21:32.237 [FXGL Background Thread 3 ] DEBUG Engine               - globalSoundVolume: 0.5
22:21:32.237 [FXGL Background Thread 3 ] DEBUG Engine               - globalSoundVolumeProperty: DoubleProperty [value: 0.5]
22:21:32.237 [FXGL Background Thread 3 ] DEBUG Engine               - height: 720
22:21:32.237 [FXGL Background Thread 3 ] DEBUG Engine               - is3D: false
22:21:32.237 [FXGL Background Thread 3 ] DEBUG Engine               - isAndroid: false
22:21:32.238 [FXGL Background Thread 3 ] DEBUG Engine               - isBrowser: false
22:21:32.238 [FXGL Background Thread 3 ] DEBUG Engine               - isClickFeedbackEnabled: false
22:21:32.238 [FXGL Background Thread 3 ] DEBUG Engine               - isCloseConfirmation: false
22:21:32.238 [FXGL Background Thread 3 ] DEBUG Engine               - isDesktop: true
22:21:32.238 [FXGL Background Thread 3 ] DEBUG Engine               - isDeveloperMenuEnabled: false
22:21:32.238 [FXGL Background Thread 3 ] DEBUG Engine               - isEmbedded: false
22:21:32.238 [FXGL Background Thread 3 ] DEBUG Engine               - isEntityPreloadEnabled: true
22:21:32.238 [FXGL Background Thread 3 ] DEBUG Engine               - isExperimentalTiledLargeMap: false
22:21:32.238 [FXGL Background Thread 3 ] DEBUG Engine               - isFileSystemWriteAllowed: true
22:21:32.238 [FXGL Background Thread 3 ] DEBUG Engine               - isFullScreenAllowed: false
22:21:32.238 [FXGL Background Thread 3 ] DEBUG Engine               - isFullScreenFromStart: false
22:21:32.238 [FXGL Background Thread 3 ] DEBUG Engine               - isGameMenuEnabled: false
22:21:32.238 [FXGL Background Thread 3 ] DEBUG Engine               - isIOS: false
22:21:32.238 [FXGL Background Thread 3 ] DEBUG Engine               - isIntroEnabled: false
22:21:32.238 [FXGL Background Thread 3 ] DEBUG Engine               - isLinux: false
22:21:32.238 [FXGL Background Thread 3 ] DEBUG Engine               - isMac: false
22:21:32.238 [FXGL Background Thread 3 ] DEBUG Engine               - isMainMenuEnabled: true
22:21:32.238 [FXGL Background Thread 3 ] DEBUG Engine               - isManualResizeEnabled: false
22:21:32.238 [FXGL Background Thread 3 ] DEBUG Engine               - isMobile: false
22:21:32.238 [FXGL Background Thread 3 ] DEBUG Engine               - isNative: false
22:21:32.238 [FXGL Background Thread 3 ] DEBUG Engine               - isPauseMusicWhenMinimized: true
22:21:32.238 [FXGL Background Thread 3 ] DEBUG Engine               - isPreserveResizeRatio: false
22:21:32.238 [FXGL Background Thread 3 ] DEBUG Engine               - isProfilingEnabled: false
22:21:32.238 [FXGL Background Thread 3 ] DEBUG Engine               - isScaleAffectedOnResize: true
22:21:32.238 [FXGL Background Thread 3 ] DEBUG Engine               - isSingleStep: false
22:21:32.238 [FXGL Background Thread 3 ] DEBUG Engine               - isUserProfileEnabled: false
22:21:32.238 [FXGL Background Thread 3 ] DEBUG Engine               - isWindows: true
22:21:32.238 [FXGL Background Thread 3 ] DEBUG Engine               - language: ObjectProperty [value: ENGLISH]
22:21:32.238 [FXGL Background Thread 3 ] DEBUG Engine               - menuKey: ESCAPE
22:21:32.238 [FXGL Background Thread 3 ] DEBUG Engine               - mouseSensitivity: 0.2
22:21:32.238 [FXGL Background Thread 3 ] DEBUG Engine               - notificationViewClass: class com.almasb.fxgl.notification.view.XboxNotificationView
22:21:32.238 [FXGL Background Thread 3 ] DEBUG Engine               - pixelsPerMeter: 50.0
22:21:32.238 [FXGL Background Thread 3 ] DEBUG Engine               - platform: WINDOWS
22:21:32.238 [FXGL Background Thread 3 ] DEBUG Engine               - prefHeightProperty: ReadOnlyDoubleProperty [value: 720.0]
22:21:32.238 [FXGL Background Thread 3 ] DEBUG Engine               - prefWidthProperty: ReadOnlyDoubleProperty [value: 1280.0]
22:21:32.239 [FXGL Background Thread 3 ] DEBUG Engine               - profileDir: profiles/
22:21:32.239 [FXGL Background Thread 3 ] DEBUG Engine               - profileName: StringProperty [value: DEFAULT]
22:21:32.239 [FXGL Background Thread 3 ] DEBUG Engine               - randomSeed: -1
22:21:32.239 [FXGL Background Thread 3 ] DEBUG Engine               - runtimeInfo: RuntimeInfo(platform=WINDOWS, version=21+dev-SNAPSHOT, build=26.03.2024 19.46)
22:21:32.239 [FXGL Background Thread 3 ] DEBUG Engine               - saveFileExt: sav
22:21:32.239 [FXGL Background Thread 3 ] DEBUG Engine               - scaledHeightProp$fxgl: DoubleProperty [bound, value: 720.0]
22:21:32.239 [FXGL Background Thread 3 ] DEBUG Engine               - scaledWidthProp$fxgl: DoubleProperty [bound, value: 1280.0]
22:21:32.239 [FXGL Background Thread 3 ] DEBUG Engine               - sceneFactory: org.example.core.GameApp$1@756f8fb0
22:21:32.239 [FXGL Background Thread 3 ] DEBUG Engine               - secondsIn24h: 60
22:21:32.239 [FXGL Background Thread 3 ] DEBUG Engine               - soundMenuBack: menu/back.wav
22:21:32.239 [FXGL Background Thread 3 ] DEBUG Engine               - soundMenuPress: menu/press.wav
22:21:32.239 [FXGL Background Thread 3 ] DEBUG Engine               - soundMenuSelect: menu/select.wav
22:21:32.239 [FXGL Background Thread 3 ] DEBUG Engine               - soundNotification: core/notification.wav
22:21:32.239 [FXGL Background Thread 3 ] DEBUG Engine               - stageStyle: DECORATED
22:21:32.239 [FXGL Background Thread 3 ] DEBUG Engine               - supportedLanguages: [ENGLISH, FRENCH, GERMAN, HUNGARIAN, RUSSIAN]
22:21:32.239 [FXGL Background Thread 3 ] DEBUG Engine               - ticksPerSecond: -1
22:21:32.239 [FXGL Background Thread 3 ] DEBUG Engine               - title: Prototype Game
22:21:32.239 [FXGL Background Thread 3 ] DEBUG Engine               - urlGithub: https://github.com/AlmasB/FXGL
22:21:32.239 [FXGL Background Thread 3 ] DEBUG Engine               - urlLeaderboard: http://fxgl-top.herokuapp.com/
22:21:32.239 [FXGL Background Thread 3 ] DEBUG Engine               - urlPOM: https://raw.githubusercontent.com/AlmasB/FXGL/release/README.md
22:21:32.239 [FXGL Background Thread 3 ] DEBUG Engine               - userAppClass: class org.example.core.GameApp
22:21:32.239 [FXGL Background Thread 3 ] DEBUG Engine               - version: 0.1.5
22:21:32.239 [FXGL Background Thread 3 ] DEBUG Engine               - versionCheckDays: 7
22:21:32.239 [FXGL Background Thread 3 ] DEBUG Engine               - width: 1280
22:21:32.239 [FXGL Background Thread 3 ] DEBUG Engine               - Logging services
22:21:32.239 [FXGL Background Thread 3 ] DEBUG Engine               - class com.almasb.fxgl.app.services.FXGLAssetLoaderService
22:21:32.239 [FXGL Background Thread 3 ] DEBUG Engine               - class com.almasb.fxgl.app.FXGLApplication$GameApplicationService
22:21:32.239 [FXGL Background Thread 3 ] DEBUG Engine               - class com.almasb.fxgl.app.services.FXGLDialogService
22:21:32.239 [FXGL Background Thread 3 ] DEBUG Engine               - class com.almasb.fxgl.app.services.IOTaskExecutorService
22:21:32.239 [FXGL Background Thread 3 ] DEBUG Engine               - class com.almasb.fxgl.io.FileSystemService
22:21:32.239 [FXGL Background Thread 3 ] DEBUG Engine               - class com.almasb.fxgl.localization.LocalizationService
22:21:32.239 [FXGL Background Thread 3 ] DEBUG Engine               - class com.almasb.fxgl.app.services.SystemBundleService
22:21:32.239 [FXGL Background Thread 3 ] DEBUG Engine               - class com.almasb.fxgl.profile.SaveLoadService
22:21:32.239 [FXGL Background Thread 3 ] DEBUG Engine               - class com.almasb.fxgl.ui.FXGLUIFactoryServiceProvider
22:21:32.239 [FXGL Background Thread 3 ] DEBUG Engine               - class com.almasb.fxgl.ui.FXGLDialogFactoryServiceProvider
22:21:32.239 [FXGL Background Thread 3 ] DEBUG Engine               - class com.almasb.fxgl.audio.AudioPlayer
22:21:32.239 [FXGL Background Thread 3 ] DEBUG Engine               - class com.almasb.fxgl.notification.impl.NotificationServiceProvider
22:21:32.239 [FXGL Background Thread 3 ] DEBUG Engine               - class com.almasb.fxgl.achievement.AchievementService
22:21:32.239 [FXGL Background Thread 3 ] DEBUG Engine               - class com.almasb.fxgl.cutscene.CutsceneService
22:21:32.239 [FXGL Background Thread 3 ] DEBUG Engine               - class com.almasb.fxgl.minigames.MiniGameService
22:21:32.239 [FXGL Background Thread 3 ] DEBUG Engine               - class com.almasb.fxgl.net.NetService
22:21:32.239 [FXGL Background Thread 3 ] DEBUG Engine               - class com.almasb.fxgl.app.services.UpdaterService
22:21:32.239 [FXGL Background Thread 3 ] DEBUG Engine               - class com.almasb.fxgl.dev.DevService
22:21:33.135 [JavaFX Application Thread] DEBUG GameWorld            - Game world initialized
22:21:33.135 [JavaFX Application Thread] DEBUG PhysicsWorld         - Physics world initialized: appHeight=720, physics.ppm=50.0
22:21:33.136 [JavaFX Application Thread] DEBUG PhysicsWorld         - Using strategy: BRUTE_FORCE
22:21:33.136 [JavaFX Application Thread] DEBUG GameScene            - Game scene initialized: 1280x720
22:21:33.166 [JavaFX Application Thread] DEBUG PrimaryStageWindow   - Push state: MainMenuScene
22:21:33.196 [JavaFX Application Thread] DEBUG Input                - Clearing active input actions
22:21:33.198 [JavaFX Application Thread] DEBUG GameApplicationServi - Removing overlay from LoginScene and adding to MainMenuScene
22:21:33.198 [JavaFX Application Thread] DEBUG PrimaryStageWindow   - LoginScene -> MainMenuScene
22:21:33.198 [JavaFX Application Thread] DEBUG GameWorld            - Game world initialized
22:21:33.199 [JavaFX Application Thread] DEBUG PhysicsWorld         - Physics world initialized: appHeight=720, physics.ppm=50.0
22:21:33.199 [JavaFX Application Thread] DEBUG PhysicsWorld         - Using strategy: BRUTE_FORCE
22:21:33.199 [JavaFX Application Thread] DEBUG GameScene            - Game scene initialized: 1280x720
22:21:33.212 [JavaFX Application Thread] DEBUG PrimaryStageWindow   - Push state: MainMenuScene
22:21:33.248 [JavaFX Application Thread] DEBUG Input                - Clearing active input actions
22:21:33.249 [JavaFX Application Thread] DEBUG GameApplicationServi - Removing overlay from MainMenuScene and adding to MainMenuScene
22:21:33.249 [JavaFX Application Thread] DEBUG PrimaryStageWindow   - MainMenuScene -> MainMenuScene
22:21:33.780 [JavaFX Application Thread] DEBUG GameApplicationServi - Starting new game
22:21:33.780 [JavaFX Application Thread] DEBUG PrimaryStageWindow   - Pop state: MainMenuScene
22:21:33.780 [JavaFX Application Thread] DEBUG Input                - Clearing active input actions
22:21:33.780 [JavaFX Application Thread] DEBUG GameApplicationServi - Removing overlay from MainMenuScene and adding to MainMenuScene
22:21:33.780 [JavaFX Application Thread] DEBUG PrimaryStageWindow   - MainMenuScene <- MainMenuScene
22:21:33.804 [JavaFX Application Thread] DEBUG PrimaryStageWindow   - Pop state: MainMenuScene
22:21:33.804 [JavaFX Application Thread] DEBUG Input                - Clearing active input actions
22:21:33.804 [JavaFX Application Thread] DEBUG GameApplicationServi - Removing overlay from MainMenuScene and adding to LoginScene
22:21:33.805 [JavaFX Application Thread] DEBUG PrimaryStageWindow   - LoginScene <- MainMenuScene
22:21:33.856 [JavaFX Application Thread] DEBUG PrimaryStageWindow   - Pop state: LoginScene
22:21:33.856 [JavaFX Application Thread] DEBUG Input                - Clearing active input actions
22:21:33.857 [JavaFX Application Thread] DEBUG GameApplicationServi - Removing overlay from LoginScene and adding to FXGLMainMenuDummyScene
22:21:33.857 [JavaFX Application Thread] DEBUG PrimaryStageWindow   - FXGLMainMenuDummyScene <- LoginScene
22:21:33.857 [JavaFX Application Thread] DEBUG Input                - Clearing active input actions
22:21:33.862 [JavaFX Application Thread] DEBUG GameApplicationServi - Removing overlay from FXGLMainMenuDummyScene and adding to FXGLLoadingScene
22:21:33.862 [JavaFX Application Thread] DEBUG PrimaryStageWindow   - FXGLMainMenuDummyScene -> FXGLLoadingScene
22:21:33.862 [JavaFX Application Thread] DEBUG GameApplicationServi - Clearing previous game
22:21:33.862 [JavaFX Application Thread] DEBUG GameScene            - Clearing game scene
22:21:33.862 [JavaFX Application Thread] DEBUG GameWorld            - Clearing game world
22:21:33.862 [JavaFX Application Thread] DEBUG PhysicsWorld         - Clearing physics world
22:21:33.863 [FXGL Background Thread 2 ] DEBUG FXGLApplication      - Initializing game
22:21:33.872 [FXGL Background Thread 2 ] DEBUG FXGLAssetLoaderServi - Loading from file system: file:/F:/my%20files/School/2nd%20year%202nd%20sem/TheOnlyException/Test/target/classes/assets/textures/worlda.png
22:21:33.931 [FXGL Background Thread 2 ] DEBUG FXGLAssetLoaderServi - Loading from file system: file:/F:/my%20files/School/2nd%20year%202nd%20sem/TheOnlyException/Test/target/classes/assets/textures/player-scaled.png
22:21:33.973 [FXGL Background Thread 2 ] INFO  FXGLApplication      - Game initialization took: 0.109 sec
22:21:33.976 [JavaFX Application Thread] DEBUG Input                - Clearing active input actions
22:21:33.981 [JavaFX Application Thread] DEBUG GameApplicationServi - Removing overlay from FXGLLoadingScene and adding to GameScene
22:21:33.981 [JavaFX Application Thread] DEBUG PrimaryStageWindow   - FXGLLoadingScene -> GameScene
22:21:34.476 [JavaFX Application Thread] DEBUG FXGLAssetLoaderServi - Loading from file system: file:/F:/my%20files/School/2nd%20year%202nd%20sem/TheOnlyException/Test/target/classes/assets/textures/MaggotWalk-scaled.png
22:21:34.482 [JavaFX Application Thread] DEBUG FXGLAssetLoaderServi - Loading from file system: file:/F:/my%20files/School/2nd%20year%202nd%20sem/TheOnlyException/Test/target/classes/assets/textures/BeetleMove-scaled.png
22:21:34.484 [JavaFX Application Thread] DEBUG FXGLAssetLoaderServi - Loading from file system: file:/F:/my%20files/School/2nd%20year%202nd%20sem/TheOnlyException/Test/target/classes/assets/textures/MantisMove-scaled.png
22:21:34.485 [JavaFX Application Thread] DEBUG FXGLAssetLoaderServi - Loading from file system: file:/F:/my%20files/School/2nd%20year%202nd%20sem/TheOnlyException/Test/target/classes/assets/textures/BeeMove-scaled.png
22:21:34.486 [JavaFX Application Thread] DEBUG FXGLAssetLoaderServi - Loading from file system: file:/F:/my%20files/School/2nd%20year%202nd%20sem/TheOnlyException/Test/target/classes/assets/textures/GiantFly.png
22:21:34.488 [JavaFX Application Thread] DEBUG FXGLAssetLoaderServi - Loading from file system: file:/F:/my%20files/School/2nd%20year%202nd%20sem/TheOnlyException/Test/target/classes/assets/textures/DragonFly.png
22:21:38.782 [JavaFX Application Thread] DEBUG FXGLAssetLoaderServi - Loading from file system: file:/F:/my%20files/School/2nd%20year%202nd%20sem/TheOnlyException/Test/target/classes/assets/textures/firewallshield.png
22:21:38.799 [JavaFX Application Thread] DEBUG FXGLAssetLoaderServi - Loading from file system: file:/F:/my%20files/School/2nd%20year%202nd%20sem/TheOnlyException/Test/target/classes/assets/textures/systemrestore.png
22:21:38.815 [JavaFX Application Thread] DEBUG FXGLAssetLoaderServi - Loading from file system: file:/F:/my%20files/School/2nd%20year%202nd%20sem/TheOnlyException/Test/target/classes/assets/textures/datawipe.png
22:21:38.834 [JavaFX Application Thread] WARN  FXGLAssetLoaderServi - Asset "/assets/textures/gun.png" was not found!
22:21:38.834 [JavaFX Application Thread] WARN  FXGLAssetLoaderServi - Failed to load IMAGE
22:21:38.842 [JavaFX Application Thread] DEBUG PrimaryStageWindow   - Push state: DialogSubScene
22:21:38.842 [JavaFX Application Thread] DEBUG Input                - Clearing active input actions
22:21:38.844 [JavaFX Application Thread] DEBUG GameApplicationServi - Removing overlay from GameScene and adding to DialogSubScene
22:21:38.844 [JavaFX Application Thread] DEBUG PrimaryStageWindow   - GameScene -> DialogSubScene
22:21:39.541 [JavaFX Application Thread] DEBUG PrimaryStageWindow   - Pop state: DialogSubScene
22:21:39.541 [JavaFX Application Thread] DEBUG Input                - Clearing active input actions
22:21:39.541 [JavaFX Application Thread] DEBUG GameApplicationServi - Removing overlay from DialogSubScene and adding to GameScene
22:21:39.541 [JavaFX Application Thread] DEBUG PrimaryStageWindow   - GameScene <- DialogSubScene
22:21:41.435 [JavaFX Application Thread] DEBUG FXGLAssetLoaderServi - Loading from file system: file:/F:/my%20files/School/2nd%20year%202nd%20sem/TheOnlyException/Test/target/classes/assets/textures/datawipemine.png
22:21:44.867 [JavaFX Application Thread] DEBUG FXGLApplication      - Exiting FXGL
22:21:44.867 [JavaFX Application Thread] DEBUG LoopRunner           - Stopping loop
22:21:44.867 [JavaFX Application Thread] DEBUG SystemBundleService  - Saving FXGL system data
22:21:44.868 [JavaFX Application Thread] DEBUG FileSystemAccess     - Writing to: F:\my files\School\2nd year 2nd sem\TheOnlyException\system\fxgl.bundle
22:21:44.927 [JavaFX Application Thread] DEBUG Async                - Shutting down background threads
22:21:44.927 [JavaFX Application Thread] DEBUG PrimaryStageWindow   - Closing main window
22:21:44.946 [JavaFX Application Thread] DEBUG Logger               - Closing Logger
