21:40:17.433 [main                     ] DEBUG Logger               - Configured Logger
21:40:17.442 [main                     ] DEBUG GameApplication      - Logging settings
Title: Prototype
Version: 0.1.5
Width: 1280
Height: 720
Fullscreen: false
Intro: false
Profiling: false
Single step:false
App Mode: DEVELOPER
Menu Key: ESCAPE
Stage Style: DECORATED
Scene Factory: class org.example.GameApp$1

21:40:18.359 [JavaFX Application Thread] DEBUG FXGLApplication      - Initializing FXGL
21:40:18.365 [JavaFX Application Thread] INFO  Engine               - FXGL-17+dev-SNAPSHOT (01.09.2022 03.33) on WINDOWS (J:24 FX:18)
21:40:18.365 [JavaFX Application Thread] DEBUG Engine               - JRE Vendor Name: Oracle Corporation
21:40:18.366 [JavaFX Application Thread] DEBUG Engine               - Running on OS: Windows 11 version 10.0
21:40:18.366 [JavaFX Application Thread] DEBUG Engine               - Architecture: amd64
21:40:18.366 [JavaFX Application Thread] INFO  Engine               - Source code and latest versions at: https://github.com/AlmasB/FXGL
21:40:18.366 [JavaFX Application Thread] INFO  Engine               -       Ask questions and discuss at: https://github.com/AlmasB/FXGL/discussions
21:40:18.366 [JavaFX Application Thread] INFO  Engine               -              Join the FXGL chat at: https://gitter.im/AlmasB/FXGL
21:40:18.693 [JavaFX Application Thread] DEBUG PrimaryStageWindow   - Creating a JavaFX scene
21:40:18.693 [JavaFX Application Thread] DEBUG PrimaryStageWindow   - Target size > screen size
21:40:18.808 [JavaFX Application Thread] DEBUG PrimaryStageWindow   - Target settings size: 1280.0 x 720.0
21:40:18.808 [JavaFX Application Thread] DEBUG PrimaryStageWindow   - Scaled scene size:    1169.0 x 671.0
21:40:18.808 [JavaFX Application Thread] DEBUG PrimaryStageWindow   - Scaled ratio: (0.91328125, 0.9319444444444445)
21:40:18.811 [JavaFX Application Thread] DEBUG PrimaryStageWindow   - Set initial scene to FXGLStartupScene
21:40:18.834 [JavaFX Application Thread] DEBUG PrimaryStageWindow   - Opening main window
21:40:19.041 [JavaFX Application Thread] DEBUG PrimaryStageWindow   - Window border size: (15.0, 37.66668701171875)
21:40:19.042 [JavaFX Application Thread] DEBUG PrimaryStageWindow   - Scaled size: 1169.0 x 671.0
21:40:19.042 [JavaFX Application Thread] DEBUG PrimaryStageWindow   - Scaled ratio: (0.91328125, 0.9319444444444445)
21:40:19.043 [JavaFX Application Thread] DEBUG PrimaryStageWindow   - Scene size: 1169.0 x 671.0
21:40:19.043 [JavaFX Application Thread] DEBUG PrimaryStageWindow   - Stage size: 1184.0 x 708.6666870117188
21:40:19.064 [FXGL Background Thread 1 ] DEBUG Engine               - Initializing environment variables
21:40:19.186 [FXGL Background Thread 1 ] DEBUG FXGLAssetLoaderServi - User app class for loading assets: class org.example.GameApp
21:40:19.186 [FXGL Background Thread 1 ] DEBUG GameApplicationServi - Applying CSS: fxgl_dark.css
21:40:19.188 [FXGL Background Thread 1 ] DEBUG FXGLAssetLoaderServi - Loading from file system: jar:file:/C:/Users/ginac/.m2/repository/com/github/AlmasB/FXGL/fxgl/17.2/fxgl-17.2.jar!/fxglassets/ui/css/fxgl_dark.css
21:40:19.309 [FXGL Background Thread 1 ] DEBUG GameApplicationServi - Initializing application scenes
21:40:19.413 [FXGL Background Thread 1 ] DEBUG GameWorld            - Game world initialized
21:40:19.567 [FXGL Background Thread 1 ] DEBUG PhysicsWorld         - Physics world initialized: appHeight=720, physics.ppm=50.0
21:40:19.568 [FXGL Background Thread 1 ] DEBUG PhysicsWorld         - Using strategy: BRUTE_FORCE
21:40:19.575 [FXGL Background Thread 1 ] DEBUG GameScene            - Game scene initialized: 1280x720
21:40:19.652 [FXGL Background Thread 1 ] DEBUG FXGL.DefaultMenu     - createMenuBodyGameMenu()
21:40:19.687 [FXGL Background Thread 1 ] DEBUG FXGL.DefaultMenu     - createOptionsMenu()
21:40:19.717 [FXGL Background Thread 1 ] DEBUG FXGLAssetLoaderServi - Loading from file system: jar:file:/C:/Users/ginac/.m2/repository/com/github/AlmasB/FXGL/fxgl/17.2/fxgl-17.2.jar!/fxglassets/textures/particles/smoke.png
21:40:19.927 [FXGL Background Thread 1 ] DEBUG FXGLAssetLoaderServi - Loading from file system: jar:file:/C:/Users/ginac/.m2/repository/com/github/AlmasB/FXGL/fxgl/17.2/fxgl-17.2.jar!/fxglassets/textures/particles/trace_horizontal.png
21:40:19.969 [FXGL Background Thread 1 ] DEBUG GameApplicationServi - Application scenes initialized
21:40:19.994 [FXGL Background Thread 1 ] DEBUG SystemBundleService  - Loading FXGL system data
21:40:19.999 [FXGL Background Thread 1 ] DEBUG FileSystemAccess     - Reading from: C:\Users\ginac\IdeaProjects\TheOnlyException\system\fxgl.bundle
21:40:20.004 [FXGL Background Thread 1 ] DEBUG SystemBundleService  - Bundle FXGL: {}
21:40:20.004 [FXGL Background Thread 1 ] DEBUG UpdaterService       - Checking for updates
21:40:20.012 [FXGL Background Thread 4 ] DEBUG FXGLApplication      - Loading fonts
21:40:20.013 [FXGL Background Thread 4 ] DEBUG FXGLAssetLoaderServi - Loading from file system: jar:file:/C:/Users/ginac/.m2/repository/com/github/AlmasB/FXGL/fxgl-samples/17.2/fxgl-samples-17.2.jar!/assets/ui/fonts/VarelaRound-Regular.ttf
21:40:20.013 [FXGL Background Thread 1 ] DEBUG FXGLApplication      - Loading default localization
21:40:20.016 [FXGL Background Thread 1 ] DEBUG FXGLAssetLoaderServi - Loading from file system: jar:file:/C:/Users/ginac/.m2/repository/com/github/AlmasB/FXGL/fxgl/17.2/fxgl-17.2.jar!/fxglassets/languages/english.lang
21:40:20.041 [FXGL Background Thread 4 ] DEBUG FXGLAssetLoaderServi - Loading from file system: jar:file:/C:/Users/ginac/.m2/repository/com/github/AlmasB/FXGL/fxgl/17.2/fxgl-17.2.jar!/fxglassets/ui/fonts/Abel-Regular.ttf
21:40:20.051 [FXGL Background Thread 4 ] DEBUG FXGLAssetLoaderServi - Loading from file system: jar:file:/C:/Users/ginac/.m2/repository/com/github/AlmasB/FXGL/fxgl/17.2/fxgl-17.2.jar!/fxglassets/ui/fonts/TerminalLandMono-Regular.otf
21:40:20.061 [FXGL Background Thread 4 ] DEBUG FXGLAssetLoaderServi - Loading from file system: jar:file:/C:/Users/ginac/.m2/repository/com/github/AlmasB/FXGL/fxgl/17.2/fxgl-17.2.jar!/fxglassets/ui/fonts/Courier-Prime.ttf
21:40:20.064 [FXGL Background Thread 1 ] INFO  FXGLApplication      - FXGL initialization took: 1.000 sec
21:40:20.084 [JavaFX Application Thread] DEBUG Input                - Registered new binding: action0 - A
21:40:20.085 [JavaFX Application Thread] DEBUG Input                - Registered new binding: action1 - D
21:40:20.086 [JavaFX Application Thread] DEBUG Input                - Registered new binding: action2 - W
21:40:20.087 [JavaFX Application Thread] DEBUG Input                - Registered new binding: action3 - S
21:40:20.088 [JavaFX Application Thread] DEBUG FXGLAssetLoaderServi - Loading from file system: jar:file:/C:/Users/ginac/.m2/repository/com/github/AlmasB/FXGL/fxgl/17.2/fxgl-17.2.jar!/fxglassets/textures/fxgl_icon.png
21:40:20.146 [JavaFX Application Thread] DEBUG FXGLAssetLoaderServi - Loading from file system: jar:file:/C:/Users/ginac/.m2/repository/com/github/AlmasB/FXGL/fxgl/17.2/fxgl-17.2.jar!/fxglassets/textures/fxgl_default_cursor.png
21:40:20.152 [JavaFX Application Thread] DEBUG Input                - Registered new binding: Screenshot - CTRL+8
21:40:20.153 [JavaFX Application Thread] DEBUG Input                - Registered new binding: System info dump - CTRL+9
21:40:20.154 [JavaFX Application Thread] DEBUG Input                - Registered new binding: Restart - CTRL+R
21:40:20.156 [JavaFX Application Thread] DEBUG Input                - Registered new binding: Toggle Debug Camera - CTRL+7
21:40:20.163 [JavaFX Application Thread] DEBUG LoopRunner           - Starting loop
21:40:20.163 [JavaFX Application Thread] DEBUG LoopRunner           - Initializing JavaFX AnimationTimerLoop
21:40:20.170 [JavaFX Application Thread] DEBUG Input                - Clearing active input actions
21:40:20.183 [JavaFX Application Thread] DEBUG GameApplicationServi - Removing overlay from FXGLStartupScene and adding to FXGLMainMenuDummyScene
21:40:20.184 [JavaFX Application Thread] DEBUG PrimaryStageWindow   - FXGLStartupScene -> FXGLMainMenuDummyScene
21:40:20.184 [JavaFX Application Thread] DEBUG PrimaryStageWindow   - Push state: NameInputScene
21:40:20.184 [JavaFX Application Thread] DEBUG Input                - Clearing active input actions
21:40:20.203 [JavaFX Application Thread] DEBUG GameApplicationServi - Removing overlay from FXGLMainMenuDummyScene and adding to NameInputScene
21:40:20.204 [JavaFX Application Thread] DEBUG PrimaryStageWindow   - FXGLMainMenuDummyScene -> NameInputScene
21:40:20.209 [JavaFX Application Thread] DEBUG FXGLApplication      - Registering font factories with UI factory
21:40:20.863 [FXGL Background Thread 2 ] INFO  UpdaterService       - Your current version:  17+dev-SNAPSHOT
21:40:20.864 [FXGL Background Thread 2 ] INFO  UpdaterService       - Latest stable version: 21.1
21:40:23.010 [FXGL Background Thread 3 ] DEBUG Engine               - Logging environment variables
21:40:23.010 [FXGL Background Thread 3 ] DEBUG Engine               - achievements: []
21:40:23.010 [FXGL Background Thread 3 ] DEBUG Engine               - actualHeight: 671.0
21:40:23.010 [FXGL Background Thread 3 ] DEBUG Engine               - actualHeightProperty: ReadOnlyDoubleProperty [value: 671.0]
21:40:23.011 [FXGL Background Thread 3 ] DEBUG Engine               - actualWidth: 1169.0
21:40:23.011 [FXGL Background Thread 3 ] DEBUG Engine               - actualWidthProperty: ReadOnlyDoubleProperty [value: 1169.0]
21:40:23.011 [FXGL Background Thread 3 ] DEBUG Engine               - appIcon: fxgl_icon.png
21:40:23.011 [FXGL Background Thread 3 ] DEBUG Engine               - applicationMode: DEVELOPER
21:40:23.011 [FXGL Background Thread 3 ] DEBUG Engine               - cSSList: [fxgl_dark.css]
21:40:23.011 [FXGL Background Thread 3 ] DEBUG Engine               - collisionDetectionStrategy: BRUTE_FORCE
21:40:23.011 [FXGL Background Thread 3 ] DEBUG Engine               - configClass: Optional.empty
21:40:23.011 [FXGL Background Thread 3 ] DEBUG Engine               - credits: []
21:40:23.012 [FXGL Background Thread 3 ] DEBUG Engine               - defaultCursor: CursorInfo(imageName=fxgl_default_cursor.png, hotspotX=7.0, hotspotY=6.0)
21:40:23.012 [FXGL Background Thread 3 ] DEBUG Engine               - devBBoxColorProperty: ObjectProperty [value: 0xff0000ff]
21:40:23.012 [FXGL Background Thread 3 ] DEBUG Engine               - devEnableDebugCameraProperty: BooleanProperty [value: false]
21:40:23.012 [FXGL Background Thread 3 ] DEBUG Engine               - devSensorColorProperty: ObjectProperty [value: 0xffff00ff]
21:40:23.012 [FXGL Background Thread 3 ] DEBUG Engine               - devShowBBoxProperty: BooleanProperty [value: false]
21:40:23.012 [FXGL Background Thread 3 ] DEBUG Engine               - devShowPositionProperty: BooleanProperty [value: false]
21:40:23.012 [FXGL Background Thread 3 ] DEBUG Engine               - enabledMenuItems: []
21:40:23.012 [FXGL Background Thread 3 ] DEBUG Engine               - engineServices: [class com.almasb.fxgl.app.services.FXGLAssetLoaderService, class com.almasb.fxgl.app.FXGLApplication$GameApplicationService, class com.almasb.fxgl.app.services.FXGLDialogService, class com.almasb.fxgl.app.services.IOTaskExecutorService, class com.almasb.fxgl.io.FileSystemService, class com.almasb.fxgl.localization.LocalizationService, class com.almasb.fxgl.app.services.SystemBundleService, class com.almasb.fxgl.profile.SaveLoadService, class com.almasb.fxgl.ui.FXGLUIFactoryServiceProvider, class com.almasb.fxgl.ui.FXGLDialogFactoryServiceProvider, class com.almasb.fxgl.audio.AudioPlayer, class com.almasb.fxgl.notification.impl.NotificationServiceProvider, class com.almasb.fxgl.achievement.AchievementService, class com.almasb.fxgl.cutscene.CutsceneService, class com.almasb.fxgl.minigames.MiniGameService, class com.almasb.fxgl.net.NetService, class com.almasb.fxgl.app.services.UpdaterService, class com.almasb.fxgl.dev.DevService]
21:40:23.013 [FXGL Background Thread 3 ] DEBUG Engine               - fontGame: Abel-Regular.ttf
21:40:23.013 [FXGL Background Thread 3 ] DEBUG Engine               - fontMono: TerminalLandMono-Regular.otf
21:40:23.013 [FXGL Background Thread 3 ] DEBUG Engine               - fontText: Courier-Prime.ttf
21:40:23.013 [FXGL Background Thread 3 ] DEBUG Engine               - fontUI: VarelaRound-Regular.ttf
21:40:23.013 [FXGL Background Thread 3 ] DEBUG Engine               - fullScreen: BooleanProperty [value: false]
21:40:23.013 [FXGL Background Thread 3 ] DEBUG Engine               - gameDifficulty: MEDIUM
21:40:23.013 [FXGL Background Thread 3 ] DEBUG Engine               - gameDifficultyProperty: ObjectProperty [value: MEDIUM]
21:40:23.013 [FXGL Background Thread 3 ] DEBUG Engine               - globalMusicVolume: 0.5
21:40:23.013 [FXGL Background Thread 3 ] DEBUG Engine               - globalMusicVolumeProperty: DoubleProperty [value: 0.5]
21:40:23.013 [FXGL Background Thread 3 ] DEBUG Engine               - globalSoundVolume: 0.5
21:40:23.014 [FXGL Background Thread 3 ] DEBUG Engine               - globalSoundVolumeProperty: DoubleProperty [value: 0.5]
21:40:23.014 [FXGL Background Thread 3 ] DEBUG Engine               - height: 720
21:40:23.014 [FXGL Background Thread 3 ] DEBUG Engine               - is3D: false
21:40:23.014 [FXGL Background Thread 3 ] DEBUG Engine               - isAndroid: false
21:40:23.014 [FXGL Background Thread 3 ] DEBUG Engine               - isBrowser: false
21:40:23.014 [FXGL Background Thread 3 ] DEBUG Engine               - isClickFeedbackEnabled: false
21:40:23.014 [FXGL Background Thread 3 ] DEBUG Engine               - isCloseConfirmation: false
21:40:23.014 [FXGL Background Thread 3 ] DEBUG Engine               - isDesktop: true
21:40:23.014 [FXGL Background Thread 3 ] DEBUG Engine               - isDeveloperMenuEnabled: false
21:40:23.014 [FXGL Background Thread 3 ] DEBUG Engine               - isEmbedded: false
21:40:23.014 [FXGL Background Thread 3 ] DEBUG Engine               - isEntityPreloadEnabled: true
21:40:23.014 [FXGL Background Thread 3 ] DEBUG Engine               - isExperimentalTiledLargeMap: false
21:40:23.015 [FXGL Background Thread 3 ] DEBUG Engine               - isFileSystemWriteAllowed: true
21:40:23.015 [FXGL Background Thread 3 ] DEBUG Engine               - isFullScreenAllowed: false
21:40:23.015 [FXGL Background Thread 3 ] DEBUG Engine               - isFullScreenFromStart: false
21:40:23.015 [FXGL Background Thread 3 ] DEBUG Engine               - isGameMenuEnabled: true
21:40:23.015 [FXGL Background Thread 3 ] DEBUG Engine               - isIOS: false
21:40:23.015 [FXGL Background Thread 3 ] DEBUG Engine               - isIntroEnabled: false
21:40:23.015 [FXGL Background Thread 3 ] DEBUG Engine               - isLinux: false
21:40:23.015 [FXGL Background Thread 3 ] DEBUG Engine               - isMac: false
21:40:23.015 [FXGL Background Thread 3 ] DEBUG Engine               - isMainMenuEnabled: true
21:40:23.015 [FXGL Background Thread 3 ] DEBUG Engine               - isManualResizeEnabled: false
21:40:23.015 [FXGL Background Thread 3 ] DEBUG Engine               - isMobile: false
21:40:23.016 [FXGL Background Thread 3 ] DEBUG Engine               - isNative: false
21:40:23.016 [FXGL Background Thread 3 ] DEBUG Engine               - isPauseMusicWhenMinimized: true
21:40:23.016 [FXGL Background Thread 3 ] DEBUG Engine               - isPreserveResizeRatio: false
21:40:23.016 [FXGL Background Thread 3 ] DEBUG Engine               - isProfilingEnabled: false
21:40:23.016 [FXGL Background Thread 3 ] DEBUG Engine               - isScaleAffectedOnResize: true
21:40:23.016 [FXGL Background Thread 3 ] DEBUG Engine               - isSingleStep: false
21:40:23.016 [FXGL Background Thread 3 ] DEBUG Engine               - isUserProfileEnabled: false
21:40:23.016 [FXGL Background Thread 3 ] DEBUG Engine               - isWindows: true
21:40:23.016 [FXGL Background Thread 3 ] DEBUG Engine               - language: ObjectProperty [value: ENGLISH]
21:40:23.016 [FXGL Background Thread 3 ] DEBUG Engine               - menuKey: ESCAPE
21:40:23.016 [FXGL Background Thread 3 ] DEBUG Engine               - mouseSensitivity: 0.2
21:40:23.017 [FXGL Background Thread 3 ] DEBUG Engine               - notificationViewClass: class com.almasb.fxgl.notification.view.XboxNotificationView
21:40:23.017 [FXGL Background Thread 3 ] DEBUG Engine               - pixelsPerMeter: 50.0
21:40:23.017 [FXGL Background Thread 3 ] DEBUG Engine               - platform: WINDOWS
21:40:23.017 [FXGL Background Thread 3 ] DEBUG Engine               - prefHeightProperty: ReadOnlyDoubleProperty [value: 720.0]
21:40:23.017 [FXGL Background Thread 3 ] DEBUG Engine               - prefWidthProperty: ReadOnlyDoubleProperty [value: 1280.0]
21:40:23.017 [FXGL Background Thread 3 ] DEBUG Engine               - profileDir: profiles/
21:40:23.017 [FXGL Background Thread 3 ] DEBUG Engine               - profileName: StringProperty [value: DEFAULT]
21:40:23.017 [FXGL Background Thread 3 ] DEBUG Engine               - randomSeed: -1
21:40:23.017 [FXGL Background Thread 3 ] DEBUG Engine               - runtimeInfo: RuntimeInfo(platform=WINDOWS, version=17+dev-SNAPSHOT, build=01.09.2022 03.33)
21:40:23.017 [FXGL Background Thread 3 ] DEBUG Engine               - saveFileExt: sav
21:40:23.018 [FXGL Background Thread 3 ] DEBUG Engine               - scaledHeightProp$fxgl: DoubleProperty [bound, value: 671.0]
21:40:23.018 [FXGL Background Thread 3 ] DEBUG Engine               - scaledWidthProp$fxgl: DoubleProperty [bound, value: 1169.0]
21:40:23.018 [FXGL Background Thread 3 ] DEBUG Engine               - sceneFactory: org.example.GameApp$1@204bb5be
21:40:23.018 [FXGL Background Thread 3 ] DEBUG Engine               - secondsIn24h: 60
21:40:23.018 [FXGL Background Thread 3 ] DEBUG Engine               - soundMenuBack: menu/back.wav
21:40:23.018 [FXGL Background Thread 3 ] DEBUG Engine               - soundMenuPress: menu/press.wav
21:40:23.018 [FXGL Background Thread 3 ] DEBUG Engine               - soundMenuSelect: menu/select.wav
21:40:23.018 [FXGL Background Thread 3 ] DEBUG Engine               - soundNotification: core/notification.wav
21:40:23.018 [FXGL Background Thread 3 ] DEBUG Engine               - stageStyle: DECORATED
21:40:23.018 [FXGL Background Thread 3 ] DEBUG Engine               - supportedLanguages: [ENGLISH, FRENCH, GERMAN, HUNGARIAN, RUSSIAN]
21:40:23.018 [FXGL Background Thread 3 ] DEBUG Engine               - ticksPerSecond: -1
21:40:23.018 [FXGL Background Thread 3 ] DEBUG Engine               - title: Prototype
21:40:23.018 [FXGL Background Thread 3 ] DEBUG Engine               - urlGithub: https://github.com/AlmasB/FXGL
21:40:23.018 [FXGL Background Thread 3 ] DEBUG Engine               - urlLeaderboard: http://fxgl-top.herokuapp.com/
21:40:23.018 [FXGL Background Thread 3 ] DEBUG Engine               - urlPOM: https://raw.githubusercontent.com/AlmasB/FXGL/release/README.md
21:40:23.019 [FXGL Background Thread 3 ] DEBUG Engine               - userAppClass: class org.example.GameApp
21:40:23.019 [FXGL Background Thread 3 ] DEBUG Engine               - version: 0.1.5
21:40:23.019 [FXGL Background Thread 3 ] DEBUG Engine               - versionCheckDays: 7
21:40:23.019 [FXGL Background Thread 3 ] DEBUG Engine               - width: 1280
21:40:23.019 [FXGL Background Thread 3 ] DEBUG Engine               - Logging services
21:40:23.019 [FXGL Background Thread 3 ] DEBUG Engine               - class com.almasb.fxgl.app.services.FXGLAssetLoaderService
21:40:23.019 [FXGL Background Thread 3 ] DEBUG Engine               - class com.almasb.fxgl.app.FXGLApplication$GameApplicationService
21:40:23.019 [FXGL Background Thread 3 ] DEBUG Engine               - class com.almasb.fxgl.app.services.FXGLDialogService
21:40:23.019 [FXGL Background Thread 3 ] DEBUG Engine               - class com.almasb.fxgl.app.services.IOTaskExecutorService
21:40:23.019 [FXGL Background Thread 3 ] DEBUG Engine               - class com.almasb.fxgl.io.FileSystemService
21:40:23.020 [FXGL Background Thread 3 ] DEBUG Engine               - class com.almasb.fxgl.localization.LocalizationService
21:40:23.020 [FXGL Background Thread 3 ] DEBUG Engine               - class com.almasb.fxgl.app.services.SystemBundleService
21:40:23.020 [FXGL Background Thread 3 ] DEBUG Engine               - class com.almasb.fxgl.profile.SaveLoadService
21:40:23.020 [FXGL Background Thread 3 ] DEBUG Engine               - class com.almasb.fxgl.ui.FXGLUIFactoryServiceProvider
21:40:23.020 [FXGL Background Thread 3 ] DEBUG Engine               - class com.almasb.fxgl.ui.FXGLDialogFactoryServiceProvider
21:40:23.020 [FXGL Background Thread 3 ] DEBUG Engine               - class com.almasb.fxgl.audio.AudioPlayer
21:40:23.020 [FXGL Background Thread 3 ] DEBUG Engine               - class com.almasb.fxgl.notification.impl.NotificationServiceProvider
21:40:23.020 [FXGL Background Thread 3 ] DEBUG Engine               - class com.almasb.fxgl.achievement.AchievementService
21:40:23.020 [FXGL Background Thread 3 ] DEBUG Engine               - class com.almasb.fxgl.cutscene.CutsceneService
21:40:23.020 [FXGL Background Thread 3 ] DEBUG Engine               - class com.almasb.fxgl.minigames.MiniGameService
21:40:23.020 [FXGL Background Thread 3 ] DEBUG Engine               - class com.almasb.fxgl.net.NetService
21:40:23.020 [FXGL Background Thread 3 ] DEBUG Engine               - class com.almasb.fxgl.app.services.UpdaterService
21:40:23.020 [FXGL Background Thread 3 ] DEBUG Engine               - class com.almasb.fxgl.dev.DevService
21:40:27.857 [JavaFX Application Thread] DEBUG FXGLApplication      - Exiting FXGL
21:40:27.857 [JavaFX Application Thread] DEBUG LoopRunner           - Stopping loop
21:40:27.857 [JavaFX Application Thread] DEBUG SystemBundleService  - Saving FXGL system data
21:40:27.860 [JavaFX Application Thread] DEBUG FileSystemAccess     - Writing to: C:\Users\ginac\IdeaProjects\TheOnlyException\system\fxgl.bundle
21:40:27.862 [JavaFX Application Thread] DEBUG Async                - Shutting down background threads
21:40:27.862 [JavaFX Application Thread] DEBUG PrimaryStageWindow   - Closing main window
21:40:27.892 [JavaFX Application Thread] DEBUG Logger               - Closing Logger
