01:45:26.353 [main                     ] DEBUG Logger               - Configured Logger
01:45:26.357 [main                     ] DEBUG GameApplication      - Logging settings
Title: Prototype Game
Version: 0.1.5
Width: 1280
Height: 720
Fullscreen: false
Intro: false
Profiling: false
Single step:false
App Mode: DEVELOPER
Menu Key: ESCAPE
Stage Style: DECORATED
Scene Factory: class org.example.core.GameApp$1

01:45:26.480 [JavaFX Application Thread] DEBUG FXGLApplication      - Initializing FXGL
01:45:26.483 [JavaFX Application Thread] INFO  Engine               - FXGL-21+dev-SNAPSHOT (26.03.2024 19.46) on WINDOWS (J:24 FX:21.0.1)
01:45:26.483 [JavaFX Application Thread] DEBUG Engine               - JRE Vendor Name: Oracle Corporation
01:45:26.483 [JavaFX Application Thread] DEBUG Engine               - Running on OS: Windows 11 version 10.0
01:45:26.483 [JavaFX Application Thread] DEBUG Engine               - Architecture: amd64
01:45:26.483 [JavaFX Application Thread] INFO  Engine               - Source code and latest versions at: https://github.com/AlmasB/FXGL
01:45:26.483 [JavaFX Application Thread] INFO  Engine               -       Ask questions and discuss at: https://github.com/AlmasB/FXGL/discussions
01:45:26.483 [JavaFX Application Thread] INFO  Engine               -              Join the FXGL chat at: https://gitter.im/AlmasB/FXGL
01:45:26.567 [JavaFX Application Thread] DEBUG PrimaryStageWindow   - Creating a JavaFX scene
01:45:26.594 [JavaFX Application Thread] DEBUG PrimaryStageWindow   - Target settings size: 1280.0 x 720.0
01:45:26.595 [JavaFX Application Thread] DEBUG PrimaryStageWindow   - Scaled scene size:    1280.0 x 720.0
01:45:26.595 [JavaFX Application Thread] DEBUG PrimaryStageWindow   - Scaled ratio: (1.0, 1.0)
01:45:26.595 [JavaFX Application Thread] DEBUG PrimaryStageWindow   - Set initial scene to FXGLStartupScene
01:45:26.598 [JavaFX Application Thread] DEBUG PrimaryStageWindow   - Opening main window
01:45:26.681 [JavaFX Application Thread] DEBUG PrimaryStageWindow   - Window border size: (16.0, 39.0)
01:45:26.681 [JavaFX Application Thread] DEBUG PrimaryStageWindow   - Scaled size: 1280.0 x 720.0
01:45:26.681 [JavaFX Application Thread] DEBUG PrimaryStageWindow   - Scaled ratio: (1.0, 1.0)
01:45:26.681 [JavaFX Application Thread] DEBUG PrimaryStageWindow   - Scene size: 1280.0 x 720.0
01:45:26.682 [JavaFX Application Thread] DEBUG PrimaryStageWindow   - Stage size: 1296.0 x 759.0
01:45:26.687 [FXGL Background Thread 1 ] DEBUG Engine               - Initializing environment variables
01:45:26.731 [FXGL Background Thread 1 ] DEBUG FXGLAssetLoaderServi - User app class for loading assets: class org.example.core.GameApp
01:45:26.732 [FXGL Background Thread 1 ] DEBUG GameApplicationServi - Applying CSS: fxgl_dark.css
01:45:26.732 [FXGL Background Thread 1 ] DEBUG FXGLAssetLoaderServi - Loading from file system: jar:file:/C:/Users/primzcm/.m2/repository/com/github/almasb/fxgl/fxgl/21.1/fxgl-21.1.jar!/fxglassets/ui/css/fxgl_dark.css
01:45:26.765 [FXGL Background Thread 1 ] DEBUG GameApplicationServi - Initializing application scenes
01:45:26.790 [FXGL Background Thread 1 ] DEBUG GameWorld            - Game world initialized
01:45:26.832 [FXGL Background Thread 1 ] DEBUG PhysicsWorld         - Physics world initialized: appHeight=720, physics.ppm=50.0
01:45:26.832 [FXGL Background Thread 1 ] DEBUG PhysicsWorld         - Using strategy: BRUTE_FORCE
01:45:26.835 [FXGL Background Thread 1 ] DEBUG GameScene            - Game scene initialized: 1280x720
01:45:27.035 [FXGL Background Thread 1 ] DEBUG GameApplicationServi - Application scenes initialized
01:45:27.047 [FXGL Background Thread 1 ] DEBUG SystemBundleService  - Loading FXGL system data
01:45:27.050 [FXGL Background Thread 1 ] DEBUG FileSystemAccess     - Reading from: F:\my files\School\2nd year 2nd sem\TheOnlyException\system\fxgl.bundle
01:45:27.054 [FXGL Background Thread 1 ] DEBUG SystemBundleService  - Bundle FXGL: {}
01:45:27.054 [FXGL Background Thread 1 ] DEBUG UpdaterService       - Checking for updates
01:45:27.060 [FXGL Background Thread 4 ] DEBUG FXGLApplication      - Loading fonts
01:45:27.060 [FXGL Background Thread 4 ] DEBUG FXGLAssetLoaderServi - Loading from file system: jar:file:/C:/Users/primzcm/.m2/repository/com/github/almasb/fxgl/fxgl/21.1/fxgl-21.1.jar!/fxglassets/ui/fonts/VarelaRound-Regular.ttf
01:45:27.060 [FXGL Background Thread 1 ] DEBUG FXGLApplication      - Loading default localization
01:45:27.061 [FXGL Background Thread 1 ] DEBUG FXGLAssetLoaderServi - Loading from file system: jar:file:/C:/Users/primzcm/.m2/repository/com/github/almasb/fxgl/fxgl/21.1/fxgl-21.1.jar!/fxglassets/languages/english.lang
01:45:27.064 [FXGL Background Thread 4 ] DEBUG FXGLAssetLoaderServi - Loading from file system: jar:file:/C:/Users/primzcm/.m2/repository/com/github/almasb/fxgl/fxgl/21.1/fxgl-21.1.jar!/fxglassets/ui/fonts/Abel-Regular.ttf
01:45:27.066 [FXGL Background Thread 4 ] DEBUG FXGLAssetLoaderServi - Loading from file system: jar:file:/C:/Users/primzcm/.m2/repository/com/github/almasb/fxgl/fxgl/21.1/fxgl-21.1.jar!/fxglassets/ui/fonts/TerminalLandMono-Regular.otf
01:45:27.068 [FXGL Background Thread 4 ] DEBUG FXGLAssetLoaderServi - Loading from file system: jar:file:/C:/Users/primzcm/.m2/repository/com/github/almasb/fxgl/fxgl/21.1/fxgl-21.1.jar!/fxglassets/ui/fonts/Courier-Prime.ttf
01:45:27.074 [JavaFX Application Thread] DEBUG FXGLApplication      - Registering font factories with UI factory
01:45:27.084 [FXGL Background Thread 1 ] INFO  FXGLApplication      - FXGL initialization took: 0.397 sec
01:45:27.093 [JavaFX Application Thread] DEBUG Input                - Registered new binding: action0 - A
01:45:27.093 [JavaFX Application Thread] DEBUG Input                - Registered new binding: action1 - D
01:45:27.094 [JavaFX Application Thread] DEBUG Input                - Registered new binding: action2 - W
01:45:27.094 [JavaFX Application Thread] DEBUG Input                - Registered new binding: action3 - S
01:45:27.095 [JavaFX Application Thread] DEBUG Input                - Registered new binding: action4 - Esc
01:45:27.095 [JavaFX Application Thread] DEBUG FXGLAssetLoaderServi - Loading from file system: jar:file:/C:/Users/primzcm/.m2/repository/com/github/almasb/fxgl/fxgl/21.1/fxgl-21.1.jar!/fxglassets/textures/fxgl_icon.png
01:45:27.152 [JavaFX Application Thread] DEBUG FXGLAssetLoaderServi - Loading from file system: jar:file:/C:/Users/primzcm/.m2/repository/com/github/almasb/fxgl/fxgl/21.1/fxgl-21.1.jar!/fxglassets/textures/fxgl_default_cursor.png
01:45:27.155 [JavaFX Application Thread] DEBUG Input                - Registered new binding: Screenshot - CTRL+8
01:45:27.155 [JavaFX Application Thread] DEBUG Input                - Registered new binding: System info dump - CTRL+9
01:45:27.156 [JavaFX Application Thread] DEBUG Input                - Registered new binding: Restart - CTRL+R
01:45:27.156 [JavaFX Application Thread] DEBUG Input                - Registered new binding: Toggle Debug Camera - CTRL+7
01:45:27.160 [JavaFX Application Thread] DEBUG LoopRunner           - Starting loop
01:45:27.161 [JavaFX Application Thread] DEBUG LoopRunner           - Initializing JavaFX AnimationTimerLoop
01:45:27.164 [JavaFX Application Thread] DEBUG Input                - Clearing active input actions
01:45:27.171 [JavaFX Application Thread] DEBUG GameApplicationServi - Removing overlay from FXGLStartupScene and adding to FXGLMainMenuDummyScene
01:45:27.171 [JavaFX Application Thread] DEBUG PrimaryStageWindow   - FXGLStartupScene -> FXGLMainMenuDummyScene
01:45:27.171 [JavaFX Application Thread] DEBUG PrimaryStageWindow   - Push state: LoginScene
01:45:27.172 [JavaFX Application Thread] DEBUG Input                - Clearing active input actions
01:45:27.189 [JavaFX Application Thread] DEBUG GameApplicationServi - Removing overlay from FXGLMainMenuDummyScene and adding to LoginScene
01:45:27.189 [JavaFX Application Thread] DEBUG PrimaryStageWindow   - FXGLMainMenuDummyScene -> LoginScene
01:45:27.410 [FXGL Background Thread 2 ] INFO  UpdaterService       - Your current version:  21+dev-SNAPSHOT
01:45:27.410 [FXGL Background Thread 2 ] INFO  UpdaterService       - Latest stable version: 21.1
01:45:29.545 [JavaFX Application Thread] DEBUG GameWorld            - Game world initialized
01:45:29.545 [JavaFX Application Thread] DEBUG PhysicsWorld         - Physics world initialized: appHeight=720, physics.ppm=50.0
01:45:29.545 [JavaFX Application Thread] DEBUG PhysicsWorld         - Using strategy: BRUTE_FORCE
01:45:29.546 [JavaFX Application Thread] DEBUG GameScene            - Game scene initialized: 1280x720
01:45:29.569 [JavaFX Application Thread] DEBUG PrimaryStageWindow   - Push state: MainMenuScene
01:45:29.600 [JavaFX Application Thread] DEBUG Input                - Clearing active input actions
01:45:29.602 [JavaFX Application Thread] DEBUG GameApplicationServi - Removing overlay from LoginScene and adding to MainMenuScene
01:45:29.602 [JavaFX Application Thread] DEBUG PrimaryStageWindow   - LoginScene -> MainMenuScene
01:45:29.602 [JavaFX Application Thread] DEBUG GameWorld            - Game world initialized
01:45:29.603 [JavaFX Application Thread] DEBUG PhysicsWorld         - Physics world initialized: appHeight=720, physics.ppm=50.0
01:45:29.603 [JavaFX Application Thread] DEBUG PhysicsWorld         - Using strategy: BRUTE_FORCE
01:45:29.603 [JavaFX Application Thread] DEBUG GameScene            - Game scene initialized: 1280x720
01:45:29.618 [JavaFX Application Thread] DEBUG PrimaryStageWindow   - Push state: MainMenuScene
01:45:29.648 [JavaFX Application Thread] DEBUG Input                - Clearing active input actions
01:45:29.649 [JavaFX Application Thread] DEBUG GameApplicationServi - Removing overlay from MainMenuScene and adding to MainMenuScene
01:45:29.649 [JavaFX Application Thread] DEBUG PrimaryStageWindow   - MainMenuScene -> MainMenuScene
01:45:30.059 [FXGL Background Thread 3 ] DEBUG Engine               - Logging environment variables
01:45:30.059 [FXGL Background Thread 3 ] DEBUG Engine               - achievements: []
01:45:30.059 [FXGL Background Thread 3 ] DEBUG Engine               - actualHeight: 720.0
01:45:30.059 [FXGL Background Thread 3 ] DEBUG Engine               - actualHeightProperty: ReadOnlyDoubleProperty [value: 720.0]
01:45:30.059 [FXGL Background Thread 3 ] DEBUG Engine               - actualWidth: 1280.0
01:45:30.059 [FXGL Background Thread 3 ] DEBUG Engine               - actualWidthProperty: ReadOnlyDoubleProperty [value: 1280.0]
01:45:30.059 [FXGL Background Thread 3 ] DEBUG Engine               - appIcon: fxgl_icon.png
01:45:30.059 [FXGL Background Thread 3 ] DEBUG Engine               - applicationMode: DEVELOPER
01:45:30.059 [FXGL Background Thread 3 ] DEBUG Engine               - cSSList: [fxgl_dark.css]
01:45:30.059 [FXGL Background Thread 3 ] DEBUG Engine               - collisionDetectionStrategy: BRUTE_FORCE
01:45:30.059 [FXGL Background Thread 3 ] DEBUG Engine               - configClass: Optional.empty
01:45:30.059 [FXGL Background Thread 3 ] DEBUG Engine               - credits: []
01:45:30.060 [FXGL Background Thread 3 ] DEBUG Engine               - defaultCursor: CursorInfo(imageName=fxgl_default_cursor.png, hotspotX=7.0, hotspotY=6.0)
01:45:30.060 [FXGL Background Thread 3 ] DEBUG Engine               - devBBoxColorProperty: ObjectProperty [value: 0xff0000ff]
01:45:30.061 [FXGL Background Thread 3 ] DEBUG Engine               - devEnableDebugCameraProperty: BooleanProperty [value: false]
01:45:30.061 [FXGL Background Thread 3 ] DEBUG Engine               - devSensorColorProperty: ObjectProperty [value: 0xffff00ff]
01:45:30.061 [FXGL Background Thread 3 ] DEBUG Engine               - devShowBBoxProperty: BooleanProperty [value: false]
01:45:30.061 [FXGL Background Thread 3 ] DEBUG Engine               - devShowPositionProperty: BooleanProperty [value: false]
01:45:30.061 [FXGL Background Thread 3 ] DEBUG Engine               - enabledMenuItems: []
01:45:30.061 [FXGL Background Thread 3 ] DEBUG Engine               - engineServices: [class com.almasb.fxgl.app.services.FXGLAssetLoaderService, class com.almasb.fxgl.app.FXGLApplication$GameApplicationService, class com.almasb.fxgl.app.services.FXGLDialogService, class com.almasb.fxgl.app.services.IOTaskExecutorService, class com.almasb.fxgl.io.FileSystemService, class com.almasb.fxgl.localization.LocalizationService, class com.almasb.fxgl.app.services.SystemBundleService, class com.almasb.fxgl.profile.SaveLoadService, class com.almasb.fxgl.ui.FXGLUIFactoryServiceProvider, class com.almasb.fxgl.ui.FXGLDialogFactoryServiceProvider, class com.almasb.fxgl.audio.AudioPlayer, class com.almasb.fxgl.notification.impl.NotificationServiceProvider, class com.almasb.fxgl.achievement.AchievementService, class com.almasb.fxgl.cutscene.CutsceneService, class com.almasb.fxgl.minigames.MiniGameService, class com.almasb.fxgl.net.NetService, class com.almasb.fxgl.app.services.UpdaterService, class com.almasb.fxgl.dev.DevService]
01:45:30.061 [FXGL Background Thread 3 ] DEBUG Engine               - fontGame: Abel-Regular.ttf
01:45:30.061 [FXGL Background Thread 3 ] DEBUG Engine               - fontMono: TerminalLandMono-Regular.otf
01:45:30.061 [FXGL Background Thread 3 ] DEBUG Engine               - fontSizeScaleUI: 1.0
01:45:30.061 [FXGL Background Thread 3 ] DEBUG Engine               - fontText: Courier-Prime.ttf
01:45:30.061 [FXGL Background Thread 3 ] DEBUG Engine               - fontUI: VarelaRound-Regular.ttf
01:45:30.061 [FXGL Background Thread 3 ] DEBUG Engine               - fullScreen: BooleanProperty [value: false]
01:45:30.061 [FXGL Background Thread 3 ] DEBUG Engine               - gameDifficulty: MEDIUM
01:45:30.061 [FXGL Background Thread 3 ] DEBUG Engine               - gameDifficultyProperty: ObjectProperty [value: MEDIUM]
01:45:30.061 [FXGL Background Thread 3 ] DEBUG Engine               - globalMusicVolume: 0.5
01:45:30.061 [FXGL Background Thread 3 ] DEBUG Engine               - globalMusicVolumeProperty: DoubleProperty [value: 0.5]
01:45:30.061 [FXGL Background Thread 3 ] DEBUG Engine               - globalSoundVolume: 0.5
01:45:30.061 [FXGL Background Thread 3 ] DEBUG Engine               - globalSoundVolumeProperty: DoubleProperty [value: 0.5]
01:45:30.061 [FXGL Background Thread 3 ] DEBUG Engine               - height: 720
01:45:30.061 [FXGL Background Thread 3 ] DEBUG Engine               - is3D: false
01:45:30.061 [FXGL Background Thread 3 ] DEBUG Engine               - isAndroid: false
01:45:30.061 [FXGL Background Thread 3 ] DEBUG Engine               - isBrowser: false
01:45:30.061 [FXGL Background Thread 3 ] DEBUG Engine               - isClickFeedbackEnabled: false
01:45:30.061 [FXGL Background Thread 3 ] DEBUG Engine               - isCloseConfirmation: false
01:45:30.061 [FXGL Background Thread 3 ] DEBUG Engine               - isDesktop: true
01:45:30.061 [FXGL Background Thread 3 ] DEBUG Engine               - isDeveloperMenuEnabled: false
01:45:30.061 [FXGL Background Thread 3 ] DEBUG Engine               - isEmbedded: false
01:45:30.061 [FXGL Background Thread 3 ] DEBUG Engine               - isEntityPreloadEnabled: true
01:45:30.061 [FXGL Background Thread 3 ] DEBUG Engine               - isExperimentalTiledLargeMap: false
01:45:30.061 [FXGL Background Thread 3 ] DEBUG Engine               - isFileSystemWriteAllowed: true
01:45:30.062 [FXGL Background Thread 3 ] DEBUG Engine               - isFullScreenAllowed: false
01:45:30.062 [FXGL Background Thread 3 ] DEBUG Engine               - isFullScreenFromStart: false
01:45:30.062 [FXGL Background Thread 3 ] DEBUG Engine               - isGameMenuEnabled: false
01:45:30.062 [FXGL Background Thread 3 ] DEBUG Engine               - isIOS: false
01:45:30.062 [FXGL Background Thread 3 ] DEBUG Engine               - isIntroEnabled: false
01:45:30.062 [FXGL Background Thread 3 ] DEBUG Engine               - isLinux: false
01:45:30.062 [FXGL Background Thread 3 ] DEBUG Engine               - isMac: false
01:45:30.062 [FXGL Background Thread 3 ] DEBUG Engine               - isMainMenuEnabled: true
01:45:30.062 [FXGL Background Thread 3 ] DEBUG Engine               - isManualResizeEnabled: false
01:45:30.062 [FXGL Background Thread 3 ] DEBUG Engine               - isMobile: false
01:45:30.062 [FXGL Background Thread 3 ] DEBUG Engine               - isNative: false
01:45:30.062 [FXGL Background Thread 3 ] DEBUG Engine               - isPauseMusicWhenMinimized: true
01:45:30.062 [FXGL Background Thread 3 ] DEBUG Engine               - isPreserveResizeRatio: false
01:45:30.062 [FXGL Background Thread 3 ] DEBUG Engine               - isProfilingEnabled: false
01:45:30.062 [FXGL Background Thread 3 ] DEBUG Engine               - isScaleAffectedOnResize: true
01:45:30.062 [FXGL Background Thread 3 ] DEBUG Engine               - isSingleStep: false
01:45:30.062 [FXGL Background Thread 3 ] DEBUG Engine               - isUserProfileEnabled: false
01:45:30.062 [FXGL Background Thread 3 ] DEBUG Engine               - isWindows: true
01:45:30.062 [FXGL Background Thread 3 ] DEBUG Engine               - language: ObjectProperty [value: ENGLISH]
01:45:30.062 [FXGL Background Thread 3 ] DEBUG Engine               - menuKey: ESCAPE
01:45:30.062 [FXGL Background Thread 3 ] DEBUG Engine               - mouseSensitivity: 0.2
01:45:30.062 [FXGL Background Thread 3 ] DEBUG Engine               - notificationViewClass: class com.almasb.fxgl.notification.view.XboxNotificationView
01:45:30.062 [FXGL Background Thread 3 ] DEBUG Engine               - pixelsPerMeter: 50.0
01:45:30.062 [FXGL Background Thread 3 ] DEBUG Engine               - platform: WINDOWS
01:45:30.062 [FXGL Background Thread 3 ] DEBUG Engine               - prefHeightProperty: ReadOnlyDoubleProperty [value: 720.0]
01:45:30.062 [FXGL Background Thread 3 ] DEBUG Engine               - prefWidthProperty: ReadOnlyDoubleProperty [value: 1280.0]
01:45:30.062 [FXGL Background Thread 3 ] DEBUG Engine               - profileDir: profiles/
01:45:30.062 [FXGL Background Thread 3 ] DEBUG Engine               - profileName: StringProperty [value: DEFAULT]
01:45:30.062 [FXGL Background Thread 3 ] DEBUG Engine               - randomSeed: -1
01:45:30.062 [FXGL Background Thread 3 ] DEBUG Engine               - runtimeInfo: RuntimeInfo(platform=WINDOWS, version=21+dev-SNAPSHOT, build=26.03.2024 19.46)
01:45:30.062 [FXGL Background Thread 3 ] DEBUG Engine               - saveFileExt: sav
01:45:30.062 [FXGL Background Thread 3 ] DEBUG Engine               - scaledHeightProp$fxgl: DoubleProperty [bound, value: 720.0]
01:45:30.063 [FXGL Background Thread 3 ] DEBUG Engine               - scaledWidthProp$fxgl: DoubleProperty [bound, value: 1280.0]
01:45:30.063 [FXGL Background Thread 3 ] DEBUG Engine               - sceneFactory: org.example.core.GameApp$1@7011a59b
01:45:30.063 [FXGL Background Thread 3 ] DEBUG Engine               - secondsIn24h: 60
01:45:30.063 [FXGL Background Thread 3 ] DEBUG Engine               - soundMenuBack: menu/back.wav
01:45:30.063 [FXGL Background Thread 3 ] DEBUG Engine               - soundMenuPress: menu/press.wav
01:45:30.063 [FXGL Background Thread 3 ] DEBUG Engine               - soundMenuSelect: menu/select.wav
01:45:30.063 [FXGL Background Thread 3 ] DEBUG Engine               - soundNotification: core/notification.wav
01:45:30.063 [FXGL Background Thread 3 ] DEBUG Engine               - stageStyle: DECORATED
01:45:30.063 [FXGL Background Thread 3 ] DEBUG Engine               - supportedLanguages: [ENGLISH, FRENCH, GERMAN, HUNGARIAN, RUSSIAN]
01:45:30.063 [FXGL Background Thread 3 ] DEBUG Engine               - ticksPerSecond: -1
01:45:30.063 [FXGL Background Thread 3 ] DEBUG Engine               - title: Prototype Game
01:45:30.063 [FXGL Background Thread 3 ] DEBUG Engine               - urlGithub: https://github.com/AlmasB/FXGL
01:45:30.063 [FXGL Background Thread 3 ] DEBUG Engine               - urlLeaderboard: http://fxgl-top.herokuapp.com/
01:45:30.063 [FXGL Background Thread 3 ] DEBUG Engine               - urlPOM: https://raw.githubusercontent.com/AlmasB/FXGL/release/README.md
01:45:30.063 [FXGL Background Thread 3 ] DEBUG Engine               - userAppClass: class org.example.core.GameApp
01:45:30.063 [FXGL Background Thread 3 ] DEBUG Engine               - version: 0.1.5
01:45:30.063 [FXGL Background Thread 3 ] DEBUG Engine               - versionCheckDays: 7
01:45:30.063 [FXGL Background Thread 3 ] DEBUG Engine               - width: 1280
01:45:30.063 [FXGL Background Thread 3 ] DEBUG Engine               - Logging services
01:45:30.063 [FXGL Background Thread 3 ] DEBUG Engine               - class com.almasb.fxgl.app.services.FXGLAssetLoaderService
01:45:30.063 [FXGL Background Thread 3 ] DEBUG Engine               - class com.almasb.fxgl.app.FXGLApplication$GameApplicationService
01:45:30.063 [FXGL Background Thread 3 ] DEBUG Engine               - class com.almasb.fxgl.app.services.FXGLDialogService
01:45:30.063 [FXGL Background Thread 3 ] DEBUG Engine               - class com.almasb.fxgl.app.services.IOTaskExecutorService
01:45:30.063 [FXGL Background Thread 3 ] DEBUG Engine               - class com.almasb.fxgl.io.FileSystemService
01:45:30.063 [FXGL Background Thread 3 ] DEBUG Engine               - class com.almasb.fxgl.localization.LocalizationService
01:45:30.063 [FXGL Background Thread 3 ] DEBUG Engine               - class com.almasb.fxgl.app.services.SystemBundleService
01:45:30.063 [FXGL Background Thread 3 ] DEBUG Engine               - class com.almasb.fxgl.profile.SaveLoadService
01:45:30.063 [FXGL Background Thread 3 ] DEBUG Engine               - class com.almasb.fxgl.ui.FXGLUIFactoryServiceProvider
01:45:30.063 [FXGL Background Thread 3 ] DEBUG Engine               - class com.almasb.fxgl.ui.FXGLDialogFactoryServiceProvider
01:45:30.063 [FXGL Background Thread 3 ] DEBUG Engine               - class com.almasb.fxgl.audio.AudioPlayer
01:45:30.063 [FXGL Background Thread 3 ] DEBUG Engine               - class com.almasb.fxgl.notification.impl.NotificationServiceProvider
01:45:30.063 [FXGL Background Thread 3 ] DEBUG Engine               - class com.almasb.fxgl.achievement.AchievementService
01:45:30.063 [FXGL Background Thread 3 ] DEBUG Engine               - class com.almasb.fxgl.cutscene.CutsceneService
01:45:30.063 [FXGL Background Thread 3 ] DEBUG Engine               - class com.almasb.fxgl.minigames.MiniGameService
01:45:30.063 [FXGL Background Thread 3 ] DEBUG Engine               - class com.almasb.fxgl.net.NetService
01:45:30.063 [FXGL Background Thread 3 ] DEBUG Engine               - class com.almasb.fxgl.app.services.UpdaterService
01:45:30.063 [FXGL Background Thread 3 ] DEBUG Engine               - class com.almasb.fxgl.dev.DevService
01:45:30.246 [JavaFX Application Thread] DEBUG GameApplicationServi - Starting new game
01:45:30.246 [JavaFX Application Thread] DEBUG PrimaryStageWindow   - Pop state: MainMenuScene
01:45:30.246 [JavaFX Application Thread] DEBUG Input                - Clearing active input actions
01:45:30.247 [JavaFX Application Thread] DEBUG GameApplicationServi - Removing overlay from MainMenuScene and adding to MainMenuScene
01:45:30.247 [JavaFX Application Thread] DEBUG PrimaryStageWindow   - MainMenuScene <- MainMenuScene
01:45:30.254 [JavaFX Application Thread] DEBUG PrimaryStageWindow   - Pop state: MainMenuScene
01:45:30.254 [JavaFX Application Thread] DEBUG Input                - Clearing active input actions
01:45:30.255 [JavaFX Application Thread] DEBUG GameApplicationServi - Removing overlay from MainMenuScene and adding to LoginScene
01:45:30.255 [JavaFX Application Thread] DEBUG PrimaryStageWindow   - LoginScene <- MainMenuScene
01:45:30.302 [JavaFX Application Thread] DEBUG PrimaryStageWindow   - Pop state: LoginScene
01:45:30.302 [JavaFX Application Thread] DEBUG Input                - Clearing active input actions
01:45:30.302 [JavaFX Application Thread] DEBUG GameApplicationServi - Removing overlay from LoginScene and adding to FXGLMainMenuDummyScene
01:45:30.302 [JavaFX Application Thread] DEBUG PrimaryStageWindow   - FXGLMainMenuDummyScene <- LoginScene
01:45:30.302 [JavaFX Application Thread] DEBUG Input                - Clearing active input actions
01:45:30.308 [JavaFX Application Thread] DEBUG GameApplicationServi - Removing overlay from FXGLMainMenuDummyScene and adding to FXGLLoadingScene
01:45:30.308 [JavaFX Application Thread] DEBUG PrimaryStageWindow   - FXGLMainMenuDummyScene -> FXGLLoadingScene
01:45:30.308 [JavaFX Application Thread] DEBUG GameApplicationServi - Clearing previous game
01:45:30.308 [JavaFX Application Thread] DEBUG GameScene            - Clearing game scene
01:45:30.308 [JavaFX Application Thread] DEBUG GameWorld            - Clearing game world
01:45:30.308 [JavaFX Application Thread] DEBUG PhysicsWorld         - Clearing physics world
01:45:30.309 [FXGL Background Thread 2 ] DEBUG FXGLApplication      - Initializing game
01:45:30.318 [FXGL Background Thread 2 ] DEBUG FXGLAssetLoaderServi - Loading from file system: file:/F:/my%20files/School/2nd%20year%202nd%20sem/TheOnlyException/Test/target/classes/assets/textures/worlda.png
01:45:30.375 [FXGL Background Thread 2 ] DEBUG FXGLAssetLoaderServi - Loading from file system: file:/F:/my%20files/School/2nd%20year%202nd%20sem/TheOnlyException/Test/target/classes/assets/textures/player-scaled.png
01:45:30.412 [FXGL Background Thread 2 ] INFO  FXGLApplication      - Game initialization took: 0.102 sec
01:45:30.414 [JavaFX Application Thread] DEBUG Input                - Clearing active input actions
01:45:30.419 [JavaFX Application Thread] DEBUG GameApplicationServi - Removing overlay from FXGLLoadingScene and adding to GameScene
01:45:30.419 [JavaFX Application Thread] DEBUG PrimaryStageWindow   - FXGLLoadingScene -> GameScene
01:45:30.960 [JavaFX Application Thread] DEBUG FXGLAssetLoaderServi - Loading from file system: file:/F:/my%20files/School/2nd%20year%202nd%20sem/TheOnlyException/Test/target/classes/assets/textures/MaggotWalk-scaled-recolored.png
01:45:30.962 [JavaFX Application Thread] DEBUG FXGLAssetLoaderServi - Loading from file system: file:/F:/my%20files/School/2nd%20year%202nd%20sem/TheOnlyException/Test/target/classes/assets/textures/BeetleMove-scaled-recolored.png
01:45:30.963 [JavaFX Application Thread] DEBUG FXGLAssetLoaderServi - Loading from file system: file:/F:/my%20files/School/2nd%20year%202nd%20sem/TheOnlyException/Test/target/classes/assets/textures/MantisMove-scaled-recolored.png
01:45:30.965 [JavaFX Application Thread] DEBUG FXGLAssetLoaderServi - Loading from file system: file:/F:/my%20files/School/2nd%20year%202nd%20sem/TheOnlyException/Test/target/classes/assets/textures/BeeMove-scaled-recolored.png
01:45:30.966 [JavaFX Application Thread] DEBUG FXGLAssetLoaderServi - Loading from file system: file:/F:/my%20files/School/2nd%20year%202nd%20sem/TheOnlyException/Test/target/classes/assets/textures/GiantFly-recolored.png
01:45:30.967 [JavaFX Application Thread] DEBUG FXGLAssetLoaderServi - Loading from file system: file:/F:/my%20files/School/2nd%20year%202nd%20sem/TheOnlyException/Test/target/classes/assets/textures/DragonFly-recolored.png
01:45:36.761 [JavaFX Application Thread] DEBUG FXGLAssetLoaderServi - Loading from file system: file:/F:/my%20files/School/2nd%20year%202nd%20sem/TheOnlyException/Test/target/classes/assets/textures/memorychip.png
01:45:38.283 [JavaFX Application Thread] DEBUG FXGLAssetLoaderServi - Loading from file system: file:/F:/my%20files/School/2nd%20year%202nd%20sem/TheOnlyException/Test/target/classes/assets/textures/firewallshield.png
01:45:38.300 [JavaFX Application Thread] DEBUG FXGLAssetLoaderServi - Loading from file system: file:/F:/my%20files/School/2nd%20year%202nd%20sem/TheOnlyException/Test/target/classes/assets/textures/systemrestore.png
01:45:38.314 [JavaFX Application Thread] DEBUG FXGLAssetLoaderServi - Loading from file system: file:/F:/my%20files/School/2nd%20year%202nd%20sem/TheOnlyException/Test/target/classes/assets/textures/datawipe.png
01:45:38.330 [JavaFX Application Thread] DEBUG FXGLAssetLoaderServi - Loading from file system: file:/F:/my%20files/School/2nd%20year%202nd%20sem/TheOnlyException/Test/target/classes/assets/textures/nullblaster.png
01:45:38.353 [JavaFX Application Thread] DEBUG PrimaryStageWindow   - Push state: DialogSubScene
01:45:38.353 [JavaFX Application Thread] DEBUG Input                - Clearing active input actions
01:45:38.355 [JavaFX Application Thread] DEBUG GameApplicationServi - Removing overlay from GameScene and adding to DialogSubScene
01:45:38.355 [JavaFX Application Thread] DEBUG PrimaryStageWindow   - GameScene -> DialogSubScene
01:45:42.347 [JavaFX Application Thread] DEBUG PrimaryStageWindow   - Pop state: DialogSubScene
01:45:42.347 [JavaFX Application Thread] DEBUG Input                - Clearing active input actions
01:45:42.347 [JavaFX Application Thread] DEBUG GameApplicationServi - Removing overlay from DialogSubScene and adding to GameScene
01:45:42.347 [JavaFX Application Thread] DEBUG PrimaryStageWindow   - GameScene <- DialogSubScene
01:45:43.880 [JavaFX Application Thread] DEBUG PrimaryStageWindow   - Push state: DialogSubScene
01:45:43.880 [JavaFX Application Thread] DEBUG Input                - Clearing active input actions
01:45:43.880 [JavaFX Application Thread] DEBUG GameApplicationServi - Removing overlay from GameScene and adding to DialogSubScene
01:45:43.881 [JavaFX Application Thread] DEBUG PrimaryStageWindow   - GameScene -> DialogSubScene
01:45:45.432 [JavaFX Application Thread] DEBUG PrimaryStageWindow   - Pop state: DialogSubScene
01:45:45.432 [JavaFX Application Thread] DEBUG Input                - Clearing active input actions
01:45:45.432 [JavaFX Application Thread] DEBUG GameApplicationServi - Removing overlay from DialogSubScene and adding to GameScene
01:45:45.432 [JavaFX Application Thread] DEBUG PrimaryStageWindow   - GameScene <- DialogSubScene
01:45:45.982 [JavaFX Application Thread] DEBUG FXGLAssetLoaderServi - Loading from file system: file:/F:/my%20files/School/2nd%20year%202nd%20sem/TheOnlyException/Test/target/classes/assets/textures/datawipemine.png
01:45:50.600 [JavaFX Application Thread] DEBUG PrimaryStageWindow   - Push state: DialogSubScene
01:45:50.600 [JavaFX Application Thread] DEBUG Input                - Clearing active input actions
01:45:50.601 [JavaFX Application Thread] DEBUG GameApplicationServi - Removing overlay from GameScene and adding to DialogSubScene
01:45:50.601 [JavaFX Application Thread] DEBUG PrimaryStageWindow   - GameScene -> DialogSubScene
01:45:52.418 [JavaFX Application Thread] DEBUG PrimaryStageWindow   - Pop state: DialogSubScene
01:45:52.418 [JavaFX Application Thread] DEBUG Input                - Clearing active input actions
01:45:52.419 [JavaFX Application Thread] DEBUG GameApplicationServi - Removing overlay from DialogSubScene and adding to GameScene
01:45:52.419 [JavaFX Application Thread] DEBUG PrimaryStageWindow   - GameScene <- DialogSubScene
01:45:52.432 [JavaFX Application Thread] DEBUG FXGLAssetLoaderServi - Loading from file system: file:/F:/my%20files/School/2nd%20year%202nd%20sem/TheOnlyException/Test/target/classes/assets/textures/datawipeexplosion.png
01:45:52.438 [JavaFX Application Thread] WARN  FXGLAssetLoaderServi - Asset "/assets/textures/orange_particle.png" was not found!
01:45:52.438 [JavaFX Application Thread] WARN  FXGLAssetLoaderServi - Failed to load IMAGE
01:45:55.248 [JavaFX Application Thread] WARN  FXGLAssetLoaderServi - Asset "/assets/textures/orange_particle.png" was not found!
01:45:55.248 [JavaFX Application Thread] WARN  FXGLAssetLoaderServi - Failed to load IMAGE
01:45:58.252 [JavaFX Application Thread] WARN  FXGLAssetLoaderServi - Asset "/assets/textures/orange_particle.png" was not found!
01:45:58.252 [JavaFX Application Thread] WARN  FXGLAssetLoaderServi - Failed to load IMAGE
01:46:01.264 [JavaFX Application Thread] WARN  FXGLAssetLoaderServi - Asset "/assets/textures/orange_particle.png" was not found!
01:46:01.264 [JavaFX Application Thread] WARN  FXGLAssetLoaderServi - Failed to load IMAGE
01:46:02.743 [JavaFX Application Thread] DEBUG PrimaryStageWindow   - Push state: DialogSubScene
01:46:02.743 [JavaFX Application Thread] DEBUG Input                - Clearing active input actions
01:46:02.743 [JavaFX Application Thread] DEBUG GameApplicationServi - Removing overlay from GameScene and adding to DialogSubScene
01:46:02.743 [JavaFX Application Thread] DEBUG PrimaryStageWindow   - GameScene -> DialogSubScene
01:46:04.457 [JavaFX Application Thread] DEBUG PrimaryStageWindow   - Pop state: DialogSubScene
01:46:04.457 [JavaFX Application Thread] DEBUG Input                - Clearing active input actions
01:46:04.458 [JavaFX Application Thread] DEBUG GameApplicationServi - Removing overlay from DialogSubScene and adding to GameScene
01:46:04.458 [JavaFX Application Thread] DEBUG PrimaryStageWindow   - GameScene <- DialogSubScene
01:46:05.751 [JavaFX Application Thread] WARN  FXGLAssetLoaderServi - Asset "/assets/textures/orange_particle.png" was not found!
01:46:05.751 [JavaFX Application Thread] WARN  FXGLAssetLoaderServi - Failed to load IMAGE
01:46:08.036 [JavaFX Application Thread] WARN  FXGLAssetLoaderServi - Asset "/assets/textures/orange_particle.png" was not found!
01:46:08.038 [JavaFX Application Thread] WARN  FXGLAssetLoaderServi - Failed to load IMAGE
01:46:09.074 [JavaFX Application Thread] DEBUG PrimaryStageWindow   - Push state: DialogSubScene
01:46:09.074 [JavaFX Application Thread] DEBUG Input                - Clearing active input actions
01:46:09.074 [JavaFX Application Thread] DEBUG GameApplicationServi - Removing overlay from GameScene and adding to DialogSubScene
01:46:09.074 [JavaFX Application Thread] DEBUG PrimaryStageWindow   - GameScene -> DialogSubScene
01:46:11.333 [JavaFX Application Thread] DEBUG PrimaryStageWindow   - Pop state: DialogSubScene
01:46:11.333 [JavaFX Application Thread] DEBUG Input                - Clearing active input actions
01:46:11.333 [JavaFX Application Thread] DEBUG GameApplicationServi - Removing overlay from DialogSubScene and adding to GameScene
01:46:11.333 [JavaFX Application Thread] DEBUG PrimaryStageWindow   - GameScene <- DialogSubScene
01:46:12.354 [JavaFX Application Thread] WARN  FXGLAssetLoaderServi - Asset "/assets/textures/orange_particle.png" was not found!
01:46:12.354 [JavaFX Application Thread] WARN  FXGLAssetLoaderServi - Failed to load IMAGE
01:46:14.472 [JavaFX Application Thread] WARN  FXGLAssetLoaderServi - Asset "/assets/textures/orange_particle.png" was not found!
01:46:14.472 [JavaFX Application Thread] WARN  FXGLAssetLoaderServi - Failed to load IMAGE
01:46:16.469 [JavaFX Application Thread] WARN  FXGLAssetLoaderServi - Asset "/assets/textures/orange_particle.png" was not found!
01:46:16.469 [JavaFX Application Thread] WARN  FXGLAssetLoaderServi - Failed to load IMAGE
01:46:18.471 [JavaFX Application Thread] WARN  FXGLAssetLoaderServi - Asset "/assets/textures/orange_particle.png" was not found!
01:46:18.471 [JavaFX Application Thread] WARN  FXGLAssetLoaderServi - Failed to load IMAGE
01:46:20.479 [JavaFX Application Thread] WARN  FXGLAssetLoaderServi - Asset "/assets/textures/orange_particle.png" was not found!
01:46:20.479 [JavaFX Application Thread] WARN  FXGLAssetLoaderServi - Failed to load IMAGE
01:46:22.487 [JavaFX Application Thread] WARN  FXGLAssetLoaderServi - Asset "/assets/textures/orange_particle.png" was not found!
01:46:22.487 [JavaFX Application Thread] WARN  FXGLAssetLoaderServi - Failed to load IMAGE
01:46:24.495 [JavaFX Application Thread] WARN  FXGLAssetLoaderServi - Asset "/assets/textures/orange_particle.png" was not found!
01:46:24.495 [JavaFX Application Thread] WARN  FXGLAssetLoaderServi - Failed to load IMAGE
01:46:26.324 [JavaFX Application Thread] DEBUG PrimaryStageWindow   - Push state: DialogSubScene
01:46:26.325 [JavaFX Application Thread] DEBUG Input                - Clearing active input actions
01:46:26.325 [JavaFX Application Thread] DEBUG GameApplicationServi - Removing overlay from GameScene and adding to DialogSubScene
01:46:26.325 [JavaFX Application Thread] DEBUG PrimaryStageWindow   - GameScene -> DialogSubScene
01:46:28.681 [JavaFX Application Thread] DEBUG PrimaryStageWindow   - Pop state: DialogSubScene
01:46:28.681 [JavaFX Application Thread] DEBUG Input                - Clearing active input actions
01:46:28.681 [JavaFX Application Thread] DEBUG GameApplicationServi - Removing overlay from DialogSubScene and adding to GameScene
01:46:28.681 [JavaFX Application Thread] DEBUG PrimaryStageWindow   - GameScene <- DialogSubScene
01:46:28.847 [JavaFX Application Thread] WARN  FXGLAssetLoaderServi - Asset "/assets/textures/orange_particle.png" was not found!
01:46:28.847 [JavaFX Application Thread] WARN  FXGLAssetLoaderServi - Failed to load IMAGE
01:46:30.198 [JavaFX Application Thread] WARN  FXGLAssetLoaderServi - Asset "/assets/textures/orange_particle.png" was not found!
01:46:30.198 [JavaFX Application Thread] WARN  FXGLAssetLoaderServi - Failed to load IMAGE
01:46:31.333 [JavaFX Application Thread] WARN  FXGLAssetLoaderServi - Asset "/assets/textures/orange_particle.png" was not found!
01:46:31.333 [JavaFX Application Thread] WARN  FXGLAssetLoaderServi - Failed to load IMAGE
01:46:32.309 [JavaFX Application Thread] WARN  FXGLAssetLoaderServi - Asset "/assets/textures/orange_particle.png" was not found!
01:46:32.309 [JavaFX Application Thread] WARN  FXGLAssetLoaderServi - Failed to load IMAGE
01:46:33.315 [JavaFX Application Thread] WARN  FXGLAssetLoaderServi - Asset "/assets/textures/orange_particle.png" was not found!
01:46:33.315 [JavaFX Application Thread] WARN  FXGLAssetLoaderServi - Failed to load IMAGE
01:46:34.326 [JavaFX Application Thread] WARN  FXGLAssetLoaderServi - Asset "/assets/textures/orange_particle.png" was not found!
01:46:34.326 [JavaFX Application Thread] WARN  FXGLAssetLoaderServi - Failed to load IMAGE
01:46:35.335 [JavaFX Application Thread] WARN  FXGLAssetLoaderServi - Asset "/assets/textures/orange_particle.png" was not found!
01:46:35.335 [JavaFX Application Thread] WARN  FXGLAssetLoaderServi - Failed to load IMAGE
01:46:36.360 [JavaFX Application Thread] WARN  FXGLAssetLoaderServi - Asset "/assets/textures/orange_particle.png" was not found!
01:46:36.360 [JavaFX Application Thread] WARN  FXGLAssetLoaderServi - Failed to load IMAGE
01:46:37.148 [JavaFX Application Thread] DEBUG FXGLApplication      - Exiting FXGL
01:46:37.148 [JavaFX Application Thread] DEBUG LoopRunner           - Stopping loop
01:46:37.148 [JavaFX Application Thread] DEBUG SystemBundleService  - Saving FXGL system data
01:46:37.149 [JavaFX Application Thread] DEBUG FileSystemAccess     - Writing to: F:\my files\School\2nd year 2nd sem\TheOnlyException\system\fxgl.bundle
01:46:37.559 [JavaFX Application Thread] DEBUG Async                - Shutting down background threads
01:46:37.559 [JavaFX Application Thread] DEBUG PrimaryStageWindow   - Closing main window
01:46:37.574 [JavaFX Application Thread] DEBUG Logger               - Closing Logger
