09:30:25.412 [main                     ] DEBUG Logger               - Configured Logger
09:30:25.418 [main                     ] DEBUG GameApplication      - Logging settings
Title: Prototype Game
Version: 0.1.5
Width: 1280
Height: 720
Fullscreen: false
Intro: false
Profiling: false
Single step:false
App Mode: DEVELOPER
Menu Key: ESCAPE
Stage Style: DECORATED
Scene Factory: class org.example.core.GameApp$1

09:30:26.001 [JavaFX Application Thread] DEBUG FXGLApplication      - Initializing FXGL
09:30:26.003 [JavaFX Application Thread] INFO  Engine               - FXGL-21+dev-SNAPSHOT (26.03.2024 19.46) on WINDOWS (J:24 FX:21.0.1)
09:30:26.003 [JavaFX Application Thread] DEBUG Engine               - JRE Vendor Name: Oracle Corporation
09:30:26.003 [JavaFX Application Thread] DEBUG Engine               - Running on OS: Windows 11 version 10.0
09:30:26.003 [JavaFX Application Thread] DEBUG Engine               - Architecture: amd64
09:30:26.003 [JavaFX Application Thread] INFO  Engine               - Source code and latest versions at: https://github.com/AlmasB/FXGL
09:30:26.003 [JavaFX Application Thread] INFO  Engine               -       Ask questions and discuss at: https://github.com/AlmasB/FXGL/discussions
09:30:26.003 [JavaFX Application Thread] INFO  Engine               -              Join the FXGL chat at: https://gitter.im/AlmasB/FXGL
09:30:26.085 [JavaFX Application Thread] DEBUG PrimaryStageWindow   - Creating a JavaFX scene
09:30:26.123 [JavaFX Application Thread] DEBUG PrimaryStageWindow   - Target settings size: 1280.0 x 720.0
09:30:26.123 [JavaFX Application Thread] DEBUG PrimaryStageWindow   - Scaled scene size:    1280.0 x 720.0
09:30:26.123 [JavaFX Application Thread] DEBUG PrimaryStageWindow   - Scaled ratio: (1.0, 1.0)
09:30:26.124 [JavaFX Application Thread] DEBUG PrimaryStageWindow   - Set initial scene to FXGLStartupScene
09:30:26.127 [JavaFX Application Thread] DEBUG PrimaryStageWindow   - Opening main window
09:30:26.199 [JavaFX Application Thread] DEBUG PrimaryStageWindow   - Window border size: (16.0, 39.0)
09:30:26.199 [JavaFX Application Thread] DEBUG PrimaryStageWindow   - Scaled size: 1280.0 x 720.0
09:30:26.199 [JavaFX Application Thread] DEBUG PrimaryStageWindow   - Scaled ratio: (1.0, 1.0)
09:30:26.199 [JavaFX Application Thread] DEBUG PrimaryStageWindow   - Scene size: 1280.0 x 720.0
09:30:26.199 [JavaFX Application Thread] DEBUG PrimaryStageWindow   - Stage size: 1296.0 x 759.0
09:30:26.205 [FXGL Background Thread 1 ] DEBUG Engine               - Initializing environment variables
09:30:26.253 [FXGL Background Thread 1 ] DEBUG FXGLAssetLoaderServi - User app class for loading assets: class org.example.core.GameApp
09:30:26.253 [FXGL Background Thread 1 ] DEBUG GameApplicationServi - Applying CSS: fxgl_dark.css
09:30:26.254 [FXGL Background Thread 1 ] DEBUG FXGLAssetLoaderServi - Loading from file system: jar:file:/C:/Users/primzcm/.m2/repository/com/github/almasb/fxgl/fxgl/21.1/fxgl-21.1.jar!/fxglassets/ui/css/fxgl_dark.css
09:30:26.286 [FXGL Background Thread 1 ] DEBUG GameApplicationServi - Initializing application scenes
09:30:26.315 [FXGL Background Thread 1 ] DEBUG GameWorld            - Game world initialized
09:30:26.358 [FXGL Background Thread 1 ] DEBUG PhysicsWorld         - Physics world initialized: appHeight=720, physics.ppm=50.0
09:30:26.358 [FXGL Background Thread 1 ] DEBUG PhysicsWorld         - Using strategy: BRUTE_FORCE
09:30:26.360 [FXGL Background Thread 1 ] DEBUG GameScene            - Game scene initialized: 1280x720
09:30:26.369 [FXGL Background Thread 1 ] DEBUG FXGL.DefaultMenu     - createMenuBodyGameMenu()
09:30:26.383 [FXGL Background Thread 1 ] DEBUG FXGL.DefaultMenu     - createOptionsMenu()
09:30:26.391 [FXGL Background Thread 1 ] DEBUG FXGLAssetLoaderServi - Loading from file system: jar:file:/C:/Users/primzcm/.m2/repository/com/github/almasb/fxgl/fxgl/21.1/fxgl-21.1.jar!/fxglassets/textures/particles/smoke.png
09:30:26.465 [FXGL Background Thread 1 ] DEBUG FXGLAssetLoaderServi - Loading from file system: jar:file:/C:/Users/primzcm/.m2/repository/com/github/almasb/fxgl/fxgl/21.1/fxgl-21.1.jar!/fxglassets/textures/particles/trace_horizontal.png
09:30:26.496 [FXGL Background Thread 1 ] DEBUG GameApplicationServi - Application scenes initialized
09:30:26.505 [FXGL Background Thread 1 ] DEBUG SystemBundleService  - Loading FXGL system data
09:30:26.512 [FXGL Background Thread 1 ] DEBUG FileSystemAccess     - Reading from: F:\my files\School\2nd year 2nd sem\TheOnlyException\system\fxgl.bundle
09:30:26.518 [FXGL Background Thread 1 ] DEBUG SystemBundleService  - Bundle FXGL: {}
09:30:26.518 [FXGL Background Thread 1 ] DEBUG UpdaterService       - Checking for updates
09:30:26.521 [FXGL Background Thread 4 ] DEBUG FXGLApplication      - Loading fonts
09:30:26.521 [FXGL Background Thread 4 ] DEBUG FXGLAssetLoaderServi - Loading from file system: jar:file:/C:/Users/primzcm/.m2/repository/com/github/almasb/fxgl/fxgl/21.1/fxgl-21.1.jar!/fxglassets/ui/fonts/VarelaRound-Regular.ttf
09:30:26.522 [FXGL Background Thread 1 ] DEBUG FXGLApplication      - Loading default localization
09:30:26.522 [FXGL Background Thread 1 ] DEBUG FXGLAssetLoaderServi - Loading from file system: jar:file:/C:/Users/primzcm/.m2/repository/com/github/almasb/fxgl/fxgl/21.1/fxgl-21.1.jar!/fxglassets/languages/english.lang
09:30:26.535 [FXGL Background Thread 1 ] INFO  FXGLApplication      - FXGL initialization took: 0.329 sec
09:30:26.544 [JavaFX Application Thread] DEBUG Input                - Registered new binding: action0 - A
09:30:26.545 [JavaFX Application Thread] DEBUG Input                - Registered new binding: action1 - D
09:30:26.545 [JavaFX Application Thread] DEBUG Input                - Registered new binding: action2 - W
09:30:26.545 [JavaFX Application Thread] DEBUG Input                - Registered new binding: action3 - S
09:30:26.546 [JavaFX Application Thread] DEBUG FXGLAssetLoaderServi - Loading from file system: jar:file:/C:/Users/primzcm/.m2/repository/com/github/almasb/fxgl/fxgl/21.1/fxgl-21.1.jar!/fxglassets/textures/fxgl_icon.png
09:30:26.564 [FXGL Background Thread 4 ] DEBUG FXGLAssetLoaderServi - Loading from file system: jar:file:/C:/Users/primzcm/.m2/repository/com/github/almasb/fxgl/fxgl/21.1/fxgl-21.1.jar!/fxglassets/ui/fonts/Abel-Regular.ttf
09:30:26.566 [FXGL Background Thread 4 ] DEBUG FXGLAssetLoaderServi - Loading from file system: jar:file:/C:/Users/primzcm/.m2/repository/com/github/almasb/fxgl/fxgl/21.1/fxgl-21.1.jar!/fxglassets/ui/fonts/TerminalLandMono-Regular.otf
09:30:26.568 [FXGL Background Thread 4 ] DEBUG FXGLAssetLoaderServi - Loading from file system: jar:file:/C:/Users/primzcm/.m2/repository/com/github/almasb/fxgl/fxgl/21.1/fxgl-21.1.jar!/fxglassets/ui/fonts/Courier-Prime.ttf
09:30:26.571 [JavaFX Application Thread] DEBUG FXGLAssetLoaderServi - Loading from file system: jar:file:/C:/Users/primzcm/.m2/repository/com/github/almasb/fxgl/fxgl/21.1/fxgl-21.1.jar!/fxglassets/textures/fxgl_default_cursor.png
09:30:26.573 [JavaFX Application Thread] DEBUG Input                - Registered new binding: Screenshot - CTRL+8
09:30:26.574 [JavaFX Application Thread] DEBUG Input                - Registered new binding: System info dump - CTRL+9
09:30:26.574 [JavaFX Application Thread] DEBUG Input                - Registered new binding: Restart - CTRL+R
09:30:26.575 [JavaFX Application Thread] DEBUG Input                - Registered new binding: Toggle Debug Camera - CTRL+7
09:30:26.578 [JavaFX Application Thread] DEBUG LoopRunner           - Starting loop
09:30:26.578 [JavaFX Application Thread] DEBUG LoopRunner           - Initializing JavaFX AnimationTimerLoop
09:30:26.581 [JavaFX Application Thread] DEBUG Input                - Clearing active input actions
09:30:26.586 [JavaFX Application Thread] DEBUG GameApplicationServi - Removing overlay from FXGLStartupScene and adding to FXGLMainMenuDummyScene
09:30:26.586 [JavaFX Application Thread] DEBUG PrimaryStageWindow   - FXGLStartupScene -> FXGLMainMenuDummyScene
09:30:26.586 [JavaFX Application Thread] DEBUG PrimaryStageWindow   - Push state: NameInputScene
09:30:26.793 [JavaFX Application Thread] DEBUG Input                - Clearing active input actions
09:30:26.799 [JavaFX Application Thread] DEBUG GameApplicationServi - Removing overlay from FXGLMainMenuDummyScene and adding to NameInputScene
09:30:26.800 [JavaFX Application Thread] DEBUG PrimaryStageWindow   - FXGLMainMenuDummyScene -> NameInputScene
09:30:26.800 [JavaFX Application Thread] DEBUG FXGLApplication      - Registering font factories with UI factory
09:30:26.850 [FXGL Background Thread 2 ] INFO  UpdaterService       - Your current version:  21+dev-SNAPSHOT
09:30:26.851 [FXGL Background Thread 2 ] INFO  UpdaterService       - Latest stable version: 21.1
09:30:28.792 [JavaFX Application Thread] DEBUG FXGLApplication      - Exiting FXGL
09:30:28.792 [JavaFX Application Thread] DEBUG LoopRunner           - Stopping loop
09:30:28.792 [JavaFX Application Thread] DEBUG SystemBundleService  - Saving FXGL system data
09:30:28.794 [JavaFX Application Thread] DEBUG FileSystemAccess     - Writing to: F:\my files\School\2nd year 2nd sem\TheOnlyException\system\fxgl.bundle
09:30:28.862 [JavaFX Application Thread] DEBUG Async                - Shutting down background threads
09:30:28.862 [JavaFX Application Thread] DEBUG PrimaryStageWindow   - Closing main window
09:30:28.872 [JavaFX Application Thread] DEBUG Logger               - Closing Logger
