20:27:56.142 [main                     ] DEBUG Logger               - Configured Logger
20:27:56.148 [main                     ] DEBUG GameApplication      - Logging settings
Title: Prototype Game
Version: 0.1.5
Width: 1280
Height: 720
Fullscreen: false
Intro: false
Profiling: false
Single step:false
App Mode: DEVELOPER
Menu Key: ESCAPE
Stage Style: DECORATED
Scene Factory: class org.example.core.GameApp$1

20:27:56.495 [JavaFX Application Thread] DEBUG FXGLApplication      - Initializing FXGL
20:27:56.498 [JavaFX Application Thread] INFO  Engine               - FXGL-21+dev-SNAPSHOT (26.03.2024 19.46) on WINDOWS (J:24 FX:21.0.1)
20:27:56.498 [JavaFX Application Thread] DEBUG Engine               - JRE Vendor Name: Oracle Corporation
20:27:56.498 [JavaFX Application Thread] DEBUG Engine               - Running on OS: Windows 11 version 10.0
20:27:56.498 [JavaFX Application Thread] DEBUG Engine               - Architecture: amd64
20:27:56.498 [JavaFX Application Thread] INFO  Engine               - Source code and latest versions at: https://github.com/AlmasB/FXGL
20:27:56.498 [JavaFX Application Thread] INFO  Engine               -       Ask questions and discuss at: https://github.com/AlmasB/FXGL/discussions
20:27:56.498 [JavaFX Application Thread] INFO  Engine               -              Join the FXGL chat at: https://gitter.im/AlmasB/FXGL
20:27:56.586 [JavaFX Application Thread] DEBUG PrimaryStageWindow   - Creating a JavaFX scene
20:27:56.627 [JavaFX Application Thread] DEBUG PrimaryStageWindow   - Target settings size: 1280.0 x 720.0
20:27:56.628 [JavaFX Application Thread] DEBUG PrimaryStageWindow   - Scaled scene size:    1280.0 x 720.0
20:27:56.628 [JavaFX Application Thread] DEBUG PrimaryStageWindow   - Scaled ratio: (1.0, 1.0)
20:27:56.628 [JavaFX Application Thread] DEBUG PrimaryStageWindow   - Set initial scene to FXGLStartupScene
20:27:56.631 [JavaFX Application Thread] DEBUG PrimaryStageWindow   - Opening main window
20:27:56.732 [JavaFX Application Thread] DEBUG PrimaryStageWindow   - Window border size: (16.0, 39.0)
20:27:56.733 [JavaFX Application Thread] DEBUG PrimaryStageWindow   - Scaled size: 1280.0 x 720.0
20:27:56.733 [JavaFX Application Thread] DEBUG PrimaryStageWindow   - Scaled ratio: (1.0, 1.0)
20:27:56.733 [JavaFX Application Thread] DEBUG PrimaryStageWindow   - Scene size: 1280.0 x 720.0
20:27:56.733 [JavaFX Application Thread] DEBUG PrimaryStageWindow   - Stage size: 1296.0 x 759.0
20:27:56.739 [FXGL Background Thread 1 ] DEBUG Engine               - Initializing environment variables
20:27:56.786 [FXGL Background Thread 1 ] DEBUG FXGLAssetLoaderServi - User app class for loading assets: class org.example.core.GameApp
20:27:56.786 [FXGL Background Thread 1 ] DEBUG GameApplicationServi - Applying CSS: fxgl_dark.css
20:27:56.787 [FXGL Background Thread 1 ] DEBUG FXGLAssetLoaderServi - Loading from file system: jar:file:/C:/Users/primzcm/.m2/repository/com/github/almasb/fxgl/fxgl/21.1/fxgl-21.1.jar!/fxglassets/ui/css/fxgl_dark.css
20:27:56.821 [FXGL Background Thread 1 ] DEBUG GameApplicationServi - Initializing application scenes
20:27:56.851 [FXGL Background Thread 1 ] DEBUG GameWorld            - Game world initialized
20:27:56.898 [FXGL Background Thread 1 ] DEBUG PhysicsWorld         - Physics world initialized: appHeight=720, physics.ppm=50.0
20:27:56.899 [FXGL Background Thread 1 ] DEBUG PhysicsWorld         - Using strategy: BRUTE_FORCE
20:27:56.901 [FXGL Background Thread 1 ] DEBUG GameScene            - Game scene initialized: 1280x720
20:27:56.912 [FXGL Background Thread 1 ] DEBUG FXGL.DefaultMenu     - createMenuBodyGameMenu()
20:27:56.925 [FXGL Background Thread 1 ] DEBUG FXGL.DefaultMenu     - createOptionsMenu()
20:27:56.936 [FXGL Background Thread 1 ] DEBUG FXGLAssetLoaderServi - Loading from file system: jar:file:/C:/Users/primzcm/.m2/repository/com/github/almasb/fxgl/fxgl/21.1/fxgl-21.1.jar!/fxglassets/textures/particles/smoke.png
20:27:57.010 [FXGL Background Thread 1 ] DEBUG FXGLAssetLoaderServi - Loading from file system: jar:file:/C:/Users/primzcm/.m2/repository/com/github/almasb/fxgl/fxgl/21.1/fxgl-21.1.jar!/fxglassets/textures/particles/trace_horizontal.png
20:27:57.031 [FXGL Background Thread 1 ] DEBUG GameApplicationServi - Application scenes initialized
20:27:57.040 [FXGL Background Thread 1 ] DEBUG SystemBundleService  - Loading FXGL system data
20:27:57.043 [FXGL Background Thread 1 ] DEBUG FileSystemAccess     - Reading from: F:\my files\School\2nd year 2nd sem\TheOnlyException\system\fxgl.bundle
20:27:57.048 [FXGL Background Thread 1 ] DEBUG SystemBundleService  - Bundle FXGL: {}
20:27:57.048 [FXGL Background Thread 1 ] DEBUG UpdaterService       - Checking for updates
20:27:57.051 [FXGL Background Thread 4 ] DEBUG FXGLApplication      - Loading fonts
20:27:57.051 [FXGL Background Thread 4 ] DEBUG FXGLAssetLoaderServi - Loading from file system: jar:file:/C:/Users/primzcm/.m2/repository/com/github/almasb/fxgl/fxgl/21.1/fxgl-21.1.jar!/fxglassets/ui/fonts/VarelaRound-Regular.ttf
20:27:57.051 [FXGL Background Thread 1 ] DEBUG FXGLApplication      - Loading default localization
20:27:57.052 [FXGL Background Thread 1 ] DEBUG FXGLAssetLoaderServi - Loading from file system: jar:file:/C:/Users/primzcm/.m2/repository/com/github/almasb/fxgl/fxgl/21.1/fxgl-21.1.jar!/fxglassets/languages/english.lang
20:27:57.075 [FXGL Background Thread 1 ] INFO  FXGLApplication      - FXGL initialization took: 0.337 sec
20:27:57.080 [FXGL Background Thread 4 ] DEBUG FXGLAssetLoaderServi - Loading from file system: jar:file:/C:/Users/primzcm/.m2/repository/com/github/almasb/fxgl/fxgl/21.1/fxgl-21.1.jar!/fxglassets/ui/fonts/Abel-Regular.ttf
20:27:57.082 [FXGL Background Thread 4 ] DEBUG FXGLAssetLoaderServi - Loading from file system: jar:file:/C:/Users/primzcm/.m2/repository/com/github/almasb/fxgl/fxgl/21.1/fxgl-21.1.jar!/fxglassets/ui/fonts/TerminalLandMono-Regular.otf
20:27:57.084 [JavaFX Application Thread] DEBUG Input                - Registered new binding: action0 - A
20:27:57.084 [JavaFX Application Thread] DEBUG Input                - Registered new binding: action1 - D
20:27:57.084 [FXGL Background Thread 4 ] DEBUG FXGLAssetLoaderServi - Loading from file system: jar:file:/C:/Users/primzcm/.m2/repository/com/github/almasb/fxgl/fxgl/21.1/fxgl-21.1.jar!/fxglassets/ui/fonts/Courier-Prime.ttf
20:27:57.084 [JavaFX Application Thread] DEBUG Input                - Registered new binding: action2 - W
20:27:57.085 [JavaFX Application Thread] DEBUG Input                - Registered new binding: action3 - S
20:27:57.085 [JavaFX Application Thread] DEBUG FXGLAssetLoaderServi - Loading from file system: jar:file:/C:/Users/primzcm/.m2/repository/com/github/almasb/fxgl/fxgl/21.1/fxgl-21.1.jar!/fxglassets/textures/fxgl_icon.png
20:27:57.103 [JavaFX Application Thread] DEBUG FXGLAssetLoaderServi - Loading from file system: jar:file:/C:/Users/primzcm/.m2/repository/com/github/almasb/fxgl/fxgl/21.1/fxgl-21.1.jar!/fxglassets/textures/fxgl_default_cursor.png
20:27:57.105 [JavaFX Application Thread] DEBUG Input                - Registered new binding: Screenshot - CTRL+8
20:27:57.106 [JavaFX Application Thread] DEBUG Input                - Registered new binding: System info dump - CTRL+9
20:27:57.106 [JavaFX Application Thread] DEBUG Input                - Registered new binding: Restart - CTRL+R
20:27:57.106 [JavaFX Application Thread] DEBUG Input                - Registered new binding: Toggle Debug Camera - CTRL+7
20:27:57.109 [JavaFX Application Thread] DEBUG LoopRunner           - Starting loop
20:27:57.109 [JavaFX Application Thread] DEBUG LoopRunner           - Initializing JavaFX AnimationTimerLoop
20:27:57.113 [JavaFX Application Thread] DEBUG Input                - Clearing active input actions
20:27:57.117 [JavaFX Application Thread] DEBUG GameApplicationServi - Removing overlay from FXGLStartupScene and adding to FXGLMainMenuDummyScene
20:27:57.119 [JavaFX Application Thread] DEBUG PrimaryStageWindow   - FXGLStartupScene -> FXGLMainMenuDummyScene
20:27:57.119 [JavaFX Application Thread] DEBUG PrimaryStageWindow   - Push state: NameInputScene
20:27:57.285 [JavaFX Application Thread] DEBUG Input                - Clearing active input actions
20:27:57.292 [JavaFX Application Thread] DEBUG GameApplicationServi - Removing overlay from FXGLMainMenuDummyScene and adding to NameInputScene
20:27:57.292 [JavaFX Application Thread] DEBUG PrimaryStageWindow   - FXGLMainMenuDummyScene -> NameInputScene
20:27:57.295 [JavaFX Application Thread] DEBUG FXGLApplication      - Registering font factories with UI factory
20:27:57.703 [FXGL Background Thread 2 ] INFO  UpdaterService       - Your current version:  21+dev-SNAPSHOT
20:27:57.704 [FXGL Background Thread 2 ] INFO  UpdaterService       - Latest stable version: 21.1
20:28:00.051 [FXGL Background Thread 3 ] DEBUG Engine               - Logging environment variables
20:28:00.051 [FXGL Background Thread 3 ] DEBUG Engine               - achievements: []
20:28:00.051 [FXGL Background Thread 3 ] DEBUG Engine               - actualHeight: 720.0
20:28:00.051 [FXGL Background Thread 3 ] DEBUG Engine               - actualHeightProperty: ReadOnlyDoubleProperty [value: 720.0]
20:28:00.051 [FXGL Background Thread 3 ] DEBUG Engine               - actualWidth: 1280.0
20:28:00.051 [FXGL Background Thread 3 ] DEBUG Engine               - actualWidthProperty: ReadOnlyDoubleProperty [value: 1280.0]
20:28:00.051 [FXGL Background Thread 3 ] DEBUG Engine               - appIcon: fxgl_icon.png
20:28:00.051 [FXGL Background Thread 3 ] DEBUG Engine               - applicationMode: DEVELOPER
20:28:00.051 [FXGL Background Thread 3 ] DEBUG Engine               - cSSList: [fxgl_dark.css]
20:28:00.051 [FXGL Background Thread 3 ] DEBUG Engine               - collisionDetectionStrategy: BRUTE_FORCE
20:28:00.051 [FXGL Background Thread 3 ] DEBUG Engine               - configClass: Optional.empty
20:28:00.051 [FXGL Background Thread 3 ] DEBUG Engine               - credits: []
20:28:00.052 [FXGL Background Thread 3 ] DEBUG Engine               - defaultCursor: CursorInfo(imageName=fxgl_default_cursor.png, hotspotX=7.0, hotspotY=6.0)
20:28:00.052 [FXGL Background Thread 3 ] DEBUG Engine               - devBBoxColorProperty: ObjectProperty [value: 0xff0000ff]
20:28:00.052 [FXGL Background Thread 3 ] DEBUG Engine               - devEnableDebugCameraProperty: BooleanProperty [value: false]
20:28:00.052 [FXGL Background Thread 3 ] DEBUG Engine               - devSensorColorProperty: ObjectProperty [value: 0xffff00ff]
20:28:00.052 [FXGL Background Thread 3 ] DEBUG Engine               - devShowBBoxProperty: BooleanProperty [value: false]
20:28:00.052 [FXGL Background Thread 3 ] DEBUG Engine               - devShowPositionProperty: BooleanProperty [value: false]
20:28:00.052 [FXGL Background Thread 3 ] DEBUG Engine               - enabledMenuItems: []
20:28:00.052 [FXGL Background Thread 3 ] DEBUG Engine               - engineServices: [class com.almasb.fxgl.app.services.FXGLAssetLoaderService, class com.almasb.fxgl.app.FXGLApplication$GameApplicationService, class com.almasb.fxgl.app.services.FXGLDialogService, class com.almasb.fxgl.app.services.IOTaskExecutorService, class com.almasb.fxgl.io.FileSystemService, class com.almasb.fxgl.localization.LocalizationService, class com.almasb.fxgl.app.services.SystemBundleService, class com.almasb.fxgl.profile.SaveLoadService, class com.almasb.fxgl.ui.FXGLUIFactoryServiceProvider, class com.almasb.fxgl.ui.FXGLDialogFactoryServiceProvider, class com.almasb.fxgl.audio.AudioPlayer, class com.almasb.fxgl.notification.impl.NotificationServiceProvider, class com.almasb.fxgl.achievement.AchievementService, class com.almasb.fxgl.cutscene.CutsceneService, class com.almasb.fxgl.minigames.MiniGameService, class com.almasb.fxgl.net.NetService, class com.almasb.fxgl.app.services.UpdaterService, class com.almasb.fxgl.dev.DevService]
20:28:00.052 [FXGL Background Thread 3 ] DEBUG Engine               - fontGame: Abel-Regular.ttf
20:28:00.052 [FXGL Background Thread 3 ] DEBUG Engine               - fontMono: TerminalLandMono-Regular.otf
20:28:00.052 [FXGL Background Thread 3 ] DEBUG Engine               - fontSizeScaleUI: 1.0
20:28:00.052 [FXGL Background Thread 3 ] DEBUG Engine               - fontText: Courier-Prime.ttf
20:28:00.052 [FXGL Background Thread 3 ] DEBUG Engine               - fontUI: VarelaRound-Regular.ttf
20:28:00.052 [FXGL Background Thread 3 ] DEBUG Engine               - fullScreen: BooleanProperty [value: false]
20:28:00.052 [FXGL Background Thread 3 ] DEBUG Engine               - gameDifficulty: MEDIUM
20:28:00.052 [FXGL Background Thread 3 ] DEBUG Engine               - gameDifficultyProperty: ObjectProperty [value: MEDIUM]
20:28:00.052 [FXGL Background Thread 3 ] DEBUG Engine               - globalMusicVolume: 0.5
20:28:00.052 [FXGL Background Thread 3 ] DEBUG Engine               - globalMusicVolumeProperty: DoubleProperty [value: 0.5]
20:28:00.053 [FXGL Background Thread 3 ] DEBUG Engine               - globalSoundVolume: 0.5
20:28:00.053 [FXGL Background Thread 3 ] DEBUG Engine               - globalSoundVolumeProperty: DoubleProperty [value: 0.5]
20:28:00.053 [FXGL Background Thread 3 ] DEBUG Engine               - height: 720
20:28:00.053 [FXGL Background Thread 3 ] DEBUG Engine               - is3D: false
20:28:00.053 [FXGL Background Thread 3 ] DEBUG Engine               - isAndroid: false
20:28:00.053 [FXGL Background Thread 3 ] DEBUG Engine               - isBrowser: false
20:28:00.053 [FXGL Background Thread 3 ] DEBUG Engine               - isClickFeedbackEnabled: false
20:28:00.053 [FXGL Background Thread 3 ] DEBUG Engine               - isCloseConfirmation: false
20:28:00.053 [FXGL Background Thread 3 ] DEBUG Engine               - isDesktop: true
20:28:00.053 [FXGL Background Thread 3 ] DEBUG Engine               - isDeveloperMenuEnabled: false
20:28:00.053 [FXGL Background Thread 3 ] DEBUG Engine               - isEmbedded: false
20:28:00.053 [FXGL Background Thread 3 ] DEBUG Engine               - isEntityPreloadEnabled: true
20:28:00.053 [FXGL Background Thread 3 ] DEBUG Engine               - isExperimentalTiledLargeMap: false
20:28:00.053 [FXGL Background Thread 3 ] DEBUG Engine               - isFileSystemWriteAllowed: true
20:28:00.053 [FXGL Background Thread 3 ] DEBUG Engine               - isFullScreenAllowed: false
20:28:00.053 [FXGL Background Thread 3 ] DEBUG Engine               - isFullScreenFromStart: false
20:28:00.053 [FXGL Background Thread 3 ] DEBUG Engine               - isGameMenuEnabled: true
20:28:00.053 [FXGL Background Thread 3 ] DEBUG Engine               - isIOS: false
20:28:00.053 [FXGL Background Thread 3 ] DEBUG Engine               - isIntroEnabled: false
20:28:00.053 [FXGL Background Thread 3 ] DEBUG Engine               - isLinux: false
20:28:00.053 [FXGL Background Thread 3 ] DEBUG Engine               - isMac: false
20:28:00.053 [FXGL Background Thread 3 ] DEBUG Engine               - isMainMenuEnabled: true
20:28:00.053 [FXGL Background Thread 3 ] DEBUG Engine               - isManualResizeEnabled: false
20:28:00.053 [FXGL Background Thread 3 ] DEBUG Engine               - isMobile: false
20:28:00.053 [FXGL Background Thread 3 ] DEBUG Engine               - isNative: false
20:28:00.053 [FXGL Background Thread 3 ] DEBUG Engine               - isPauseMusicWhenMinimized: true
20:28:00.053 [FXGL Background Thread 3 ] DEBUG Engine               - isPreserveResizeRatio: false
20:28:00.053 [FXGL Background Thread 3 ] DEBUG Engine               - isProfilingEnabled: false
20:28:00.053 [FXGL Background Thread 3 ] DEBUG Engine               - isScaleAffectedOnResize: true
20:28:00.053 [FXGL Background Thread 3 ] DEBUG Engine               - isSingleStep: false
20:28:00.053 [FXGL Background Thread 3 ] DEBUG Engine               - isUserProfileEnabled: false
20:28:00.054 [FXGL Background Thread 3 ] DEBUG Engine               - isWindows: true
20:28:00.054 [FXGL Background Thread 3 ] DEBUG Engine               - language: ObjectProperty [value: ENGLISH]
20:28:00.054 [FXGL Background Thread 3 ] DEBUG Engine               - menuKey: ESCAPE
20:28:00.054 [FXGL Background Thread 3 ] DEBUG Engine               - mouseSensitivity: 0.2
20:28:00.054 [FXGL Background Thread 3 ] DEBUG Engine               - notificationViewClass: class com.almasb.fxgl.notification.view.XboxNotificationView
20:28:00.054 [FXGL Background Thread 3 ] DEBUG Engine               - pixelsPerMeter: 50.0
20:28:00.054 [FXGL Background Thread 3 ] DEBUG Engine               - platform: WINDOWS
20:28:00.054 [FXGL Background Thread 3 ] DEBUG Engine               - prefHeightProperty: ReadOnlyDoubleProperty [value: 720.0]
20:28:00.054 [FXGL Background Thread 3 ] DEBUG Engine               - prefWidthProperty: ReadOnlyDoubleProperty [value: 1280.0]
20:28:00.054 [FXGL Background Thread 3 ] DEBUG Engine               - profileDir: profiles/
20:28:00.054 [FXGL Background Thread 3 ] DEBUG Engine               - profileName: StringProperty [value: DEFAULT]
20:28:00.054 [FXGL Background Thread 3 ] DEBUG Engine               - randomSeed: -1
20:28:00.054 [FXGL Background Thread 3 ] DEBUG Engine               - runtimeInfo: RuntimeInfo(platform=WINDOWS, version=21+dev-SNAPSHOT, build=26.03.2024 19.46)
20:28:00.054 [FXGL Background Thread 3 ] DEBUG Engine               - saveFileExt: sav
20:28:00.054 [FXGL Background Thread 3 ] DEBUG Engine               - scaledHeightProp$fxgl: DoubleProperty [bound, value: 720.0]
20:28:00.054 [FXGL Background Thread 3 ] DEBUG Engine               - scaledWidthProp$fxgl: DoubleProperty [bound, value: 1280.0]
20:28:00.054 [FXGL Background Thread 3 ] DEBUG Engine               - sceneFactory: org.example.core.GameApp$1@13f7a22c
20:28:00.054 [FXGL Background Thread 3 ] DEBUG Engine               - secondsIn24h: 60
20:28:00.054 [FXGL Background Thread 3 ] DEBUG Engine               - soundMenuBack: menu/back.wav
20:28:00.054 [FXGL Background Thread 3 ] DEBUG Engine               - soundMenuPress: menu/press.wav
20:28:00.054 [FXGL Background Thread 3 ] DEBUG Engine               - soundMenuSelect: menu/select.wav
20:28:00.054 [FXGL Background Thread 3 ] DEBUG Engine               - soundNotification: core/notification.wav
20:28:00.054 [FXGL Background Thread 3 ] DEBUG Engine               - stageStyle: DECORATED
20:28:00.054 [FXGL Background Thread 3 ] DEBUG Engine               - supportedLanguages: [ENGLISH, FRENCH, GERMAN, HUNGARIAN, RUSSIAN]
20:28:00.054 [FXGL Background Thread 3 ] DEBUG Engine               - ticksPerSecond: -1
20:28:00.054 [FXGL Background Thread 3 ] DEBUG Engine               - title: Prototype Game
20:28:00.054 [FXGL Background Thread 3 ] DEBUG Engine               - urlGithub: https://github.com/AlmasB/FXGL
20:28:00.054 [FXGL Background Thread 3 ] DEBUG Engine               - urlLeaderboard: http://fxgl-top.herokuapp.com/
20:28:00.054 [FXGL Background Thread 3 ] DEBUG Engine               - urlPOM: https://raw.githubusercontent.com/AlmasB/FXGL/release/README.md
20:28:00.054 [FXGL Background Thread 3 ] DEBUG Engine               - userAppClass: class org.example.core.GameApp
20:28:00.054 [FXGL Background Thread 3 ] DEBUG Engine               - version: 0.1.5
20:28:00.054 [FXGL Background Thread 3 ] DEBUG Engine               - versionCheckDays: 7
20:28:00.054 [FXGL Background Thread 3 ] DEBUG Engine               - width: 1280
20:28:00.054 [FXGL Background Thread 3 ] DEBUG Engine               - Logging services
20:28:00.054 [FXGL Background Thread 3 ] DEBUG Engine               - class com.almasb.fxgl.app.services.FXGLAssetLoaderService
20:28:00.054 [FXGL Background Thread 3 ] DEBUG Engine               - class com.almasb.fxgl.app.FXGLApplication$GameApplicationService
20:28:00.054 [FXGL Background Thread 3 ] DEBUG Engine               - class com.almasb.fxgl.app.services.FXGLDialogService
20:28:00.054 [FXGL Background Thread 3 ] DEBUG Engine               - class com.almasb.fxgl.app.services.IOTaskExecutorService
20:28:00.054 [FXGL Background Thread 3 ] DEBUG Engine               - class com.almasb.fxgl.io.FileSystemService
20:28:00.054 [FXGL Background Thread 3 ] DEBUG Engine               - class com.almasb.fxgl.localization.LocalizationService
20:28:00.054 [FXGL Background Thread 3 ] DEBUG Engine               - class com.almasb.fxgl.app.services.SystemBundleService
20:28:00.055 [FXGL Background Thread 3 ] DEBUG Engine               - class com.almasb.fxgl.profile.SaveLoadService
20:28:00.055 [FXGL Background Thread 3 ] DEBUG Engine               - class com.almasb.fxgl.ui.FXGLUIFactoryServiceProvider
20:28:00.055 [FXGL Background Thread 3 ] DEBUG Engine               - class com.almasb.fxgl.ui.FXGLDialogFactoryServiceProvider
20:28:00.055 [FXGL Background Thread 3 ] DEBUG Engine               - class com.almasb.fxgl.audio.AudioPlayer
20:28:00.055 [FXGL Background Thread 3 ] DEBUG Engine               - class com.almasb.fxgl.notification.impl.NotificationServiceProvider
20:28:00.055 [FXGL Background Thread 3 ] DEBUG Engine               - class com.almasb.fxgl.achievement.AchievementService
20:28:00.055 [FXGL Background Thread 3 ] DEBUG Engine               - class com.almasb.fxgl.cutscene.CutsceneService
20:28:00.055 [FXGL Background Thread 3 ] DEBUG Engine               - class com.almasb.fxgl.minigames.MiniGameService
20:28:00.055 [FXGL Background Thread 3 ] DEBUG Engine               - class com.almasb.fxgl.net.NetService
20:28:00.055 [FXGL Background Thread 3 ] DEBUG Engine               - class com.almasb.fxgl.app.services.UpdaterService
20:28:00.055 [FXGL Background Thread 3 ] DEBUG Engine               - class com.almasb.fxgl.dev.DevService
20:28:02.452 [JavaFX Application Thread] DEBUG GameWorld            - Game world initialized
20:28:02.453 [JavaFX Application Thread] DEBUG PhysicsWorld         - Physics world initialized: appHeight=720, physics.ppm=50.0
20:28:02.453 [JavaFX Application Thread] DEBUG PhysicsWorld         - Using strategy: BRUTE_FORCE
20:28:02.453 [JavaFX Application Thread] DEBUG GameScene            - Game scene initialized: 1280x720
20:28:02.469 [JavaFX Application Thread] DEBUG PrimaryStageWindow   - Push state: MainMenuScene
20:28:02.473 [JavaFX Application Thread] DEBUG Input                - Clearing active input actions
20:28:02.476 [JavaFX Application Thread] DEBUG GameApplicationServi - Removing overlay from NameInputScene and adding to MainMenuScene
20:28:02.476 [JavaFX Application Thread] DEBUG PrimaryStageWindow   - NameInputScene -> MainMenuScene
20:28:03.217 [JavaFX Application Thread] DEBUG GameApplicationServi - Starting new game
20:28:03.217 [JavaFX Application Thread] DEBUG PrimaryStageWindow   - Pop state: MainMenuScene
20:28:03.217 [JavaFX Application Thread] DEBUG Input                - Clearing active input actions
20:28:03.218 [JavaFX Application Thread] DEBUG GameApplicationServi - Removing overlay from MainMenuScene and adding to NameInputScene
20:28:03.218 [JavaFX Application Thread] DEBUG PrimaryStageWindow   - NameInputScene <- MainMenuScene
20:28:03.219 [JavaFX Application Thread] DEBUG PrimaryStageWindow   - Pop state: NameInputScene
20:28:03.219 [JavaFX Application Thread] DEBUG Input                - Clearing active input actions
20:28:03.219 [JavaFX Application Thread] DEBUG GameApplicationServi - Removing overlay from NameInputScene and adding to FXGLMainMenuDummyScene
20:28:03.219 [JavaFX Application Thread] DEBUG PrimaryStageWindow   - FXGLMainMenuDummyScene <- NameInputScene
20:28:03.220 [JavaFX Application Thread] DEBUG Input                - Clearing active input actions
20:28:03.225 [JavaFX Application Thread] DEBUG GameApplicationServi - Removing overlay from FXGLMainMenuDummyScene and adding to FXGLLoadingScene
20:28:03.225 [JavaFX Application Thread] DEBUG PrimaryStageWindow   - FXGLMainMenuDummyScene -> FXGLLoadingScene
20:28:03.225 [JavaFX Application Thread] DEBUG GameApplicationServi - Clearing previous game
20:28:03.225 [JavaFX Application Thread] DEBUG GameScene            - Clearing game scene
20:28:03.225 [JavaFX Application Thread] DEBUG GameWorld            - Clearing game world
20:28:03.226 [JavaFX Application Thread] DEBUG PhysicsWorld         - Clearing physics world
20:28:03.227 [FXGL Background Thread 2 ] DEBUG FXGLApplication      - Initializing game
20:28:03.240 [FXGL Background Thread 2 ] DEBUG FXGLAssetLoaderServi - Loading from file system: file:/F:/my%20files/School/2nd%20year%202nd%20sem/TheOnlyException/Test/target/classes/assets/textures/dasd.png
20:28:03.264 [FXGL Background Thread 2 ] DEBUG FXGLAssetLoaderServi - Loading from file system: file:/F:/my%20files/School/2nd%20year%202nd%20sem/TheOnlyException/Test/target/classes/assets/textures/player-scaled.png
20:28:03.318 [FXGL Background Thread 2 ] INFO  FXGLApplication      - Game initialization took: 0.091 sec
20:28:03.321 [JavaFX Application Thread] DEBUG Input                - Clearing active input actions
20:28:03.326 [JavaFX Application Thread] DEBUG GameApplicationServi - Removing overlay from FXGLLoadingScene and adding to GameScene
20:28:03.326 [JavaFX Application Thread] DEBUG PrimaryStageWindow   - FXGLLoadingScene -> GameScene
20:28:03.830 [JavaFX Application Thread] DEBUG FXGLAssetLoaderServi - Loading from file system: file:/F:/my%20files/School/2nd%20year%202nd%20sem/TheOnlyException/Test/target/classes/assets/textures/MaggotWalk-scaled.png
20:28:03.836 [JavaFX Application Thread] DEBUG FXGLAssetLoaderServi - Loading from file system: file:/F:/my%20files/School/2nd%20year%202nd%20sem/TheOnlyException/Test/target/classes/assets/textures/BeetleMove-scaled.png
20:28:03.838 [JavaFX Application Thread] DEBUG FXGLAssetLoaderServi - Loading from file system: file:/F:/my%20files/School/2nd%20year%202nd%20sem/TheOnlyException/Test/target/classes/assets/textures/MantisMove-scaled.png
20:28:03.839 [JavaFX Application Thread] DEBUG FXGLAssetLoaderServi - Loading from file system: file:/F:/my%20files/School/2nd%20year%202nd%20sem/TheOnlyException/Test/target/classes/assets/textures/BeeMove-scaled.png
20:28:03.841 [JavaFX Application Thread] DEBUG FXGLAssetLoaderServi - Loading from file system: file:/F:/my%20files/School/2nd%20year%202nd%20sem/TheOnlyException/Test/target/classes/assets/textures/GiantFly.png
20:28:03.843 [JavaFX Application Thread] DEBUG FXGLAssetLoaderServi - Loading from file system: file:/F:/my%20files/School/2nd%20year%202nd%20sem/TheOnlyException/Test/target/classes/assets/textures/DragonFly.png
20:28:10.940 [JavaFX Application Thread] DEBUG PrimaryStageWindow   - Push state: DialogSubScene
20:28:10.940 [JavaFX Application Thread] DEBUG Input                - Clearing active input actions
20:28:10.941 [JavaFX Application Thread] DEBUG GameApplicationServi - Removing overlay from GameScene and adding to DialogSubScene
20:28:10.941 [JavaFX Application Thread] DEBUG PrimaryStageWindow   - GameScene -> DialogSubScene
20:28:11.915 [JavaFX Application Thread] DEBUG PrimaryStageWindow   - Pop state: DialogSubScene
20:28:11.915 [JavaFX Application Thread] DEBUG Input                - Clearing active input actions
20:28:11.916 [JavaFX Application Thread] DEBUG GameApplicationServi - Removing overlay from DialogSubScene and adding to GameScene
20:28:11.916 [JavaFX Application Thread] DEBUG PrimaryStageWindow   - GameScene <- DialogSubScene
20:28:12.893 [JavaFX Application Thread] DEBUG PrimaryStageWindow   - Push state: DialogSubScene
20:28:12.893 [JavaFX Application Thread] DEBUG Input                - Clearing active input actions
20:28:12.893 [JavaFX Application Thread] DEBUG GameApplicationServi - Removing overlay from GameScene and adding to DialogSubScene
20:28:12.893 [JavaFX Application Thread] DEBUG PrimaryStageWindow   - GameScene -> DialogSubScene
20:28:13.434 [JavaFX Application Thread] DEBUG PrimaryStageWindow   - Pop state: DialogSubScene
20:28:13.434 [JavaFX Application Thread] DEBUG Input                - Clearing active input actions
20:28:13.435 [JavaFX Application Thread] DEBUG GameApplicationServi - Removing overlay from DialogSubScene and adding to GameScene
20:28:13.435 [JavaFX Application Thread] DEBUG PrimaryStageWindow   - GameScene <- DialogSubScene
20:28:17.189 [JavaFX Application Thread] WARN  FXGLAssetLoaderServi - Asset "/assets/textures/green_particle.png" was not found!
20:28:17.189 [JavaFX Application Thread] WARN  FXGLAssetLoaderServi - Failed to load IMAGE
20:28:18.050 [JavaFX Application Thread] DEBUG PrimaryStageWindow   - Push state: DialogSubScene
20:28:18.050 [JavaFX Application Thread] DEBUG Input                - Clearing active input actions
20:28:18.051 [JavaFX Application Thread] DEBUG GameApplicationServi - Removing overlay from GameScene and adding to DialogSubScene
20:28:18.051 [JavaFX Application Thread] DEBUG PrimaryStageWindow   - GameScene -> DialogSubScene
20:28:18.684 [JavaFX Application Thread] DEBUG PrimaryStageWindow   - Pop state: DialogSubScene
20:28:18.684 [JavaFX Application Thread] DEBUG Input                - Clearing active input actions
20:28:18.684 [JavaFX Application Thread] DEBUG GameApplicationServi - Removing overlay from DialogSubScene and adding to GameScene
20:28:18.684 [JavaFX Application Thread] DEBUG PrimaryStageWindow   - GameScene <- DialogSubScene
20:28:22.852 [JavaFX Application Thread] WARN  FXGLAssetLoaderServi - Asset "/assets/textures/green_particle.png" was not found!
20:28:22.852 [JavaFX Application Thread] WARN  FXGLAssetLoaderServi - Failed to load IMAGE
20:28:23.153 [JavaFX Application Thread] DEBUG PrimaryStageWindow   - Push state: DialogSubScene
20:28:23.153 [JavaFX Application Thread] DEBUG Input                - Clearing active input actions
20:28:23.153 [JavaFX Application Thread] DEBUG GameApplicationServi - Removing overlay from GameScene and adding to DialogSubScene
20:28:23.153 [JavaFX Application Thread] DEBUG PrimaryStageWindow   - GameScene -> DialogSubScene
20:28:24.030 [JavaFX Application Thread] DEBUG PrimaryStageWindow   - Pop state: DialogSubScene
20:28:24.030 [JavaFX Application Thread] DEBUG Input                - Clearing active input actions
20:28:24.030 [JavaFX Application Thread] DEBUG GameApplicationServi - Removing overlay from DialogSubScene and adding to GameScene
20:28:24.030 [JavaFX Application Thread] DEBUG PrimaryStageWindow   - GameScene <- DialogSubScene
20:28:28.278 [JavaFX Application Thread] DEBUG PrimaryStageWindow   - Push state: DialogSubScene
20:28:28.278 [JavaFX Application Thread] DEBUG Input                - Clearing active input actions
20:28:28.278 [JavaFX Application Thread] DEBUG GameApplicationServi - Removing overlay from GameScene and adding to DialogSubScene
20:28:28.278 [JavaFX Application Thread] DEBUG PrimaryStageWindow   - GameScene -> DialogSubScene
20:28:29.085 [JavaFX Application Thread] DEBUG PrimaryStageWindow   - Pop state: DialogSubScene
20:28:29.085 [JavaFX Application Thread] DEBUG Input                - Clearing active input actions
20:28:29.086 [JavaFX Application Thread] DEBUG GameApplicationServi - Removing overlay from DialogSubScene and adding to GameScene
20:28:29.086 [JavaFX Application Thread] DEBUG PrimaryStageWindow   - GameScene <- DialogSubScene
20:28:29.236 [JavaFX Application Thread] WARN  FXGLAssetLoaderServi - Asset "/assets/textures/green_particle.png" was not found!
20:28:29.236 [JavaFX Application Thread] WARN  FXGLAssetLoaderServi - Failed to load IMAGE
20:28:31.461 [JavaFX Application Thread] WARN  FXGLAssetLoaderServi - Asset "/assets/textures/orange_particle.png" was not found!
20:28:31.461 [JavaFX Application Thread] WARN  FXGLAssetLoaderServi - Failed to load IMAGE
20:28:33.459 [JavaFX Application Thread] WARN  FXGLAssetLoaderServi - Asset "/assets/textures/orange_particle.png" was not found!
20:28:33.459 [JavaFX Application Thread] WARN  FXGLAssetLoaderServi - Failed to load IMAGE
20:28:34.164 [JavaFX Application Thread] WARN  FXGLAssetLoaderServi - Asset "/assets/textures/green_particle.png" was not found!
20:28:34.164 [JavaFX Application Thread] WARN  FXGLAssetLoaderServi - Failed to load IMAGE
20:28:35.482 [JavaFX Application Thread] WARN  FXGLAssetLoaderServi - Asset "/assets/textures/orange_particle.png" was not found!
20:28:35.483 [JavaFX Application Thread] WARN  FXGLAssetLoaderServi - Failed to load IMAGE
20:28:36.737 [JavaFX Application Thread] DEBUG PrimaryStageWindow   - Push state: DialogSubScene
20:28:36.738 [JavaFX Application Thread] DEBUG Input                - Clearing active input actions
20:28:36.738 [JavaFX Application Thread] DEBUG GameApplicationServi - Removing overlay from GameScene and adding to DialogSubScene
20:28:36.738 [JavaFX Application Thread] DEBUG PrimaryStageWindow   - GameScene -> DialogSubScene
20:28:37.904 [JavaFX Application Thread] DEBUG PrimaryStageWindow   - Pop state: DialogSubScene
20:28:37.904 [JavaFX Application Thread] DEBUG Input                - Clearing active input actions
20:28:37.904 [JavaFX Application Thread] DEBUG GameApplicationServi - Removing overlay from DialogSubScene and adding to GameScene
20:28:37.904 [JavaFX Application Thread] DEBUG PrimaryStageWindow   - GameScene <- DialogSubScene
20:28:37.905 [JavaFX Application Thread] WARN  FXGLAssetLoaderServi - Asset "/assets/textures/particles/spark.png" was not found!
20:28:37.905 [JavaFX Application Thread] WARN  FXGLAssetLoaderServi - Failed to load RESIZABLE_IMAGE
20:28:38.628 [JavaFX Application Thread] WARN  FXGLAssetLoaderServi - Asset "/assets/textures/orange_particle.png" was not found!
20:28:38.628 [JavaFX Application Thread] WARN  FXGLAssetLoaderServi - Failed to load IMAGE
20:28:40.197 [JavaFX Application Thread] WARN  FXGLAssetLoaderServi - Asset "/assets/textures/green_particle.png" was not found!
20:28:40.197 [JavaFX Application Thread] WARN  FXGLAssetLoaderServi - Failed to load IMAGE
20:28:40.463 [JavaFX Application Thread] WARN  FXGLAssetLoaderServi - Asset "/assets/textures/orange_particle.png" was not found!
20:28:40.463 [JavaFX Application Thread] WARN  FXGLAssetLoaderServi - Failed to load IMAGE
20:28:42.308 [JavaFX Application Thread] WARN  FXGLAssetLoaderServi - Asset "/assets/textures/orange_particle.png" was not found!
20:28:42.308 [JavaFX Application Thread] WARN  FXGLAssetLoaderServi - Failed to load IMAGE
20:28:44.303 [JavaFX Application Thread] WARN  FXGLAssetLoaderServi - Asset "/assets/textures/orange_particle.png" was not found!
20:28:44.303 [JavaFX Application Thread] WARN  FXGLAssetLoaderServi - Failed to load IMAGE
20:28:45.038 [JavaFX Application Thread] WARN  FXGLAssetLoaderServi - Asset "/assets/textures/green_particle.png" was not found!
20:28:45.038 [JavaFX Application Thread] WARN  FXGLAssetLoaderServi - Failed to load IMAGE
20:28:46.319 [JavaFX Application Thread] WARN  FXGLAssetLoaderServi - Asset "/assets/textures/orange_particle.png" was not found!
20:28:46.319 [JavaFX Application Thread] WARN  FXGLAssetLoaderServi - Failed to load IMAGE
20:28:47.973 [JavaFX Application Thread] DEBUG PrimaryStageWindow   - Push state: DialogSubScene
20:28:47.973 [JavaFX Application Thread] DEBUG Input                - Clearing active input actions
20:28:47.973 [JavaFX Application Thread] DEBUG GameApplicationServi - Removing overlay from GameScene and adding to DialogSubScene
20:28:47.973 [JavaFX Application Thread] DEBUG PrimaryStageWindow   - GameScene -> DialogSubScene
20:28:48.558 [JavaFX Application Thread] DEBUG PrimaryStageWindow   - Pop state: DialogSubScene
20:28:48.558 [JavaFX Application Thread] DEBUG Input                - Clearing active input actions
20:28:48.558 [JavaFX Application Thread] DEBUG GameApplicationServi - Removing overlay from DialogSubScene and adding to GameScene
20:28:48.558 [JavaFX Application Thread] DEBUG PrimaryStageWindow   - GameScene <- DialogSubScene
20:28:48.895 [JavaFX Application Thread] WARN  FXGLAssetLoaderServi - Asset "/assets/textures/orange_particle.png" was not found!
20:28:48.895 [JavaFX Application Thread] WARN  FXGLAssetLoaderServi - Failed to load IMAGE
20:28:50.571 [JavaFX Application Thread] WARN  FXGLAssetLoaderServi - Asset "/assets/textures/green_particle.png" was not found!
20:28:50.571 [JavaFX Application Thread] WARN  FXGLAssetLoaderServi - Failed to load IMAGE
20:28:50.864 [JavaFX Application Thread] WARN  FXGLAssetLoaderServi - Asset "/assets/textures/orange_particle.png" was not found!
20:28:50.864 [JavaFX Application Thread] WARN  FXGLAssetLoaderServi - Failed to load IMAGE
20:28:52.863 [JavaFX Application Thread] WARN  FXGLAssetLoaderServi - Asset "/assets/textures/orange_particle.png" was not found!
20:28:52.863 [JavaFX Application Thread] WARN  FXGLAssetLoaderServi - Failed to load IMAGE
20:28:53.122 [JavaFX Application Thread] WARN  FXGLAssetLoaderServi - Asset "/assets/textures/particles/spark.png" was not found!
20:28:53.122 [JavaFX Application Thread] WARN  FXGLAssetLoaderServi - Failed to load RESIZABLE_IMAGE
20:28:54.780 [JavaFX Application Thread] WARN  FXGLAssetLoaderServi - Asset "/assets/textures/particles/glassparticle.png" was not found!
20:28:54.780 [JavaFX Application Thread] WARN  FXGLAssetLoaderServi - Failed to load RESIZABLE_IMAGE
20:28:54.852 [JavaFX Application Thread] WARN  FXGLAssetLoaderServi - Asset "/assets/textures/orange_particle.png" was not found!
20:28:54.852 [JavaFX Application Thread] WARN  FXGLAssetLoaderServi - Failed to load IMAGE
20:28:55.550 [JavaFX Application Thread] WARN  FXGLAssetLoaderServi - Asset "/assets/textures/green_particle.png" was not found!
20:28:55.550 [JavaFX Application Thread] WARN  FXGLAssetLoaderServi - Failed to load IMAGE
20:28:56.869 [JavaFX Application Thread] WARN  FXGLAssetLoaderServi - Asset "/assets/textures/orange_particle.png" was not found!
20:28:56.869 [JavaFX Application Thread] WARN  FXGLAssetLoaderServi - Failed to load IMAGE
20:28:58.806 [JavaFX Application Thread] DEBUG PrimaryStageWindow   - Push state: DialogSubScene
20:28:58.806 [JavaFX Application Thread] DEBUG Input                - Clearing active input actions
20:28:58.806 [JavaFX Application Thread] DEBUG GameApplicationServi - Removing overlay from GameScene and adding to DialogSubScene
20:28:58.806 [JavaFX Application Thread] DEBUG PrimaryStageWindow   - GameScene -> DialogSubScene
20:28:59.460 [JavaFX Application Thread] DEBUG PrimaryStageWindow   - Pop state: DialogSubScene
20:28:59.460 [JavaFX Application Thread] DEBUG Input                - Clearing active input actions
20:28:59.460 [JavaFX Application Thread] DEBUG GameApplicationServi - Removing overlay from DialogSubScene and adding to GameScene
20:28:59.460 [JavaFX Application Thread] DEBUG PrimaryStageWindow   - GameScene <- DialogSubScene
20:28:59.519 [JavaFX Application Thread] WARN  FXGLAssetLoaderServi - Asset "/assets/textures/orange_particle.png" was not found!
20:28:59.519 [JavaFX Application Thread] WARN  FXGLAssetLoaderServi - Failed to load IMAGE
20:29:01.259 [JavaFX Application Thread] WARN  FXGLAssetLoaderServi - Asset "/assets/textures/green_particle.png" was not found!
20:29:01.259 [JavaFX Application Thread] WARN  FXGLAssetLoaderServi - Failed to load IMAGE
20:29:01.567 [JavaFX Application Thread] WARN  FXGLAssetLoaderServi - Asset "/assets/textures/orange_particle.png" was not found!
20:29:01.567 [JavaFX Application Thread] WARN  FXGLAssetLoaderServi - Failed to load IMAGE
20:29:03.524 [JavaFX Application Thread] WARN  FXGLAssetLoaderServi - Asset "/assets/textures/orange_particle.png" was not found!
20:29:03.524 [JavaFX Application Thread] WARN  FXGLAssetLoaderServi - Failed to load IMAGE
20:29:05.551 [JavaFX Application Thread] WARN  FXGLAssetLoaderServi - Asset "/assets/textures/orange_particle.png" was not found!
20:29:05.551 [JavaFX Application Thread] WARN  FXGLAssetLoaderServi - Failed to load IMAGE
20:29:06.245 [JavaFX Application Thread] WARN  FXGLAssetLoaderServi - Asset "/assets/textures/green_particle.png" was not found!
20:29:06.245 [JavaFX Application Thread] WARN  FXGLAssetLoaderServi - Failed to load IMAGE
20:29:07.545 [JavaFX Application Thread] WARN  FXGLAssetLoaderServi - Asset "/assets/textures/orange_particle.png" was not found!
20:29:07.546 [JavaFX Application Thread] WARN  FXGLAssetLoaderServi - Failed to load IMAGE
20:29:08.789 [JavaFX Application Thread] WARN  FXGLAssetLoaderServi - Asset "/assets/textures/particles/spark.png" was not found!
20:29:08.789 [JavaFX Application Thread] WARN  FXGLAssetLoaderServi - Failed to load RESIZABLE_IMAGE
20:29:09.541 [JavaFX Application Thread] WARN  FXGLAssetLoaderServi - Asset "/assets/textures/orange_particle.png" was not found!
20:29:09.541 [JavaFX Application Thread] WARN  FXGLAssetLoaderServi - Failed to load IMAGE
20:29:11.220 [JavaFX Application Thread] WARN  FXGLAssetLoaderServi - Asset "/assets/textures/green_particle.png" was not found!
20:29:11.220 [JavaFX Application Thread] WARN  FXGLAssetLoaderServi - Failed to load IMAGE
20:29:11.538 [JavaFX Application Thread] WARN  FXGLAssetLoaderServi - Asset "/assets/textures/orange_particle.png" was not found!
20:29:11.538 [JavaFX Application Thread] WARN  FXGLAssetLoaderServi - Failed to load IMAGE
20:29:13.373 [JavaFX Application Thread] DEBUG PrimaryStageWindow   - Push state: DialogSubScene
20:29:13.373 [JavaFX Application Thread] DEBUG Input                - Clearing active input actions
20:29:13.373 [JavaFX Application Thread] DEBUG GameApplicationServi - Removing overlay from GameScene and adding to DialogSubScene
20:29:13.373 [JavaFX Application Thread] DEBUG PrimaryStageWindow   - GameScene -> DialogSubScene
20:29:13.948 [JavaFX Application Thread] DEBUG PrimaryStageWindow   - Pop state: DialogSubScene
20:29:13.948 [JavaFX Application Thread] DEBUG Input                - Clearing active input actions
20:29:13.949 [JavaFX Application Thread] DEBUG GameApplicationServi - Removing overlay from DialogSubScene and adding to GameScene
20:29:13.949 [JavaFX Application Thread] DEBUG PrimaryStageWindow   - GameScene <- DialogSubScene
20:29:14.125 [JavaFX Application Thread] WARN  FXGLAssetLoaderServi - Asset "/assets/textures/orange_particle.png" was not found!
20:29:14.125 [JavaFX Application Thread] WARN  FXGLAssetLoaderServi - Failed to load IMAGE
20:29:16.117 [JavaFX Application Thread] WARN  FXGLAssetLoaderServi - Asset "/assets/textures/orange_particle.png" was not found!
20:29:16.117 [JavaFX Application Thread] WARN  FXGLAssetLoaderServi - Failed to load IMAGE
20:29:16.819 [JavaFX Application Thread] WARN  FXGLAssetLoaderServi - Asset "/assets/textures/green_particle.png" was not found!
20:29:16.819 [JavaFX Application Thread] WARN  FXGLAssetLoaderServi - Failed to load IMAGE
20:29:16.981 [JavaFX Application Thread] WARN  FXGLAssetLoaderServi - Asset "/assets/textures/particles/glassparticle.png" was not found!
20:29:16.981 [JavaFX Application Thread] WARN  FXGLAssetLoaderServi - Failed to load RESIZABLE_IMAGE
20:29:18.132 [JavaFX Application Thread] WARN  FXGLAssetLoaderServi - Asset "/assets/textures/orange_particle.png" was not found!
20:29:18.132 [JavaFX Application Thread] WARN  FXGLAssetLoaderServi - Failed to load IMAGE
20:29:20.109 [JavaFX Application Thread] WARN  FXGLAssetLoaderServi - Asset "/assets/textures/orange_particle.png" was not found!
20:29:20.109 [JavaFX Application Thread] WARN  FXGLAssetLoaderServi - Failed to load IMAGE
20:29:21.797 [JavaFX Application Thread] WARN  FXGLAssetLoaderServi - Asset "/assets/textures/green_particle.png" was not found!
20:29:21.797 [JavaFX Application Thread] WARN  FXGLAssetLoaderServi - Failed to load IMAGE
20:29:22.117 [JavaFX Application Thread] WARN  FXGLAssetLoaderServi - Asset "/assets/textures/orange_particle.png" was not found!
20:29:22.117 [JavaFX Application Thread] WARN  FXGLAssetLoaderServi - Failed to load IMAGE
20:29:24.116 [JavaFX Application Thread] WARN  FXGLAssetLoaderServi - Asset "/assets/textures/orange_particle.png" was not found!
20:29:24.116 [JavaFX Application Thread] WARN  FXGLAssetLoaderServi - Failed to load IMAGE
20:29:24.342 [JavaFX Application Thread] WARN  FXGLAssetLoaderServi - Asset "/assets/textures/particles/spark.png" was not found!
20:29:24.342 [JavaFX Application Thread] WARN  FXGLAssetLoaderServi - Failed to load RESIZABLE_IMAGE
20:29:26.132 [JavaFX Application Thread] WARN  FXGLAssetLoaderServi - Asset "/assets/textures/orange_particle.png" was not found!
20:29:26.132 [JavaFX Application Thread] WARN  FXGLAssetLoaderServi - Failed to load IMAGE
20:29:26.819 [JavaFX Application Thread] WARN  FXGLAssetLoaderServi - Asset "/assets/textures/green_particle.png" was not found!
20:29:26.820 [JavaFX Application Thread] WARN  FXGLAssetLoaderServi - Failed to load IMAGE
20:29:28.132 [JavaFX Application Thread] WARN  FXGLAssetLoaderServi - Asset "/assets/textures/orange_particle.png" was not found!
20:29:28.132 [JavaFX Application Thread] WARN  FXGLAssetLoaderServi - Failed to load IMAGE
20:29:28.704 [JavaFX Application Thread] DEBUG PrimaryStageWindow   - Push state: DialogSubScene
20:29:28.704 [JavaFX Application Thread] DEBUG Input                - Clearing active input actions
20:29:28.704 [JavaFX Application Thread] DEBUG GameApplicationServi - Removing overlay from GameScene and adding to DialogSubScene
20:29:28.704 [JavaFX Application Thread] DEBUG PrimaryStageWindow   - GameScene -> DialogSubScene
20:29:29.354 [JavaFX Application Thread] DEBUG PrimaryStageWindow   - Pop state: DialogSubScene
20:29:29.354 [JavaFX Application Thread] DEBUG Input                - Clearing active input actions
20:29:29.354 [JavaFX Application Thread] DEBUG GameApplicationServi - Removing overlay from DialogSubScene and adding to GameScene
20:29:29.354 [JavaFX Application Thread] DEBUG PrimaryStageWindow   - GameScene <- DialogSubScene
20:29:29.438 [JavaFX Application Thread] WARN  FXGLAssetLoaderServi - Asset "/assets/textures/particles/glassparticle.png" was not found!
20:29:29.438 [JavaFX Application Thread] WARN  FXGLAssetLoaderServi - Failed to load RESIZABLE_IMAGE
20:29:30.812 [JavaFX Application Thread] WARN  FXGLAssetLoaderServi - Asset "/assets/textures/orange_particle.png" was not found!
20:29:30.812 [JavaFX Application Thread] WARN  FXGLAssetLoaderServi - Failed to load IMAGE
20:29:32.458 [JavaFX Application Thread] WARN  FXGLAssetLoaderServi - Asset "/assets/textures/green_particle.png" was not found!
20:29:32.459 [JavaFX Application Thread] WARN  FXGLAssetLoaderServi - Failed to load IMAGE
20:29:32.801 [JavaFX Application Thread] WARN  FXGLAssetLoaderServi - Asset "/assets/textures/orange_particle.png" was not found!
20:29:32.801 [JavaFX Application Thread] WARN  FXGLAssetLoaderServi - Failed to load IMAGE
20:29:34.798 [JavaFX Application Thread] WARN  FXGLAssetLoaderServi - Asset "/assets/textures/orange_particle.png" was not found!
20:29:34.798 [JavaFX Application Thread] WARN  FXGLAssetLoaderServi - Failed to load IMAGE
20:29:36.809 [JavaFX Application Thread] WARN  FXGLAssetLoaderServi - Asset "/assets/textures/orange_particle.png" was not found!
20:29:36.809 [JavaFX Application Thread] WARN  FXGLAssetLoaderServi - Failed to load IMAGE
20:29:37.470 [JavaFX Application Thread] WARN  FXGLAssetLoaderServi - Asset "/assets/textures/green_particle.png" was not found!
20:29:37.470 [JavaFX Application Thread] WARN  FXGLAssetLoaderServi - Failed to load IMAGE
20:29:38.819 [JavaFX Application Thread] WARN  FXGLAssetLoaderServi - Asset "/assets/textures/orange_particle.png" was not found!
20:29:38.819 [JavaFX Application Thread] WARN  FXGLAssetLoaderServi - Failed to load IMAGE
20:29:40.014 [JavaFX Application Thread] WARN  FXGLAssetLoaderServi - Asset "/assets/textures/particles/spark.png" was not found!
20:29:40.014 [JavaFX Application Thread] WARN  FXGLAssetLoaderServi - Failed to load RESIZABLE_IMAGE
20:29:40.819 [JavaFX Application Thread] WARN  FXGLAssetLoaderServi - Asset "/assets/textures/orange_particle.png" was not found!
20:29:40.819 [JavaFX Application Thread] WARN  FXGLAssetLoaderServi - Failed to load IMAGE
20:29:42.473 [JavaFX Application Thread] WARN  FXGLAssetLoaderServi - Asset "/assets/textures/green_particle.png" was not found!
20:29:42.473 [JavaFX Application Thread] WARN  FXGLAssetLoaderServi - Failed to load IMAGE
20:29:42.843 [JavaFX Application Thread] WARN  FXGLAssetLoaderServi - Asset "/assets/textures/orange_particle.png" was not found!
20:29:42.843 [JavaFX Application Thread] WARN  FXGLAssetLoaderServi - Failed to load IMAGE
20:29:44.818 [JavaFX Application Thread] WARN  FXGLAssetLoaderServi - Asset "/assets/textures/orange_particle.png" was not found!
20:29:44.818 [JavaFX Application Thread] WARN  FXGLAssetLoaderServi - Failed to load IMAGE
20:29:45.679 [JavaFX Application Thread] WARN  FXGLAssetLoaderServi - Asset "/assets/textures/particles/glassparticle.png" was not found!
20:29:45.679 [JavaFX Application Thread] WARN  FXGLAssetLoaderServi - Failed to load RESIZABLE_IMAGE
20:29:46.876 [JavaFX Application Thread] WARN  FXGLAssetLoaderServi - Asset "/assets/textures/orange_particle.png" was not found!
20:29:46.876 [JavaFX Application Thread] WARN  FXGLAssetLoaderServi - Failed to load IMAGE
20:29:47.540 [JavaFX Application Thread] WARN  FXGLAssetLoaderServi - Asset "/assets/textures/green_particle.png" was not found!
20:29:47.540 [JavaFX Application Thread] WARN  FXGLAssetLoaderServi - Failed to load IMAGE
20:29:48.833 [JavaFX Application Thread] WARN  FXGLAssetLoaderServi - Asset "/assets/textures/orange_particle.png" was not found!
20:29:48.833 [JavaFX Application Thread] WARN  FXGLAssetLoaderServi - Failed to load IMAGE
20:29:50.524 [JavaFX Application Thread] DEBUG LoopRunner           - Pausing loop
20:29:51.659 [JavaFX Application Thread] DEBUG LoopRunner           - Resuming loop
20:29:51.660 [JavaFX Application Thread] DEBUG GameWorld            - Game world initialized
20:29:51.660 [JavaFX Application Thread] DEBUG PhysicsWorld         - Physics world initialized: appHeight=720, physics.ppm=50.0
20:29:51.660 [JavaFX Application Thread] DEBUG PhysicsWorld         - Using strategy: BRUTE_FORCE
20:29:51.661 [JavaFX Application Thread] DEBUG GameScene            - Game scene initialized: 1280x720
20:29:51.667 [JavaFX Application Thread] DEBUG PrimaryStageWindow   - Push state: MainMenuScene
20:29:51.669 [JavaFX Application Thread] DEBUG Input                - Clearing active input actions
20:29:51.670 [JavaFX Application Thread] DEBUG GameApplicationServi - Removing overlay from GameScene and adding to MainMenuScene
20:29:51.670 [JavaFX Application Thread] DEBUG PrimaryStageWindow   - GameScene -> MainMenuScene
20:29:52.561 [JavaFX Application Thread] DEBUG FXGLApplication      - Exiting FXGL
20:29:52.561 [JavaFX Application Thread] DEBUG LoopRunner           - Stopping loop
20:29:52.561 [JavaFX Application Thread] DEBUG SystemBundleService  - Saving FXGL system data
20:29:52.562 [JavaFX Application Thread] DEBUG FileSystemAccess     - Writing to: F:\my files\School\2nd year 2nd sem\TheOnlyException\system\fxgl.bundle
20:29:52.984 [JavaFX Application Thread] DEBUG Async                - Shutting down background threads
20:29:52.984 [JavaFX Application Thread] DEBUG PrimaryStageWindow   - Closing main window
20:29:53.000 [JavaFX Application Thread] DEBUG Logger               - Closing Logger
