21:36:44.672 [main                     ] DEBUG Logger               - Configured Logger
21:36:44.675 [main                     ] DEBUG GameApplication      - Logging settings
Title: Prototype Game
Version: 0.1.5
Width: 1280
Height: 720
Fullscreen: false
Intro: false
Profiling: false
Single step:false
App Mode: DEVELOPER
Menu Key: ESCAPE
Stage Style: DECORATED
Scene Factory: class org.example.core.GameApp$1

21:36:44.791 [JavaFX Application Thread] DEBUG FXGLApplication      - Initializing FXGL
21:36:44.793 [JavaFX Application Thread] INFO  Engine               - FXGL-21+dev-SNAPSHOT (26.03.2024 19.46) on WINDOWS (J:24 FX:21.0.1)
21:36:44.793 [JavaFX Application Thread] DEBUG Engine               - JRE Vendor Name: Oracle Corporation
21:36:44.793 [JavaFX Application Thread] DEBUG Engine               - Running on OS: Windows 11 version 10.0
21:36:44.793 [JavaFX Application Thread] DEBUG Engine               - Architecture: amd64
21:36:44.793 [JavaFX Application Thread] INFO  Engine               - Source code and latest versions at: https://github.com/AlmasB/FXGL
21:36:44.793 [JavaFX Application Thread] INFO  Engine               -       Ask questions and discuss at: https://github.com/AlmasB/FXGL/discussions
21:36:44.793 [JavaFX Application Thread] INFO  Engine               -              Join the FXGL chat at: https://gitter.im/AlmasB/FXGL
21:36:44.878 [JavaFX Application Thread] DEBUG PrimaryStageWindow   - Creating a JavaFX scene
21:36:44.907 [JavaFX Application Thread] DEBUG PrimaryStageWindow   - Target settings size: 1280.0 x 720.0
21:36:44.907 [JavaFX Application Thread] DEBUG PrimaryStageWindow   - Scaled scene size:    1280.0 x 720.0
21:36:44.908 [JavaFX Application Thread] DEBUG PrimaryStageWindow   - Scaled ratio: (1.0, 1.0)
21:36:44.908 [JavaFX Application Thread] DEBUG PrimaryStageWindow   - Set initial scene to FXGLStartupScene
21:36:44.911 [JavaFX Application Thread] DEBUG PrimaryStageWindow   - Opening main window
21:36:44.994 [JavaFX Application Thread] DEBUG PrimaryStageWindow   - Window border size: (16.0, 39.0)
21:36:44.994 [JavaFX Application Thread] DEBUG PrimaryStageWindow   - Scaled size: 1280.0 x 720.0
21:36:44.994 [JavaFX Application Thread] DEBUG PrimaryStageWindow   - Scaled ratio: (1.0, 1.0)
21:36:44.994 [JavaFX Application Thread] DEBUG PrimaryStageWindow   - Scene size: 1280.0 x 720.0
21:36:44.995 [JavaFX Application Thread] DEBUG PrimaryStageWindow   - Stage size: 1296.0 x 759.0
21:36:45.000 [FXGL Background Thread 1 ] DEBUG Engine               - Initializing environment variables
21:36:45.046 [FXGL Background Thread 1 ] DEBUG FXGLAssetLoaderServi - User app class for loading assets: class org.example.core.GameApp
21:36:45.046 [FXGL Background Thread 1 ] DEBUG GameApplicationServi - Applying CSS: fxgl_dark.css
21:36:45.047 [FXGL Background Thread 1 ] DEBUG FXGLAssetLoaderServi - Loading from file system: jar:file:/C:/Users/primzcm/.m2/repository/com/github/almasb/fxgl/fxgl/21.1/fxgl-21.1.jar!/fxglassets/ui/css/fxgl_dark.css
21:36:45.086 [FXGL Background Thread 1 ] DEBUG GameApplicationServi - Initializing application scenes
21:36:45.107 [FXGL Background Thread 1 ] DEBUG GameWorld            - Game world initialized
21:36:45.149 [FXGL Background Thread 1 ] DEBUG PhysicsWorld         - Physics world initialized: appHeight=720, physics.ppm=50.0
21:36:45.149 [FXGL Background Thread 1 ] DEBUG PhysicsWorld         - Using strategy: BRUTE_FORCE
21:36:45.152 [FXGL Background Thread 1 ] DEBUG GameScene            - Game scene initialized: 1280x720
21:36:45.354 [FXGL Background Thread 1 ] DEBUG GameApplicationServi - Application scenes initialized
21:36:45.367 [FXGL Background Thread 1 ] DEBUG SystemBundleService  - Loading FXGL system data
21:36:45.370 [FXGL Background Thread 1 ] DEBUG FileSystemAccess     - Reading from: F:\my files\School\2nd year 2nd sem\TheOnlyException\system\fxgl.bundle
21:36:45.375 [FXGL Background Thread 1 ] DEBUG SystemBundleService  - Bundle FXGL: {}
21:36:45.375 [FXGL Background Thread 1 ] DEBUG UpdaterService       - Checking for updates
21:36:45.380 [FXGL Background Thread 4 ] DEBUG FXGLApplication      - Loading fonts
21:36:45.381 [FXGL Background Thread 4 ] DEBUG FXGLAssetLoaderServi - Loading from file system: jar:file:/C:/Users/primzcm/.m2/repository/com/github/almasb/fxgl/fxgl/21.1/fxgl-21.1.jar!/fxglassets/ui/fonts/VarelaRound-Regular.ttf
21:36:45.382 [FXGL Background Thread 1 ] DEBUG FXGLApplication      - Loading default localization
21:36:45.382 [FXGL Background Thread 1 ] DEBUG FXGLAssetLoaderServi - Loading from file system: jar:file:/C:/Users/primzcm/.m2/repository/com/github/almasb/fxgl/fxgl/21.1/fxgl-21.1.jar!/fxglassets/languages/english.lang
21:36:45.384 [FXGL Background Thread 4 ] DEBUG FXGLAssetLoaderServi - Loading from file system: jar:file:/C:/Users/primzcm/.m2/repository/com/github/almasb/fxgl/fxgl/21.1/fxgl-21.1.jar!/fxglassets/ui/fonts/Abel-Regular.ttf
21:36:45.385 [FXGL Background Thread 4 ] DEBUG FXGLAssetLoaderServi - Loading from file system: jar:file:/C:/Users/primzcm/.m2/repository/com/github/almasb/fxgl/fxgl/21.1/fxgl-21.1.jar!/fxglassets/ui/fonts/TerminalLandMono-Regular.otf
21:36:45.388 [FXGL Background Thread 4 ] DEBUG FXGLAssetLoaderServi - Loading from file system: jar:file:/C:/Users/primzcm/.m2/repository/com/github/almasb/fxgl/fxgl/21.1/fxgl-21.1.jar!/fxglassets/ui/fonts/Courier-Prime.ttf
21:36:45.394 [JavaFX Application Thread] DEBUG FXGLApplication      - Registering font factories with UI factory
21:36:45.404 [FXGL Background Thread 1 ] INFO  FXGLApplication      - FXGL initialization took: 0.404 sec
21:36:45.412 [JavaFX Application Thread] DEBUG Input                - Registered new binding: action0 - A
21:36:45.412 [JavaFX Application Thread] DEBUG Input                - Registered new binding: action1 - D
21:36:45.413 [JavaFX Application Thread] DEBUG Input                - Registered new binding: action2 - W
21:36:45.413 [JavaFX Application Thread] DEBUG Input                - Registered new binding: action3 - S
21:36:45.413 [JavaFX Application Thread] DEBUG FXGLAssetLoaderServi - Loading from file system: jar:file:/C:/Users/primzcm/.m2/repository/com/github/almasb/fxgl/fxgl/21.1/fxgl-21.1.jar!/fxglassets/textures/fxgl_icon.png
21:36:45.491 [JavaFX Application Thread] DEBUG FXGLAssetLoaderServi - Loading from file system: jar:file:/C:/Users/primzcm/.m2/repository/com/github/almasb/fxgl/fxgl/21.1/fxgl-21.1.jar!/fxglassets/textures/fxgl_default_cursor.png
21:36:45.495 [JavaFX Application Thread] DEBUG Input                - Registered new binding: Screenshot - CTRL+8
21:36:45.495 [JavaFX Application Thread] DEBUG Input                - Registered new binding: System info dump - CTRL+9
21:36:45.496 [JavaFX Application Thread] DEBUG Input                - Registered new binding: Restart - CTRL+R
21:36:45.497 [JavaFX Application Thread] DEBUG Input                - Registered new binding: Toggle Debug Camera - CTRL+7
21:36:45.501 [JavaFX Application Thread] DEBUG LoopRunner           - Starting loop
21:36:45.501 [JavaFX Application Thread] DEBUG LoopRunner           - Initializing JavaFX AnimationTimerLoop
21:36:45.503 [JavaFX Application Thread] DEBUG Input                - Clearing active input actions
21:36:45.509 [JavaFX Application Thread] DEBUG GameApplicationServi - Removing overlay from FXGLStartupScene and adding to FXGLMainMenuDummyScene
21:36:45.509 [JavaFX Application Thread] DEBUG PrimaryStageWindow   - FXGLStartupScene -> FXGLMainMenuDummyScene
21:36:45.509 [JavaFX Application Thread] DEBUG PrimaryStageWindow   - Push state: LoginScene
21:36:45.509 [JavaFX Application Thread] DEBUG Input                - Clearing active input actions
21:36:45.521 [JavaFX Application Thread] DEBUG GameApplicationServi - Removing overlay from FXGLMainMenuDummyScene and adding to LoginScene
21:36:45.521 [JavaFX Application Thread] DEBUG PrimaryStageWindow   - FXGLMainMenuDummyScene -> LoginScene
21:36:45.764 [FXGL Background Thread 2 ] INFO  UpdaterService       - Your current version:  21+dev-SNAPSHOT
21:36:45.764 [FXGL Background Thread 2 ] INFO  UpdaterService       - Latest stable version: 21.1
21:36:46.143 [JavaFX Application Thread] DEBUG FXGLApplication      - Exiting FXGL
21:36:46.143 [JavaFX Application Thread] DEBUG LoopRunner           - Stopping loop
21:36:46.143 [JavaFX Application Thread] DEBUG SystemBundleService  - Saving FXGL system data
21:36:46.145 [JavaFX Application Thread] DEBUG FileSystemAccess     - Writing to: F:\my files\School\2nd year 2nd sem\TheOnlyException\system\fxgl.bundle
21:36:46.211 [JavaFX Application Thread] DEBUG Async                - Shutting down background threads
21:36:46.211 [JavaFX Application Thread] DEBUG PrimaryStageWindow   - Closing main window
21:36:46.225 [JavaFX Application Thread] DEBUG Logger               - Closing Logger
