02:21:21.950 [main                     ] DEBUG Logger               - Configured Logger
02:21:21.961 [main                     ] DEBUG GameApplication      - Logging settings
Title: Prototype Game
Version: 0.1.5
Width: 1280
Height: 720
Fullscreen: false
Intro: false
Profiling: false
Single step:false
App Mode: DEVELOPER
Menu Key: ESCAPE
Stage Style: DECORATED
Scene Factory: class org.example.core.GameApp$1

02:21:22.933 [JavaFX Application Thread] DEBUG FXGLApplication      - Initializing FXGL
02:21:22.939 [JavaFX Application Thread] INFO  Engine               - FXGL-21+dev-SNAPSHOT (26.03.2024 21.04) on WINDOWS (J:24 FX:21.0.1)
02:21:22.939 [JavaFX Application Thread] DEBUG Engine               - JRE Vendor Name: Oracle Corporation
02:21:22.939 [JavaFX Application Thread] DEBUG Engine               - Running on OS: Windows 10 version 10.0
02:21:22.940 [JavaFX Application Thread] DEBUG Engine               - Architecture: amd64
02:21:22.940 [JavaFX Application Thread] INFO  Engine               - Source code and latest versions at: https://github.com/AlmasB/FXGL
02:21:22.940 [JavaFX Application Thread] INFO  Engine               -       Ask questions and discuss at: https://github.com/AlmasB/FXGL/discussions
02:21:22.940 [JavaFX Application Thread] INFO  Engine               -              Join the FXGL chat at: https://gitter.im/AlmasB/FXGL
02:21:23.178 [JavaFX Application Thread] DEBUG PrimaryStageWindow   - Creating a JavaFX scene
02:21:23.336 [JavaFX Application Thread] DEBUG PrimaryStageWindow   - Target settings size: 1280.0 x 720.0
02:21:23.337 [JavaFX Application Thread] DEBUG PrimaryStageWindow   - Scaled scene size:    1280.0 x 720.0
02:21:23.337 [JavaFX Application Thread] DEBUG PrimaryStageWindow   - Scaled ratio: (1.0, 1.0)
02:21:23.339 [JavaFX Application Thread] DEBUG PrimaryStageWindow   - Set initial scene to FXGLStartupScene
02:21:23.347 [JavaFX Application Thread] DEBUG PrimaryStageWindow   - Opening main window
02:21:23.543 [JavaFX Application Thread] DEBUG PrimaryStageWindow   - Window border size: (16.0, 39.0)
02:21:23.544 [JavaFX Application Thread] DEBUG PrimaryStageWindow   - Scaled size: 1280.0 x 720.0
02:21:23.544 [JavaFX Application Thread] DEBUG PrimaryStageWindow   - Scaled ratio: (1.0, 1.0)
02:21:23.544 [JavaFX Application Thread] DEBUG PrimaryStageWindow   - Scene size: 1280.0 x 720.0
02:21:23.545 [JavaFX Application Thread] DEBUG PrimaryStageWindow   - Stage size: 1296.0 x 759.0
02:21:23.561 [FXGL Background Thread 1 ] DEBUG Engine               - Initializing environment variables
02:21:23.688 [FXGL Background Thread 1 ] DEBUG FXGLAssetLoaderServi - User app class for loading assets: class org.example.core.GameApp
02:21:23.688 [FXGL Background Thread 1 ] DEBUG GameApplicationServi - Applying CSS: fxgl_dark.css
02:21:23.690 [FXGL Background Thread 1 ] DEBUG FXGLAssetLoaderServi - Loading from file system: jar:file:/C:/Users/kurtd/.m2/repository/com/github/AlmasB/FXGL/fxgl/21.1/fxgl-21.1.jar!/fxglassets/ui/css/fxgl_dark.css
02:21:23.781 [FXGL Background Thread 1 ] DEBUG GameApplicationServi - Initializing application scenes
02:21:23.889 [FXGL Background Thread 1 ] DEBUG GameWorld            - Game world initialized
02:21:23.978 [FXGL Background Thread 1 ] DEBUG PhysicsWorld         - Physics world initialized: appHeight=720, physics.ppm=50.0
02:21:23.978 [FXGL Background Thread 1 ] DEBUG PhysicsWorld         - Using strategy: BRUTE_FORCE
02:21:23.984 [FXGL Background Thread 1 ] DEBUG GameScene            - Game scene initialized: 1280x720
02:21:24.758 [FXGL Background Thread 1 ] DEBUG GameApplicationServi - Application scenes initialized
02:21:24.796 [FXGL Background Thread 1 ] DEBUG SystemBundleService  - Loading FXGL system data
02:21:24.816 [FXGL Background Thread 1 ] DEBUG FileSystemAccess     - Reading from: C:\Users\kurtd\IdeaProjects\TheOnlyException\system\fxgl.bundle
02:21:24.826 [FXGL Background Thread 1 ] DEBUG SystemBundleService  - Bundle FXGL: {}
02:21:24.827 [FXGL Background Thread 1 ] DEBUG UpdaterService       - Checking for updates
02:21:24.841 [FXGL Background Thread 4 ] DEBUG FXGLApplication      - Loading fonts
02:21:24.841 [FXGL Background Thread 4 ] DEBUG FXGLAssetLoaderServi - Loading from file system: jar:file:/C:/Users/kurtd/.m2/repository/com/github/AlmasB/FXGL/fxgl-samples/21.1/fxgl-samples-21.1.jar!/assets/ui/fonts/VarelaRound-Regular.ttf
02:21:24.841 [FXGL Background Thread 1 ] DEBUG FXGLApplication      - Loading default localization
02:21:24.842 [FXGL Background Thread 1 ] DEBUG FXGLAssetLoaderServi - Loading from file system: jar:file:/C:/Users/kurtd/.m2/repository/com/github/AlmasB/FXGL/fxgl/21.1/fxgl-21.1.jar!/fxglassets/languages/english.lang
02:21:24.885 [FXGL Background Thread 1 ] INFO  FXGLApplication      - FXGL initialization took: 1.324 sec
02:21:24.900 [JavaFX Application Thread] DEBUG Input                - Registered new binding: action0 - A
02:21:24.901 [JavaFX Application Thread] DEBUG Input                - Registered new binding: action1 - D
02:21:24.902 [JavaFX Application Thread] DEBUG Input                - Registered new binding: action2 - W
02:21:24.903 [JavaFX Application Thread] DEBUG Input                - Registered new binding: action3 - S
02:21:24.906 [JavaFX Application Thread] DEBUG FXGLAssetLoaderServi - Loading from file system: jar:file:/C:/Users/kurtd/.m2/repository/com/github/AlmasB/FXGL/fxgl/21.1/fxgl-21.1.jar!/fxglassets/textures/fxgl_icon.png
02:21:24.972 [FXGL Background Thread 4 ] DEBUG FXGLAssetLoaderServi - Loading from file system: jar:file:/C:/Users/kurtd/.m2/repository/com/github/AlmasB/FXGL/fxgl/21.1/fxgl-21.1.jar!/fxglassets/ui/fonts/Abel-Regular.ttf
02:21:24.996 [FXGL Background Thread 4 ] DEBUG FXGLAssetLoaderServi - Loading from file system: jar:file:/C:/Users/kurtd/.m2/repository/com/github/AlmasB/FXGL/fxgl/21.1/fxgl-21.1.jar!/fxglassets/ui/fonts/TerminalLandMono-Regular.otf
02:21:25.016 [FXGL Background Thread 4 ] DEBUG FXGLAssetLoaderServi - Loading from file system: jar:file:/C:/Users/kurtd/.m2/repository/com/github/AlmasB/FXGL/fxgl/21.1/fxgl-21.1.jar!/fxglassets/ui/fonts/Courier-Prime.ttf
02:21:25.122 [JavaFX Application Thread] DEBUG FXGLAssetLoaderServi - Loading from file system: jar:file:/C:/Users/kurtd/.m2/repository/com/github/AlmasB/FXGL/fxgl/21.1/fxgl-21.1.jar!/fxglassets/textures/fxgl_default_cursor.png
02:21:25.160 [JavaFX Application Thread] DEBUG Input                - Registered new binding: Screenshot - CTRL+8
02:21:25.168 [JavaFX Application Thread] DEBUG Input                - Registered new binding: System info dump - CTRL+9
02:21:25.169 [JavaFX Application Thread] DEBUG Input                - Registered new binding: Restart - CTRL+R
02:21:25.170 [JavaFX Application Thread] DEBUG Input                - Registered new binding: Toggle Debug Camera - CTRL+7
02:21:25.176 [JavaFX Application Thread] DEBUG LoopRunner           - Starting loop
02:21:25.176 [JavaFX Application Thread] DEBUG LoopRunner           - Initializing JavaFX AnimationTimerLoop
02:21:25.181 [JavaFX Application Thread] DEBUG Input                - Clearing active input actions
02:21:25.197 [JavaFX Application Thread] DEBUG GameApplicationServi - Removing overlay from FXGLStartupScene and adding to FXGLMainMenuDummyScene
02:21:25.198 [JavaFX Application Thread] DEBUG PrimaryStageWindow   - FXGLStartupScene -> FXGLMainMenuDummyScene
02:21:25.198 [JavaFX Application Thread] DEBUG PrimaryStageWindow   - Push state: LoginScene
02:21:25.199 [JavaFX Application Thread] DEBUG Input                - Clearing active input actions
02:21:25.226 [JavaFX Application Thread] DEBUG GameApplicationServi - Removing overlay from FXGLMainMenuDummyScene and adding to LoginScene
02:21:25.226 [JavaFX Application Thread] DEBUG PrimaryStageWindow   - FXGLMainMenuDummyScene -> LoginScene
02:21:25.620 [JavaFX Application Thread] DEBUG FXGLApplication      - Registering font factories with UI factory
02:21:26.067 [FXGL Background Thread 2 ] INFO  UpdaterService       - Your current version:  21+dev-SNAPSHOT
02:21:26.068 [FXGL Background Thread 2 ] INFO  UpdaterService       - Latest stable version: 21.1
02:21:27.836 [FXGL Background Thread 3 ] DEBUG Engine               - Logging environment variables
02:21:27.836 [FXGL Background Thread 3 ] DEBUG Engine               - achievements: []
02:21:27.837 [FXGL Background Thread 3 ] DEBUG Engine               - actualHeight: 720.0
02:21:27.837 [FXGL Background Thread 3 ] DEBUG Engine               - actualHeightProperty: ReadOnlyDoubleProperty [value: 720.0]
02:21:27.838 [FXGL Background Thread 3 ] DEBUG Engine               - actualWidth: 1280.0
02:21:27.838 [FXGL Background Thread 3 ] DEBUG Engine               - actualWidthProperty: ReadOnlyDoubleProperty [value: 1280.0]
02:21:27.838 [FXGL Background Thread 3 ] DEBUG Engine               - appIcon: fxgl_icon.png
02:21:27.841 [FXGL Background Thread 3 ] DEBUG Engine               - applicationMode: DEVELOPER
02:21:27.842 [FXGL Background Thread 3 ] DEBUG Engine               - cSSList: [fxgl_dark.css]
02:21:27.842 [FXGL Background Thread 3 ] DEBUG Engine               - collisionDetectionStrategy: BRUTE_FORCE
02:21:27.842 [FXGL Background Thread 3 ] DEBUG Engine               - configClass: Optional.empty
02:21:27.842 [FXGL Background Thread 3 ] DEBUG Engine               - credits: []
02:21:27.848 [FXGL Background Thread 3 ] DEBUG Engine               - defaultCursor: CursorInfo(imageName=fxgl_default_cursor.png, hotspotX=7.0, hotspotY=6.0)
02:21:27.849 [FXGL Background Thread 3 ] DEBUG Engine               - devBBoxColorProperty: ObjectProperty [value: 0xff0000ff]
02:21:27.849 [FXGL Background Thread 3 ] DEBUG Engine               - devEnableDebugCameraProperty: BooleanProperty [value: false]
02:21:27.852 [FXGL Background Thread 3 ] DEBUG Engine               - devSensorColorProperty: ObjectProperty [value: 0xffff00ff]
02:21:27.852 [FXGL Background Thread 3 ] DEBUG Engine               - devShowBBoxProperty: BooleanProperty [value: false]
02:21:27.852 [FXGL Background Thread 3 ] DEBUG Engine               - devShowPositionProperty: BooleanProperty [value: false]
02:21:27.853 [FXGL Background Thread 3 ] DEBUG Engine               - enabledMenuItems: []
02:21:27.853 [FXGL Background Thread 3 ] DEBUG Engine               - engineServices: [class com.almasb.fxgl.app.services.FXGLAssetLoaderService, class com.almasb.fxgl.app.FXGLApplication$GameApplicationService, class com.almasb.fxgl.app.services.FXGLDialogService, class com.almasb.fxgl.app.services.IOTaskExecutorService, class com.almasb.fxgl.io.FileSystemService, class com.almasb.fxgl.localization.LocalizationService, class com.almasb.fxgl.app.services.SystemBundleService, class com.almasb.fxgl.profile.SaveLoadService, class com.almasb.fxgl.ui.FXGLUIFactoryServiceProvider, class com.almasb.fxgl.ui.FXGLDialogFactoryServiceProvider, class com.almasb.fxgl.audio.AudioPlayer, class com.almasb.fxgl.notification.impl.NotificationServiceProvider, class com.almasb.fxgl.achievement.AchievementService, class com.almasb.fxgl.cutscene.CutsceneService, class com.almasb.fxgl.minigames.MiniGameService, class com.almasb.fxgl.net.NetService, class com.almasb.fxgl.app.services.UpdaterService, class com.almasb.fxgl.dev.DevService]
02:21:27.854 [FXGL Background Thread 3 ] DEBUG Engine               - fontGame: Abel-Regular.ttf
02:21:27.854 [FXGL Background Thread 3 ] DEBUG Engine               - fontMono: TerminalLandMono-Regular.otf
02:21:27.854 [FXGL Background Thread 3 ] DEBUG Engine               - fontSizeScaleUI: 1.0
02:21:27.854 [FXGL Background Thread 3 ] DEBUG Engine               - fontText: Courier-Prime.ttf
02:21:27.854 [FXGL Background Thread 3 ] DEBUG Engine               - fontUI: VarelaRound-Regular.ttf
02:21:27.854 [FXGL Background Thread 3 ] DEBUG Engine               - fullScreen: BooleanProperty [value: false]
02:21:27.854 [FXGL Background Thread 3 ] DEBUG Engine               - gameDifficulty: MEDIUM
02:21:27.854 [FXGL Background Thread 3 ] DEBUG Engine               - gameDifficultyProperty: ObjectProperty [value: MEDIUM]
02:21:27.854 [FXGL Background Thread 3 ] DEBUG Engine               - globalMusicVolume: 0.5
02:21:27.854 [FXGL Background Thread 3 ] DEBUG Engine               - globalMusicVolumeProperty: DoubleProperty [value: 0.5]
02:21:27.854 [FXGL Background Thread 3 ] DEBUG Engine               - globalSoundVolume: 0.5
02:21:27.854 [FXGL Background Thread 3 ] DEBUG Engine               - globalSoundVolumeProperty: DoubleProperty [value: 0.5]
02:21:27.854 [FXGL Background Thread 3 ] DEBUG Engine               - height: 720
02:21:27.854 [FXGL Background Thread 3 ] DEBUG Engine               - is3D: false
02:21:27.855 [FXGL Background Thread 3 ] DEBUG Engine               - isAndroid: false
02:21:27.855 [FXGL Background Thread 3 ] DEBUG Engine               - isBrowser: false
02:21:27.855 [FXGL Background Thread 3 ] DEBUG Engine               - isClickFeedbackEnabled: false
02:21:27.855 [FXGL Background Thread 3 ] DEBUG Engine               - isCloseConfirmation: false
02:21:27.855 [FXGL Background Thread 3 ] DEBUG Engine               - isDesktop: true
02:21:27.855 [FXGL Background Thread 3 ] DEBUG Engine               - isDeveloperMenuEnabled: false
02:21:27.855 [FXGL Background Thread 3 ] DEBUG Engine               - isEmbedded: false
02:21:27.855 [FXGL Background Thread 3 ] DEBUG Engine               - isEntityPreloadEnabled: true
02:21:27.855 [FXGL Background Thread 3 ] DEBUG Engine               - isExperimentalTiledLargeMap: false
02:21:27.855 [FXGL Background Thread 3 ] DEBUG Engine               - isFileSystemWriteAllowed: true
02:21:27.855 [FXGL Background Thread 3 ] DEBUG Engine               - isFullScreenAllowed: false
02:21:27.855 [FXGL Background Thread 3 ] DEBUG Engine               - isFullScreenFromStart: false
02:21:27.855 [FXGL Background Thread 3 ] DEBUG Engine               - isGameMenuEnabled: false
02:21:27.855 [FXGL Background Thread 3 ] DEBUG Engine               - isIOS: false
02:21:27.855 [FXGL Background Thread 3 ] DEBUG Engine               - isIntroEnabled: false
02:21:27.855 [FXGL Background Thread 3 ] DEBUG Engine               - isLinux: false
02:21:27.855 [FXGL Background Thread 3 ] DEBUG Engine               - isMac: false
02:21:27.855 [FXGL Background Thread 3 ] DEBUG Engine               - isMainMenuEnabled: true
02:21:27.855 [FXGL Background Thread 3 ] DEBUG Engine               - isManualResizeEnabled: false
02:21:27.855 [FXGL Background Thread 3 ] DEBUG Engine               - isMobile: false
02:21:27.856 [FXGL Background Thread 3 ] DEBUG Engine               - isNative: false
02:21:27.856 [FXGL Background Thread 3 ] DEBUG Engine               - isPauseMusicWhenMinimized: true
02:21:27.856 [FXGL Background Thread 3 ] DEBUG Engine               - isPreserveResizeRatio: false
02:21:27.856 [FXGL Background Thread 3 ] DEBUG Engine               - isProfilingEnabled: false
02:21:27.856 [FXGL Background Thread 3 ] DEBUG Engine               - isScaleAffectedOnResize: true
02:21:27.856 [FXGL Background Thread 3 ] DEBUG Engine               - isSingleStep: false
02:21:27.856 [FXGL Background Thread 3 ] DEBUG Engine               - isUserProfileEnabled: false
02:21:27.856 [FXGL Background Thread 3 ] DEBUG Engine               - isWindows: true
02:21:27.856 [FXGL Background Thread 3 ] DEBUG Engine               - language: ObjectProperty [value: ENGLISH]
02:21:27.856 [FXGL Background Thread 3 ] DEBUG Engine               - menuKey: ESCAPE
02:21:27.856 [FXGL Background Thread 3 ] DEBUG Engine               - mouseSensitivity: 0.2
02:21:27.856 [FXGL Background Thread 3 ] DEBUG Engine               - notificationViewClass: class com.almasb.fxgl.notification.view.XboxNotificationView
02:21:27.856 [FXGL Background Thread 3 ] DEBUG Engine               - pixelsPerMeter: 50.0
02:21:27.856 [FXGL Background Thread 3 ] DEBUG Engine               - platform: WINDOWS
02:21:27.856 [FXGL Background Thread 3 ] DEBUG Engine               - prefHeightProperty: ReadOnlyDoubleProperty [value: 720.0]
02:21:27.856 [FXGL Background Thread 3 ] DEBUG Engine               - prefWidthProperty: ReadOnlyDoubleProperty [value: 1280.0]
02:21:27.856 [FXGL Background Thread 3 ] DEBUG Engine               - profileDir: profiles/
02:21:27.857 [FXGL Background Thread 3 ] DEBUG Engine               - profileName: StringProperty [value: DEFAULT]
02:21:27.857 [FXGL Background Thread 3 ] DEBUG Engine               - randomSeed: -1
02:21:27.858 [FXGL Background Thread 3 ] DEBUG Engine               - runtimeInfo: RuntimeInfo(platform=WINDOWS, version=21+dev-SNAPSHOT, build=26.03.2024 21.04)
02:21:27.858 [FXGL Background Thread 3 ] DEBUG Engine               - saveFileExt: sav
02:21:27.858 [FXGL Background Thread 3 ] DEBUG Engine               - scaledHeightProp$fxgl: DoubleProperty [bound, value: 720.0]
02:21:27.858 [FXGL Background Thread 3 ] DEBUG Engine               - scaledWidthProp$fxgl: DoubleProperty [bound, value: 1280.0]
02:21:27.858 [FXGL Background Thread 3 ] DEBUG Engine               - sceneFactory: org.example.core.GameApp$1@1bf55e17
02:21:27.858 [FXGL Background Thread 3 ] DEBUG Engine               - secondsIn24h: 60
02:21:27.858 [FXGL Background Thread 3 ] DEBUG Engine               - soundMenuBack: menu/back.wav
02:21:27.858 [FXGL Background Thread 3 ] DEBUG Engine               - soundMenuPress: menu/press.wav
02:21:27.858 [FXGL Background Thread 3 ] DEBUG Engine               - soundMenuSelect: menu/select.wav
02:21:27.858 [FXGL Background Thread 3 ] DEBUG Engine               - soundNotification: core/notification.wav
02:21:27.858 [FXGL Background Thread 3 ] DEBUG Engine               - stageStyle: DECORATED
02:21:27.858 [FXGL Background Thread 3 ] DEBUG Engine               - supportedLanguages: [ENGLISH, FRENCH, GERMAN, HUNGARIAN, RUSSIAN]
02:21:27.858 [FXGL Background Thread 3 ] DEBUG Engine               - ticksPerSecond: -1
02:21:27.858 [FXGL Background Thread 3 ] DEBUG Engine               - title: Prototype Game
02:21:27.858 [FXGL Background Thread 3 ] DEBUG Engine               - urlGithub: https://github.com/AlmasB/FXGL
02:21:27.858 [FXGL Background Thread 3 ] DEBUG Engine               - urlLeaderboard: http://fxgl-top.herokuapp.com/
02:21:27.859 [FXGL Background Thread 3 ] DEBUG Engine               - urlPOM: https://raw.githubusercontent.com/AlmasB/FXGL/release/README.md
02:21:27.859 [FXGL Background Thread 3 ] DEBUG Engine               - userAppClass: class org.example.core.GameApp
02:21:27.859 [FXGL Background Thread 3 ] DEBUG Engine               - version: 0.1.5
02:21:27.859 [FXGL Background Thread 3 ] DEBUG Engine               - versionCheckDays: 7
02:21:27.859 [FXGL Background Thread 3 ] DEBUG Engine               - width: 1280
02:21:27.859 [FXGL Background Thread 3 ] DEBUG Engine               - Logging services
02:21:27.859 [FXGL Background Thread 3 ] DEBUG Engine               - class com.almasb.fxgl.app.services.FXGLAssetLoaderService
02:21:27.859 [FXGL Background Thread 3 ] DEBUG Engine               - class com.almasb.fxgl.app.FXGLApplication$GameApplicationService
02:21:27.859 [FXGL Background Thread 3 ] DEBUG Engine               - class com.almasb.fxgl.app.services.FXGLDialogService
02:21:27.859 [FXGL Background Thread 3 ] DEBUG Engine               - class com.almasb.fxgl.app.services.IOTaskExecutorService
02:21:27.859 [FXGL Background Thread 3 ] DEBUG Engine               - class com.almasb.fxgl.io.FileSystemService
02:21:27.859 [FXGL Background Thread 3 ] DEBUG Engine               - class com.almasb.fxgl.localization.LocalizationService
02:21:27.859 [FXGL Background Thread 3 ] DEBUG Engine               - class com.almasb.fxgl.app.services.SystemBundleService
02:21:27.859 [FXGL Background Thread 3 ] DEBUG Engine               - class com.almasb.fxgl.profile.SaveLoadService
02:21:27.859 [FXGL Background Thread 3 ] DEBUG Engine               - class com.almasb.fxgl.ui.FXGLUIFactoryServiceProvider
02:21:27.859 [FXGL Background Thread 3 ] DEBUG Engine               - class com.almasb.fxgl.ui.FXGLDialogFactoryServiceProvider
02:21:27.859 [FXGL Background Thread 3 ] DEBUG Engine               - class com.almasb.fxgl.audio.AudioPlayer
02:21:27.859 [FXGL Background Thread 3 ] DEBUG Engine               - class com.almasb.fxgl.notification.impl.NotificationServiceProvider
02:21:27.859 [FXGL Background Thread 3 ] DEBUG Engine               - class com.almasb.fxgl.achievement.AchievementService
02:21:27.859 [FXGL Background Thread 3 ] DEBUG Engine               - class com.almasb.fxgl.cutscene.CutsceneService
02:21:27.859 [FXGL Background Thread 3 ] DEBUG Engine               - class com.almasb.fxgl.minigames.MiniGameService
02:21:27.859 [FXGL Background Thread 3 ] DEBUG Engine               - class com.almasb.fxgl.net.NetService
02:21:27.859 [FXGL Background Thread 3 ] DEBUG Engine               - class com.almasb.fxgl.app.services.UpdaterService
02:21:27.859 [FXGL Background Thread 3 ] DEBUG Engine               - class com.almasb.fxgl.dev.DevService
02:21:28.027 [JavaFX Application Thread] DEBUG GameWorld            - Game world initialized
02:21:28.028 [JavaFX Application Thread] DEBUG PhysicsWorld         - Physics world initialized: appHeight=720, physics.ppm=50.0
02:21:28.028 [JavaFX Application Thread] DEBUG PhysicsWorld         - Using strategy: BRUTE_FORCE
02:21:28.030 [JavaFX Application Thread] DEBUG GameScene            - Game scene initialized: 1280x720
02:21:28.070 [JavaFX Application Thread] DEBUG PrimaryStageWindow   - Push state: MainMenuScene
02:21:28.075 [JavaFX Application Thread] DEBUG Input                - Clearing active input actions
02:21:28.079 [JavaFX Application Thread] DEBUG GameApplicationServi - Removing overlay from LoginScene and adding to MainMenuScene
02:21:28.080 [JavaFX Application Thread] DEBUG PrimaryStageWindow   - LoginScene -> MainMenuScene
02:21:28.092 [JavaFX Application Thread] DEBUG GameWorld            - Game world initialized
02:21:28.093 [JavaFX Application Thread] DEBUG PhysicsWorld         - Physics world initialized: appHeight=720, physics.ppm=50.0
02:21:28.093 [JavaFX Application Thread] DEBUG PhysicsWorld         - Using strategy: BRUTE_FORCE
02:21:28.094 [JavaFX Application Thread] DEBUG GameScene            - Game scene initialized: 1280x720
02:21:28.121 [JavaFX Application Thread] DEBUG PrimaryStageWindow   - Push state: MainMenuScene
02:21:28.209 [JavaFX Application Thread] DEBUG Input                - Clearing active input actions
02:21:28.211 [JavaFX Application Thread] DEBUG GameApplicationServi - Removing overlay from MainMenuScene and adding to MainMenuScene
02:21:28.211 [JavaFX Application Thread] DEBUG PrimaryStageWindow   - MainMenuScene -> MainMenuScene
02:21:29.425 [JavaFX Application Thread] DEBUG GameApplicationServi - Starting new game
02:21:29.426 [JavaFX Application Thread] DEBUG PrimaryStageWindow   - Pop state: MainMenuScene
02:21:29.426 [JavaFX Application Thread] DEBUG Input                - Clearing active input actions
02:21:29.427 [JavaFX Application Thread] DEBUG GameApplicationServi - Removing overlay from MainMenuScene and adding to MainMenuScene
02:21:29.427 [JavaFX Application Thread] DEBUG PrimaryStageWindow   - MainMenuScene <- MainMenuScene
02:21:29.427 [JavaFX Application Thread] DEBUG PrimaryStageWindow   - Pop state: MainMenuScene
02:21:29.427 [JavaFX Application Thread] DEBUG Input                - Clearing active input actions
02:21:29.428 [JavaFX Application Thread] DEBUG GameApplicationServi - Removing overlay from MainMenuScene and adding to LoginScene
02:21:29.428 [JavaFX Application Thread] DEBUG PrimaryStageWindow   - LoginScene <- MainMenuScene
02:21:29.632 [JavaFX Application Thread] DEBUG PrimaryStageWindow   - Pop state: LoginScene
02:21:29.633 [JavaFX Application Thread] DEBUG Input                - Clearing active input actions
02:21:29.633 [JavaFX Application Thread] DEBUG GameApplicationServi - Removing overlay from LoginScene and adding to FXGLMainMenuDummyScene
02:21:29.633 [JavaFX Application Thread] DEBUG PrimaryStageWindow   - FXGLMainMenuDummyScene <- LoginScene
02:21:29.634 [JavaFX Application Thread] DEBUG Input                - Clearing active input actions
02:21:29.648 [JavaFX Application Thread] DEBUG GameApplicationServi - Removing overlay from FXGLMainMenuDummyScene and adding to FXGLLoadingScene
02:21:29.649 [JavaFX Application Thread] DEBUG PrimaryStageWindow   - FXGLMainMenuDummyScene -> FXGLLoadingScene
02:21:29.649 [JavaFX Application Thread] DEBUG GameApplicationServi - Clearing previous game
02:21:29.649 [JavaFX Application Thread] DEBUG GameScene            - Clearing game scene
02:21:29.649 [JavaFX Application Thread] DEBUG GameWorld            - Clearing game world
02:21:29.649 [JavaFX Application Thread] DEBUG PhysicsWorld         - Clearing physics world
02:21:29.654 [FXGL Background Thread 2 ] DEBUG FXGLApplication      - Initializing game
02:21:29.675 [FXGL Background Thread 2 ] DEBUG FXGLAssetLoaderServi - Loading from file system: file:/C:/Users/kurtd/IdeaProjects/TheOnlyException/Test/target/classes/assets/textures/dasd.png
02:21:29.745 [FXGL Background Thread 2 ] DEBUG FXGLAssetLoaderServi - Loading from file system: file:/C:/Users/kurtd/IdeaProjects/TheOnlyException/Test/target/classes/assets/textures/player-scaled.png
02:21:29.875 [FXGL Background Thread 2 ] INFO  FXGLApplication      - Game initialization took: 0.220 sec
02:21:29.876 [JavaFX Application Thread] DEBUG Input                - Clearing active input actions
02:21:29.890 [JavaFX Application Thread] DEBUG GameApplicationServi - Removing overlay from FXGLLoadingScene and adding to GameScene
02:21:29.891 [JavaFX Application Thread] DEBUG PrimaryStageWindow   - FXGLLoadingScene -> GameScene
02:21:30.813 [JavaFX Application Thread] DEBUG FXGLAssetLoaderServi - Loading from file system: file:/C:/Users/kurtd/IdeaProjects/TheOnlyException/Test/target/classes/assets/textures/MaggotWalk-scaled.png
02:21:30.820 [JavaFX Application Thread] DEBUG FXGLAssetLoaderServi - Loading from file system: file:/C:/Users/kurtd/IdeaProjects/TheOnlyException/Test/target/classes/assets/textures/BeetleMove-scaled.png
02:21:30.823 [JavaFX Application Thread] DEBUG FXGLAssetLoaderServi - Loading from file system: file:/C:/Users/kurtd/IdeaProjects/TheOnlyException/Test/target/classes/assets/textures/MantisMove-scaled.png
02:21:30.827 [JavaFX Application Thread] DEBUG FXGLAssetLoaderServi - Loading from file system: file:/C:/Users/kurtd/IdeaProjects/TheOnlyException/Test/target/classes/assets/textures/BeeMove-scaled.png
02:21:30.830 [JavaFX Application Thread] DEBUG FXGLAssetLoaderServi - Loading from file system: file:/C:/Users/kurtd/IdeaProjects/TheOnlyException/Test/target/classes/assets/textures/GiantFly.png
02:21:30.834 [JavaFX Application Thread] DEBUG FXGLAssetLoaderServi - Loading from file system: file:/C:/Users/kurtd/IdeaProjects/TheOnlyException/Test/target/classes/assets/textures/DragonFly.png
02:21:39.138 [JavaFX Application Thread] DEBUG FXGLAssetLoaderServi - Loading from file system: file:/C:/Users/kurtd/IdeaProjects/TheOnlyException/Test/target/classes/assets/textures/datawipe.png
02:21:39.166 [JavaFX Application Thread] DEBUG FXGLAssetLoaderServi - Loading from file system: file:/C:/Users/kurtd/IdeaProjects/TheOnlyException/Test/target/classes/assets/textures/smolderprotocol.png
02:21:39.206 [JavaFX Application Thread] DEBUG FXGLAssetLoaderServi - Loading from file system: file:/C:/Users/kurtd/IdeaProjects/TheOnlyException/Test/target/classes/assets/textures/shortcircuit.png
02:21:39.234 [JavaFX Application Thread] DEBUG FXGLAssetLoaderServi - Loading from file system: file:/C:/Users/kurtd/IdeaProjects/TheOnlyException/Test/target/classes/assets/textures/firewallshield.png
02:21:39.259 [JavaFX Application Thread] DEBUG PrimaryStageWindow   - Push state: DialogSubScene
02:21:39.259 [JavaFX Application Thread] DEBUG Input                - Clearing active input actions
02:21:39.262 [JavaFX Application Thread] DEBUG GameApplicationServi - Removing overlay from GameScene and adding to DialogSubScene
02:21:39.262 [JavaFX Application Thread] DEBUG PrimaryStageWindow   - GameScene -> DialogSubScene
02:21:40.462 [JavaFX Application Thread] DEBUG PrimaryStageWindow   - Pop state: DialogSubScene
02:21:40.462 [JavaFX Application Thread] DEBUG Input                - Clearing active input actions
02:21:40.463 [JavaFX Application Thread] DEBUG GameApplicationServi - Removing overlay from DialogSubScene and adding to GameScene
02:21:40.463 [JavaFX Application Thread] DEBUG PrimaryStageWindow   - GameScene <- DialogSubScene
02:21:40.777 [JavaFX Application Thread] DEBUG FXGLAssetLoaderServi - Loading from file system: file:/C:/Users/kurtd/IdeaProjects/TheOnlyException/Test/target/classes/assets/textures/smolder1.png
02:21:43.261 [JavaFX Application Thread] DEBUG FXGLAssetLoaderServi - Loading from file system: file:/C:/Users/kurtd/IdeaProjects/TheOnlyException/Test/target/classes/assets/textures/systemrestore.png
02:21:43.287 [JavaFX Application Thread] DEBUG FXGLAssetLoaderServi - Loading from file system: file:/C:/Users/kurtd/IdeaProjects/TheOnlyException/Test/target/classes/assets/textures/realtimedefense.png
02:21:43.313 [JavaFX Application Thread] DEBUG PrimaryStageWindow   - Push state: DialogSubScene
02:21:43.313 [JavaFX Application Thread] DEBUG Input                - Clearing active input actions
02:21:43.313 [JavaFX Application Thread] DEBUG GameApplicationServi - Removing overlay from GameScene and adding to DialogSubScene
02:21:43.313 [JavaFX Application Thread] DEBUG PrimaryStageWindow   - GameScene -> DialogSubScene
02:21:44.677 [JavaFX Application Thread] DEBUG PrimaryStageWindow   - Pop state: DialogSubScene
02:21:44.677 [JavaFX Application Thread] DEBUG Input                - Clearing active input actions
02:21:44.677 [JavaFX Application Thread] DEBUG GameApplicationServi - Removing overlay from DialogSubScene and adding to GameScene
02:21:44.677 [JavaFX Application Thread] DEBUG PrimaryStageWindow   - GameScene <- DialogSubScene
02:21:44.870 [JavaFX Application Thread] DEBUG FXGLAssetLoaderServi - Loading from file system: file:/C:/Users/kurtd/IdeaProjects/TheOnlyException/Test/target/classes/assets/textures/realtimedefenseaura.png
02:21:48.703 [JavaFX Application Thread] DEBUG PrimaryStageWindow   - Push state: DialogSubScene
02:21:48.703 [JavaFX Application Thread] DEBUG Input                - Clearing active input actions
02:21:48.703 [JavaFX Application Thread] DEBUG GameApplicationServi - Removing overlay from GameScene and adding to DialogSubScene
02:21:48.704 [JavaFX Application Thread] DEBUG PrimaryStageWindow   - GameScene -> DialogSubScene
02:21:50.965 [JavaFX Application Thread] DEBUG PrimaryStageWindow   - Pop state: DialogSubScene
02:21:50.965 [JavaFX Application Thread] DEBUG Input                - Clearing active input actions
02:21:50.965 [JavaFX Application Thread] DEBUG GameApplicationServi - Removing overlay from DialogSubScene and adding to GameScene
02:21:50.965 [JavaFX Application Thread] DEBUG PrimaryStageWindow   - GameScene <- DialogSubScene
02:21:56.318 [JavaFX Application Thread] DEBUG FXGLAssetLoaderServi - Loading from file system: file:/C:/Users/kurtd/IdeaProjects/TheOnlyException/Test/target/classes/assets/textures/lightning_strike.png
02:21:56.669 [JavaFX Application Thread] DEBUG PrimaryStageWindow   - Push state: DialogSubScene
02:21:56.669 [JavaFX Application Thread] DEBUG Input                - Clearing active input actions
02:21:56.669 [JavaFX Application Thread] DEBUG GameApplicationServi - Removing overlay from GameScene and adding to DialogSubScene
02:21:56.669 [JavaFX Application Thread] DEBUG PrimaryStageWindow   - GameScene -> DialogSubScene
02:22:00.805 [JavaFX Application Thread] DEBUG PrimaryStageWindow   - Pop state: DialogSubScene
02:22:00.805 [JavaFX Application Thread] DEBUG Input                - Clearing active input actions
02:22:00.806 [JavaFX Application Thread] DEBUG GameApplicationServi - Removing overlay from DialogSubScene and adding to GameScene
02:22:00.806 [JavaFX Application Thread] DEBUG PrimaryStageWindow   - GameScene <- DialogSubScene
02:22:08.764 [JavaFX Application Thread] DEBUG PrimaryStageWindow   - Push state: DialogSubScene
02:22:08.764 [JavaFX Application Thread] DEBUG Input                - Clearing active input actions
02:22:08.764 [JavaFX Application Thread] DEBUG GameApplicationServi - Removing overlay from GameScene and adding to DialogSubScene
02:22:08.764 [JavaFX Application Thread] DEBUG PrimaryStageWindow   - GameScene -> DialogSubScene
02:22:10.693 [JavaFX Application Thread] DEBUG PrimaryStageWindow   - Pop state: DialogSubScene
02:22:10.693 [JavaFX Application Thread] DEBUG Input                - Clearing active input actions
02:22:10.693 [JavaFX Application Thread] DEBUG GameApplicationServi - Removing overlay from DialogSubScene and adding to GameScene
02:22:10.693 [JavaFX Application Thread] DEBUG PrimaryStageWindow   - GameScene <- DialogSubScene
02:22:12.834 [JavaFX Application Thread] DEBUG FXGLAssetLoaderServi - Loading from file system: file:/C:/Users/kurtd/IdeaProjects/TheOnlyException/Test/target/classes/assets/textures/datawipemine.png
02:22:17.818 [JavaFX Application Thread] DEBUG FXGLAssetLoaderServi - Loading from file system: file:/C:/Users/kurtd/IdeaProjects/TheOnlyException/Test/target/classes/assets/textures/datawipeexplosion.png
02:22:17.830 [JavaFX Application Thread] WARN  FXGLAssetLoaderServi - Asset "/assets/textures/orange_particle.png" was not found!
02:22:17.830 [JavaFX Application Thread] WARN  FXGLAssetLoaderServi - Failed to load IMAGE
02:22:19.835 [JavaFX Application Thread] WARN  FXGLAssetLoaderServi - Asset "/assets/textures/orange_particle.png" was not found!
02:22:19.835 [JavaFX Application Thread] WARN  FXGLAssetLoaderServi - Failed to load IMAGE
02:22:21.866 [JavaFX Application Thread] WARN  FXGLAssetLoaderServi - Asset "/assets/textures/orange_particle.png" was not found!
02:22:21.866 [JavaFX Application Thread] WARN  FXGLAssetLoaderServi - Failed to load IMAGE
02:22:23.882 [JavaFX Application Thread] WARN  FXGLAssetLoaderServi - Asset "/assets/textures/orange_particle.png" was not found!
02:22:23.882 [JavaFX Application Thread] WARN  FXGLAssetLoaderServi - Failed to load IMAGE
02:22:25.915 [JavaFX Application Thread] WARN  FXGLAssetLoaderServi - Asset "/assets/textures/orange_particle.png" was not found!
02:22:25.915 [JavaFX Application Thread] WARN  FXGLAssetLoaderServi - Failed to load IMAGE
02:22:27.581 [JavaFX Application Thread] DEBUG FXGLApplication      - Exiting FXGL
02:22:27.581 [JavaFX Application Thread] DEBUG LoopRunner           - Stopping loop
02:22:27.581 [JavaFX Application Thread] DEBUG SystemBundleService  - Saving FXGL system data
02:22:27.584 [JavaFX Application Thread] DEBUG FileSystemAccess     - Writing to: C:\Users\kurtd\IdeaProjects\TheOnlyException\system\fxgl.bundle
02:22:27.585 [JavaFX Application Thread] DEBUG Async                - Shutting down background threads
02:22:27.585 [JavaFX Application Thread] DEBUG PrimaryStageWindow   - Closing main window
02:22:27.611 [JavaFX Application Thread] DEBUG Logger               - Closing Logger
