22:22:55.857 [main                     ] DEBUG Logger               - Configured Logger
22:22:55.871 [main                     ] DEBUG GameApplication      - Logging settings
Title: Prototype
Version: 0.1.5
Width: 1280
Height: 720
Fullscreen: false
Intro: false
Profiling: false
Single step:false
App Mode: DEVELOPER
Menu Key: ESCAPE
Stage Style: DECORATED
Scene Factory: class org.example.GameApp$1

22:22:57.047 [JavaFX Application Thread] DEBUG FXGLApplication      - Initializing FXGL
22:22:57.056 [JavaFX Application Thread] INFO  Engine               - FXGL-17+dev-SNAPSHOT (01.09.2022 03.33) on WINDOWS (J:24 FX:18)
22:22:57.057 [JavaFX Application Thread] DEBUG Engine               - JRE Vendor Name: Oracle Corporation
22:22:57.058 [JavaFX Application Thread] DEBUG Engine               - Running on OS: Windows 11 version 10.0
22:22:57.058 [JavaFX Application Thread] DEBUG Engine               - Architecture: amd64
22:22:57.058 [JavaFX Application Thread] INFO  Engine               - Source code and latest versions at: https://github.com/AlmasB/FXGL
22:22:57.058 [JavaFX Application Thread] INFO  Engine               -       Ask questions and discuss at: https://github.com/AlmasB/FXGL/discussions
22:22:57.058 [JavaFX Application Thread] INFO  Engine               -              Join the FXGL chat at: https://gitter.im/AlmasB/FXGL
22:22:57.495 [JavaFX Application Thread] DEBUG PrimaryStageWindow   - Creating a JavaFX scene
22:22:57.495 [JavaFX Application Thread] DEBUG PrimaryStageWindow   - Target size > screen size
22:22:57.638 [JavaFX Application Thread] DEBUG PrimaryStageWindow   - Target settings size: 1280.0 x 720.0
22:22:57.639 [JavaFX Application Thread] DEBUG PrimaryStageWindow   - Scaled scene size:    1169.0 x 671.0
22:22:57.639 [JavaFX Application Thread] DEBUG PrimaryStageWindow   - Scaled ratio: (0.91328125, 0.9319444444444445)
22:22:57.642 [JavaFX Application Thread] DEBUG PrimaryStageWindow   - Set initial scene to FXGLStartupScene
22:22:57.668 [JavaFX Application Thread] DEBUG PrimaryStageWindow   - Opening main window
22:22:57.953 [JavaFX Application Thread] DEBUG PrimaryStageWindow   - Window border size: (15.0, 37.66668701171875)
22:22:57.953 [JavaFX Application Thread] DEBUG PrimaryStageWindow   - Scaled size: 1169.0 x 671.0
22:22:57.954 [JavaFX Application Thread] DEBUG PrimaryStageWindow   - Scaled ratio: (0.91328125, 0.9319444444444445)
22:22:57.955 [JavaFX Application Thread] DEBUG PrimaryStageWindow   - Scene size: 1169.0 x 671.0
22:22:57.956 [JavaFX Application Thread] DEBUG PrimaryStageWindow   - Stage size: 1184.0 x 708.6666870117188
22:22:57.988 [FXGL Background Thread 1 ] DEBUG Engine               - Initializing environment variables
22:22:58.152 [FXGL Background Thread 1 ] DEBUG FXGLAssetLoaderServi - User app class for loading assets: class org.example.GameApp
22:22:58.153 [FXGL Background Thread 1 ] DEBUG GameApplicationServi - Applying CSS: fxgl_dark.css
22:22:58.157 [FXGL Background Thread 1 ] DEBUG FXGLAssetLoaderServi - Loading from file system: jar:file:/C:/Users/ginac/.m2/repository/com/github/AlmasB/FXGL/fxgl/17.2/fxgl-17.2.jar!/fxglassets/ui/css/fxgl_dark.css
22:22:58.360 [FXGL Background Thread 1 ] DEBUG GameApplicationServi - Initializing application scenes
22:22:58.683 [FXGL Background Thread 1 ] DEBUG GameWorld            - Game world initialized
22:22:58.850 [FXGL Background Thread 1 ] DEBUG PhysicsWorld         - Physics world initialized: appHeight=720, physics.ppm=50.0
22:22:58.850 [FXGL Background Thread 1 ] DEBUG PhysicsWorld         - Using strategy: BRUTE_FORCE
22:22:58.860 [FXGL Background Thread 1 ] DEBUG GameScene            - Game scene initialized: 1280x720
22:22:58.959 [FXGL Background Thread 1 ] DEBUG FXGL.DefaultMenu     - createMenuBodyGameMenu()
22:22:58.998 [FXGL Background Thread 1 ] DEBUG FXGL.DefaultMenu     - createOptionsMenu()
22:22:59.029 [FXGL Background Thread 1 ] DEBUG FXGLAssetLoaderServi - Loading from file system: jar:file:/C:/Users/ginac/.m2/repository/com/github/AlmasB/FXGL/fxgl/17.2/fxgl-17.2.jar!/fxglassets/textures/particles/smoke.png
22:22:59.253 [FXGL Background Thread 1 ] DEBUG FXGLAssetLoaderServi - Loading from file system: jar:file:/C:/Users/ginac/.m2/repository/com/github/AlmasB/FXGL/fxgl/17.2/fxgl-17.2.jar!/fxglassets/textures/particles/trace_horizontal.png
22:22:59.296 [FXGL Background Thread 1 ] DEBUG GameApplicationServi - Application scenes initialized
22:22:59.323 [FXGL Background Thread 1 ] DEBUG SystemBundleService  - Loading FXGL system data
22:22:59.327 [FXGL Background Thread 1 ] DEBUG FileSystemAccess     - Reading from: C:\Users\ginac\IdeaProjects\TheOnlyException\system\fxgl.bundle
22:22:59.332 [FXGL Background Thread 1 ] DEBUG SystemBundleService  - Bundle FXGL: {}
22:22:59.332 [FXGL Background Thread 1 ] DEBUG UpdaterService       - Checking for updates
22:22:59.343 [FXGL Background Thread 4 ] DEBUG FXGLApplication      - Loading fonts
22:22:59.343 [FXGL Background Thread 4 ] DEBUG FXGLAssetLoaderServi - Loading from file system: jar:file:/C:/Users/ginac/.m2/repository/com/github/AlmasB/FXGL/fxgl-samples/17.2/fxgl-samples-17.2.jar!/assets/ui/fonts/VarelaRound-Regular.ttf
22:22:59.346 [FXGL Background Thread 1 ] DEBUG FXGLAssetLoaderServi - Loading from file system: jar:file:/C:/Users/ginac/.m2/repository/com/github/AlmasB/FXGL/fxgl/17.2/fxgl-17.2.jar!/fxglassets/languages/english.lang
22:22:59.368 [FXGL Background Thread 4 ] DEBUG FXGLAssetLoaderServi - Loading from file system: jar:file:/C:/Users/ginac/.m2/repository/com/github/AlmasB/FXGL/fxgl/17.2/fxgl-17.2.jar!/fxglassets/ui/fonts/Abel-Regular.ttf
22:22:59.380 [FXGL Background Thread 4 ] DEBUG FXGLAssetLoaderServi - Loading from file system: jar:file:/C:/Users/ginac/.m2/repository/com/github/AlmasB/FXGL/fxgl/17.2/fxgl-17.2.jar!/fxglassets/ui/fonts/TerminalLandMono-Regular.otf
22:22:59.391 [FXGL Background Thread 4 ] DEBUG FXGLAssetLoaderServi - Loading from file system: jar:file:/C:/Users/ginac/.m2/repository/com/github/AlmasB/FXGL/fxgl/17.2/fxgl-17.2.jar!/fxglassets/ui/fonts/Courier-Prime.ttf
22:22:59.396 [FXGL Background Thread 1 ] INFO  FXGLApplication      - FXGL initialization took: 1.407 sec
22:22:59.418 [JavaFX Application Thread] DEBUG Input                - Registered new binding: action0 - A
22:22:59.419 [JavaFX Application Thread] DEBUG Input                - Registered new binding: action1 - D
22:22:59.420 [JavaFX Application Thread] DEBUG Input                - Registered new binding: action2 - W
22:22:59.422 [JavaFX Application Thread] DEBUG Input                - Registered new binding: action3 - S
22:22:59.423 [JavaFX Application Thread] DEBUG FXGLAssetLoaderServi - Loading from file system: jar:file:/C:/Users/ginac/.m2/repository/com/github/AlmasB/FXGL/fxgl/17.2/fxgl-17.2.jar!/fxglassets/textures/fxgl_icon.png
22:22:59.498 [JavaFX Application Thread] DEBUG FXGLAssetLoaderServi - Loading from file system: jar:file:/C:/Users/ginac/.m2/repository/com/github/AlmasB/FXGL/fxgl/17.2/fxgl-17.2.jar!/fxglassets/textures/fxgl_default_cursor.png
22:22:59.504 [JavaFX Application Thread] DEBUG Input                - Registered new binding: Screenshot - CTRL+8
22:22:59.505 [JavaFX Application Thread] DEBUG Input                - Registered new binding: System info dump - CTRL+9
22:22:59.506 [JavaFX Application Thread] DEBUG Input                - Registered new binding: Restart - CTRL+R
22:22:59.509 [JavaFX Application Thread] DEBUG Input                - Registered new binding: Toggle Debug Camera - CTRL+7
22:22:59.518 [JavaFX Application Thread] DEBUG LoopRunner           - Starting loop
22:22:59.518 [JavaFX Application Thread] DEBUG LoopRunner           - Initializing JavaFX AnimationTimerLoop
22:22:59.531 [JavaFX Application Thread] DEBUG Input                - Clearing active input actions
22:22:59.543 [JavaFX Application Thread] DEBUG GameApplicationServi - Removing overlay from FXGLStartupScene and adding to FXGLMainMenuDummyScene
22:22:59.544 [JavaFX Application Thread] DEBUG PrimaryStageWindow   - FXGLStartupScene -> FXGLMainMenuDummyScene
22:22:59.545 [JavaFX Application Thread] DEBUG PrimaryStageWindow   - Push state: NameInputScene
22:22:59.545 [JavaFX Application Thread] DEBUG Input                - Clearing active input actions
22:22:59.574 [JavaFX Application Thread] DEBUG GameApplicationServi - Removing overlay from FXGLMainMenuDummyScene and adding to NameInputScene
22:22:59.575 [JavaFX Application Thread] DEBUG PrimaryStageWindow   - FXGLMainMenuDummyScene -> NameInputScene
22:22:59.576 [JavaFX Application Thread] DEBUG FXGLApplication      - Registering font factories with UI factory
22:23:00.407 [FXGL Background Thread 2 ] INFO  UpdaterService       - Your current version:  17+dev-SNAPSHOT
22:23:00.408 [FXGL Background Thread 2 ] INFO  UpdaterService       - Latest stable version: 21.1
22:23:02.338 [FXGL Background Thread 3 ] DEBUG Engine               - Logging environment variables
22:23:02.339 [FXGL Background Thread 3 ] DEBUG Engine               - achievements: []
22:23:02.339 [FXGL Background Thread 3 ] DEBUG Engine               - actualHeight: 671.0
22:23:02.339 [FXGL Background Thread 3 ] DEBUG Engine               - actualHeightProperty: ReadOnlyDoubleProperty [value: 671.0]
22:23:02.339 [FXGL Background Thread 3 ] DEBUG Engine               - actualWidth: 1169.0
22:23:02.340 [FXGL Background Thread 3 ] DEBUG Engine               - actualWidthProperty: ReadOnlyDoubleProperty [value: 1169.0]
22:23:02.340 [FXGL Background Thread 3 ] DEBUG Engine               - appIcon: fxgl_icon.png
22:23:02.340 [FXGL Background Thread 3 ] DEBUG Engine               - applicationMode: DEVELOPER
22:23:02.340 [FXGL Background Thread 3 ] DEBUG Engine               - cSSList: [fxgl_dark.css]
22:23:02.340 [FXGL Background Thread 3 ] DEBUG Engine               - collisionDetectionStrategy: BRUTE_FORCE
22:23:02.340 [FXGL Background Thread 3 ] DEBUG Engine               - configClass: Optional.empty
22:23:02.340 [FXGL Background Thread 3 ] DEBUG Engine               - credits: []
22:23:02.340 [FXGL Background Thread 3 ] DEBUG Engine               - defaultCursor: CursorInfo(imageName=fxgl_default_cursor.png, hotspotX=7.0, hotspotY=6.0)
22:23:02.341 [FXGL Background Thread 3 ] DEBUG Engine               - devBBoxColorProperty: ObjectProperty [value: 0xff0000ff]
22:23:02.341 [FXGL Background Thread 3 ] DEBUG Engine               - devEnableDebugCameraProperty: BooleanProperty [value: false]
22:23:02.341 [FXGL Background Thread 3 ] DEBUG Engine               - devSensorColorProperty: ObjectProperty [value: 0xffff00ff]
22:23:02.341 [FXGL Background Thread 3 ] DEBUG Engine               - devShowBBoxProperty: BooleanProperty [value: false]
22:23:02.341 [FXGL Background Thread 3 ] DEBUG Engine               - devShowPositionProperty: BooleanProperty [value: false]
22:23:02.341 [FXGL Background Thread 3 ] DEBUG Engine               - enabledMenuItems: []
22:23:02.342 [FXGL Background Thread 3 ] DEBUG Engine               - engineServices: [class com.almasb.fxgl.app.services.FXGLAssetLoaderService, class com.almasb.fxgl.app.FXGLApplication$GameApplicationService, class com.almasb.fxgl.app.services.FXGLDialogService, class com.almasb.fxgl.app.services.IOTaskExecutorService, class com.almasb.fxgl.io.FileSystemService, class com.almasb.fxgl.localization.LocalizationService, class com.almasb.fxgl.app.services.SystemBundleService, class com.almasb.fxgl.profile.SaveLoadService, class com.almasb.fxgl.ui.FXGLUIFactoryServiceProvider, class com.almasb.fxgl.ui.FXGLDialogFactoryServiceProvider, class com.almasb.fxgl.audio.AudioPlayer, class com.almasb.fxgl.notification.impl.NotificationServiceProvider, class com.almasb.fxgl.achievement.AchievementService, class com.almasb.fxgl.cutscene.CutsceneService, class com.almasb.fxgl.minigames.MiniGameService, class com.almasb.fxgl.net.NetService, class com.almasb.fxgl.app.services.UpdaterService, class com.almasb.fxgl.dev.DevService]
22:23:02.342 [FXGL Background Thread 3 ] DEBUG Engine               - fontGame: Abel-Regular.ttf
22:23:02.342 [FXGL Background Thread 3 ] DEBUG Engine               - fontMono: TerminalLandMono-Regular.otf
22:23:02.342 [FXGL Background Thread 3 ] DEBUG Engine               - fontText: Courier-Prime.ttf
22:23:02.342 [FXGL Background Thread 3 ] DEBUG Engine               - fontUI: VarelaRound-Regular.ttf
22:23:02.342 [FXGL Background Thread 3 ] DEBUG Engine               - fullScreen: BooleanProperty [value: false]
22:23:02.342 [FXGL Background Thread 3 ] DEBUG Engine               - gameDifficulty: MEDIUM
22:23:02.342 [FXGL Background Thread 3 ] DEBUG Engine               - gameDifficultyProperty: ObjectProperty [value: MEDIUM]
22:23:02.342 [FXGL Background Thread 3 ] DEBUG Engine               - globalMusicVolume: 0.5
22:23:02.343 [FXGL Background Thread 3 ] DEBUG Engine               - globalMusicVolumeProperty: DoubleProperty [value: 0.5]
22:23:02.343 [FXGL Background Thread 3 ] DEBUG Engine               - globalSoundVolume: 0.5
22:23:02.343 [FXGL Background Thread 3 ] DEBUG Engine               - globalSoundVolumeProperty: DoubleProperty [value: 0.5]
22:23:02.343 [FXGL Background Thread 3 ] DEBUG Engine               - height: 720
22:23:02.343 [FXGL Background Thread 3 ] DEBUG Engine               - is3D: false
22:23:02.343 [FXGL Background Thread 3 ] DEBUG Engine               - isAndroid: false
22:23:02.343 [FXGL Background Thread 3 ] DEBUG Engine               - isBrowser: false
22:23:02.344 [FXGL Background Thread 3 ] DEBUG Engine               - isClickFeedbackEnabled: false
22:23:02.344 [FXGL Background Thread 3 ] DEBUG Engine               - isCloseConfirmation: false
22:23:02.344 [FXGL Background Thread 3 ] DEBUG Engine               - isDesktop: true
22:23:02.344 [FXGL Background Thread 3 ] DEBUG Engine               - isDeveloperMenuEnabled: false
22:23:02.344 [FXGL Background Thread 3 ] DEBUG Engine               - isEmbedded: false
22:23:02.344 [FXGL Background Thread 3 ] DEBUG Engine               - isEntityPreloadEnabled: true
22:23:02.344 [FXGL Background Thread 3 ] DEBUG Engine               - isExperimentalTiledLargeMap: false
22:23:02.344 [FXGL Background Thread 3 ] DEBUG Engine               - isFileSystemWriteAllowed: true
22:23:02.344 [FXGL Background Thread 3 ] DEBUG Engine               - isFullScreenAllowed: false
22:23:02.345 [FXGL Background Thread 3 ] DEBUG Engine               - isFullScreenFromStart: false
22:23:02.345 [FXGL Background Thread 3 ] DEBUG Engine               - isGameMenuEnabled: true
22:23:02.345 [FXGL Background Thread 3 ] DEBUG Engine               - isIOS: false
22:23:02.345 [FXGL Background Thread 3 ] DEBUG Engine               - isIntroEnabled: false
22:23:02.345 [FXGL Background Thread 3 ] DEBUG Engine               - isLinux: false
22:23:02.345 [FXGL Background Thread 3 ] DEBUG Engine               - isMac: false
22:23:02.345 [FXGL Background Thread 3 ] DEBUG Engine               - isMainMenuEnabled: true
22:23:02.345 [FXGL Background Thread 3 ] DEBUG Engine               - isManualResizeEnabled: false
22:23:02.345 [FXGL Background Thread 3 ] DEBUG Engine               - isMobile: false
22:23:02.346 [FXGL Background Thread 3 ] DEBUG Engine               - isNative: false
22:23:02.346 [FXGL Background Thread 3 ] DEBUG Engine               - isPauseMusicWhenMinimized: true
22:23:02.346 [FXGL Background Thread 3 ] DEBUG Engine               - isPreserveResizeRatio: false
22:23:02.346 [FXGL Background Thread 3 ] DEBUG Engine               - isProfilingEnabled: false
22:23:02.346 [FXGL Background Thread 3 ] DEBUG Engine               - isScaleAffectedOnResize: true
22:23:02.346 [FXGL Background Thread 3 ] DEBUG Engine               - isSingleStep: false
22:23:02.346 [FXGL Background Thread 3 ] DEBUG Engine               - isUserProfileEnabled: false
22:23:02.347 [FXGL Background Thread 3 ] DEBUG Engine               - isWindows: true
22:23:02.347 [FXGL Background Thread 3 ] DEBUG Engine               - language: ObjectProperty [value: ENGLISH]
22:23:02.347 [FXGL Background Thread 3 ] DEBUG Engine               - menuKey: ESCAPE
22:23:02.347 [FXGL Background Thread 3 ] DEBUG Engine               - mouseSensitivity: 0.2
22:23:02.347 [FXGL Background Thread 3 ] DEBUG Engine               - notificationViewClass: class com.almasb.fxgl.notification.view.XboxNotificationView
22:23:02.347 [FXGL Background Thread 3 ] DEBUG Engine               - pixelsPerMeter: 50.0
22:23:02.347 [FXGL Background Thread 3 ] DEBUG Engine               - platform: WINDOWS
22:23:02.347 [FXGL Background Thread 3 ] DEBUG Engine               - prefHeightProperty: ReadOnlyDoubleProperty [value: 720.0]
22:23:02.347 [FXGL Background Thread 3 ] DEBUG Engine               - prefWidthProperty: ReadOnlyDoubleProperty [value: 1280.0]
22:23:02.348 [FXGL Background Thread 3 ] DEBUG Engine               - profileDir: profiles/
22:23:02.348 [FXGL Background Thread 3 ] DEBUG Engine               - profileName: StringProperty [value: DEFAULT]
22:23:02.348 [FXGL Background Thread 3 ] DEBUG Engine               - randomSeed: -1
22:23:02.348 [FXGL Background Thread 3 ] DEBUG Engine               - runtimeInfo: RuntimeInfo(platform=WINDOWS, version=17+dev-SNAPSHOT, build=01.09.2022 03.33)
22:23:02.348 [FXGL Background Thread 3 ] DEBUG Engine               - saveFileExt: sav
22:23:02.348 [FXGL Background Thread 3 ] DEBUG Engine               - scaledHeightProp$fxgl: DoubleProperty [bound, value: 671.0]
22:23:02.349 [FXGL Background Thread 3 ] DEBUG Engine               - scaledWidthProp$fxgl: DoubleProperty [bound, value: 1169.0]
22:23:02.349 [FXGL Background Thread 3 ] DEBUG Engine               - sceneFactory: org.example.GameApp$1@71e46937
22:23:02.349 [FXGL Background Thread 3 ] DEBUG Engine               - secondsIn24h: 60
22:23:02.349 [FXGL Background Thread 3 ] DEBUG Engine               - soundMenuBack: menu/back.wav
22:23:02.349 [FXGL Background Thread 3 ] DEBUG Engine               - soundMenuPress: menu/press.wav
22:23:02.349 [FXGL Background Thread 3 ] DEBUG Engine               - soundMenuSelect: menu/select.wav
22:23:02.349 [FXGL Background Thread 3 ] DEBUG Engine               - soundNotification: core/notification.wav
22:23:02.349 [FXGL Background Thread 3 ] DEBUG Engine               - stageStyle: DECORATED
22:23:02.349 [FXGL Background Thread 3 ] DEBUG Engine               - supportedLanguages: [ENGLISH, FRENCH, GERMAN, HUNGARIAN, RUSSIAN]
22:23:02.349 [FXGL Background Thread 3 ] DEBUG Engine               - ticksPerSecond: -1
22:23:02.349 [FXGL Background Thread 3 ] DEBUG Engine               - title: Prototype
22:23:02.350 [FXGL Background Thread 3 ] DEBUG Engine               - urlGithub: https://github.com/AlmasB/FXGL
22:23:02.350 [FXGL Background Thread 3 ] DEBUG Engine               - urlLeaderboard: http://fxgl-top.herokuapp.com/
22:23:02.350 [FXGL Background Thread 3 ] DEBUG Engine               - urlPOM: https://raw.githubusercontent.com/AlmasB/FXGL/release/README.md
22:23:02.350 [FXGL Background Thread 3 ] DEBUG Engine               - userAppClass: class org.example.GameApp
22:23:02.350 [FXGL Background Thread 3 ] DEBUG Engine               - version: 0.1.5
22:23:02.350 [FXGL Background Thread 3 ] DEBUG Engine               - versionCheckDays: 7
22:23:02.350 [FXGL Background Thread 3 ] DEBUG Engine               - width: 1280
22:23:02.350 [FXGL Background Thread 3 ] DEBUG Engine               - Logging services
22:23:02.350 [FXGL Background Thread 3 ] DEBUG Engine               - class com.almasb.fxgl.app.services.FXGLAssetLoaderService
22:23:02.350 [FXGL Background Thread 3 ] DEBUG Engine               - class com.almasb.fxgl.app.FXGLApplication$GameApplicationService
22:23:02.350 [FXGL Background Thread 3 ] DEBUG Engine               - class com.almasb.fxgl.app.services.FXGLDialogService
22:23:02.351 [FXGL Background Thread 3 ] DEBUG Engine               - class com.almasb.fxgl.app.services.IOTaskExecutorService
22:23:02.351 [FXGL Background Thread 3 ] DEBUG Engine               - class com.almasb.fxgl.io.FileSystemService
22:23:02.351 [FXGL Background Thread 3 ] DEBUG Engine               - class com.almasb.fxgl.localization.LocalizationService
22:23:02.351 [FXGL Background Thread 3 ] DEBUG Engine               - class com.almasb.fxgl.app.services.SystemBundleService
22:23:02.351 [FXGL Background Thread 3 ] DEBUG Engine               - class com.almasb.fxgl.profile.SaveLoadService
22:23:02.351 [FXGL Background Thread 3 ] DEBUG Engine               - class com.almasb.fxgl.ui.FXGLUIFactoryServiceProvider
22:23:02.351 [FXGL Background Thread 3 ] DEBUG Engine               - class com.almasb.fxgl.ui.FXGLDialogFactoryServiceProvider
22:23:02.351 [FXGL Background Thread 3 ] DEBUG Engine               - class com.almasb.fxgl.audio.AudioPlayer
22:23:02.351 [FXGL Background Thread 3 ] DEBUG Engine               - class com.almasb.fxgl.notification.impl.NotificationServiceProvider
22:23:02.351 [FXGL Background Thread 3 ] DEBUG Engine               - class com.almasb.fxgl.achievement.AchievementService
22:23:02.351 [FXGL Background Thread 3 ] DEBUG Engine               - class com.almasb.fxgl.cutscene.CutsceneService
22:23:02.351 [FXGL Background Thread 3 ] DEBUG Engine               - class com.almasb.fxgl.minigames.MiniGameService
22:23:02.351 [FXGL Background Thread 3 ] DEBUG Engine               - class com.almasb.fxgl.net.NetService
22:23:02.351 [FXGL Background Thread 3 ] DEBUG Engine               - class com.almasb.fxgl.app.services.UpdaterService
22:23:02.353 [FXGL Background Thread 3 ] DEBUG Engine               - class com.almasb.fxgl.dev.DevService
22:23:08.872 [JavaFX Application Thread] DEBUG FXGLApplication      - Exiting FXGL
22:23:08.873 [JavaFX Application Thread] DEBUG LoopRunner           - Stopping loop
22:23:08.873 [JavaFX Application Thread] DEBUG SystemBundleService  - Saving FXGL system data
22:23:08.877 [JavaFX Application Thread] DEBUG FileSystemAccess     - Writing to: C:\Users\ginac\IdeaProjects\TheOnlyException\system\fxgl.bundle
22:23:08.881 [JavaFX Application Thread] DEBUG Async                - Shutting down background threads
22:23:08.882 [JavaFX Application Thread] DEBUG PrimaryStageWindow   - Closing main window
22:23:08.937 [JavaFX Application Thread] DEBUG Logger               - Closing Logger
