07:57:11.826 [main                     ] DEBUG Logger               - Configured Logger
07:57:11.830 [main                     ] DEBUG GameApplication      - Logging settings
Title: Prototype
Version: 0.1.5
Width: 1280
Height: 720
Fullscreen: false
Intro: false
Profiling: false
Single step:false
App Mode: DEVELOPER
Menu Key: ESCAPE
Stage Style: DECORATED
Scene Factory: class org.example.GameApp$1

07:57:12.111 [JavaFX Application Thread] DEBUG FXGLApplication      - Initializing FXGL
07:57:12.113 [JavaFX Application Thread] INFO  Engine               - FXGL-17+dev-SNAPSHOT (23.08.2022 11.12) on WINDOWS (J:24 FX:18)
07:57:12.113 [JavaFX Application Thread] DEBUG Engine               - JRE Vendor Name: Oracle Corporation
07:57:12.113 [JavaFX Application Thread] DEBUG Engine               - Running on OS: Windows 11 version 10.0
07:57:12.113 [JavaFX Application Thread] DEBUG Engine               - Architecture: amd64
07:57:12.113 [JavaFX Application Thread] INFO  Engine               - Source code and latest versions at: https://github.com/AlmasB/FXGL
07:57:12.113 [JavaFX Application Thread] INFO  Engine               -       Ask questions and discuss at: https://github.com/AlmasB/FXGL/discussions
07:57:12.113 [JavaFX Application Thread] INFO  Engine               -              Join the FXGL chat at: https://gitter.im/AlmasB/FXGL
07:57:12.196 [JavaFX Application Thread] DEBUG PrimaryStageWindow   - Creating a JavaFX scene
07:57:12.235 [JavaFX Application Thread] DEBUG PrimaryStageWindow   - Target settings size: 1280.0 x 720.0
07:57:12.235 [JavaFX Application Thread] DEBUG PrimaryStageWindow   - Scaled scene size:    1280.0 x 720.0
07:57:12.236 [JavaFX Application Thread] DEBUG PrimaryStageWindow   - Scaled ratio: (1.0, 1.0)
07:57:12.236 [JavaFX Application Thread] DEBUG PrimaryStageWindow   - Set initial scene to FXGLStartupScene
07:57:12.241 [JavaFX Application Thread] DEBUG PrimaryStageWindow   - Opening main window
07:57:12.330 [JavaFX Application Thread] DEBUG PrimaryStageWindow   - Window border size: (16.0, 39.0)
07:57:12.330 [JavaFX Application Thread] DEBUG PrimaryStageWindow   - Scaled size: 1280.0 x 720.0
07:57:12.330 [JavaFX Application Thread] DEBUG PrimaryStageWindow   - Scaled ratio: (1.0, 1.0)
07:57:12.330 [JavaFX Application Thread] DEBUG PrimaryStageWindow   - Scene size: 1280.0 x 720.0
07:57:12.330 [JavaFX Application Thread] DEBUG PrimaryStageWindow   - Stage size: 1296.0 x 759.0
07:57:12.335 [FXGL Background Thread 1 ] DEBUG Engine               - Initializing environment variables
07:57:12.364 [FXGL Background Thread 1 ] DEBUG FXGLAssetLoaderServi - User app class for loading assets: class org.example.GameApp
07:57:12.364 [FXGL Background Thread 1 ] DEBUG GameApplicationServi - Applying CSS: fxgl_dark.css
07:57:12.364 [FXGL Background Thread 1 ] DEBUG FXGLAssetLoaderServi - Loading from file system: jar:file:/C:/Users/primzcm/.m2/repository/com/github/almasb/fxgl/fxgl/17.2/fxgl-17.2.jar!/fxglassets/ui/css/fxgl_dark.css
07:57:12.395 [FXGL Background Thread 1 ] DEBUG GameApplicationServi - Initializing application scenes
07:57:12.422 [FXGL Background Thread 1 ] DEBUG GameWorld            - Game world initialized
07:57:12.463 [FXGL Background Thread 1 ] DEBUG PhysicsWorld         - Physics world initialized: appHeight=720, physics.ppm=50.0
07:57:12.463 [FXGL Background Thread 1 ] DEBUG PhysicsWorld         - Using strategy: BRUTE_FORCE
07:57:12.465 [FXGL Background Thread 1 ] DEBUG GameScene            - Game scene initialized: 1280x720
07:57:12.485 [FXGL Background Thread 1 ] DEBUG FXGL.DefaultMenu     - createMenuBodyGameMenu()
07:57:12.492 [FXGL Background Thread 1 ] DEBUG FXGL.DefaultMenu     - createOptionsMenu()
07:57:12.500 [FXGL Background Thread 1 ] DEBUG FXGLAssetLoaderServi - Loading from file system: jar:file:/C:/Users/primzcm/.m2/repository/com/github/almasb/fxgl/fxgl/17.2/fxgl-17.2.jar!/fxglassets/textures/particles/smoke.png
07:57:12.561 [FXGL Background Thread 1 ] DEBUG FXGLAssetLoaderServi - Loading from file system: jar:file:/C:/Users/primzcm/.m2/repository/com/github/almasb/fxgl/fxgl/17.2/fxgl-17.2.jar!/fxglassets/textures/particles/trace_horizontal.png
07:57:12.581 [FXGL Background Thread 1 ] DEBUG GameApplicationServi - Application scenes initialized
07:57:12.589 [FXGL Background Thread 1 ] DEBUG SystemBundleService  - Loading FXGL system data
07:57:12.589 [FXGL Background Thread 1 ] DEBUG FileSystemAccess     - Reading from: F:\my files\School\2nd year 2nd sem\TheOnlyException\system\fxgl.bundle
07:57:12.591 [FXGL Background Thread 1 ] DEBUG SystemBundleService  - Bundle FXGL: {}
07:57:12.591 [FXGL Background Thread 1 ] DEBUG UpdaterService       - Checking for updates
07:57:12.593 [FXGL Background Thread 4 ] DEBUG FXGLApplication      - Loading fonts
07:57:12.594 [FXGL Background Thread 4 ] DEBUG FXGLAssetLoaderServi - Loading from file system: jar:file:/C:/Users/primzcm/.m2/repository/com/github/almasb/fxgl/fxgl/17.2/fxgl-17.2.jar!/fxglassets/ui/fonts/VarelaRound-Regular.ttf
07:57:12.594 [FXGL Background Thread 1 ] DEBUG FXGLApplication      - Loading default localization
07:57:12.594 [FXGL Background Thread 1 ] DEBUG FXGLAssetLoaderServi - Loading from file system: jar:file:/C:/Users/primzcm/.m2/repository/com/github/almasb/fxgl/fxgl/17.2/fxgl-17.2.jar!/fxglassets/languages/english.lang
07:57:12.599 [FXGL Background Thread 4 ] DEBUG FXGLAssetLoaderServi - Loading from file system: jar:file:/C:/Users/primzcm/.m2/repository/com/github/almasb/fxgl/fxgl/17.2/fxgl-17.2.jar!/fxglassets/ui/fonts/Abel-Regular.ttf
07:57:12.602 [FXGL Background Thread 4 ] DEBUG FXGLAssetLoaderServi - Loading from file system: jar:file:/C:/Users/primzcm/.m2/repository/com/github/almasb/fxgl/fxgl/17.2/fxgl-17.2.jar!/fxglassets/ui/fonts/TerminalLandMono-Regular.otf
07:57:12.604 [FXGL Background Thread 4 ] DEBUG FXGLAssetLoaderServi - Loading from file system: jar:file:/C:/Users/primzcm/.m2/repository/com/github/almasb/fxgl/fxgl/17.2/fxgl-17.2.jar!/fxglassets/ui/fonts/Courier-Prime.ttf
07:57:12.609 [JavaFX Application Thread] DEBUG FXGLApplication      - Registering font factories with UI factory
07:57:12.615 [FXGL Background Thread 1 ] INFO  FXGLApplication      - FXGL initialization took: 0.280 sec
07:57:12.621 [JavaFX Application Thread] DEBUG Input                - Registered new binding: action0 - A
07:57:12.622 [JavaFX Application Thread] DEBUG Input                - Registered new binding: action1 - D
07:57:12.622 [JavaFX Application Thread] DEBUG Input                - Registered new binding: action2 - W
07:57:12.622 [JavaFX Application Thread] DEBUG Input                - Registered new binding: action3 - S
07:57:12.622 [JavaFX Application Thread] DEBUG FXGLAssetLoaderServi - Loading from file system: jar:file:/C:/Users/primzcm/.m2/repository/com/github/almasb/fxgl/fxgl/17.2/fxgl-17.2.jar!/fxglassets/textures/fxgl_icon.png
07:57:12.646 [JavaFX Application Thread] DEBUG FXGLAssetLoaderServi - Loading from file system: jar:file:/C:/Users/primzcm/.m2/repository/com/github/almasb/fxgl/fxgl/17.2/fxgl-17.2.jar!/fxglassets/textures/fxgl_default_cursor.png
07:57:12.649 [JavaFX Application Thread] DEBUG Input                - Registered new binding: Screenshot - CTRL+8
07:57:12.649 [JavaFX Application Thread] DEBUG Input                - Registered new binding: System info dump - CTRL+9
07:57:12.649 [JavaFX Application Thread] DEBUG Input                - Registered new binding: Restart - CTRL+R
07:57:12.650 [JavaFX Application Thread] DEBUG Input                - Registered new binding: Toggle Debug Camera - CTRL+7
07:57:12.653 [JavaFX Application Thread] DEBUG LoopRunner           - Starting loop
07:57:12.653 [JavaFX Application Thread] DEBUG LoopRunner           - Initializing JavaFX AnimationTimerLoop
07:57:12.656 [JavaFX Application Thread] DEBUG Input                - Clearing active input actions
07:57:12.661 [JavaFX Application Thread] DEBUG GameApplicationServi - Removing overlay from FXGLStartupScene and adding to FXGLMainMenuDummyScene
07:57:12.662 [JavaFX Application Thread] DEBUG PrimaryStageWindow   - FXGLStartupScene -> FXGLMainMenuDummyScene
07:57:12.662 [JavaFX Application Thread] DEBUG PrimaryStageWindow   - Push state: NameInputScene
07:57:12.662 [JavaFX Application Thread] DEBUG Input                - Clearing active input actions
07:57:12.673 [JavaFX Application Thread] DEBUG GameApplicationServi - Removing overlay from FXGLMainMenuDummyScene and adding to NameInputScene
07:57:12.673 [JavaFX Application Thread] DEBUG PrimaryStageWindow   - FXGLMainMenuDummyScene -> NameInputScene
07:57:13.216 [FXGL Background Thread 2 ] INFO  UpdaterService       - Your current version:  17+dev-SNAPSHOT
07:57:13.216 [FXGL Background Thread 2 ] INFO  UpdaterService       - Latest stable version: 21.1
07:57:15.593 [FXGL Background Thread 3 ] DEBUG Engine               - Logging environment variables
07:57:15.593 [FXGL Background Thread 3 ] DEBUG Engine               - achievements: []
07:57:15.593 [FXGL Background Thread 3 ] DEBUG Engine               - actualHeight: 720.0
07:57:15.593 [FXGL Background Thread 3 ] DEBUG Engine               - actualHeightProperty: ReadOnlyDoubleProperty [value: 720.0]
07:57:15.593 [FXGL Background Thread 3 ] DEBUG Engine               - actualWidth: 1280.0
07:57:15.593 [FXGL Background Thread 3 ] DEBUG Engine               - actualWidthProperty: ReadOnlyDoubleProperty [value: 1280.0]
07:57:15.593 [FXGL Background Thread 3 ] DEBUG Engine               - appIcon: fxgl_icon.png
07:57:15.593 [FXGL Background Thread 3 ] DEBUG Engine               - applicationMode: DEVELOPER
07:57:15.593 [FXGL Background Thread 3 ] DEBUG Engine               - cSSList: [fxgl_dark.css]
07:57:15.593 [FXGL Background Thread 3 ] DEBUG Engine               - collisionDetectionStrategy: BRUTE_FORCE
07:57:15.593 [FXGL Background Thread 3 ] DEBUG Engine               - configClass: Optional.empty
07:57:15.593 [FXGL Background Thread 3 ] DEBUG Engine               - credits: []
07:57:15.594 [FXGL Background Thread 3 ] DEBUG Engine               - defaultCursor: CursorInfo(imageName=fxgl_default_cursor.png, hotspotX=7.0, hotspotY=6.0)
07:57:15.594 [FXGL Background Thread 3 ] DEBUG Engine               - devBBoxColorProperty: ObjectProperty [value: 0xff0000ff]
07:57:15.594 [FXGL Background Thread 3 ] DEBUG Engine               - devEnableDebugCameraProperty: BooleanProperty [value: false]
07:57:15.594 [FXGL Background Thread 3 ] DEBUG Engine               - devSensorColorProperty: ObjectProperty [value: 0xffff00ff]
07:57:15.594 [FXGL Background Thread 3 ] DEBUG Engine               - devShowBBoxProperty: BooleanProperty [value: false]
07:57:15.594 [FXGL Background Thread 3 ] DEBUG Engine               - devShowPositionProperty: BooleanProperty [value: false]
07:57:15.594 [FXGL Background Thread 3 ] DEBUG Engine               - enabledMenuItems: []
07:57:15.594 [FXGL Background Thread 3 ] DEBUG Engine               - engineServices: [class com.almasb.fxgl.app.services.FXGLAssetLoaderService, class com.almasb.fxgl.app.FXGLApplication$GameApplicationService, class com.almasb.fxgl.app.services.FXGLDialogService, class com.almasb.fxgl.app.services.IOTaskExecutorService, class com.almasb.fxgl.io.FileSystemService, class com.almasb.fxgl.localization.LocalizationService, class com.almasb.fxgl.app.services.SystemBundleService, class com.almasb.fxgl.profile.SaveLoadService, class com.almasb.fxgl.ui.FXGLUIFactoryServiceProvider, class com.almasb.fxgl.ui.FXGLDialogFactoryServiceProvider, class com.almasb.fxgl.audio.AudioPlayer, class com.almasb.fxgl.notification.impl.NotificationServiceProvider, class com.almasb.fxgl.achievement.AchievementService, class com.almasb.fxgl.cutscene.CutsceneService, class com.almasb.fxgl.minigames.MiniGameService, class com.almasb.fxgl.net.NetService, class com.almasb.fxgl.app.services.UpdaterService, class com.almasb.fxgl.dev.DevService]
07:57:15.594 [FXGL Background Thread 3 ] DEBUG Engine               - fontGame: Abel-Regular.ttf
07:57:15.594 [FXGL Background Thread 3 ] DEBUG Engine               - fontMono: TerminalLandMono-Regular.otf
07:57:15.594 [FXGL Background Thread 3 ] DEBUG Engine               - fontText: Courier-Prime.ttf
07:57:15.594 [FXGL Background Thread 3 ] DEBUG Engine               - fontUI: VarelaRound-Regular.ttf
07:57:15.594 [FXGL Background Thread 3 ] DEBUG Engine               - fullScreen: BooleanProperty [value: false]
07:57:15.594 [FXGL Background Thread 3 ] DEBUG Engine               - gameDifficulty: MEDIUM
07:57:15.594 [FXGL Background Thread 3 ] DEBUG Engine               - gameDifficultyProperty: ObjectProperty [value: MEDIUM]
07:57:15.594 [FXGL Background Thread 3 ] DEBUG Engine               - globalMusicVolume: 0.5
07:57:15.594 [FXGL Background Thread 3 ] DEBUG Engine               - globalMusicVolumeProperty: DoubleProperty [value: 0.5]
07:57:15.594 [FXGL Background Thread 3 ] DEBUG Engine               - globalSoundVolume: 0.5
07:57:15.594 [FXGL Background Thread 3 ] DEBUG Engine               - globalSoundVolumeProperty: DoubleProperty [value: 0.5]
07:57:15.594 [FXGL Background Thread 3 ] DEBUG Engine               - height: 720
07:57:15.594 [FXGL Background Thread 3 ] DEBUG Engine               - is3D: false
07:57:15.595 [FXGL Background Thread 3 ] DEBUG Engine               - isAndroid: false
07:57:15.595 [FXGL Background Thread 3 ] DEBUG Engine               - isBrowser: false
07:57:15.595 [FXGL Background Thread 3 ] DEBUG Engine               - isClickFeedbackEnabled: false
07:57:15.595 [FXGL Background Thread 3 ] DEBUG Engine               - isCloseConfirmation: false
07:57:15.595 [FXGL Background Thread 3 ] DEBUG Engine               - isDesktop: true
07:57:15.595 [FXGL Background Thread 3 ] DEBUG Engine               - isDeveloperMenuEnabled: false
07:57:15.595 [FXGL Background Thread 3 ] DEBUG Engine               - isEmbedded: false
07:57:15.595 [FXGL Background Thread 3 ] DEBUG Engine               - isEntityPreloadEnabled: true
07:57:15.595 [FXGL Background Thread 3 ] DEBUG Engine               - isExperimentalTiledLargeMap: false
07:57:15.595 [FXGL Background Thread 3 ] DEBUG Engine               - isFileSystemWriteAllowed: true
07:57:15.595 [FXGL Background Thread 3 ] DEBUG Engine               - isFullScreenAllowed: false
07:57:15.595 [FXGL Background Thread 3 ] DEBUG Engine               - isFullScreenFromStart: false
07:57:15.595 [FXGL Background Thread 3 ] DEBUG Engine               - isGameMenuEnabled: true
07:57:15.595 [FXGL Background Thread 3 ] DEBUG Engine               - isIOS: false
07:57:15.595 [FXGL Background Thread 3 ] DEBUG Engine               - isIntroEnabled: false
07:57:15.595 [FXGL Background Thread 3 ] DEBUG Engine               - isLinux: false
07:57:15.595 [FXGL Background Thread 3 ] DEBUG Engine               - isMac: false
07:57:15.595 [FXGL Background Thread 3 ] DEBUG Engine               - isMainMenuEnabled: true
07:57:15.595 [FXGL Background Thread 3 ] DEBUG Engine               - isManualResizeEnabled: false
07:57:15.595 [FXGL Background Thread 3 ] DEBUG Engine               - isMobile: false
07:57:15.595 [FXGL Background Thread 3 ] DEBUG Engine               - isNative: false
07:57:15.595 [FXGL Background Thread 3 ] DEBUG Engine               - isPauseMusicWhenMinimized: true
07:57:15.595 [FXGL Background Thread 3 ] DEBUG Engine               - isPreserveResizeRatio: false
07:57:15.595 [FXGL Background Thread 3 ] DEBUG Engine               - isProfilingEnabled: false
07:57:15.595 [FXGL Background Thread 3 ] DEBUG Engine               - isScaleAffectedOnResize: true
07:57:15.595 [FXGL Background Thread 3 ] DEBUG Engine               - isSingleStep: false
07:57:15.595 [FXGL Background Thread 3 ] DEBUG Engine               - isUserProfileEnabled: false
07:57:15.595 [FXGL Background Thread 3 ] DEBUG Engine               - isWindows: true
07:57:15.595 [FXGL Background Thread 3 ] DEBUG Engine               - language: ObjectProperty [value: ENGLISH]
07:57:15.595 [FXGL Background Thread 3 ] DEBUG Engine               - menuKey: ESCAPE
07:57:15.595 [FXGL Background Thread 3 ] DEBUG Engine               - mouseSensitivity: 0.2
07:57:15.595 [FXGL Background Thread 3 ] DEBUG Engine               - notificationViewClass: class com.almasb.fxgl.notification.view.XboxNotificationView
07:57:15.596 [FXGL Background Thread 3 ] DEBUG Engine               - pixelsPerMeter: 50.0
07:57:15.596 [FXGL Background Thread 3 ] DEBUG Engine               - platform: WINDOWS
07:57:15.596 [FXGL Background Thread 3 ] DEBUG Engine               - prefHeightProperty: ReadOnlyDoubleProperty [value: 720.0]
07:57:15.596 [FXGL Background Thread 3 ] DEBUG Engine               - prefWidthProperty: ReadOnlyDoubleProperty [value: 1280.0]
07:57:15.596 [FXGL Background Thread 3 ] DEBUG Engine               - profileDir: profiles/
07:57:15.596 [FXGL Background Thread 3 ] DEBUG Engine               - profileName: StringProperty [value: DEFAULT]
07:57:15.596 [FXGL Background Thread 3 ] DEBUG Engine               - randomSeed: -1
07:57:15.596 [FXGL Background Thread 3 ] DEBUG Engine               - runtimeInfo: RuntimeInfo(platform=WINDOWS, version=17+dev-SNAPSHOT, build=23.08.2022 11.12)
07:57:15.596 [FXGL Background Thread 3 ] DEBUG Engine               - saveFileExt: sav
07:57:15.596 [FXGL Background Thread 3 ] DEBUG Engine               - scaledHeightProp$fxgl: DoubleProperty [bound, value: 720.0]
07:57:15.596 [FXGL Background Thread 3 ] DEBUG Engine               - scaledWidthProp$fxgl: DoubleProperty [bound, value: 1280.0]
07:57:15.596 [FXGL Background Thread 3 ] DEBUG Engine               - sceneFactory: org.example.GameApp$1@58d12b49
07:57:15.596 [FXGL Background Thread 3 ] DEBUG Engine               - secondsIn24h: 60
07:57:15.596 [FXGL Background Thread 3 ] DEBUG Engine               - soundMenuBack: menu/back.wav
07:57:15.596 [FXGL Background Thread 3 ] DEBUG Engine               - soundMenuPress: menu/press.wav
07:57:15.596 [FXGL Background Thread 3 ] DEBUG Engine               - soundMenuSelect: menu/select.wav
07:57:15.596 [FXGL Background Thread 3 ] DEBUG Engine               - soundNotification: core/notification.wav
07:57:15.596 [FXGL Background Thread 3 ] DEBUG Engine               - stageStyle: DECORATED
07:57:15.596 [FXGL Background Thread 3 ] DEBUG Engine               - supportedLanguages: [ENGLISH, FRENCH, GERMAN, HUNGARIAN, RUSSIAN]
07:57:15.596 [FXGL Background Thread 3 ] DEBUG Engine               - ticksPerSecond: -1
07:57:15.596 [FXGL Background Thread 3 ] DEBUG Engine               - title: Prototype
07:57:15.596 [FXGL Background Thread 3 ] DEBUG Engine               - urlGithub: https://github.com/AlmasB/FXGL
07:57:15.596 [FXGL Background Thread 3 ] DEBUG Engine               - urlLeaderboard: http://fxgl-top.herokuapp.com/
07:57:15.596 [FXGL Background Thread 3 ] DEBUG Engine               - urlPOM: https://raw.githubusercontent.com/AlmasB/FXGL/release/README.md
07:57:15.596 [FXGL Background Thread 3 ] DEBUG Engine               - userAppClass: class org.example.GameApp
07:57:15.596 [FXGL Background Thread 3 ] DEBUG Engine               - version: 0.1.5
07:57:15.596 [FXGL Background Thread 3 ] DEBUG Engine               - versionCheckDays: 7
07:57:15.596 [FXGL Background Thread 3 ] DEBUG Engine               - width: 1280
07:57:15.596 [FXGL Background Thread 3 ] DEBUG Engine               - Logging services
07:57:15.596 [FXGL Background Thread 3 ] DEBUG Engine               - class com.almasb.fxgl.app.services.FXGLAssetLoaderService
07:57:15.596 [FXGL Background Thread 3 ] DEBUG Engine               - class com.almasb.fxgl.app.FXGLApplication$GameApplicationService
07:57:15.596 [FXGL Background Thread 3 ] DEBUG Engine               - class com.almasb.fxgl.app.services.FXGLDialogService
07:57:15.596 [FXGL Background Thread 3 ] DEBUG Engine               - class com.almasb.fxgl.app.services.IOTaskExecutorService
07:57:15.596 [FXGL Background Thread 3 ] DEBUG Engine               - class com.almasb.fxgl.io.FileSystemService
07:57:15.596 [FXGL Background Thread 3 ] DEBUG Engine               - class com.almasb.fxgl.localization.LocalizationService
07:57:15.596 [FXGL Background Thread 3 ] DEBUG Engine               - class com.almasb.fxgl.app.services.SystemBundleService
07:57:15.596 [FXGL Background Thread 3 ] DEBUG Engine               - class com.almasb.fxgl.profile.SaveLoadService
07:57:15.596 [FXGL Background Thread 3 ] DEBUG Engine               - class com.almasb.fxgl.ui.FXGLUIFactoryServiceProvider
07:57:15.596 [FXGL Background Thread 3 ] DEBUG Engine               - class com.almasb.fxgl.ui.FXGLDialogFactoryServiceProvider
07:57:15.596 [FXGL Background Thread 3 ] DEBUG Engine               - class com.almasb.fxgl.audio.AudioPlayer
07:57:15.596 [FXGL Background Thread 3 ] DEBUG Engine               - class com.almasb.fxgl.notification.impl.NotificationServiceProvider
07:57:15.596 [FXGL Background Thread 3 ] DEBUG Engine               - class com.almasb.fxgl.achievement.AchievementService
07:57:15.596 [FXGL Background Thread 3 ] DEBUG Engine               - class com.almasb.fxgl.cutscene.CutsceneService
07:57:15.596 [FXGL Background Thread 3 ] DEBUG Engine               - class com.almasb.fxgl.minigames.MiniGameService
07:57:15.596 [FXGL Background Thread 3 ] DEBUG Engine               - class com.almasb.fxgl.net.NetService
07:57:15.596 [FXGL Background Thread 3 ] DEBUG Engine               - class com.almasb.fxgl.app.services.UpdaterService
07:57:15.596 [FXGL Background Thread 3 ] DEBUG Engine               - class com.almasb.fxgl.dev.DevService
07:57:15.775 [JavaFX Application Thread] DEBUG Menu                 - fireNewGame()
07:57:15.775 [JavaFX Application Thread] DEBUG GameApplicationServi - Starting new game
07:57:15.775 [JavaFX Application Thread] DEBUG PrimaryStageWindow   - Pop state: NameInputScene
07:57:15.775 [JavaFX Application Thread] DEBUG Input                - Clearing active input actions
07:57:15.775 [JavaFX Application Thread] DEBUG GameApplicationServi - Removing overlay from NameInputScene and adding to FXGLMainMenuDummyScene
07:57:15.777 [JavaFX Application Thread] DEBUG PrimaryStageWindow   - FXGLMainMenuDummyScene <- NameInputScene
07:57:15.777 [JavaFX Application Thread] DEBUG Input                - Clearing active input actions
07:57:15.780 [JavaFX Application Thread] DEBUG GameApplicationServi - Removing overlay from FXGLMainMenuDummyScene and adding to FXGLLoadingScene
07:57:15.781 [JavaFX Application Thread] DEBUG PrimaryStageWindow   - FXGLMainMenuDummyScene -> FXGLLoadingScene
07:57:15.781 [JavaFX Application Thread] DEBUG GameApplicationServi - Clearing previous game
07:57:15.781 [JavaFX Application Thread] DEBUG GameScene            - Clearing game scene
07:57:15.781 [JavaFX Application Thread] DEBUG GameWorld            - Clearing game world
07:57:15.781 [JavaFX Application Thread] DEBUG PhysicsWorld         - Clearing physics world
07:57:15.782 [FXGL Background Thread 2 ] DEBUG FXGLApplication      - Initializing game
07:57:15.783 [FXGL Background Thread 2 ] DEBUG Input                - Clearing active input actions
07:57:15.792 [FXGL Background Thread 2 ] DEBUG FXGLAssetLoaderServi - Loading from file system: file:/F:/my%20files/School/2nd%20year%202nd%20sem/TheOnlyException/Test/target/classes/assets/textures/dasd.png
07:57:15.809 [FXGL Background Thread 2 ] DEBUG FXGLAssetLoaderServi - Loading from file system: file:/F:/my%20files/School/2nd%20year%202nd%20sem/TheOnlyException/Test/target/classes/assets/textures/player-scaled.png
07:57:15.843 [FXGL Background Thread 2 ] INFO  FXGLApplication      - Game initialization took: 0.061 sec
07:57:15.844 [JavaFX Application Thread] DEBUG Input                - Clearing active input actions
07:57:15.849 [JavaFX Application Thread] DEBUG GameApplicationServi - Removing overlay from FXGLLoadingScene and adding to GameScene
07:57:15.849 [JavaFX Application Thread] DEBUG PrimaryStageWindow   - FXGLLoadingScene -> GameScene
07:57:16.306 [JavaFX Application Thread] DEBUG FXGLAssetLoaderServi - Loading from file system: file:/F:/my%20files/School/2nd%20year%202nd%20sem/TheOnlyException/Test/target/classes/assets/textures/MaggotWalk-scaled.png
07:57:16.680 [JavaFX Application Thread] DEBUG FXGLAssetLoaderServi - Loading from file system: file:/F:/my%20files/School/2nd%20year%202nd%20sem/TheOnlyException/Test/target/classes/assets/textures/BeetleMove-scaled.png
07:57:17.265 [JavaFX Application Thread] DEBUG FXGLAssetLoaderServi - Loading from file system: file:/F:/my%20files/School/2nd%20year%202nd%20sem/TheOnlyException/Test/target/classes/assets/textures/MantisMove-scaled.png
07:57:18.427 [JavaFX Application Thread] DEBUG FXGLAssetLoaderServi - Loading from file system: file:/F:/my%20files/School/2nd%20year%202nd%20sem/TheOnlyException/Test/target/classes/assets/textures/lightning_strike.png
07:57:23.364 [JavaFX Application Thread] DEBUG LoopRunner           - Pausing loop
07:57:23.369 [JavaFX Application Thread] DEBUG PrimaryStageWindow   - Push state: DialogSubScene
07:57:23.369 [JavaFX Application Thread] DEBUG Input                - Clearing active input actions
07:57:23.370 [JavaFX Application Thread] DEBUG GameApplicationServi - Removing overlay from GameScene and adding to DialogSubScene
07:57:23.370 [JavaFX Application Thread] DEBUG PrimaryStageWindow   - GameScene -> DialogSubScene
07:57:24.705 [JavaFX Application Thread] DEBUG PrimaryStageWindow   - Pop state: DialogSubScene
07:57:24.706 [JavaFX Application Thread] DEBUG Input                - Clearing active input actions
07:57:24.706 [JavaFX Application Thread] DEBUG GameApplicationServi - Removing overlay from DialogSubScene and adding to GameScene
07:57:24.706 [JavaFX Application Thread] DEBUG PrimaryStageWindow   - GameScene <- DialogSubScene
07:57:24.706 [JavaFX Application Thread] DEBUG LoopRunner           - Resuming loop
07:57:26.253 [JavaFX Application Thread] DEBUG LoopRunner           - Pausing loop
07:57:26.254 [JavaFX Application Thread] DEBUG PrimaryStageWindow   - Push state: DialogSubScene
07:57:26.254 [JavaFX Application Thread] DEBUG Input                - Clearing active input actions
07:57:26.254 [JavaFX Application Thread] DEBUG GameApplicationServi - Removing overlay from GameScene and adding to DialogSubScene
07:57:26.254 [JavaFX Application Thread] DEBUG PrimaryStageWindow   - GameScene -> DialogSubScene
07:57:27.280 [JavaFX Application Thread] DEBUG PrimaryStageWindow   - Pop state: DialogSubScene
07:57:27.280 [JavaFX Application Thread] DEBUG Input                - Clearing active input actions
07:57:27.280 [JavaFX Application Thread] DEBUG GameApplicationServi - Removing overlay from DialogSubScene and adding to GameScene
07:57:27.280 [JavaFX Application Thread] DEBUG PrimaryStageWindow   - GameScene <- DialogSubScene
07:57:27.280 [JavaFX Application Thread] DEBUG LoopRunner           - Resuming loop
07:57:30.251 [JavaFX Application Thread] DEBUG FXGLApplication      - Exiting FXGL
07:57:30.251 [JavaFX Application Thread] DEBUG LoopRunner           - Stopping loop
07:57:30.251 [JavaFX Application Thread] DEBUG SystemBundleService  - Saving FXGL system data
07:57:30.252 [JavaFX Application Thread] DEBUG FileSystemAccess     - Writing to: F:\my files\School\2nd year 2nd sem\TheOnlyException\system\fxgl.bundle
07:57:30.309 [JavaFX Application Thread] DEBUG Async                - Shutting down background threads
07:57:30.309 [JavaFX Application Thread] DEBUG PrimaryStageWindow   - Closing main window
07:57:30.325 [JavaFX Application Thread] DEBUG Logger               - Closing Logger
