11:08:19.767 [main                     ] DEBUG Logger               - Configured Logger
11:08:19.778 [main                     ] DEBUG GameApplication      - Logging settings
Title: Prototype Game
Version: 0.1.5
Width: 1280
Height: 720
Fullscreen: false
Intro: false
Profiling: false
Single step:false
App Mode: DEVELOPER
Menu Key: ESCAPE
Stage Style: DECORATED
Scene Factory: class org.example.core.GameApp$1

11:08:21.300 [JavaFX Application Thread] DEBUG FXGLApplication      - Initializing FXGL
11:08:21.317 [JavaFX Application Thread] INFO  Engine               - FXGL-21+dev-SNAPSHOT (26.03.2024 21.04) on WINDOWS (J:24 FX:21.0.1)
11:08:21.318 [JavaFX Application Thread] DEBUG Engine               - JRE Vendor Name: Oracle Corporation
11:08:21.319 [JavaFX Application Thread] DEBUG Engine               - Running on OS: Windows 11 version 10.0
11:08:21.319 [JavaFX Application Thread] DEBUG Engine               - Architecture: amd64
11:08:21.320 [JavaFX Application Thread] INFO  Engine               - Source code and latest versions at: https://github.com/AlmasB/FXGL
11:08:21.320 [JavaFX Application Thread] INFO  Engine               -       Ask questions and discuss at: https://github.com/AlmasB/FXGL/discussions
11:08:21.321 [JavaFX Application Thread] INFO  Engine               -              Join the FXGL chat at: https://gitter.im/AlmasB/FXGL
11:08:22.014 [JavaFX Application Thread] DEBUG PrimaryStageWindow   - Creating a JavaFX scene
11:08:22.223 [JavaFX Application Thread] DEBUG PrimaryStageWindow   - Target settings size: 1280.0 x 720.0
11:08:22.223 [JavaFX Application Thread] DEBUG PrimaryStageWindow   - Scaled scene size:    1280.0 x 720.0
11:08:22.224 [JavaFX Application Thread] DEBUG PrimaryStageWindow   - Scaled ratio: (1.0, 1.0)
11:08:22.227 [JavaFX Application Thread] DEBUG PrimaryStageWindow   - Set initial scene to FXGLStartupScene
11:08:22.242 [JavaFX Application Thread] DEBUG PrimaryStageWindow   - Opening main window
11:08:22.582 [JavaFX Application Thread] DEBUG PrimaryStageWindow   - Window border size: (14.4000244140625, 37.5999755859375)
11:08:22.583 [JavaFX Application Thread] DEBUG PrimaryStageWindow   - Scaled size: 1280.0 x 720.0
11:08:22.584 [JavaFX Application Thread] DEBUG PrimaryStageWindow   - Scaled ratio: (1.0, 1.0)
11:08:22.585 [JavaFX Application Thread] DEBUG PrimaryStageWindow   - Scene size: 1280.0 x 720.0
11:08:22.586 [JavaFX Application Thread] DEBUG PrimaryStageWindow   - Stage size: 1294.4000244140625 x 757.5999755859375
11:08:22.634 [FXGL Background Thread 1 ] DEBUG Engine               - Initializing environment variables
11:08:22.832 [FXGL Background Thread 1 ] DEBUG FXGLAssetLoaderServi - User app class for loading assets: class org.example.core.GameApp
11:08:22.833 [FXGL Background Thread 1 ] DEBUG GameApplicationServi - Applying CSS: fxgl_dark.css
11:08:22.838 [FXGL Background Thread 1 ] DEBUG FXGLAssetLoaderServi - Loading from file system: jar:file:/C:/Users/ginac/.m2/repository/com/github/AlmasB/FXGL/fxgl/21.1/fxgl-21.1.jar!/fxglassets/ui/css/fxgl_dark.css
11:08:23.016 [FXGL Background Thread 1 ] DEBUG GameApplicationServi - Initializing application scenes
11:08:23.208 [FXGL Background Thread 1 ] DEBUG GameWorld            - Game world initialized
11:08:23.349 [FXGL Background Thread 1 ] DEBUG PhysicsWorld         - Physics world initialized: appHeight=720, physics.ppm=50.0
11:08:23.350 [FXGL Background Thread 1 ] DEBUG PhysicsWorld         - Using strategy: BRUTE_FORCE
11:08:23.359 [FXGL Background Thread 1 ] DEBUG GameScene            - Game scene initialized: 1280x720
11:08:24.376 [FXGL Background Thread 1 ] DEBUG GameApplicationServi - Application scenes initialized
11:08:24.434 [FXGL Background Thread 1 ] DEBUG SystemBundleService  - Loading FXGL system data
11:08:24.438 [FXGL Background Thread 1 ] DEBUG FileSystemAccess     - Reading from: C:\Users\ginac\IdeaProjects\TheOnlyException3\system\fxgl.bundle
11:08:24.443 [FXGL Background Thread 1 ] DEBUG SystemBundleService  - Bundle FXGL: {}
11:08:24.443 [FXGL Background Thread 1 ] DEBUG UpdaterService       - Checking for updates
11:08:24.457 [FXGL Background Thread 4 ] DEBUG FXGLApplication      - Loading fonts
11:08:24.458 [FXGL Background Thread 4 ] DEBUG FXGLAssetLoaderServi - Loading from file system: jar:file:/C:/Users/ginac/.m2/repository/com/github/AlmasB/FXGL/fxgl-samples/21.1/fxgl-samples-21.1.jar!/assets/ui/fonts/VarelaRound-Regular.ttf
11:08:24.460 [FXGL Background Thread 1 ] DEBUG FXGLApplication      - Loading default localization
11:08:24.462 [FXGL Background Thread 1 ] DEBUG FXGLAssetLoaderServi - Loading from file system: jar:file:/C:/Users/ginac/.m2/repository/com/github/AlmasB/FXGL/fxgl/21.1/fxgl-21.1.jar!/fxglassets/languages/english.lang
11:08:24.515 [FXGL Background Thread 4 ] DEBUG FXGLAssetLoaderServi - Loading from file system: jar:file:/C:/Users/ginac/.m2/repository/com/github/AlmasB/FXGL/fxgl/21.1/fxgl-21.1.jar!/fxglassets/ui/fonts/Abel-Regular.ttf
11:08:24.535 [FXGL Background Thread 4 ] DEBUG FXGLAssetLoaderServi - Loading from file system: jar:file:/C:/Users/ginac/.m2/repository/com/github/AlmasB/FXGL/fxgl/21.1/fxgl-21.1.jar!/fxglassets/ui/fonts/TerminalLandMono-Regular.otf
11:08:24.558 [FXGL Background Thread 4 ] DEBUG FXGLAssetLoaderServi - Loading from file system: jar:file:/C:/Users/ginac/.m2/repository/com/github/AlmasB/FXGL/fxgl/21.1/fxgl-21.1.jar!/fxglassets/ui/fonts/Courier-Prime.ttf
11:08:24.633 [JavaFX Application Thread] DEBUG FXGLApplication      - Registering font factories with UI factory
11:08:24.670 [FXGL Background Thread 1 ] INFO  FXGLApplication      - FXGL initialization took: 2.036 sec
11:08:24.700 [JavaFX Application Thread] DEBUG Input                - Registered new binding: action0 - A
11:08:24.702 [JavaFX Application Thread] DEBUG Input                - Registered new binding: action1 - D
11:08:24.703 [JavaFX Application Thread] DEBUG Input                - Registered new binding: action2 - W
11:08:24.704 [JavaFX Application Thread] DEBUG Input                - Registered new binding: action3 - S
11:08:24.706 [JavaFX Application Thread] DEBUG FXGLAssetLoaderServi - Loading from file system: jar:file:/C:/Users/ginac/.m2/repository/com/github/AlmasB/FXGL/fxgl/21.1/fxgl-21.1.jar!/fxglassets/textures/fxgl_icon.png
11:08:24.868 [JavaFX Application Thread] DEBUG FXGLAssetLoaderServi - Loading from file system: jar:file:/C:/Users/ginac/.m2/repository/com/github/AlmasB/FXGL/fxgl/21.1/fxgl-21.1.jar!/fxglassets/textures/fxgl_default_cursor.png
11:08:24.890 [JavaFX Application Thread] DEBUG Input                - Registered new binding: Screenshot - CTRL+8
11:08:24.893 [JavaFX Application Thread] DEBUG Input                - Registered new binding: System info dump - CTRL+9
11:08:24.895 [JavaFX Application Thread] DEBUG Input                - Registered new binding: Restart - CTRL+R
11:08:24.899 [JavaFX Application Thread] DEBUG Input                - Registered new binding: Toggle Debug Camera - CTRL+7
11:08:24.925 [JavaFX Application Thread] DEBUG LoopRunner           - Starting loop
11:08:24.927 [JavaFX Application Thread] DEBUG LoopRunner           - Initializing JavaFX AnimationTimerLoop
11:08:24.940 [JavaFX Application Thread] DEBUG Input                - Clearing active input actions
11:08:24.967 [JavaFX Application Thread] DEBUG GameApplicationServi - Removing overlay from FXGLStartupScene and adding to FXGLMainMenuDummyScene
11:08:24.970 [JavaFX Application Thread] DEBUG PrimaryStageWindow   - FXGLStartupScene -> FXGLMainMenuDummyScene
11:08:24.971 [JavaFX Application Thread] DEBUG PrimaryStageWindow   - Push state: LoginScene
11:08:24.973 [JavaFX Application Thread] DEBUG Input                - Clearing active input actions
11:08:25.031 [JavaFX Application Thread] DEBUG GameApplicationServi - Removing overlay from FXGLMainMenuDummyScene and adding to LoginScene
11:08:25.033 [JavaFX Application Thread] DEBUG PrimaryStageWindow   - FXGLMainMenuDummyScene -> LoginScene
11:08:26.051 [FXGL Background Thread 2 ] INFO  UpdaterService       - Your current version:  21+dev-SNAPSHOT
11:08:26.052 [FXGL Background Thread 2 ] INFO  UpdaterService       - Latest stable version: 21.1
11:08:27.453 [FXGL Background Thread 3 ] DEBUG Engine               - Logging environment variables
11:08:27.454 [FXGL Background Thread 3 ] DEBUG Engine               - achievements: []
11:08:27.454 [FXGL Background Thread 3 ] DEBUG Engine               - actualHeight: 720.0
11:08:27.454 [FXGL Background Thread 3 ] DEBUG Engine               - actualHeightProperty: ReadOnlyDoubleProperty [value: 720.0]
11:08:27.454 [FXGL Background Thread 3 ] DEBUG Engine               - actualWidth: 1280.0
11:08:27.455 [FXGL Background Thread 3 ] DEBUG Engine               - actualWidthProperty: ReadOnlyDoubleProperty [value: 1280.0]
11:08:27.455 [FXGL Background Thread 3 ] DEBUG Engine               - appIcon: fxgl_icon.png
11:08:27.455 [FXGL Background Thread 3 ] DEBUG Engine               - applicationMode: DEVELOPER
11:08:27.455 [FXGL Background Thread 3 ] DEBUG Engine               - cSSList: [fxgl_dark.css]
11:08:27.455 [FXGL Background Thread 3 ] DEBUG Engine               - collisionDetectionStrategy: BRUTE_FORCE
11:08:27.455 [FXGL Background Thread 3 ] DEBUG Engine               - configClass: Optional.empty
11:08:27.456 [FXGL Background Thread 3 ] DEBUG Engine               - credits: []
11:08:27.462 [FXGL Background Thread 3 ] DEBUG Engine               - defaultCursor: CursorInfo(imageName=fxgl_default_cursor.png, hotspotX=7.0, hotspotY=6.0)
11:08:27.463 [FXGL Background Thread 3 ] DEBUG Engine               - devBBoxColorProperty: ObjectProperty [value: 0xff0000ff]
11:08:27.463 [FXGL Background Thread 3 ] DEBUG Engine               - devEnableDebugCameraProperty: BooleanProperty [value: false]
11:08:27.464 [FXGL Background Thread 3 ] DEBUG Engine               - devSensorColorProperty: ObjectProperty [value: 0xffff00ff]
11:08:27.464 [FXGL Background Thread 3 ] DEBUG Engine               - devShowBBoxProperty: BooleanProperty [value: false]
11:08:27.464 [FXGL Background Thread 3 ] DEBUG Engine               - devShowPositionProperty: BooleanProperty [value: false]
11:08:27.464 [FXGL Background Thread 3 ] DEBUG Engine               - enabledMenuItems: []
11:08:27.464 [FXGL Background Thread 3 ] DEBUG Engine               - engineServices: [class com.almasb.fxgl.app.services.FXGLAssetLoaderService, class com.almasb.fxgl.app.FXGLApplication$GameApplicationService, class com.almasb.fxgl.app.services.FXGLDialogService, class com.almasb.fxgl.app.services.IOTaskExecutorService, class com.almasb.fxgl.io.FileSystemService, class com.almasb.fxgl.localization.LocalizationService, class com.almasb.fxgl.app.services.SystemBundleService, class com.almasb.fxgl.profile.SaveLoadService, class com.almasb.fxgl.ui.FXGLUIFactoryServiceProvider, class com.almasb.fxgl.ui.FXGLDialogFactoryServiceProvider, class com.almasb.fxgl.audio.AudioPlayer, class com.almasb.fxgl.notification.impl.NotificationServiceProvider, class com.almasb.fxgl.achievement.AchievementService, class com.almasb.fxgl.cutscene.CutsceneService, class com.almasb.fxgl.minigames.MiniGameService, class com.almasb.fxgl.net.NetService, class com.almasb.fxgl.app.services.UpdaterService, class com.almasb.fxgl.dev.DevService]
11:08:27.464 [FXGL Background Thread 3 ] DEBUG Engine               - fontGame: Abel-Regular.ttf
11:08:27.465 [FXGL Background Thread 3 ] DEBUG Engine               - fontMono: TerminalLandMono-Regular.otf
11:08:27.465 [FXGL Background Thread 3 ] DEBUG Engine               - fontSizeScaleUI: 1.0
11:08:27.465 [FXGL Background Thread 3 ] DEBUG Engine               - fontText: Courier-Prime.ttf
11:08:27.465 [FXGL Background Thread 3 ] DEBUG Engine               - fontUI: VarelaRound-Regular.ttf
11:08:27.465 [FXGL Background Thread 3 ] DEBUG Engine               - fullScreen: BooleanProperty [value: false]
11:08:27.465 [FXGL Background Thread 3 ] DEBUG Engine               - gameDifficulty: MEDIUM
11:08:27.465 [FXGL Background Thread 3 ] DEBUG Engine               - gameDifficultyProperty: ObjectProperty [value: MEDIUM]
11:08:27.465 [FXGL Background Thread 3 ] DEBUG Engine               - globalMusicVolume: 0.5
11:08:27.466 [FXGL Background Thread 3 ] DEBUG Engine               - globalMusicVolumeProperty: DoubleProperty [value: 0.5]
11:08:27.466 [FXGL Background Thread 3 ] DEBUG Engine               - globalSoundVolume: 0.5
11:08:27.466 [FXGL Background Thread 3 ] DEBUG Engine               - globalSoundVolumeProperty: DoubleProperty [value: 0.5]
11:08:27.466 [FXGL Background Thread 3 ] DEBUG Engine               - height: 720
11:08:27.466 [FXGL Background Thread 3 ] DEBUG Engine               - is3D: false
11:08:27.466 [FXGL Background Thread 3 ] DEBUG Engine               - isAndroid: false
11:08:27.466 [FXGL Background Thread 3 ] DEBUG Engine               - isBrowser: false
11:08:27.466 [FXGL Background Thread 3 ] DEBUG Engine               - isClickFeedbackEnabled: false
11:08:27.467 [FXGL Background Thread 3 ] DEBUG Engine               - isCloseConfirmation: false
11:08:27.467 [FXGL Background Thread 3 ] DEBUG Engine               - isDesktop: true
11:08:27.467 [FXGL Background Thread 3 ] DEBUG Engine               - isDeveloperMenuEnabled: false
11:08:27.467 [FXGL Background Thread 3 ] DEBUG Engine               - isEmbedded: false
11:08:27.467 [FXGL Background Thread 3 ] DEBUG Engine               - isEntityPreloadEnabled: true
11:08:27.467 [FXGL Background Thread 3 ] DEBUG Engine               - isExperimentalTiledLargeMap: false
11:08:27.467 [FXGL Background Thread 3 ] DEBUG Engine               - isFileSystemWriteAllowed: true
11:08:27.467 [FXGL Background Thread 3 ] DEBUG Engine               - isFullScreenAllowed: false
11:08:27.467 [FXGL Background Thread 3 ] DEBUG Engine               - isFullScreenFromStart: false
11:08:27.467 [FXGL Background Thread 3 ] DEBUG Engine               - isGameMenuEnabled: false
11:08:27.467 [FXGL Background Thread 3 ] DEBUG Engine               - isIOS: false
11:08:27.467 [FXGL Background Thread 3 ] DEBUG Engine               - isIntroEnabled: false
11:08:27.467 [FXGL Background Thread 3 ] DEBUG Engine               - isLinux: false
11:08:27.468 [FXGL Background Thread 3 ] DEBUG Engine               - isMac: false
11:08:27.468 [FXGL Background Thread 3 ] DEBUG Engine               - isMainMenuEnabled: true
11:08:27.468 [FXGL Background Thread 3 ] DEBUG Engine               - isManualResizeEnabled: false
11:08:27.468 [FXGL Background Thread 3 ] DEBUG Engine               - isMobile: false
11:08:27.468 [FXGL Background Thread 3 ] DEBUG Engine               - isNative: false
11:08:27.468 [FXGL Background Thread 3 ] DEBUG Engine               - isPauseMusicWhenMinimized: true
11:08:27.468 [FXGL Background Thread 3 ] DEBUG Engine               - isPreserveResizeRatio: false
11:08:27.468 [FXGL Background Thread 3 ] DEBUG Engine               - isProfilingEnabled: false
11:08:27.468 [FXGL Background Thread 3 ] DEBUG Engine               - isScaleAffectedOnResize: true
11:08:27.468 [FXGL Background Thread 3 ] DEBUG Engine               - isSingleStep: false
11:08:27.468 [FXGL Background Thread 3 ] DEBUG Engine               - isUserProfileEnabled: false
11:08:27.469 [FXGL Background Thread 3 ] DEBUG Engine               - isWindows: true
11:08:27.469 [FXGL Background Thread 3 ] DEBUG Engine               - language: ObjectProperty [value: ENGLISH]
11:08:27.469 [FXGL Background Thread 3 ] DEBUG Engine               - menuKey: ESCAPE
11:08:27.469 [FXGL Background Thread 3 ] DEBUG Engine               - mouseSensitivity: 0.2
11:08:27.469 [FXGL Background Thread 3 ] DEBUG Engine               - notificationViewClass: class com.almasb.fxgl.notification.view.XboxNotificationView
11:08:27.469 [FXGL Background Thread 3 ] DEBUG Engine               - pixelsPerMeter: 50.0
11:08:27.469 [FXGL Background Thread 3 ] DEBUG Engine               - platform: WINDOWS
11:08:27.469 [FXGL Background Thread 3 ] DEBUG Engine               - prefHeightProperty: ReadOnlyDoubleProperty [value: 720.0]
11:08:27.470 [FXGL Background Thread 3 ] DEBUG Engine               - prefWidthProperty: ReadOnlyDoubleProperty [value: 1280.0]
11:08:27.470 [FXGL Background Thread 3 ] DEBUG Engine               - profileDir: profiles/
11:08:27.470 [FXGL Background Thread 3 ] DEBUG Engine               - profileName: StringProperty [value: DEFAULT]
11:08:27.470 [FXGL Background Thread 3 ] DEBUG Engine               - randomSeed: -1
11:08:27.470 [FXGL Background Thread 3 ] DEBUG Engine               - runtimeInfo: RuntimeInfo(platform=WINDOWS, version=21+dev-SNAPSHOT, build=26.03.2024 21.04)
11:08:27.471 [FXGL Background Thread 3 ] DEBUG Engine               - saveFileExt: sav
11:08:27.471 [FXGL Background Thread 3 ] DEBUG Engine               - scaledHeightProp$fxgl: DoubleProperty [bound, value: 720.0]
11:08:27.471 [FXGL Background Thread 3 ] DEBUG Engine               - scaledWidthProp$fxgl: DoubleProperty [bound, value: 1280.0]
11:08:27.471 [FXGL Background Thread 3 ] DEBUG Engine               - sceneFactory: org.example.core.GameApp$1@1ed663da
11:08:27.471 [FXGL Background Thread 3 ] DEBUG Engine               - secondsIn24h: 60
11:08:27.471 [FXGL Background Thread 3 ] DEBUG Engine               - soundMenuBack: menu/back.wav
11:08:27.471 [FXGL Background Thread 3 ] DEBUG Engine               - soundMenuPress: menu/press.wav
11:08:27.471 [FXGL Background Thread 3 ] DEBUG Engine               - soundMenuSelect: menu/select.wav
11:08:27.471 [FXGL Background Thread 3 ] DEBUG Engine               - soundNotification: core/notification.wav
11:08:27.471 [FXGL Background Thread 3 ] DEBUG Engine               - stageStyle: DECORATED
11:08:27.472 [FXGL Background Thread 3 ] DEBUG Engine               - supportedLanguages: [ENGLISH, FRENCH, GERMAN, HUNGARIAN, RUSSIAN]
11:08:27.472 [FXGL Background Thread 3 ] DEBUG Engine               - ticksPerSecond: -1
11:08:27.472 [FXGL Background Thread 3 ] DEBUG Engine               - title: Prototype Game
11:08:27.472 [FXGL Background Thread 3 ] DEBUG Engine               - urlGithub: https://github.com/AlmasB/FXGL
11:08:27.472 [FXGL Background Thread 3 ] DEBUG Engine               - urlLeaderboard: http://fxgl-top.herokuapp.com/
11:08:27.472 [FXGL Background Thread 3 ] DEBUG Engine               - urlPOM: https://raw.githubusercontent.com/AlmasB/FXGL/release/README.md
11:08:27.472 [FXGL Background Thread 3 ] DEBUG Engine               - userAppClass: class org.example.core.GameApp
11:08:27.472 [FXGL Background Thread 3 ] DEBUG Engine               - version: 0.1.5
11:08:27.472 [FXGL Background Thread 3 ] DEBUG Engine               - versionCheckDays: 7
11:08:27.472 [FXGL Background Thread 3 ] DEBUG Engine               - width: 1280
11:08:27.472 [FXGL Background Thread 3 ] DEBUG Engine               - Logging services
11:08:27.472 [FXGL Background Thread 3 ] DEBUG Engine               - class com.almasb.fxgl.app.services.FXGLAssetLoaderService
11:08:27.472 [FXGL Background Thread 3 ] DEBUG Engine               - class com.almasb.fxgl.app.FXGLApplication$GameApplicationService
11:08:27.472 [FXGL Background Thread 3 ] DEBUG Engine               - class com.almasb.fxgl.app.services.FXGLDialogService
11:08:27.472 [FXGL Background Thread 3 ] DEBUG Engine               - class com.almasb.fxgl.app.services.IOTaskExecutorService
11:08:27.472 [FXGL Background Thread 3 ] DEBUG Engine               - class com.almasb.fxgl.io.FileSystemService
11:08:27.472 [FXGL Background Thread 3 ] DEBUG Engine               - class com.almasb.fxgl.localization.LocalizationService
11:08:27.472 [FXGL Background Thread 3 ] DEBUG Engine               - class com.almasb.fxgl.app.services.SystemBundleService
11:08:27.474 [FXGL Background Thread 3 ] DEBUG Engine               - class com.almasb.fxgl.profile.SaveLoadService
11:08:27.474 [FXGL Background Thread 3 ] DEBUG Engine               - class com.almasb.fxgl.ui.FXGLUIFactoryServiceProvider
11:08:27.474 [FXGL Background Thread 3 ] DEBUG Engine               - class com.almasb.fxgl.ui.FXGLDialogFactoryServiceProvider
11:08:27.475 [FXGL Background Thread 3 ] DEBUG Engine               - class com.almasb.fxgl.audio.AudioPlayer
11:08:27.475 [FXGL Background Thread 3 ] DEBUG Engine               - class com.almasb.fxgl.notification.impl.NotificationServiceProvider
11:08:27.475 [FXGL Background Thread 3 ] DEBUG Engine               - class com.almasb.fxgl.achievement.AchievementService
11:08:27.475 [FXGL Background Thread 3 ] DEBUG Engine               - class com.almasb.fxgl.cutscene.CutsceneService
11:08:27.476 [FXGL Background Thread 3 ] DEBUG Engine               - class com.almasb.fxgl.minigames.MiniGameService
11:08:27.476 [FXGL Background Thread 3 ] DEBUG Engine               - class com.almasb.fxgl.net.NetService
11:08:27.476 [FXGL Background Thread 3 ] DEBUG Engine               - class com.almasb.fxgl.app.services.UpdaterService
11:08:27.476 [FXGL Background Thread 3 ] DEBUG Engine               - class com.almasb.fxgl.dev.DevService
11:08:30.224 [JavaFX Application Thread] DEBUG GameWorld            - Game world initialized
11:08:30.226 [JavaFX Application Thread] DEBUG PhysicsWorld         - Physics world initialized: appHeight=720, physics.ppm=50.0
11:08:30.227 [JavaFX Application Thread] DEBUG PhysicsWorld         - Using strategy: BRUTE_FORCE
11:08:30.230 [JavaFX Application Thread] DEBUG GameScene            - Game scene initialized: 1280x720
11:08:30.353 [JavaFX Application Thread] DEBUG PrimaryStageWindow   - Push state: MainMenuScene
11:08:30.385 [JavaFX Application Thread] DEBUG Input                - Clearing active input actions
11:08:30.400 [JavaFX Application Thread] DEBUG GameApplicationServi - Removing overlay from LoginScene and adding to MainMenuScene
11:08:30.402 [JavaFX Application Thread] DEBUG PrimaryStageWindow   - LoginScene -> MainMenuScene
11:08:30.404 [JavaFX Application Thread] DEBUG GameWorld            - Game world initialized
11:08:30.406 [JavaFX Application Thread] DEBUG PhysicsWorld         - Physics world initialized: appHeight=720, physics.ppm=50.0
11:08:30.407 [JavaFX Application Thread] DEBUG PhysicsWorld         - Using strategy: BRUTE_FORCE
11:08:30.410 [JavaFX Application Thread] DEBUG GameScene            - Game scene initialized: 1280x720
11:08:30.472 [JavaFX Application Thread] DEBUG PrimaryStageWindow   - Push state: MainMenuScene
11:08:30.494 [JavaFX Application Thread] DEBUG Input                - Clearing active input actions
11:08:30.497 [JavaFX Application Thread] DEBUG GameApplicationServi - Removing overlay from MainMenuScene and adding to MainMenuScene
11:08:30.498 [JavaFX Application Thread] DEBUG PrimaryStageWindow   - MainMenuScene -> MainMenuScene
11:08:32.677 [JavaFX Application Thread] DEBUG GameApplicationServi - Starting new game
11:08:32.679 [JavaFX Application Thread] DEBUG PrimaryStageWindow   - Pop state: MainMenuScene
11:08:32.679 [JavaFX Application Thread] DEBUG Input                - Clearing active input actions
11:08:32.682 [JavaFX Application Thread] DEBUG GameApplicationServi - Removing overlay from MainMenuScene and adding to MainMenuScene
11:08:32.684 [JavaFX Application Thread] DEBUG PrimaryStageWindow   - MainMenuScene <- MainMenuScene
11:08:32.684 [JavaFX Application Thread] DEBUG PrimaryStageWindow   - Pop state: MainMenuScene
11:08:32.684 [JavaFX Application Thread] DEBUG Input                - Clearing active input actions
11:08:32.686 [JavaFX Application Thread] DEBUG GameApplicationServi - Removing overlay from MainMenuScene and adding to LoginScene
11:08:32.687 [JavaFX Application Thread] DEBUG PrimaryStageWindow   - LoginScene <- MainMenuScene
11:08:32.920 [JavaFX Application Thread] DEBUG PrimaryStageWindow   - Pop state: LoginScene
11:08:32.920 [JavaFX Application Thread] DEBUG Input                - Clearing active input actions
11:08:32.921 [JavaFX Application Thread] DEBUG GameApplicationServi - Removing overlay from LoginScene and adding to FXGLMainMenuDummyScene
11:08:32.922 [JavaFX Application Thread] DEBUG PrimaryStageWindow   - FXGLMainMenuDummyScene <- LoginScene
11:08:32.922 [JavaFX Application Thread] DEBUG Input                - Clearing active input actions
11:08:32.993 [JavaFX Application Thread] DEBUG GameApplicationServi - Removing overlay from FXGLMainMenuDummyScene and adding to FXGLLoadingScene
11:08:32.994 [JavaFX Application Thread] DEBUG PrimaryStageWindow   - FXGLMainMenuDummyScene -> FXGLLoadingScene
11:08:32.994 [JavaFX Application Thread] DEBUG GameApplicationServi - Clearing previous game
11:08:32.994 [JavaFX Application Thread] DEBUG GameScene            - Clearing game scene
11:08:32.995 [JavaFX Application Thread] DEBUG GameWorld            - Clearing game world
11:08:32.995 [JavaFX Application Thread] DEBUG PhysicsWorld         - Clearing physics world
11:08:33.003 [FXGL Background Thread 2 ] DEBUG FXGLApplication      - Initializing game
11:08:33.086 [FXGL Background Thread 2 ] DEBUG FXGLAssetLoaderServi - Loading from file system: file:/C:/Users/ginac/IdeaProjects/TheOnlyException3/Test/target/classes/assets/textures/dasd.png
11:08:33.221 [FXGL Background Thread 2 ] DEBUG FXGLAssetLoaderServi - Loading from file system: file:/C:/Users/ginac/IdeaProjects/TheOnlyException3/Test/target/classes/assets/textures/player-scaled.png
11:08:33.501 [FXGL Background Thread 2 ] INFO  FXGLApplication      - Game initialization took: 0.498 sec
11:08:33.509 [JavaFX Application Thread] DEBUG Input                - Clearing active input actions
11:08:33.544 [JavaFX Application Thread] DEBUG GameApplicationServi - Removing overlay from FXGLLoadingScene and adding to GameScene
11:08:33.544 [JavaFX Application Thread] DEBUG PrimaryStageWindow   - FXGLLoadingScene -> GameScene
11:08:33.976 [JavaFX Application Thread] DEBUG FXGLAssetLoaderServi - Loading from file system: file:/C:/Users/ginac/IdeaProjects/TheOnlyException3/Test/target/classes/assets/textures/MaggotWalk-scaled.png
11:08:33.994 [JavaFX Application Thread] DEBUG FXGLAssetLoaderServi - Loading from file system: file:/C:/Users/ginac/IdeaProjects/TheOnlyException3/Test/target/classes/assets/textures/BeetleMove-scaled.png
11:08:34.003 [JavaFX Application Thread] DEBUG FXGLAssetLoaderServi - Loading from file system: file:/C:/Users/ginac/IdeaProjects/TheOnlyException3/Test/target/classes/assets/textures/MantisMove-scaled.png
11:08:34.012 [JavaFX Application Thread] DEBUG FXGLAssetLoaderServi - Loading from file system: file:/C:/Users/ginac/IdeaProjects/TheOnlyException3/Test/target/classes/assets/textures/BeeMove-scaled.png
11:08:34.019 [JavaFX Application Thread] DEBUG FXGLAssetLoaderServi - Loading from file system: file:/C:/Users/ginac/IdeaProjects/TheOnlyException3/Test/target/classes/assets/textures/GiantFly.png
11:08:34.024 [JavaFX Application Thread] DEBUG FXGLAssetLoaderServi - Loading from file system: file:/C:/Users/ginac/IdeaProjects/TheOnlyException3/Test/target/classes/assets/textures/DragonFly.png
11:08:38.649 [JavaFX Application Thread] DEBUG FXGLApplication      - Exiting FXGL
11:08:38.649 [JavaFX Application Thread] DEBUG LoopRunner           - Stopping loop
11:08:38.649 [JavaFX Application Thread] DEBUG SystemBundleService  - Saving FXGL system data
11:08:38.655 [JavaFX Application Thread] DEBUG FileSystemAccess     - Writing to: C:\Users\ginac\IdeaProjects\TheOnlyException3\system\fxgl.bundle
11:08:38.662 [JavaFX Application Thread] DEBUG Async                - Shutting down background threads
11:08:38.663 [JavaFX Application Thread] DEBUG PrimaryStageWindow   - Closing main window
11:08:38.735 [JavaFX Application Thread] DEBUG Logger               - Closing Logger
