21:21:06.360 [main                     ] DEBUG Logger               - Configured Logger
21:21:06.381 [main                     ] DEBUG GameApplication      - Logging settings
Title: Prototype Game
Version: 0.1.5
Width: 1280
Height: 720
Fullscreen: false
Intro: false
Profiling: false
Single step:false
App Mode: DEVELOPER
Menu Key: ESCAPE
Stage Style: DECORATED
Scene Factory: class org.example.GameApp$1

21:21:07.099 [JavaFX Application Thread] DEBUG FXGLApplication      - Initializing FXGL
21:21:07.105 [JavaFX Application Thread] INFO  Engine               - FXGL-17+dev-SNAPSHOT (01.09.2022 03.33) on WINDOWS (J:23.0.1 FX:18)
21:21:07.106 [JavaFX Application Thread] DEBUG Engine               - JRE Vendor Name: Oracle Corporation
21:21:07.106 [JavaFX Application Thread] DEBUG Engine               - Running on OS: Windows 11 version 10.0
21:21:07.106 [JavaFX Application Thread] DEBUG Engine               - Architecture: amd64
21:21:07.106 [JavaFX Application Thread] INFO  Engine               - Source code and latest versions at: https://github.com/AlmasB/FXGL
21:21:07.107 [JavaFX Application Thread] INFO  Engine               -       Ask questions and discuss at: https://github.com/AlmasB/FXGL/discussions
21:21:07.107 [JavaFX Application Thread] INFO  Engine               -              Join the FXGL chat at: https://gitter.im/AlmasB/FXGL
21:21:07.227 [JavaFX Application Thread] DEBUG PrimaryStageWindow   - Creating a JavaFX scene
21:21:07.270 [JavaFX Application Thread] DEBUG PrimaryStageWindow   - Target settings size: 1280.0 x 720.0
21:21:07.270 [JavaFX Application Thread] DEBUG PrimaryStageWindow   - Scaled scene size:    1280.0 x 720.0
21:21:07.271 [JavaFX Application Thread] DEBUG PrimaryStageWindow   - Scaled ratio: (1.0, 1.0)
21:21:07.272 [JavaFX Application Thread] DEBUG PrimaryStageWindow   - Set initial scene to FXGLStartupScene
21:21:07.278 [JavaFX Application Thread] DEBUG PrimaryStageWindow   - Opening main window
21:21:07.373 [JavaFX Application Thread] DEBUG PrimaryStageWindow   - Window border size: (14.4000244140625, 37.5999755859375)
21:21:07.373 [JavaFX Application Thread] DEBUG PrimaryStageWindow   - Scaled size: 1280.0 x 720.0
21:21:07.373 [JavaFX Application Thread] DEBUG PrimaryStageWindow   - Scaled ratio: (1.0, 1.0)
21:21:07.373 [JavaFX Application Thread] DEBUG PrimaryStageWindow   - Scene size: 1280.0 x 720.0
21:21:07.374 [JavaFX Application Thread] DEBUG PrimaryStageWindow   - Stage size: 1294.4000244140625 x 757.5999755859375
21:21:07.381 [FXGL Background Thread 1 ] DEBUG Engine               - Initializing environment variables
21:21:07.469 [FXGL Background Thread 1 ] DEBUG FXGLAssetLoaderServi - User app class for loading assets: class org.example.GameApp
21:21:07.469 [FXGL Background Thread 1 ] DEBUG GameApplicationServi - Applying CSS: fxgl_dark.css
21:21:07.470 [FXGL Background Thread 1 ] DEBUG FXGLAssetLoaderServi - Loading from file system: jar:file:/C:/Users/khein/.m2/repository/com/github/AlmasB/FXGL/fxgl/17.2/fxgl-17.2.jar!/fxglassets/ui/css/fxgl_dark.css
21:21:07.513 [FXGL Background Thread 1 ] DEBUG GameApplicationServi - Initializing application scenes
21:21:07.560 [FXGL Background Thread 1 ] DEBUG GameWorld            - Game world initialized
21:21:07.641 [FXGL Background Thread 1 ] DEBUG PhysicsWorld         - Physics world initialized: appHeight=720, physics.ppm=50.0
21:21:07.641 [FXGL Background Thread 1 ] DEBUG PhysicsWorld         - Using strategy: BRUTE_FORCE
21:21:07.646 [FXGL Background Thread 1 ] DEBUG GameScene            - Game scene initialized: 1280x720
21:21:07.663 [FXGL Background Thread 1 ] DEBUG FXGL.DefaultMenu     - createMenuBodyGameMenu()
21:21:07.679 [FXGL Background Thread 1 ] DEBUG FXGL.DefaultMenu     - createOptionsMenu()
21:21:07.695 [FXGL Background Thread 1 ] DEBUG FXGLAssetLoaderServi - Loading from file system: jar:file:/C:/Users/khein/.m2/repository/com/github/AlmasB/FXGL/fxgl/17.2/fxgl-17.2.jar!/fxglassets/textures/particles/smoke.png
21:21:07.801 [FXGL Background Thread 1 ] DEBUG FXGLAssetLoaderServi - Loading from file system: jar:file:/C:/Users/khein/.m2/repository/com/github/AlmasB/FXGL/fxgl/17.2/fxgl-17.2.jar!/fxglassets/textures/particles/trace_horizontal.png
21:21:07.828 [FXGL Background Thread 1 ] DEBUG GameApplicationServi - Application scenes initialized
21:21:07.840 [FXGL Background Thread 1 ] DEBUG SystemBundleService  - Loading FXGL system data
21:21:07.843 [FXGL Background Thread 1 ] DEBUG FileSystemAccess     - Reading from: C:\Users\khein\IdeaProjects\TheOnlyException\system\fxgl.bundle
21:21:07.850 [FXGL Background Thread 1 ] DEBUG SystemBundleService  - Bundle FXGL: {}
21:21:07.850 [FXGL Background Thread 1 ] DEBUG UpdaterService       - Checking for updates
21:21:07.855 [FXGL Background Thread 4 ] DEBUG FXGLApplication      - Loading fonts
21:21:07.855 [FXGL Background Thread 4 ] DEBUG FXGLAssetLoaderServi - Loading from file system: jar:file:/C:/Users/khein/.m2/repository/com/github/AlmasB/FXGL/fxgl-samples/17.2/fxgl-samples-17.2.jar!/assets/ui/fonts/VarelaRound-Regular.ttf
21:21:07.856 [FXGL Background Thread 1 ] DEBUG FXGLApplication      - Loading default localization
21:21:07.857 [FXGL Background Thread 1 ] DEBUG FXGLAssetLoaderServi - Loading from file system: jar:file:/C:/Users/khein/.m2/repository/com/github/AlmasB/FXGL/fxgl/17.2/fxgl-17.2.jar!/fxglassets/languages/english.lang
21:21:07.890 [FXGL Background Thread 1 ] INFO  FXGLApplication      - FXGL initialization took: 0.509 sec
21:21:07.901 [JavaFX Application Thread] DEBUG Input                - Registered new binding: action0 - A
21:21:07.901 [JavaFX Application Thread] DEBUG Input                - Registered new binding: action1 - D
21:21:07.902 [JavaFX Application Thread] DEBUG Input                - Registered new binding: action2 - W
21:21:07.902 [JavaFX Application Thread] DEBUG Input                - Registered new binding: action3 - S
21:21:07.903 [JavaFX Application Thread] DEBUG FXGLAssetLoaderServi - Loading from file system: jar:file:/C:/Users/khein/.m2/repository/com/github/AlmasB/FXGL/fxgl/17.2/fxgl-17.2.jar!/fxglassets/textures/fxgl_icon.png
21:21:07.907 [FXGL Background Thread 4 ] DEBUG FXGLAssetLoaderServi - Loading from file system: jar:file:/C:/Users/khein/.m2/repository/com/github/AlmasB/FXGL/fxgl/17.2/fxgl-17.2.jar!/fxglassets/ui/fonts/Abel-Regular.ttf
21:21:07.926 [FXGL Background Thread 4 ] DEBUG FXGLAssetLoaderServi - Loading from file system: jar:file:/C:/Users/khein/.m2/repository/com/github/AlmasB/FXGL/fxgl/17.2/fxgl-17.2.jar!/fxglassets/ui/fonts/TerminalLandMono-Regular.otf
21:21:07.926 [JavaFX Application Thread] DEBUG FXGLAssetLoaderServi - Loading from file system: jar:file:/C:/Users/khein/.m2/repository/com/github/AlmasB/FXGL/fxgl/17.2/fxgl-17.2.jar!/fxglassets/textures/fxgl_default_cursor.png
21:21:07.929 [JavaFX Application Thread] DEBUG Input                - Registered new binding: Screenshot - CTRL+8
21:21:07.930 [JavaFX Application Thread] DEBUG Input                - Registered new binding: System info dump - CTRL+9
21:21:07.930 [JavaFX Application Thread] DEBUG Input                - Registered new binding: Restart - CTRL+R
21:21:07.931 [JavaFX Application Thread] DEBUG Input                - Registered new binding: Toggle Debug Camera - CTRL+7
21:21:07.934 [JavaFX Application Thread] DEBUG LoopRunner           - Starting loop
21:21:07.934 [JavaFX Application Thread] DEBUG LoopRunner           - Initializing JavaFX AnimationTimerLoop
21:21:07.937 [JavaFX Application Thread] DEBUG Input                - Clearing active input actions
21:21:07.944 [FXGL Background Thread 4 ] DEBUG FXGLAssetLoaderServi - Loading from file system: jar:file:/C:/Users/khein/.m2/repository/com/github/AlmasB/FXGL/fxgl/17.2/fxgl-17.2.jar!/fxglassets/ui/fonts/Courier-Prime.ttf
21:21:07.946 [JavaFX Application Thread] DEBUG GameApplicationServi - Removing overlay from FXGLStartupScene and adding to FXGLMainMenuDummyScene
21:21:07.947 [JavaFX Application Thread] DEBUG PrimaryStageWindow   - FXGLStartupScene -> FXGLMainMenuDummyScene
21:21:07.947 [JavaFX Application Thread] DEBUG PrimaryStageWindow   - Push state: NameInputScene
21:21:08.241 [JavaFX Application Thread] DEBUG Input                - Clearing active input actions
21:21:08.251 [JavaFX Application Thread] DEBUG GameApplicationServi - Removing overlay from FXGLMainMenuDummyScene and adding to NameInputScene
21:21:08.252 [JavaFX Application Thread] DEBUG PrimaryStageWindow   - FXGLMainMenuDummyScene -> NameInputScene
21:21:08.410 [FXGL Background Thread 2 ] INFO  UpdaterService       - Your current version:  17+dev-SNAPSHOT
21:21:08.411 [FXGL Background Thread 2 ] INFO  UpdaterService       - Latest stable version: 21.1
21:21:08.473 [JavaFX Application Thread] DEBUG FXGLApplication      - Registering font factories with UI factory
21:21:10.854 [FXGL Background Thread 3 ] DEBUG Engine               - Logging environment variables
21:21:10.856 [FXGL Background Thread 3 ] DEBUG Engine               - achievements: []
21:21:10.856 [FXGL Background Thread 3 ] DEBUG Engine               - actualHeight: 720.0
21:21:10.857 [FXGL Background Thread 3 ] DEBUG Engine               - actualHeightProperty: ReadOnlyDoubleProperty [value: 720.0]
21:21:10.857 [FXGL Background Thread 3 ] DEBUG Engine               - actualWidth: 1280.0
21:21:10.857 [FXGL Background Thread 3 ] DEBUG Engine               - actualWidthProperty: ReadOnlyDoubleProperty [value: 1280.0]
21:21:10.857 [FXGL Background Thread 3 ] DEBUG Engine               - appIcon: fxgl_icon.png
21:21:10.857 [FXGL Background Thread 3 ] DEBUG Engine               - applicationMode: DEVELOPER
21:21:10.857 [FXGL Background Thread 3 ] DEBUG Engine               - cSSList: [fxgl_dark.css]
21:21:10.857 [FXGL Background Thread 3 ] DEBUG Engine               - collisionDetectionStrategy: BRUTE_FORCE
21:21:10.858 [FXGL Background Thread 3 ] DEBUG Engine               - configClass: Optional.empty
21:21:10.858 [FXGL Background Thread 3 ] DEBUG Engine               - credits: []
21:21:10.858 [FXGL Background Thread 3 ] DEBUG Engine               - defaultCursor: CursorInfo(imageName=fxgl_default_cursor.png, hotspotX=7.0, hotspotY=6.0)
21:21:10.859 [FXGL Background Thread 3 ] DEBUG Engine               - devBBoxColorProperty: ObjectProperty [value: 0xff0000ff]
21:21:10.859 [FXGL Background Thread 3 ] DEBUG Engine               - devEnableDebugCameraProperty: BooleanProperty [value: false]
21:21:10.859 [FXGL Background Thread 3 ] DEBUG Engine               - devSensorColorProperty: ObjectProperty [value: 0xffff00ff]
21:21:10.860 [FXGL Background Thread 3 ] DEBUG Engine               - devShowBBoxProperty: BooleanProperty [value: false]
21:21:10.860 [FXGL Background Thread 3 ] DEBUG Engine               - devShowPositionProperty: BooleanProperty [value: false]
21:21:10.860 [FXGL Background Thread 3 ] DEBUG Engine               - enabledMenuItems: []
21:21:10.860 [FXGL Background Thread 3 ] DEBUG Engine               - engineServices: [class com.almasb.fxgl.app.services.FXGLAssetLoaderService, class com.almasb.fxgl.app.FXGLApplication$GameApplicationService, class com.almasb.fxgl.app.services.FXGLDialogService, class com.almasb.fxgl.app.services.IOTaskExecutorService, class com.almasb.fxgl.io.FileSystemService, class com.almasb.fxgl.localization.LocalizationService, class com.almasb.fxgl.app.services.SystemBundleService, class com.almasb.fxgl.profile.SaveLoadService, class com.almasb.fxgl.ui.FXGLUIFactoryServiceProvider, class com.almasb.fxgl.ui.FXGLDialogFactoryServiceProvider, class com.almasb.fxgl.audio.AudioPlayer, class com.almasb.fxgl.notification.impl.NotificationServiceProvider, class com.almasb.fxgl.achievement.AchievementService, class com.almasb.fxgl.cutscene.CutsceneService, class com.almasb.fxgl.minigames.MiniGameService, class com.almasb.fxgl.net.NetService, class com.almasb.fxgl.app.services.UpdaterService, class com.almasb.fxgl.dev.DevService]
21:21:10.860 [FXGL Background Thread 3 ] DEBUG Engine               - fontGame: Abel-Regular.ttf
21:21:10.860 [FXGL Background Thread 3 ] DEBUG Engine               - fontMono: TerminalLandMono-Regular.otf
21:21:10.860 [FXGL Background Thread 3 ] DEBUG Engine               - fontText: Courier-Prime.ttf
21:21:10.860 [FXGL Background Thread 3 ] DEBUG Engine               - fontUI: VarelaRound-Regular.ttf
21:21:10.860 [FXGL Background Thread 3 ] DEBUG Engine               - fullScreen: BooleanProperty [value: false]
21:21:10.861 [FXGL Background Thread 3 ] DEBUG Engine               - gameDifficulty: MEDIUM
21:21:10.861 [FXGL Background Thread 3 ] DEBUG Engine               - gameDifficultyProperty: ObjectProperty [value: MEDIUM]
21:21:10.861 [FXGL Background Thread 3 ] DEBUG Engine               - globalMusicVolume: 0.5
21:21:10.861 [FXGL Background Thread 3 ] DEBUG Engine               - globalMusicVolumeProperty: DoubleProperty [value: 0.5]
21:21:10.861 [FXGL Background Thread 3 ] DEBUG Engine               - globalSoundVolume: 0.5
21:21:10.861 [FXGL Background Thread 3 ] DEBUG Engine               - globalSoundVolumeProperty: DoubleProperty [value: 0.5]
21:21:10.861 [FXGL Background Thread 3 ] DEBUG Engine               - height: 720
21:21:10.861 [FXGL Background Thread 3 ] DEBUG Engine               - is3D: false
21:21:10.862 [FXGL Background Thread 3 ] DEBUG Engine               - isAndroid: false
21:21:10.862 [FXGL Background Thread 3 ] DEBUG Engine               - isBrowser: false
21:21:10.862 [FXGL Background Thread 3 ] DEBUG Engine               - isClickFeedbackEnabled: false
21:21:10.862 [FXGL Background Thread 3 ] DEBUG Engine               - isCloseConfirmation: false
21:21:10.862 [FXGL Background Thread 3 ] DEBUG Engine               - isDesktop: true
21:21:10.862 [FXGL Background Thread 3 ] DEBUG Engine               - isDeveloperMenuEnabled: false
21:21:10.862 [FXGL Background Thread 3 ] DEBUG Engine               - isEmbedded: false
21:21:10.862 [FXGL Background Thread 3 ] DEBUG Engine               - isEntityPreloadEnabled: true
21:21:10.862 [FXGL Background Thread 3 ] DEBUG Engine               - isExperimentalTiledLargeMap: false
21:21:10.862 [FXGL Background Thread 3 ] DEBUG Engine               - isFileSystemWriteAllowed: true
21:21:10.862 [FXGL Background Thread 3 ] DEBUG Engine               - isFullScreenAllowed: false
21:21:10.863 [FXGL Background Thread 3 ] DEBUG Engine               - isFullScreenFromStart: false
21:21:10.863 [FXGL Background Thread 3 ] DEBUG Engine               - isGameMenuEnabled: true
21:21:10.863 [FXGL Background Thread 3 ] DEBUG Engine               - isIOS: false
21:21:10.863 [FXGL Background Thread 3 ] DEBUG Engine               - isIntroEnabled: false
21:21:10.863 [FXGL Background Thread 3 ] DEBUG Engine               - isLinux: false
21:21:10.863 [FXGL Background Thread 3 ] DEBUG Engine               - isMac: false
21:21:10.863 [FXGL Background Thread 3 ] DEBUG Engine               - isMainMenuEnabled: true
21:21:10.863 [FXGL Background Thread 3 ] DEBUG Engine               - isManualResizeEnabled: false
21:21:10.863 [FXGL Background Thread 3 ] DEBUG Engine               - isMobile: false
21:21:10.863 [FXGL Background Thread 3 ] DEBUG Engine               - isNative: false
21:21:10.863 [FXGL Background Thread 3 ] DEBUG Engine               - isPauseMusicWhenMinimized: true
21:21:10.863 [FXGL Background Thread 3 ] DEBUG Engine               - isPreserveResizeRatio: false
21:21:10.863 [FXGL Background Thread 3 ] DEBUG Engine               - isProfilingEnabled: false
21:21:10.864 [FXGL Background Thread 3 ] DEBUG Engine               - isScaleAffectedOnResize: true
21:21:10.864 [FXGL Background Thread 3 ] DEBUG Engine               - isSingleStep: false
21:21:10.864 [FXGL Background Thread 3 ] DEBUG Engine               - isUserProfileEnabled: false
21:21:10.864 [FXGL Background Thread 3 ] DEBUG Engine               - isWindows: true
21:21:10.864 [FXGL Background Thread 3 ] DEBUG Engine               - language: ObjectProperty [value: ENGLISH]
21:21:10.864 [FXGL Background Thread 3 ] DEBUG Engine               - menuKey: ESCAPE
21:21:10.864 [FXGL Background Thread 3 ] DEBUG Engine               - mouseSensitivity: 0.2
21:21:10.864 [FXGL Background Thread 3 ] DEBUG Engine               - notificationViewClass: class com.almasb.fxgl.notification.view.XboxNotificationView
21:21:10.864 [FXGL Background Thread 3 ] DEBUG Engine               - pixelsPerMeter: 50.0
21:21:10.864 [FXGL Background Thread 3 ] DEBUG Engine               - platform: WINDOWS
21:21:10.864 [FXGL Background Thread 3 ] DEBUG Engine               - prefHeightProperty: ReadOnlyDoubleProperty [value: 720.0]
21:21:10.864 [FXGL Background Thread 3 ] DEBUG Engine               - prefWidthProperty: ReadOnlyDoubleProperty [value: 1280.0]
21:21:10.864 [FXGL Background Thread 3 ] DEBUG Engine               - profileDir: profiles/
21:21:10.864 [FXGL Background Thread 3 ] DEBUG Engine               - profileName: StringProperty [value: DEFAULT]
21:21:10.864 [FXGL Background Thread 3 ] DEBUG Engine               - randomSeed: -1
21:21:10.864 [FXGL Background Thread 3 ] DEBUG Engine               - runtimeInfo: RuntimeInfo(platform=WINDOWS, version=17+dev-SNAPSHOT, build=01.09.2022 03.33)
21:21:10.865 [FXGL Background Thread 3 ] DEBUG Engine               - saveFileExt: sav
21:21:10.865 [FXGL Background Thread 3 ] DEBUG Engine               - scaledHeightProp$fxgl: DoubleProperty [bound, value: 720.0]
21:21:10.865 [FXGL Background Thread 3 ] DEBUG Engine               - scaledWidthProp$fxgl: DoubleProperty [bound, value: 1280.0]
21:21:10.865 [FXGL Background Thread 3 ] DEBUG Engine               - sceneFactory: org.example.GameApp$1@79a107b1
21:21:10.865 [FXGL Background Thread 3 ] DEBUG Engine               - secondsIn24h: 60
21:21:10.865 [FXGL Background Thread 3 ] DEBUG Engine               - soundMenuBack: menu/back.wav
21:21:10.865 [FXGL Background Thread 3 ] DEBUG Engine               - soundMenuPress: menu/press.wav
21:21:10.866 [FXGL Background Thread 3 ] DEBUG Engine               - soundMenuSelect: menu/select.wav
21:21:10.866 [FXGL Background Thread 3 ] DEBUG Engine               - soundNotification: core/notification.wav
21:21:10.866 [FXGL Background Thread 3 ] DEBUG Engine               - stageStyle: DECORATED
21:21:10.866 [FXGL Background Thread 3 ] DEBUG Engine               - supportedLanguages: [ENGLISH, FRENCH, GERMAN, HUNGARIAN, RUSSIAN]
21:21:10.866 [FXGL Background Thread 3 ] DEBUG Engine               - ticksPerSecond: -1
21:21:10.866 [FXGL Background Thread 3 ] DEBUG Engine               - title: Prototype Game
21:21:10.866 [FXGL Background Thread 3 ] DEBUG Engine               - urlGithub: https://github.com/AlmasB/FXGL
21:21:10.866 [FXGL Background Thread 3 ] DEBUG Engine               - urlLeaderboard: http://fxgl-top.herokuapp.com/
21:21:10.866 [FXGL Background Thread 3 ] DEBUG Engine               - urlPOM: https://raw.githubusercontent.com/AlmasB/FXGL/release/README.md
21:21:10.866 [FXGL Background Thread 3 ] DEBUG Engine               - userAppClass: class org.example.GameApp
21:21:10.866 [FXGL Background Thread 3 ] DEBUG Engine               - version: 0.1.5
21:21:10.866 [FXGL Background Thread 3 ] DEBUG Engine               - versionCheckDays: 7
21:21:10.866 [FXGL Background Thread 3 ] DEBUG Engine               - width: 1280
21:21:10.866 [FXGL Background Thread 3 ] DEBUG Engine               - Logging services
21:21:10.866 [FXGL Background Thread 3 ] DEBUG Engine               - class com.almasb.fxgl.app.services.FXGLAssetLoaderService
21:21:10.866 [FXGL Background Thread 3 ] DEBUG Engine               - class com.almasb.fxgl.app.FXGLApplication$GameApplicationService
21:21:10.866 [FXGL Background Thread 3 ] DEBUG Engine               - class com.almasb.fxgl.app.services.FXGLDialogService
21:21:10.867 [FXGL Background Thread 3 ] DEBUG Engine               - class com.almasb.fxgl.app.services.IOTaskExecutorService
21:21:10.867 [FXGL Background Thread 3 ] DEBUG Engine               - class com.almasb.fxgl.io.FileSystemService
21:21:10.867 [FXGL Background Thread 3 ] DEBUG Engine               - class com.almasb.fxgl.localization.LocalizationService
21:21:10.867 [FXGL Background Thread 3 ] DEBUG Engine               - class com.almasb.fxgl.app.services.SystemBundleService
21:21:10.867 [FXGL Background Thread 3 ] DEBUG Engine               - class com.almasb.fxgl.profile.SaveLoadService
21:21:10.867 [FXGL Background Thread 3 ] DEBUG Engine               - class com.almasb.fxgl.ui.FXGLUIFactoryServiceProvider
21:21:10.867 [FXGL Background Thread 3 ] DEBUG Engine               - class com.almasb.fxgl.ui.FXGLDialogFactoryServiceProvider
21:21:10.867 [FXGL Background Thread 3 ] DEBUG Engine               - class com.almasb.fxgl.audio.AudioPlayer
21:21:10.867 [FXGL Background Thread 3 ] DEBUG Engine               - class com.almasb.fxgl.notification.impl.NotificationServiceProvider
21:21:10.867 [FXGL Background Thread 3 ] DEBUG Engine               - class com.almasb.fxgl.achievement.AchievementService
21:21:10.867 [FXGL Background Thread 3 ] DEBUG Engine               - class com.almasb.fxgl.cutscene.CutsceneService
21:21:10.867 [FXGL Background Thread 3 ] DEBUG Engine               - class com.almasb.fxgl.minigames.MiniGameService
21:21:10.867 [FXGL Background Thread 3 ] DEBUG Engine               - class com.almasb.fxgl.net.NetService
21:21:10.867 [FXGL Background Thread 3 ] DEBUG Engine               - class com.almasb.fxgl.app.services.UpdaterService
21:21:10.867 [FXGL Background Thread 3 ] DEBUG Engine               - class com.almasb.fxgl.dev.DevService
21:21:11.863 [JavaFX Application Thread] DEBUG GameWorld            - Game world initialized
21:21:11.863 [JavaFX Application Thread] DEBUG PhysicsWorld         - Physics world initialized: appHeight=720, physics.ppm=50.0
21:21:11.863 [JavaFX Application Thread] DEBUG PhysicsWorld         - Using strategy: BRUTE_FORCE
21:21:11.865 [JavaFX Application Thread] DEBUG GameScene            - Game scene initialized: 1280x720
21:21:11.886 [JavaFX Application Thread] DEBUG PrimaryStageWindow   - Push state: MainMenuScene
21:21:11.892 [JavaFX Application Thread] DEBUG Input                - Clearing active input actions
21:21:11.895 [JavaFX Application Thread] DEBUG GameApplicationServi - Removing overlay from NameInputScene and adding to MainMenuScene
21:21:11.895 [JavaFX Application Thread] DEBUG PrimaryStageWindow   - NameInputScene -> MainMenuScene
21:21:12.797 [JavaFX Application Thread] DEBUG GameApplicationServi - Starting new game
21:21:12.798 [JavaFX Application Thread] DEBUG PrimaryStageWindow   - Pop state: MainMenuScene
21:21:12.798 [JavaFX Application Thread] DEBUG Input                - Clearing active input actions
21:21:12.799 [JavaFX Application Thread] DEBUG GameApplicationServi - Removing overlay from MainMenuScene and adding to NameInputScene
21:21:12.800 [JavaFX Application Thread] DEBUG PrimaryStageWindow   - NameInputScene <- MainMenuScene
21:21:12.800 [JavaFX Application Thread] DEBUG PrimaryStageWindow   - Pop state: NameInputScene
21:21:12.800 [JavaFX Application Thread] DEBUG Input                - Clearing active input actions
21:21:12.800 [JavaFX Application Thread] DEBUG GameApplicationServi - Removing overlay from NameInputScene and adding to FXGLMainMenuDummyScene
21:21:12.800 [JavaFX Application Thread] DEBUG PrimaryStageWindow   - FXGLMainMenuDummyScene <- NameInputScene
21:21:12.801 [JavaFX Application Thread] DEBUG Input                - Clearing active input actions
21:21:12.807 [JavaFX Application Thread] DEBUG GameApplicationServi - Removing overlay from FXGLMainMenuDummyScene and adding to FXGLLoadingScene
21:21:12.807 [JavaFX Application Thread] DEBUG PrimaryStageWindow   - FXGLMainMenuDummyScene -> FXGLLoadingScene
21:21:12.807 [JavaFX Application Thread] DEBUG GameApplicationServi - Clearing previous game
21:21:12.807 [JavaFX Application Thread] DEBUG GameScene            - Clearing game scene
21:21:12.807 [JavaFX Application Thread] DEBUG GameWorld            - Clearing game world
21:21:12.808 [JavaFX Application Thread] DEBUG PhysicsWorld         - Clearing physics world
21:21:12.809 [FXGL Background Thread 2 ] DEBUG FXGLApplication      - Initializing game
21:21:12.826 [FXGL Background Thread 2 ] DEBUG FXGLAssetLoaderServi - Loading from file system: file:/C:/Users/khein/IdeaProjects/TheOnlyException/Test/target/classes/assets/textures/dasd.png
21:21:12.856 [FXGL Background Thread 2 ] DEBUG FXGLAssetLoaderServi - Loading from file system: file:/C:/Users/khein/IdeaProjects/TheOnlyException/Test/target/classes/assets/textures/player-scaled.png
21:21:12.946 [FXGL Background Thread 2 ] INFO  FXGLApplication      - Game initialization took: 0.136 sec
21:21:12.947 [JavaFX Application Thread] DEBUG Input                - Clearing active input actions
21:21:12.955 [JavaFX Application Thread] DEBUG GameApplicationServi - Removing overlay from FXGLLoadingScene and adding to GameScene
21:21:12.956 [JavaFX Application Thread] DEBUG PrimaryStageWindow   - FXGLLoadingScene -> GameScene
21:21:13.968 [JavaFX Application Thread] DEBUG FXGLAssetLoaderServi - Loading from file system: file:/C:/Users/khein/IdeaProjects/TheOnlyException/Test/target/classes/assets/textures/MaggotWalk-scaled.png
21:21:15.070 [JavaFX Application Thread] DEBUG FXGLAssetLoaderServi - Loading from file system: file:/C:/Users/khein/IdeaProjects/TheOnlyException/Test/target/classes/assets/textures/BeetleMove-scaled.png
21:21:15.076 [JavaFX Application Thread] DEBUG FXGLAssetLoaderServi - Loading from file system: file:/C:/Users/khein/IdeaProjects/TheOnlyException/Test/target/classes/assets/textures/DragonFly.png
21:21:15.613 [JavaFX Application Thread] DEBUG FXGLAssetLoaderServi - Loading from file system: file:/C:/Users/khein/IdeaProjects/TheOnlyException/Test/target/classes/assets/textures/BeeMove-scaled.png
21:21:16.172 [JavaFX Application Thread] DEBUG FXGLAssetLoaderServi - Loading from file system: file:/C:/Users/khein/IdeaProjects/TheOnlyException/Test/target/classes/assets/textures/MantisMove-scaled.png
21:21:19.180 [JavaFX Application Thread] DEBUG FXGLAssetLoaderServi - Loading from file system: file:/C:/Users/khein/IdeaProjects/TheOnlyException/Test/target/classes/assets/textures/GiantFly.png
21:21:23.288 [JavaFX Application Thread] DEBUG PrimaryStageWindow   - Push state: DialogSubScene
21:21:23.288 [JavaFX Application Thread] DEBUG Input                - Clearing active input actions
21:21:23.291 [JavaFX Application Thread] DEBUG GameApplicationServi - Removing overlay from GameScene and adding to DialogSubScene
21:21:23.291 [JavaFX Application Thread] DEBUG PrimaryStageWindow   - GameScene -> DialogSubScene
21:21:24.889 [JavaFX Application Thread] DEBUG PrimaryStageWindow   - Pop state: DialogSubScene
21:21:24.890 [JavaFX Application Thread] DEBUG Input                - Clearing active input actions
21:21:24.890 [JavaFX Application Thread] DEBUG GameApplicationServi - Removing overlay from DialogSubScene and adding to GameScene
21:21:24.892 [JavaFX Application Thread] DEBUG PrimaryStageWindow   - GameScene <- DialogSubScene
21:21:28.512 [JavaFX Application Thread] DEBUG PrimaryStageWindow   - Push state: DialogSubScene
21:21:28.512 [JavaFX Application Thread] DEBUG Input                - Clearing active input actions
21:21:28.512 [JavaFX Application Thread] DEBUG GameApplicationServi - Removing overlay from GameScene and adding to DialogSubScene
21:21:28.512 [JavaFX Application Thread] DEBUG PrimaryStageWindow   - GameScene -> DialogSubScene
21:21:29.768 [JavaFX Application Thread] DEBUG FXGLApplication      - Exiting FXGL
21:21:29.768 [JavaFX Application Thread] DEBUG LoopRunner           - Stopping loop
21:21:29.769 [JavaFX Application Thread] DEBUG SystemBundleService  - Saving FXGL system data
21:21:29.771 [JavaFX Application Thread] DEBUG FileSystemAccess     - Writing to: C:\Users\khein\IdeaProjects\TheOnlyException\system\fxgl.bundle
21:21:29.772 [JavaFX Application Thread] DEBUG Async                - Shutting down background threads
21:21:29.772 [JavaFX Application Thread] DEBUG PrimaryStageWindow   - Closing main window
21:21:29.797 [JavaFX Application Thread] DEBUG Logger               - Closing Logger
