08:03:32.465 [main                     ] DEBUG Logger               - Configured Logger
08:03:32.469 [main                     ] DEBUG GameApplication      - Logging settings
Title: Prototype
Version: 0.1.5
Width: 1280
Height: 720
Fullscreen: false
Intro: false
Profiling: false
Single step:false
App Mode: DEVELOPER
Menu Key: ESCAPE
Stage Style: DECORATED
Scene Factory: class org.example.GameApp$1

08:03:32.764 [JavaFX Application Thread] DEBUG FXGLApplication      - Initializing FXGL
08:03:32.766 [JavaFX Application Thread] INFO  Engine               - FXGL-17+dev-SNAPSHOT (23.08.2022 11.12) on WINDOWS (J:24 FX:18)
08:03:32.766 [JavaFX Application Thread] DEBUG Engine               - JRE Vendor Name: Oracle Corporation
08:03:32.766 [JavaFX Application Thread] DEBUG Engine               - Running on OS: Windows 11 version 10.0
08:03:32.766 [JavaFX Application Thread] DEBUG Engine               - Architecture: amd64
08:03:32.766 [JavaFX Application Thread] INFO  Engine               - Source code and latest versions at: https://github.com/AlmasB/FXGL
08:03:32.766 [JavaFX Application Thread] INFO  Engine               -       Ask questions and discuss at: https://github.com/AlmasB/FXGL/discussions
08:03:32.766 [JavaFX Application Thread] INFO  Engine               -              Join the FXGL chat at: https://gitter.im/AlmasB/FXGL
08:03:32.842 [JavaFX Application Thread] DEBUG PrimaryStageWindow   - Creating a JavaFX scene
08:03:32.875 [JavaFX Application Thread] DEBUG PrimaryStageWindow   - Target settings size: 1280.0 x 720.0
08:03:32.875 [JavaFX Application Thread] DEBUG PrimaryStageWindow   - Scaled scene size:    1280.0 x 720.0
08:03:32.875 [JavaFX Application Thread] DEBUG PrimaryStageWindow   - Scaled ratio: (1.0, 1.0)
08:03:32.875 [JavaFX Application Thread] DEBUG PrimaryStageWindow   - Set initial scene to FXGLStartupScene
08:03:32.881 [JavaFX Application Thread] DEBUG PrimaryStageWindow   - Opening main window
08:03:32.985 [JavaFX Application Thread] DEBUG PrimaryStageWindow   - Window border size: (16.0, 39.0)
08:03:32.985 [JavaFX Application Thread] DEBUG PrimaryStageWindow   - Scaled size: 1280.0 x 720.0
08:03:32.985 [JavaFX Application Thread] DEBUG PrimaryStageWindow   - Scaled ratio: (1.0, 1.0)
08:03:32.985 [JavaFX Application Thread] DEBUG PrimaryStageWindow   - Scene size: 1280.0 x 720.0
08:03:32.985 [JavaFX Application Thread] DEBUG PrimaryStageWindow   - Stage size: 1296.0 x 759.0
08:03:32.991 [FXGL Background Thread 1 ] DEBUG Engine               - Initializing environment variables
08:03:33.019 [FXGL Background Thread 1 ] DEBUG FXGLAssetLoaderServi - User app class for loading assets: class org.example.GameApp
08:03:33.020 [FXGL Background Thread 1 ] DEBUG GameApplicationServi - Applying CSS: fxgl_dark.css
08:03:33.020 [FXGL Background Thread 1 ] DEBUG FXGLAssetLoaderServi - Loading from file system: jar:file:/C:/Users/primzcm/.m2/repository/com/github/almasb/fxgl/fxgl/17.2/fxgl-17.2.jar!/fxglassets/ui/css/fxgl_dark.css
08:03:33.052 [FXGL Background Thread 1 ] DEBUG GameApplicationServi - Initializing application scenes
08:03:33.085 [FXGL Background Thread 1 ] DEBUG GameWorld            - Game world initialized
08:03:33.124 [FXGL Background Thread 1 ] DEBUG PhysicsWorld         - Physics world initialized: appHeight=720, physics.ppm=50.0
08:03:33.124 [FXGL Background Thread 1 ] DEBUG PhysicsWorld         - Using strategy: BRUTE_FORCE
08:03:33.127 [FXGL Background Thread 1 ] DEBUG GameScene            - Game scene initialized: 1280x720
08:03:33.145 [FXGL Background Thread 1 ] DEBUG FXGL.DefaultMenu     - createMenuBodyGameMenu()
08:03:33.153 [FXGL Background Thread 1 ] DEBUG FXGL.DefaultMenu     - createOptionsMenu()
08:03:33.160 [FXGL Background Thread 1 ] DEBUG FXGLAssetLoaderServi - Loading from file system: jar:file:/C:/Users/primzcm/.m2/repository/com/github/almasb/fxgl/fxgl/17.2/fxgl-17.2.jar!/fxglassets/textures/particles/smoke.png
08:03:33.221 [FXGL Background Thread 1 ] DEBUG FXGLAssetLoaderServi - Loading from file system: jar:file:/C:/Users/primzcm/.m2/repository/com/github/almasb/fxgl/fxgl/17.2/fxgl-17.2.jar!/fxglassets/textures/particles/trace_horizontal.png
08:03:33.240 [FXGL Background Thread 1 ] DEBUG GameApplicationServi - Application scenes initialized
08:03:33.248 [FXGL Background Thread 1 ] DEBUG SystemBundleService  - Loading FXGL system data
08:03:33.248 [FXGL Background Thread 1 ] DEBUG FileSystemAccess     - Reading from: F:\my files\School\2nd year 2nd sem\TheOnlyException\system\fxgl.bundle
08:03:33.250 [FXGL Background Thread 1 ] DEBUG SystemBundleService  - Bundle FXGL: {}
08:03:33.250 [FXGL Background Thread 1 ] DEBUG UpdaterService       - Checking for updates
08:03:33.253 [FXGL Background Thread 4 ] DEBUG FXGLApplication      - Loading fonts
08:03:33.253 [FXGL Background Thread 1 ] DEBUG FXGLApplication      - Loading default localization
08:03:33.253 [FXGL Background Thread 4 ] DEBUG FXGLAssetLoaderServi - Loading from file system: jar:file:/C:/Users/primzcm/.m2/repository/com/github/almasb/fxgl/fxgl/17.2/fxgl-17.2.jar!/fxglassets/ui/fonts/VarelaRound-Regular.ttf
08:03:33.253 [FXGL Background Thread 1 ] DEBUG FXGLAssetLoaderServi - Loading from file system: jar:file:/C:/Users/primzcm/.m2/repository/com/github/almasb/fxgl/fxgl/17.2/fxgl-17.2.jar!/fxglassets/languages/english.lang
08:03:33.260 [FXGL Background Thread 4 ] DEBUG FXGLAssetLoaderServi - Loading from file system: jar:file:/C:/Users/primzcm/.m2/repository/com/github/almasb/fxgl/fxgl/17.2/fxgl-17.2.jar!/fxglassets/ui/fonts/Abel-Regular.ttf
08:03:33.262 [FXGL Background Thread 4 ] DEBUG FXGLAssetLoaderServi - Loading from file system: jar:file:/C:/Users/primzcm/.m2/repository/com/github/almasb/fxgl/fxgl/17.2/fxgl-17.2.jar!/fxglassets/ui/fonts/TerminalLandMono-Regular.otf
08:03:33.263 [FXGL Background Thread 4 ] DEBUG FXGLAssetLoaderServi - Loading from file system: jar:file:/C:/Users/primzcm/.m2/repository/com/github/almasb/fxgl/fxgl/17.2/fxgl-17.2.jar!/fxglassets/ui/fonts/Courier-Prime.ttf
08:03:33.268 [JavaFX Application Thread] DEBUG FXGLApplication      - Registering font factories with UI factory
08:03:33.276 [FXGL Background Thread 1 ] INFO  FXGLApplication      - FXGL initialization took: 0.285 sec
08:03:33.283 [JavaFX Application Thread] DEBUG Input                - Registered new binding: action0 - A
08:03:33.283 [JavaFX Application Thread] DEBUG Input                - Registered new binding: action1 - D
08:03:33.283 [JavaFX Application Thread] DEBUG Input                - Registered new binding: action2 - W
08:03:33.283 [JavaFX Application Thread] DEBUG Input                - Registered new binding: action3 - S
08:03:33.284 [JavaFX Application Thread] DEBUG FXGLAssetLoaderServi - Loading from file system: jar:file:/C:/Users/primzcm/.m2/repository/com/github/almasb/fxgl/fxgl/17.2/fxgl-17.2.jar!/fxglassets/textures/fxgl_icon.png
08:03:33.305 [JavaFX Application Thread] DEBUG FXGLAssetLoaderServi - Loading from file system: jar:file:/C:/Users/primzcm/.m2/repository/com/github/almasb/fxgl/fxgl/17.2/fxgl-17.2.jar!/fxglassets/textures/fxgl_default_cursor.png
08:03:33.306 [JavaFX Application Thread] DEBUG Input                - Registered new binding: Screenshot - CTRL+8
08:03:33.307 [JavaFX Application Thread] DEBUG Input                - Registered new binding: System info dump - CTRL+9
08:03:33.308 [JavaFX Application Thread] DEBUG Input                - Registered new binding: Restart - CTRL+R
08:03:33.308 [JavaFX Application Thread] DEBUG Input                - Registered new binding: Toggle Debug Camera - CTRL+7
08:03:33.310 [JavaFX Application Thread] DEBUG LoopRunner           - Starting loop
08:03:33.311 [JavaFX Application Thread] DEBUG LoopRunner           - Initializing JavaFX AnimationTimerLoop
08:03:33.313 [JavaFX Application Thread] DEBUG Input                - Clearing active input actions
08:03:33.317 [JavaFX Application Thread] DEBUG GameApplicationServi - Removing overlay from FXGLStartupScene and adding to FXGLMainMenuDummyScene
08:03:33.317 [JavaFX Application Thread] DEBUG PrimaryStageWindow   - FXGLStartupScene -> FXGLMainMenuDummyScene
08:03:33.317 [JavaFX Application Thread] DEBUG PrimaryStageWindow   - Push state: NameInputScene
08:03:33.317 [JavaFX Application Thread] DEBUG Input                - Clearing active input actions
08:03:33.325 [JavaFX Application Thread] DEBUG GameApplicationServi - Removing overlay from FXGLMainMenuDummyScene and adding to NameInputScene
08:03:33.325 [JavaFX Application Thread] DEBUG PrimaryStageWindow   - FXGLMainMenuDummyScene -> NameInputScene
08:03:33.854 [FXGL Background Thread 2 ] INFO  UpdaterService       - Your current version:  17+dev-SNAPSHOT
08:03:33.854 [FXGL Background Thread 2 ] INFO  UpdaterService       - Latest stable version: 21.1
08:03:36.252 [FXGL Background Thread 3 ] DEBUG Engine               - Logging environment variables
08:03:36.252 [FXGL Background Thread 3 ] DEBUG Engine               - achievements: []
08:03:36.252 [FXGL Background Thread 3 ] DEBUG Engine               - actualHeight: 720.0
08:03:36.252 [FXGL Background Thread 3 ] DEBUG Engine               - actualHeightProperty: ReadOnlyDoubleProperty [value: 720.0]
08:03:36.252 [FXGL Background Thread 3 ] DEBUG Engine               - actualWidth: 1280.0
08:03:36.252 [FXGL Background Thread 3 ] DEBUG Engine               - actualWidthProperty: ReadOnlyDoubleProperty [value: 1280.0]
08:03:36.252 [FXGL Background Thread 3 ] DEBUG Engine               - appIcon: fxgl_icon.png
08:03:36.252 [FXGL Background Thread 3 ] DEBUG Engine               - applicationMode: DEVELOPER
08:03:36.252 [FXGL Background Thread 3 ] DEBUG Engine               - cSSList: [fxgl_dark.css]
08:03:36.252 [FXGL Background Thread 3 ] DEBUG Engine               - collisionDetectionStrategy: BRUTE_FORCE
08:03:36.252 [FXGL Background Thread 3 ] DEBUG Engine               - configClass: Optional.empty
08:03:36.252 [FXGL Background Thread 3 ] DEBUG Engine               - credits: []
08:03:36.252 [FXGL Background Thread 3 ] DEBUG Engine               - defaultCursor: CursorInfo(imageName=fxgl_default_cursor.png, hotspotX=7.0, hotspotY=6.0)
08:03:36.253 [FXGL Background Thread 3 ] DEBUG Engine               - devBBoxColorProperty: ObjectProperty [value: 0xff0000ff]
08:03:36.253 [FXGL Background Thread 3 ] DEBUG Engine               - devEnableDebugCameraProperty: BooleanProperty [value: false]
08:03:36.253 [FXGL Background Thread 3 ] DEBUG Engine               - devSensorColorProperty: ObjectProperty [value: 0xffff00ff]
08:03:36.253 [FXGL Background Thread 3 ] DEBUG Engine               - devShowBBoxProperty: BooleanProperty [value: false]
08:03:36.253 [FXGL Background Thread 3 ] DEBUG Engine               - devShowPositionProperty: BooleanProperty [value: false]
08:03:36.253 [FXGL Background Thread 3 ] DEBUG Engine               - enabledMenuItems: []
08:03:36.253 [FXGL Background Thread 3 ] DEBUG Engine               - engineServices: [class com.almasb.fxgl.app.services.FXGLAssetLoaderService, class com.almasb.fxgl.app.FXGLApplication$GameApplicationService, class com.almasb.fxgl.app.services.FXGLDialogService, class com.almasb.fxgl.app.services.IOTaskExecutorService, class com.almasb.fxgl.io.FileSystemService, class com.almasb.fxgl.localization.LocalizationService, class com.almasb.fxgl.app.services.SystemBundleService, class com.almasb.fxgl.profile.SaveLoadService, class com.almasb.fxgl.ui.FXGLUIFactoryServiceProvider, class com.almasb.fxgl.ui.FXGLDialogFactoryServiceProvider, class com.almasb.fxgl.audio.AudioPlayer, class com.almasb.fxgl.notification.impl.NotificationServiceProvider, class com.almasb.fxgl.achievement.AchievementService, class com.almasb.fxgl.cutscene.CutsceneService, class com.almasb.fxgl.minigames.MiniGameService, class com.almasb.fxgl.net.NetService, class com.almasb.fxgl.app.services.UpdaterService, class com.almasb.fxgl.dev.DevService]
08:03:36.253 [FXGL Background Thread 3 ] DEBUG Engine               - fontGame: Abel-Regular.ttf
08:03:36.253 [FXGL Background Thread 3 ] DEBUG Engine               - fontMono: TerminalLandMono-Regular.otf
08:03:36.253 [FXGL Background Thread 3 ] DEBUG Engine               - fontText: Courier-Prime.ttf
08:03:36.253 [FXGL Background Thread 3 ] DEBUG Engine               - fontUI: VarelaRound-Regular.ttf
08:03:36.253 [FXGL Background Thread 3 ] DEBUG Engine               - fullScreen: BooleanProperty [value: false]
08:03:36.253 [FXGL Background Thread 3 ] DEBUG Engine               - gameDifficulty: MEDIUM
08:03:36.253 [FXGL Background Thread 3 ] DEBUG Engine               - gameDifficultyProperty: ObjectProperty [value: MEDIUM]
08:03:36.253 [FXGL Background Thread 3 ] DEBUG Engine               - globalMusicVolume: 0.5
08:03:36.253 [FXGL Background Thread 3 ] DEBUG Engine               - globalMusicVolumeProperty: DoubleProperty [value: 0.5]
08:03:36.253 [FXGL Background Thread 3 ] DEBUG Engine               - globalSoundVolume: 0.5
08:03:36.253 [FXGL Background Thread 3 ] DEBUG Engine               - globalSoundVolumeProperty: DoubleProperty [value: 0.5]
08:03:36.253 [FXGL Background Thread 3 ] DEBUG Engine               - height: 720
08:03:36.253 [FXGL Background Thread 3 ] DEBUG Engine               - is3D: false
08:03:36.253 [FXGL Background Thread 3 ] DEBUG Engine               - isAndroid: false
08:03:36.253 [FXGL Background Thread 3 ] DEBUG Engine               - isBrowser: false
08:03:36.254 [FXGL Background Thread 3 ] DEBUG Engine               - isClickFeedbackEnabled: false
08:03:36.254 [FXGL Background Thread 3 ] DEBUG Engine               - isCloseConfirmation: false
08:03:36.254 [FXGL Background Thread 3 ] DEBUG Engine               - isDesktop: true
08:03:36.254 [FXGL Background Thread 3 ] DEBUG Engine               - isDeveloperMenuEnabled: false
08:03:36.254 [FXGL Background Thread 3 ] DEBUG Engine               - isEmbedded: false
08:03:36.254 [FXGL Background Thread 3 ] DEBUG Engine               - isEntityPreloadEnabled: true
08:03:36.254 [FXGL Background Thread 3 ] DEBUG Engine               - isExperimentalTiledLargeMap: false
08:03:36.254 [FXGL Background Thread 3 ] DEBUG Engine               - isFileSystemWriteAllowed: true
08:03:36.254 [FXGL Background Thread 3 ] DEBUG Engine               - isFullScreenAllowed: false
08:03:36.254 [FXGL Background Thread 3 ] DEBUG Engine               - isFullScreenFromStart: false
08:03:36.254 [FXGL Background Thread 3 ] DEBUG Engine               - isGameMenuEnabled: true
08:03:36.254 [FXGL Background Thread 3 ] DEBUG Engine               - isIOS: false
08:03:36.254 [FXGL Background Thread 3 ] DEBUG Engine               - isIntroEnabled: false
08:03:36.254 [FXGL Background Thread 3 ] DEBUG Engine               - isLinux: false
08:03:36.254 [FXGL Background Thread 3 ] DEBUG Engine               - isMac: false
08:03:36.254 [FXGL Background Thread 3 ] DEBUG Engine               - isMainMenuEnabled: true
08:03:36.254 [FXGL Background Thread 3 ] DEBUG Engine               - isManualResizeEnabled: false
08:03:36.254 [FXGL Background Thread 3 ] DEBUG Engine               - isMobile: false
08:03:36.254 [FXGL Background Thread 3 ] DEBUG Engine               - isNative: false
08:03:36.254 [FXGL Background Thread 3 ] DEBUG Engine               - isPauseMusicWhenMinimized: true
08:03:36.254 [FXGL Background Thread 3 ] DEBUG Engine               - isPreserveResizeRatio: false
08:03:36.254 [FXGL Background Thread 3 ] DEBUG Engine               - isProfilingEnabled: false
08:03:36.254 [FXGL Background Thread 3 ] DEBUG Engine               - isScaleAffectedOnResize: true
08:03:36.254 [FXGL Background Thread 3 ] DEBUG Engine               - isSingleStep: false
08:03:36.254 [FXGL Background Thread 3 ] DEBUG Engine               - isUserProfileEnabled: false
08:03:36.254 [FXGL Background Thread 3 ] DEBUG Engine               - isWindows: true
08:03:36.254 [FXGL Background Thread 3 ] DEBUG Engine               - language: ObjectProperty [value: ENGLISH]
08:03:36.254 [FXGL Background Thread 3 ] DEBUG Engine               - menuKey: ESCAPE
08:03:36.254 [FXGL Background Thread 3 ] DEBUG Engine               - mouseSensitivity: 0.2
08:03:36.254 [FXGL Background Thread 3 ] DEBUG Engine               - notificationViewClass: class com.almasb.fxgl.notification.view.XboxNotificationView
08:03:36.254 [FXGL Background Thread 3 ] DEBUG Engine               - pixelsPerMeter: 50.0
08:03:36.254 [FXGL Background Thread 3 ] DEBUG Engine               - platform: WINDOWS
08:03:36.254 [FXGL Background Thread 3 ] DEBUG Engine               - prefHeightProperty: ReadOnlyDoubleProperty [value: 720.0]
08:03:36.255 [FXGL Background Thread 3 ] DEBUG Engine               - prefWidthProperty: ReadOnlyDoubleProperty [value: 1280.0]
08:03:36.255 [FXGL Background Thread 3 ] DEBUG Engine               - profileDir: profiles/
08:03:36.255 [FXGL Background Thread 3 ] DEBUG Engine               - profileName: StringProperty [value: DEFAULT]
08:03:36.255 [FXGL Background Thread 3 ] DEBUG Engine               - randomSeed: -1
08:03:36.255 [FXGL Background Thread 3 ] DEBUG Engine               - runtimeInfo: RuntimeInfo(platform=WINDOWS, version=17+dev-SNAPSHOT, build=23.08.2022 11.12)
08:03:36.255 [FXGL Background Thread 3 ] DEBUG Engine               - saveFileExt: sav
08:03:36.255 [FXGL Background Thread 3 ] DEBUG Engine               - scaledHeightProp$fxgl: DoubleProperty [bound, value: 720.0]
08:03:36.255 [FXGL Background Thread 3 ] DEBUG Engine               - scaledWidthProp$fxgl: DoubleProperty [bound, value: 1280.0]
08:03:36.255 [FXGL Background Thread 3 ] DEBUG Engine               - sceneFactory: org.example.GameApp$1@68612fd2
08:03:36.255 [FXGL Background Thread 3 ] DEBUG Engine               - secondsIn24h: 60
08:03:36.255 [FXGL Background Thread 3 ] DEBUG Engine               - soundMenuBack: menu/back.wav
08:03:36.255 [FXGL Background Thread 3 ] DEBUG Engine               - soundMenuPress: menu/press.wav
08:03:36.255 [FXGL Background Thread 3 ] DEBUG Engine               - soundMenuSelect: menu/select.wav
08:03:36.255 [FXGL Background Thread 3 ] DEBUG Engine               - soundNotification: core/notification.wav
08:03:36.255 [FXGL Background Thread 3 ] DEBUG Engine               - stageStyle: DECORATED
08:03:36.255 [FXGL Background Thread 3 ] DEBUG Engine               - supportedLanguages: [ENGLISH, FRENCH, GERMAN, HUNGARIAN, RUSSIAN]
08:03:36.255 [FXGL Background Thread 3 ] DEBUG Engine               - ticksPerSecond: -1
08:03:36.255 [FXGL Background Thread 3 ] DEBUG Engine               - title: Prototype
08:03:36.255 [FXGL Background Thread 3 ] DEBUG Engine               - urlGithub: https://github.com/AlmasB/FXGL
08:03:36.255 [FXGL Background Thread 3 ] DEBUG Engine               - urlLeaderboard: http://fxgl-top.herokuapp.com/
08:03:36.255 [FXGL Background Thread 3 ] DEBUG Engine               - urlPOM: https://raw.githubusercontent.com/AlmasB/FXGL/release/README.md
08:03:36.255 [FXGL Background Thread 3 ] DEBUG Engine               - userAppClass: class org.example.GameApp
08:03:36.255 [FXGL Background Thread 3 ] DEBUG Engine               - version: 0.1.5
08:03:36.255 [FXGL Background Thread 3 ] DEBUG Engine               - versionCheckDays: 7
08:03:36.255 [FXGL Background Thread 3 ] DEBUG Engine               - width: 1280
08:03:36.255 [FXGL Background Thread 3 ] DEBUG Engine               - Logging services
08:03:36.255 [FXGL Background Thread 3 ] DEBUG Engine               - class com.almasb.fxgl.app.services.FXGLAssetLoaderService
08:03:36.255 [FXGL Background Thread 3 ] DEBUG Engine               - class com.almasb.fxgl.app.FXGLApplication$GameApplicationService
08:03:36.255 [FXGL Background Thread 3 ] DEBUG Engine               - class com.almasb.fxgl.app.services.FXGLDialogService
08:03:36.255 [FXGL Background Thread 3 ] DEBUG Engine               - class com.almasb.fxgl.app.services.IOTaskExecutorService
08:03:36.255 [FXGL Background Thread 3 ] DEBUG Engine               - class com.almasb.fxgl.io.FileSystemService
08:03:36.255 [FXGL Background Thread 3 ] DEBUG Engine               - class com.almasb.fxgl.localization.LocalizationService
08:03:36.255 [FXGL Background Thread 3 ] DEBUG Engine               - class com.almasb.fxgl.app.services.SystemBundleService
08:03:36.255 [FXGL Background Thread 3 ] DEBUG Engine               - class com.almasb.fxgl.profile.SaveLoadService
08:03:36.255 [FXGL Background Thread 3 ] DEBUG Engine               - class com.almasb.fxgl.ui.FXGLUIFactoryServiceProvider
08:03:36.255 [FXGL Background Thread 3 ] DEBUG Engine               - class com.almasb.fxgl.ui.FXGLDialogFactoryServiceProvider
08:03:36.255 [FXGL Background Thread 3 ] DEBUG Engine               - class com.almasb.fxgl.audio.AudioPlayer
08:03:36.255 [FXGL Background Thread 3 ] DEBUG Engine               - class com.almasb.fxgl.notification.impl.NotificationServiceProvider
08:03:36.255 [FXGL Background Thread 3 ] DEBUG Engine               - class com.almasb.fxgl.achievement.AchievementService
08:03:36.255 [FXGL Background Thread 3 ] DEBUG Engine               - class com.almasb.fxgl.cutscene.CutsceneService
08:03:36.255 [FXGL Background Thread 3 ] DEBUG Engine               - class com.almasb.fxgl.minigames.MiniGameService
08:03:36.255 [FXGL Background Thread 3 ] DEBUG Engine               - class com.almasb.fxgl.net.NetService
08:03:36.255 [FXGL Background Thread 3 ] DEBUG Engine               - class com.almasb.fxgl.app.services.UpdaterService
08:03:36.256 [FXGL Background Thread 3 ] DEBUG Engine               - class com.almasb.fxgl.dev.DevService
08:03:40.365 [JavaFX Application Thread] DEBUG Menu                 - fireNewGame()
08:03:40.365 [JavaFX Application Thread] DEBUG GameApplicationServi - Starting new game
08:03:40.365 [JavaFX Application Thread] DEBUG PrimaryStageWindow   - Pop state: NameInputScene
08:03:40.365 [JavaFX Application Thread] DEBUG Input                - Clearing active input actions
08:03:40.365 [JavaFX Application Thread] DEBUG GameApplicationServi - Removing overlay from NameInputScene and adding to FXGLMainMenuDummyScene
08:03:40.366 [JavaFX Application Thread] DEBUG PrimaryStageWindow   - FXGLMainMenuDummyScene <- NameInputScene
08:03:40.366 [JavaFX Application Thread] DEBUG Input                - Clearing active input actions
08:03:40.369 [JavaFX Application Thread] DEBUG GameApplicationServi - Removing overlay from FXGLMainMenuDummyScene and adding to FXGLLoadingScene
08:03:40.369 [JavaFX Application Thread] DEBUG PrimaryStageWindow   - FXGLMainMenuDummyScene -> FXGLLoadingScene
08:03:40.369 [JavaFX Application Thread] DEBUG GameApplicationServi - Clearing previous game
08:03:40.369 [JavaFX Application Thread] DEBUG GameScene            - Clearing game scene
08:03:40.369 [JavaFX Application Thread] DEBUG GameWorld            - Clearing game world
08:03:40.369 [JavaFX Application Thread] DEBUG PhysicsWorld         - Clearing physics world
08:03:40.370 [FXGL Background Thread 2 ] DEBUG FXGLApplication      - Initializing game
08:03:40.371 [FXGL Background Thread 2 ] DEBUG Input                - Clearing active input actions
08:03:40.379 [FXGL Background Thread 2 ] DEBUG FXGLAssetLoaderServi - Loading from file system: file:/F:/my%20files/School/2nd%20year%202nd%20sem/TheOnlyException/Test/target/classes/assets/textures/dasd.png
08:03:40.396 [FXGL Background Thread 2 ] DEBUG FXGLAssetLoaderServi - Loading from file system: file:/F:/my%20files/School/2nd%20year%202nd%20sem/TheOnlyException/Test/target/classes/assets/textures/player-scaled.png
08:03:40.427 [FXGL Background Thread 2 ] INFO  FXGLApplication      - Game initialization took: 0.057 sec
08:03:40.428 [JavaFX Application Thread] DEBUG Input                - Clearing active input actions
08:03:40.432 [JavaFX Application Thread] DEBUG GameApplicationServi - Removing overlay from FXGLLoadingScene and adding to GameScene
08:03:40.433 [JavaFX Application Thread] DEBUG PrimaryStageWindow   - FXGLLoadingScene -> GameScene
08:03:40.933 [JavaFX Application Thread] DEBUG FXGLAssetLoaderServi - Loading from file system: file:/F:/my%20files/School/2nd%20year%202nd%20sem/TheOnlyException/Test/target/classes/assets/textures/MaggotWalk-scaled.png
08:03:41.331 [JavaFX Application Thread] DEBUG FXGLAssetLoaderServi - Loading from file system: file:/F:/my%20files/School/2nd%20year%202nd%20sem/TheOnlyException/Test/target/classes/assets/textures/BeetleMove-scaled.png
08:03:41.921 [JavaFX Application Thread] DEBUG FXGLAssetLoaderServi - Loading from file system: file:/F:/my%20files/School/2nd%20year%202nd%20sem/TheOnlyException/Test/target/classes/assets/textures/MantisMove-scaled.png
08:03:46.275 [JavaFX Application Thread] DEBUG LoopRunner           - Pausing loop
08:03:46.280 [JavaFX Application Thread] DEBUG PrimaryStageWindow   - Push state: DialogSubScene
08:03:46.280 [JavaFX Application Thread] DEBUG Input                - Clearing active input actions
08:03:46.281 [JavaFX Application Thread] DEBUG GameApplicationServi - Removing overlay from GameScene and adding to DialogSubScene
08:03:46.281 [JavaFX Application Thread] DEBUG PrimaryStageWindow   - GameScene -> DialogSubScene
08:03:47.558 [JavaFX Application Thread] DEBUG PrimaryStageWindow   - Pop state: DialogSubScene
08:03:47.558 [JavaFX Application Thread] DEBUG Input                - Clearing active input actions
08:03:47.559 [JavaFX Application Thread] DEBUG GameApplicationServi - Removing overlay from DialogSubScene and adding to GameScene
08:03:47.559 [JavaFX Application Thread] DEBUG PrimaryStageWindow   - GameScene <- DialogSubScene
08:03:47.560 [JavaFX Application Thread] DEBUG LoopRunner           - Resuming loop
08:03:49.147 [JavaFX Application Thread] DEBUG LoopRunner           - Pausing loop
08:03:49.149 [JavaFX Application Thread] DEBUG PrimaryStageWindow   - Push state: DialogSubScene
08:03:49.149 [JavaFX Application Thread] DEBUG Input                - Clearing active input actions
08:03:49.149 [JavaFX Application Thread] DEBUG GameApplicationServi - Removing overlay from GameScene and adding to DialogSubScene
08:03:49.149 [JavaFX Application Thread] DEBUG PrimaryStageWindow   - GameScene -> DialogSubScene
08:03:49.951 [JavaFX Application Thread] DEBUG PrimaryStageWindow   - Pop state: DialogSubScene
08:03:49.951 [JavaFX Application Thread] DEBUG Input                - Clearing active input actions
08:03:49.951 [JavaFX Application Thread] DEBUG GameApplicationServi - Removing overlay from DialogSubScene and adding to GameScene
08:03:49.951 [JavaFX Application Thread] DEBUG PrimaryStageWindow   - GameScene <- DialogSubScene
08:03:49.951 [JavaFX Application Thread] DEBUG LoopRunner           - Resuming loop
08:03:51.235 [JavaFX Application Thread] DEBUG LoopRunner           - Pausing loop
08:03:51.237 [JavaFX Application Thread] DEBUG PrimaryStageWindow   - Push state: DialogSubScene
08:03:51.237 [JavaFX Application Thread] DEBUG Input                - Clearing active input actions
08:03:51.237 [JavaFX Application Thread] DEBUG GameApplicationServi - Removing overlay from GameScene and adding to DialogSubScene
08:03:51.237 [JavaFX Application Thread] DEBUG PrimaryStageWindow   - GameScene -> DialogSubScene
08:03:52.071 [JavaFX Application Thread] DEBUG PrimaryStageWindow   - Pop state: DialogSubScene
08:03:52.071 [JavaFX Application Thread] DEBUG Input                - Clearing active input actions
08:03:52.071 [JavaFX Application Thread] DEBUG GameApplicationServi - Removing overlay from DialogSubScene and adding to GameScene
08:03:52.071 [JavaFX Application Thread] DEBUG PrimaryStageWindow   - GameScene <- DialogSubScene
08:03:52.071 [JavaFX Application Thread] DEBUG LoopRunner           - Resuming loop
08:03:52.498 [JavaFX Application Thread] DEBUG LoopRunner           - Pausing loop
08:03:52.500 [JavaFX Application Thread] DEBUG PrimaryStageWindow   - Push state: DialogSubScene
08:03:52.500 [JavaFX Application Thread] DEBUG Input                - Clearing active input actions
08:03:52.500 [JavaFX Application Thread] DEBUG GameApplicationServi - Removing overlay from GameScene and adding to DialogSubScene
08:03:52.500 [JavaFX Application Thread] DEBUG PrimaryStageWindow   - GameScene -> DialogSubScene
08:03:53.085 [JavaFX Application Thread] DEBUG PrimaryStageWindow   - Pop state: DialogSubScene
08:03:53.085 [JavaFX Application Thread] DEBUG Input                - Clearing active input actions
08:03:53.086 [JavaFX Application Thread] DEBUG GameApplicationServi - Removing overlay from DialogSubScene and adding to GameScene
08:03:53.086 [JavaFX Application Thread] DEBUG PrimaryStageWindow   - GameScene <- DialogSubScene
08:03:53.086 [JavaFX Application Thread] DEBUG LoopRunner           - Resuming loop
08:03:56.595 [JavaFX Application Thread] DEBUG LoopRunner           - Pausing loop
08:03:56.596 [JavaFX Application Thread] DEBUG PrimaryStageWindow   - Push state: DialogSubScene
08:03:56.596 [JavaFX Application Thread] DEBUG Input                - Clearing active input actions
08:03:56.596 [JavaFX Application Thread] DEBUG GameApplicationServi - Removing overlay from GameScene and adding to DialogSubScene
08:03:56.596 [JavaFX Application Thread] DEBUG PrimaryStageWindow   - GameScene -> DialogSubScene
08:03:57.350 [JavaFX Application Thread] DEBUG PrimaryStageWindow   - Pop state: DialogSubScene
08:03:57.350 [JavaFX Application Thread] DEBUG Input                - Clearing active input actions
08:03:57.350 [JavaFX Application Thread] DEBUG GameApplicationServi - Removing overlay from DialogSubScene and adding to GameScene
08:03:57.350 [JavaFX Application Thread] DEBUG PrimaryStageWindow   - GameScene <- DialogSubScene
08:03:57.350 [JavaFX Application Thread] DEBUG LoopRunner           - Resuming loop
08:03:57.987 [JavaFX Application Thread] DEBUG LoopRunner           - Pausing loop
08:03:57.988 [JavaFX Application Thread] DEBUG PrimaryStageWindow   - Push state: DialogSubScene
08:03:57.988 [JavaFX Application Thread] DEBUG Input                - Clearing active input actions
08:03:57.988 [JavaFX Application Thread] DEBUG GameApplicationServi - Removing overlay from GameScene and adding to DialogSubScene
08:03:57.988 [JavaFX Application Thread] DEBUG PrimaryStageWindow   - GameScene -> DialogSubScene
08:03:58.962 [JavaFX Application Thread] DEBUG PrimaryStageWindow   - Pop state: DialogSubScene
08:03:58.962 [JavaFX Application Thread] DEBUG Input                - Clearing active input actions
08:03:58.962 [JavaFX Application Thread] DEBUG GameApplicationServi - Removing overlay from DialogSubScene and adding to GameScene
08:03:58.962 [JavaFX Application Thread] DEBUG PrimaryStageWindow   - GameScene <- DialogSubScene
08:03:58.963 [JavaFX Application Thread] DEBUG Input                - Clearing active input actions
08:03:58.964 [JavaFX Application Thread] DEBUG Input                - Clearing active input actions
08:03:58.966 [JavaFX Application Thread] DEBUG GameApplicationServi - Removing overlay from GameScene and adding to FXGLMainMenuDummyScene
08:03:58.966 [JavaFX Application Thread] DEBUG PrimaryStageWindow   - GameScene -> FXGLMainMenuDummyScene
08:03:58.966 [JavaFX Application Thread] DEBUG PrimaryStageWindow   - Push state: NameInputScene
08:03:58.966 [JavaFX Application Thread] DEBUG Input                - Clearing active input actions
08:03:58.968 [JavaFX Application Thread] DEBUG GameApplicationServi - Removing overlay from FXGLMainMenuDummyScene and adding to NameInputScene
08:03:58.968 [JavaFX Application Thread] DEBUG PrimaryStageWindow   - FXGLMainMenuDummyScene -> NameInputScene
08:03:58.968 [JavaFX Application Thread] DEBUG LoopRunner           - Resuming loop
08:03:59.682 [JavaFX Application Thread] DEBUG Menu                 - fireNewGame()
08:03:59.682 [JavaFX Application Thread] DEBUG GameApplicationServi - Starting new game
08:03:59.682 [JavaFX Application Thread] DEBUG PrimaryStageWindow   - Pop state: NameInputScene
08:03:59.682 [JavaFX Application Thread] DEBUG Input                - Clearing active input actions
08:03:59.682 [JavaFX Application Thread] DEBUG GameApplicationServi - Removing overlay from NameInputScene and adding to FXGLMainMenuDummyScene
08:03:59.682 [JavaFX Application Thread] DEBUG PrimaryStageWindow   - FXGLMainMenuDummyScene <- NameInputScene
08:03:59.682 [JavaFX Application Thread] DEBUG Input                - Clearing active input actions
08:03:59.685 [JavaFX Application Thread] DEBUG GameApplicationServi - Removing overlay from FXGLMainMenuDummyScene and adding to FXGLLoadingScene
08:03:59.685 [JavaFX Application Thread] DEBUG PrimaryStageWindow   - FXGLMainMenuDummyScene -> FXGLLoadingScene
08:03:59.685 [JavaFX Application Thread] DEBUG GameApplicationServi - Clearing previous game
08:03:59.685 [JavaFX Application Thread] DEBUG GameScene            - Clearing game scene
08:03:59.685 [JavaFX Application Thread] DEBUG GameWorld            - Clearing game world
08:03:59.685 [JavaFX Application Thread] DEBUG PhysicsWorld         - Clearing physics world
08:03:59.685 [FXGL Background Thread 2 ] DEBUG FXGLApplication      - Initializing game
08:03:59.686 [FXGL Background Thread 2 ] DEBUG Input                - Clearing active input actions
08:03:59.688 [FXGL Background Thread 2 ] INFO  FXGLApplication      - Game initialization took: 0.003 sec
08:03:59.688 [JavaFX Application Thread] DEBUG Input                - Clearing active input actions
08:03:59.689 [JavaFX Application Thread] DEBUG GameApplicationServi - Removing overlay from FXGLLoadingScene and adding to GameScene
08:03:59.690 [JavaFX Application Thread] DEBUG PrimaryStageWindow   - FXGLLoadingScene -> GameScene
08:04:01.775 [JavaFX Application Thread] DEBUG LoopRunner           - Pausing loop
08:04:01.776 [JavaFX Application Thread] DEBUG PrimaryStageWindow   - Push state: DialogSubScene
08:04:01.776 [JavaFX Application Thread] DEBUG Input                - Clearing active input actions
08:04:01.777 [JavaFX Application Thread] DEBUG GameApplicationServi - Removing overlay from GameScene and adding to DialogSubScene
08:04:01.777 [JavaFX Application Thread] DEBUG PrimaryStageWindow   - GameScene -> DialogSubScene
08:04:02.492 [JavaFX Application Thread] DEBUG PrimaryStageWindow   - Pop state: DialogSubScene
08:04:02.492 [JavaFX Application Thread] DEBUG Input                - Clearing active input actions
08:04:02.493 [JavaFX Application Thread] DEBUG GameApplicationServi - Removing overlay from DialogSubScene and adding to GameScene
08:04:02.493 [JavaFX Application Thread] DEBUG PrimaryStageWindow   - GameScene <- DialogSubScene
08:04:02.493 [JavaFX Application Thread] DEBUG LoopRunner           - Resuming loop
08:04:06.705 [JavaFX Application Thread] DEBUG LoopRunner           - Pausing loop
08:04:06.706 [JavaFX Application Thread] DEBUG PrimaryStageWindow   - Push state: DialogSubScene
08:04:06.706 [JavaFX Application Thread] DEBUG Input                - Clearing active input actions
08:04:06.706 [JavaFX Application Thread] DEBUG GameApplicationServi - Removing overlay from GameScene and adding to DialogSubScene
08:04:06.706 [JavaFX Application Thread] DEBUG PrimaryStageWindow   - GameScene -> DialogSubScene
08:04:07.604 [JavaFX Application Thread] DEBUG PrimaryStageWindow   - Pop state: DialogSubScene
08:04:07.604 [JavaFX Application Thread] DEBUG Input                - Clearing active input actions
08:04:07.605 [JavaFX Application Thread] DEBUG GameApplicationServi - Removing overlay from DialogSubScene and adding to GameScene
08:04:07.605 [JavaFX Application Thread] DEBUG PrimaryStageWindow   - GameScene <- DialogSubScene
08:04:07.605 [JavaFX Application Thread] DEBUG LoopRunner           - Resuming loop
08:04:11.566 [JavaFX Application Thread] DEBUG LoopRunner           - Pausing loop
08:04:11.567 [JavaFX Application Thread] DEBUG PrimaryStageWindow   - Push state: DialogSubScene
08:04:11.567 [JavaFX Application Thread] DEBUG Input                - Clearing active input actions
08:04:11.567 [JavaFX Application Thread] DEBUG GameApplicationServi - Removing overlay from GameScene and adding to DialogSubScene
08:04:11.567 [JavaFX Application Thread] DEBUG PrimaryStageWindow   - GameScene -> DialogSubScene
08:04:12.243 [JavaFX Application Thread] DEBUG PrimaryStageWindow   - Pop state: DialogSubScene
08:04:12.243 [JavaFX Application Thread] DEBUG Input                - Clearing active input actions
08:04:12.244 [JavaFX Application Thread] DEBUG GameApplicationServi - Removing overlay from DialogSubScene and adding to GameScene
08:04:12.244 [JavaFX Application Thread] DEBUG PrimaryStageWindow   - GameScene <- DialogSubScene
08:04:12.244 [JavaFX Application Thread] DEBUG LoopRunner           - Resuming loop
08:04:20.033 [JavaFX Application Thread] DEBUG LoopRunner           - Pausing loop
08:04:20.033 [JavaFX Application Thread] DEBUG PrimaryStageWindow   - Push state: DialogSubScene
08:04:20.033 [JavaFX Application Thread] DEBUG Input                - Clearing active input actions
08:04:20.033 [JavaFX Application Thread] DEBUG GameApplicationServi - Removing overlay from GameScene and adding to DialogSubScene
08:04:20.034 [JavaFX Application Thread] DEBUG PrimaryStageWindow   - GameScene -> DialogSubScene
08:04:20.926 [JavaFX Application Thread] DEBUG PrimaryStageWindow   - Pop state: DialogSubScene
08:04:20.926 [JavaFX Application Thread] DEBUG Input                - Clearing active input actions
08:04:20.927 [JavaFX Application Thread] DEBUG GameApplicationServi - Removing overlay from DialogSubScene and adding to GameScene
08:04:20.927 [JavaFX Application Thread] DEBUG PrimaryStageWindow   - GameScene <- DialogSubScene
08:04:20.927 [JavaFX Application Thread] DEBUG Input                - Clearing active input actions
08:04:20.927 [JavaFX Application Thread] DEBUG Input                - Clearing active input actions
08:04:20.928 [JavaFX Application Thread] DEBUG GameApplicationServi - Removing overlay from GameScene and adding to FXGLMainMenuDummyScene
08:04:20.928 [JavaFX Application Thread] DEBUG PrimaryStageWindow   - GameScene -> FXGLMainMenuDummyScene
08:04:20.928 [JavaFX Application Thread] DEBUG PrimaryStageWindow   - Push state: NameInputScene
08:04:20.928 [JavaFX Application Thread] DEBUG Input                - Clearing active input actions
08:04:20.929 [JavaFX Application Thread] DEBUG GameApplicationServi - Removing overlay from FXGLMainMenuDummyScene and adding to NameInputScene
08:04:20.929 [JavaFX Application Thread] DEBUG PrimaryStageWindow   - FXGLMainMenuDummyScene -> NameInputScene
08:04:20.929 [JavaFX Application Thread] DEBUG LoopRunner           - Resuming loop
08:04:24.444 [JavaFX Application Thread] DEBUG Menu                 - fireNewGame()
08:04:24.444 [JavaFX Application Thread] DEBUG GameApplicationServi - Starting new game
08:04:24.444 [JavaFX Application Thread] DEBUG PrimaryStageWindow   - Pop state: NameInputScene
08:04:24.444 [JavaFX Application Thread] DEBUG Input                - Clearing active input actions
08:04:24.444 [JavaFX Application Thread] DEBUG GameApplicationServi - Removing overlay from NameInputScene and adding to FXGLMainMenuDummyScene
08:04:24.445 [JavaFX Application Thread] DEBUG PrimaryStageWindow   - FXGLMainMenuDummyScene <- NameInputScene
08:04:24.445 [JavaFX Application Thread] DEBUG Input                - Clearing active input actions
08:04:24.446 [JavaFX Application Thread] DEBUG GameApplicationServi - Removing overlay from FXGLMainMenuDummyScene and adding to FXGLLoadingScene
08:04:24.446 [JavaFX Application Thread] DEBUG PrimaryStageWindow   - FXGLMainMenuDummyScene -> FXGLLoadingScene
08:04:24.446 [JavaFX Application Thread] DEBUG GameApplicationServi - Clearing previous game
08:04:24.446 [JavaFX Application Thread] DEBUG GameScene            - Clearing game scene
08:04:24.446 [JavaFX Application Thread] DEBUG GameWorld            - Clearing game world
08:04:24.447 [JavaFX Application Thread] DEBUG PhysicsWorld         - Clearing physics world
08:04:24.447 [FXGL Background Thread 2 ] DEBUG FXGLApplication      - Initializing game
08:04:24.447 [FXGL Background Thread 2 ] DEBUG Input                - Clearing active input actions
08:04:24.449 [FXGL Background Thread 2 ] INFO  FXGLApplication      - Game initialization took: 0.002 sec
08:04:24.449 [JavaFX Application Thread] DEBUG Input                - Clearing active input actions
08:04:24.451 [JavaFX Application Thread] DEBUG GameApplicationServi - Removing overlay from FXGLLoadingScene and adding to GameScene
08:04:24.451 [JavaFX Application Thread] DEBUG PrimaryStageWindow   - FXGLLoadingScene -> GameScene
08:04:25.494 [JavaFX Application Thread] DEBUG FXGLApplication      - Exiting FXGL
08:04:25.494 [JavaFX Application Thread] DEBUG LoopRunner           - Stopping loop
08:04:25.494 [JavaFX Application Thread] DEBUG SystemBundleService  - Saving FXGL system data
08:04:25.496 [JavaFX Application Thread] DEBUG FileSystemAccess     - Writing to: F:\my files\School\2nd year 2nd sem\TheOnlyException\system\fxgl.bundle
08:04:25.911 [JavaFX Application Thread] DEBUG Async                - Shutting down background threads
08:04:25.911 [JavaFX Application Thread] DEBUG PrimaryStageWindow   - Closing main window
08:04:25.932 [JavaFX Application Thread] DEBUG Logger               - Closing Logger
