15:17:15.729 [main                     ] DEBUG Logger               - Configured Logger
15:17:15.742 [main                     ] DEBUG GameApplication      - Logging settings
Title: Prototype Game
Version: 0.1.5
Width: 1280
Height: 720
Fullscreen: false
Intro: false
Profiling: false
Single step:false
App Mode: DEVELOPER
Menu Key: ESCAPE
Stage Style: DECORATED
Scene Factory: class org.example.core.GameApp$1

15:17:16.560 [JavaFX Application Thread] DEBUG FXGLApplication      - Initializing FXGL
15:17:16.565 [JavaFX Application Thread] INFO  Engine               - FXGL-21+dev-SNAPSHOT (26.03.2024 21.04) on WINDOWS (J:24 FX:21.0.1)
15:17:16.565 [JavaFX Application Thread] DEBUG Engine               - JRE Vendor Name: Oracle Corporation
15:17:16.565 [JavaFX Application Thread] DEBUG Engine               - Running on OS: Windows 10 version 10.0
15:17:16.566 [JavaFX Application Thread] DEBUG Engine               - Architecture: amd64
15:17:16.566 [JavaFX Application Thread] INFO  Engine               - Source code and latest versions at: https://github.com/AlmasB/FXGL
15:17:16.566 [JavaFX Application Thread] INFO  Engine               -       Ask questions and discuss at: https://github.com/AlmasB/FXGL/discussions
15:17:16.566 [JavaFX Application Thread] INFO  Engine               -              Join the FXGL chat at: https://gitter.im/AlmasB/FXGL
15:17:16.837 [JavaFX Application Thread] DEBUG PrimaryStageWindow   - Creating a JavaFX scene
15:17:16.939 [JavaFX Application Thread] DEBUG PrimaryStageWindow   - Target settings size: 1280.0 x 720.0
15:17:16.940 [JavaFX Application Thread] DEBUG PrimaryStageWindow   - Scaled scene size:    1280.0 x 720.0
15:17:16.940 [JavaFX Application Thread] DEBUG PrimaryStageWindow   - Scaled ratio: (1.0, 1.0)
15:17:16.942 [JavaFX Application Thread] DEBUG PrimaryStageWindow   - Set initial scene to FXGLStartupScene
15:17:16.949 [JavaFX Application Thread] DEBUG PrimaryStageWindow   - Opening main window
15:17:17.088 [JavaFX Application Thread] DEBUG PrimaryStageWindow   - Window border size: (16.0, 39.0)
15:17:17.089 [JavaFX Application Thread] DEBUG PrimaryStageWindow   - Scaled size: 1280.0 x 720.0
15:17:17.089 [JavaFX Application Thread] DEBUG PrimaryStageWindow   - Scaled ratio: (1.0, 1.0)
15:17:17.089 [JavaFX Application Thread] DEBUG PrimaryStageWindow   - Scene size: 1280.0 x 720.0
15:17:17.089 [JavaFX Application Thread] DEBUG PrimaryStageWindow   - Stage size: 1296.0 x 759.0
15:17:17.106 [FXGL Background Thread 1 ] DEBUG Engine               - Initializing environment variables
15:17:17.231 [FXGL Background Thread 1 ] DEBUG FXGLAssetLoaderServi - User app class for loading assets: class org.example.core.GameApp
15:17:17.232 [FXGL Background Thread 1 ] DEBUG GameApplicationServi - Applying CSS: fxgl_dark.css
15:17:17.233 [FXGL Background Thread 1 ] DEBUG FXGLAssetLoaderServi - Loading from file system: jar:file:/C:/Users/kurtd/.m2/repository/com/github/AlmasB/FXGL/fxgl/21.1/fxgl-21.1.jar!/fxglassets/ui/css/fxgl_dark.css
15:17:17.319 [FXGL Background Thread 1 ] DEBUG GameApplicationServi - Initializing application scenes
15:17:17.393 [FXGL Background Thread 1 ] DEBUG GameWorld            - Game world initialized
15:17:17.504 [FXGL Background Thread 1 ] DEBUG PhysicsWorld         - Physics world initialized: appHeight=720, physics.ppm=50.0
15:17:17.504 [FXGL Background Thread 1 ] DEBUG PhysicsWorld         - Using strategy: BRUTE_FORCE
15:17:17.511 [FXGL Background Thread 1 ] DEBUG GameScene            - Game scene initialized: 1280x720
15:17:17.980 [FXGL Background Thread 1 ] DEBUG GameApplicationServi - Application scenes initialized
15:17:18.023 [FXGL Background Thread 1 ] DEBUG SystemBundleService  - Loading FXGL system data
15:17:18.031 [FXGL Background Thread 1 ] DEBUG FileSystemAccess     - Reading from: C:\Users\kurtd\IdeaProjects\TheOnlyException\system\fxgl.bundle
15:17:18.041 [FXGL Background Thread 1 ] DEBUG SystemBundleService  - Bundle FXGL: {}
15:17:18.042 [FXGL Background Thread 1 ] DEBUG UpdaterService       - Checking for updates
15:17:18.055 [FXGL Background Thread 1 ] DEBUG FXGLApplication      - Loading default localization
15:17:18.056 [FXGL Background Thread 1 ] DEBUG FXGLAssetLoaderServi - Loading from file system: jar:file:/C:/Users/kurtd/.m2/repository/com/github/AlmasB/FXGL/fxgl/21.1/fxgl-21.1.jar!/fxglassets/languages/english.lang
15:17:18.059 [FXGL Background Thread 4 ] DEBUG FXGLApplication      - Loading fonts
15:17:18.059 [FXGL Background Thread 4 ] DEBUG FXGLAssetLoaderServi - Loading from file system: jar:file:/C:/Users/kurtd/.m2/repository/com/github/AlmasB/FXGL/fxgl-samples/21.1/fxgl-samples-21.1.jar!/assets/ui/fonts/VarelaRound-Regular.ttf
15:17:18.103 [FXGL Background Thread 1 ] INFO  FXGLApplication      - FXGL initialization took: 0.998 sec
15:17:18.122 [JavaFX Application Thread] DEBUG Input                - Registered new binding: action0 - A
15:17:18.123 [JavaFX Application Thread] DEBUG Input                - Registered new binding: action1 - D
15:17:18.123 [JavaFX Application Thread] DEBUG Input                - Registered new binding: action2 - W
15:17:18.124 [JavaFX Application Thread] DEBUG Input                - Registered new binding: action3 - S
15:17:18.125 [JavaFX Application Thread] DEBUG FXGLAssetLoaderServi - Loading from file system: jar:file:/C:/Users/kurtd/.m2/repository/com/github/AlmasB/FXGL/fxgl/21.1/fxgl-21.1.jar!/fxglassets/textures/fxgl_icon.png
15:17:18.125 [FXGL Background Thread 4 ] DEBUG FXGLAssetLoaderServi - Loading from file system: jar:file:/C:/Users/kurtd/.m2/repository/com/github/AlmasB/FXGL/fxgl/21.1/fxgl-21.1.jar!/fxglassets/ui/fonts/Abel-Regular.ttf
15:17:18.145 [FXGL Background Thread 4 ] DEBUG FXGLAssetLoaderServi - Loading from file system: jar:file:/C:/Users/kurtd/.m2/repository/com/github/AlmasB/FXGL/fxgl/21.1/fxgl-21.1.jar!/fxglassets/ui/fonts/TerminalLandMono-Regular.otf
15:17:18.170 [FXGL Background Thread 4 ] DEBUG FXGLAssetLoaderServi - Loading from file system: jar:file:/C:/Users/kurtd/.m2/repository/com/github/AlmasB/FXGL/fxgl/21.1/fxgl-21.1.jar!/fxglassets/ui/fonts/Courier-Prime.ttf
15:17:18.251 [JavaFX Application Thread] DEBUG FXGLAssetLoaderServi - Loading from file system: jar:file:/C:/Users/kurtd/.m2/repository/com/github/AlmasB/FXGL/fxgl/21.1/fxgl-21.1.jar!/fxglassets/textures/fxgl_default_cursor.png
15:17:18.264 [JavaFX Application Thread] DEBUG Input                - Registered new binding: Screenshot - CTRL+8
15:17:18.265 [JavaFX Application Thread] DEBUG Input                - Registered new binding: System info dump - CTRL+9
15:17:18.266 [JavaFX Application Thread] DEBUG Input                - Registered new binding: Restart - CTRL+R
15:17:18.267 [JavaFX Application Thread] DEBUG Input                - Registered new binding: Toggle Debug Camera - CTRL+7
15:17:18.276 [JavaFX Application Thread] DEBUG LoopRunner           - Starting loop
15:17:18.276 [JavaFX Application Thread] DEBUG LoopRunner           - Initializing JavaFX AnimationTimerLoop
15:17:18.311 [JavaFX Application Thread] DEBUG Input                - Clearing active input actions
15:17:18.334 [JavaFX Application Thread] DEBUG GameApplicationServi - Removing overlay from FXGLStartupScene and adding to FXGLMainMenuDummyScene
15:17:18.335 [JavaFX Application Thread] DEBUG PrimaryStageWindow   - FXGLStartupScene -> FXGLMainMenuDummyScene
15:17:18.335 [JavaFX Application Thread] DEBUG PrimaryStageWindow   - Push state: LoginScene
15:17:18.336 [JavaFX Application Thread] DEBUG Input                - Clearing active input actions
15:17:18.374 [JavaFX Application Thread] DEBUG GameApplicationServi - Removing overlay from FXGLMainMenuDummyScene and adding to LoginScene
15:17:18.375 [JavaFX Application Thread] DEBUG PrimaryStageWindow   - FXGLMainMenuDummyScene -> LoginScene
15:17:18.789 [JavaFX Application Thread] DEBUG FXGLApplication      - Registering font factories with UI factory
15:17:19.344 [FXGL Background Thread 2 ] INFO  UpdaterService       - Your current version:  21+dev-SNAPSHOT
15:17:19.345 [FXGL Background Thread 2 ] INFO  UpdaterService       - Latest stable version: 21.1
15:17:21.052 [FXGL Background Thread 3 ] DEBUG Engine               - Logging environment variables
15:17:21.052 [FXGL Background Thread 3 ] DEBUG Engine               - achievements: []
15:17:21.052 [FXGL Background Thread 3 ] DEBUG Engine               - actualHeight: 720.0
15:17:21.053 [FXGL Background Thread 3 ] DEBUG Engine               - actualHeightProperty: ReadOnlyDoubleProperty [value: 720.0]
15:17:21.053 [FXGL Background Thread 3 ] DEBUG Engine               - actualWidth: 1280.0
15:17:21.053 [FXGL Background Thread 3 ] DEBUG Engine               - actualWidthProperty: ReadOnlyDoubleProperty [value: 1280.0]
15:17:21.053 [FXGL Background Thread 3 ] DEBUG Engine               - appIcon: fxgl_icon.png
15:17:21.053 [FXGL Background Thread 3 ] DEBUG Engine               - applicationMode: DEVELOPER
15:17:21.053 [FXGL Background Thread 3 ] DEBUG Engine               - cSSList: [fxgl_dark.css]
15:17:21.053 [FXGL Background Thread 3 ] DEBUG Engine               - collisionDetectionStrategy: BRUTE_FORCE
15:17:21.053 [FXGL Background Thread 3 ] DEBUG Engine               - configClass: Optional.empty
15:17:21.053 [FXGL Background Thread 3 ] DEBUG Engine               - credits: []
15:17:21.056 [FXGL Background Thread 3 ] DEBUG Engine               - defaultCursor: CursorInfo(imageName=fxgl_default_cursor.png, hotspotX=7.0, hotspotY=6.0)
15:17:21.057 [FXGL Background Thread 3 ] DEBUG Engine               - devBBoxColorProperty: ObjectProperty [value: 0xff0000ff]
15:17:21.057 [FXGL Background Thread 3 ] DEBUG Engine               - devEnableDebugCameraProperty: BooleanProperty [value: false]
15:17:21.058 [FXGL Background Thread 3 ] DEBUG Engine               - devSensorColorProperty: ObjectProperty [value: 0xffff00ff]
15:17:21.058 [FXGL Background Thread 3 ] DEBUG Engine               - devShowBBoxProperty: BooleanProperty [value: false]
15:17:21.058 [FXGL Background Thread 3 ] DEBUG Engine               - devShowPositionProperty: BooleanProperty [value: false]
15:17:21.058 [FXGL Background Thread 3 ] DEBUG Engine               - enabledMenuItems: []
15:17:21.058 [FXGL Background Thread 3 ] DEBUG Engine               - engineServices: [class com.almasb.fxgl.app.services.FXGLAssetLoaderService, class com.almasb.fxgl.app.FXGLApplication$GameApplicationService, class com.almasb.fxgl.app.services.FXGLDialogService, class com.almasb.fxgl.app.services.IOTaskExecutorService, class com.almasb.fxgl.io.FileSystemService, class com.almasb.fxgl.localization.LocalizationService, class com.almasb.fxgl.app.services.SystemBundleService, class com.almasb.fxgl.profile.SaveLoadService, class com.almasb.fxgl.ui.FXGLUIFactoryServiceProvider, class com.almasb.fxgl.ui.FXGLDialogFactoryServiceProvider, class com.almasb.fxgl.audio.AudioPlayer, class com.almasb.fxgl.notification.impl.NotificationServiceProvider, class com.almasb.fxgl.achievement.AchievementService, class com.almasb.fxgl.cutscene.CutsceneService, class com.almasb.fxgl.minigames.MiniGameService, class com.almasb.fxgl.net.NetService, class com.almasb.fxgl.app.services.UpdaterService, class com.almasb.fxgl.dev.DevService]
15:17:21.058 [FXGL Background Thread 3 ] DEBUG Engine               - fontGame: Abel-Regular.ttf
15:17:21.058 [FXGL Background Thread 3 ] DEBUG Engine               - fontMono: TerminalLandMono-Regular.otf
15:17:21.059 [FXGL Background Thread 3 ] DEBUG Engine               - fontSizeScaleUI: 1.0
15:17:21.059 [FXGL Background Thread 3 ] DEBUG Engine               - fontText: Courier-Prime.ttf
15:17:21.059 [FXGL Background Thread 3 ] DEBUG Engine               - fontUI: VarelaRound-Regular.ttf
15:17:21.059 [FXGL Background Thread 3 ] DEBUG Engine               - fullScreen: BooleanProperty [value: false]
15:17:21.059 [FXGL Background Thread 3 ] DEBUG Engine               - gameDifficulty: MEDIUM
15:17:21.059 [FXGL Background Thread 3 ] DEBUG Engine               - gameDifficultyProperty: ObjectProperty [value: MEDIUM]
15:17:21.059 [FXGL Background Thread 3 ] DEBUG Engine               - globalMusicVolume: 0.5
15:17:21.059 [FXGL Background Thread 3 ] DEBUG Engine               - globalMusicVolumeProperty: DoubleProperty [value: 0.5]
15:17:21.059 [FXGL Background Thread 3 ] DEBUG Engine               - globalSoundVolume: 0.5
15:17:21.059 [FXGL Background Thread 3 ] DEBUG Engine               - globalSoundVolumeProperty: DoubleProperty [value: 0.5]
15:17:21.059 [FXGL Background Thread 3 ] DEBUG Engine               - height: 720
15:17:21.059 [FXGL Background Thread 3 ] DEBUG Engine               - is3D: false
15:17:21.059 [FXGL Background Thread 3 ] DEBUG Engine               - isAndroid: false
15:17:21.059 [FXGL Background Thread 3 ] DEBUG Engine               - isBrowser: false
15:17:21.059 [FXGL Background Thread 3 ] DEBUG Engine               - isClickFeedbackEnabled: false
15:17:21.060 [FXGL Background Thread 3 ] DEBUG Engine               - isCloseConfirmation: false
15:17:21.060 [FXGL Background Thread 3 ] DEBUG Engine               - isDesktop: true
15:17:21.060 [FXGL Background Thread 3 ] DEBUG Engine               - isDeveloperMenuEnabled: false
15:17:21.060 [FXGL Background Thread 3 ] DEBUG Engine               - isEmbedded: false
15:17:21.060 [FXGL Background Thread 3 ] DEBUG Engine               - isEntityPreloadEnabled: true
15:17:21.060 [FXGL Background Thread 3 ] DEBUG Engine               - isExperimentalTiledLargeMap: false
15:17:21.060 [FXGL Background Thread 3 ] DEBUG Engine               - isFileSystemWriteAllowed: true
15:17:21.060 [FXGL Background Thread 3 ] DEBUG Engine               - isFullScreenAllowed: false
15:17:21.060 [FXGL Background Thread 3 ] DEBUG Engine               - isFullScreenFromStart: false
15:17:21.060 [FXGL Background Thread 3 ] DEBUG Engine               - isGameMenuEnabled: false
15:17:21.060 [FXGL Background Thread 3 ] DEBUG Engine               - isIOS: false
15:17:21.060 [FXGL Background Thread 3 ] DEBUG Engine               - isIntroEnabled: false
15:17:21.060 [FXGL Background Thread 3 ] DEBUG Engine               - isLinux: false
15:17:21.060 [FXGL Background Thread 3 ] DEBUG Engine               - isMac: false
15:17:21.060 [FXGL Background Thread 3 ] DEBUG Engine               - isMainMenuEnabled: true
15:17:21.060 [FXGL Background Thread 3 ] DEBUG Engine               - isManualResizeEnabled: false
15:17:21.060 [FXGL Background Thread 3 ] DEBUG Engine               - isMobile: false
15:17:21.061 [FXGL Background Thread 3 ] DEBUG Engine               - isNative: false
15:17:21.061 [FXGL Background Thread 3 ] DEBUG Engine               - isPauseMusicWhenMinimized: true
15:17:21.061 [FXGL Background Thread 3 ] DEBUG Engine               - isPreserveResizeRatio: false
15:17:21.061 [FXGL Background Thread 3 ] DEBUG Engine               - isProfilingEnabled: false
15:17:21.061 [FXGL Background Thread 3 ] DEBUG Engine               - isScaleAffectedOnResize: true
15:17:21.061 [FXGL Background Thread 3 ] DEBUG Engine               - isSingleStep: false
15:17:21.061 [FXGL Background Thread 3 ] DEBUG Engine               - isUserProfileEnabled: false
15:17:21.061 [FXGL Background Thread 3 ] DEBUG Engine               - isWindows: true
15:17:21.061 [FXGL Background Thread 3 ] DEBUG Engine               - language: ObjectProperty [value: ENGLISH]
15:17:21.061 [FXGL Background Thread 3 ] DEBUG Engine               - menuKey: ESCAPE
15:17:21.061 [FXGL Background Thread 3 ] DEBUG Engine               - mouseSensitivity: 0.2
15:17:21.061 [FXGL Background Thread 3 ] DEBUG Engine               - notificationViewClass: class com.almasb.fxgl.notification.view.XboxNotificationView
15:17:21.061 [FXGL Background Thread 3 ] DEBUG Engine               - pixelsPerMeter: 50.0
15:17:21.061 [FXGL Background Thread 3 ] DEBUG Engine               - platform: WINDOWS
15:17:21.061 [FXGL Background Thread 3 ] DEBUG Engine               - prefHeightProperty: ReadOnlyDoubleProperty [value: 720.0]
15:17:21.062 [FXGL Background Thread 3 ] DEBUG Engine               - prefWidthProperty: ReadOnlyDoubleProperty [value: 1280.0]
15:17:21.062 [FXGL Background Thread 3 ] DEBUG Engine               - profileDir: profiles/
15:17:21.062 [FXGL Background Thread 3 ] DEBUG Engine               - profileName: StringProperty [value: DEFAULT]
15:17:21.062 [FXGL Background Thread 3 ] DEBUG Engine               - randomSeed: -1
15:17:21.062 [FXGL Background Thread 3 ] DEBUG Engine               - runtimeInfo: RuntimeInfo(platform=WINDOWS, version=21+dev-SNAPSHOT, build=26.03.2024 21.04)
15:17:21.062 [FXGL Background Thread 3 ] DEBUG Engine               - saveFileExt: sav
15:17:21.062 [FXGL Background Thread 3 ] DEBUG Engine               - scaledHeightProp$fxgl: DoubleProperty [bound, value: 720.0]
15:17:21.062 [FXGL Background Thread 3 ] DEBUG Engine               - scaledWidthProp$fxgl: DoubleProperty [bound, value: 1280.0]
15:17:21.062 [FXGL Background Thread 3 ] DEBUG Engine               - sceneFactory: org.example.core.GameApp$1@50119d9c
15:17:21.062 [FXGL Background Thread 3 ] DEBUG Engine               - secondsIn24h: 60
15:17:21.062 [FXGL Background Thread 3 ] DEBUG Engine               - soundMenuBack: menu/back.wav
15:17:21.062 [FXGL Background Thread 3 ] DEBUG Engine               - soundMenuPress: menu/press.wav
15:17:21.062 [FXGL Background Thread 3 ] DEBUG Engine               - soundMenuSelect: menu/select.wav
15:17:21.063 [FXGL Background Thread 3 ] DEBUG Engine               - soundNotification: core/notification.wav
15:17:21.063 [FXGL Background Thread 3 ] DEBUG Engine               - stageStyle: DECORATED
15:17:21.063 [FXGL Background Thread 3 ] DEBUG Engine               - supportedLanguages: [ENGLISH, FRENCH, GERMAN, HUNGARIAN, RUSSIAN]
15:17:21.063 [FXGL Background Thread 3 ] DEBUG Engine               - ticksPerSecond: -1
15:17:21.063 [FXGL Background Thread 3 ] DEBUG Engine               - title: Prototype Game
15:17:21.063 [FXGL Background Thread 3 ] DEBUG Engine               - urlGithub: https://github.com/AlmasB/FXGL
15:17:21.063 [FXGL Background Thread 3 ] DEBUG Engine               - urlLeaderboard: http://fxgl-top.herokuapp.com/
15:17:21.063 [FXGL Background Thread 3 ] DEBUG Engine               - urlPOM: https://raw.githubusercontent.com/AlmasB/FXGL/release/README.md
15:17:21.063 [FXGL Background Thread 3 ] DEBUG Engine               - userAppClass: class org.example.core.GameApp
15:17:21.063 [FXGL Background Thread 3 ] DEBUG Engine               - version: 0.1.5
15:17:21.063 [FXGL Background Thread 3 ] DEBUG Engine               - versionCheckDays: 7
15:17:21.063 [FXGL Background Thread 3 ] DEBUG Engine               - width: 1280
15:17:21.063 [FXGL Background Thread 3 ] DEBUG Engine               - Logging services
15:17:21.063 [FXGL Background Thread 3 ] DEBUG Engine               - class com.almasb.fxgl.app.services.FXGLAssetLoaderService
15:17:21.063 [FXGL Background Thread 3 ] DEBUG Engine               - class com.almasb.fxgl.app.FXGLApplication$GameApplicationService
15:17:21.063 [FXGL Background Thread 3 ] DEBUG Engine               - class com.almasb.fxgl.app.services.FXGLDialogService
15:17:21.063 [FXGL Background Thread 3 ] DEBUG Engine               - class com.almasb.fxgl.app.services.IOTaskExecutorService
15:17:21.063 [FXGL Background Thread 3 ] DEBUG Engine               - class com.almasb.fxgl.io.FileSystemService
15:17:21.063 [FXGL Background Thread 3 ] DEBUG Engine               - class com.almasb.fxgl.localization.LocalizationService
15:17:21.064 [FXGL Background Thread 3 ] DEBUG Engine               - class com.almasb.fxgl.app.services.SystemBundleService
15:17:21.064 [FXGL Background Thread 3 ] DEBUG Engine               - class com.almasb.fxgl.profile.SaveLoadService
15:17:21.064 [FXGL Background Thread 3 ] DEBUG Engine               - class com.almasb.fxgl.ui.FXGLUIFactoryServiceProvider
15:17:21.064 [FXGL Background Thread 3 ] DEBUG Engine               - class com.almasb.fxgl.ui.FXGLDialogFactoryServiceProvider
15:17:21.064 [FXGL Background Thread 3 ] DEBUG Engine               - class com.almasb.fxgl.audio.AudioPlayer
15:17:21.064 [FXGL Background Thread 3 ] DEBUG Engine               - class com.almasb.fxgl.notification.impl.NotificationServiceProvider
15:17:21.064 [FXGL Background Thread 3 ] DEBUG Engine               - class com.almasb.fxgl.achievement.AchievementService
15:17:21.064 [FXGL Background Thread 3 ] DEBUG Engine               - class com.almasb.fxgl.cutscene.CutsceneService
15:17:21.064 [FXGL Background Thread 3 ] DEBUG Engine               - class com.almasb.fxgl.minigames.MiniGameService
15:17:21.064 [FXGL Background Thread 3 ] DEBUG Engine               - class com.almasb.fxgl.net.NetService
15:17:21.064 [FXGL Background Thread 3 ] DEBUG Engine               - class com.almasb.fxgl.app.services.UpdaterService
15:17:21.064 [FXGL Background Thread 3 ] DEBUG Engine               - class com.almasb.fxgl.dev.DevService
15:17:25.641 [JavaFX Application Thread] DEBUG GameWorld            - Game world initialized
15:17:25.642 [JavaFX Application Thread] DEBUG PhysicsWorld         - Physics world initialized: appHeight=720, physics.ppm=50.0
15:17:25.642 [JavaFX Application Thread] DEBUG PhysicsWorld         - Using strategy: BRUTE_FORCE
15:17:25.644 [JavaFX Application Thread] DEBUG GameScene            - Game scene initialized: 1280x720
15:17:25.686 [JavaFX Application Thread] DEBUG PrimaryStageWindow   - Push state: MainMenuScene
15:17:25.692 [JavaFX Application Thread] DEBUG Input                - Clearing active input actions
15:17:25.698 [JavaFX Application Thread] DEBUG GameApplicationServi - Removing overlay from LoginScene and adding to MainMenuScene
15:17:25.698 [JavaFX Application Thread] DEBUG PrimaryStageWindow   - LoginScene -> MainMenuScene
15:17:25.709 [JavaFX Application Thread] DEBUG GameWorld            - Game world initialized
15:17:25.709 [JavaFX Application Thread] DEBUG PhysicsWorld         - Physics world initialized: appHeight=720, physics.ppm=50.0
15:17:25.710 [JavaFX Application Thread] DEBUG PhysicsWorld         - Using strategy: BRUTE_FORCE
15:17:25.711 [JavaFX Application Thread] DEBUG GameScene            - Game scene initialized: 1280x720
15:17:25.742 [JavaFX Application Thread] DEBUG PrimaryStageWindow   - Push state: MainMenuScene
15:17:25.812 [JavaFX Application Thread] DEBUG Input                - Clearing active input actions
15:17:25.814 [JavaFX Application Thread] DEBUG GameApplicationServi - Removing overlay from MainMenuScene and adding to MainMenuScene
15:17:25.814 [JavaFX Application Thread] DEBUG PrimaryStageWindow   - MainMenuScene -> MainMenuScene
15:17:27.278 [JavaFX Application Thread] DEBUG GameApplicationServi - Starting new game
15:17:27.279 [JavaFX Application Thread] DEBUG PrimaryStageWindow   - Pop state: MainMenuScene
15:17:27.279 [JavaFX Application Thread] DEBUG Input                - Clearing active input actions
15:17:27.280 [JavaFX Application Thread] DEBUG GameApplicationServi - Removing overlay from MainMenuScene and adding to MainMenuScene
15:17:27.280 [JavaFX Application Thread] DEBUG PrimaryStageWindow   - MainMenuScene <- MainMenuScene
15:17:27.281 [JavaFX Application Thread] DEBUG PrimaryStageWindow   - Pop state: MainMenuScene
15:17:27.281 [JavaFX Application Thread] DEBUG Input                - Clearing active input actions
15:17:27.281 [JavaFX Application Thread] DEBUG GameApplicationServi - Removing overlay from MainMenuScene and adding to LoginScene
15:17:27.281 [JavaFX Application Thread] DEBUG PrimaryStageWindow   - LoginScene <- MainMenuScene
15:17:27.528 [JavaFX Application Thread] DEBUG PrimaryStageWindow   - Pop state: LoginScene
15:17:27.528 [JavaFX Application Thread] DEBUG Input                - Clearing active input actions
15:17:27.529 [JavaFX Application Thread] DEBUG GameApplicationServi - Removing overlay from LoginScene and adding to FXGLMainMenuDummyScene
15:17:27.529 [JavaFX Application Thread] DEBUG PrimaryStageWindow   - FXGLMainMenuDummyScene <- LoginScene
15:17:27.529 [JavaFX Application Thread] DEBUG Input                - Clearing active input actions
15:17:27.541 [JavaFX Application Thread] DEBUG GameApplicationServi - Removing overlay from FXGLMainMenuDummyScene and adding to FXGLLoadingScene
15:17:27.541 [JavaFX Application Thread] DEBUG PrimaryStageWindow   - FXGLMainMenuDummyScene -> FXGLLoadingScene
15:17:27.541 [JavaFX Application Thread] DEBUG GameApplicationServi - Clearing previous game
15:17:27.542 [JavaFX Application Thread] DEBUG GameScene            - Clearing game scene
15:17:27.542 [JavaFX Application Thread] DEBUG GameWorld            - Clearing game world
15:17:27.542 [JavaFX Application Thread] DEBUG PhysicsWorld         - Clearing physics world
15:17:27.544 [FXGL Background Thread 2 ] DEBUG FXGLApplication      - Initializing game
15:17:27.565 [FXGL Background Thread 2 ] DEBUG FXGLAssetLoaderServi - Loading from file system: file:/C:/Users/kurtd/IdeaProjects/TheOnlyException/Test/target/classes/assets/textures/worlda.png
15:17:27.708 [FXGL Background Thread 2 ] DEBUG FXGLAssetLoaderServi - Loading from file system: file:/C:/Users/kurtd/IdeaProjects/TheOnlyException/Test/target/classes/assets/textures/player-scaled.png
15:17:27.851 [FXGL Background Thread 2 ] INFO  FXGLApplication      - Game initialization took: 0.302 sec
15:17:27.852 [JavaFX Application Thread] DEBUG Input                - Clearing active input actions
15:17:27.867 [JavaFX Application Thread] DEBUG GameApplicationServi - Removing overlay from FXGLLoadingScene and adding to GameScene
15:17:27.867 [JavaFX Application Thread] DEBUG PrimaryStageWindow   - FXGLLoadingScene -> GameScene
15:17:28.756 [JavaFX Application Thread] DEBUG FXGLAssetLoaderServi - Loading from file system: file:/C:/Users/kurtd/IdeaProjects/TheOnlyException/Test/target/classes/assets/textures/MaggotWalk-scaled.png
15:17:28.765 [JavaFX Application Thread] DEBUG FXGLAssetLoaderServi - Loading from file system: file:/C:/Users/kurtd/IdeaProjects/TheOnlyException/Test/target/classes/assets/textures/BeetleMove-scaled.png
15:17:28.768 [JavaFX Application Thread] DEBUG FXGLAssetLoaderServi - Loading from file system: file:/C:/Users/kurtd/IdeaProjects/TheOnlyException/Test/target/classes/assets/textures/MantisMove-scaled.png
15:17:28.772 [JavaFX Application Thread] DEBUG FXGLAssetLoaderServi - Loading from file system: file:/C:/Users/kurtd/IdeaProjects/TheOnlyException/Test/target/classes/assets/textures/BeeMove-scaled.png
15:17:28.775 [JavaFX Application Thread] DEBUG FXGLAssetLoaderServi - Loading from file system: file:/C:/Users/kurtd/IdeaProjects/TheOnlyException/Test/target/classes/assets/textures/GiantFly.png
15:17:28.778 [JavaFX Application Thread] DEBUG FXGLAssetLoaderServi - Loading from file system: file:/C:/Users/kurtd/IdeaProjects/TheOnlyException/Test/target/classes/assets/textures/DragonFly.png
15:17:40.836 [JavaFX Application Thread] DEBUG FXGLAssetLoaderServi - Loading from file system: file:/C:/Users/kurtd/IdeaProjects/TheOnlyException/Test/target/classes/assets/textures/systemrestore.png
15:17:40.862 [JavaFX Application Thread] DEBUG FXGLAssetLoaderServi - Loading from file system: file:/C:/Users/kurtd/IdeaProjects/TheOnlyException/Test/target/classes/assets/textures/realtimedefense.png
15:17:40.891 [JavaFX Application Thread] DEBUG FXGLAssetLoaderServi - Loading from file system: file:/C:/Users/kurtd/IdeaProjects/TheOnlyException/Test/target/classes/assets/textures/shortcircuit.png
15:17:40.916 [JavaFX Application Thread] DEBUG FXGLAssetLoaderServi - Loading from file system: file:/C:/Users/kurtd/IdeaProjects/TheOnlyException/Test/target/classes/assets/textures/smolderprotocol.png
15:17:40.955 [JavaFX Application Thread] DEBUG PrimaryStageWindow   - Push state: DialogSubScene
15:17:40.955 [JavaFX Application Thread] DEBUG Input                - Clearing active input actions
15:17:40.960 [JavaFX Application Thread] DEBUG GameApplicationServi - Removing overlay from GameScene and adding to DialogSubScene
15:17:40.960 [JavaFX Application Thread] DEBUG PrimaryStageWindow   - GameScene -> DialogSubScene
15:17:42.970 [JavaFX Application Thread] DEBUG PrimaryStageWindow   - Pop state: DialogSubScene
15:17:42.970 [JavaFX Application Thread] DEBUG Input                - Clearing active input actions
15:17:42.971 [JavaFX Application Thread] DEBUG GameApplicationServi - Removing overlay from DialogSubScene and adding to GameScene
15:17:42.971 [JavaFX Application Thread] DEBUG PrimaryStageWindow   - GameScene <- DialogSubScene
15:17:45.893 [JavaFX Application Thread] WARN  FXGLAssetLoaderServi - Asset "/assets/textures/green_particle.png" was not found!
15:17:45.894 [JavaFX Application Thread] WARN  FXGLAssetLoaderServi - Failed to load IMAGE
15:17:48.641 [JavaFX Application Thread] DEBUG FXGLAssetLoaderServi - Loading from file system: file:/C:/Users/kurtd/IdeaProjects/TheOnlyException/Test/target/classes/assets/textures/datawipe.png
15:17:48.664 [JavaFX Application Thread] DEBUG PrimaryStageWindow   - Push state: DialogSubScene
15:17:48.664 [JavaFX Application Thread] DEBUG Input                - Clearing active input actions
15:17:48.665 [JavaFX Application Thread] DEBUG GameApplicationServi - Removing overlay from GameScene and adding to DialogSubScene
15:17:48.665 [JavaFX Application Thread] DEBUG PrimaryStageWindow   - GameScene -> DialogSubScene
15:17:51.066 [JavaFX Application Thread] DEBUG PrimaryStageWindow   - Pop state: DialogSubScene
15:17:51.066 [JavaFX Application Thread] DEBUG Input                - Clearing active input actions
15:17:51.066 [JavaFX Application Thread] DEBUG GameApplicationServi - Removing overlay from DialogSubScene and adding to GameScene
15:17:51.066 [JavaFX Application Thread] DEBUG PrimaryStageWindow   - GameScene <- DialogSubScene
15:17:51.310 [JavaFX Application Thread] WARN  FXGLAssetLoaderServi - Asset "/assets/textures/green_particle.png" was not found!
15:17:51.311 [JavaFX Application Thread] WARN  FXGLAssetLoaderServi - Failed to load IMAGE
15:17:54.382 [JavaFX Application Thread] WARN  FXGLAssetLoaderServi - Asset "/assets/textures/green_particle.png" was not found!
15:17:54.382 [JavaFX Application Thread] WARN  FXGLAssetLoaderServi - Failed to load IMAGE
15:17:54.884 [JavaFX Application Thread] DEBUG FXGLAssetLoaderServi - Loading from file system: file:/C:/Users/kurtd/IdeaProjects/TheOnlyException/Test/target/classes/assets/textures/firewallshield.png
15:17:54.920 [JavaFX Application Thread] DEBUG PrimaryStageWindow   - Push state: DialogSubScene
15:17:54.920 [JavaFX Application Thread] DEBUG Input                - Clearing active input actions
15:17:54.921 [JavaFX Application Thread] DEBUG GameApplicationServi - Removing overlay from GameScene and adding to DialogSubScene
15:17:54.921 [JavaFX Application Thread] DEBUG PrimaryStageWindow   - GameScene -> DialogSubScene
15:17:58.289 [JavaFX Application Thread] DEBUG PrimaryStageWindow   - Pop state: DialogSubScene
15:17:58.289 [JavaFX Application Thread] DEBUG Input                - Clearing active input actions
15:17:58.290 [JavaFX Application Thread] DEBUG GameApplicationServi - Removing overlay from DialogSubScene and adding to GameScene
15:17:58.290 [JavaFX Application Thread] DEBUG PrimaryStageWindow   - GameScene <- DialogSubScene
15:17:58.291 [JavaFX Application Thread] DEBUG FXGLAssetLoaderServi - Loading from file system: file:/C:/Users/kurtd/IdeaProjects/TheOnlyException/Test/target/classes/assets/textures/realtimedefenseaura.png
15:18:00.959 [JavaFX Application Thread] WARN  FXGLAssetLoaderServi - Asset "/assets/textures/green_particle.png" was not found!
15:18:00.959 [JavaFX Application Thread] WARN  FXGLAssetLoaderServi - Failed to load IMAGE
15:18:01.012 [JavaFX Application Thread] DEBUG PrimaryStageWindow   - Push state: DialogSubScene
15:18:01.012 [JavaFX Application Thread] DEBUG Input                - Clearing active input actions
15:18:01.012 [JavaFX Application Thread] DEBUG GameApplicationServi - Removing overlay from GameScene and adding to DialogSubScene
15:18:01.012 [JavaFX Application Thread] DEBUG PrimaryStageWindow   - GameScene -> DialogSubScene
15:18:02.458 [JavaFX Application Thread] DEBUG PrimaryStageWindow   - Pop state: DialogSubScene
15:18:02.459 [JavaFX Application Thread] DEBUG Input                - Clearing active input actions
15:18:02.459 [JavaFX Application Thread] DEBUG GameApplicationServi - Removing overlay from DialogSubScene and adding to GameScene
15:18:02.459 [JavaFX Application Thread] DEBUG PrimaryStageWindow   - GameScene <- DialogSubScene
15:18:05.501 [JavaFX Application Thread] WARN  FXGLAssetLoaderServi - Asset "/assets/textures/green_particle.png" was not found!
15:18:05.501 [JavaFX Application Thread] WARN  FXGLAssetLoaderServi - Failed to load IMAGE
15:18:07.812 [JavaFX Application Thread] DEBUG PrimaryStageWindow   - Push state: DialogSubScene
15:18:07.812 [JavaFX Application Thread] DEBUG Input                - Clearing active input actions
15:18:07.813 [JavaFX Application Thread] DEBUG GameApplicationServi - Removing overlay from GameScene and adding to DialogSubScene
15:18:07.813 [JavaFX Application Thread] DEBUG PrimaryStageWindow   - GameScene -> DialogSubScene
15:18:09.874 [JavaFX Application Thread] DEBUG PrimaryStageWindow   - Pop state: DialogSubScene
15:18:09.874 [JavaFX Application Thread] DEBUG Input                - Clearing active input actions
15:18:09.874 [JavaFX Application Thread] DEBUG GameApplicationServi - Removing overlay from DialogSubScene and adding to GameScene
15:18:09.875 [JavaFX Application Thread] DEBUG PrimaryStageWindow   - GameScene <- DialogSubScene
15:18:09.876 [JavaFX Application Thread] WARN  FXGLAssetLoaderServi - Asset "/assets/textures/particles/spark.png" was not found!
15:18:09.877 [JavaFX Application Thread] WARN  FXGLAssetLoaderServi - Failed to load RESIZABLE_IMAGE
15:18:10.573 [JavaFX Application Thread] WARN  FXGLAssetLoaderServi - Asset "/assets/textures/green_particle.png" was not found!
15:18:10.574 [JavaFX Application Thread] WARN  FXGLAssetLoaderServi - Failed to load IMAGE
15:18:13.662 [JavaFX Application Thread] WARN  FXGLAssetLoaderServi - Asset "/assets/textures/green_particle.png" was not found!
15:18:13.662 [JavaFX Application Thread] WARN  FXGLAssetLoaderServi - Failed to load IMAGE
15:18:16.685 [JavaFX Application Thread] WARN  FXGLAssetLoaderServi - Asset "/assets/textures/green_particle.png" was not found!
15:18:16.685 [JavaFX Application Thread] WARN  FXGLAssetLoaderServi - Failed to load IMAGE
15:18:19.694 [JavaFX Application Thread] WARN  FXGLAssetLoaderServi - Asset "/assets/textures/green_particle.png" was not found!
15:18:19.694 [JavaFX Application Thread] WARN  FXGLAssetLoaderServi - Failed to load IMAGE
15:18:19.865 [JavaFX Application Thread] DEBUG PrimaryStageWindow   - Push state: DialogSubScene
15:18:19.865 [JavaFX Application Thread] DEBUG Input                - Clearing active input actions
15:18:19.865 [JavaFX Application Thread] DEBUG GameApplicationServi - Removing overlay from GameScene and adding to DialogSubScene
15:18:19.865 [JavaFX Application Thread] DEBUG PrimaryStageWindow   - GameScene -> DialogSubScene
15:18:21.009 [JavaFX Application Thread] DEBUG PrimaryStageWindow   - Pop state: DialogSubScene
15:18:21.009 [JavaFX Application Thread] DEBUG Input                - Clearing active input actions
15:18:21.009 [JavaFX Application Thread] DEBUG GameApplicationServi - Removing overlay from DialogSubScene and adding to GameScene
15:18:21.009 [JavaFX Application Thread] DEBUG PrimaryStageWindow   - GameScene <- DialogSubScene
15:18:23.886 [JavaFX Application Thread] WARN  FXGLAssetLoaderServi - Asset "/assets/textures/green_particle.png" was not found!
15:18:23.886 [JavaFX Application Thread] WARN  FXGLAssetLoaderServi - Failed to load IMAGE
15:18:26.174 [JavaFX Application Thread] WARN  FXGLAssetLoaderServi - Asset "/assets/textures/particles/spark.png" was not found!
15:18:26.174 [JavaFX Application Thread] WARN  FXGLAssetLoaderServi - Failed to load RESIZABLE_IMAGE
15:18:26.909 [JavaFX Application Thread] WARN  FXGLAssetLoaderServi - Asset "/assets/textures/green_particle.png" was not found!
15:18:26.909 [JavaFX Application Thread] WARN  FXGLAssetLoaderServi - Failed to load IMAGE
15:18:29.917 [JavaFX Application Thread] WARN  FXGLAssetLoaderServi - Asset "/assets/textures/green_particle.png" was not found!
15:18:29.918 [JavaFX Application Thread] WARN  FXGLAssetLoaderServi - Failed to load IMAGE
15:18:29.936 [JavaFX Application Thread] DEBUG PrimaryStageWindow   - Push state: DialogSubScene
15:18:29.936 [JavaFX Application Thread] DEBUG Input                - Clearing active input actions
15:18:29.936 [JavaFX Application Thread] DEBUG GameApplicationServi - Removing overlay from GameScene and adding to DialogSubScene
15:18:29.936 [JavaFX Application Thread] DEBUG PrimaryStageWindow   - GameScene -> DialogSubScene
15:18:31.140 [JavaFX Application Thread] DEBUG PrimaryStageWindow   - Pop state: DialogSubScene
15:18:31.140 [JavaFX Application Thread] DEBUG Input                - Clearing active input actions
15:18:31.141 [JavaFX Application Thread] DEBUG GameApplicationServi - Removing overlay from DialogSubScene and adding to GameScene
15:18:31.141 [JavaFX Application Thread] DEBUG PrimaryStageWindow   - GameScene <- DialogSubScene
15:18:31.406 [JavaFX Application Thread] DEBUG FXGLAssetLoaderServi - Loading from file system: file:/C:/Users/kurtd/IdeaProjects/TheOnlyException/Test/target/classes/assets/textures/smolder.png
15:18:34.110 [JavaFX Application Thread] WARN  FXGLAssetLoaderServi - Asset "/assets/textures/green_particle.png" was not found!
15:18:34.110 [JavaFX Application Thread] WARN  FXGLAssetLoaderServi - Failed to load IMAGE
15:18:37.010 [JavaFX Application Thread] DEBUG PrimaryStageWindow   - Push state: DialogSubScene
15:18:37.010 [JavaFX Application Thread] DEBUG Input                - Clearing active input actions
15:18:37.010 [JavaFX Application Thread] DEBUG GameApplicationServi - Removing overlay from GameScene and adding to DialogSubScene
15:18:37.010 [JavaFX Application Thread] DEBUG PrimaryStageWindow   - GameScene -> DialogSubScene
15:18:38.681 [JavaFX Application Thread] DEBUG FXGLApplication      - Exiting FXGL
15:18:38.681 [JavaFX Application Thread] DEBUG LoopRunner           - Stopping loop
15:18:38.681 [JavaFX Application Thread] DEBUG SystemBundleService  - Saving FXGL system data
15:18:38.683 [JavaFX Application Thread] DEBUG FileSystemAccess     - Writing to: C:\Users\kurtd\IdeaProjects\TheOnlyException\system\fxgl.bundle
15:18:38.684 [JavaFX Application Thread] DEBUG Async                - Shutting down background threads
15:18:38.684 [JavaFX Application Thread] DEBUG PrimaryStageWindow   - Closing main window
15:18:38.707 [JavaFX Application Thread] DEBUG Logger               - Closing Logger
