02:10:28.221 [main                     ] DEBUG Logger               - Configured Logger
02:10:28.224 [main                     ] DEBUG GameApplication      - Logging settings
Title: Prototype Game
Version: 0.1.5
Width: 1280
Height: 720
Fullscreen: false
Intro: false
Profiling: false
Single step:false
App Mode: DEVELOPER
Menu Key: ESCAPE
Stage Style: DECORATED
Scene Factory: class org.example.core.GameApp$1

02:10:28.345 [JavaFX Application Thread] DEBUG FXGLApplication      - Initializing FXGL
02:10:28.347 [JavaFX Application Thread] INFO  Engine               - FXGL-21+dev-SNAPSHOT (26.03.2024 19.46) on WINDOWS (J:24 FX:21.0.1)
02:10:28.347 [JavaFX Application Thread] DEBUG Engine               - JRE Vendor Name: Oracle Corporation
02:10:28.347 [JavaFX Application Thread] DEBUG Engine               - Running on OS: Windows 11 version 10.0
02:10:28.347 [JavaFX Application Thread] DEBUG Engine               - Architecture: amd64
02:10:28.347 [JavaFX Application Thread] INFO  Engine               - Source code and latest versions at: https://github.com/AlmasB/FXGL
02:10:28.347 [JavaFX Application Thread] INFO  Engine               -       Ask questions and discuss at: https://github.com/AlmasB/FXGL/discussions
02:10:28.348 [JavaFX Application Thread] INFO  Engine               -              Join the FXGL chat at: https://gitter.im/AlmasB/FXGL
02:10:28.434 [JavaFX Application Thread] DEBUG PrimaryStageWindow   - Creating a JavaFX scene
02:10:28.465 [JavaFX Application Thread] DEBUG PrimaryStageWindow   - Target settings size: 1280.0 x 720.0
02:10:28.465 [JavaFX Application Thread] DEBUG PrimaryStageWindow   - Scaled scene size:    1280.0 x 720.0
02:10:28.466 [JavaFX Application Thread] DEBUG PrimaryStageWindow   - Scaled ratio: (1.0, 1.0)
02:10:28.466 [JavaFX Application Thread] DEBUG PrimaryStageWindow   - Set initial scene to FXGLStartupScene
02:10:28.469 [JavaFX Application Thread] DEBUG PrimaryStageWindow   - Opening main window
02:10:28.564 [JavaFX Application Thread] DEBUG PrimaryStageWindow   - Window border size: (16.0, 39.0)
02:10:28.564 [JavaFX Application Thread] DEBUG PrimaryStageWindow   - Scaled size: 1280.0 x 720.0
02:10:28.564 [JavaFX Application Thread] DEBUG PrimaryStageWindow   - Scaled ratio: (1.0, 1.0)
02:10:28.564 [JavaFX Application Thread] DEBUG PrimaryStageWindow   - Scene size: 1280.0 x 720.0
02:10:28.564 [JavaFX Application Thread] DEBUG PrimaryStageWindow   - Stage size: 1296.0 x 759.0
02:10:28.571 [FXGL Background Thread 1 ] DEBUG Engine               - Initializing environment variables
02:10:28.614 [FXGL Background Thread 1 ] DEBUG FXGLAssetLoaderServi - User app class for loading assets: class org.example.core.GameApp
02:10:28.614 [FXGL Background Thread 1 ] DEBUG GameApplicationServi - Applying CSS: fxgl_dark.css
02:10:28.615 [FXGL Background Thread 1 ] DEBUG FXGLAssetLoaderServi - Loading from file system: jar:file:/C:/Users/primzcm/.m2/repository/com/github/almasb/fxgl/fxgl/21.1/fxgl-21.1.jar!/fxglassets/ui/css/fxgl_dark.css
02:10:28.650 [FXGL Background Thread 1 ] DEBUG GameApplicationServi - Initializing application scenes
02:10:28.670 [FXGL Background Thread 1 ] DEBUG GameWorld            - Game world initialized
02:10:28.711 [FXGL Background Thread 1 ] DEBUG PhysicsWorld         - Physics world initialized: appHeight=720, physics.ppm=50.0
02:10:28.711 [FXGL Background Thread 1 ] DEBUG PhysicsWorld         - Using strategy: BRUTE_FORCE
02:10:28.714 [FXGL Background Thread 1 ] DEBUG GameScene            - Game scene initialized: 1280x720
02:10:28.923 [FXGL Background Thread 1 ] DEBUG GameApplicationServi - Application scenes initialized
02:10:28.937 [FXGL Background Thread 1 ] DEBUG SystemBundleService  - Loading FXGL system data
02:10:28.940 [FXGL Background Thread 1 ] DEBUG FileSystemAccess     - Reading from: F:\my files\School\2nd year 2nd sem\TheOnlyException\system\fxgl.bundle
02:10:28.945 [FXGL Background Thread 1 ] DEBUG SystemBundleService  - Bundle FXGL: {}
02:10:28.946 [FXGL Background Thread 1 ] DEBUG UpdaterService       - Checking for updates
02:10:28.950 [FXGL Background Thread 4 ] DEBUG FXGLApplication      - Loading fonts
02:10:28.951 [FXGL Background Thread 1 ] DEBUG FXGLApplication      - Loading default localization
02:10:28.951 [FXGL Background Thread 4 ] DEBUG FXGLAssetLoaderServi - Loading from file system: jar:file:/C:/Users/primzcm/.m2/repository/com/github/almasb/fxgl/fxgl/21.1/fxgl-21.1.jar!/fxglassets/ui/fonts/VarelaRound-Regular.ttf
02:10:28.952 [FXGL Background Thread 1 ] DEBUG FXGLAssetLoaderServi - Loading from file system: jar:file:/C:/Users/primzcm/.m2/repository/com/github/almasb/fxgl/fxgl/21.1/fxgl-21.1.jar!/fxglassets/languages/english.lang
02:10:28.955 [FXGL Background Thread 4 ] DEBUG FXGLAssetLoaderServi - Loading from file system: jar:file:/C:/Users/primzcm/.m2/repository/com/github/almasb/fxgl/fxgl/21.1/fxgl-21.1.jar!/fxglassets/ui/fonts/Abel-Regular.ttf
02:10:28.958 [FXGL Background Thread 4 ] DEBUG FXGLAssetLoaderServi - Loading from file system: jar:file:/C:/Users/primzcm/.m2/repository/com/github/almasb/fxgl/fxgl/21.1/fxgl-21.1.jar!/fxglassets/ui/fonts/TerminalLandMono-Regular.otf
02:10:28.960 [FXGL Background Thread 4 ] DEBUG FXGLAssetLoaderServi - Loading from file system: jar:file:/C:/Users/primzcm/.m2/repository/com/github/almasb/fxgl/fxgl/21.1/fxgl-21.1.jar!/fxglassets/ui/fonts/Courier-Prime.ttf
02:10:28.967 [JavaFX Application Thread] DEBUG FXGLApplication      - Registering font factories with UI factory
02:10:28.974 [FXGL Background Thread 1 ] INFO  FXGLApplication      - FXGL initialization took: 0.403 sec
02:10:28.982 [JavaFX Application Thread] DEBUG Input                - Registered new binding: action0 - A
02:10:28.983 [JavaFX Application Thread] DEBUG Input                - Registered new binding: action1 - D
02:10:28.983 [JavaFX Application Thread] DEBUG Input                - Registered new binding: action2 - W
02:10:28.983 [JavaFX Application Thread] DEBUG Input                - Registered new binding: action3 - S
02:10:28.984 [JavaFX Application Thread] DEBUG Input                - Registered new binding: action4 - Esc
02:10:28.984 [JavaFX Application Thread] DEBUG FXGLAssetLoaderServi - Loading from file system: jar:file:/C:/Users/primzcm/.m2/repository/com/github/almasb/fxgl/fxgl/21.1/fxgl-21.1.jar!/fxglassets/textures/fxgl_icon.png
02:10:29.042 [JavaFX Application Thread] DEBUG FXGLAssetLoaderServi - Loading from file system: jar:file:/C:/Users/primzcm/.m2/repository/com/github/almasb/fxgl/fxgl/21.1/fxgl-21.1.jar!/fxglassets/textures/fxgl_default_cursor.png
02:10:29.046 [JavaFX Application Thread] DEBUG Input                - Registered new binding: Screenshot - CTRL+8
02:10:29.047 [JavaFX Application Thread] DEBUG Input                - Registered new binding: System info dump - CTRL+9
02:10:29.047 [JavaFX Application Thread] DEBUG Input                - Registered new binding: Restart - CTRL+R
02:10:29.048 [JavaFX Application Thread] DEBUG Input                - Registered new binding: Toggle Debug Camera - CTRL+7
02:10:29.052 [JavaFX Application Thread] DEBUG LoopRunner           - Starting loop
02:10:29.052 [JavaFX Application Thread] DEBUG LoopRunner           - Initializing JavaFX AnimationTimerLoop
02:10:29.056 [JavaFX Application Thread] DEBUG Input                - Clearing active input actions
02:10:29.069 [JavaFX Application Thread] DEBUG GameApplicationServi - Removing overlay from FXGLStartupScene and adding to FXGLMainMenuDummyScene
02:10:29.069 [JavaFX Application Thread] DEBUG PrimaryStageWindow   - FXGLStartupScene -> FXGLMainMenuDummyScene
02:10:29.069 [JavaFX Application Thread] DEBUG PrimaryStageWindow   - Push state: LoginScene
02:10:29.070 [JavaFX Application Thread] DEBUG Input                - Clearing active input actions
02:10:29.090 [JavaFX Application Thread] DEBUG GameApplicationServi - Removing overlay from FXGLMainMenuDummyScene and adding to LoginScene
02:10:29.090 [JavaFX Application Thread] DEBUG PrimaryStageWindow   - FXGLMainMenuDummyScene -> LoginScene
02:10:29.317 [FXGL Background Thread 2 ] INFO  UpdaterService       - Your current version:  21+dev-SNAPSHOT
02:10:29.317 [FXGL Background Thread 2 ] INFO  UpdaterService       - Latest stable version: 21.1
02:10:29.386 [JavaFX Application Thread] DEBUG FXGLApplication      - Exiting FXGL
02:10:29.386 [JavaFX Application Thread] DEBUG LoopRunner           - Stopping loop
02:10:29.386 [JavaFX Application Thread] DEBUG SystemBundleService  - Saving FXGL system data
02:10:29.387 [JavaFX Application Thread] DEBUG FileSystemAccess     - Writing to: F:\my files\School\2nd year 2nd sem\TheOnlyException\system\fxgl.bundle
02:10:29.427 [JavaFX Application Thread] DEBUG Async                - Shutting down background threads
02:10:29.427 [JavaFX Application Thread] DEBUG PrimaryStageWindow   - Closing main window
02:10:29.446 [JavaFX Application Thread] DEBUG Logger               - Closing Logger
