02:00:27.464 [main                     ] DEBUG Logger               - Configured Logger
02:00:27.472 [main                     ] DEBUG GameApplication      - Logging settings
Title: Prototype Game
Version: 0.1.5
Width: 1280
Height: 720
Fullscreen: false
Intro: false
Profiling: false
Single step:false
App Mode: DEVELOPER
Menu Key: ESCAPE
Stage Style: DECORATED
Scene Factory: class org.example.core.GameApp$1

02:00:27.844 [JavaFX Application Thread] DEBUG FXGLApplication      - Initializing FXGL
02:00:27.850 [JavaFX Application Thread] INFO  Engine               - FXGL-21+dev-SNAPSHOT (26.03.2024 21.04) on WINDOWS (J:24 FX:21.0.1)
02:00:27.850 [JavaFX Application Thread] DEBUG Engine               - JRE Vendor Name: Oracle Corporation
02:00:27.850 [JavaFX Application Thread] DEBUG Engine               - Running on OS: Windows 10 version 10.0
02:00:27.851 [JavaFX Application Thread] DEBUG Engine               - Architecture: amd64
02:00:27.851 [JavaFX Application Thread] INFO  Engine               - Source code and latest versions at: https://github.com/AlmasB/FXGL
02:00:27.851 [JavaFX Application Thread] INFO  Engine               -       Ask questions and discuss at: https://github.com/AlmasB/FXGL/discussions
02:00:27.851 [JavaFX Application Thread] INFO  Engine               -              Join the FXGL chat at: https://gitter.im/AlmasB/FXGL
02:00:28.203 [JavaFX Application Thread] DEBUG PrimaryStageWindow   - Creating a JavaFX scene
02:00:28.315 [JavaFX Application Thread] DEBUG PrimaryStageWindow   - Target settings size: 1280.0 x 720.0
02:00:28.315 [JavaFX Application Thread] DEBUG PrimaryStageWindow   - Scaled scene size:    1280.0 x 720.0
02:00:28.316 [JavaFX Application Thread] DEBUG PrimaryStageWindow   - Scaled ratio: (1.0, 1.0)
02:00:28.317 [JavaFX Application Thread] DEBUG PrimaryStageWindow   - Set initial scene to FXGLStartupScene
02:00:28.328 [JavaFX Application Thread] DEBUG PrimaryStageWindow   - Opening main window
02:00:28.495 [JavaFX Application Thread] DEBUG PrimaryStageWindow   - Window border size: (16.0, 39.0)
02:00:28.495 [JavaFX Application Thread] DEBUG PrimaryStageWindow   - Scaled size: 1280.0 x 720.0
02:00:28.496 [JavaFX Application Thread] DEBUG PrimaryStageWindow   - Scaled ratio: (1.0, 1.0)
02:00:28.496 [JavaFX Application Thread] DEBUG PrimaryStageWindow   - Scene size: 1280.0 x 720.0
02:00:28.496 [JavaFX Application Thread] DEBUG PrimaryStageWindow   - Stage size: 1296.0 x 759.0
02:00:28.521 [FXGL Background Thread 1 ] DEBUG Engine               - Initializing environment variables
02:00:28.738 [FXGL Background Thread 1 ] DEBUG FXGLAssetLoaderServi - User app class for loading assets: class org.example.core.GameApp
02:00:28.738 [FXGL Background Thread 1 ] DEBUG GameApplicationServi - Applying CSS: fxgl_dark.css
02:00:28.740 [FXGL Background Thread 1 ] DEBUG FXGLAssetLoaderServi - Loading from file system: jar:file:/C:/Users/kurtd/.m2/repository/com/github/AlmasB/FXGL/fxgl/21.1/fxgl-21.1.jar!/fxglassets/ui/css/fxgl_dark.css
02:00:28.873 [FXGL Background Thread 1 ] DEBUG GameApplicationServi - Initializing application scenes
02:00:28.945 [FXGL Background Thread 1 ] DEBUG GameWorld            - Game world initialized
02:00:29.109 [FXGL Background Thread 1 ] DEBUG PhysicsWorld         - Physics world initialized: appHeight=720, physics.ppm=50.0
02:00:29.109 [FXGL Background Thread 1 ] DEBUG PhysicsWorld         - Using strategy: BRUTE_FORCE
02:00:29.116 [FXGL Background Thread 1 ] DEBUG GameScene            - Game scene initialized: 1280x720
02:00:29.798 [FXGL Background Thread 1 ] DEBUG GameApplicationServi - Application scenes initialized
02:00:29.844 [FXGL Background Thread 1 ] DEBUG SystemBundleService  - Loading FXGL system data
02:00:29.851 [FXGL Background Thread 1 ] DEBUG FileSystemAccess     - Reading from: C:\Users\kurtd\Documents\GitHub\TheOnlyException\system\fxgl.bundle
02:00:29.869 [FXGL Background Thread 1 ] DEBUG SystemBundleService  - Bundle FXGL: {}
02:00:29.869 [FXGL Background Thread 1 ] DEBUG UpdaterService       - Checking for updates
02:00:29.884 [FXGL Background Thread 1 ] DEBUG FXGLApplication      - Loading default localization
02:00:29.884 [FXGL Background Thread 4 ] DEBUG FXGLApplication      - Loading fonts
02:00:29.885 [FXGL Background Thread 4 ] DEBUG FXGLAssetLoaderServi - Loading from file system: jar:file:/C:/Users/kurtd/.m2/repository/com/github/AlmasB/FXGL/fxgl-samples/21.1/fxgl-samples-21.1.jar!/assets/ui/fonts/VarelaRound-Regular.ttf
02:00:29.886 [FXGL Background Thread 1 ] DEBUG FXGLAssetLoaderServi - Loading from file system: jar:file:/C:/Users/kurtd/.m2/repository/com/github/AlmasB/FXGL/fxgl/21.1/fxgl-21.1.jar!/fxglassets/languages/english.lang
02:00:29.921 [FXGL Background Thread 4 ] DEBUG FXGLAssetLoaderServi - Loading from file system: jar:file:/C:/Users/kurtd/.m2/repository/com/github/AlmasB/FXGL/fxgl/21.1/fxgl-21.1.jar!/fxglassets/ui/fonts/Abel-Regular.ttf
02:00:29.953 [FXGL Background Thread 4 ] DEBUG FXGLAssetLoaderServi - Loading from file system: jar:file:/C:/Users/kurtd/.m2/repository/com/github/AlmasB/FXGL/fxgl/21.1/fxgl-21.1.jar!/fxglassets/ui/fonts/TerminalLandMono-Regular.otf
02:00:29.977 [FXGL Background Thread 1 ] INFO  FXGLApplication      - FXGL initialization took: 1.455 sec
02:00:29.987 [FXGL Background Thread 4 ] DEBUG FXGLAssetLoaderServi - Loading from file system: jar:file:/C:/Users/kurtd/.m2/repository/com/github/AlmasB/FXGL/fxgl/21.1/fxgl-21.1.jar!/fxglassets/ui/fonts/Courier-Prime.ttf
02:00:29.996 [JavaFX Application Thread] DEBUG Input                - Registered new binding: action0 - A
02:00:29.997 [JavaFX Application Thread] DEBUG Input                - Registered new binding: action1 - D
02:00:29.998 [JavaFX Application Thread] DEBUG Input                - Registered new binding: action2 - W
02:00:30.000 [JavaFX Application Thread] DEBUG Input                - Registered new binding: action3 - S
02:00:30.002 [JavaFX Application Thread] DEBUG Input                - Registered new binding: action4 - Esc
02:00:30.003 [JavaFX Application Thread] DEBUG FXGLAssetLoaderServi - Loading from file system: jar:file:/C:/Users/kurtd/.m2/repository/com/github/AlmasB/FXGL/fxgl/21.1/fxgl-21.1.jar!/fxglassets/textures/fxgl_icon.png
02:00:30.133 [JavaFX Application Thread] DEBUG FXGLAssetLoaderServi - Loading from file system: jar:file:/C:/Users/kurtd/.m2/repository/com/github/AlmasB/FXGL/fxgl/21.1/fxgl-21.1.jar!/fxglassets/textures/fxgl_default_cursor.png
02:00:30.139 [JavaFX Application Thread] DEBUG Input                - Registered new binding: Screenshot - CTRL+8
02:00:30.140 [JavaFX Application Thread] DEBUG Input                - Registered new binding: System info dump - CTRL+9
02:00:30.140 [JavaFX Application Thread] DEBUG Input                - Registered new binding: Restart - CTRL+R
02:00:30.142 [JavaFX Application Thread] DEBUG Input                - Registered new binding: Toggle Debug Camera - CTRL+7
02:00:30.151 [JavaFX Application Thread] DEBUG LoopRunner           - Starting loop
02:00:30.151 [JavaFX Application Thread] DEBUG LoopRunner           - Initializing JavaFX AnimationTimerLoop
02:00:30.169 [JavaFX Application Thread] DEBUG Input                - Clearing active input actions
02:00:30.221 [JavaFX Application Thread] DEBUG GameApplicationServi - Removing overlay from FXGLStartupScene and adding to FXGLMainMenuDummyScene
02:00:30.222 [JavaFX Application Thread] DEBUG PrimaryStageWindow   - FXGLStartupScene -> FXGLMainMenuDummyScene
02:00:30.222 [JavaFX Application Thread] DEBUG PrimaryStageWindow   - Push state: LoginScene
02:00:30.223 [JavaFX Application Thread] DEBUG Input                - Clearing active input actions
02:00:30.304 [JavaFX Application Thread] DEBUG GameApplicationServi - Removing overlay from FXGLMainMenuDummyScene and adding to LoginScene
02:00:30.305 [JavaFX Application Thread] DEBUG PrimaryStageWindow   - FXGLMainMenuDummyScene -> LoginScene
02:00:30.886 [JavaFX Application Thread] DEBUG FXGLApplication      - Registering font factories with UI factory
02:00:31.344 [FXGL Background Thread 2 ] INFO  UpdaterService       - Your current version:  21+dev-SNAPSHOT
02:00:31.345 [FXGL Background Thread 2 ] INFO  UpdaterService       - Latest stable version: 21.1
02:00:32.882 [FXGL Background Thread 3 ] DEBUG Engine               - Logging environment variables
02:00:32.884 [FXGL Background Thread 3 ] DEBUG Engine               - achievements: []
02:00:32.885 [FXGL Background Thread 3 ] DEBUG Engine               - actualHeight: 720.0
02:00:32.885 [FXGL Background Thread 3 ] DEBUG Engine               - actualHeightProperty: ReadOnlyDoubleProperty [value: 720.0]
02:00:32.885 [FXGL Background Thread 3 ] DEBUG Engine               - actualWidth: 1280.0
02:00:32.885 [FXGL Background Thread 3 ] DEBUG Engine               - actualWidthProperty: ReadOnlyDoubleProperty [value: 1280.0]
02:00:32.885 [FXGL Background Thread 3 ] DEBUG Engine               - appIcon: fxgl_icon.png
02:00:32.886 [FXGL Background Thread 3 ] DEBUG Engine               - applicationMode: DEVELOPER
02:00:32.887 [FXGL Background Thread 3 ] DEBUG Engine               - cSSList: [fxgl_dark.css]
02:00:32.887 [FXGL Background Thread 3 ] DEBUG Engine               - collisionDetectionStrategy: BRUTE_FORCE
02:00:32.887 [FXGL Background Thread 3 ] DEBUG Engine               - configClass: Optional.empty
02:00:32.887 [FXGL Background Thread 3 ] DEBUG Engine               - credits: []
02:00:32.892 [FXGL Background Thread 3 ] DEBUG Engine               - defaultCursor: CursorInfo(imageName=fxgl_default_cursor.png, hotspotX=7.0, hotspotY=6.0)
02:00:32.894 [FXGL Background Thread 3 ] DEBUG Engine               - devBBoxColorProperty: ObjectProperty [value: 0xff0000ff]
02:00:32.895 [FXGL Background Thread 3 ] DEBUG Engine               - devEnableDebugCameraProperty: BooleanProperty [value: false]
02:00:32.895 [FXGL Background Thread 3 ] DEBUG Engine               - devSensorColorProperty: ObjectProperty [value: 0xffff00ff]
02:00:32.895 [FXGL Background Thread 3 ] DEBUG Engine               - devShowBBoxProperty: BooleanProperty [value: false]
02:00:32.895 [FXGL Background Thread 3 ] DEBUG Engine               - devShowPositionProperty: BooleanProperty [value: false]
02:00:32.895 [FXGL Background Thread 3 ] DEBUG Engine               - enabledMenuItems: []
02:00:32.895 [FXGL Background Thread 3 ] DEBUG Engine               - engineServices: [class com.almasb.fxgl.app.services.FXGLAssetLoaderService, class com.almasb.fxgl.app.FXGLApplication$GameApplicationService, class com.almasb.fxgl.app.services.FXGLDialogService, class com.almasb.fxgl.app.services.IOTaskExecutorService, class com.almasb.fxgl.io.FileSystemService, class com.almasb.fxgl.localization.LocalizationService, class com.almasb.fxgl.app.services.SystemBundleService, class com.almasb.fxgl.profile.SaveLoadService, class com.almasb.fxgl.ui.FXGLUIFactoryServiceProvider, class com.almasb.fxgl.ui.FXGLDialogFactoryServiceProvider, class com.almasb.fxgl.audio.AudioPlayer, class com.almasb.fxgl.notification.impl.NotificationServiceProvider, class com.almasb.fxgl.achievement.AchievementService, class com.almasb.fxgl.cutscene.CutsceneService, class com.almasb.fxgl.minigames.MiniGameService, class com.almasb.fxgl.net.NetService, class com.almasb.fxgl.app.services.UpdaterService, class com.almasb.fxgl.dev.DevService]
02:00:32.895 [FXGL Background Thread 3 ] DEBUG Engine               - fontGame: Abel-Regular.ttf
02:00:32.895 [FXGL Background Thread 3 ] DEBUG Engine               - fontMono: TerminalLandMono-Regular.otf
02:00:32.895 [FXGL Background Thread 3 ] DEBUG Engine               - fontSizeScaleUI: 1.0
02:00:32.895 [FXGL Background Thread 3 ] DEBUG Engine               - fontText: Courier-Prime.ttf
02:00:32.895 [FXGL Background Thread 3 ] DEBUG Engine               - fontUI: VarelaRound-Regular.ttf
02:00:32.896 [FXGL Background Thread 3 ] DEBUG Engine               - fullScreen: BooleanProperty [value: false]
02:00:32.896 [FXGL Background Thread 3 ] DEBUG Engine               - gameDifficulty: MEDIUM
02:00:32.896 [FXGL Background Thread 3 ] DEBUG Engine               - gameDifficultyProperty: ObjectProperty [value: MEDIUM]
02:00:32.896 [FXGL Background Thread 3 ] DEBUG Engine               - globalMusicVolume: 0.5
02:00:32.896 [FXGL Background Thread 3 ] DEBUG Engine               - globalMusicVolumeProperty: DoubleProperty [value: 0.5]
02:00:32.896 [FXGL Background Thread 3 ] DEBUG Engine               - globalSoundVolume: 0.5
02:00:32.896 [FXGL Background Thread 3 ] DEBUG Engine               - globalSoundVolumeProperty: DoubleProperty [value: 0.5]
02:00:32.896 [FXGL Background Thread 3 ] DEBUG Engine               - height: 720
02:00:32.896 [FXGL Background Thread 3 ] DEBUG Engine               - is3D: false
02:00:32.896 [FXGL Background Thread 3 ] DEBUG Engine               - isAndroid: false
02:00:32.896 [FXGL Background Thread 3 ] DEBUG Engine               - isBrowser: false
02:00:32.896 [FXGL Background Thread 3 ] DEBUG Engine               - isClickFeedbackEnabled: false
02:00:32.897 [FXGL Background Thread 3 ] DEBUG Engine               - isCloseConfirmation: false
02:00:32.897 [FXGL Background Thread 3 ] DEBUG Engine               - isDesktop: true
02:00:32.897 [FXGL Background Thread 3 ] DEBUG Engine               - isDeveloperMenuEnabled: false
02:00:32.897 [FXGL Background Thread 3 ] DEBUG Engine               - isEmbedded: false
02:00:32.897 [FXGL Background Thread 3 ] DEBUG Engine               - isEntityPreloadEnabled: true
02:00:32.897 [FXGL Background Thread 3 ] DEBUG Engine               - isExperimentalTiledLargeMap: false
02:00:32.897 [FXGL Background Thread 3 ] DEBUG Engine               - isFileSystemWriteAllowed: true
02:00:32.897 [FXGL Background Thread 3 ] DEBUG Engine               - isFullScreenAllowed: false
02:00:32.897 [FXGL Background Thread 3 ] DEBUG Engine               - isFullScreenFromStart: false
02:00:32.897 [FXGL Background Thread 3 ] DEBUG Engine               - isGameMenuEnabled: false
02:00:32.897 [FXGL Background Thread 3 ] DEBUG Engine               - isIOS: false
02:00:32.897 [FXGL Background Thread 3 ] DEBUG Engine               - isIntroEnabled: false
02:00:32.897 [FXGL Background Thread 3 ] DEBUG Engine               - isLinux: false
02:00:32.897 [FXGL Background Thread 3 ] DEBUG Engine               - isMac: false
02:00:32.898 [FXGL Background Thread 3 ] DEBUG Engine               - isMainMenuEnabled: true
02:00:32.898 [FXGL Background Thread 3 ] DEBUG Engine               - isManualResizeEnabled: false
02:00:32.898 [FXGL Background Thread 3 ] DEBUG Engine               - isMobile: false
02:00:32.898 [FXGL Background Thread 3 ] DEBUG Engine               - isNative: false
02:00:32.898 [FXGL Background Thread 3 ] DEBUG Engine               - isPauseMusicWhenMinimized: true
02:00:32.898 [FXGL Background Thread 3 ] DEBUG Engine               - isPreserveResizeRatio: false
02:00:32.898 [FXGL Background Thread 3 ] DEBUG Engine               - isProfilingEnabled: false
02:00:32.898 [FXGL Background Thread 3 ] DEBUG Engine               - isScaleAffectedOnResize: true
02:00:32.898 [FXGL Background Thread 3 ] DEBUG Engine               - isSingleStep: false
02:00:32.898 [FXGL Background Thread 3 ] DEBUG Engine               - isUserProfileEnabled: false
02:00:32.898 [FXGL Background Thread 3 ] DEBUG Engine               - isWindows: true
02:00:32.900 [FXGL Background Thread 3 ] DEBUG Engine               - language: ObjectProperty [value: ENGLISH]
02:00:32.900 [FXGL Background Thread 3 ] DEBUG Engine               - menuKey: ESCAPE
02:00:32.900 [FXGL Background Thread 3 ] DEBUG Engine               - mouseSensitivity: 0.2
02:00:32.900 [FXGL Background Thread 3 ] DEBUG Engine               - notificationViewClass: class com.almasb.fxgl.notification.view.XboxNotificationView
02:00:32.900 [FXGL Background Thread 3 ] DEBUG Engine               - pixelsPerMeter: 50.0
02:00:32.900 [FXGL Background Thread 3 ] DEBUG Engine               - platform: WINDOWS
02:00:32.900 [FXGL Background Thread 3 ] DEBUG Engine               - prefHeightProperty: ReadOnlyDoubleProperty [value: 720.0]
02:00:32.900 [FXGL Background Thread 3 ] DEBUG Engine               - prefWidthProperty: ReadOnlyDoubleProperty [value: 1280.0]
02:00:32.900 [FXGL Background Thread 3 ] DEBUG Engine               - profileDir: profiles/
02:00:32.901 [FXGL Background Thread 3 ] DEBUG Engine               - profileName: StringProperty [value: DEFAULT]
02:00:32.901 [FXGL Background Thread 3 ] DEBUG Engine               - randomSeed: -1
02:00:32.901 [FXGL Background Thread 3 ] DEBUG Engine               - runtimeInfo: RuntimeInfo(platform=WINDOWS, version=21+dev-SNAPSHOT, build=26.03.2024 21.04)
02:00:32.901 [FXGL Background Thread 3 ] DEBUG Engine               - saveFileExt: sav
02:00:32.901 [FXGL Background Thread 3 ] DEBUG Engine               - scaledHeightProp$fxgl: DoubleProperty [bound, value: 720.0]
02:00:32.901 [FXGL Background Thread 3 ] DEBUG Engine               - scaledWidthProp$fxgl: DoubleProperty [bound, value: 1280.0]
02:00:32.901 [FXGL Background Thread 3 ] DEBUG Engine               - sceneFactory: org.example.core.GameApp$1@1838b9f
02:00:32.902 [FXGL Background Thread 3 ] DEBUG Engine               - secondsIn24h: 60
02:00:32.902 [FXGL Background Thread 3 ] DEBUG Engine               - soundMenuBack: menu/back.wav
02:00:32.902 [FXGL Background Thread 3 ] DEBUG Engine               - soundMenuPress: menu/press.wav
02:00:32.902 [FXGL Background Thread 3 ] DEBUG Engine               - soundMenuSelect: menu/select.wav
02:00:32.902 [FXGL Background Thread 3 ] DEBUG Engine               - soundNotification: core/notification.wav
02:00:32.902 [FXGL Background Thread 3 ] DEBUG Engine               - stageStyle: DECORATED
02:00:32.902 [FXGL Background Thread 3 ] DEBUG Engine               - supportedLanguages: [ENGLISH, FRENCH, GERMAN, HUNGARIAN, RUSSIAN]
02:00:32.902 [FXGL Background Thread 3 ] DEBUG Engine               - ticksPerSecond: -1
02:00:32.902 [FXGL Background Thread 3 ] DEBUG Engine               - title: Prototype Game
02:00:32.902 [FXGL Background Thread 3 ] DEBUG Engine               - urlGithub: https://github.com/AlmasB/FXGL
02:00:32.902 [FXGL Background Thread 3 ] DEBUG Engine               - urlLeaderboard: http://fxgl-top.herokuapp.com/
02:00:32.902 [FXGL Background Thread 3 ] DEBUG Engine               - urlPOM: https://raw.githubusercontent.com/AlmasB/FXGL/release/README.md
02:00:32.902 [FXGL Background Thread 3 ] DEBUG Engine               - userAppClass: class org.example.core.GameApp
02:00:32.903 [FXGL Background Thread 3 ] DEBUG Engine               - version: 0.1.5
02:00:32.903 [FXGL Background Thread 3 ] DEBUG Engine               - versionCheckDays: 7
02:00:32.903 [FXGL Background Thread 3 ] DEBUG Engine               - width: 1280
02:00:32.903 [FXGL Background Thread 3 ] DEBUG Engine               - Logging services
02:00:32.904 [FXGL Background Thread 3 ] DEBUG Engine               - class com.almasb.fxgl.app.services.FXGLAssetLoaderService
02:00:32.904 [FXGL Background Thread 3 ] DEBUG Engine               - class com.almasb.fxgl.app.FXGLApplication$GameApplicationService
02:00:32.904 [FXGL Background Thread 3 ] DEBUG Engine               - class com.almasb.fxgl.app.services.FXGLDialogService
02:00:32.904 [FXGL Background Thread 3 ] DEBUG Engine               - class com.almasb.fxgl.app.services.IOTaskExecutorService
02:00:32.904 [FXGL Background Thread 3 ] DEBUG Engine               - class com.almasb.fxgl.io.FileSystemService
02:00:32.904 [FXGL Background Thread 3 ] DEBUG Engine               - class com.almasb.fxgl.localization.LocalizationService
02:00:32.904 [FXGL Background Thread 3 ] DEBUG Engine               - class com.almasb.fxgl.app.services.SystemBundleService
02:00:32.904 [FXGL Background Thread 3 ] DEBUG Engine               - class com.almasb.fxgl.profile.SaveLoadService
02:00:32.904 [FXGL Background Thread 3 ] DEBUG Engine               - class com.almasb.fxgl.ui.FXGLUIFactoryServiceProvider
02:00:32.904 [FXGL Background Thread 3 ] DEBUG Engine               - class com.almasb.fxgl.ui.FXGLDialogFactoryServiceProvider
02:00:32.904 [FXGL Background Thread 3 ] DEBUG Engine               - class com.almasb.fxgl.audio.AudioPlayer
02:00:32.904 [FXGL Background Thread 3 ] DEBUG Engine               - class com.almasb.fxgl.notification.impl.NotificationServiceProvider
02:00:32.905 [FXGL Background Thread 3 ] DEBUG Engine               - class com.almasb.fxgl.achievement.AchievementService
02:00:32.905 [FXGL Background Thread 3 ] DEBUG Engine               - class com.almasb.fxgl.cutscene.CutsceneService
02:00:32.905 [FXGL Background Thread 3 ] DEBUG Engine               - class com.almasb.fxgl.minigames.MiniGameService
02:00:32.905 [FXGL Background Thread 3 ] DEBUG Engine               - class com.almasb.fxgl.net.NetService
02:00:32.905 [FXGL Background Thread 3 ] DEBUG Engine               - class com.almasb.fxgl.app.services.UpdaterService
02:00:32.905 [FXGL Background Thread 3 ] DEBUG Engine               - class com.almasb.fxgl.dev.DevService
02:00:33.409 [JavaFX Application Thread] DEBUG GameWorld            - Game world initialized
02:00:33.410 [JavaFX Application Thread] DEBUG PhysicsWorld         - Physics world initialized: appHeight=720, physics.ppm=50.0
02:00:33.410 [JavaFX Application Thread] DEBUG PhysicsWorld         - Using strategy: BRUTE_FORCE
02:00:33.411 [JavaFX Application Thread] DEBUG GameScene            - Game scene initialized: 1280x720
02:00:33.469 [JavaFX Application Thread] DEBUG PrimaryStageWindow   - Push state: MainMenuScene
02:00:33.534 [JavaFX Application Thread] DEBUG Input                - Clearing active input actions
02:00:33.541 [JavaFX Application Thread] DEBUG GameApplicationServi - Removing overlay from LoginScene and adding to MainMenuScene
02:00:33.542 [JavaFX Application Thread] DEBUG PrimaryStageWindow   - LoginScene -> MainMenuScene
02:00:33.542 [JavaFX Application Thread] DEBUG GameWorld            - Game world initialized
02:00:33.543 [JavaFX Application Thread] DEBUG PhysicsWorld         - Physics world initialized: appHeight=720, physics.ppm=50.0
02:00:33.543 [JavaFX Application Thread] DEBUG PhysicsWorld         - Using strategy: BRUTE_FORCE
02:00:33.544 [JavaFX Application Thread] DEBUG GameScene            - Game scene initialized: 1280x720
02:00:33.595 [JavaFX Application Thread] DEBUG PrimaryStageWindow   - Push state: MainMenuScene
02:00:33.764 [JavaFX Application Thread] DEBUG Input                - Clearing active input actions
02:00:33.771 [JavaFX Application Thread] DEBUG GameApplicationServi - Removing overlay from MainMenuScene and adding to MainMenuScene
02:00:33.771 [JavaFX Application Thread] DEBUG PrimaryStageWindow   - MainMenuScene -> MainMenuScene
02:00:35.302 [JavaFX Application Thread] DEBUG GameApplicationServi - Starting new game
02:00:35.303 [JavaFX Application Thread] DEBUG PrimaryStageWindow   - Pop state: MainMenuScene
02:00:35.303 [JavaFX Application Thread] DEBUG Input                - Clearing active input actions
02:00:35.304 [JavaFX Application Thread] DEBUG GameApplicationServi - Removing overlay from MainMenuScene and adding to MainMenuScene
02:00:35.304 [JavaFX Application Thread] DEBUG PrimaryStageWindow   - MainMenuScene <- MainMenuScene
02:00:35.378 [JavaFX Application Thread] DEBUG PrimaryStageWindow   - Pop state: MainMenuScene
02:00:35.379 [JavaFX Application Thread] DEBUG Input                - Clearing active input actions
02:00:35.379 [JavaFX Application Thread] DEBUG GameApplicationServi - Removing overlay from MainMenuScene and adding to LoginScene
02:00:35.379 [JavaFX Application Thread] DEBUG PrimaryStageWindow   - LoginScene <- MainMenuScene
02:00:35.444 [JavaFX Application Thread] DEBUG PrimaryStageWindow   - Pop state: LoginScene
02:00:35.444 [JavaFX Application Thread] DEBUG Input                - Clearing active input actions
02:00:35.444 [JavaFX Application Thread] DEBUG GameApplicationServi - Removing overlay from LoginScene and adding to FXGLMainMenuDummyScene
02:00:35.445 [JavaFX Application Thread] DEBUG PrimaryStageWindow   - FXGLMainMenuDummyScene <- LoginScene
02:00:35.445 [JavaFX Application Thread] DEBUG Input                - Clearing active input actions
02:00:35.465 [JavaFX Application Thread] DEBUG GameApplicationServi - Removing overlay from FXGLMainMenuDummyScene and adding to FXGLLoadingScene
02:00:35.466 [JavaFX Application Thread] DEBUG PrimaryStageWindow   - FXGLMainMenuDummyScene -> FXGLLoadingScene
02:00:35.466 [JavaFX Application Thread] DEBUG GameApplicationServi - Clearing previous game
02:00:35.466 [JavaFX Application Thread] DEBUG GameScene            - Clearing game scene
02:00:35.466 [JavaFX Application Thread] DEBUG GameWorld            - Clearing game world
02:00:35.466 [JavaFX Application Thread] DEBUG PhysicsWorld         - Clearing physics world
02:00:35.470 [FXGL Background Thread 2 ] DEBUG FXGLApplication      - Initializing game
02:00:35.546 [FXGL Background Thread 2 ] DEBUG FXGLAssetLoaderServi - Loading from file system: file:/C:/Users/kurtd/Documents/GitHub/TheOnlyException/Test/target/classes/assets/textures/worlda.png
02:00:35.717 [FXGL Background Thread 2 ] DEBUG FXGLAssetLoaderServi - Loading from file system: file:/C:/Users/kurtd/Documents/GitHub/TheOnlyException/Test/target/classes/assets/textures/player-scaled.png
02:00:35.853 [FXGL Background Thread 2 ] INFO  FXGLApplication      - Game initialization took: 0.383 sec
02:00:35.871 [JavaFX Application Thread] DEBUG Input                - Clearing active input actions
02:00:35.889 [JavaFX Application Thread] DEBUG GameApplicationServi - Removing overlay from FXGLLoadingScene and adding to GameScene
02:00:35.891 [JavaFX Application Thread] DEBUG PrimaryStageWindow   - FXGLLoadingScene -> GameScene
02:00:36.270 [JavaFX Application Thread] DEBUG FXGLAssetLoaderServi - Loading from file system: file:/C:/Users/kurtd/Documents/GitHub/TheOnlyException/Test/target/classes/assets/textures/MaggotWalk-scaled-recolored.png
02:00:36.280 [JavaFX Application Thread] DEBUG FXGLAssetLoaderServi - Loading from file system: file:/C:/Users/kurtd/Documents/GitHub/TheOnlyException/Test/target/classes/assets/textures/BeetleMove-scaled-recolored.png
02:00:36.283 [JavaFX Application Thread] DEBUG FXGLAssetLoaderServi - Loading from file system: file:/C:/Users/kurtd/Documents/GitHub/TheOnlyException/Test/target/classes/assets/textures/MantisMove-scaled-recolored.png
02:00:36.287 [JavaFX Application Thread] DEBUG FXGLAssetLoaderServi - Loading from file system: file:/C:/Users/kurtd/Documents/GitHub/TheOnlyException/Test/target/classes/assets/textures/BeeMove-scaled-recolored.png
02:00:36.290 [JavaFX Application Thread] DEBUG FXGLAssetLoaderServi - Loading from file system: file:/C:/Users/kurtd/Documents/GitHub/TheOnlyException/Test/target/classes/assets/textures/GiantFly-recolored.png
02:00:36.295 [JavaFX Application Thread] DEBUG FXGLAssetLoaderServi - Loading from file system: file:/C:/Users/kurtd/Documents/GitHub/TheOnlyException/Test/target/classes/assets/textures/DragonFly-recolored.png
02:00:36.312 [JavaFX Application Thread] DEBUG FXGLAssetLoaderServi - Loading from file system: file:/C:/Users/kurtd/Documents/GitHub/TheOnlyException/Test/target/classes/assets/textures/bullet.png
02:00:40.580 [JavaFX Application Thread] DEBUG FXGLAssetLoaderServi - Loading from file system: file:/C:/Users/kurtd/Documents/GitHub/TheOnlyException/Test/target/classes/assets/textures/memorychip.png
02:00:43.636 [JavaFX Application Thread] DEBUG FXGLAssetLoaderServi - Loading from file system: file:/C:/Users/kurtd/Documents/GitHub/TheOnlyException/Test/target/classes/assets/textures/datawipe.png
02:00:43.730 [JavaFX Application Thread] DEBUG FXGLAssetLoaderServi - Loading from file system: file:/C:/Users/kurtd/Documents/GitHub/TheOnlyException/Test/target/classes/assets/textures/nullblaster.png
02:00:43.813 [JavaFX Application Thread] DEBUG FXGLAssetLoaderServi - Loading from file system: file:/C:/Users/kurtd/Documents/GitHub/TheOnlyException/Test/target/classes/assets/textures/smolderprotocol.png
02:00:43.923 [JavaFX Application Thread] DEBUG FXGLAssetLoaderServi - Loading from file system: file:/C:/Users/kurtd/Documents/GitHub/TheOnlyException/Test/target/classes/assets/textures/firewallshield.png
02:00:43.974 [JavaFX Application Thread] DEBUG PrimaryStageWindow   - Push state: DialogSubScene
02:00:43.974 [JavaFX Application Thread] DEBUG Input                - Clearing active input actions
02:00:43.980 [JavaFX Application Thread] DEBUG GameApplicationServi - Removing overlay from GameScene and adding to DialogSubScene
02:00:43.980 [JavaFX Application Thread] DEBUG PrimaryStageWindow   - GameScene -> DialogSubScene
02:00:45.319 [JavaFX Application Thread] DEBUG PrimaryStageWindow   - Pop state: DialogSubScene
02:00:45.319 [JavaFX Application Thread] DEBUG Input                - Clearing active input actions
02:00:45.320 [JavaFX Application Thread] DEBUG GameApplicationServi - Removing overlay from DialogSubScene and adding to GameScene
02:00:45.321 [JavaFX Application Thread] DEBUG PrimaryStageWindow   - GameScene <- DialogSubScene
02:00:49.328 [JavaFX Application Thread] DEBUG FXGLAssetLoaderServi - Loading from file system: file:/C:/Users/kurtd/Documents/GitHub/TheOnlyException/Test/target/classes/assets/textures/systemrestore.png
02:00:49.356 [JavaFX Application Thread] DEBUG PrimaryStageWindow   - Push state: DialogSubScene
02:00:49.356 [JavaFX Application Thread] DEBUG Input                - Clearing active input actions
02:00:49.362 [JavaFX Application Thread] DEBUG GameApplicationServi - Removing overlay from GameScene and adding to DialogSubScene
02:00:49.363 [JavaFX Application Thread] DEBUG PrimaryStageWindow   - GameScene -> DialogSubScene
02:00:50.311 [JavaFX Application Thread] DEBUG PrimaryStageWindow   - Pop state: DialogSubScene
02:00:50.311 [JavaFX Application Thread] DEBUG Input                - Clearing active input actions
02:00:50.312 [JavaFX Application Thread] DEBUG GameApplicationServi - Removing overlay from DialogSubScene and adding to GameScene
02:00:50.312 [JavaFX Application Thread] DEBUG PrimaryStageWindow   - GameScene <- DialogSubScene
02:00:54.602 [JavaFX Application Thread] DEBUG FXGLAssetLoaderServi - Loading from file system: file:/C:/Users/kurtd/Documents/GitHub/TheOnlyException/Test/target/classes/assets/textures/realtimedefense.png
02:00:54.636 [JavaFX Application Thread] DEBUG PrimaryStageWindow   - Push state: DialogSubScene
02:00:54.637 [JavaFX Application Thread] DEBUG Input                - Clearing active input actions
02:00:54.638 [JavaFX Application Thread] DEBUG GameApplicationServi - Removing overlay from GameScene and adding to DialogSubScene
02:00:54.638 [JavaFX Application Thread] DEBUG PrimaryStageWindow   - GameScene -> DialogSubScene
02:00:55.935 [JavaFX Application Thread] DEBUG PrimaryStageWindow   - Pop state: DialogSubScene
02:00:55.935 [JavaFX Application Thread] DEBUG Input                - Clearing active input actions
02:00:55.936 [JavaFX Application Thread] DEBUG GameApplicationServi - Removing overlay from DialogSubScene and adding to GameScene
02:00:55.936 [JavaFX Application Thread] DEBUG PrimaryStageWindow   - GameScene <- DialogSubScene
02:00:55.936 [JavaFX Application Thread] DEBUG FXGLAssetLoaderServi - Loading from file system: file:/C:/Users/kurtd/Documents/GitHub/TheOnlyException/Test/target/classes/assets/textures/realtimedefenseaura.png
02:01:00.208 [JavaFX Application Thread] DEBUG PrimaryStageWindow   - Push state: DialogSubScene
02:01:00.208 [JavaFX Application Thread] DEBUG Input                - Clearing active input actions
02:01:00.208 [JavaFX Application Thread] DEBUG GameApplicationServi - Removing overlay from GameScene and adding to DialogSubScene
02:01:00.208 [JavaFX Application Thread] DEBUG PrimaryStageWindow   - GameScene -> DialogSubScene
02:01:01.519 [JavaFX Application Thread] DEBUG PrimaryStageWindow   - Pop state: DialogSubScene
02:01:01.519 [JavaFX Application Thread] DEBUG Input                - Clearing active input actions
02:01:01.519 [JavaFX Application Thread] DEBUG GameApplicationServi - Removing overlay from DialogSubScene and adding to GameScene
02:01:01.519 [JavaFX Application Thread] DEBUG PrimaryStageWindow   - GameScene <- DialogSubScene
02:01:05.569 [JavaFX Application Thread] DEBUG FXGLAssetLoaderServi - Loading from file system: file:/C:/Users/kurtd/Documents/GitHub/TheOnlyException/Test/target/classes/assets/textures/datawipemine.png
02:01:09.665 [JavaFX Application Thread] DEBUG PrimaryStageWindow   - Push state: DialogSubScene
02:01:09.666 [JavaFX Application Thread] DEBUG Input                - Clearing active input actions
02:01:09.666 [JavaFX Application Thread] DEBUG GameApplicationServi - Removing overlay from GameScene and adding to DialogSubScene
02:01:09.666 [JavaFX Application Thread] DEBUG PrimaryStageWindow   - GameScene -> DialogSubScene
02:01:11.407 [JavaFX Application Thread] DEBUG PrimaryStageWindow   - Pop state: DialogSubScene
02:01:11.407 [JavaFX Application Thread] DEBUG Input                - Clearing active input actions
02:01:11.407 [JavaFX Application Thread] DEBUG GameApplicationServi - Removing overlay from DialogSubScene and adding to GameScene
02:01:11.407 [JavaFX Application Thread] DEBUG PrimaryStageWindow   - GameScene <- DialogSubScene
02:01:12.280 [JavaFX Application Thread] DEBUG FXGLAssetLoaderServi - Loading from file system: file:/C:/Users/kurtd/Documents/GitHub/TheOnlyException/Test/target/classes/assets/textures/datawipeexplosion.png
02:01:12.297 [JavaFX Application Thread] WARN  FXGLAssetLoaderServi - Asset "/assets/textures/orange_particle.png" was not found!
02:01:12.297 [JavaFX Application Thread] WARN  FXGLAssetLoaderServi - Failed to load IMAGE
02:01:16.428 [JavaFX Application Thread] WARN  FXGLAssetLoaderServi - Asset "/assets/textures/orange_particle.png" was not found!
02:01:16.429 [JavaFX Application Thread] WARN  FXGLAssetLoaderServi - Failed to load IMAGE
02:01:19.549 [JavaFX Application Thread] DEBUG PrimaryStageWindow   - Push state: DialogSubScene
02:01:19.550 [JavaFX Application Thread] DEBUG Input                - Clearing active input actions
02:01:19.550 [JavaFX Application Thread] DEBUG GameApplicationServi - Removing overlay from GameScene and adding to DialogSubScene
02:01:19.550 [JavaFX Application Thread] DEBUG PrimaryStageWindow   - GameScene -> DialogSubScene
02:01:20.591 [JavaFX Application Thread] DEBUG PrimaryStageWindow   - Pop state: DialogSubScene
02:01:20.591 [JavaFX Application Thread] DEBUG Input                - Clearing active input actions
02:01:20.591 [JavaFX Application Thread] DEBUG GameApplicationServi - Removing overlay from DialogSubScene and adding to GameScene
02:01:20.591 [JavaFX Application Thread] DEBUG PrimaryStageWindow   - GameScene <- DialogSubScene
02:01:21.247 [JavaFX Application Thread] DEBUG FXGLApplication      - Exiting FXGL
02:01:21.247 [JavaFX Application Thread] DEBUG LoopRunner           - Stopping loop
02:01:21.247 [JavaFX Application Thread] DEBUG SystemBundleService  - Saving FXGL system data
02:01:21.249 [JavaFX Application Thread] DEBUG FileSystemAccess     - Writing to: C:\Users\kurtd\Documents\GitHub\TheOnlyException\system\fxgl.bundle
02:01:21.250 [JavaFX Application Thread] DEBUG Async                - Shutting down background threads
02:01:21.251 [JavaFX Application Thread] DEBUG PrimaryStageWindow   - Closing main window
02:01:21.273 [JavaFX Application Thread] DEBUG Logger               - Closing Logger
