15:05:41.702 [main                     ] DEBUG Logger               - Configured Logger
15:05:41.715 [main                     ] DEBUG GameApplication      - Logging settings
Title: Prototype Game
Version: 0.1.5
Width: 1280
Height: 720
Fullscreen: false
Intro: false
Profiling: false
Single step:false
App Mode: DEVELOPER
Menu Key: ESCAPE
Stage Style: DECORATED
Scene Factory: class org.example.core.GameApp$1

15:05:42.533 [JavaFX Application Thread] DEBUG FXGLApplication      - Initializing FXGL
15:05:42.539 [JavaFX Application Thread] INFO  Engine               - FXGL-21+dev-SNAPSHOT (26.03.2024 21.04) on WINDOWS (J:24 FX:21.0.1)
15:05:42.539 [JavaFX Application Thread] DEBUG Engine               - JRE Vendor Name: Oracle Corporation
15:05:42.539 [JavaFX Application Thread] DEBUG Engine               - Running on OS: Windows 10 version 10.0
15:05:42.540 [JavaFX Application Thread] DEBUG Engine               - Architecture: amd64
15:05:42.540 [JavaFX Application Thread] INFO  Engine               - Source code and latest versions at: https://github.com/AlmasB/FXGL
15:05:42.540 [JavaFX Application Thread] INFO  Engine               -       Ask questions and discuss at: https://github.com/AlmasB/FXGL/discussions
15:05:42.540 [JavaFX Application Thread] INFO  Engine               -              Join the FXGL chat at: https://gitter.im/AlmasB/FXGL
15:05:42.805 [JavaFX Application Thread] DEBUG PrimaryStageWindow   - Creating a JavaFX scene
15:05:42.915 [JavaFX Application Thread] DEBUG PrimaryStageWindow   - Target settings size: 1280.0 x 720.0
15:05:42.915 [JavaFX Application Thread] DEBUG PrimaryStageWindow   - Scaled scene size:    1280.0 x 720.0
15:05:42.916 [JavaFX Application Thread] DEBUG PrimaryStageWindow   - Scaled ratio: (1.0, 1.0)
15:05:42.918 [JavaFX Application Thread] DEBUG PrimaryStageWindow   - Set initial scene to FXGLStartupScene
15:05:42.925 [JavaFX Application Thread] DEBUG PrimaryStageWindow   - Opening main window
15:05:43.064 [JavaFX Application Thread] DEBUG PrimaryStageWindow   - Window border size: (16.0, 39.0)
15:05:43.065 [JavaFX Application Thread] DEBUG PrimaryStageWindow   - Scaled size: 1280.0 x 720.0
15:05:43.065 [JavaFX Application Thread] DEBUG PrimaryStageWindow   - Scaled ratio: (1.0, 1.0)
15:05:43.065 [JavaFX Application Thread] DEBUG PrimaryStageWindow   - Scene size: 1280.0 x 720.0
15:05:43.066 [JavaFX Application Thread] DEBUG PrimaryStageWindow   - Stage size: 1296.0 x 759.0
15:05:43.082 [FXGL Background Thread 1 ] DEBUG Engine               - Initializing environment variables
15:05:43.202 [FXGL Background Thread 1 ] DEBUG FXGLAssetLoaderServi - User app class for loading assets: class org.example.core.GameApp
15:05:43.202 [FXGL Background Thread 1 ] DEBUG GameApplicationServi - Applying CSS: fxgl_dark.css
15:05:43.204 [FXGL Background Thread 1 ] DEBUG FXGLAssetLoaderServi - Loading from file system: jar:file:/C:/Users/kurtd/.m2/repository/com/github/AlmasB/FXGL/fxgl/21.1/fxgl-21.1.jar!/fxglassets/ui/css/fxgl_dark.css
15:05:43.299 [FXGL Background Thread 1 ] DEBUG GameApplicationServi - Initializing application scenes
15:05:43.393 [FXGL Background Thread 1 ] DEBUG GameWorld            - Game world initialized
15:05:43.488 [FXGL Background Thread 1 ] DEBUG PhysicsWorld         - Physics world initialized: appHeight=720, physics.ppm=50.0
15:05:43.489 [FXGL Background Thread 1 ] DEBUG PhysicsWorld         - Using strategy: BRUTE_FORCE
15:05:43.495 [FXGL Background Thread 1 ] DEBUG GameScene            - Game scene initialized: 1280x720
15:05:43.933 [FXGL Background Thread 1 ] DEBUG GameApplicationServi - Application scenes initialized
15:05:43.976 [FXGL Background Thread 1 ] DEBUG SystemBundleService  - Loading FXGL system data
15:05:43.986 [FXGL Background Thread 1 ] DEBUG FileSystemAccess     - Reading from: C:\Users\kurtd\IdeaProjects\TheOnlyException\system\fxgl.bundle
15:05:43.997 [FXGL Background Thread 1 ] DEBUG SystemBundleService  - Bundle FXGL: {}
15:05:43.997 [FXGL Background Thread 1 ] DEBUG UpdaterService       - Checking for updates
15:05:44.012 [FXGL Background Thread 1 ] DEBUG FXGLApplication      - Loading default localization
15:05:44.015 [FXGL Background Thread 1 ] DEBUG FXGLAssetLoaderServi - Loading from file system: jar:file:/C:/Users/kurtd/.m2/repository/com/github/AlmasB/FXGL/fxgl/21.1/fxgl-21.1.jar!/fxglassets/languages/english.lang
15:05:44.060 [FXGL Background Thread 1 ] INFO  FXGLApplication      - FXGL initialization took: 0.978 sec
15:05:44.076 [JavaFX Application Thread] DEBUG Input                - Registered new binding: action0 - A
15:05:44.077 [JavaFX Application Thread] DEBUG Input                - Registered new binding: action1 - D
15:05:44.077 [JavaFX Application Thread] DEBUG Input                - Registered new binding: action2 - W
15:05:44.078 [JavaFX Application Thread] DEBUG Input                - Registered new binding: action3 - S
15:05:44.079 [JavaFX Application Thread] DEBUG FXGLAssetLoaderServi - Loading from file system: jar:file:/C:/Users/kurtd/.m2/repository/com/github/AlmasB/FXGL/fxgl/21.1/fxgl-21.1.jar!/fxglassets/textures/fxgl_icon.png
15:05:44.095 [FXGL Background Thread 4 ] DEBUG FXGLApplication      - Loading fonts
15:05:44.120 [FXGL Background Thread 4 ] DEBUG FXGLAssetLoaderServi - Loading from file system: jar:file:/C:/Users/kurtd/.m2/repository/com/github/AlmasB/FXGL/fxgl-samples/21.1/fxgl-samples-21.1.jar!/assets/ui/fonts/VarelaRound-Regular.ttf
15:05:44.187 [FXGL Background Thread 4 ] DEBUG FXGLAssetLoaderServi - Loading from file system: jar:file:/C:/Users/kurtd/.m2/repository/com/github/AlmasB/FXGL/fxgl/21.1/fxgl-21.1.jar!/fxglassets/ui/fonts/Abel-Regular.ttf
15:05:44.204 [JavaFX Application Thread] DEBUG FXGLAssetLoaderServi - Loading from file system: jar:file:/C:/Users/kurtd/.m2/repository/com/github/AlmasB/FXGL/fxgl/21.1/fxgl-21.1.jar!/fxglassets/textures/fxgl_default_cursor.png
15:05:44.208 [JavaFX Application Thread] DEBUG Input                - Registered new binding: Screenshot - CTRL+8
15:05:44.209 [JavaFX Application Thread] DEBUG Input                - Registered new binding: System info dump - CTRL+9
15:05:44.210 [FXGL Background Thread 4 ] DEBUG FXGLAssetLoaderServi - Loading from file system: jar:file:/C:/Users/kurtd/.m2/repository/com/github/AlmasB/FXGL/fxgl/21.1/fxgl-21.1.jar!/fxglassets/ui/fonts/TerminalLandMono-Regular.otf
15:05:44.213 [JavaFX Application Thread] DEBUG Input                - Registered new binding: Toggle Debug Camera - CTRL+7
15:05:44.245 [FXGL Background Thread 4 ] DEBUG FXGLAssetLoaderServi - Loading from file system: jar:file:/C:/Users/kurtd/.m2/repository/com/github/AlmasB/FXGL/fxgl/21.1/fxgl-21.1.jar!/fxglassets/ui/fonts/Courier-Prime.ttf
15:05:44.248 [JavaFX Application Thread] DEBUG LoopRunner           - Starting loop
15:05:44.249 [JavaFX Application Thread] DEBUG LoopRunner           - Initializing JavaFX AnimationTimerLoop
15:05:44.254 [JavaFX Application Thread] DEBUG Input                - Clearing active input actions
15:05:44.273 [JavaFX Application Thread] DEBUG GameApplicationServi - Removing overlay from FXGLStartupScene and adding to FXGLMainMenuDummyScene
15:05:44.274 [JavaFX Application Thread] DEBUG PrimaryStageWindow   - FXGLStartupScene -> FXGLMainMenuDummyScene
15:05:44.274 [JavaFX Application Thread] DEBUG PrimaryStageWindow   - Push state: LoginScene
15:05:44.275 [JavaFX Application Thread] DEBUG Input                - Clearing active input actions
15:05:44.303 [JavaFX Application Thread] DEBUG GameApplicationServi - Removing overlay from FXGLMainMenuDummyScene and adding to LoginScene
15:05:44.304 [JavaFX Application Thread] DEBUG PrimaryStageWindow   - FXGLMainMenuDummyScene -> LoginScene
15:05:44.701 [JavaFX Application Thread] DEBUG FXGLApplication      - Registering font factories with UI factory
15:05:45.238 [FXGL Background Thread 2 ] INFO  UpdaterService       - Your current version:  21+dev-SNAPSHOT
15:05:45.239 [FXGL Background Thread 2 ] INFO  UpdaterService       - Latest stable version: 21.1
15:05:47.008 [FXGL Background Thread 3 ] DEBUG Engine               - Logging environment variables
15:05:47.011 [FXGL Background Thread 3 ] DEBUG Engine               - achievements: []
15:05:47.011 [FXGL Background Thread 3 ] DEBUG Engine               - actualHeight: 720.0
15:05:47.012 [FXGL Background Thread 3 ] DEBUG Engine               - actualHeightProperty: ReadOnlyDoubleProperty [value: 720.0]
15:05:47.012 [FXGL Background Thread 3 ] DEBUG Engine               - actualWidth: 1280.0
15:05:47.013 [FXGL Background Thread 3 ] DEBUG Engine               - actualWidthProperty: ReadOnlyDoubleProperty [value: 1280.0]
15:05:47.013 [FXGL Background Thread 3 ] DEBUG Engine               - appIcon: fxgl_icon.png
15:05:47.016 [FXGL Background Thread 3 ] DEBUG Engine               - applicationMode: DEVELOPER
15:05:47.026 [FXGL Background Thread 3 ] DEBUG Engine               - cSSList: [fxgl_dark.css]
15:05:47.028 [FXGL Background Thread 3 ] DEBUG Engine               - collisionDetectionStrategy: BRUTE_FORCE
15:05:47.028 [FXGL Background Thread 3 ] DEBUG Engine               - configClass: Optional.empty
15:05:47.028 [FXGL Background Thread 3 ] DEBUG Engine               - credits: []
15:05:47.033 [FXGL Background Thread 3 ] DEBUG Engine               - defaultCursor: CursorInfo(imageName=fxgl_default_cursor.png, hotspotX=7.0, hotspotY=6.0)
15:05:47.033 [FXGL Background Thread 3 ] DEBUG Engine               - devBBoxColorProperty: ObjectProperty [value: 0xff0000ff]
15:05:47.034 [FXGL Background Thread 3 ] DEBUG Engine               - devEnableDebugCameraProperty: BooleanProperty [value: false]
15:05:47.034 [FXGL Background Thread 3 ] DEBUG Engine               - devSensorColorProperty: ObjectProperty [value: 0xffff00ff]
15:05:47.034 [FXGL Background Thread 3 ] DEBUG Engine               - devShowBBoxProperty: BooleanProperty [value: false]
15:05:47.034 [FXGL Background Thread 3 ] DEBUG Engine               - devShowPositionProperty: BooleanProperty [value: false]
15:05:47.034 [FXGL Background Thread 3 ] DEBUG Engine               - enabledMenuItems: []
15:05:47.034 [FXGL Background Thread 3 ] DEBUG Engine               - engineServices: [class com.almasb.fxgl.app.services.FXGLAssetLoaderService, class com.almasb.fxgl.app.FXGLApplication$GameApplicationService, class com.almasb.fxgl.app.services.FXGLDialogService, class com.almasb.fxgl.app.services.IOTaskExecutorService, class com.almasb.fxgl.io.FileSystemService, class com.almasb.fxgl.localization.LocalizationService, class com.almasb.fxgl.app.services.SystemBundleService, class com.almasb.fxgl.profile.SaveLoadService, class com.almasb.fxgl.ui.FXGLUIFactoryServiceProvider, class com.almasb.fxgl.ui.FXGLDialogFactoryServiceProvider, class com.almasb.fxgl.audio.AudioPlayer, class com.almasb.fxgl.notification.impl.NotificationServiceProvider, class com.almasb.fxgl.achievement.AchievementService, class com.almasb.fxgl.cutscene.CutsceneService, class com.almasb.fxgl.minigames.MiniGameService, class com.almasb.fxgl.net.NetService, class com.almasb.fxgl.app.services.UpdaterService, class com.almasb.fxgl.dev.DevService]
15:05:47.034 [FXGL Background Thread 3 ] DEBUG Engine               - fontGame: Abel-Regular.ttf
15:05:47.034 [FXGL Background Thread 3 ] DEBUG Engine               - fontMono: TerminalLandMono-Regular.otf
15:05:47.034 [FXGL Background Thread 3 ] DEBUG Engine               - fontSizeScaleUI: 1.0
15:05:47.034 [FXGL Background Thread 3 ] DEBUG Engine               - fontText: Courier-Prime.ttf
15:05:47.034 [FXGL Background Thread 3 ] DEBUG Engine               - fontUI: VarelaRound-Regular.ttf
15:05:47.034 [FXGL Background Thread 3 ] DEBUG Engine               - fullScreen: BooleanProperty [value: false]
15:05:47.034 [FXGL Background Thread 3 ] DEBUG Engine               - gameDifficulty: MEDIUM
15:05:47.034 [FXGL Background Thread 3 ] DEBUG Engine               - gameDifficultyProperty: ObjectProperty [value: MEDIUM]
15:05:47.034 [FXGL Background Thread 3 ] DEBUG Engine               - globalMusicVolume: 0.5
15:05:47.035 [FXGL Background Thread 3 ] DEBUG Engine               - globalMusicVolumeProperty: DoubleProperty [value: 0.5]
15:05:47.035 [FXGL Background Thread 3 ] DEBUG Engine               - globalSoundVolume: 0.5
15:05:47.035 [FXGL Background Thread 3 ] DEBUG Engine               - globalSoundVolumeProperty: DoubleProperty [value: 0.5]
15:05:47.035 [FXGL Background Thread 3 ] DEBUG Engine               - height: 720
15:05:47.035 [FXGL Background Thread 3 ] DEBUG Engine               - is3D: false
15:05:47.035 [FXGL Background Thread 3 ] DEBUG Engine               - isAndroid: false
15:05:47.035 [FXGL Background Thread 3 ] DEBUG Engine               - isBrowser: false
15:05:47.035 [FXGL Background Thread 3 ] DEBUG Engine               - isClickFeedbackEnabled: false
15:05:47.035 [FXGL Background Thread 3 ] DEBUG Engine               - isCloseConfirmation: false
15:05:47.035 [FXGL Background Thread 3 ] DEBUG Engine               - isDesktop: true
15:05:47.035 [FXGL Background Thread 3 ] DEBUG Engine               - isDeveloperMenuEnabled: false
15:05:47.035 [FXGL Background Thread 3 ] DEBUG Engine               - isEmbedded: false
15:05:47.035 [FXGL Background Thread 3 ] DEBUG Engine               - isEntityPreloadEnabled: true
15:05:47.035 [FXGL Background Thread 3 ] DEBUG Engine               - isExperimentalTiledLargeMap: false
15:05:47.035 [FXGL Background Thread 3 ] DEBUG Engine               - isFileSystemWriteAllowed: true
15:05:47.035 [FXGL Background Thread 3 ] DEBUG Engine               - isFullScreenAllowed: false
15:05:47.035 [FXGL Background Thread 3 ] DEBUG Engine               - isFullScreenFromStart: false
15:05:47.035 [FXGL Background Thread 3 ] DEBUG Engine               - isGameMenuEnabled: false
15:05:47.035 [FXGL Background Thread 3 ] DEBUG Engine               - isIOS: false
15:05:47.035 [FXGL Background Thread 3 ] DEBUG Engine               - isIntroEnabled: false
15:05:47.035 [FXGL Background Thread 3 ] DEBUG Engine               - isLinux: false
15:05:47.035 [FXGL Background Thread 3 ] DEBUG Engine               - isMac: false
15:05:47.035 [FXGL Background Thread 3 ] DEBUG Engine               - isMainMenuEnabled: true
15:05:47.035 [FXGL Background Thread 3 ] DEBUG Engine               - isManualResizeEnabled: false
15:05:47.036 [FXGL Background Thread 3 ] DEBUG Engine               - isMobile: false
15:05:47.036 [FXGL Background Thread 3 ] DEBUG Engine               - isNative: false
15:05:47.036 [FXGL Background Thread 3 ] DEBUG Engine               - isPauseMusicWhenMinimized: true
15:05:47.036 [FXGL Background Thread 3 ] DEBUG Engine               - isPreserveResizeRatio: false
15:05:47.036 [FXGL Background Thread 3 ] DEBUG Engine               - isProfilingEnabled: false
15:05:47.036 [FXGL Background Thread 3 ] DEBUG Engine               - isScaleAffectedOnResize: true
15:05:47.036 [FXGL Background Thread 3 ] DEBUG Engine               - isSingleStep: false
15:05:47.036 [FXGL Background Thread 3 ] DEBUG Engine               - isUserProfileEnabled: false
15:05:47.036 [FXGL Background Thread 3 ] DEBUG Engine               - isWindows: true
15:05:47.036 [FXGL Background Thread 3 ] DEBUG Engine               - language: ObjectProperty [value: ENGLISH]
15:05:47.036 [FXGL Background Thread 3 ] DEBUG Engine               - menuKey: ESCAPE
15:05:47.036 [FXGL Background Thread 3 ] DEBUG Engine               - mouseSensitivity: 0.2
15:05:47.036 [FXGL Background Thread 3 ] DEBUG Engine               - notificationViewClass: class com.almasb.fxgl.notification.view.XboxNotificationView
15:05:47.036 [FXGL Background Thread 3 ] DEBUG Engine               - pixelsPerMeter: 50.0
15:05:47.036 [FXGL Background Thread 3 ] DEBUG Engine               - platform: WINDOWS
15:05:47.036 [FXGL Background Thread 3 ] DEBUG Engine               - prefHeightProperty: ReadOnlyDoubleProperty [value: 720.0]
15:05:47.036 [FXGL Background Thread 3 ] DEBUG Engine               - prefWidthProperty: ReadOnlyDoubleProperty [value: 1280.0]
15:05:47.036 [FXGL Background Thread 3 ] DEBUG Engine               - profileDir: profiles/
15:05:47.036 [FXGL Background Thread 3 ] DEBUG Engine               - profileName: StringProperty [value: DEFAULT]
15:05:47.037 [FXGL Background Thread 3 ] DEBUG Engine               - randomSeed: -1
15:05:47.037 [FXGL Background Thread 3 ] DEBUG Engine               - runtimeInfo: RuntimeInfo(platform=WINDOWS, version=21+dev-SNAPSHOT, build=26.03.2024 21.04)
15:05:47.037 [FXGL Background Thread 3 ] DEBUG Engine               - saveFileExt: sav
15:05:47.037 [FXGL Background Thread 3 ] DEBUG Engine               - scaledHeightProp$fxgl: DoubleProperty [bound, value: 720.0]
15:05:47.037 [FXGL Background Thread 3 ] DEBUG Engine               - scaledWidthProp$fxgl: DoubleProperty [bound, value: 1280.0]
15:05:47.037 [FXGL Background Thread 3 ] DEBUG Engine               - sceneFactory: org.example.core.GameApp$1@317f42d8
15:05:47.037 [FXGL Background Thread 3 ] DEBUG Engine               - secondsIn24h: 60
15:05:47.037 [FXGL Background Thread 3 ] DEBUG Engine               - soundMenuBack: menu/back.wav
15:05:47.037 [FXGL Background Thread 3 ] DEBUG Engine               - soundMenuPress: menu/press.wav
15:05:47.037 [FXGL Background Thread 3 ] DEBUG Engine               - soundMenuSelect: menu/select.wav
15:05:47.037 [FXGL Background Thread 3 ] DEBUG Engine               - soundNotification: core/notification.wav
15:05:47.037 [FXGL Background Thread 3 ] DEBUG Engine               - stageStyle: DECORATED
15:05:47.037 [FXGL Background Thread 3 ] DEBUG Engine               - supportedLanguages: [ENGLISH, FRENCH, GERMAN, HUNGARIAN, RUSSIAN]
15:05:47.037 [FXGL Background Thread 3 ] DEBUG Engine               - ticksPerSecond: -1
15:05:47.037 [FXGL Background Thread 3 ] DEBUG Engine               - title: Prototype Game
15:05:47.037 [FXGL Background Thread 3 ] DEBUG Engine               - urlGithub: https://github.com/AlmasB/FXGL
15:05:47.037 [FXGL Background Thread 3 ] DEBUG Engine               - urlLeaderboard: http://fxgl-top.herokuapp.com/
15:05:47.037 [FXGL Background Thread 3 ] DEBUG Engine               - urlPOM: https://raw.githubusercontent.com/AlmasB/FXGL/release/README.md
15:05:47.037 [FXGL Background Thread 3 ] DEBUG Engine               - userAppClass: class org.example.core.GameApp
15:05:47.037 [FXGL Background Thread 3 ] DEBUG Engine               - version: 0.1.5
15:05:47.037 [FXGL Background Thread 3 ] DEBUG Engine               - versionCheckDays: 7
15:05:47.037 [FXGL Background Thread 3 ] DEBUG Engine               - width: 1280
15:05:47.037 [FXGL Background Thread 3 ] DEBUG Engine               - Logging services
15:05:47.037 [FXGL Background Thread 3 ] DEBUG Engine               - class com.almasb.fxgl.app.services.FXGLAssetLoaderService
15:05:47.038 [FXGL Background Thread 3 ] DEBUG Engine               - class com.almasb.fxgl.app.FXGLApplication$GameApplicationService
15:05:47.038 [FXGL Background Thread 3 ] DEBUG Engine               - class com.almasb.fxgl.app.services.FXGLDialogService
15:05:47.038 [FXGL Background Thread 3 ] DEBUG Engine               - class com.almasb.fxgl.app.services.IOTaskExecutorService
15:05:47.038 [FXGL Background Thread 3 ] DEBUG Engine               - class com.almasb.fxgl.io.FileSystemService
15:05:47.038 [FXGL Background Thread 3 ] DEBUG Engine               - class com.almasb.fxgl.localization.LocalizationService
15:05:47.038 [FXGL Background Thread 3 ] DEBUG Engine               - class com.almasb.fxgl.app.services.SystemBundleService
15:05:47.038 [FXGL Background Thread 3 ] DEBUG Engine               - class com.almasb.fxgl.profile.SaveLoadService
15:05:47.038 [FXGL Background Thread 3 ] DEBUG Engine               - class com.almasb.fxgl.ui.FXGLUIFactoryServiceProvider
15:05:47.038 [FXGL Background Thread 3 ] DEBUG Engine               - class com.almasb.fxgl.ui.FXGLDialogFactoryServiceProvider
15:05:47.038 [FXGL Background Thread 3 ] DEBUG Engine               - class com.almasb.fxgl.audio.AudioPlayer
15:05:47.038 [FXGL Background Thread 3 ] DEBUG Engine               - class com.almasb.fxgl.notification.impl.NotificationServiceProvider
15:05:47.038 [FXGL Background Thread 3 ] DEBUG Engine               - class com.almasb.fxgl.achievement.AchievementService
15:05:47.038 [FXGL Background Thread 3 ] DEBUG Engine               - class com.almasb.fxgl.cutscene.CutsceneService
15:05:47.038 [FXGL Background Thread 3 ] DEBUG Engine               - class com.almasb.fxgl.minigames.MiniGameService
15:05:47.038 [FXGL Background Thread 3 ] DEBUG Engine               - class com.almasb.fxgl.net.NetService
15:05:47.038 [FXGL Background Thread 3 ] DEBUG Engine               - class com.almasb.fxgl.app.services.UpdaterService
15:05:47.039 [FXGL Background Thread 3 ] DEBUG Engine               - class com.almasb.fxgl.dev.DevService
15:05:48.782 [JavaFX Application Thread] DEBUG GameWorld            - Game world initialized
15:05:48.784 [JavaFX Application Thread] DEBUG PhysicsWorld         - Physics world initialized: appHeight=720, physics.ppm=50.0
15:05:48.784 [JavaFX Application Thread] DEBUG PhysicsWorld         - Using strategy: BRUTE_FORCE
15:05:48.786 [JavaFX Application Thread] DEBUG GameScene            - Game scene initialized: 1280x720
15:05:48.824 [JavaFX Application Thread] DEBUG PrimaryStageWindow   - Push state: MainMenuScene
15:05:48.832 [JavaFX Application Thread] DEBUG Input                - Clearing active input actions
15:05:48.837 [JavaFX Application Thread] DEBUG GameApplicationServi - Removing overlay from LoginScene and adding to MainMenuScene
15:05:48.837 [JavaFX Application Thread] DEBUG PrimaryStageWindow   - LoginScene -> MainMenuScene
15:05:48.845 [JavaFX Application Thread] DEBUG GameWorld            - Game world initialized
15:05:48.846 [JavaFX Application Thread] DEBUG PhysicsWorld         - Physics world initialized: appHeight=720, physics.ppm=50.0
15:05:48.846 [JavaFX Application Thread] DEBUG PhysicsWorld         - Using strategy: BRUTE_FORCE
15:05:48.848 [JavaFX Application Thread] DEBUG GameScene            - Game scene initialized: 1280x720
15:05:48.868 [JavaFX Application Thread] DEBUG PrimaryStageWindow   - Push state: MainMenuScene
15:05:49.015 [JavaFX Application Thread] DEBUG Input                - Clearing active input actions
15:05:49.017 [JavaFX Application Thread] DEBUG GameApplicationServi - Removing overlay from MainMenuScene and adding to MainMenuScene
15:05:49.018 [JavaFX Application Thread] DEBUG PrimaryStageWindow   - MainMenuScene -> MainMenuScene
15:05:49.935 [JavaFX Application Thread] DEBUG GameApplicationServi - Starting new game
15:05:49.936 [JavaFX Application Thread] DEBUG PrimaryStageWindow   - Pop state: MainMenuScene
15:05:49.936 [JavaFX Application Thread] DEBUG Input                - Clearing active input actions
15:05:49.937 [JavaFX Application Thread] DEBUG GameApplicationServi - Removing overlay from MainMenuScene and adding to MainMenuScene
15:05:49.938 [JavaFX Application Thread] DEBUG PrimaryStageWindow   - MainMenuScene <- MainMenuScene
15:05:49.938 [JavaFX Application Thread] DEBUG PrimaryStageWindow   - Pop state: MainMenuScene
15:05:49.938 [JavaFX Application Thread] DEBUG Input                - Clearing active input actions
15:05:49.938 [JavaFX Application Thread] DEBUG GameApplicationServi - Removing overlay from MainMenuScene and adding to LoginScene
15:05:49.939 [JavaFX Application Thread] DEBUG PrimaryStageWindow   - LoginScene <- MainMenuScene
15:05:50.087 [JavaFX Application Thread] DEBUG PrimaryStageWindow   - Pop state: LoginScene
15:05:50.087 [JavaFX Application Thread] DEBUG Input                - Clearing active input actions
15:05:50.087 [JavaFX Application Thread] DEBUG GameApplicationServi - Removing overlay from LoginScene and adding to FXGLMainMenuDummyScene
15:05:50.088 [JavaFX Application Thread] DEBUG PrimaryStageWindow   - FXGLMainMenuDummyScene <- LoginScene
15:05:50.088 [JavaFX Application Thread] DEBUG Input                - Clearing active input actions
15:05:50.098 [JavaFX Application Thread] DEBUG GameApplicationServi - Removing overlay from FXGLMainMenuDummyScene and adding to FXGLLoadingScene
15:05:50.099 [JavaFX Application Thread] DEBUG PrimaryStageWindow   - FXGLMainMenuDummyScene -> FXGLLoadingScene
15:05:50.099 [JavaFX Application Thread] DEBUG GameApplicationServi - Clearing previous game
15:05:50.099 [JavaFX Application Thread] DEBUG GameScene            - Clearing game scene
15:05:50.099 [JavaFX Application Thread] DEBUG GameWorld            - Clearing game world
15:05:50.099 [JavaFX Application Thread] DEBUG PhysicsWorld         - Clearing physics world
15:05:50.103 [FXGL Background Thread 2 ] DEBUG FXGLApplication      - Initializing game
15:05:50.142 [FXGL Background Thread 2 ] DEBUG FXGLAssetLoaderServi - Loading from file system: file:/C:/Users/kurtd/IdeaProjects/TheOnlyException/Test/target/classes/assets/textures/worlda.png
15:05:50.325 [FXGL Background Thread 2 ] DEBUG FXGLAssetLoaderServi - Loading from file system: file:/C:/Users/kurtd/IdeaProjects/TheOnlyException/Test/target/classes/assets/textures/player-scaled.png
15:05:50.455 [FXGL Background Thread 2 ] INFO  FXGLApplication      - Game initialization took: 0.352 sec
15:05:50.455 [JavaFX Application Thread] DEBUG Input                - Clearing active input actions
15:05:50.469 [JavaFX Application Thread] DEBUG GameApplicationServi - Removing overlay from FXGLLoadingScene and adding to GameScene
15:05:50.469 [JavaFX Application Thread] DEBUG PrimaryStageWindow   - FXGLLoadingScene -> GameScene
15:05:51.181 [JavaFX Application Thread] DEBUG FXGLAssetLoaderServi - Loading from file system: file:/C:/Users/kurtd/IdeaProjects/TheOnlyException/Test/target/classes/assets/textures/MaggotWalk-scaled.png
15:05:51.185 [JavaFX Application Thread] DEBUG FXGLAssetLoaderServi - Loading from file system: file:/C:/Users/kurtd/IdeaProjects/TheOnlyException/Test/target/classes/assets/textures/BeetleMove-scaled.png
15:05:51.187 [JavaFX Application Thread] DEBUG FXGLAssetLoaderServi - Loading from file system: file:/C:/Users/kurtd/IdeaProjects/TheOnlyException/Test/target/classes/assets/textures/MantisMove-scaled.png
15:05:51.190 [JavaFX Application Thread] DEBUG FXGLAssetLoaderServi - Loading from file system: file:/C:/Users/kurtd/IdeaProjects/TheOnlyException/Test/target/classes/assets/textures/BeeMove-scaled.png
15:05:51.193 [JavaFX Application Thread] DEBUG FXGLAssetLoaderServi - Loading from file system: file:/C:/Users/kurtd/IdeaProjects/TheOnlyException/Test/target/classes/assets/textures/GiantFly.png
15:05:51.197 [JavaFX Application Thread] DEBUG FXGLAssetLoaderServi - Loading from file system: file:/C:/Users/kurtd/IdeaProjects/TheOnlyException/Test/target/classes/assets/textures/DragonFly.png
15:05:58.855 [JavaFX Application Thread] DEBUG FXGLAssetLoaderServi - Loading from file system: file:/C:/Users/kurtd/IdeaProjects/TheOnlyException/Test/target/classes/assets/textures/datawipe.png
15:05:58.897 [JavaFX Application Thread] DEBUG FXGLAssetLoaderServi - Loading from file system: file:/C:/Users/kurtd/IdeaProjects/TheOnlyException/Test/target/classes/assets/textures/shortcircuit.png
15:05:58.933 [JavaFX Application Thread] DEBUG FXGLAssetLoaderServi - Loading from file system: file:/C:/Users/kurtd/IdeaProjects/TheOnlyException/Test/target/classes/assets/textures/smolderprotocol.png
15:05:58.985 [JavaFX Application Thread] DEBUG FXGLAssetLoaderServi - Loading from file system: file:/C:/Users/kurtd/IdeaProjects/TheOnlyException/Test/target/classes/assets/textures/systemrestore.png
15:05:59.009 [JavaFX Application Thread] DEBUG PrimaryStageWindow   - Push state: DialogSubScene
15:05:59.009 [JavaFX Application Thread] DEBUG Input                - Clearing active input actions
15:05:59.012 [JavaFX Application Thread] DEBUG GameApplicationServi - Removing overlay from GameScene and adding to DialogSubScene
15:05:59.012 [JavaFX Application Thread] DEBUG PrimaryStageWindow   - GameScene -> DialogSubScene
15:06:00.177 [JavaFX Application Thread] DEBUG PrimaryStageWindow   - Pop state: DialogSubScene
15:06:00.177 [JavaFX Application Thread] DEBUG Input                - Clearing active input actions
15:06:00.177 [JavaFX Application Thread] DEBUG GameApplicationServi - Removing overlay from DialogSubScene and adding to GameScene
15:06:00.177 [JavaFX Application Thread] DEBUG PrimaryStageWindow   - GameScene <- DialogSubScene
15:06:02.024 [JavaFX Application Thread] DEBUG FXGLAssetLoaderServi - Loading from file system: file:/C:/Users/kurtd/IdeaProjects/TheOnlyException/Test/target/classes/assets/textures/datawipemine.png
15:06:07.001 [JavaFX Application Thread] DEBUG FXGLAssetLoaderServi - Loading from file system: file:/C:/Users/kurtd/IdeaProjects/TheOnlyException/Test/target/classes/assets/textures/datawipeexplosion.png
15:06:07.012 [JavaFX Application Thread] WARN  FXGLAssetLoaderServi - Asset "/assets/textures/orange_particle.png" was not found!
15:06:07.013 [JavaFX Application Thread] WARN  FXGLAssetLoaderServi - Failed to load IMAGE
15:06:08.220 [JavaFX Application Thread] DEBUG FXGLAssetLoaderServi - Loading from file system: file:/C:/Users/kurtd/IdeaProjects/TheOnlyException/Test/target/classes/assets/textures/firewallshield.png
15:06:08.249 [JavaFX Application Thread] DEBUG FXGLAssetLoaderServi - Loading from file system: file:/C:/Users/kurtd/IdeaProjects/TheOnlyException/Test/target/classes/assets/textures/realtimedefense.png
15:06:08.285 [JavaFX Application Thread] DEBUG PrimaryStageWindow   - Push state: DialogSubScene
15:06:08.285 [JavaFX Application Thread] DEBUG Input                - Clearing active input actions
15:06:08.288 [JavaFX Application Thread] DEBUG GameApplicationServi - Removing overlay from GameScene and adding to DialogSubScene
15:06:08.288 [JavaFX Application Thread] DEBUG PrimaryStageWindow   - GameScene -> DialogSubScene
15:06:09.305 [JavaFX Application Thread] DEBUG PrimaryStageWindow   - Pop state: DialogSubScene
15:06:09.305 [JavaFX Application Thread] DEBUG Input                - Clearing active input actions
15:06:09.305 [JavaFX Application Thread] DEBUG GameApplicationServi - Removing overlay from DialogSubScene and adding to GameScene
15:06:09.306 [JavaFX Application Thread] DEBUG PrimaryStageWindow   - GameScene <- DialogSubScene
15:06:10.027 [JavaFX Application Thread] WARN  FXGLAssetLoaderServi - Asset "/assets/textures/orange_particle.png" was not found!
15:06:10.027 [JavaFX Application Thread] WARN  FXGLAssetLoaderServi - Failed to load IMAGE
15:06:10.988 [JavaFX Application Thread] DEBUG PrimaryStageWindow   - Push state: DialogSubScene
15:06:10.988 [JavaFX Application Thread] DEBUG Input                - Clearing active input actions
15:06:10.989 [JavaFX Application Thread] DEBUG GameApplicationServi - Removing overlay from GameScene and adding to DialogSubScene
15:06:10.989 [JavaFX Application Thread] DEBUG PrimaryStageWindow   - GameScene -> DialogSubScene
15:06:12.121 [JavaFX Application Thread] DEBUG PrimaryStageWindow   - Pop state: DialogSubScene
15:06:12.121 [JavaFX Application Thread] DEBUG Input                - Clearing active input actions
15:06:12.121 [JavaFX Application Thread] DEBUG GameApplicationServi - Removing overlay from DialogSubScene and adding to GameScene
15:06:12.121 [JavaFX Application Thread] DEBUG PrimaryStageWindow   - GameScene <- DialogSubScene
15:06:13.178 [JavaFX Application Thread] WARN  FXGLAssetLoaderServi - Asset "/assets/textures/orange_particle.png" was not found!
15:06:13.178 [JavaFX Application Thread] WARN  FXGLAssetLoaderServi - Failed to load IMAGE
15:06:14.987 [JavaFX Application Thread] DEBUG PrimaryStageWindow   - Push state: DialogSubScene
15:06:14.987 [JavaFX Application Thread] DEBUG Input                - Clearing active input actions
15:06:14.988 [JavaFX Application Thread] DEBUG GameApplicationServi - Removing overlay from GameScene and adding to DialogSubScene
15:06:14.988 [JavaFX Application Thread] DEBUG PrimaryStageWindow   - GameScene -> DialogSubScene
15:06:15.552 [JavaFX Application Thread] DEBUG PrimaryStageWindow   - Pop state: DialogSubScene
15:06:15.552 [JavaFX Application Thread] DEBUG Input                - Clearing active input actions
15:06:15.553 [JavaFX Application Thread] DEBUG GameApplicationServi - Removing overlay from DialogSubScene and adding to GameScene
15:06:15.553 [JavaFX Application Thread] DEBUG PrimaryStageWindow   - GameScene <- DialogSubScene
15:06:15.803 [JavaFX Application Thread] WARN  FXGLAssetLoaderServi - Asset "/assets/textures/orange_particle.png" was not found!
15:06:15.803 [JavaFX Application Thread] WARN  FXGLAssetLoaderServi - Failed to load IMAGE
15:06:17.802 [JavaFX Application Thread] WARN  FXGLAssetLoaderServi - Asset "/assets/textures/orange_particle.png" was not found!
15:06:17.802 [JavaFX Application Thread] WARN  FXGLAssetLoaderServi - Failed to load IMAGE
15:06:19.819 [JavaFX Application Thread] WARN  FXGLAssetLoaderServi - Asset "/assets/textures/orange_particle.png" was not found!
15:06:19.819 [JavaFX Application Thread] WARN  FXGLAssetLoaderServi - Failed to load IMAGE
15:06:20.554 [JavaFX Application Thread] WARN  FXGLAssetLoaderServi - Asset "/assets/textures/green_particle.png" was not found!
15:06:20.554 [JavaFX Application Thread] WARN  FXGLAssetLoaderServi - Failed to load IMAGE
15:06:21.834 [JavaFX Application Thread] WARN  FXGLAssetLoaderServi - Asset "/assets/textures/orange_particle.png" was not found!
15:06:21.835 [JavaFX Application Thread] WARN  FXGLAssetLoaderServi - Failed to load IMAGE
15:06:22.475 [JavaFX Application Thread] DEBUG PrimaryStageWindow   - Push state: DialogSubScene
15:06:22.475 [JavaFX Application Thread] DEBUG Input                - Clearing active input actions
15:06:22.476 [JavaFX Application Thread] DEBUG GameApplicationServi - Removing overlay from GameScene and adding to DialogSubScene
15:06:22.476 [JavaFX Application Thread] DEBUG PrimaryStageWindow   - GameScene -> DialogSubScene
15:06:23.832 [JavaFX Application Thread] DEBUG PrimaryStageWindow   - Pop state: DialogSubScene
15:06:23.832 [JavaFX Application Thread] DEBUG Input                - Clearing active input actions
15:06:23.833 [JavaFX Application Thread] DEBUG GameApplicationServi - Removing overlay from DialogSubScene and adding to GameScene
15:06:23.833 [JavaFX Application Thread] DEBUG PrimaryStageWindow   - GameScene <- DialogSubScene
15:06:25.211 [JavaFX Application Thread] WARN  FXGLAssetLoaderServi - Asset "/assets/textures/orange_particle.png" was not found!
15:06:25.211 [JavaFX Application Thread] WARN  FXGLAssetLoaderServi - Failed to load IMAGE
15:06:26.713 [JavaFX Application Thread] DEBUG FXGLAssetLoaderServi - Loading from file system: file:/C:/Users/kurtd/IdeaProjects/TheOnlyException/Test/target/classes/assets/textures/smolder.png
15:06:26.921 [JavaFX Application Thread] WARN  FXGLAssetLoaderServi - Asset "/assets/textures/green_particle.png" was not found!
15:06:26.921 [JavaFX Application Thread] WARN  FXGLAssetLoaderServi - Failed to load IMAGE
15:06:27.225 [JavaFX Application Thread] WARN  FXGLAssetLoaderServi - Asset "/assets/textures/orange_particle.png" was not found!
15:06:27.225 [JavaFX Application Thread] WARN  FXGLAssetLoaderServi - Failed to load IMAGE
15:06:29.218 [JavaFX Application Thread] DEBUG PrimaryStageWindow   - Push state: DialogSubScene
15:06:29.218 [JavaFX Application Thread] DEBUG Input                - Clearing active input actions
15:06:29.219 [JavaFX Application Thread] DEBUG GameApplicationServi - Removing overlay from GameScene and adding to DialogSubScene
15:06:29.219 [JavaFX Application Thread] DEBUG PrimaryStageWindow   - GameScene -> DialogSubScene
15:06:30.120 [JavaFX Application Thread] DEBUG PrimaryStageWindow   - Pop state: DialogSubScene
15:06:30.120 [JavaFX Application Thread] DEBUG Input                - Clearing active input actions
15:06:30.121 [JavaFX Application Thread] DEBUG GameApplicationServi - Removing overlay from DialogSubScene and adding to GameScene
15:06:30.121 [JavaFX Application Thread] DEBUG PrimaryStageWindow   - GameScene <- DialogSubScene
15:06:30.127 [JavaFX Application Thread] WARN  FXGLAssetLoaderServi - Asset "/assets/textures/orange_particle.png" was not found!
15:06:30.127 [JavaFX Application Thread] WARN  FXGLAssetLoaderServi - Failed to load IMAGE
15:06:32.170 [JavaFX Application Thread] WARN  FXGLAssetLoaderServi - Asset "/assets/textures/orange_particle.png" was not found!
15:06:32.170 [JavaFX Application Thread] WARN  FXGLAssetLoaderServi - Failed to load IMAGE
15:06:32.856 [JavaFX Application Thread] WARN  FXGLAssetLoaderServi - Asset "/assets/textures/green_particle.png" was not found!
15:06:32.857 [JavaFX Application Thread] WARN  FXGLAssetLoaderServi - Failed to load IMAGE
15:06:34.188 [JavaFX Application Thread] WARN  FXGLAssetLoaderServi - Asset "/assets/textures/orange_particle.png" was not found!
15:06:34.188 [JavaFX Application Thread] WARN  FXGLAssetLoaderServi - Failed to load IMAGE
15:06:36.202 [JavaFX Application Thread] WARN  FXGLAssetLoaderServi - Asset "/assets/textures/orange_particle.png" was not found!
15:06:36.203 [JavaFX Application Thread] WARN  FXGLAssetLoaderServi - Failed to load IMAGE
15:06:37.866 [JavaFX Application Thread] WARN  FXGLAssetLoaderServi - Asset "/assets/textures/green_particle.png" was not found!
15:06:37.866 [JavaFX Application Thread] WARN  FXGLAssetLoaderServi - Failed to load IMAGE
15:06:38.218 [JavaFX Application Thread] WARN  FXGLAssetLoaderServi - Asset "/assets/textures/orange_particle.png" was not found!
15:06:38.218 [JavaFX Application Thread] WARN  FXGLAssetLoaderServi - Failed to load IMAGE
15:06:38.523 [JavaFX Application Thread] DEBUG PrimaryStageWindow   - Push state: DialogSubScene
15:06:38.523 [JavaFX Application Thread] DEBUG Input                - Clearing active input actions
15:06:38.523 [JavaFX Application Thread] DEBUG GameApplicationServi - Removing overlay from GameScene and adding to DialogSubScene
15:06:38.523 [JavaFX Application Thread] DEBUG PrimaryStageWindow   - GameScene -> DialogSubScene
15:06:39.465 [JavaFX Application Thread] DEBUG PrimaryStageWindow   - Pop state: DialogSubScene
15:06:39.465 [JavaFX Application Thread] DEBUG Input                - Clearing active input actions
15:06:39.466 [JavaFX Application Thread] DEBUG GameApplicationServi - Removing overlay from DialogSubScene and adding to GameScene
15:06:39.466 [JavaFX Application Thread] DEBUG PrimaryStageWindow   - GameScene <- DialogSubScene
15:06:41.177 [JavaFX Application Thread] WARN  FXGLAssetLoaderServi - Asset "/assets/textures/orange_particle.png" was not found!
15:06:41.178 [JavaFX Application Thread] WARN  FXGLAssetLoaderServi - Failed to load IMAGE
15:06:43.193 [JavaFX Application Thread] WARN  FXGLAssetLoaderServi - Asset "/assets/textures/orange_particle.png" was not found!
15:06:43.193 [JavaFX Application Thread] WARN  FXGLAssetLoaderServi - Failed to load IMAGE
15:06:43.816 [JavaFX Application Thread] WARN  FXGLAssetLoaderServi - Asset "/assets/textures/green_particle.png" was not found!
15:06:43.816 [JavaFX Application Thread] WARN  FXGLAssetLoaderServi - Failed to load IMAGE
15:06:45.225 [JavaFX Application Thread] WARN  FXGLAssetLoaderServi - Asset "/assets/textures/orange_particle.png" was not found!
15:06:45.226 [JavaFX Application Thread] WARN  FXGLAssetLoaderServi - Failed to load IMAGE
15:06:47.225 [JavaFX Application Thread] WARN  FXGLAssetLoaderServi - Asset "/assets/textures/orange_particle.png" was not found!
15:06:47.225 [JavaFX Application Thread] WARN  FXGLAssetLoaderServi - Failed to load IMAGE
15:06:48.027 [JavaFX Application Thread] DEBUG PrimaryStageWindow   - Push state: DialogSubScene
15:06:48.027 [JavaFX Application Thread] DEBUG Input                - Clearing active input actions
15:06:48.028 [JavaFX Application Thread] DEBUG GameApplicationServi - Removing overlay from GameScene and adding to DialogSubScene
15:06:48.028 [JavaFX Application Thread] DEBUG PrimaryStageWindow   - GameScene -> DialogSubScene
15:06:50.424 [JavaFX Application Thread] DEBUG FXGLApplication      - Exiting FXGL
15:06:50.424 [JavaFX Application Thread] DEBUG LoopRunner           - Stopping loop
15:06:50.424 [JavaFX Application Thread] DEBUG SystemBundleService  - Saving FXGL system data
15:06:50.427 [JavaFX Application Thread] DEBUG FileSystemAccess     - Writing to: C:\Users\kurtd\IdeaProjects\TheOnlyException\system\fxgl.bundle
15:06:50.428 [JavaFX Application Thread] DEBUG Async                - Shutting down background threads
15:06:50.429 [JavaFX Application Thread] DEBUG PrimaryStageWindow   - Closing main window
15:06:50.438 [JavaFX Application Thread] DEBUG Logger               - Closing Logger
