21:06:34.376 [main                     ] DEBUG Logger               - Configured Logger
21:06:34.381 [main                     ] DEBUG GameApplication      - Logging settings
Title: Prototype
Version: 0.1.5
Width: 1280
Height: 720
Fullscreen: false
Intro: false
Profiling: false
Single step:false
App Mode: DEVELOPER
Menu Key: ESCAPE
Stage Style: DECORATED
Scene Factory: class org.example.GameApp$1

21:06:34.649 [JavaFX Application Thread] DEBUG FXGLApplication      - Initializing FXGL
21:06:34.651 [JavaFX Application Thread] INFO  Engine               - FXGL-17+dev-SNAPSHOT (23.08.2022 11.12) on WINDOWS (J:24 FX:18)
21:06:34.651 [JavaFX Application Thread] DEBUG Engine               - JRE Vendor Name: Oracle Corporation
21:06:34.651 [JavaFX Application Thread] DEBUG Engine               - Running on OS: Windows 11 version 10.0
21:06:34.651 [JavaFX Application Thread] DEBUG Engine               - Architecture: amd64
21:06:34.651 [JavaFX Application Thread] INFO  Engine               - Source code and latest versions at: https://github.com/AlmasB/FXGL
21:06:34.651 [JavaFX Application Thread] INFO  Engine               -       Ask questions and discuss at: https://github.com/AlmasB/FXGL/discussions
21:06:34.651 [JavaFX Application Thread] INFO  Engine               -              Join the FXGL chat at: https://gitter.im/AlmasB/FXGL
21:06:34.726 [JavaFX Application Thread] DEBUG PrimaryStageWindow   - Creating a JavaFX scene
21:06:34.763 [JavaFX Application Thread] DEBUG PrimaryStageWindow   - Target settings size: 1280.0 x 720.0
21:06:34.763 [JavaFX Application Thread] DEBUG PrimaryStageWindow   - Scaled scene size:    1280.0 x 720.0
21:06:34.763 [JavaFX Application Thread] DEBUG PrimaryStageWindow   - Scaled ratio: (1.0, 1.0)
21:06:34.764 [JavaFX Application Thread] DEBUG PrimaryStageWindow   - Set initial scene to FXGLStartupScene
21:06:34.770 [JavaFX Application Thread] DEBUG PrimaryStageWindow   - Opening main window
21:06:34.844 [JavaFX Application Thread] DEBUG PrimaryStageWindow   - Window border size: (16.0, 39.0)
21:06:34.844 [JavaFX Application Thread] DEBUG PrimaryStageWindow   - Scaled size: 1280.0 x 720.0
21:06:34.844 [JavaFX Application Thread] DEBUG PrimaryStageWindow   - Scaled ratio: (1.0, 1.0)
21:06:34.844 [JavaFX Application Thread] DEBUG PrimaryStageWindow   - Scene size: 1280.0 x 720.0
21:06:34.844 [JavaFX Application Thread] DEBUG PrimaryStageWindow   - Stage size: 1296.0 x 759.0
21:06:34.849 [FXGL Background Thread 1 ] DEBUG Engine               - Initializing environment variables
21:06:34.875 [FXGL Background Thread 1 ] DEBUG FXGLAssetLoaderServi - User app class for loading assets: class org.example.GameApp
21:06:34.875 [FXGL Background Thread 1 ] DEBUG GameApplicationServi - Applying CSS: fxgl_dark.css
21:06:34.876 [FXGL Background Thread 1 ] DEBUG FXGLAssetLoaderServi - Loading from file system: jar:file:/C:/Users/primzcm/.m2/repository/com/github/almasb/fxgl/fxgl/17.2/fxgl-17.2.jar!/fxglassets/ui/css/fxgl_dark.css
21:06:34.905 [FXGL Background Thread 1 ] DEBUG GameApplicationServi - Initializing application scenes
21:06:34.933 [FXGL Background Thread 1 ] DEBUG GameWorld            - Game world initialized
21:06:34.973 [FXGL Background Thread 1 ] DEBUG PhysicsWorld         - Physics world initialized: appHeight=720, physics.ppm=50.0
21:06:34.973 [FXGL Background Thread 1 ] DEBUG PhysicsWorld         - Using strategy: BRUTE_FORCE
21:06:34.975 [FXGL Background Thread 1 ] DEBUG GameScene            - Game scene initialized: 1280x720
21:06:34.995 [FXGL Background Thread 1 ] DEBUG FXGL.DefaultMenu     - createMenuBodyGameMenu()
21:06:35.001 [FXGL Background Thread 1 ] DEBUG FXGL.DefaultMenu     - createOptionsMenu()
21:06:35.010 [FXGL Background Thread 1 ] DEBUG FXGLAssetLoaderServi - Loading from file system: jar:file:/C:/Users/primzcm/.m2/repository/com/github/almasb/fxgl/fxgl/17.2/fxgl-17.2.jar!/fxglassets/textures/particles/smoke.png
21:06:35.071 [FXGL Background Thread 1 ] DEBUG FXGLAssetLoaderServi - Loading from file system: jar:file:/C:/Users/primzcm/.m2/repository/com/github/almasb/fxgl/fxgl/17.2/fxgl-17.2.jar!/fxglassets/textures/particles/trace_horizontal.png
21:06:35.091 [FXGL Background Thread 1 ] DEBUG GameApplicationServi - Application scenes initialized
21:06:35.099 [FXGL Background Thread 1 ] DEBUG SystemBundleService  - Loading FXGL system data
21:06:35.100 [FXGL Background Thread 1 ] DEBUG FileSystemAccess     - Reading from: F:\my files\School\2nd year 2nd sem\TheOnlyException\system\fxgl.bundle
21:06:35.101 [FXGL Background Thread 1 ] DEBUG SystemBundleService  - Bundle FXGL: {}
21:06:35.101 [FXGL Background Thread 1 ] DEBUG UpdaterService       - Checking for updates
21:06:35.104 [FXGL Background Thread 4 ] DEBUG FXGLApplication      - Loading fonts
21:06:35.104 [FXGL Background Thread 4 ] DEBUG FXGLAssetLoaderServi - Loading from file system: jar:file:/C:/Users/primzcm/.m2/repository/com/github/almasb/fxgl/fxgl/17.2/fxgl-17.2.jar!/fxglassets/ui/fonts/VarelaRound-Regular.ttf
21:06:35.104 [FXGL Background Thread 1 ] DEBUG FXGLApplication      - Loading default localization
21:06:35.105 [FXGL Background Thread 1 ] DEBUG FXGLAssetLoaderServi - Loading from file system: jar:file:/C:/Users/primzcm/.m2/repository/com/github/almasb/fxgl/fxgl/17.2/fxgl-17.2.jar!/fxglassets/languages/english.lang
21:06:35.110 [FXGL Background Thread 4 ] DEBUG FXGLAssetLoaderServi - Loading from file system: jar:file:/C:/Users/primzcm/.m2/repository/com/github/almasb/fxgl/fxgl/17.2/fxgl-17.2.jar!/fxglassets/ui/fonts/Abel-Regular.ttf
21:06:35.112 [FXGL Background Thread 4 ] DEBUG FXGLAssetLoaderServi - Loading from file system: jar:file:/C:/Users/primzcm/.m2/repository/com/github/almasb/fxgl/fxgl/17.2/fxgl-17.2.jar!/fxglassets/ui/fonts/TerminalLandMono-Regular.otf
21:06:35.114 [FXGL Background Thread 4 ] DEBUG FXGLAssetLoaderServi - Loading from file system: jar:file:/C:/Users/primzcm/.m2/repository/com/github/almasb/fxgl/fxgl/17.2/fxgl-17.2.jar!/fxglassets/ui/fonts/Courier-Prime.ttf
21:06:35.118 [JavaFX Application Thread] DEBUG FXGLApplication      - Registering font factories with UI factory
21:06:35.126 [FXGL Background Thread 1 ] INFO  FXGLApplication      - FXGL initialization took: 0.277 sec
21:06:35.132 [JavaFX Application Thread] DEBUG Input                - Registered new binding: action0 - A
21:06:35.133 [JavaFX Application Thread] DEBUG Input                - Registered new binding: action1 - D
21:06:35.133 [JavaFX Application Thread] DEBUG Input                - Registered new binding: action2 - W
21:06:35.133 [JavaFX Application Thread] DEBUG Input                - Registered new binding: action3 - S
21:06:35.133 [JavaFX Application Thread] DEBUG FXGLAssetLoaderServi - Loading from file system: jar:file:/C:/Users/primzcm/.m2/repository/com/github/almasb/fxgl/fxgl/17.2/fxgl-17.2.jar!/fxglassets/textures/fxgl_icon.png
21:06:35.155 [JavaFX Application Thread] DEBUG FXGLAssetLoaderServi - Loading from file system: jar:file:/C:/Users/primzcm/.m2/repository/com/github/almasb/fxgl/fxgl/17.2/fxgl-17.2.jar!/fxglassets/textures/fxgl_default_cursor.png
21:06:35.158 [JavaFX Application Thread] DEBUG Input                - Registered new binding: Screenshot - CTRL+8
21:06:35.159 [JavaFX Application Thread] DEBUG Input                - Registered new binding: System info dump - CTRL+9
21:06:35.159 [JavaFX Application Thread] DEBUG Input                - Registered new binding: Restart - CTRL+R
21:06:35.160 [JavaFX Application Thread] DEBUG Input                - Registered new binding: Toggle Debug Camera - CTRL+7
21:06:35.164 [JavaFX Application Thread] DEBUG LoopRunner           - Starting loop
21:06:35.164 [JavaFX Application Thread] DEBUG LoopRunner           - Initializing JavaFX AnimationTimerLoop
21:06:35.168 [JavaFX Application Thread] DEBUG Input                - Clearing active input actions
21:06:35.173 [JavaFX Application Thread] DEBUG GameApplicationServi - Removing overlay from FXGLStartupScene and adding to FXGLMainMenuDummyScene
21:06:35.173 [JavaFX Application Thread] DEBUG PrimaryStageWindow   - FXGLStartupScene -> FXGLMainMenuDummyScene
21:06:35.173 [JavaFX Application Thread] DEBUG PrimaryStageWindow   - Push state: NameInputScene
21:06:35.174 [JavaFX Application Thread] DEBUG Input                - Clearing active input actions
21:06:35.183 [JavaFX Application Thread] DEBUG GameApplicationServi - Removing overlay from FXGLMainMenuDummyScene and adding to NameInputScene
21:06:35.183 [JavaFX Application Thread] DEBUG PrimaryStageWindow   - FXGLMainMenuDummyScene -> NameInputScene
21:06:35.428 [FXGL Background Thread 2 ] INFO  UpdaterService       - Your current version:  17+dev-SNAPSHOT
21:06:35.428 [FXGL Background Thread 2 ] INFO  UpdaterService       - Latest stable version: 21.1
21:06:38.104 [FXGL Background Thread 3 ] DEBUG Engine               - Logging environment variables
21:06:38.104 [FXGL Background Thread 3 ] DEBUG Engine               - achievements: []
21:06:38.104 [FXGL Background Thread 3 ] DEBUG Engine               - actualHeight: 720.0
21:06:38.104 [FXGL Background Thread 3 ] DEBUG Engine               - actualHeightProperty: ReadOnlyDoubleProperty [value: 720.0]
21:06:38.104 [FXGL Background Thread 3 ] DEBUG Engine               - actualWidth: 1280.0
21:06:38.104 [FXGL Background Thread 3 ] DEBUG Engine               - actualWidthProperty: ReadOnlyDoubleProperty [value: 1280.0]
21:06:38.104 [FXGL Background Thread 3 ] DEBUG Engine               - appIcon: fxgl_icon.png
21:06:38.104 [FXGL Background Thread 3 ] DEBUG Engine               - applicationMode: DEVELOPER
21:06:38.104 [FXGL Background Thread 3 ] DEBUG Engine               - cSSList: [fxgl_dark.css]
21:06:38.104 [FXGL Background Thread 3 ] DEBUG Engine               - collisionDetectionStrategy: BRUTE_FORCE
21:06:38.104 [FXGL Background Thread 3 ] DEBUG Engine               - configClass: Optional.empty
21:06:38.104 [FXGL Background Thread 3 ] DEBUG Engine               - credits: []
21:06:38.105 [FXGL Background Thread 3 ] DEBUG Engine               - defaultCursor: CursorInfo(imageName=fxgl_default_cursor.png, hotspotX=7.0, hotspotY=6.0)
21:06:38.105 [FXGL Background Thread 3 ] DEBUG Engine               - devBBoxColorProperty: ObjectProperty [value: 0xff0000ff]
21:06:38.105 [FXGL Background Thread 3 ] DEBUG Engine               - devEnableDebugCameraProperty: BooleanProperty [value: false]
21:06:38.105 [FXGL Background Thread 3 ] DEBUG Engine               - devSensorColorProperty: ObjectProperty [value: 0xffff00ff]
21:06:38.105 [FXGL Background Thread 3 ] DEBUG Engine               - devShowBBoxProperty: BooleanProperty [value: false]
21:06:38.105 [FXGL Background Thread 3 ] DEBUG Engine               - devShowPositionProperty: BooleanProperty [value: false]
21:06:38.105 [FXGL Background Thread 3 ] DEBUG Engine               - enabledMenuItems: []
21:06:38.105 [FXGL Background Thread 3 ] DEBUG Engine               - engineServices: [class com.almasb.fxgl.app.services.FXGLAssetLoaderService, class com.almasb.fxgl.app.FXGLApplication$GameApplicationService, class com.almasb.fxgl.app.services.FXGLDialogService, class com.almasb.fxgl.app.services.IOTaskExecutorService, class com.almasb.fxgl.io.FileSystemService, class com.almasb.fxgl.localization.LocalizationService, class com.almasb.fxgl.app.services.SystemBundleService, class com.almasb.fxgl.profile.SaveLoadService, class com.almasb.fxgl.ui.FXGLUIFactoryServiceProvider, class com.almasb.fxgl.ui.FXGLDialogFactoryServiceProvider, class com.almasb.fxgl.audio.AudioPlayer, class com.almasb.fxgl.notification.impl.NotificationServiceProvider, class com.almasb.fxgl.achievement.AchievementService, class com.almasb.fxgl.cutscene.CutsceneService, class com.almasb.fxgl.minigames.MiniGameService, class com.almasb.fxgl.net.NetService, class com.almasb.fxgl.app.services.UpdaterService, class com.almasb.fxgl.dev.DevService]
21:06:38.105 [FXGL Background Thread 3 ] DEBUG Engine               - fontGame: Abel-Regular.ttf
21:06:38.105 [FXGL Background Thread 3 ] DEBUG Engine               - fontMono: TerminalLandMono-Regular.otf
21:06:38.105 [FXGL Background Thread 3 ] DEBUG Engine               - fontText: Courier-Prime.ttf
21:06:38.105 [FXGL Background Thread 3 ] DEBUG Engine               - fontUI: VarelaRound-Regular.ttf
21:06:38.105 [FXGL Background Thread 3 ] DEBUG Engine               - fullScreen: BooleanProperty [value: false]
21:06:38.105 [FXGL Background Thread 3 ] DEBUG Engine               - gameDifficulty: MEDIUM
21:06:38.105 [FXGL Background Thread 3 ] DEBUG Engine               - gameDifficultyProperty: ObjectProperty [value: MEDIUM]
21:06:38.105 [FXGL Background Thread 3 ] DEBUG Engine               - globalMusicVolume: 0.5
21:06:38.105 [FXGL Background Thread 3 ] DEBUG Engine               - globalMusicVolumeProperty: DoubleProperty [value: 0.5]
21:06:38.105 [FXGL Background Thread 3 ] DEBUG Engine               - globalSoundVolume: 0.5
21:06:38.105 [FXGL Background Thread 3 ] DEBUG Engine               - globalSoundVolumeProperty: DoubleProperty [value: 0.5]
21:06:38.105 [FXGL Background Thread 3 ] DEBUG Engine               - height: 720
21:06:38.105 [FXGL Background Thread 3 ] DEBUG Engine               - is3D: false
21:06:38.106 [FXGL Background Thread 3 ] DEBUG Engine               - isAndroid: false
21:06:38.106 [FXGL Background Thread 3 ] DEBUG Engine               - isBrowser: false
21:06:38.106 [FXGL Background Thread 3 ] DEBUG Engine               - isClickFeedbackEnabled: false
21:06:38.106 [FXGL Background Thread 3 ] DEBUG Engine               - isCloseConfirmation: false
21:06:38.106 [FXGL Background Thread 3 ] DEBUG Engine               - isDesktop: true
21:06:38.106 [FXGL Background Thread 3 ] DEBUG Engine               - isDeveloperMenuEnabled: false
21:06:38.106 [FXGL Background Thread 3 ] DEBUG Engine               - isEmbedded: false
21:06:38.106 [FXGL Background Thread 3 ] DEBUG Engine               - isEntityPreloadEnabled: true
21:06:38.106 [FXGL Background Thread 3 ] DEBUG Engine               - isExperimentalTiledLargeMap: false
21:06:38.106 [FXGL Background Thread 3 ] DEBUG Engine               - isFileSystemWriteAllowed: true
21:06:38.106 [FXGL Background Thread 3 ] DEBUG Engine               - isFullScreenAllowed: false
21:06:38.106 [FXGL Background Thread 3 ] DEBUG Engine               - isFullScreenFromStart: false
21:06:38.106 [FXGL Background Thread 3 ] DEBUG Engine               - isGameMenuEnabled: true
21:06:38.106 [FXGL Background Thread 3 ] DEBUG Engine               - isIOS: false
21:06:38.106 [FXGL Background Thread 3 ] DEBUG Engine               - isIntroEnabled: false
21:06:38.106 [FXGL Background Thread 3 ] DEBUG Engine               - isLinux: false
21:06:38.106 [FXGL Background Thread 3 ] DEBUG Engine               - isMac: false
21:06:38.106 [FXGL Background Thread 3 ] DEBUG Engine               - isMainMenuEnabled: true
21:06:38.106 [FXGL Background Thread 3 ] DEBUG Engine               - isManualResizeEnabled: false
21:06:38.106 [FXGL Background Thread 3 ] DEBUG Engine               - isMobile: false
21:06:38.106 [FXGL Background Thread 3 ] DEBUG Engine               - isNative: false
21:06:38.106 [FXGL Background Thread 3 ] DEBUG Engine               - isPauseMusicWhenMinimized: true
21:06:38.106 [FXGL Background Thread 3 ] DEBUG Engine               - isPreserveResizeRatio: false
21:06:38.106 [FXGL Background Thread 3 ] DEBUG Engine               - isProfilingEnabled: false
21:06:38.106 [FXGL Background Thread 3 ] DEBUG Engine               - isScaleAffectedOnResize: true
21:06:38.106 [FXGL Background Thread 3 ] DEBUG Engine               - isSingleStep: false
21:06:38.106 [FXGL Background Thread 3 ] DEBUG Engine               - isUserProfileEnabled: false
21:06:38.107 [FXGL Background Thread 3 ] DEBUG Engine               - isWindows: true
21:06:38.107 [FXGL Background Thread 3 ] DEBUG Engine               - language: ObjectProperty [value: ENGLISH]
21:06:38.107 [FXGL Background Thread 3 ] DEBUG Engine               - menuKey: ESCAPE
21:06:38.107 [FXGL Background Thread 3 ] DEBUG Engine               - mouseSensitivity: 0.2
21:06:38.107 [FXGL Background Thread 3 ] DEBUG Engine               - notificationViewClass: class com.almasb.fxgl.notification.view.XboxNotificationView
21:06:38.107 [FXGL Background Thread 3 ] DEBUG Engine               - pixelsPerMeter: 50.0
21:06:38.107 [FXGL Background Thread 3 ] DEBUG Engine               - platform: WINDOWS
21:06:38.107 [FXGL Background Thread 3 ] DEBUG Engine               - prefHeightProperty: ReadOnlyDoubleProperty [value: 720.0]
21:06:38.107 [FXGL Background Thread 3 ] DEBUG Engine               - prefWidthProperty: ReadOnlyDoubleProperty [value: 1280.0]
21:06:38.107 [FXGL Background Thread 3 ] DEBUG Engine               - profileDir: profiles/
21:06:38.107 [FXGL Background Thread 3 ] DEBUG Engine               - profileName: StringProperty [value: DEFAULT]
21:06:38.107 [FXGL Background Thread 3 ] DEBUG Engine               - randomSeed: -1
21:06:38.107 [FXGL Background Thread 3 ] DEBUG Engine               - runtimeInfo: RuntimeInfo(platform=WINDOWS, version=17+dev-SNAPSHOT, build=23.08.2022 11.12)
21:06:38.107 [FXGL Background Thread 3 ] DEBUG Engine               - saveFileExt: sav
21:06:38.107 [FXGL Background Thread 3 ] DEBUG Engine               - scaledHeightProp$fxgl: DoubleProperty [bound, value: 720.0]
21:06:38.107 [FXGL Background Thread 3 ] DEBUG Engine               - scaledWidthProp$fxgl: DoubleProperty [bound, value: 1280.0]
21:06:38.107 [FXGL Background Thread 3 ] DEBUG Engine               - sceneFactory: org.example.GameApp$1@5b4dd251
21:06:38.107 [FXGL Background Thread 3 ] DEBUG Engine               - secondsIn24h: 60
21:06:38.107 [FXGL Background Thread 3 ] DEBUG Engine               - soundMenuBack: menu/back.wav
21:06:38.107 [FXGL Background Thread 3 ] DEBUG Engine               - soundMenuPress: menu/press.wav
21:06:38.107 [FXGL Background Thread 3 ] DEBUG Engine               - soundMenuSelect: menu/select.wav
21:06:38.107 [FXGL Background Thread 3 ] DEBUG Engine               - soundNotification: core/notification.wav
21:06:38.107 [FXGL Background Thread 3 ] DEBUG Engine               - stageStyle: DECORATED
21:06:38.107 [FXGL Background Thread 3 ] DEBUG Engine               - supportedLanguages: [ENGLISH, FRENCH, GERMAN, HUNGARIAN, RUSSIAN]
21:06:38.107 [FXGL Background Thread 3 ] DEBUG Engine               - ticksPerSecond: -1
21:06:38.107 [FXGL Background Thread 3 ] DEBUG Engine               - title: Prototype
21:06:38.107 [FXGL Background Thread 3 ] DEBUG Engine               - urlGithub: https://github.com/AlmasB/FXGL
21:06:38.107 [FXGL Background Thread 3 ] DEBUG Engine               - urlLeaderboard: http://fxgl-top.herokuapp.com/
21:06:38.107 [FXGL Background Thread 3 ] DEBUG Engine               - urlPOM: https://raw.githubusercontent.com/AlmasB/FXGL/release/README.md
21:06:38.107 [FXGL Background Thread 3 ] DEBUG Engine               - userAppClass: class org.example.GameApp
21:06:38.107 [FXGL Background Thread 3 ] DEBUG Engine               - version: 0.1.5
21:06:38.107 [FXGL Background Thread 3 ] DEBUG Engine               - versionCheckDays: 7
21:06:38.107 [FXGL Background Thread 3 ] DEBUG Engine               - width: 1280
21:06:38.107 [FXGL Background Thread 3 ] DEBUG Engine               - Logging services
21:06:38.107 [FXGL Background Thread 3 ] DEBUG Engine               - class com.almasb.fxgl.app.services.FXGLAssetLoaderService
21:06:38.107 [FXGL Background Thread 3 ] DEBUG Engine               - class com.almasb.fxgl.app.FXGLApplication$GameApplicationService
21:06:38.107 [FXGL Background Thread 3 ] DEBUG Engine               - class com.almasb.fxgl.app.services.FXGLDialogService
21:06:38.108 [FXGL Background Thread 3 ] DEBUG Engine               - class com.almasb.fxgl.app.services.IOTaskExecutorService
21:06:38.108 [FXGL Background Thread 3 ] DEBUG Engine               - class com.almasb.fxgl.io.FileSystemService
21:06:38.108 [FXGL Background Thread 3 ] DEBUG Engine               - class com.almasb.fxgl.localization.LocalizationService
21:06:38.108 [FXGL Background Thread 3 ] DEBUG Engine               - class com.almasb.fxgl.app.services.SystemBundleService
21:06:38.108 [FXGL Background Thread 3 ] DEBUG Engine               - class com.almasb.fxgl.profile.SaveLoadService
21:06:38.108 [FXGL Background Thread 3 ] DEBUG Engine               - class com.almasb.fxgl.ui.FXGLUIFactoryServiceProvider
21:06:38.108 [FXGL Background Thread 3 ] DEBUG Engine               - class com.almasb.fxgl.ui.FXGLDialogFactoryServiceProvider
21:06:38.108 [FXGL Background Thread 3 ] DEBUG Engine               - class com.almasb.fxgl.audio.AudioPlayer
21:06:38.108 [FXGL Background Thread 3 ] DEBUG Engine               - class com.almasb.fxgl.notification.impl.NotificationServiceProvider
21:06:38.108 [FXGL Background Thread 3 ] DEBUG Engine               - class com.almasb.fxgl.achievement.AchievementService
21:06:38.108 [FXGL Background Thread 3 ] DEBUG Engine               - class com.almasb.fxgl.cutscene.CutsceneService
21:06:38.108 [FXGL Background Thread 3 ] DEBUG Engine               - class com.almasb.fxgl.minigames.MiniGameService
21:06:38.108 [FXGL Background Thread 3 ] DEBUG Engine               - class com.almasb.fxgl.net.NetService
21:06:38.108 [FXGL Background Thread 3 ] DEBUG Engine               - class com.almasb.fxgl.app.services.UpdaterService
21:06:38.108 [FXGL Background Thread 3 ] DEBUG Engine               - class com.almasb.fxgl.dev.DevService
21:06:38.451 [JavaFX Application Thread] DEBUG Menu                 - fireNewGame()
21:06:38.451 [JavaFX Application Thread] DEBUG GameApplicationServi - Starting new game
21:06:38.451 [JavaFX Application Thread] DEBUG PrimaryStageWindow   - Pop state: NameInputScene
21:06:38.451 [JavaFX Application Thread] DEBUG Input                - Clearing active input actions
21:06:38.452 [JavaFX Application Thread] DEBUG GameApplicationServi - Removing overlay from NameInputScene and adding to FXGLMainMenuDummyScene
21:06:38.452 [JavaFX Application Thread] DEBUG PrimaryStageWindow   - FXGLMainMenuDummyScene <- NameInputScene
21:06:38.452 [JavaFX Application Thread] DEBUG Input                - Clearing active input actions
21:06:38.457 [JavaFX Application Thread] DEBUG GameApplicationServi - Removing overlay from FXGLMainMenuDummyScene and adding to FXGLLoadingScene
21:06:38.457 [JavaFX Application Thread] DEBUG PrimaryStageWindow   - FXGLMainMenuDummyScene -> FXGLLoadingScene
21:06:38.457 [JavaFX Application Thread] DEBUG GameApplicationServi - Clearing previous game
21:06:38.457 [JavaFX Application Thread] DEBUG GameScene            - Clearing game scene
21:06:38.457 [JavaFX Application Thread] DEBUG GameWorld            - Clearing game world
21:06:38.457 [JavaFX Application Thread] DEBUG PhysicsWorld         - Clearing physics world
21:06:38.458 [FXGL Background Thread 2 ] DEBUG FXGLApplication      - Initializing game
21:06:38.459 [FXGL Background Thread 2 ] DEBUG Input                - Clearing active input actions
21:06:38.466 [FXGL Background Thread 2 ] DEBUG FXGLAssetLoaderServi - Loading from file system: file:/F:/my%20files/School/2nd%20year%202nd%20sem/TheOnlyException/Test/target/classes/assets/textures/dasd.png
21:06:38.482 [FXGL Background Thread 2 ] DEBUG FXGLAssetLoaderServi - Loading from file system: file:/F:/my%20files/School/2nd%20year%202nd%20sem/TheOnlyException/Test/target/classes/assets/textures/player-scaled.png
21:06:38.515 [FXGL Background Thread 2 ] INFO  FXGLApplication      - Game initialization took: 0.057 sec
21:06:38.515 [JavaFX Application Thread] DEBUG Input                - Clearing active input actions
21:06:38.520 [JavaFX Application Thread] DEBUG GameApplicationServi - Removing overlay from FXGLLoadingScene and adding to GameScene
21:06:38.520 [JavaFX Application Thread] DEBUG PrimaryStageWindow   - FXGLLoadingScene -> GameScene
21:06:39.009 [JavaFX Application Thread] DEBUG FXGLAssetLoaderServi - Loading from file system: file:/F:/my%20files/School/2nd%20year%202nd%20sem/TheOnlyException/Test/target/classes/assets/textures/MaggotWalk-scaled.png
21:06:39.455 [JavaFX Application Thread] DEBUG FXGLAssetLoaderServi - Loading from file system: file:/F:/my%20files/School/2nd%20year%202nd%20sem/TheOnlyException/Test/target/classes/assets/textures/BeetleMove-scaled.png
21:06:39.969 [JavaFX Application Thread] DEBUG FXGLAssetLoaderServi - Loading from file system: file:/F:/my%20files/School/2nd%20year%202nd%20sem/TheOnlyException/Test/target/classes/assets/textures/MantisMove-scaled.png
21:06:44.165 [JavaFX Application Thread] DEBUG PrimaryStageWindow   - Push state: DialogSubScene
21:06:44.165 [JavaFX Application Thread] DEBUG Input                - Clearing active input actions
21:06:44.166 [JavaFX Application Thread] DEBUG GameApplicationServi - Removing overlay from GameScene and adding to DialogSubScene
21:06:44.166 [JavaFX Application Thread] DEBUG PrimaryStageWindow   - GameScene -> DialogSubScene
21:06:45.000 [JavaFX Application Thread] DEBUG PrimaryStageWindow   - Pop state: DialogSubScene
21:06:45.000 [JavaFX Application Thread] DEBUG Input                - Clearing active input actions
21:06:45.000 [JavaFX Application Thread] DEBUG GameApplicationServi - Removing overlay from DialogSubScene and adding to GameScene
21:06:45.000 [JavaFX Application Thread] DEBUG PrimaryStageWindow   - GameScene <- DialogSubScene
21:06:47.763 [JavaFX Application Thread] DEBUG PrimaryStageWindow   - Push state: DialogSubScene
21:06:47.763 [JavaFX Application Thread] DEBUG Input                - Clearing active input actions
21:06:47.763 [JavaFX Application Thread] DEBUG GameApplicationServi - Removing overlay from GameScene and adding to DialogSubScene
21:06:47.763 [JavaFX Application Thread] DEBUG PrimaryStageWindow   - GameScene -> DialogSubScene
21:06:48.610 [JavaFX Application Thread] DEBUG PrimaryStageWindow   - Pop state: DialogSubScene
21:06:48.610 [JavaFX Application Thread] DEBUG Input                - Clearing active input actions
21:06:48.611 [JavaFX Application Thread] DEBUG GameApplicationServi - Removing overlay from DialogSubScene and adding to GameScene
21:06:48.611 [JavaFX Application Thread] DEBUG PrimaryStageWindow   - GameScene <- DialogSubScene
21:06:49.904 [JavaFX Application Thread] DEBUG FXGLAssetLoaderServi - Loading from file system: file:/F:/my%20files/School/2nd%20year%202nd%20sem/TheOnlyException/Test/target/classes/assets/textures/lightning_strike.png
21:06:54.925 [JavaFX Application Thread] DEBUG PrimaryStageWindow   - Push state: DialogSubScene
21:06:54.925 [JavaFX Application Thread] DEBUG Input                - Clearing active input actions
21:06:54.926 [JavaFX Application Thread] DEBUG GameApplicationServi - Removing overlay from GameScene and adding to DialogSubScene
21:06:54.926 [JavaFX Application Thread] DEBUG PrimaryStageWindow   - GameScene -> DialogSubScene
21:06:56.009 [JavaFX Application Thread] DEBUG PrimaryStageWindow   - Pop state: DialogSubScene
21:06:56.009 [JavaFX Application Thread] DEBUG Input                - Clearing active input actions
21:06:56.010 [JavaFX Application Thread] DEBUG GameApplicationServi - Removing overlay from DialogSubScene and adding to GameScene
21:06:56.010 [JavaFX Application Thread] DEBUG PrimaryStageWindow   - GameScene <- DialogSubScene
21:07:00.001 [JavaFX Application Thread] DEBUG PrimaryStageWindow   - Push state: DialogSubScene
21:07:00.001 [JavaFX Application Thread] DEBUG Input                - Clearing active input actions
21:07:00.001 [JavaFX Application Thread] DEBUG GameApplicationServi - Removing overlay from GameScene and adding to DialogSubScene
21:07:00.001 [JavaFX Application Thread] DEBUG PrimaryStageWindow   - GameScene -> DialogSubScene
21:07:01.384 [JavaFX Application Thread] DEBUG PrimaryStageWindow   - Pop state: DialogSubScene
21:07:01.385 [JavaFX Application Thread] DEBUG Input                - Clearing active input actions
21:07:01.385 [JavaFX Application Thread] DEBUG GameApplicationServi - Removing overlay from DialogSubScene and adding to GameScene
21:07:01.385 [JavaFX Application Thread] DEBUG PrimaryStageWindow   - GameScene <- DialogSubScene
21:07:13.582 [JavaFX Application Thread] DEBUG PrimaryStageWindow   - Push state: DialogSubScene
21:07:13.582 [JavaFX Application Thread] DEBUG Input                - Clearing active input actions
21:07:13.582 [JavaFX Application Thread] DEBUG GameApplicationServi - Removing overlay from GameScene and adding to DialogSubScene
21:07:13.583 [JavaFX Application Thread] DEBUG PrimaryStageWindow   - GameScene -> DialogSubScene
21:07:14.895 [JavaFX Application Thread] DEBUG PrimaryStageWindow   - Pop state: DialogSubScene
21:07:14.895 [JavaFX Application Thread] DEBUG Input                - Clearing active input actions
21:07:14.895 [JavaFX Application Thread] DEBUG GameApplicationServi - Removing overlay from DialogSubScene and adding to GameScene
21:07:14.895 [JavaFX Application Thread] DEBUG PrimaryStageWindow   - GameScene <- DialogSubScene
21:07:34.490 [JavaFX Application Thread] DEBUG PrimaryStageWindow   - Push state: DialogSubScene
21:07:34.490 [JavaFX Application Thread] DEBUG Input                - Clearing active input actions
21:07:34.491 [JavaFX Application Thread] DEBUG GameApplicationServi - Removing overlay from GameScene and adding to DialogSubScene
21:07:34.491 [JavaFX Application Thread] DEBUG PrimaryStageWindow   - GameScene -> DialogSubScene
21:07:35.310 [JavaFX Application Thread] DEBUG PrimaryStageWindow   - Pop state: DialogSubScene
21:07:35.310 [JavaFX Application Thread] DEBUG Input                - Clearing active input actions
21:07:35.310 [JavaFX Application Thread] DEBUG GameApplicationServi - Removing overlay from DialogSubScene and adding to GameScene
21:07:35.310 [JavaFX Application Thread] DEBUG PrimaryStageWindow   - GameScene <- DialogSubScene
21:07:52.366 [JavaFX Application Thread] DEBUG PrimaryStageWindow   - Push state: DialogSubScene
21:07:52.366 [JavaFX Application Thread] DEBUG Input                - Clearing active input actions
21:07:52.366 [JavaFX Application Thread] DEBUG GameApplicationServi - Removing overlay from GameScene and adding to DialogSubScene
21:07:52.366 [JavaFX Application Thread] DEBUG PrimaryStageWindow   - GameScene -> DialogSubScene
21:07:53.294 [JavaFX Application Thread] DEBUG PrimaryStageWindow   - Pop state: DialogSubScene
21:07:53.294 [JavaFX Application Thread] DEBUG Input                - Clearing active input actions
21:07:53.294 [JavaFX Application Thread] DEBUG GameApplicationServi - Removing overlay from DialogSubScene and adding to GameScene
21:07:53.294 [JavaFX Application Thread] DEBUG PrimaryStageWindow   - GameScene <- DialogSubScene
21:07:53.296 [JavaFX Application Thread] DEBUG Input                - Clearing active input actions
21:07:53.371 [JavaFX Application Thread] DEBUG Input                - Clearing active input actions
21:07:53.373 [JavaFX Application Thread] DEBUG GameApplicationServi - Removing overlay from GameScene and adding to FXGLMainMenuDummyScene
21:07:53.373 [JavaFX Application Thread] DEBUG PrimaryStageWindow   - GameScene -> FXGLMainMenuDummyScene
21:07:53.373 [JavaFX Application Thread] DEBUG PrimaryStageWindow   - Push state: NameInputScene
21:07:53.373 [JavaFX Application Thread] DEBUG Input                - Clearing active input actions
21:07:53.375 [JavaFX Application Thread] DEBUG GameApplicationServi - Removing overlay from FXGLMainMenuDummyScene and adding to NameInputScene
21:07:53.375 [JavaFX Application Thread] DEBUG PrimaryStageWindow   - FXGLMainMenuDummyScene -> NameInputScene
21:07:54.413 [JavaFX Application Thread] DEBUG Menu                 - fireNewGame()
21:07:54.413 [JavaFX Application Thread] DEBUG GameApplicationServi - Starting new game
21:07:54.413 [JavaFX Application Thread] DEBUG PrimaryStageWindow   - Pop state: NameInputScene
21:07:54.413 [JavaFX Application Thread] DEBUG Input                - Clearing active input actions
21:07:54.413 [JavaFX Application Thread] DEBUG GameApplicationServi - Removing overlay from NameInputScene and adding to FXGLMainMenuDummyScene
21:07:54.413 [JavaFX Application Thread] DEBUG PrimaryStageWindow   - FXGLMainMenuDummyScene <- NameInputScene
21:07:54.413 [JavaFX Application Thread] DEBUG Input                - Clearing active input actions
21:07:54.415 [JavaFX Application Thread] DEBUG GameApplicationServi - Removing overlay from FXGLMainMenuDummyScene and adding to FXGLLoadingScene
21:07:54.415 [JavaFX Application Thread] DEBUG PrimaryStageWindow   - FXGLMainMenuDummyScene -> FXGLLoadingScene
21:07:54.415 [JavaFX Application Thread] DEBUG GameApplicationServi - Clearing previous game
21:07:54.415 [JavaFX Application Thread] DEBUG GameScene            - Clearing game scene
21:07:54.415 [JavaFX Application Thread] DEBUG GameWorld            - Clearing game world
21:07:54.415 [JavaFX Application Thread] DEBUG PhysicsWorld         - Clearing physics world
21:07:54.416 [FXGL Background Thread 5 ] DEBUG FXGLApplication      - Initializing game
21:07:54.416 [FXGL Background Thread 5 ] DEBUG Input                - Clearing active input actions
21:07:54.419 [FXGL Background Thread 5 ] INFO  FXGLApplication      - Game initialization took: 0.003 sec
21:07:54.419 [JavaFX Application Thread] DEBUG Input                - Clearing active input actions
21:07:54.421 [JavaFX Application Thread] DEBUG GameApplicationServi - Removing overlay from FXGLLoadingScene and adding to GameScene
21:07:54.421 [JavaFX Application Thread] DEBUG PrimaryStageWindow   - FXGLLoadingScene -> GameScene
21:07:58.799 [JavaFX Application Thread] DEBUG PrimaryStageWindow   - Push state: DialogSubScene
21:07:58.799 [JavaFX Application Thread] DEBUG Input                - Clearing active input actions
21:07:58.799 [JavaFX Application Thread] DEBUG GameApplicationServi - Removing overlay from GameScene and adding to DialogSubScene
21:07:58.799 [JavaFX Application Thread] DEBUG PrimaryStageWindow   - GameScene -> DialogSubScene
21:07:59.668 [JavaFX Application Thread] DEBUG PrimaryStageWindow   - Pop state: DialogSubScene
21:07:59.668 [JavaFX Application Thread] DEBUG Input                - Clearing active input actions
21:07:59.668 [JavaFX Application Thread] DEBUG GameApplicationServi - Removing overlay from DialogSubScene and adding to GameScene
21:07:59.668 [JavaFX Application Thread] DEBUG PrimaryStageWindow   - GameScene <- DialogSubScene
21:08:09.752 [JavaFX Application Thread] DEBUG PrimaryStageWindow   - Push state: DialogSubScene
21:08:09.752 [JavaFX Application Thread] DEBUG Input                - Clearing active input actions
21:08:09.752 [JavaFX Application Thread] DEBUG GameApplicationServi - Removing overlay from GameScene and adding to DialogSubScene
21:08:09.752 [JavaFX Application Thread] DEBUG PrimaryStageWindow   - GameScene -> DialogSubScene
21:08:10.533 [JavaFX Application Thread] DEBUG PrimaryStageWindow   - Pop state: DialogSubScene
21:08:10.533 [JavaFX Application Thread] DEBUG Input                - Clearing active input actions
21:08:10.533 [JavaFX Application Thread] DEBUG GameApplicationServi - Removing overlay from DialogSubScene and adding to GameScene
21:08:10.533 [JavaFX Application Thread] DEBUG PrimaryStageWindow   - GameScene <- DialogSubScene
21:08:14.638 [JavaFX Application Thread] DEBUG PrimaryStageWindow   - Push state: DialogSubScene
21:08:14.638 [JavaFX Application Thread] DEBUG Input                - Clearing active input actions
21:08:14.639 [JavaFX Application Thread] DEBUG GameApplicationServi - Removing overlay from GameScene and adding to DialogSubScene
21:08:14.639 [JavaFX Application Thread] DEBUG PrimaryStageWindow   - GameScene -> DialogSubScene
21:08:15.674 [JavaFX Application Thread] DEBUG PrimaryStageWindow   - Pop state: DialogSubScene
21:08:15.674 [JavaFX Application Thread] DEBUG Input                - Clearing active input actions
21:08:15.674 [JavaFX Application Thread] DEBUG GameApplicationServi - Removing overlay from DialogSubScene and adding to GameScene
21:08:15.674 [JavaFX Application Thread] DEBUG PrimaryStageWindow   - GameScene <- DialogSubScene
21:08:19.137 [JavaFX Application Thread] DEBUG PrimaryStageWindow   - Push state: DialogSubScene
21:08:19.137 [JavaFX Application Thread] DEBUG Input                - Clearing active input actions
21:08:19.137 [JavaFX Application Thread] DEBUG GameApplicationServi - Removing overlay from GameScene and adding to DialogSubScene
21:08:19.137 [JavaFX Application Thread] DEBUG PrimaryStageWindow   - GameScene -> DialogSubScene
21:08:19.778 [JavaFX Application Thread] DEBUG PrimaryStageWindow   - Pop state: DialogSubScene
21:08:19.778 [JavaFX Application Thread] DEBUG Input                - Clearing active input actions
21:08:19.778 [JavaFX Application Thread] DEBUG GameApplicationServi - Removing overlay from DialogSubScene and adding to GameScene
21:08:19.778 [JavaFX Application Thread] DEBUG PrimaryStageWindow   - GameScene <- DialogSubScene
21:08:29.944 [JavaFX Application Thread] DEBUG PrimaryStageWindow   - Push state: DialogSubScene
21:08:29.944 [JavaFX Application Thread] DEBUG Input                - Clearing active input actions
21:08:29.944 [JavaFX Application Thread] DEBUG GameApplicationServi - Removing overlay from GameScene and adding to DialogSubScene
21:08:29.944 [JavaFX Application Thread] DEBUG PrimaryStageWindow   - GameScene -> DialogSubScene
21:08:30.488 [JavaFX Application Thread] DEBUG PrimaryStageWindow   - Pop state: DialogSubScene
21:08:30.488 [JavaFX Application Thread] DEBUG Input                - Clearing active input actions
21:08:30.488 [JavaFX Application Thread] DEBUG GameApplicationServi - Removing overlay from DialogSubScene and adding to GameScene
21:08:30.488 [JavaFX Application Thread] DEBUG PrimaryStageWindow   - GameScene <- DialogSubScene
21:08:45.520 [JavaFX Application Thread] DEBUG PrimaryStageWindow   - Push state: DialogSubScene
21:08:45.520 [JavaFX Application Thread] DEBUG Input                - Clearing active input actions
21:08:45.520 [JavaFX Application Thread] DEBUG GameApplicationServi - Removing overlay from GameScene and adding to DialogSubScene
21:08:45.520 [JavaFX Application Thread] DEBUG PrimaryStageWindow   - GameScene -> DialogSubScene
21:08:46.380 [JavaFX Application Thread] DEBUG PrimaryStageWindow   - Pop state: DialogSubScene
21:08:46.380 [JavaFX Application Thread] DEBUG Input                - Clearing active input actions
21:08:46.380 [JavaFX Application Thread] DEBUG GameApplicationServi - Removing overlay from DialogSubScene and adding to GameScene
21:08:46.380 [JavaFX Application Thread] DEBUG PrimaryStageWindow   - GameScene <- DialogSubScene
21:08:46.666 [JavaFX Application Thread] DEBUG PrimaryStageWindow   - Push state: DialogSubScene
21:08:46.666 [JavaFX Application Thread] DEBUG Input                - Clearing active input actions
21:08:46.666 [JavaFX Application Thread] DEBUG GameApplicationServi - Removing overlay from GameScene and adding to DialogSubScene
21:08:46.666 [JavaFX Application Thread] DEBUG PrimaryStageWindow   - GameScene -> DialogSubScene
21:08:47.656 [JavaFX Application Thread] DEBUG PrimaryStageWindow   - Pop state: DialogSubScene
21:08:47.656 [JavaFX Application Thread] DEBUG Input                - Clearing active input actions
21:08:47.656 [JavaFX Application Thread] DEBUG GameApplicationServi - Removing overlay from DialogSubScene and adding to GameScene
21:08:47.656 [JavaFX Application Thread] DEBUG PrimaryStageWindow   - GameScene <- DialogSubScene
21:08:47.656 [JavaFX Application Thread] DEBUG Input                - Clearing active input actions
21:08:47.707 [JavaFX Application Thread] DEBUG Input                - Clearing active input actions
21:08:47.708 [JavaFX Application Thread] DEBUG GameApplicationServi - Removing overlay from GameScene and adding to FXGLMainMenuDummyScene
21:08:47.708 [JavaFX Application Thread] DEBUG PrimaryStageWindow   - GameScene -> FXGLMainMenuDummyScene
21:08:47.708 [JavaFX Application Thread] DEBUG PrimaryStageWindow   - Push state: NameInputScene
21:08:47.708 [JavaFX Application Thread] DEBUG Input                - Clearing active input actions
21:08:47.709 [JavaFX Application Thread] DEBUG GameApplicationServi - Removing overlay from FXGLMainMenuDummyScene and adding to NameInputScene
21:08:47.709 [JavaFX Application Thread] DEBUG PrimaryStageWindow   - FXGLMainMenuDummyScene -> NameInputScene
21:08:49.103 [JavaFX Application Thread] DEBUG FXGLApplication      - Exiting FXGL
21:08:49.103 [JavaFX Application Thread] DEBUG LoopRunner           - Stopping loop
21:08:49.103 [JavaFX Application Thread] DEBUG SystemBundleService  - Saving FXGL system data
21:08:49.104 [JavaFX Application Thread] DEBUG FileSystemAccess     - Writing to: F:\my files\School\2nd year 2nd sem\TheOnlyException\system\fxgl.bundle
21:08:49.513 [JavaFX Application Thread] DEBUG Async                - Shutting down background threads
21:08:49.514 [JavaFX Application Thread] DEBUG PrimaryStageWindow   - Closing main window
21:08:49.525 [JavaFX Application Thread] DEBUG Logger               - Closing Logger
