01:13:05.898 [main                     ] DEBUG Logger               - Configured Logger
01:13:05.901 [main                     ] DEBUG GameApplication      - Logging settings
Title: Prototype Game
Version: 0.1.5
Width: 1280
Height: 720
Fullscreen: false
Intro: false
Profiling: false
Single step:false
App Mode: DEVELOPER
Menu Key: ESCAPE
Stage Style: DECORATED
Scene Factory: class org.example.core.GameApp$1

01:13:06.010 [JavaFX Application Thread] DEBUG FXGLApplication      - Initializing FXGL
01:13:06.012 [JavaFX Application Thread] INFO  Engine               - FXGL-21+dev-SNAPSHOT (26.03.2024 19.46) on WINDOWS (J:24 FX:21.0.1)
01:13:06.012 [JavaFX Application Thread] DEBUG Engine               - JRE Vendor Name: Oracle Corporation
01:13:06.012 [JavaFX Application Thread] DEBUG Engine               - Running on OS: Windows 11 version 10.0
01:13:06.012 [JavaFX Application Thread] DEBUG Engine               - Architecture: amd64
01:13:06.012 [JavaFX Application Thread] INFO  Engine               - Source code and latest versions at: https://github.com/AlmasB/FXGL
01:13:06.012 [JavaFX Application Thread] INFO  Engine               -       Ask questions and discuss at: https://github.com/AlmasB/FXGL/discussions
01:13:06.012 [JavaFX Application Thread] INFO  Engine               -              Join the FXGL chat at: https://gitter.im/AlmasB/FXGL
01:13:06.098 [JavaFX Application Thread] DEBUG PrimaryStageWindow   - Creating a JavaFX scene
01:13:06.126 [JavaFX Application Thread] DEBUG PrimaryStageWindow   - Target settings size: 1280.0 x 720.0
01:13:06.127 [JavaFX Application Thread] DEBUG PrimaryStageWindow   - Scaled scene size:    1280.0 x 720.0
01:13:06.127 [JavaFX Application Thread] DEBUG PrimaryStageWindow   - Scaled ratio: (1.0, 1.0)
01:13:06.127 [JavaFX Application Thread] DEBUG PrimaryStageWindow   - Set initial scene to FXGLStartupScene
01:13:06.130 [JavaFX Application Thread] DEBUG PrimaryStageWindow   - Opening main window
01:13:06.214 [JavaFX Application Thread] DEBUG PrimaryStageWindow   - Window border size: (16.0, 39.0)
01:13:06.214 [JavaFX Application Thread] DEBUG PrimaryStageWindow   - Scaled size: 1280.0 x 720.0
01:13:06.214 [JavaFX Application Thread] DEBUG PrimaryStageWindow   - Scaled ratio: (1.0, 1.0)
01:13:06.214 [JavaFX Application Thread] DEBUG PrimaryStageWindow   - Scene size: 1280.0 x 720.0
01:13:06.214 [JavaFX Application Thread] DEBUG PrimaryStageWindow   - Stage size: 1296.0 x 759.0
01:13:06.219 [FXGL Background Thread 1 ] DEBUG Engine               - Initializing environment variables
01:13:06.262 [FXGL Background Thread 1 ] DEBUG FXGLAssetLoaderServi - User app class for loading assets: class org.example.core.GameApp
01:13:06.262 [FXGL Background Thread 1 ] DEBUG GameApplicationServi - Applying CSS: fxgl_dark.css
01:13:06.262 [FXGL Background Thread 1 ] DEBUG FXGLAssetLoaderServi - Loading from file system: jar:file:/C:/Users/primzcm/.m2/repository/com/github/almasb/fxgl/fxgl/21.1/fxgl-21.1.jar!/fxglassets/ui/css/fxgl_dark.css
01:13:06.298 [FXGL Background Thread 1 ] DEBUG GameApplicationServi - Initializing application scenes
01:13:06.318 [FXGL Background Thread 1 ] DEBUG GameWorld            - Game world initialized
01:13:06.365 [FXGL Background Thread 1 ] DEBUG PhysicsWorld         - Physics world initialized: appHeight=720, physics.ppm=50.0
01:13:06.366 [FXGL Background Thread 1 ] DEBUG PhysicsWorld         - Using strategy: BRUTE_FORCE
01:13:06.368 [FXGL Background Thread 1 ] DEBUG GameScene            - Game scene initialized: 1280x720
01:13:06.566 [FXGL Background Thread 1 ] DEBUG GameApplicationServi - Application scenes initialized
01:13:06.577 [FXGL Background Thread 1 ] DEBUG SystemBundleService  - Loading FXGL system data
01:13:06.580 [FXGL Background Thread 1 ] DEBUG FileSystemAccess     - Reading from: F:\my files\School\2nd year 2nd sem\TheOnlyException\system\fxgl.bundle
01:13:06.586 [FXGL Background Thread 1 ] DEBUG SystemBundleService  - Bundle FXGL: {}
01:13:06.586 [FXGL Background Thread 1 ] DEBUG UpdaterService       - Checking for updates
01:13:06.590 [FXGL Background Thread 4 ] DEBUG FXGLApplication      - Loading fonts
01:13:06.591 [FXGL Background Thread 4 ] DEBUG FXGLAssetLoaderServi - Loading from file system: jar:file:/C:/Users/primzcm/.m2/repository/com/github/almasb/fxgl/fxgl/21.1/fxgl-21.1.jar!/fxglassets/ui/fonts/VarelaRound-Regular.ttf
01:13:06.591 [FXGL Background Thread 1 ] DEBUG FXGLApplication      - Loading default localization
01:13:06.592 [FXGL Background Thread 1 ] DEBUG FXGLAssetLoaderServi - Loading from file system: jar:file:/C:/Users/primzcm/.m2/repository/com/github/almasb/fxgl/fxgl/21.1/fxgl-21.1.jar!/fxglassets/languages/english.lang
01:13:06.594 [FXGL Background Thread 4 ] DEBUG FXGLAssetLoaderServi - Loading from file system: jar:file:/C:/Users/primzcm/.m2/repository/com/github/almasb/fxgl/fxgl/21.1/fxgl-21.1.jar!/fxglassets/ui/fonts/Abel-Regular.ttf
01:13:06.595 [FXGL Background Thread 4 ] DEBUG FXGLAssetLoaderServi - Loading from file system: jar:file:/C:/Users/primzcm/.m2/repository/com/github/almasb/fxgl/fxgl/21.1/fxgl-21.1.jar!/fxglassets/ui/fonts/TerminalLandMono-Regular.otf
01:13:06.598 [FXGL Background Thread 4 ] DEBUG FXGLAssetLoaderServi - Loading from file system: jar:file:/C:/Users/primzcm/.m2/repository/com/github/almasb/fxgl/fxgl/21.1/fxgl-21.1.jar!/fxglassets/ui/fonts/Courier-Prime.ttf
01:13:06.602 [JavaFX Application Thread] DEBUG FXGLApplication      - Registering font factories with UI factory
01:13:06.612 [FXGL Background Thread 1 ] INFO  FXGLApplication      - FXGL initialization took: 0.393 sec
01:13:06.619 [JavaFX Application Thread] DEBUG Input                - Registered new binding: action0 - A
01:13:06.620 [JavaFX Application Thread] DEBUG Input                - Registered new binding: action1 - D
01:13:06.620 [JavaFX Application Thread] DEBUG Input                - Registered new binding: action2 - W
01:13:06.620 [JavaFX Application Thread] DEBUG Input                - Registered new binding: action3 - S
01:13:06.621 [JavaFX Application Thread] DEBUG Input                - Registered new binding: action4 - Esc
01:13:06.621 [JavaFX Application Thread] DEBUG FXGLAssetLoaderServi - Loading from file system: jar:file:/C:/Users/primzcm/.m2/repository/com/github/almasb/fxgl/fxgl/21.1/fxgl-21.1.jar!/fxglassets/textures/fxgl_icon.png
01:13:06.673 [JavaFX Application Thread] DEBUG FXGLAssetLoaderServi - Loading from file system: jar:file:/C:/Users/primzcm/.m2/repository/com/github/almasb/fxgl/fxgl/21.1/fxgl-21.1.jar!/fxglassets/textures/fxgl_default_cursor.png
01:13:06.675 [JavaFX Application Thread] DEBUG Input                - Registered new binding: Screenshot - CTRL+8
01:13:06.676 [JavaFX Application Thread] DEBUG Input                - Registered new binding: System info dump - CTRL+9
01:13:06.676 [JavaFX Application Thread] DEBUG Input                - Registered new binding: Restart - CTRL+R
01:13:06.677 [JavaFX Application Thread] DEBUG Input                - Registered new binding: Toggle Debug Camera - CTRL+7
01:13:06.682 [JavaFX Application Thread] DEBUG LoopRunner           - Starting loop
01:13:06.682 [JavaFX Application Thread] DEBUG LoopRunner           - Initializing JavaFX AnimationTimerLoop
01:13:06.685 [JavaFX Application Thread] DEBUG Input                - Clearing active input actions
01:13:06.691 [JavaFX Application Thread] DEBUG GameApplicationServi - Removing overlay from FXGLStartupScene and adding to FXGLMainMenuDummyScene
01:13:06.691 [JavaFX Application Thread] DEBUG PrimaryStageWindow   - FXGLStartupScene -> FXGLMainMenuDummyScene
01:13:06.691 [JavaFX Application Thread] DEBUG PrimaryStageWindow   - Push state: LoginScene
01:13:06.692 [JavaFX Application Thread] DEBUG Input                - Clearing active input actions
01:13:06.713 [JavaFX Application Thread] DEBUG GameApplicationServi - Removing overlay from FXGLMainMenuDummyScene and adding to LoginScene
01:13:06.714 [JavaFX Application Thread] DEBUG PrimaryStageWindow   - FXGLMainMenuDummyScene -> LoginScene
01:13:06.990 [FXGL Background Thread 2 ] INFO  UpdaterService       - Your current version:  21+dev-SNAPSHOT
01:13:06.990 [FXGL Background Thread 2 ] INFO  UpdaterService       - Latest stable version: 21.1
01:13:09.085 [JavaFX Application Thread] DEBUG GameWorld            - Game world initialized
01:13:09.085 [JavaFX Application Thread] DEBUG PhysicsWorld         - Physics world initialized: appHeight=720, physics.ppm=50.0
01:13:09.085 [JavaFX Application Thread] DEBUG PhysicsWorld         - Using strategy: BRUTE_FORCE
01:13:09.086 [JavaFX Application Thread] DEBUG GameScene            - Game scene initialized: 1280x720
01:13:09.104 [JavaFX Application Thread] DEBUG PrimaryStageWindow   - Push state: MainMenuScene
01:13:09.136 [JavaFX Application Thread] DEBUG Input                - Clearing active input actions
01:13:09.141 [JavaFX Application Thread] DEBUG GameApplicationServi - Removing overlay from LoginScene and adding to MainMenuScene
01:13:09.141 [JavaFX Application Thread] DEBUG PrimaryStageWindow   - LoginScene -> MainMenuScene
01:13:09.142 [JavaFX Application Thread] DEBUG GameWorld            - Game world initialized
01:13:09.142 [JavaFX Application Thread] DEBUG PhysicsWorld         - Physics world initialized: appHeight=720, physics.ppm=50.0
01:13:09.142 [JavaFX Application Thread] DEBUG PhysicsWorld         - Using strategy: BRUTE_FORCE
01:13:09.143 [JavaFX Application Thread] DEBUG GameScene            - Game scene initialized: 1280x720
01:13:09.154 [JavaFX Application Thread] DEBUG PrimaryStageWindow   - Push state: MainMenuScene
01:13:09.184 [JavaFX Application Thread] DEBUG Input                - Clearing active input actions
01:13:09.185 [JavaFX Application Thread] DEBUG GameApplicationServi - Removing overlay from MainMenuScene and adding to MainMenuScene
01:13:09.185 [JavaFX Application Thread] DEBUG PrimaryStageWindow   - MainMenuScene -> MainMenuScene
01:13:09.590 [FXGL Background Thread 3 ] DEBUG Engine               - Logging environment variables
01:13:09.590 [FXGL Background Thread 3 ] DEBUG Engine               - achievements: []
01:13:09.590 [FXGL Background Thread 3 ] DEBUG Engine               - actualHeight: 720.0
01:13:09.590 [FXGL Background Thread 3 ] DEBUG Engine               - actualHeightProperty: ReadOnlyDoubleProperty [value: 720.0]
01:13:09.590 [FXGL Background Thread 3 ] DEBUG Engine               - actualWidth: 1280.0
01:13:09.590 [FXGL Background Thread 3 ] DEBUG Engine               - actualWidthProperty: ReadOnlyDoubleProperty [value: 1280.0]
01:13:09.590 [FXGL Background Thread 3 ] DEBUG Engine               - appIcon: fxgl_icon.png
01:13:09.590 [FXGL Background Thread 3 ] DEBUG Engine               - applicationMode: DEVELOPER
01:13:09.590 [FXGL Background Thread 3 ] DEBUG Engine               - cSSList: [fxgl_dark.css]
01:13:09.590 [FXGL Background Thread 3 ] DEBUG Engine               - collisionDetectionStrategy: BRUTE_FORCE
01:13:09.590 [FXGL Background Thread 3 ] DEBUG Engine               - configClass: Optional.empty
01:13:09.590 [FXGL Background Thread 3 ] DEBUG Engine               - credits: []
01:13:09.592 [FXGL Background Thread 3 ] DEBUG Engine               - defaultCursor: CursorInfo(imageName=fxgl_default_cursor.png, hotspotX=7.0, hotspotY=6.0)
01:13:09.592 [FXGL Background Thread 3 ] DEBUG Engine               - devBBoxColorProperty: ObjectProperty [value: 0xff0000ff]
01:13:09.592 [FXGL Background Thread 3 ] DEBUG Engine               - devEnableDebugCameraProperty: BooleanProperty [value: false]
01:13:09.592 [FXGL Background Thread 3 ] DEBUG Engine               - devSensorColorProperty: ObjectProperty [value: 0xffff00ff]
01:13:09.592 [FXGL Background Thread 3 ] DEBUG Engine               - devShowBBoxProperty: BooleanProperty [value: false]
01:13:09.592 [FXGL Background Thread 3 ] DEBUG Engine               - devShowPositionProperty: BooleanProperty [value: false]
01:13:09.592 [FXGL Background Thread 3 ] DEBUG Engine               - enabledMenuItems: []
01:13:09.592 [FXGL Background Thread 3 ] DEBUG Engine               - engineServices: [class com.almasb.fxgl.app.services.FXGLAssetLoaderService, class com.almasb.fxgl.app.FXGLApplication$GameApplicationService, class com.almasb.fxgl.app.services.FXGLDialogService, class com.almasb.fxgl.app.services.IOTaskExecutorService, class com.almasb.fxgl.io.FileSystemService, class com.almasb.fxgl.localization.LocalizationService, class com.almasb.fxgl.app.services.SystemBundleService, class com.almasb.fxgl.profile.SaveLoadService, class com.almasb.fxgl.ui.FXGLUIFactoryServiceProvider, class com.almasb.fxgl.ui.FXGLDialogFactoryServiceProvider, class com.almasb.fxgl.audio.AudioPlayer, class com.almasb.fxgl.notification.impl.NotificationServiceProvider, class com.almasb.fxgl.achievement.AchievementService, class com.almasb.fxgl.cutscene.CutsceneService, class com.almasb.fxgl.minigames.MiniGameService, class com.almasb.fxgl.net.NetService, class com.almasb.fxgl.app.services.UpdaterService, class com.almasb.fxgl.dev.DevService]
01:13:09.592 [FXGL Background Thread 3 ] DEBUG Engine               - fontGame: Abel-Regular.ttf
01:13:09.592 [FXGL Background Thread 3 ] DEBUG Engine               - fontMono: TerminalLandMono-Regular.otf
01:13:09.592 [FXGL Background Thread 3 ] DEBUG Engine               - fontSizeScaleUI: 1.0
01:13:09.592 [FXGL Background Thread 3 ] DEBUG Engine               - fontText: Courier-Prime.ttf
01:13:09.592 [FXGL Background Thread 3 ] DEBUG Engine               - fontUI: VarelaRound-Regular.ttf
01:13:09.592 [FXGL Background Thread 3 ] DEBUG Engine               - fullScreen: BooleanProperty [value: false]
01:13:09.592 [FXGL Background Thread 3 ] DEBUG Engine               - gameDifficulty: MEDIUM
01:13:09.592 [FXGL Background Thread 3 ] DEBUG Engine               - gameDifficultyProperty: ObjectProperty [value: MEDIUM]
01:13:09.592 [FXGL Background Thread 3 ] DEBUG Engine               - globalMusicVolume: 0.5
01:13:09.592 [FXGL Background Thread 3 ] DEBUG Engine               - globalMusicVolumeProperty: DoubleProperty [value: 0.5]
01:13:09.592 [FXGL Background Thread 3 ] DEBUG Engine               - globalSoundVolume: 0.5
01:13:09.592 [FXGL Background Thread 3 ] DEBUG Engine               - globalSoundVolumeProperty: DoubleProperty [value: 0.5]
01:13:09.592 [FXGL Background Thread 3 ] DEBUG Engine               - height: 720
01:13:09.592 [FXGL Background Thread 3 ] DEBUG Engine               - is3D: false
01:13:09.592 [FXGL Background Thread 3 ] DEBUG Engine               - isAndroid: false
01:13:09.592 [FXGL Background Thread 3 ] DEBUG Engine               - isBrowser: false
01:13:09.592 [FXGL Background Thread 3 ] DEBUG Engine               - isClickFeedbackEnabled: false
01:13:09.592 [FXGL Background Thread 3 ] DEBUG Engine               - isCloseConfirmation: false
01:13:09.592 [FXGL Background Thread 3 ] DEBUG Engine               - isDesktop: true
01:13:09.592 [FXGL Background Thread 3 ] DEBUG Engine               - isDeveloperMenuEnabled: false
01:13:09.592 [FXGL Background Thread 3 ] DEBUG Engine               - isEmbedded: false
01:13:09.592 [FXGL Background Thread 3 ] DEBUG Engine               - isEntityPreloadEnabled: true
01:13:09.592 [FXGL Background Thread 3 ] DEBUG Engine               - isExperimentalTiledLargeMap: false
01:13:09.592 [FXGL Background Thread 3 ] DEBUG Engine               - isFileSystemWriteAllowed: true
01:13:09.592 [FXGL Background Thread 3 ] DEBUG Engine               - isFullScreenAllowed: false
01:13:09.592 [FXGL Background Thread 3 ] DEBUG Engine               - isFullScreenFromStart: false
01:13:09.592 [FXGL Background Thread 3 ] DEBUG Engine               - isGameMenuEnabled: false
01:13:09.593 [FXGL Background Thread 3 ] DEBUG Engine               - isIOS: false
01:13:09.593 [FXGL Background Thread 3 ] DEBUG Engine               - isIntroEnabled: false
01:13:09.593 [FXGL Background Thread 3 ] DEBUG Engine               - isLinux: false
01:13:09.593 [FXGL Background Thread 3 ] DEBUG Engine               - isMac: false
01:13:09.593 [FXGL Background Thread 3 ] DEBUG Engine               - isMainMenuEnabled: true
01:13:09.593 [FXGL Background Thread 3 ] DEBUG Engine               - isManualResizeEnabled: false
01:13:09.593 [FXGL Background Thread 3 ] DEBUG Engine               - isMobile: false
01:13:09.593 [FXGL Background Thread 3 ] DEBUG Engine               - isNative: false
01:13:09.593 [FXGL Background Thread 3 ] DEBUG Engine               - isPauseMusicWhenMinimized: true
01:13:09.593 [FXGL Background Thread 3 ] DEBUG Engine               - isPreserveResizeRatio: false
01:13:09.593 [FXGL Background Thread 3 ] DEBUG Engine               - isProfilingEnabled: false
01:13:09.593 [FXGL Background Thread 3 ] DEBUG Engine               - isScaleAffectedOnResize: true
01:13:09.593 [FXGL Background Thread 3 ] DEBUG Engine               - isSingleStep: false
01:13:09.593 [FXGL Background Thread 3 ] DEBUG Engine               - isUserProfileEnabled: false
01:13:09.593 [FXGL Background Thread 3 ] DEBUG Engine               - isWindows: true
01:13:09.593 [FXGL Background Thread 3 ] DEBUG Engine               - language: ObjectProperty [value: ENGLISH]
01:13:09.593 [FXGL Background Thread 3 ] DEBUG Engine               - menuKey: ESCAPE
01:13:09.593 [FXGL Background Thread 3 ] DEBUG Engine               - mouseSensitivity: 0.2
01:13:09.593 [FXGL Background Thread 3 ] DEBUG Engine               - notificationViewClass: class com.almasb.fxgl.notification.view.XboxNotificationView
01:13:09.593 [FXGL Background Thread 3 ] DEBUG Engine               - pixelsPerMeter: 50.0
01:13:09.593 [FXGL Background Thread 3 ] DEBUG Engine               - platform: WINDOWS
01:13:09.593 [FXGL Background Thread 3 ] DEBUG Engine               - prefHeightProperty: ReadOnlyDoubleProperty [value: 720.0]
01:13:09.593 [FXGL Background Thread 3 ] DEBUG Engine               - prefWidthProperty: ReadOnlyDoubleProperty [value: 1280.0]
01:13:09.593 [FXGL Background Thread 3 ] DEBUG Engine               - profileDir: profiles/
01:13:09.593 [FXGL Background Thread 3 ] DEBUG Engine               - profileName: StringProperty [value: DEFAULT]
01:13:09.593 [FXGL Background Thread 3 ] DEBUG Engine               - randomSeed: -1
01:13:09.593 [FXGL Background Thread 3 ] DEBUG Engine               - runtimeInfo: RuntimeInfo(platform=WINDOWS, version=21+dev-SNAPSHOT, build=26.03.2024 19.46)
01:13:09.593 [FXGL Background Thread 3 ] DEBUG Engine               - saveFileExt: sav
01:13:09.593 [FXGL Background Thread 3 ] DEBUG Engine               - scaledHeightProp$fxgl: DoubleProperty [bound, value: 720.0]
01:13:09.593 [FXGL Background Thread 3 ] DEBUG Engine               - scaledWidthProp$fxgl: DoubleProperty [bound, value: 1280.0]
01:13:09.593 [FXGL Background Thread 3 ] DEBUG Engine               - sceneFactory: org.example.core.GameApp$1@3978901a
01:13:09.593 [FXGL Background Thread 3 ] DEBUG Engine               - secondsIn24h: 60
01:13:09.593 [FXGL Background Thread 3 ] DEBUG Engine               - soundMenuBack: menu/back.wav
01:13:09.593 [FXGL Background Thread 3 ] DEBUG Engine               - soundMenuPress: menu/press.wav
01:13:09.593 [FXGL Background Thread 3 ] DEBUG Engine               - soundMenuSelect: menu/select.wav
01:13:09.593 [FXGL Background Thread 3 ] DEBUG Engine               - soundNotification: core/notification.wav
01:13:09.593 [FXGL Background Thread 3 ] DEBUG Engine               - stageStyle: DECORATED
01:13:09.593 [FXGL Background Thread 3 ] DEBUG Engine               - supportedLanguages: [ENGLISH, FRENCH, GERMAN, HUNGARIAN, RUSSIAN]
01:13:09.594 [FXGL Background Thread 3 ] DEBUG Engine               - ticksPerSecond: -1
01:13:09.594 [FXGL Background Thread 3 ] DEBUG Engine               - title: Prototype Game
01:13:09.594 [FXGL Background Thread 3 ] DEBUG Engine               - urlGithub: https://github.com/AlmasB/FXGL
01:13:09.594 [FXGL Background Thread 3 ] DEBUG Engine               - urlLeaderboard: http://fxgl-top.herokuapp.com/
01:13:09.594 [FXGL Background Thread 3 ] DEBUG Engine               - urlPOM: https://raw.githubusercontent.com/AlmasB/FXGL/release/README.md
01:13:09.594 [FXGL Background Thread 3 ] DEBUG Engine               - userAppClass: class org.example.core.GameApp
01:13:09.594 [FXGL Background Thread 3 ] DEBUG Engine               - version: 0.1.5
01:13:09.594 [FXGL Background Thread 3 ] DEBUG Engine               - versionCheckDays: 7
01:13:09.594 [FXGL Background Thread 3 ] DEBUG Engine               - width: 1280
01:13:09.594 [FXGL Background Thread 3 ] DEBUG Engine               - Logging services
01:13:09.594 [FXGL Background Thread 3 ] DEBUG Engine               - class com.almasb.fxgl.app.services.FXGLAssetLoaderService
01:13:09.594 [FXGL Background Thread 3 ] DEBUG Engine               - class com.almasb.fxgl.app.FXGLApplication$GameApplicationService
01:13:09.594 [FXGL Background Thread 3 ] DEBUG Engine               - class com.almasb.fxgl.app.services.FXGLDialogService
01:13:09.594 [FXGL Background Thread 3 ] DEBUG Engine               - class com.almasb.fxgl.app.services.IOTaskExecutorService
01:13:09.594 [FXGL Background Thread 3 ] DEBUG Engine               - class com.almasb.fxgl.io.FileSystemService
01:13:09.594 [FXGL Background Thread 3 ] DEBUG Engine               - class com.almasb.fxgl.localization.LocalizationService
01:13:09.594 [FXGL Background Thread 3 ] DEBUG Engine               - class com.almasb.fxgl.app.services.SystemBundleService
01:13:09.594 [FXGL Background Thread 3 ] DEBUG Engine               - class com.almasb.fxgl.profile.SaveLoadService
01:13:09.594 [FXGL Background Thread 3 ] DEBUG Engine               - class com.almasb.fxgl.ui.FXGLUIFactoryServiceProvider
01:13:09.594 [FXGL Background Thread 3 ] DEBUG Engine               - class com.almasb.fxgl.ui.FXGLDialogFactoryServiceProvider
01:13:09.594 [FXGL Background Thread 3 ] DEBUG Engine               - class com.almasb.fxgl.audio.AudioPlayer
01:13:09.594 [FXGL Background Thread 3 ] DEBUG Engine               - class com.almasb.fxgl.notification.impl.NotificationServiceProvider
01:13:09.594 [FXGL Background Thread 3 ] DEBUG Engine               - class com.almasb.fxgl.achievement.AchievementService
01:13:09.594 [FXGL Background Thread 3 ] DEBUG Engine               - class com.almasb.fxgl.cutscene.CutsceneService
01:13:09.594 [FXGL Background Thread 3 ] DEBUG Engine               - class com.almasb.fxgl.minigames.MiniGameService
01:13:09.594 [FXGL Background Thread 3 ] DEBUG Engine               - class com.almasb.fxgl.net.NetService
01:13:09.594 [FXGL Background Thread 3 ] DEBUG Engine               - class com.almasb.fxgl.app.services.UpdaterService
01:13:09.594 [FXGL Background Thread 3 ] DEBUG Engine               - class com.almasb.fxgl.dev.DevService
01:13:10.574 [JavaFX Application Thread] DEBUG GameWorld            - Game world initialized
01:13:10.575 [JavaFX Application Thread] DEBUG PhysicsWorld         - Physics world initialized: appHeight=720, physics.ppm=50.0
01:13:10.575 [JavaFX Application Thread] DEBUG PhysicsWorld         - Using strategy: BRUTE_FORCE
01:13:10.575 [JavaFX Application Thread] DEBUG GameScene            - Game scene initialized: 1280x720
01:13:10.589 [JavaFX Application Thread] DEBUG PrimaryStageWindow   - Push state: SettingsScene
01:13:10.589 [JavaFX Application Thread] DEBUG Input                - Clearing active input actions
01:13:10.592 [JavaFX Application Thread] DEBUG GameApplicationServi - Removing overlay from MainMenuScene and adding to SettingsScene
01:13:10.592 [JavaFX Application Thread] DEBUG PrimaryStageWindow   - MainMenuScene -> SettingsScene
01:13:11.782 [JavaFX Application Thread] DEBUG PrimaryStageWindow   - Pop state: SettingsScene
01:13:11.782 [JavaFX Application Thread] DEBUG Input                - Clearing active input actions
01:13:11.782 [JavaFX Application Thread] DEBUG GameApplicationServi - Removing overlay from SettingsScene and adding to MainMenuScene
01:13:11.782 [JavaFX Application Thread] DEBUG PrimaryStageWindow   - MainMenuScene <- SettingsScene
01:13:12.418 [JavaFX Application Thread] DEBUG PrimaryStageWindow   - Push state: DialogSubScene
01:13:12.418 [JavaFX Application Thread] DEBUG Input                - Clearing active input actions
01:13:12.420 [JavaFX Application Thread] DEBUG GameApplicationServi - Removing overlay from MainMenuScene and adding to DialogSubScene
01:13:12.420 [JavaFX Application Thread] DEBUG PrimaryStageWindow   - MainMenuScene -> DialogSubScene
01:13:13.382 [JavaFX Application Thread] DEBUG PrimaryStageWindow   - Pop state: DialogSubScene
01:13:13.382 [JavaFX Application Thread] DEBUG Input                - Clearing active input actions
01:13:13.383 [JavaFX Application Thread] DEBUG GameApplicationServi - Removing overlay from DialogSubScene and adding to MainMenuScene
01:13:13.383 [JavaFX Application Thread] DEBUG PrimaryStageWindow   - MainMenuScene <- DialogSubScene
01:13:13.383 [JavaFX Application Thread] DEBUG GameWorld            - Game world initialized
01:13:13.384 [JavaFX Application Thread] DEBUG PhysicsWorld         - Physics world initialized: appHeight=720, physics.ppm=50.0
01:13:13.384 [JavaFX Application Thread] DEBUG PhysicsWorld         - Using strategy: BRUTE_FORCE
01:13:13.384 [JavaFX Application Thread] DEBUG GameScene            - Game scene initialized: 1280x720
01:13:13.395 [JavaFX Application Thread] DEBUG PrimaryStageWindow   - Push state: MainMenuScene
01:13:13.420 [JavaFX Application Thread] DEBUG Input                - Clearing active input actions
01:13:13.420 [JavaFX Application Thread] DEBUG GameApplicationServi - Removing overlay from MainMenuScene and adding to MainMenuScene
01:13:13.420 [JavaFX Application Thread] DEBUG PrimaryStageWindow   - MainMenuScene -> MainMenuScene
01:13:14.010 [JavaFX Application Thread] DEBUG GameWorld            - Game world initialized
01:13:14.011 [JavaFX Application Thread] DEBUG PhysicsWorld         - Physics world initialized: appHeight=720, physics.ppm=50.0
01:13:14.011 [JavaFX Application Thread] DEBUG PhysicsWorld         - Using strategy: BRUTE_FORCE
01:13:14.011 [JavaFX Application Thread] DEBUG GameScene            - Game scene initialized: 1280x720
01:13:14.017 [JavaFX Application Thread] DEBUG PrimaryStageWindow   - Push state: SettingsScene
01:13:14.017 [JavaFX Application Thread] DEBUG Input                - Clearing active input actions
01:13:14.017 [JavaFX Application Thread] DEBUG GameApplicationServi - Removing overlay from MainMenuScene and adding to SettingsScene
01:13:14.017 [JavaFX Application Thread] DEBUG PrimaryStageWindow   - MainMenuScene -> SettingsScene
01:13:17.781 [JavaFX Application Thread] DEBUG PrimaryStageWindow   - Pop state: SettingsScene
01:13:17.781 [JavaFX Application Thread] DEBUG Input                - Clearing active input actions
01:13:17.782 [JavaFX Application Thread] DEBUG GameApplicationServi - Removing overlay from SettingsScene and adding to MainMenuScene
01:13:17.782 [JavaFX Application Thread] DEBUG PrimaryStageWindow   - MainMenuScene <- SettingsScene
01:13:18.678 [JavaFX Application Thread] DEBUG GameWorld            - Game world initialized
01:13:18.679 [JavaFX Application Thread] DEBUG PhysicsWorld         - Physics world initialized: appHeight=720, physics.ppm=50.0
01:13:18.679 [JavaFX Application Thread] DEBUG PhysicsWorld         - Using strategy: BRUTE_FORCE
01:13:18.679 [JavaFX Application Thread] DEBUG GameScene            - Game scene initialized: 1280x720
01:13:18.685 [JavaFX Application Thread] DEBUG PrimaryStageWindow   - Push state: SettingsScene
01:13:18.685 [JavaFX Application Thread] DEBUG Input                - Clearing active input actions
01:13:18.686 [JavaFX Application Thread] DEBUG GameApplicationServi - Removing overlay from MainMenuScene and adding to SettingsScene
01:13:18.686 [JavaFX Application Thread] DEBUG PrimaryStageWindow   - MainMenuScene -> SettingsScene
01:13:19.690 [JavaFX Application Thread] DEBUG PrimaryStageWindow   - Pop state: SettingsScene
01:13:19.690 [JavaFX Application Thread] DEBUG Input                - Clearing active input actions
01:13:19.690 [JavaFX Application Thread] DEBUG GameApplicationServi - Removing overlay from SettingsScene and adding to MainMenuScene
01:13:19.690 [JavaFX Application Thread] DEBUG PrimaryStageWindow   - MainMenuScene <- SettingsScene
01:13:20.215 [JavaFX Application Thread] DEBUG PrimaryStageWindow   - Push state: DialogSubScene
01:13:20.216 [JavaFX Application Thread] DEBUG Input                - Clearing active input actions
01:13:20.217 [JavaFX Application Thread] DEBUG GameApplicationServi - Removing overlay from MainMenuScene and adding to DialogSubScene
01:13:20.217 [JavaFX Application Thread] DEBUG PrimaryStageWindow   - MainMenuScene -> DialogSubScene
01:13:20.924 [JavaFX Application Thread] DEBUG PrimaryStageWindow   - Pop state: DialogSubScene
01:13:20.924 [JavaFX Application Thread] DEBUG Input                - Clearing active input actions
01:13:20.925 [JavaFX Application Thread] DEBUG GameApplicationServi - Removing overlay from DialogSubScene and adding to MainMenuScene
01:13:20.925 [JavaFX Application Thread] DEBUG PrimaryStageWindow   - MainMenuScene <- DialogSubScene
01:13:20.926 [JavaFX Application Thread] DEBUG GameWorld            - Game world initialized
01:13:20.926 [JavaFX Application Thread] DEBUG PhysicsWorld         - Physics world initialized: appHeight=720, physics.ppm=50.0
01:13:20.926 [JavaFX Application Thread] DEBUG PhysicsWorld         - Using strategy: BRUTE_FORCE
01:13:20.927 [JavaFX Application Thread] DEBUG GameScene            - Game scene initialized: 1280x720
01:13:20.937 [JavaFX Application Thread] DEBUG PrimaryStageWindow   - Push state: MainMenuScene
01:13:20.960 [JavaFX Application Thread] DEBUG Input                - Clearing active input actions
01:13:20.960 [JavaFX Application Thread] DEBUG GameApplicationServi - Removing overlay from MainMenuScene and adding to MainMenuScene
01:13:20.960 [JavaFX Application Thread] DEBUG PrimaryStageWindow   - MainMenuScene -> MainMenuScene
01:13:21.725 [JavaFX Application Thread] DEBUG FXGLApplication      - Exiting FXGL
01:13:21.725 [JavaFX Application Thread] DEBUG LoopRunner           - Stopping loop
01:13:21.725 [JavaFX Application Thread] DEBUG SystemBundleService  - Saving FXGL system data
01:13:21.727 [JavaFX Application Thread] DEBUG FileSystemAccess     - Writing to: F:\my files\School\2nd year 2nd sem\TheOnlyException\system\fxgl.bundle
01:13:21.793 [JavaFX Application Thread] DEBUG Async                - Shutting down background threads
01:13:21.793 [JavaFX Application Thread] DEBUG PrimaryStageWindow   - Closing main window
01:13:21.812 [JavaFX Application Thread] DEBUG Logger               - Closing Logger
