15:36:52.259 [main                     ] DEBUG Logger               - Configured Logger
15:36:52.290 [main                     ] DEBUG GameApplication      - Logging settings
Title: Prototype Game
Version: 0.1.5
Width: 1280
Height: 720
Fullscreen: false
Intro: false
Profiling: false
Single step:false
App Mode: DEVELOPER
Menu Key: ESCAPE
Stage Style: DECORATED
Scene Factory: class org.example.core.GameApp$1

15:36:54.084 [JavaFX Application Thread] DEBUG FXGLApplication      - Initializing FXGL
15:36:54.091 [JavaFX Application Thread] INFO  Engine               - FXGL-17+dev-SNAPSHOT (01.09.2022 03.33) on WINDOWS (J:23.0.1 FX:18)
15:36:54.091 [JavaFX Application Thread] DEBUG Engine               - JRE Vendor Name: Oracle Corporation
15:36:54.091 [JavaFX Application Thread] DEBUG Engine               - Running on OS: Windows 11 version 10.0
15:36:54.091 [JavaFX Application Thread] DEBUG Engine               - Architecture: amd64
15:36:54.091 [JavaFX Application Thread] INFO  Engine               - Source code and latest versions at: https://github.com/AlmasB/FXGL
15:36:54.091 [JavaFX Application Thread] INFO  Engine               -       Ask questions and discuss at: https://github.com/AlmasB/FXGL/discussions
15:36:54.092 [JavaFX Application Thread] INFO  Engine               -              Join the FXGL chat at: https://gitter.im/AlmasB/FXGL
15:36:54.259 [JavaFX Application Thread] DEBUG PrimaryStageWindow   - Creating a JavaFX scene
15:36:54.329 [JavaFX Application Thread] DEBUG PrimaryStageWindow   - Target settings size: 1280.0 x 720.0
15:36:54.329 [JavaFX Application Thread] DEBUG PrimaryStageWindow   - Scaled scene size:    1280.0 x 720.0
15:36:54.329 [JavaFX Application Thread] DEBUG PrimaryStageWindow   - Scaled ratio: (1.0, 1.0)
15:36:54.331 [JavaFX Application Thread] DEBUG PrimaryStageWindow   - Set initial scene to FXGLStartupScene
15:36:54.343 [JavaFX Application Thread] DEBUG PrimaryStageWindow   - Opening main window
15:36:54.456 [JavaFX Application Thread] DEBUG PrimaryStageWindow   - Window border size: (14.4000244140625, 37.5999755859375)
15:36:54.457 [JavaFX Application Thread] DEBUG PrimaryStageWindow   - Scaled size: 1280.0 x 720.0
15:36:54.457 [JavaFX Application Thread] DEBUG PrimaryStageWindow   - Scaled ratio: (1.0, 1.0)
15:36:54.457 [JavaFX Application Thread] DEBUG PrimaryStageWindow   - Scene size: 1280.0 x 720.0
15:36:54.457 [JavaFX Application Thread] DEBUG PrimaryStageWindow   - Stage size: 1294.4000244140625 x 757.5999755859375
15:36:54.470 [FXGL Background Thread 1 ] DEBUG Engine               - Initializing environment variables
15:36:54.582 [FXGL Background Thread 1 ] DEBUG FXGLAssetLoaderServi - User app class for loading assets: class org.example.core.GameApp
15:36:54.582 [FXGL Background Thread 1 ] DEBUG GameApplicationServi - Applying CSS: fxgl_dark.css
15:36:54.583 [FXGL Background Thread 1 ] DEBUG FXGLAssetLoaderServi - Loading from file system: jar:file:/C:/Users/khein/.m2/repository/com/github/AlmasB/FXGL/fxgl/17.2/fxgl-17.2.jar!/fxglassets/ui/css/fxgl_dark.css
15:36:54.643 [FXGL Background Thread 1 ] DEBUG GameApplicationServi - Initializing application scenes
15:36:54.701 [FXGL Background Thread 1 ] DEBUG GameWorld            - Game world initialized
15:36:54.792 [FXGL Background Thread 1 ] DEBUG PhysicsWorld         - Physics world initialized: appHeight=720, physics.ppm=50.0
15:36:54.792 [FXGL Background Thread 1 ] DEBUG PhysicsWorld         - Using strategy: BRUTE_FORCE
15:36:54.798 [FXGL Background Thread 1 ] DEBUG GameScene            - Game scene initialized: 1280x720
15:36:54.811 [FXGL Background Thread 1 ] DEBUG FXGL.DefaultMenu     - createMenuBodyGameMenu()
15:36:54.835 [FXGL Background Thread 1 ] DEBUG FXGL.DefaultMenu     - createOptionsMenu()
15:36:54.848 [FXGL Background Thread 1 ] DEBUG FXGLAssetLoaderServi - Loading from file system: jar:file:/C:/Users/khein/.m2/repository/com/github/AlmasB/FXGL/fxgl/17.2/fxgl-17.2.jar!/fxglassets/textures/particles/smoke.png
15:36:54.966 [FXGL Background Thread 1 ] DEBUG FXGLAssetLoaderServi - Loading from file system: jar:file:/C:/Users/khein/.m2/repository/com/github/AlmasB/FXGL/fxgl/17.2/fxgl-17.2.jar!/fxglassets/textures/particles/trace_horizontal.png
15:36:55.003 [FXGL Background Thread 1 ] DEBUG GameApplicationServi - Application scenes initialized
15:36:55.024 [FXGL Background Thread 1 ] DEBUG SystemBundleService  - Loading FXGL system data
15:36:55.029 [FXGL Background Thread 1 ] DEBUG FileSystemAccess     - Reading from: C:\Users\khein\IdeaProjects\TheOnlyException\system\fxgl.bundle
15:36:55.038 [FXGL Background Thread 1 ] DEBUG SystemBundleService  - Bundle FXGL: {}
15:36:55.038 [FXGL Background Thread 1 ] DEBUG UpdaterService       - Checking for updates
15:36:55.042 [FXGL Background Thread 4 ] DEBUG FXGLApplication      - Loading fonts
15:36:55.043 [FXGL Background Thread 4 ] DEBUG FXGLAssetLoaderServi - Loading from file system: jar:file:/C:/Users/khein/.m2/repository/com/github/AlmasB/FXGL/fxgl-samples/17.2/fxgl-samples-17.2.jar!/assets/ui/fonts/VarelaRound-Regular.ttf
15:36:55.043 [FXGL Background Thread 1 ] DEBUG FXGLApplication      - Loading default localization
15:36:55.044 [FXGL Background Thread 1 ] DEBUG FXGLAssetLoaderServi - Loading from file system: jar:file:/C:/Users/khein/.m2/repository/com/github/AlmasB/FXGL/fxgl/17.2/fxgl-17.2.jar!/fxglassets/languages/english.lang
15:36:55.086 [FXGL Background Thread 1 ] INFO  FXGLApplication      - FXGL initialization took: 0.615 sec
15:36:55.097 [FXGL Background Thread 4 ] DEBUG FXGLAssetLoaderServi - Loading from file system: jar:file:/C:/Users/khein/.m2/repository/com/github/AlmasB/FXGL/fxgl/17.2/fxgl-17.2.jar!/fxglassets/ui/fonts/Abel-Regular.ttf
15:36:55.098 [JavaFX Application Thread] DEBUG Input                - Registered new binding: action0 - A
15:36:55.098 [JavaFX Application Thread] DEBUG Input                - Registered new binding: action1 - D
15:36:55.099 [JavaFX Application Thread] DEBUG Input                - Registered new binding: action2 - W
15:36:55.099 [JavaFX Application Thread] DEBUG Input                - Registered new binding: action3 - S
15:36:55.099 [JavaFX Application Thread] DEBUG FXGLAssetLoaderServi - Loading from file system: jar:file:/C:/Users/khein/.m2/repository/com/github/AlmasB/FXGL/fxgl/17.2/fxgl-17.2.jar!/fxglassets/textures/fxgl_icon.png
15:36:55.113 [FXGL Background Thread 4 ] DEBUG FXGLAssetLoaderServi - Loading from file system: jar:file:/C:/Users/khein/.m2/repository/com/github/AlmasB/FXGL/fxgl/17.2/fxgl-17.2.jar!/fxglassets/ui/fonts/TerminalLandMono-Regular.otf
15:36:55.126 [JavaFX Application Thread] DEBUG FXGLAssetLoaderServi - Loading from file system: jar:file:/C:/Users/khein/.m2/repository/com/github/AlmasB/FXGL/fxgl/17.2/fxgl-17.2.jar!/fxglassets/textures/fxgl_default_cursor.png
15:36:55.129 [FXGL Background Thread 4 ] DEBUG FXGLAssetLoaderServi - Loading from file system: jar:file:/C:/Users/khein/.m2/repository/com/github/AlmasB/FXGL/fxgl/17.2/fxgl-17.2.jar!/fxglassets/ui/fonts/Courier-Prime.ttf
15:36:55.130 [JavaFX Application Thread] DEBUG Input                - Registered new binding: Screenshot - CTRL+8
15:36:55.130 [JavaFX Application Thread] DEBUG Input                - Registered new binding: System info dump - CTRL+9
15:36:55.131 [JavaFX Application Thread] DEBUG Input                - Registered new binding: Restart - CTRL+R
15:36:55.132 [JavaFX Application Thread] DEBUG Input                - Registered new binding: Toggle Debug Camera - CTRL+7
15:36:55.135 [JavaFX Application Thread] DEBUG LoopRunner           - Starting loop
15:36:55.135 [JavaFX Application Thread] DEBUG LoopRunner           - Initializing JavaFX AnimationTimerLoop
15:36:55.140 [JavaFX Application Thread] DEBUG Input                - Clearing active input actions
15:36:55.148 [JavaFX Application Thread] DEBUG GameApplicationServi - Removing overlay from FXGLStartupScene and adding to FXGLMainMenuDummyScene
15:36:55.149 [JavaFX Application Thread] DEBUG PrimaryStageWindow   - FXGLStartupScene -> FXGLMainMenuDummyScene
15:36:55.149 [JavaFX Application Thread] DEBUG PrimaryStageWindow   - Push state: NameInputScene
15:36:55.539 [JavaFX Application Thread] DEBUG Input                - Clearing active input actions
15:36:55.552 [JavaFX Application Thread] DEBUG GameApplicationServi - Removing overlay from FXGLMainMenuDummyScene and adding to NameInputScene
15:36:55.553 [JavaFX Application Thread] DEBUG PrimaryStageWindow   - FXGLMainMenuDummyScene -> NameInputScene
15:36:55.553 [JavaFX Application Thread] DEBUG FXGLApplication      - Registering font factories with UI factory
15:36:55.686 [FXGL Background Thread 2 ] INFO  UpdaterService       - Your current version:  17+dev-SNAPSHOT
15:36:55.687 [FXGL Background Thread 2 ] INFO  UpdaterService       - Latest stable version: 21.1
15:36:58.042 [FXGL Background Thread 3 ] DEBUG Engine               - Logging environment variables
15:36:58.043 [FXGL Background Thread 3 ] DEBUG Engine               - achievements: []
15:36:58.044 [FXGL Background Thread 3 ] DEBUG Engine               - actualHeight: 720.0
15:36:58.044 [FXGL Background Thread 3 ] DEBUG Engine               - actualHeightProperty: ReadOnlyDoubleProperty [value: 720.0]
15:36:58.044 [FXGL Background Thread 3 ] DEBUG Engine               - actualWidth: 1280.0
15:36:58.044 [FXGL Background Thread 3 ] DEBUG Engine               - actualWidthProperty: ReadOnlyDoubleProperty [value: 1280.0]
15:36:58.044 [FXGL Background Thread 3 ] DEBUG Engine               - appIcon: fxgl_icon.png
15:36:58.044 [FXGL Background Thread 3 ] DEBUG Engine               - applicationMode: DEVELOPER
15:36:58.044 [FXGL Background Thread 3 ] DEBUG Engine               - cSSList: [fxgl_dark.css]
15:36:58.044 [FXGL Background Thread 3 ] DEBUG Engine               - collisionDetectionStrategy: BRUTE_FORCE
15:36:58.044 [FXGL Background Thread 3 ] DEBUG Engine               - configClass: Optional.empty
15:36:58.044 [FXGL Background Thread 3 ] DEBUG Engine               - credits: []
15:36:58.045 [FXGL Background Thread 3 ] DEBUG Engine               - defaultCursor: CursorInfo(imageName=fxgl_default_cursor.png, hotspotX=7.0, hotspotY=6.0)
15:36:58.045 [FXGL Background Thread 3 ] DEBUG Engine               - devBBoxColorProperty: ObjectProperty [value: 0xff0000ff]
15:36:58.045 [FXGL Background Thread 3 ] DEBUG Engine               - devEnableDebugCameraProperty: BooleanProperty [value: false]
15:36:58.045 [FXGL Background Thread 3 ] DEBUG Engine               - devSensorColorProperty: ObjectProperty [value: 0xffff00ff]
15:36:58.046 [FXGL Background Thread 3 ] DEBUG Engine               - devShowBBoxProperty: BooleanProperty [value: false]
15:36:58.046 [FXGL Background Thread 3 ] DEBUG Engine               - devShowPositionProperty: BooleanProperty [value: false]
15:36:58.046 [FXGL Background Thread 3 ] DEBUG Engine               - enabledMenuItems: []
15:36:58.046 [FXGL Background Thread 3 ] DEBUG Engine               - engineServices: [class com.almasb.fxgl.app.services.FXGLAssetLoaderService, class com.almasb.fxgl.app.FXGLApplication$GameApplicationService, class com.almasb.fxgl.app.services.FXGLDialogService, class com.almasb.fxgl.app.services.IOTaskExecutorService, class com.almasb.fxgl.io.FileSystemService, class com.almasb.fxgl.localization.LocalizationService, class com.almasb.fxgl.app.services.SystemBundleService, class com.almasb.fxgl.profile.SaveLoadService, class com.almasb.fxgl.ui.FXGLUIFactoryServiceProvider, class com.almasb.fxgl.ui.FXGLDialogFactoryServiceProvider, class com.almasb.fxgl.audio.AudioPlayer, class com.almasb.fxgl.notification.impl.NotificationServiceProvider, class com.almasb.fxgl.achievement.AchievementService, class com.almasb.fxgl.cutscene.CutsceneService, class com.almasb.fxgl.minigames.MiniGameService, class com.almasb.fxgl.net.NetService, class com.almasb.fxgl.app.services.UpdaterService, class com.almasb.fxgl.dev.DevService]
15:36:58.046 [FXGL Background Thread 3 ] DEBUG Engine               - fontGame: Abel-Regular.ttf
15:36:58.046 [FXGL Background Thread 3 ] DEBUG Engine               - fontMono: TerminalLandMono-Regular.otf
15:36:58.046 [FXGL Background Thread 3 ] DEBUG Engine               - fontText: Courier-Prime.ttf
15:36:58.046 [FXGL Background Thread 3 ] DEBUG Engine               - fontUI: VarelaRound-Regular.ttf
15:36:58.046 [FXGL Background Thread 3 ] DEBUG Engine               - fullScreen: BooleanProperty [value: false]
15:36:58.047 [FXGL Background Thread 3 ] DEBUG Engine               - gameDifficulty: MEDIUM
15:36:58.047 [FXGL Background Thread 3 ] DEBUG Engine               - gameDifficultyProperty: ObjectProperty [value: MEDIUM]
15:36:58.047 [FXGL Background Thread 3 ] DEBUG Engine               - globalMusicVolume: 0.5
15:36:58.047 [FXGL Background Thread 3 ] DEBUG Engine               - globalMusicVolumeProperty: DoubleProperty [value: 0.5]
15:36:58.047 [FXGL Background Thread 3 ] DEBUG Engine               - globalSoundVolume: 0.5
15:36:58.047 [FXGL Background Thread 3 ] DEBUG Engine               - globalSoundVolumeProperty: DoubleProperty [value: 0.5]
15:36:58.047 [FXGL Background Thread 3 ] DEBUG Engine               - height: 720
15:36:58.048 [FXGL Background Thread 3 ] DEBUG Engine               - is3D: false
15:36:58.048 [FXGL Background Thread 3 ] DEBUG Engine               - isAndroid: false
15:36:58.048 [FXGL Background Thread 3 ] DEBUG Engine               - isBrowser: false
15:36:58.048 [FXGL Background Thread 3 ] DEBUG Engine               - isClickFeedbackEnabled: false
15:36:58.048 [FXGL Background Thread 3 ] DEBUG Engine               - isCloseConfirmation: false
15:36:58.048 [FXGL Background Thread 3 ] DEBUG Engine               - isDesktop: true
15:36:58.048 [FXGL Background Thread 3 ] DEBUG Engine               - isDeveloperMenuEnabled: false
15:36:58.048 [FXGL Background Thread 3 ] DEBUG Engine               - isEmbedded: false
15:36:58.048 [FXGL Background Thread 3 ] DEBUG Engine               - isEntityPreloadEnabled: true
15:36:58.049 [FXGL Background Thread 3 ] DEBUG Engine               - isExperimentalTiledLargeMap: false
15:36:58.049 [FXGL Background Thread 3 ] DEBUG Engine               - isFileSystemWriteAllowed: true
15:36:58.049 [FXGL Background Thread 3 ] DEBUG Engine               - isFullScreenAllowed: false
15:36:58.049 [FXGL Background Thread 3 ] DEBUG Engine               - isFullScreenFromStart: false
15:36:58.049 [FXGL Background Thread 3 ] DEBUG Engine               - isGameMenuEnabled: true
15:36:58.049 [FXGL Background Thread 3 ] DEBUG Engine               - isIOS: false
15:36:58.049 [FXGL Background Thread 3 ] DEBUG Engine               - isIntroEnabled: false
15:36:58.049 [FXGL Background Thread 3 ] DEBUG Engine               - isLinux: false
15:36:58.049 [FXGL Background Thread 3 ] DEBUG Engine               - isMac: false
15:36:58.050 [FXGL Background Thread 3 ] DEBUG Engine               - isMainMenuEnabled: true
15:36:58.050 [FXGL Background Thread 3 ] DEBUG Engine               - isManualResizeEnabled: false
15:36:58.050 [FXGL Background Thread 3 ] DEBUG Engine               - isMobile: false
15:36:58.050 [FXGL Background Thread 3 ] DEBUG Engine               - isNative: false
15:36:58.050 [FXGL Background Thread 3 ] DEBUG Engine               - isPauseMusicWhenMinimized: true
15:36:58.050 [FXGL Background Thread 3 ] DEBUG Engine               - isPreserveResizeRatio: false
15:36:58.051 [FXGL Background Thread 3 ] DEBUG Engine               - isProfilingEnabled: false
15:36:58.051 [FXGL Background Thread 3 ] DEBUG Engine               - isScaleAffectedOnResize: true
15:36:58.051 [FXGL Background Thread 3 ] DEBUG Engine               - isSingleStep: false
15:36:58.051 [FXGL Background Thread 3 ] DEBUG Engine               - isUserProfileEnabled: false
15:36:58.051 [FXGL Background Thread 3 ] DEBUG Engine               - isWindows: true
15:36:58.051 [FXGL Background Thread 3 ] DEBUG Engine               - language: ObjectProperty [value: ENGLISH]
15:36:58.051 [FXGL Background Thread 3 ] DEBUG Engine               - menuKey: ESCAPE
15:36:58.052 [FXGL Background Thread 3 ] DEBUG Engine               - mouseSensitivity: 0.2
15:36:58.052 [FXGL Background Thread 3 ] DEBUG Engine               - notificationViewClass: class com.almasb.fxgl.notification.view.XboxNotificationView
15:36:58.052 [FXGL Background Thread 3 ] DEBUG Engine               - pixelsPerMeter: 50.0
15:36:58.052 [FXGL Background Thread 3 ] DEBUG Engine               - platform: WINDOWS
15:36:58.052 [FXGL Background Thread 3 ] DEBUG Engine               - prefHeightProperty: ReadOnlyDoubleProperty [value: 720.0]
15:36:58.052 [FXGL Background Thread 3 ] DEBUG Engine               - prefWidthProperty: ReadOnlyDoubleProperty [value: 1280.0]
15:36:58.052 [FXGL Background Thread 3 ] DEBUG Engine               - profileDir: profiles/
15:36:58.052 [FXGL Background Thread 3 ] DEBUG Engine               - profileName: StringProperty [value: DEFAULT]
15:36:58.053 [FXGL Background Thread 3 ] DEBUG Engine               - randomSeed: -1
15:36:58.053 [FXGL Background Thread 3 ] DEBUG Engine               - runtimeInfo: RuntimeInfo(platform=WINDOWS, version=17+dev-SNAPSHOT, build=01.09.2022 03.33)
15:36:58.054 [FXGL Background Thread 3 ] DEBUG Engine               - saveFileExt: sav
15:36:58.054 [FXGL Background Thread 3 ] DEBUG Engine               - scaledHeightProp$fxgl: DoubleProperty [bound, value: 720.0]
15:36:58.054 [FXGL Background Thread 3 ] DEBUG Engine               - scaledWidthProp$fxgl: DoubleProperty [bound, value: 1280.0]
15:36:58.054 [FXGL Background Thread 3 ] DEBUG Engine               - sceneFactory: org.example.core.GameApp$1@63fce6c6
15:36:58.054 [FXGL Background Thread 3 ] DEBUG Engine               - secondsIn24h: 60
15:36:58.054 [FXGL Background Thread 3 ] DEBUG Engine               - soundMenuBack: menu/back.wav
15:36:58.055 [FXGL Background Thread 3 ] DEBUG Engine               - soundMenuPress: menu/press.wav
15:36:58.055 [FXGL Background Thread 3 ] DEBUG Engine               - soundMenuSelect: menu/select.wav
15:36:58.055 [FXGL Background Thread 3 ] DEBUG Engine               - soundNotification: core/notification.wav
15:36:58.055 [FXGL Background Thread 3 ] DEBUG Engine               - stageStyle: DECORATED
15:36:58.055 [FXGL Background Thread 3 ] DEBUG Engine               - supportedLanguages: [ENGLISH, FRENCH, GERMAN, HUNGARIAN, RUSSIAN]
15:36:58.056 [FXGL Background Thread 3 ] DEBUG Engine               - ticksPerSecond: -1
15:36:58.056 [FXGL Background Thread 3 ] DEBUG Engine               - title: Prototype Game
15:36:58.056 [FXGL Background Thread 3 ] DEBUG Engine               - urlGithub: https://github.com/AlmasB/FXGL
15:36:58.056 [FXGL Background Thread 3 ] DEBUG Engine               - urlLeaderboard: http://fxgl-top.herokuapp.com/
15:36:58.056 [FXGL Background Thread 3 ] DEBUG Engine               - urlPOM: https://raw.githubusercontent.com/AlmasB/FXGL/release/README.md
15:36:58.056 [FXGL Background Thread 3 ] DEBUG Engine               - userAppClass: class org.example.core.GameApp
15:36:58.056 [FXGL Background Thread 3 ] DEBUG Engine               - version: 0.1.5
15:36:58.057 [FXGL Background Thread 3 ] DEBUG Engine               - versionCheckDays: 7
15:36:58.057 [FXGL Background Thread 3 ] DEBUG Engine               - width: 1280
15:36:58.057 [FXGL Background Thread 3 ] DEBUG Engine               - Logging services
15:36:58.057 [FXGL Background Thread 3 ] DEBUG Engine               - class com.almasb.fxgl.app.services.FXGLAssetLoaderService
15:36:58.057 [FXGL Background Thread 3 ] DEBUG Engine               - class com.almasb.fxgl.app.FXGLApplication$GameApplicationService
15:36:58.057 [FXGL Background Thread 3 ] DEBUG Engine               - class com.almasb.fxgl.app.services.FXGLDialogService
15:36:58.057 [FXGL Background Thread 3 ] DEBUG Engine               - class com.almasb.fxgl.app.services.IOTaskExecutorService
15:36:58.057 [FXGL Background Thread 3 ] DEBUG Engine               - class com.almasb.fxgl.io.FileSystemService
15:36:58.057 [FXGL Background Thread 3 ] DEBUG Engine               - class com.almasb.fxgl.localization.LocalizationService
15:36:58.058 [FXGL Background Thread 3 ] DEBUG Engine               - class com.almasb.fxgl.app.services.SystemBundleService
15:36:58.058 [FXGL Background Thread 3 ] DEBUG Engine               - class com.almasb.fxgl.profile.SaveLoadService
15:36:58.058 [FXGL Background Thread 3 ] DEBUG Engine               - class com.almasb.fxgl.ui.FXGLUIFactoryServiceProvider
15:36:58.058 [FXGL Background Thread 3 ] DEBUG Engine               - class com.almasb.fxgl.ui.FXGLDialogFactoryServiceProvider
15:36:58.058 [FXGL Background Thread 3 ] DEBUG Engine               - class com.almasb.fxgl.audio.AudioPlayer
15:36:58.058 [FXGL Background Thread 3 ] DEBUG Engine               - class com.almasb.fxgl.notification.impl.NotificationServiceProvider
15:36:58.058 [FXGL Background Thread 3 ] DEBUG Engine               - class com.almasb.fxgl.achievement.AchievementService
15:36:58.058 [FXGL Background Thread 3 ] DEBUG Engine               - class com.almasb.fxgl.cutscene.CutsceneService
15:36:58.058 [FXGL Background Thread 3 ] DEBUG Engine               - class com.almasb.fxgl.minigames.MiniGameService
15:36:58.058 [FXGL Background Thread 3 ] DEBUG Engine               - class com.almasb.fxgl.net.NetService
15:36:58.059 [FXGL Background Thread 3 ] DEBUG Engine               - class com.almasb.fxgl.app.services.UpdaterService
15:36:58.059 [FXGL Background Thread 3 ] DEBUG Engine               - class com.almasb.fxgl.dev.DevService
15:36:59.167 [JavaFX Application Thread] DEBUG GameWorld            - Game world initialized
15:36:59.168 [JavaFX Application Thread] DEBUG PhysicsWorld         - Physics world initialized: appHeight=720, physics.ppm=50.0
15:36:59.168 [JavaFX Application Thread] DEBUG PhysicsWorld         - Using strategy: BRUTE_FORCE
15:36:59.169 [JavaFX Application Thread] DEBUG GameScene            - Game scene initialized: 1280x720
15:36:59.204 [JavaFX Application Thread] DEBUG PrimaryStageWindow   - Push state: MainMenuScene
15:36:59.211 [JavaFX Application Thread] DEBUG Input                - Clearing active input actions
15:36:59.214 [JavaFX Application Thread] DEBUG GameApplicationServi - Removing overlay from NameInputScene and adding to MainMenuScene
15:36:59.216 [JavaFX Application Thread] DEBUG PrimaryStageWindow   - NameInputScene -> MainMenuScene
15:37:00.018 [JavaFX Application Thread] DEBUG GameApplicationServi - Starting new game
15:37:00.019 [JavaFX Application Thread] DEBUG PrimaryStageWindow   - Pop state: MainMenuScene
15:37:00.019 [JavaFX Application Thread] DEBUG Input                - Clearing active input actions
15:37:00.020 [JavaFX Application Thread] DEBUG GameApplicationServi - Removing overlay from MainMenuScene and adding to NameInputScene
15:37:00.021 [JavaFX Application Thread] DEBUG PrimaryStageWindow   - NameInputScene <- MainMenuScene
15:37:00.021 [JavaFX Application Thread] DEBUG PrimaryStageWindow   - Pop state: NameInputScene
15:37:00.021 [JavaFX Application Thread] DEBUG Input                - Clearing active input actions
15:37:00.022 [JavaFX Application Thread] DEBUG GameApplicationServi - Removing overlay from NameInputScene and adding to FXGLMainMenuDummyScene
15:37:00.022 [JavaFX Application Thread] DEBUG PrimaryStageWindow   - FXGLMainMenuDummyScene <- NameInputScene
15:37:00.022 [JavaFX Application Thread] DEBUG Input                - Clearing active input actions
15:37:00.031 [JavaFX Application Thread] DEBUG GameApplicationServi - Removing overlay from FXGLMainMenuDummyScene and adding to FXGLLoadingScene
15:37:00.032 [JavaFX Application Thread] DEBUG PrimaryStageWindow   - FXGLMainMenuDummyScene -> FXGLLoadingScene
15:37:00.032 [JavaFX Application Thread] DEBUG GameApplicationServi - Clearing previous game
15:37:00.032 [JavaFX Application Thread] DEBUG GameScene            - Clearing game scene
15:37:00.032 [JavaFX Application Thread] DEBUG GameWorld            - Clearing game world
15:37:00.032 [JavaFX Application Thread] DEBUG PhysicsWorld         - Clearing physics world
15:37:00.037 [FXGL Background Thread 2 ] DEBUG FXGLApplication      - Initializing game
15:37:00.056 [FXGL Background Thread 2 ] DEBUG FXGLAssetLoaderServi - Loading from file system: file:/C:/Users/khein/IdeaProjects/TheOnlyException/Test/target/classes/assets/textures/dasd.png
15:37:00.103 [FXGL Background Thread 2 ] DEBUG FXGLAssetLoaderServi - Loading from file system: file:/C:/Users/khein/IdeaProjects/TheOnlyException/Test/target/classes/assets/textures/player-scaled.png
15:37:00.204 [FXGL Background Thread 2 ] INFO  FXGLApplication      - Game initialization took: 0.169 sec
15:37:00.206 [JavaFX Application Thread] DEBUG Input                - Clearing active input actions
15:37:00.218 [JavaFX Application Thread] DEBUG GameApplicationServi - Removing overlay from FXGLLoadingScene and adding to GameScene
15:37:00.218 [JavaFX Application Thread] DEBUG PrimaryStageWindow   - FXGLLoadingScene -> GameScene
15:37:01.445 [JavaFX Application Thread] DEBUG FXGLAssetLoaderServi - Loading from file system: file:/C:/Users/khein/IdeaProjects/TheOnlyException/Test/target/classes/assets/textures/MaggotWalk-scaled.png
15:37:02.469 [JavaFX Application Thread] DEBUG FXGLAssetLoaderServi - Loading from file system: file:/C:/Users/khein/IdeaProjects/TheOnlyException/Test/target/classes/assets/textures/BeetleMove-scaled.png
15:37:02.473 [JavaFX Application Thread] DEBUG FXGLAssetLoaderServi - Loading from file system: file:/C:/Users/khein/IdeaProjects/TheOnlyException/Test/target/classes/assets/textures/DragonFly.png
15:37:02.979 [JavaFX Application Thread] DEBUG FXGLAssetLoaderServi - Loading from file system: file:/C:/Users/khein/IdeaProjects/TheOnlyException/Test/target/classes/assets/textures/BeeMove-scaled.png
15:37:03.474 [JavaFX Application Thread] DEBUG FXGLAssetLoaderServi - Loading from file system: file:/C:/Users/khein/IdeaProjects/TheOnlyException/Test/target/classes/assets/textures/MantisMove-scaled.png
15:37:04.194 [JavaFX Application Thread] DEBUG FXGLApplication      - Exiting FXGL
15:37:04.194 [JavaFX Application Thread] DEBUG LoopRunner           - Stopping loop
15:37:04.194 [JavaFX Application Thread] DEBUG SystemBundleService  - Saving FXGL system data
15:37:04.201 [JavaFX Application Thread] DEBUG FileSystemAccess     - Writing to: C:\Users\khein\IdeaProjects\TheOnlyException\system\fxgl.bundle
15:37:04.206 [JavaFX Application Thread] DEBUG Async                - Shutting down background threads
15:37:04.206 [JavaFX Application Thread] DEBUG PrimaryStageWindow   - Closing main window
15:37:04.232 [JavaFX Application Thread] DEBUG Logger               - Closing Logger
