02:55:43.240 [main                     ] DEBUG Logger               - Configured Logger
02:55:43.243 [main                     ] DEBUG GameApplication      - Logging settings
Title: Prototype Game
Version: 0.1.5
Width: 1280
Height: 720
Fullscreen: false
Intro: false
Profiling: false
Single step:false
App Mode: DEVELOPER
Menu Key: ESCAPE
Stage Style: DECORATED
Scene Factory: class org.example.core.GameApp$1

02:55:43.361 [JavaFX Application Thread] DEBUG FXGLApplication      - Initializing FXGL
02:55:43.364 [JavaFX Application Thread] INFO  Engine               - FXGL-21+dev-SNAPSHOT (26.03.2024 19.46) on WINDOWS (J:24 FX:21.0.1)
02:55:43.364 [JavaFX Application Thread] DEBUG Engine               - JRE Vendor Name: Oracle Corporation
02:55:43.364 [JavaFX Application Thread] DEBUG Engine               - Running on OS: Windows 11 version 10.0
02:55:43.364 [JavaFX Application Thread] DEBUG Engine               - Architecture: amd64
02:55:43.364 [JavaFX Application Thread] INFO  Engine               - Source code and latest versions at: https://github.com/AlmasB/FXGL
02:55:43.364 [JavaFX Application Thread] INFO  Engine               -       Ask questions and discuss at: https://github.com/AlmasB/FXGL/discussions
02:55:43.364 [JavaFX Application Thread] INFO  Engine               -              Join the FXGL chat at: https://gitter.im/AlmasB/FXGL
02:55:43.450 [JavaFX Application Thread] DEBUG PrimaryStageWindow   - Creating a JavaFX scene
02:55:43.481 [JavaFX Application Thread] DEBUG PrimaryStageWindow   - Target settings size: 1280.0 x 720.0
02:55:43.481 [JavaFX Application Thread] DEBUG PrimaryStageWindow   - Scaled scene size:    1280.0 x 720.0
02:55:43.481 [JavaFX Application Thread] DEBUG PrimaryStageWindow   - Scaled ratio: (1.0, 1.0)
02:55:43.482 [JavaFX Application Thread] DEBUG PrimaryStageWindow   - Set initial scene to FXGLStartupScene
02:55:43.484 [JavaFX Application Thread] DEBUG PrimaryStageWindow   - Opening main window
02:55:43.577 [JavaFX Application Thread] DEBUG PrimaryStageWindow   - Window border size: (16.0, 39.0)
02:55:43.577 [JavaFX Application Thread] DEBUG PrimaryStageWindow   - Scaled size: 1280.0 x 720.0
02:55:43.577 [JavaFX Application Thread] DEBUG PrimaryStageWindow   - Scaled ratio: (1.0, 1.0)
02:55:43.578 [JavaFX Application Thread] DEBUG PrimaryStageWindow   - Scene size: 1280.0 x 720.0
02:55:43.578 [JavaFX Application Thread] DEBUG PrimaryStageWindow   - Stage size: 1296.0 x 759.0
02:55:43.583 [FXGL Background Thread 1 ] DEBUG Engine               - Initializing environment variables
02:55:43.628 [FXGL Background Thread 1 ] DEBUG FXGLAssetLoaderServi - User app class for loading assets: class org.example.core.GameApp
02:55:43.628 [FXGL Background Thread 1 ] DEBUG GameApplicationServi - Applying CSS: fxgl_dark.css
02:55:43.629 [FXGL Background Thread 1 ] DEBUG FXGLAssetLoaderServi - Loading from file system: jar:file:/C:/Users/primzcm/.m2/repository/com/github/almasb/fxgl/fxgl/21.1/fxgl-21.1.jar!/fxglassets/ui/css/fxgl_dark.css
02:55:43.666 [FXGL Background Thread 1 ] DEBUG GameApplicationServi - Initializing application scenes
02:55:43.685 [FXGL Background Thread 1 ] DEBUG GameWorld            - Game world initialized
02:55:43.734 [FXGL Background Thread 1 ] DEBUG PhysicsWorld         - Physics world initialized: appHeight=720, physics.ppm=50.0
02:55:43.734 [FXGL Background Thread 1 ] DEBUG PhysicsWorld         - Using strategy: BRUTE_FORCE
02:55:43.737 [FXGL Background Thread 1 ] DEBUG GameScene            - Game scene initialized: 1280x720
02:55:43.923 [FXGL Background Thread 1 ] DEBUG GameApplicationServi - Application scenes initialized
02:55:43.933 [FXGL Background Thread 1 ] DEBUG SystemBundleService  - Loading FXGL system data
02:55:43.937 [FXGL Background Thread 1 ] DEBUG FileSystemAccess     - Reading from: F:\my files\School\2nd year 2nd sem\TheOnlyException\system\fxgl.bundle
02:55:43.941 [FXGL Background Thread 1 ] DEBUG SystemBundleService  - Bundle FXGL: {}
02:55:43.941 [FXGL Background Thread 1 ] DEBUG UpdaterService       - Checking for updates
02:55:43.945 [FXGL Background Thread 4 ] DEBUG FXGLApplication      - Loading fonts
02:55:43.945 [FXGL Background Thread 4 ] DEBUG FXGLAssetLoaderServi - Loading from file system: jar:file:/C:/Users/primzcm/.m2/repository/com/github/almasb/fxgl/fxgl/21.1/fxgl-21.1.jar!/fxglassets/ui/fonts/VarelaRound-Regular.ttf
02:55:43.946 [FXGL Background Thread 1 ] DEBUG FXGLApplication      - Loading default localization
02:55:43.946 [FXGL Background Thread 1 ] DEBUG FXGLAssetLoaderServi - Loading from file system: jar:file:/C:/Users/primzcm/.m2/repository/com/github/almasb/fxgl/fxgl/21.1/fxgl-21.1.jar!/fxglassets/languages/english.lang
02:55:43.947 [FXGL Background Thread 4 ] DEBUG FXGLAssetLoaderServi - Loading from file system: jar:file:/C:/Users/primzcm/.m2/repository/com/github/almasb/fxgl/fxgl/21.1/fxgl-21.1.jar!/fxglassets/ui/fonts/Abel-Regular.ttf
02:55:43.949 [FXGL Background Thread 4 ] DEBUG FXGLAssetLoaderServi - Loading from file system: jar:file:/C:/Users/primzcm/.m2/repository/com/github/almasb/fxgl/fxgl/21.1/fxgl-21.1.jar!/fxglassets/ui/fonts/TerminalLandMono-Regular.otf
02:55:43.951 [FXGL Background Thread 4 ] DEBUG FXGLAssetLoaderServi - Loading from file system: jar:file:/C:/Users/primzcm/.m2/repository/com/github/almasb/fxgl/fxgl/21.1/fxgl-21.1.jar!/fxglassets/ui/fonts/Courier-Prime.ttf
02:55:43.957 [JavaFX Application Thread] DEBUG FXGLApplication      - Registering font factories with UI factory
02:55:43.967 [FXGL Background Thread 1 ] INFO  FXGLApplication      - FXGL initialization took: 0.383 sec
02:55:43.975 [JavaFX Application Thread] DEBUG Input                - Registered new binding: action0 - A
02:55:43.977 [JavaFX Application Thread] DEBUG Input                - Registered new binding: action1 - D
02:55:43.977 [JavaFX Application Thread] DEBUG Input                - Registered new binding: action2 - W
02:55:43.977 [JavaFX Application Thread] DEBUG Input                - Registered new binding: action3 - S
02:55:43.978 [JavaFX Application Thread] DEBUG Input                - Registered new binding: action4 - Esc
02:55:43.978 [JavaFX Application Thread] DEBUG FXGLAssetLoaderServi - Loading from file system: jar:file:/C:/Users/primzcm/.m2/repository/com/github/almasb/fxgl/fxgl/21.1/fxgl-21.1.jar!/fxglassets/textures/fxgl_icon.png
02:55:44.035 [JavaFX Application Thread] DEBUG FXGLAssetLoaderServi - Loading from file system: jar:file:/C:/Users/primzcm/.m2/repository/com/github/almasb/fxgl/fxgl/21.1/fxgl-21.1.jar!/fxglassets/textures/fxgl_default_cursor.png
02:55:44.040 [JavaFX Application Thread] DEBUG Input                - Registered new binding: Screenshot - CTRL+8
02:55:44.042 [JavaFX Application Thread] DEBUG Input                - Registered new binding: System info dump - CTRL+9
02:55:44.042 [JavaFX Application Thread] DEBUG Input                - Registered new binding: Restart - CTRL+R
02:55:44.044 [JavaFX Application Thread] DEBUG Input                - Registered new binding: Toggle Debug Camera - CTRL+7
02:55:44.047 [JavaFX Application Thread] DEBUG LoopRunner           - Starting loop
02:55:44.047 [JavaFX Application Thread] DEBUG LoopRunner           - Initializing JavaFX AnimationTimerLoop
02:55:44.050 [JavaFX Application Thread] DEBUG Input                - Clearing active input actions
02:55:44.058 [JavaFX Application Thread] DEBUG GameApplicationServi - Removing overlay from FXGLStartupScene and adding to FXGLMainMenuDummyScene
02:55:44.058 [JavaFX Application Thread] DEBUG PrimaryStageWindow   - FXGLStartupScene -> FXGLMainMenuDummyScene
02:55:44.058 [JavaFX Application Thread] DEBUG PrimaryStageWindow   - Push state: LoginScene
02:55:44.059 [JavaFX Application Thread] DEBUG Input                - Clearing active input actions
02:55:44.069 [JavaFX Application Thread] DEBUG GameApplicationServi - Removing overlay from FXGLMainMenuDummyScene and adding to LoginScene
02:55:44.070 [JavaFX Application Thread] DEBUG PrimaryStageWindow   - FXGLMainMenuDummyScene -> LoginScene
02:55:44.303 [FXGL Background Thread 2 ] INFO  UpdaterService       - Your current version:  21+dev-SNAPSHOT
02:55:44.304 [FXGL Background Thread 2 ] INFO  UpdaterService       - Latest stable version: 21.1
02:55:46.789 [JavaFX Application Thread] DEBUG GameWorld            - Game world initialized
02:55:46.789 [JavaFX Application Thread] DEBUG PhysicsWorld         - Physics world initialized: appHeight=720, physics.ppm=50.0
02:55:46.789 [JavaFX Application Thread] DEBUG PhysicsWorld         - Using strategy: BRUTE_FORCE
02:55:46.790 [JavaFX Application Thread] DEBUG GameScene            - Game scene initialized: 1280x720
02:55:46.810 [JavaFX Application Thread] DEBUG PrimaryStageWindow   - Push state: MainMenuScene
02:55:46.846 [JavaFX Application Thread] DEBUG Input                - Clearing active input actions
02:55:46.847 [JavaFX Application Thread] DEBUG GameApplicationServi - Removing overlay from LoginScene and adding to MainMenuScene
02:55:46.847 [JavaFX Application Thread] DEBUG PrimaryStageWindow   - LoginScene -> MainMenuScene
02:55:46.847 [JavaFX Application Thread] DEBUG GameWorld            - Game world initialized
02:55:46.847 [JavaFX Application Thread] DEBUG PhysicsWorld         - Physics world initialized: appHeight=720, physics.ppm=50.0
02:55:46.848 [JavaFX Application Thread] DEBUG PhysicsWorld         - Using strategy: BRUTE_FORCE
02:55:46.848 [JavaFX Application Thread] DEBUG GameScene            - Game scene initialized: 1280x720
02:55:46.859 [JavaFX Application Thread] DEBUG PrimaryStageWindow   - Push state: MainMenuScene
02:55:46.897 [JavaFX Application Thread] DEBUG Input                - Clearing active input actions
02:55:46.897 [JavaFX Application Thread] DEBUG GameApplicationServi - Removing overlay from MainMenuScene and adding to MainMenuScene
02:55:46.898 [JavaFX Application Thread] DEBUG PrimaryStageWindow   - MainMenuScene -> MainMenuScene
02:55:46.944 [FXGL Background Thread 3 ] DEBUG Engine               - Logging environment variables
02:55:46.944 [FXGL Background Thread 3 ] DEBUG Engine               - achievements: []
02:55:46.944 [FXGL Background Thread 3 ] DEBUG Engine               - actualHeight: 720.0
02:55:46.944 [FXGL Background Thread 3 ] DEBUG Engine               - actualHeightProperty: ReadOnlyDoubleProperty [value: 720.0]
02:55:46.944 [FXGL Background Thread 3 ] DEBUG Engine               - actualWidth: 1280.0
02:55:46.944 [FXGL Background Thread 3 ] DEBUG Engine               - actualWidthProperty: ReadOnlyDoubleProperty [value: 1280.0]
02:55:46.944 [FXGL Background Thread 3 ] DEBUG Engine               - appIcon: fxgl_icon.png
02:55:46.944 [FXGL Background Thread 3 ] DEBUG Engine               - applicationMode: DEVELOPER
02:55:46.945 [FXGL Background Thread 3 ] DEBUG Engine               - cSSList: [fxgl_dark.css]
02:55:46.945 [FXGL Background Thread 3 ] DEBUG Engine               - collisionDetectionStrategy: BRUTE_FORCE
02:55:46.945 [FXGL Background Thread 3 ] DEBUG Engine               - configClass: Optional.empty
02:55:46.945 [FXGL Background Thread 3 ] DEBUG Engine               - credits: []
02:55:46.948 [FXGL Background Thread 3 ] DEBUG Engine               - defaultCursor: CursorInfo(imageName=fxgl_default_cursor.png, hotspotX=7.0, hotspotY=6.0)
02:55:46.948 [FXGL Background Thread 3 ] DEBUG Engine               - devBBoxColorProperty: ObjectProperty [value: 0xff0000ff]
02:55:46.948 [FXGL Background Thread 3 ] DEBUG Engine               - devEnableDebugCameraProperty: BooleanProperty [value: false]
02:55:46.948 [FXGL Background Thread 3 ] DEBUG Engine               - devSensorColorProperty: ObjectProperty [value: 0xffff00ff]
02:55:46.948 [FXGL Background Thread 3 ] DEBUG Engine               - devShowBBoxProperty: BooleanProperty [value: false]
02:55:46.948 [FXGL Background Thread 3 ] DEBUG Engine               - devShowPositionProperty: BooleanProperty [value: false]
02:55:46.948 [FXGL Background Thread 3 ] DEBUG Engine               - enabledMenuItems: []
02:55:46.948 [FXGL Background Thread 3 ] DEBUG Engine               - engineServices: [class com.almasb.fxgl.app.services.FXGLAssetLoaderService, class com.almasb.fxgl.app.FXGLApplication$GameApplicationService, class com.almasb.fxgl.app.services.FXGLDialogService, class com.almasb.fxgl.app.services.IOTaskExecutorService, class com.almasb.fxgl.io.FileSystemService, class com.almasb.fxgl.localization.LocalizationService, class com.almasb.fxgl.app.services.SystemBundleService, class com.almasb.fxgl.profile.SaveLoadService, class com.almasb.fxgl.ui.FXGLUIFactoryServiceProvider, class com.almasb.fxgl.ui.FXGLDialogFactoryServiceProvider, class com.almasb.fxgl.audio.AudioPlayer, class com.almasb.fxgl.notification.impl.NotificationServiceProvider, class com.almasb.fxgl.achievement.AchievementService, class com.almasb.fxgl.cutscene.CutsceneService, class com.almasb.fxgl.minigames.MiniGameService, class com.almasb.fxgl.net.NetService, class com.almasb.fxgl.app.services.UpdaterService, class com.almasb.fxgl.dev.DevService]
02:55:46.948 [FXGL Background Thread 3 ] DEBUG Engine               - fontGame: Abel-Regular.ttf
02:55:46.948 [FXGL Background Thread 3 ] DEBUG Engine               - fontMono: TerminalLandMono-Regular.otf
02:55:46.948 [FXGL Background Thread 3 ] DEBUG Engine               - fontSizeScaleUI: 1.0
02:55:46.948 [FXGL Background Thread 3 ] DEBUG Engine               - fontText: Courier-Prime.ttf
02:55:46.948 [FXGL Background Thread 3 ] DEBUG Engine               - fontUI: VarelaRound-Regular.ttf
02:55:46.948 [FXGL Background Thread 3 ] DEBUG Engine               - fullScreen: BooleanProperty [value: false]
02:55:46.949 [FXGL Background Thread 3 ] DEBUG Engine               - gameDifficulty: MEDIUM
02:55:46.949 [FXGL Background Thread 3 ] DEBUG Engine               - gameDifficultyProperty: ObjectProperty [value: MEDIUM]
02:55:46.952 [FXGL Background Thread 3 ] DEBUG Engine               - globalMusicVolume: 0.5
02:55:46.952 [FXGL Background Thread 3 ] DEBUG Engine               - globalMusicVolumeProperty: DoubleProperty [value: 0.5]
02:55:46.952 [FXGL Background Thread 3 ] DEBUG Engine               - globalSoundVolume: 0.5
02:55:46.952 [FXGL Background Thread 3 ] DEBUG Engine               - globalSoundVolumeProperty: DoubleProperty [value: 0.5]
02:55:46.952 [FXGL Background Thread 3 ] DEBUG Engine               - height: 720
02:55:46.952 [FXGL Background Thread 3 ] DEBUG Engine               - is3D: false
02:55:46.953 [FXGL Background Thread 3 ] DEBUG Engine               - isAndroid: false
02:55:46.953 [FXGL Background Thread 3 ] DEBUG Engine               - isBrowser: false
02:55:46.953 [FXGL Background Thread 3 ] DEBUG Engine               - isClickFeedbackEnabled: false
02:55:46.953 [FXGL Background Thread 3 ] DEBUG Engine               - isCloseConfirmation: false
02:55:46.953 [FXGL Background Thread 3 ] DEBUG Engine               - isDesktop: true
02:55:46.953 [FXGL Background Thread 3 ] DEBUG Engine               - isDeveloperMenuEnabled: false
02:55:46.953 [FXGL Background Thread 3 ] DEBUG Engine               - isEmbedded: false
02:55:46.953 [FXGL Background Thread 3 ] DEBUG Engine               - isEntityPreloadEnabled: true
02:55:46.953 [FXGL Background Thread 3 ] DEBUG Engine               - isExperimentalTiledLargeMap: false
02:55:46.953 [FXGL Background Thread 3 ] DEBUG Engine               - isFileSystemWriteAllowed: true
02:55:46.953 [FXGL Background Thread 3 ] DEBUG Engine               - isFullScreenAllowed: false
02:55:46.953 [FXGL Background Thread 3 ] DEBUG Engine               - isFullScreenFromStart: false
02:55:46.953 [FXGL Background Thread 3 ] DEBUG Engine               - isGameMenuEnabled: false
02:55:46.953 [FXGL Background Thread 3 ] DEBUG Engine               - isIOS: false
02:55:46.953 [FXGL Background Thread 3 ] DEBUG Engine               - isIntroEnabled: false
02:55:46.953 [FXGL Background Thread 3 ] DEBUG Engine               - isLinux: false
02:55:46.953 [FXGL Background Thread 3 ] DEBUG Engine               - isMac: false
02:55:46.954 [FXGL Background Thread 3 ] DEBUG Engine               - isMainMenuEnabled: true
02:55:46.954 [FXGL Background Thread 3 ] DEBUG Engine               - isManualResizeEnabled: false
02:55:46.954 [FXGL Background Thread 3 ] DEBUG Engine               - isMobile: false
02:55:46.954 [FXGL Background Thread 3 ] DEBUG Engine               - isNative: false
02:55:46.954 [FXGL Background Thread 3 ] DEBUG Engine               - isPauseMusicWhenMinimized: true
02:55:46.954 [FXGL Background Thread 3 ] DEBUG Engine               - isPreserveResizeRatio: false
02:55:46.954 [FXGL Background Thread 3 ] DEBUG Engine               - isProfilingEnabled: false
02:55:46.954 [FXGL Background Thread 3 ] DEBUG Engine               - isScaleAffectedOnResize: true
02:55:46.954 [FXGL Background Thread 3 ] DEBUG Engine               - isSingleStep: false
02:55:46.954 [FXGL Background Thread 3 ] DEBUG Engine               - isUserProfileEnabled: false
02:55:46.954 [FXGL Background Thread 3 ] DEBUG Engine               - isWindows: true
02:55:46.954 [FXGL Background Thread 3 ] DEBUG Engine               - language: ObjectProperty [value: ENGLISH]
02:55:46.954 [FXGL Background Thread 3 ] DEBUG Engine               - menuKey: ESCAPE
02:55:46.954 [FXGL Background Thread 3 ] DEBUG Engine               - mouseSensitivity: 0.2
02:55:46.954 [FXGL Background Thread 3 ] DEBUG Engine               - notificationViewClass: class com.almasb.fxgl.notification.view.XboxNotificationView
02:55:46.954 [FXGL Background Thread 3 ] DEBUG Engine               - pixelsPerMeter: 50.0
02:55:46.954 [FXGL Background Thread 3 ] DEBUG Engine               - platform: WINDOWS
02:55:46.954 [FXGL Background Thread 3 ] DEBUG Engine               - prefHeightProperty: ReadOnlyDoubleProperty [value: 720.0]
02:55:46.954 [FXGL Background Thread 3 ] DEBUG Engine               - prefWidthProperty: ReadOnlyDoubleProperty [value: 1280.0]
02:55:46.954 [FXGL Background Thread 3 ] DEBUG Engine               - profileDir: profiles/
02:55:46.954 [FXGL Background Thread 3 ] DEBUG Engine               - profileName: StringProperty [value: DEFAULT]
02:55:46.954 [FXGL Background Thread 3 ] DEBUG Engine               - randomSeed: -1
02:55:46.954 [FXGL Background Thread 3 ] DEBUG Engine               - runtimeInfo: RuntimeInfo(platform=WINDOWS, version=21+dev-SNAPSHOT, build=26.03.2024 19.46)
02:55:46.954 [FXGL Background Thread 3 ] DEBUG Engine               - saveFileExt: sav
02:55:46.955 [FXGL Background Thread 3 ] DEBUG Engine               - scaledHeightProp$fxgl: DoubleProperty [bound, value: 720.0]
02:55:46.955 [FXGL Background Thread 3 ] DEBUG Engine               - scaledWidthProp$fxgl: DoubleProperty [bound, value: 1280.0]
02:55:46.955 [FXGL Background Thread 3 ] DEBUG Engine               - sceneFactory: org.example.core.GameApp$1@1cbaf3ca
02:55:46.955 [FXGL Background Thread 3 ] DEBUG Engine               - secondsIn24h: 60
02:55:46.955 [FXGL Background Thread 3 ] DEBUG Engine               - soundMenuBack: menu/back.wav
02:55:46.955 [FXGL Background Thread 3 ] DEBUG Engine               - soundMenuPress: menu/press.wav
02:55:46.955 [FXGL Background Thread 3 ] DEBUG Engine               - soundMenuSelect: menu/select.wav
02:55:46.955 [FXGL Background Thread 3 ] DEBUG Engine               - soundNotification: core/notification.wav
02:55:46.955 [FXGL Background Thread 3 ] DEBUG Engine               - stageStyle: DECORATED
02:55:46.955 [FXGL Background Thread 3 ] DEBUG Engine               - supportedLanguages: [ENGLISH, FRENCH, GERMAN, HUNGARIAN, RUSSIAN]
02:55:46.955 [FXGL Background Thread 3 ] DEBUG Engine               - ticksPerSecond: -1
02:55:46.955 [FXGL Background Thread 3 ] DEBUG Engine               - title: Prototype Game
02:55:46.955 [FXGL Background Thread 3 ] DEBUG Engine               - urlGithub: https://github.com/AlmasB/FXGL
02:55:46.955 [FXGL Background Thread 3 ] DEBUG Engine               - urlLeaderboard: http://fxgl-top.herokuapp.com/
02:55:46.955 [FXGL Background Thread 3 ] DEBUG Engine               - urlPOM: https://raw.githubusercontent.com/AlmasB/FXGL/release/README.md
02:55:46.955 [FXGL Background Thread 3 ] DEBUG Engine               - userAppClass: class org.example.core.GameApp
02:55:46.955 [FXGL Background Thread 3 ] DEBUG Engine               - version: 0.1.5
02:55:46.955 [FXGL Background Thread 3 ] DEBUG Engine               - versionCheckDays: 7
02:55:46.955 [FXGL Background Thread 3 ] DEBUG Engine               - width: 1280
02:55:46.955 [FXGL Background Thread 3 ] DEBUG Engine               - Logging services
02:55:46.955 [FXGL Background Thread 3 ] DEBUG Engine               - class com.almasb.fxgl.app.services.FXGLAssetLoaderService
02:55:46.955 [FXGL Background Thread 3 ] DEBUG Engine               - class com.almasb.fxgl.app.FXGLApplication$GameApplicationService
02:55:46.955 [FXGL Background Thread 3 ] DEBUG Engine               - class com.almasb.fxgl.app.services.FXGLDialogService
02:55:46.955 [FXGL Background Thread 3 ] DEBUG Engine               - class com.almasb.fxgl.app.services.IOTaskExecutorService
02:55:46.955 [FXGL Background Thread 3 ] DEBUG Engine               - class com.almasb.fxgl.io.FileSystemService
02:55:46.955 [FXGL Background Thread 3 ] DEBUG Engine               - class com.almasb.fxgl.localization.LocalizationService
02:55:46.955 [FXGL Background Thread 3 ] DEBUG Engine               - class com.almasb.fxgl.app.services.SystemBundleService
02:55:46.955 [FXGL Background Thread 3 ] DEBUG Engine               - class com.almasb.fxgl.profile.SaveLoadService
02:55:46.955 [FXGL Background Thread 3 ] DEBUG Engine               - class com.almasb.fxgl.ui.FXGLUIFactoryServiceProvider
02:55:46.955 [FXGL Background Thread 3 ] DEBUG Engine               - class com.almasb.fxgl.ui.FXGLDialogFactoryServiceProvider
02:55:46.955 [FXGL Background Thread 3 ] DEBUG Engine               - class com.almasb.fxgl.audio.AudioPlayer
02:55:46.955 [FXGL Background Thread 3 ] DEBUG Engine               - class com.almasb.fxgl.notification.impl.NotificationServiceProvider
02:55:46.955 [FXGL Background Thread 3 ] DEBUG Engine               - class com.almasb.fxgl.achievement.AchievementService
02:55:46.955 [FXGL Background Thread 3 ] DEBUG Engine               - class com.almasb.fxgl.cutscene.CutsceneService
02:55:46.955 [FXGL Background Thread 3 ] DEBUG Engine               - class com.almasb.fxgl.minigames.MiniGameService
02:55:46.955 [FXGL Background Thread 3 ] DEBUG Engine               - class com.almasb.fxgl.net.NetService
02:55:46.956 [FXGL Background Thread 3 ] DEBUG Engine               - class com.almasb.fxgl.app.services.UpdaterService
02:55:46.956 [FXGL Background Thread 3 ] DEBUG Engine               - class com.almasb.fxgl.dev.DevService
02:55:48.059 [JavaFX Application Thread] DEBUG GameApplicationServi - Starting new game
02:55:48.060 [JavaFX Application Thread] DEBUG PrimaryStageWindow   - Pop state: MainMenuScene
02:55:48.060 [JavaFX Application Thread] DEBUG Input                - Clearing active input actions
02:55:48.060 [JavaFX Application Thread] DEBUG GameApplicationServi - Removing overlay from MainMenuScene and adding to MainMenuScene
02:55:48.061 [JavaFX Application Thread] DEBUG PrimaryStageWindow   - MainMenuScene <- MainMenuScene
02:55:48.117 [JavaFX Application Thread] DEBUG PrimaryStageWindow   - Pop state: MainMenuScene
02:55:48.118 [JavaFX Application Thread] DEBUG Input                - Clearing active input actions
02:55:48.118 [JavaFX Application Thread] DEBUG GameApplicationServi - Removing overlay from MainMenuScene and adding to LoginScene
02:55:48.118 [JavaFX Application Thread] DEBUG PrimaryStageWindow   - LoginScene <- MainMenuScene
02:55:48.168 [JavaFX Application Thread] DEBUG PrimaryStageWindow   - Pop state: LoginScene
02:55:48.168 [JavaFX Application Thread] DEBUG Input                - Clearing active input actions
02:55:48.168 [JavaFX Application Thread] DEBUG GameApplicationServi - Removing overlay from LoginScene and adding to FXGLMainMenuDummyScene
02:55:48.168 [JavaFX Application Thread] DEBUG PrimaryStageWindow   - FXGLMainMenuDummyScene <- LoginScene
02:55:48.168 [JavaFX Application Thread] DEBUG Input                - Clearing active input actions
02:55:48.178 [JavaFX Application Thread] DEBUG GameApplicationServi - Removing overlay from FXGLMainMenuDummyScene and adding to FXGLLoadingScene
02:55:48.178 [JavaFX Application Thread] DEBUG PrimaryStageWindow   - FXGLMainMenuDummyScene -> FXGLLoadingScene
02:55:48.178 [JavaFX Application Thread] DEBUG GameApplicationServi - Clearing previous game
02:55:48.178 [JavaFX Application Thread] DEBUG GameScene            - Clearing game scene
02:55:48.178 [JavaFX Application Thread] DEBUG GameWorld            - Clearing game world
02:55:48.178 [JavaFX Application Thread] DEBUG PhysicsWorld         - Clearing physics world
02:55:48.179 [FXGL Background Thread 2 ] DEBUG FXGLApplication      - Initializing game
02:55:48.189 [FXGL Background Thread 2 ] DEBUG FXGLAssetLoaderServi - Loading from file system: file:/F:/my%20files/School/2nd%20year%202nd%20sem/TheOnlyException/Test/target/classes/assets/textures/worlda.png
02:55:48.243 [FXGL Background Thread 2 ] DEBUG FXGLAssetLoaderServi - Loading from file system: file:/F:/my%20files/School/2nd%20year%202nd%20sem/TheOnlyException/Test/target/classes/assets/textures/player-scaled.png
02:55:48.281 [FXGL Background Thread 2 ] INFO  FXGLApplication      - Game initialization took: 0.101 sec
02:55:48.281 [JavaFX Application Thread] DEBUG Input                - Clearing active input actions
02:55:48.285 [JavaFX Application Thread] DEBUG GameApplicationServi - Removing overlay from FXGLLoadingScene and adding to GameScene
02:55:48.285 [JavaFX Application Thread] DEBUG PrimaryStageWindow   - FXGLLoadingScene -> GameScene
02:55:48.792 [JavaFX Application Thread] DEBUG FXGLAssetLoaderServi - Loading from file system: file:/F:/my%20files/School/2nd%20year%202nd%20sem/TheOnlyException/Test/target/classes/assets/textures/bullet.png
02:55:49.113 [JavaFX Application Thread] DEBUG FXGLAssetLoaderServi - Loading from file system: file:/F:/my%20files/School/2nd%20year%202nd%20sem/TheOnlyException/Test/target/classes/assets/textures/MaggotWalk-scaled-recolored.png
02:55:49.118 [JavaFX Application Thread] DEBUG FXGLAssetLoaderServi - Loading from file system: file:/F:/my%20files/School/2nd%20year%202nd%20sem/TheOnlyException/Test/target/classes/assets/textures/BeetleMove-scaled-recolored.png
02:55:49.120 [JavaFX Application Thread] DEBUG FXGLAssetLoaderServi - Loading from file system: file:/F:/my%20files/School/2nd%20year%202nd%20sem/TheOnlyException/Test/target/classes/assets/textures/MantisMove-scaled-recolored.png
02:55:49.122 [JavaFX Application Thread] DEBUG FXGLAssetLoaderServi - Loading from file system: file:/F:/my%20files/School/2nd%20year%202nd%20sem/TheOnlyException/Test/target/classes/assets/textures/BeeMove-scaled-recolored.png
02:55:49.123 [JavaFX Application Thread] DEBUG FXGLAssetLoaderServi - Loading from file system: file:/F:/my%20files/School/2nd%20year%202nd%20sem/TheOnlyException/Test/target/classes/assets/textures/GiantFly-recolored.png
02:55:49.125 [JavaFX Application Thread] DEBUG FXGLAssetLoaderServi - Loading from file system: file:/F:/my%20files/School/2nd%20year%202nd%20sem/TheOnlyException/Test/target/classes/assets/textures/DragonFly-recolored.png
02:55:55.782 [JavaFX Application Thread] DEBUG FXGLAssetLoaderServi - Loading from file system: file:/F:/my%20files/School/2nd%20year%202nd%20sem/TheOnlyException/Test/target/classes/assets/textures/memorychip.png
02:55:55.892 [JavaFX Application Thread] DEBUG GameWorld            - Game world initialized
02:55:55.893 [JavaFX Application Thread] DEBUG PhysicsWorld         - Physics world initialized: appHeight=720, physics.ppm=50.0
02:55:55.893 [JavaFX Application Thread] DEBUG PhysicsWorld         - Using strategy: BRUTE_FORCE
02:55:55.893 [JavaFX Application Thread] DEBUG GameScene            - Game scene initialized: 1280x720
02:55:55.905 [JavaFX Application Thread] DEBUG PrimaryStageWindow   - Push state: PauseScene
02:55:55.905 [JavaFX Application Thread] DEBUG Input                - Clearing active input actions
02:55:55.910 [JavaFX Application Thread] DEBUG GameApplicationServi - Removing overlay from GameScene and adding to PauseScene
02:55:55.910 [JavaFX Application Thread] DEBUG PrimaryStageWindow   - GameScene -> PauseScene
02:55:56.445 [JavaFX Application Thread] DEBUG PrimaryStageWindow   - Pop state: PauseScene
02:55:56.447 [JavaFX Application Thread] DEBUG Input                - Clearing active input actions
02:55:56.447 [JavaFX Application Thread] DEBUG GameApplicationServi - Removing overlay from PauseScene and adding to GameScene
02:55:56.447 [JavaFX Application Thread] DEBUG PrimaryStageWindow   - GameScene <- PauseScene
02:55:56.460 [JavaFX Application Thread] DEBUG GameWorld            - Game world initialized
02:55:56.461 [JavaFX Application Thread] DEBUG PhysicsWorld         - Physics world initialized: appHeight=720, physics.ppm=50.0
02:55:56.461 [JavaFX Application Thread] DEBUG PhysicsWorld         - Using strategy: BRUTE_FORCE
02:55:56.461 [JavaFX Application Thread] DEBUG GameScene            - Game scene initialized: 1280x720
02:55:56.471 [JavaFX Application Thread] DEBUG PrimaryStageWindow   - Push state: MainMenuScene
02:55:56.496 [JavaFX Application Thread] DEBUG Input                - Clearing active input actions
02:55:56.497 [JavaFX Application Thread] DEBUG GameApplicationServi - Removing overlay from GameScene and adding to MainMenuScene
02:55:56.497 [JavaFX Application Thread] DEBUG PrimaryStageWindow   - GameScene -> MainMenuScene
02:55:57.875 [JavaFX Application Thread] DEBUG PrimaryStageWindow   - Push state: DialogSubScene
02:55:57.876 [JavaFX Application Thread] DEBUG Input                - Clearing active input actions
02:55:57.878 [JavaFX Application Thread] DEBUG GameApplicationServi - Removing overlay from MainMenuScene and adding to DialogSubScene
02:55:57.878 [JavaFX Application Thread] DEBUG PrimaryStageWindow   - MainMenuScene -> DialogSubScene
02:55:59.092 [JavaFX Application Thread] DEBUG PrimaryStageWindow   - Pop state: DialogSubScene
02:55:59.093 [JavaFX Application Thread] DEBUG Input                - Clearing active input actions
02:55:59.094 [JavaFX Application Thread] DEBUG GameApplicationServi - Removing overlay from DialogSubScene and adding to MainMenuScene
02:55:59.094 [JavaFX Application Thread] DEBUG PrimaryStageWindow   - MainMenuScene <- DialogSubScene
02:56:00.429 [JavaFX Application Thread] DEBUG PrimaryStageWindow   - Pop state: MainMenuScene
02:56:00.429 [JavaFX Application Thread] DEBUG Input                - Clearing active input actions
02:56:00.430 [JavaFX Application Thread] DEBUG GameApplicationServi - Removing overlay from MainMenuScene and adding to GameScene
02:56:00.430 [JavaFX Application Thread] DEBUG PrimaryStageWindow   - GameScene <- MainMenuScene
02:56:00.439 [JavaFX Application Thread] DEBUG PrimaryStageWindow   - Push state: LoginScene
02:56:00.439 [JavaFX Application Thread] DEBUG Input                - Clearing active input actions
02:56:00.440 [JavaFX Application Thread] DEBUG GameApplicationServi - Removing overlay from GameScene and adding to LoginScene
02:56:00.440 [JavaFX Application Thread] DEBUG PrimaryStageWindow   - GameScene -> LoginScene
02:56:03.915 [JavaFX Application Thread] DEBUG GameWorld            - Game world initialized
02:56:03.917 [JavaFX Application Thread] DEBUG PhysicsWorld         - Physics world initialized: appHeight=720, physics.ppm=50.0
02:56:03.917 [JavaFX Application Thread] DEBUG PhysicsWorld         - Using strategy: BRUTE_FORCE
02:56:03.917 [JavaFX Application Thread] DEBUG GameScene            - Game scene initialized: 1280x720
02:56:03.925 [JavaFX Application Thread] DEBUG PrimaryStageWindow   - Push state: MainMenuScene
02:56:03.950 [JavaFX Application Thread] DEBUG Input                - Clearing active input actions
02:56:03.951 [JavaFX Application Thread] DEBUG GameApplicationServi - Removing overlay from LoginScene and adding to MainMenuScene
02:56:03.951 [JavaFX Application Thread] DEBUG PrimaryStageWindow   - LoginScene -> MainMenuScene
02:56:05.555 [JavaFX Application Thread] DEBUG PrimaryStageWindow   - Pop state: MainMenuScene
02:56:05.555 [JavaFX Application Thread] DEBUG Input                - Clearing active input actions
02:56:05.555 [JavaFX Application Thread] DEBUG GameApplicationServi - Removing overlay from MainMenuScene and adding to LoginScene
02:56:05.555 [JavaFX Application Thread] DEBUG PrimaryStageWindow   - LoginScene <- MainMenuScene
02:56:05.563 [JavaFX Application Thread] DEBUG PrimaryStageWindow   - Push state: LoginScene
02:56:05.563 [JavaFX Application Thread] DEBUG Input                - Clearing active input actions
02:56:05.564 [JavaFX Application Thread] DEBUG GameApplicationServi - Removing overlay from LoginScene and adding to LoginScene
02:56:05.564 [JavaFX Application Thread] DEBUG PrimaryStageWindow   - LoginScene -> LoginScene
02:56:07.954 [JavaFX Application Thread] DEBUG GameWorld            - Game world initialized
02:56:07.954 [JavaFX Application Thread] DEBUG PhysicsWorld         - Physics world initialized: appHeight=720, physics.ppm=50.0
02:56:07.954 [JavaFX Application Thread] DEBUG PhysicsWorld         - Using strategy: BRUTE_FORCE
02:56:07.955 [JavaFX Application Thread] DEBUG GameScene            - Game scene initialized: 1280x720
02:56:07.962 [JavaFX Application Thread] DEBUG PrimaryStageWindow   - Push state: MainMenuScene
02:56:08.001 [JavaFX Application Thread] DEBUG Input                - Clearing active input actions
02:56:08.002 [JavaFX Application Thread] DEBUG GameApplicationServi - Removing overlay from LoginScene and adding to MainMenuScene
02:56:08.002 [JavaFX Application Thread] DEBUG PrimaryStageWindow   - LoginScene -> MainMenuScene
02:56:08.877 [JavaFX Application Thread] DEBUG FXGLApplication      - Exiting FXGL
02:56:08.878 [JavaFX Application Thread] DEBUG LoopRunner           - Stopping loop
02:56:08.878 [JavaFX Application Thread] DEBUG SystemBundleService  - Saving FXGL system data
02:56:08.879 [JavaFX Application Thread] DEBUG FileSystemAccess     - Writing to: F:\my files\School\2nd year 2nd sem\TheOnlyException\system\fxgl.bundle
02:56:08.935 [JavaFX Application Thread] DEBUG Async                - Shutting down background threads
02:56:08.935 [JavaFX Application Thread] DEBUG PrimaryStageWindow   - Closing main window
02:56:08.946 [JavaFX Application Thread] DEBUG Logger               - Closing Logger
