22:43:25.916 [main                     ] DEBUG Logger               - Configured Logger
22:43:25.921 [main                     ] DEBUG GameApplication      - Logging settings
Title: Prototype Game
Version: 0.1.5
Width: 1280
Height: 720
Fullscreen: false
Intro: false
Profiling: false
Single step:false
App Mode: DEVELOPER
Menu Key: ESCAPE
Stage Style: DECORATED
Scene Factory: class org.example.core.GameApp$1

22:43:26.053 [JavaFX Application Thread] DEBUG FXGLApplication      - Initializing FXGL
22:43:26.055 [JavaFX Application Thread] INFO  Engine               - FXGL-21+dev-SNAPSHOT (26.03.2024 19.46) on WINDOWS (J:24 FX:21.0.1)
22:43:26.056 [JavaFX Application Thread] DEBUG Engine               - JRE Vendor Name: Oracle Corporation
22:43:26.056 [JavaFX Application Thread] DEBUG Engine               - Running on OS: Windows 11 version 10.0
22:43:26.056 [JavaFX Application Thread] DEBUG Engine               - Architecture: amd64
22:43:26.056 [JavaFX Application Thread] INFO  Engine               - Source code and latest versions at: https://github.com/AlmasB/FXGL
22:43:26.056 [JavaFX Application Thread] INFO  Engine               -       Ask questions and discuss at: https://github.com/AlmasB/FXGL/discussions
22:43:26.056 [JavaFX Application Thread] INFO  Engine               -              Join the FXGL chat at: https://gitter.im/AlmasB/FXGL
22:43:26.156 [JavaFX Application Thread] DEBUG PrimaryStageWindow   - Creating a JavaFX scene
22:43:26.204 [JavaFX Application Thread] DEBUG PrimaryStageWindow   - Target settings size: 1280.0 x 720.0
22:43:26.205 [JavaFX Application Thread] DEBUG PrimaryStageWindow   - Scaled scene size:    1280.0 x 720.0
22:43:26.205 [JavaFX Application Thread] DEBUG PrimaryStageWindow   - Scaled ratio: (1.0, 1.0)
22:43:26.206 [JavaFX Application Thread] DEBUG PrimaryStageWindow   - Set initial scene to FXGLStartupScene
22:43:26.211 [JavaFX Application Thread] DEBUG PrimaryStageWindow   - Opening main window
22:43:26.314 [JavaFX Application Thread] DEBUG PrimaryStageWindow   - Window border size: (16.0, 39.0)
22:43:26.314 [JavaFX Application Thread] DEBUG PrimaryStageWindow   - Scaled size: 1280.0 x 720.0
22:43:26.315 [JavaFX Application Thread] DEBUG PrimaryStageWindow   - Scaled ratio: (1.0, 1.0)
22:43:26.315 [JavaFX Application Thread] DEBUG PrimaryStageWindow   - Scene size: 1280.0 x 720.0
22:43:26.315 [JavaFX Application Thread] DEBUG PrimaryStageWindow   - Stage size: 1296.0 x 759.0
22:43:26.321 [FXGL Background Thread 1 ] DEBUG Engine               - Initializing environment variables
22:43:26.365 [FXGL Background Thread 1 ] DEBUG FXGLAssetLoaderServi - User app class for loading assets: class org.example.core.GameApp
22:43:26.365 [FXGL Background Thread 1 ] DEBUG GameApplicationServi - Applying CSS: fxgl_dark.css
22:43:26.365 [FXGL Background Thread 1 ] DEBUG FXGLAssetLoaderServi - Loading from file system: jar:file:/C:/Users/primzcm/.m2/repository/com/github/almasb/fxgl/fxgl/21.1/fxgl-21.1.jar!/fxglassets/ui/css/fxgl_dark.css
22:43:26.396 [FXGL Background Thread 1 ] DEBUG GameApplicationServi - Initializing application scenes
22:43:26.421 [FXGL Background Thread 1 ] DEBUG GameWorld            - Game world initialized
22:43:26.462 [FXGL Background Thread 1 ] DEBUG PhysicsWorld         - Physics world initialized: appHeight=720, physics.ppm=50.0
22:43:26.462 [FXGL Background Thread 1 ] DEBUG PhysicsWorld         - Using strategy: BRUTE_FORCE
22:43:26.465 [FXGL Background Thread 1 ] DEBUG GameScene            - Game scene initialized: 1280x720
22:43:26.652 [FXGL Background Thread 1 ] DEBUG GameApplicationServi - Application scenes initialized
22:43:26.664 [FXGL Background Thread 1 ] DEBUG SystemBundleService  - Loading FXGL system data
22:43:26.666 [FXGL Background Thread 1 ] DEBUG FileSystemAccess     - Reading from: F:\my files\School\2nd year 2nd sem\TheOnlyException\system\fxgl.bundle
22:43:26.670 [FXGL Background Thread 1 ] DEBUG SystemBundleService  - Bundle FXGL: {}
22:43:26.670 [FXGL Background Thread 1 ] DEBUG UpdaterService       - Checking for updates
22:43:26.675 [FXGL Background Thread 4 ] DEBUG FXGLApplication      - Loading fonts
22:43:26.675 [FXGL Background Thread 4 ] DEBUG FXGLAssetLoaderServi - Loading from file system: jar:file:/C:/Users/primzcm/.m2/repository/com/github/almasb/fxgl/fxgl/21.1/fxgl-21.1.jar!/fxglassets/ui/fonts/VarelaRound-Regular.ttf
22:43:26.676 [FXGL Background Thread 1 ] DEBUG FXGLApplication      - Loading default localization
22:43:26.676 [FXGL Background Thread 1 ] DEBUG FXGLAssetLoaderServi - Loading from file system: jar:file:/C:/Users/primzcm/.m2/repository/com/github/almasb/fxgl/fxgl/21.1/fxgl-21.1.jar!/fxglassets/languages/english.lang
22:43:26.678 [FXGL Background Thread 4 ] DEBUG FXGLAssetLoaderServi - Loading from file system: jar:file:/C:/Users/primzcm/.m2/repository/com/github/almasb/fxgl/fxgl/21.1/fxgl-21.1.jar!/fxglassets/ui/fonts/Abel-Regular.ttf
22:43:26.681 [FXGL Background Thread 4 ] DEBUG FXGLAssetLoaderServi - Loading from file system: jar:file:/C:/Users/primzcm/.m2/repository/com/github/almasb/fxgl/fxgl/21.1/fxgl-21.1.jar!/fxglassets/ui/fonts/TerminalLandMono-Regular.otf
22:43:26.682 [FXGL Background Thread 4 ] DEBUG FXGLAssetLoaderServi - Loading from file system: jar:file:/C:/Users/primzcm/.m2/repository/com/github/almasb/fxgl/fxgl/21.1/fxgl-21.1.jar!/fxglassets/ui/fonts/Courier-Prime.ttf
22:43:26.688 [JavaFX Application Thread] DEBUG FXGLApplication      - Registering font factories with UI factory
22:43:26.698 [FXGL Background Thread 1 ] INFO  FXGLApplication      - FXGL initialization took: 0.378 sec
22:43:26.706 [JavaFX Application Thread] DEBUG Input                - Registered new binding: action0 - A
22:43:26.706 [JavaFX Application Thread] DEBUG Input                - Registered new binding: action1 - D
22:43:26.706 [JavaFX Application Thread] DEBUG Input                - Registered new binding: action2 - W
22:43:26.706 [JavaFX Application Thread] DEBUG Input                - Registered new binding: action3 - S
22:43:26.708 [JavaFX Application Thread] DEBUG Input                - Registered new binding: action4 - Esc
22:43:26.708 [JavaFX Application Thread] DEBUG FXGLAssetLoaderServi - Loading from file system: jar:file:/C:/Users/primzcm/.m2/repository/com/github/almasb/fxgl/fxgl/21.1/fxgl-21.1.jar!/fxglassets/textures/fxgl_icon.png
22:43:26.754 [JavaFX Application Thread] DEBUG FXGLAssetLoaderServi - Loading from file system: jar:file:/C:/Users/primzcm/.m2/repository/com/github/almasb/fxgl/fxgl/21.1/fxgl-21.1.jar!/fxglassets/textures/fxgl_default_cursor.png
22:43:26.762 [JavaFX Application Thread] DEBUG Input                - Registered new binding: Screenshot - CTRL+8
22:43:26.763 [JavaFX Application Thread] DEBUG Input                - Registered new binding: System info dump - CTRL+9
22:43:26.763 [JavaFX Application Thread] DEBUG Input                - Registered new binding: Restart - CTRL+R
22:43:26.764 [JavaFX Application Thread] DEBUG Input                - Registered new binding: Toggle Debug Camera - CTRL+7
22:43:26.770 [JavaFX Application Thread] DEBUG LoopRunner           - Starting loop
22:43:26.770 [JavaFX Application Thread] DEBUG LoopRunner           - Initializing JavaFX AnimationTimerLoop
22:43:26.774 [JavaFX Application Thread] DEBUG Input                - Clearing active input actions
22:43:26.782 [JavaFX Application Thread] DEBUG GameApplicationServi - Removing overlay from FXGLStartupScene and adding to FXGLMainMenuDummyScene
22:43:26.782 [JavaFX Application Thread] DEBUG PrimaryStageWindow   - FXGLStartupScene -> FXGLMainMenuDummyScene
22:43:26.782 [JavaFX Application Thread] DEBUG PrimaryStageWindow   - Push state: LoginScene
22:43:26.783 [JavaFX Application Thread] DEBUG Input                - Clearing active input actions
22:43:26.799 [JavaFX Application Thread] DEBUG GameApplicationServi - Removing overlay from FXGLMainMenuDummyScene and adding to LoginScene
22:43:26.800 [JavaFX Application Thread] DEBUG PrimaryStageWindow   - FXGLMainMenuDummyScene -> LoginScene
22:43:27.033 [FXGL Background Thread 2 ] INFO  UpdaterService       - Your current version:  21+dev-SNAPSHOT
22:43:27.034 [FXGL Background Thread 2 ] INFO  UpdaterService       - Latest stable version: 21.1
22:43:29.675 [FXGL Background Thread 3 ] DEBUG Engine               - Logging environment variables
22:43:29.675 [FXGL Background Thread 3 ] DEBUG Engine               - achievements: []
22:43:29.675 [FXGL Background Thread 3 ] DEBUG Engine               - actualHeight: 720.0
22:43:29.675 [FXGL Background Thread 3 ] DEBUG Engine               - actualHeightProperty: ReadOnlyDoubleProperty [value: 720.0]
22:43:29.675 [FXGL Background Thread 3 ] DEBUG Engine               - actualWidth: 1280.0
22:43:29.675 [FXGL Background Thread 3 ] DEBUG Engine               - actualWidthProperty: ReadOnlyDoubleProperty [value: 1280.0]
22:43:29.675 [FXGL Background Thread 3 ] DEBUG Engine               - appIcon: fxgl_icon.png
22:43:29.675 [FXGL Background Thread 3 ] DEBUG Engine               - applicationMode: DEVELOPER
22:43:29.675 [FXGL Background Thread 3 ] DEBUG Engine               - cSSList: [fxgl_dark.css]
22:43:29.676 [FXGL Background Thread 3 ] DEBUG Engine               - collisionDetectionStrategy: BRUTE_FORCE
22:43:29.676 [FXGL Background Thread 3 ] DEBUG Engine               - configClass: Optional.empty
22:43:29.676 [FXGL Background Thread 3 ] DEBUG Engine               - credits: []
22:43:29.677 [FXGL Background Thread 3 ] DEBUG Engine               - defaultCursor: CursorInfo(imageName=fxgl_default_cursor.png, hotspotX=7.0, hotspotY=6.0)
22:43:29.677 [FXGL Background Thread 3 ] DEBUG Engine               - devBBoxColorProperty: ObjectProperty [value: 0xff0000ff]
22:43:29.677 [FXGL Background Thread 3 ] DEBUG Engine               - devEnableDebugCameraProperty: BooleanProperty [value: false]
22:43:29.677 [FXGL Background Thread 3 ] DEBUG Engine               - devSensorColorProperty: ObjectProperty [value: 0xffff00ff]
22:43:29.677 [FXGL Background Thread 3 ] DEBUG Engine               - devShowBBoxProperty: BooleanProperty [value: false]
22:43:29.677 [FXGL Background Thread 3 ] DEBUG Engine               - devShowPositionProperty: BooleanProperty [value: false]
22:43:29.678 [FXGL Background Thread 3 ] DEBUG Engine               - enabledMenuItems: []
22:43:29.678 [FXGL Background Thread 3 ] DEBUG Engine               - engineServices: [class com.almasb.fxgl.app.services.FXGLAssetLoaderService, class com.almasb.fxgl.app.FXGLApplication$GameApplicationService, class com.almasb.fxgl.app.services.FXGLDialogService, class com.almasb.fxgl.app.services.IOTaskExecutorService, class com.almasb.fxgl.io.FileSystemService, class com.almasb.fxgl.localization.LocalizationService, class com.almasb.fxgl.app.services.SystemBundleService, class com.almasb.fxgl.profile.SaveLoadService, class com.almasb.fxgl.ui.FXGLUIFactoryServiceProvider, class com.almasb.fxgl.ui.FXGLDialogFactoryServiceProvider, class com.almasb.fxgl.audio.AudioPlayer, class com.almasb.fxgl.notification.impl.NotificationServiceProvider, class com.almasb.fxgl.achievement.AchievementService, class com.almasb.fxgl.cutscene.CutsceneService, class com.almasb.fxgl.minigames.MiniGameService, class com.almasb.fxgl.net.NetService, class com.almasb.fxgl.app.services.UpdaterService, class com.almasb.fxgl.dev.DevService]
22:43:29.678 [FXGL Background Thread 3 ] DEBUG Engine               - fontGame: Abel-Regular.ttf
22:43:29.678 [FXGL Background Thread 3 ] DEBUG Engine               - fontMono: TerminalLandMono-Regular.otf
22:43:29.678 [FXGL Background Thread 3 ] DEBUG Engine               - fontSizeScaleUI: 1.0
22:43:29.678 [FXGL Background Thread 3 ] DEBUG Engine               - fontText: Courier-Prime.ttf
22:43:29.678 [FXGL Background Thread 3 ] DEBUG Engine               - fontUI: VarelaRound-Regular.ttf
22:43:29.678 [FXGL Background Thread 3 ] DEBUG Engine               - fullScreen: BooleanProperty [value: false]
22:43:29.678 [FXGL Background Thread 3 ] DEBUG Engine               - gameDifficulty: MEDIUM
22:43:29.678 [FXGL Background Thread 3 ] DEBUG Engine               - gameDifficultyProperty: ObjectProperty [value: MEDIUM]
22:43:29.678 [FXGL Background Thread 3 ] DEBUG Engine               - globalMusicVolume: 0.5
22:43:29.678 [FXGL Background Thread 3 ] DEBUG Engine               - globalMusicVolumeProperty: DoubleProperty [value: 0.5]
22:43:29.678 [FXGL Background Thread 3 ] DEBUG Engine               - globalSoundVolume: 0.5
22:43:29.678 [FXGL Background Thread 3 ] DEBUG Engine               - globalSoundVolumeProperty: DoubleProperty [value: 0.5]
22:43:29.678 [FXGL Background Thread 3 ] DEBUG Engine               - height: 720
22:43:29.678 [FXGL Background Thread 3 ] DEBUG Engine               - is3D: false
22:43:29.678 [FXGL Background Thread 3 ] DEBUG Engine               - isAndroid: false
22:43:29.678 [FXGL Background Thread 3 ] DEBUG Engine               - isBrowser: false
22:43:29.678 [FXGL Background Thread 3 ] DEBUG Engine               - isClickFeedbackEnabled: false
22:43:29.678 [FXGL Background Thread 3 ] DEBUG Engine               - isCloseConfirmation: false
22:43:29.678 [FXGL Background Thread 3 ] DEBUG Engine               - isDesktop: true
22:43:29.678 [FXGL Background Thread 3 ] DEBUG Engine               - isDeveloperMenuEnabled: false
22:43:29.678 [FXGL Background Thread 3 ] DEBUG Engine               - isEmbedded: false
22:43:29.678 [FXGL Background Thread 3 ] DEBUG Engine               - isEntityPreloadEnabled: true
22:43:29.678 [FXGL Background Thread 3 ] DEBUG Engine               - isExperimentalTiledLargeMap: false
22:43:29.678 [FXGL Background Thread 3 ] DEBUG Engine               - isFileSystemWriteAllowed: true
22:43:29.678 [FXGL Background Thread 3 ] DEBUG Engine               - isFullScreenAllowed: false
22:43:29.678 [FXGL Background Thread 3 ] DEBUG Engine               - isFullScreenFromStart: false
22:43:29.678 [FXGL Background Thread 3 ] DEBUG Engine               - isGameMenuEnabled: false
22:43:29.678 [FXGL Background Thread 3 ] DEBUG Engine               - isIOS: false
22:43:29.678 [FXGL Background Thread 3 ] DEBUG Engine               - isIntroEnabled: false
22:43:29.678 [FXGL Background Thread 3 ] DEBUG Engine               - isLinux: false
22:43:29.678 [FXGL Background Thread 3 ] DEBUG Engine               - isMac: false
22:43:29.678 [FXGL Background Thread 3 ] DEBUG Engine               - isMainMenuEnabled: true
22:43:29.678 [FXGL Background Thread 3 ] DEBUG Engine               - isManualResizeEnabled: false
22:43:29.678 [FXGL Background Thread 3 ] DEBUG Engine               - isMobile: false
22:43:29.678 [FXGL Background Thread 3 ] DEBUG Engine               - isNative: false
22:43:29.678 [FXGL Background Thread 3 ] DEBUG Engine               - isPauseMusicWhenMinimized: true
22:43:29.678 [FXGL Background Thread 3 ] DEBUG Engine               - isPreserveResizeRatio: false
22:43:29.678 [FXGL Background Thread 3 ] DEBUG Engine               - isProfilingEnabled: false
22:43:29.678 [FXGL Background Thread 3 ] DEBUG Engine               - isScaleAffectedOnResize: true
22:43:29.678 [FXGL Background Thread 3 ] DEBUG Engine               - isSingleStep: false
22:43:29.678 [FXGL Background Thread 3 ] DEBUG Engine               - isUserProfileEnabled: false
22:43:29.678 [FXGL Background Thread 3 ] DEBUG Engine               - isWindows: true
22:43:29.678 [FXGL Background Thread 3 ] DEBUG Engine               - language: ObjectProperty [value: ENGLISH]
22:43:29.678 [FXGL Background Thread 3 ] DEBUG Engine               - menuKey: ESCAPE
22:43:29.678 [FXGL Background Thread 3 ] DEBUG Engine               - mouseSensitivity: 0.2
22:43:29.679 [FXGL Background Thread 3 ] DEBUG Engine               - notificationViewClass: class com.almasb.fxgl.notification.view.XboxNotificationView
22:43:29.679 [FXGL Background Thread 3 ] DEBUG Engine               - pixelsPerMeter: 50.0
22:43:29.679 [FXGL Background Thread 3 ] DEBUG Engine               - platform: WINDOWS
22:43:29.679 [FXGL Background Thread 3 ] DEBUG Engine               - prefHeightProperty: ReadOnlyDoubleProperty [value: 720.0]
22:43:29.679 [FXGL Background Thread 3 ] DEBUG Engine               - prefWidthProperty: ReadOnlyDoubleProperty [value: 1280.0]
22:43:29.679 [FXGL Background Thread 3 ] DEBUG Engine               - profileDir: profiles/
22:43:29.679 [FXGL Background Thread 3 ] DEBUG Engine               - profileName: StringProperty [value: DEFAULT]
22:43:29.679 [FXGL Background Thread 3 ] DEBUG Engine               - randomSeed: -1
22:43:29.679 [FXGL Background Thread 3 ] DEBUG Engine               - runtimeInfo: RuntimeInfo(platform=WINDOWS, version=21+dev-SNAPSHOT, build=26.03.2024 19.46)
22:43:29.679 [FXGL Background Thread 3 ] DEBUG Engine               - saveFileExt: sav
22:43:29.679 [FXGL Background Thread 3 ] DEBUG Engine               - scaledHeightProp$fxgl: DoubleProperty [bound, value: 720.0]
22:43:29.679 [FXGL Background Thread 3 ] DEBUG Engine               - scaledWidthProp$fxgl: DoubleProperty [bound, value: 1280.0]
22:43:29.679 [FXGL Background Thread 3 ] DEBUG Engine               - sceneFactory: org.example.core.GameApp$1@756f8fb0
22:43:29.679 [FXGL Background Thread 3 ] DEBUG Engine               - secondsIn24h: 60
22:43:29.679 [FXGL Background Thread 3 ] DEBUG Engine               - soundMenuBack: menu/back.wav
22:43:29.679 [FXGL Background Thread 3 ] DEBUG Engine               - soundMenuPress: menu/press.wav
22:43:29.679 [FXGL Background Thread 3 ] DEBUG Engine               - soundMenuSelect: menu/select.wav
22:43:29.679 [FXGL Background Thread 3 ] DEBUG Engine               - soundNotification: core/notification.wav
22:43:29.679 [FXGL Background Thread 3 ] DEBUG Engine               - stageStyle: DECORATED
22:43:29.679 [FXGL Background Thread 3 ] DEBUG Engine               - supportedLanguages: [ENGLISH, FRENCH, GERMAN, HUNGARIAN, RUSSIAN]
22:43:29.679 [FXGL Background Thread 3 ] DEBUG Engine               - ticksPerSecond: -1
22:43:29.679 [FXGL Background Thread 3 ] DEBUG Engine               - title: Prototype Game
22:43:29.679 [FXGL Background Thread 3 ] DEBUG Engine               - urlGithub: https://github.com/AlmasB/FXGL
22:43:29.679 [FXGL Background Thread 3 ] DEBUG Engine               - urlLeaderboard: http://fxgl-top.herokuapp.com/
22:43:29.679 [FXGL Background Thread 3 ] DEBUG Engine               - urlPOM: https://raw.githubusercontent.com/AlmasB/FXGL/release/README.md
22:43:29.679 [FXGL Background Thread 3 ] DEBUG Engine               - userAppClass: class org.example.core.GameApp
22:43:29.679 [FXGL Background Thread 3 ] DEBUG Engine               - version: 0.1.5
22:43:29.679 [FXGL Background Thread 3 ] DEBUG Engine               - versionCheckDays: 7
22:43:29.679 [FXGL Background Thread 3 ] DEBUG Engine               - width: 1280
22:43:29.679 [FXGL Background Thread 3 ] DEBUG Engine               - Logging services
22:43:29.679 [FXGL Background Thread 3 ] DEBUG Engine               - class com.almasb.fxgl.app.services.FXGLAssetLoaderService
22:43:29.679 [FXGL Background Thread 3 ] DEBUG Engine               - class com.almasb.fxgl.app.FXGLApplication$GameApplicationService
22:43:29.679 [FXGL Background Thread 3 ] DEBUG Engine               - class com.almasb.fxgl.app.services.FXGLDialogService
22:43:29.679 [FXGL Background Thread 3 ] DEBUG Engine               - class com.almasb.fxgl.app.services.IOTaskExecutorService
22:43:29.679 [FXGL Background Thread 3 ] DEBUG Engine               - class com.almasb.fxgl.io.FileSystemService
22:43:29.679 [FXGL Background Thread 3 ] DEBUG Engine               - class com.almasb.fxgl.localization.LocalizationService
22:43:29.679 [FXGL Background Thread 3 ] DEBUG Engine               - class com.almasb.fxgl.app.services.SystemBundleService
22:43:29.679 [FXGL Background Thread 3 ] DEBUG Engine               - class com.almasb.fxgl.profile.SaveLoadService
22:43:29.679 [FXGL Background Thread 3 ] DEBUG Engine               - class com.almasb.fxgl.ui.FXGLUIFactoryServiceProvider
22:43:29.679 [FXGL Background Thread 3 ] DEBUG Engine               - class com.almasb.fxgl.ui.FXGLDialogFactoryServiceProvider
22:43:29.680 [FXGL Background Thread 3 ] DEBUG Engine               - class com.almasb.fxgl.audio.AudioPlayer
22:43:29.680 [FXGL Background Thread 3 ] DEBUG Engine               - class com.almasb.fxgl.notification.impl.NotificationServiceProvider
22:43:29.680 [FXGL Background Thread 3 ] DEBUG Engine               - class com.almasb.fxgl.achievement.AchievementService
22:43:29.680 [FXGL Background Thread 3 ] DEBUG Engine               - class com.almasb.fxgl.cutscene.CutsceneService
22:43:29.680 [FXGL Background Thread 3 ] DEBUG Engine               - class com.almasb.fxgl.minigames.MiniGameService
22:43:29.680 [FXGL Background Thread 3 ] DEBUG Engine               - class com.almasb.fxgl.net.NetService
22:43:29.680 [FXGL Background Thread 3 ] DEBUG Engine               - class com.almasb.fxgl.app.services.UpdaterService
22:43:29.680 [FXGL Background Thread 3 ] DEBUG Engine               - class com.almasb.fxgl.dev.DevService
22:43:36.008 [JavaFX Application Thread] DEBUG GameWorld            - Game world initialized
22:43:36.008 [JavaFX Application Thread] DEBUG PhysicsWorld         - Physics world initialized: appHeight=720, physics.ppm=50.0
22:43:36.008 [JavaFX Application Thread] DEBUG PhysicsWorld         - Using strategy: BRUTE_FORCE
22:43:36.009 [JavaFX Application Thread] DEBUG GameScene            - Game scene initialized: 1280x720
22:43:36.034 [JavaFX Application Thread] DEBUG PrimaryStageWindow   - Push state: MainMenuScene
22:43:36.076 [JavaFX Application Thread] DEBUG Input                - Clearing active input actions
22:43:36.079 [JavaFX Application Thread] DEBUG GameApplicationServi - Removing overlay from LoginScene and adding to MainMenuScene
22:43:36.079 [JavaFX Application Thread] DEBUG PrimaryStageWindow   - LoginScene -> MainMenuScene
22:43:36.079 [JavaFX Application Thread] DEBUG GameWorld            - Game world initialized
22:43:36.080 [JavaFX Application Thread] DEBUG PhysicsWorld         - Physics world initialized: appHeight=720, physics.ppm=50.0
22:43:36.080 [JavaFX Application Thread] DEBUG PhysicsWorld         - Using strategy: BRUTE_FORCE
22:43:36.080 [JavaFX Application Thread] DEBUG GameScene            - Game scene initialized: 1280x720
22:43:36.091 [JavaFX Application Thread] DEBUG PrimaryStageWindow   - Push state: MainMenuScene
22:43:36.122 [JavaFX Application Thread] DEBUG Input                - Clearing active input actions
22:43:36.123 [JavaFX Application Thread] DEBUG GameApplicationServi - Removing overlay from MainMenuScene and adding to MainMenuScene
22:43:36.123 [JavaFX Application Thread] DEBUG PrimaryStageWindow   - MainMenuScene -> MainMenuScene
22:43:38.218 [JavaFX Application Thread] DEBUG GameWorld            - Game world initialized
22:43:38.219 [JavaFX Application Thread] DEBUG PhysicsWorld         - Physics world initialized: appHeight=720, physics.ppm=50.0
22:43:38.220 [JavaFX Application Thread] DEBUG PhysicsWorld         - Using strategy: BRUTE_FORCE
22:43:38.220 [JavaFX Application Thread] DEBUG GameScene            - Game scene initialized: 1280x720
22:43:38.242 [JavaFX Application Thread] DEBUG PrimaryStageWindow   - Push state: SettingsScene
22:43:38.242 [JavaFX Application Thread] DEBUG Input                - Clearing active input actions
22:43:38.248 [JavaFX Application Thread] DEBUG GameApplicationServi - Removing overlay from MainMenuScene and adding to SettingsScene
22:43:38.248 [JavaFX Application Thread] DEBUG PrimaryStageWindow   - MainMenuScene -> SettingsScene
22:43:40.454 [JavaFX Application Thread] DEBUG PrimaryStageWindow   - Pop state: SettingsScene
22:43:40.454 [JavaFX Application Thread] DEBUG Input                - Clearing active input actions
22:43:40.455 [JavaFX Application Thread] DEBUG GameApplicationServi - Removing overlay from SettingsScene and adding to MainMenuScene
22:43:40.455 [JavaFX Application Thread] DEBUG PrimaryStageWindow   - MainMenuScene <- SettingsScene
22:43:40.960 [JavaFX Application Thread] DEBUG GameApplicationServi - Starting new game
22:43:40.960 [JavaFX Application Thread] DEBUG PrimaryStageWindow   - Pop state: MainMenuScene
22:43:40.960 [JavaFX Application Thread] DEBUG Input                - Clearing active input actions
22:43:40.960 [JavaFX Application Thread] DEBUG GameApplicationServi - Removing overlay from MainMenuScene and adding to MainMenuScene
22:43:40.960 [JavaFX Application Thread] DEBUG PrimaryStageWindow   - MainMenuScene <- MainMenuScene
22:43:41.021 [JavaFX Application Thread] DEBUG PrimaryStageWindow   - Pop state: MainMenuScene
22:43:41.021 [JavaFX Application Thread] DEBUG Input                - Clearing active input actions
22:43:41.021 [JavaFX Application Thread] DEBUG GameApplicationServi - Removing overlay from MainMenuScene and adding to LoginScene
22:43:41.021 [JavaFX Application Thread] DEBUG PrimaryStageWindow   - LoginScene <- MainMenuScene
22:43:41.072 [JavaFX Application Thread] DEBUG PrimaryStageWindow   - Pop state: LoginScene
22:43:41.072 [JavaFX Application Thread] DEBUG Input                - Clearing active input actions
22:43:41.072 [JavaFX Application Thread] DEBUG GameApplicationServi - Removing overlay from LoginScene and adding to FXGLMainMenuDummyScene
22:43:41.072 [JavaFX Application Thread] DEBUG PrimaryStageWindow   - FXGLMainMenuDummyScene <- LoginScene
22:43:41.072 [JavaFX Application Thread] DEBUG Input                - Clearing active input actions
22:43:41.078 [JavaFX Application Thread] DEBUG GameApplicationServi - Removing overlay from FXGLMainMenuDummyScene and adding to FXGLLoadingScene
22:43:41.078 [JavaFX Application Thread] DEBUG PrimaryStageWindow   - FXGLMainMenuDummyScene -> FXGLLoadingScene
22:43:41.078 [JavaFX Application Thread] DEBUG GameApplicationServi - Clearing previous game
22:43:41.078 [JavaFX Application Thread] DEBUG GameScene            - Clearing game scene
22:43:41.078 [JavaFX Application Thread] DEBUG GameWorld            - Clearing game world
22:43:41.078 [JavaFX Application Thread] DEBUG PhysicsWorld         - Clearing physics world
22:43:41.078 [FXGL Background Thread 2 ] DEBUG FXGLApplication      - Initializing game
22:43:41.088 [FXGL Background Thread 2 ] DEBUG FXGLAssetLoaderServi - Loading from file system: file:/F:/my%20files/School/2nd%20year%202nd%20sem/TheOnlyException/Test/target/classes/assets/textures/worlda.png
22:43:41.142 [FXGL Background Thread 2 ] DEBUG FXGLAssetLoaderServi - Loading from file system: file:/F:/my%20files/School/2nd%20year%202nd%20sem/TheOnlyException/Test/target/classes/assets/textures/player-scaled.png
22:43:41.183 [FXGL Background Thread 2 ] INFO  FXGLApplication      - Game initialization took: 0.104 sec
22:43:41.186 [JavaFX Application Thread] DEBUG Input                - Clearing active input actions
22:43:41.191 [JavaFX Application Thread] DEBUG GameApplicationServi - Removing overlay from FXGLLoadingScene and adding to GameScene
22:43:41.191 [JavaFX Application Thread] DEBUG PrimaryStageWindow   - FXGLLoadingScene -> GameScene
22:43:41.955 [JavaFX Application Thread] DEBUG FXGLAssetLoaderServi - Loading from file system: file:/F:/my%20files/School/2nd%20year%202nd%20sem/TheOnlyException/Test/target/classes/assets/textures/MaggotWalk-scaled.png
22:43:41.961 [JavaFX Application Thread] DEBUG FXGLAssetLoaderServi - Loading from file system: file:/F:/my%20files/School/2nd%20year%202nd%20sem/TheOnlyException/Test/target/classes/assets/textures/BeetleMove-scaled.png
22:43:41.963 [JavaFX Application Thread] DEBUG FXGLAssetLoaderServi - Loading from file system: file:/F:/my%20files/School/2nd%20year%202nd%20sem/TheOnlyException/Test/target/classes/assets/textures/MantisMove-scaled.png
22:43:41.965 [JavaFX Application Thread] DEBUG FXGLAssetLoaderServi - Loading from file system: file:/F:/my%20files/School/2nd%20year%202nd%20sem/TheOnlyException/Test/target/classes/assets/textures/BeeMove-scaled.png
22:43:41.966 [JavaFX Application Thread] DEBUG FXGLAssetLoaderServi - Loading from file system: file:/F:/my%20files/School/2nd%20year%202nd%20sem/TheOnlyException/Test/target/classes/assets/textures/GiantFly.png
22:43:41.968 [JavaFX Application Thread] DEBUG FXGLAssetLoaderServi - Loading from file system: file:/F:/my%20files/School/2nd%20year%202nd%20sem/TheOnlyException/Test/target/classes/assets/textures/DragonFly.png
22:43:47.770 [JavaFX Application Thread] DEBUG FXGLAssetLoaderServi - Loading from file system: file:/F:/my%20files/School/2nd%20year%202nd%20sem/TheOnlyException/Test/target/classes/assets/textures/datawipe.png
22:43:47.788 [JavaFX Application Thread] DEBUG FXGLAssetLoaderServi - Loading from file system: file:/F:/my%20files/School/2nd%20year%202nd%20sem/TheOnlyException/Test/target/classes/assets/textures/firewallshield.png
22:43:47.804 [JavaFX Application Thread] WARN  FXGLAssetLoaderServi - Asset "/assets/textures/gun.png" was not found!
22:43:47.804 [JavaFX Application Thread] WARN  FXGLAssetLoaderServi - Failed to load IMAGE
22:43:47.812 [JavaFX Application Thread] DEBUG FXGLAssetLoaderServi - Loading from file system: file:/F:/my%20files/School/2nd%20year%202nd%20sem/TheOnlyException/Test/target/classes/assets/textures/smolderprotocol.png
22:43:47.841 [JavaFX Application Thread] DEBUG PrimaryStageWindow   - Push state: DialogSubScene
22:43:47.841 [JavaFX Application Thread] DEBUG Input                - Clearing active input actions
22:43:47.842 [JavaFX Application Thread] DEBUG GameApplicationServi - Removing overlay from GameScene and adding to DialogSubScene
22:43:47.842 [JavaFX Application Thread] DEBUG PrimaryStageWindow   - GameScene -> DialogSubScene
22:43:48.756 [JavaFX Application Thread] DEBUG PrimaryStageWindow   - Pop state: DialogSubScene
22:43:48.756 [JavaFX Application Thread] DEBUG Input                - Clearing active input actions
22:43:48.756 [JavaFX Application Thread] DEBUG GameApplicationServi - Removing overlay from DialogSubScene and adding to GameScene
22:43:48.756 [JavaFX Application Thread] DEBUG PrimaryStageWindow   - GameScene <- DialogSubScene
22:43:57.040 [JavaFX Application Thread] DEBUG FXGLAssetLoaderServi - Loading from file system: file:/F:/my%20files/School/2nd%20year%202nd%20sem/TheOnlyException/Test/target/classes/assets/textures/systemrestore.png
22:43:57.056 [JavaFX Application Thread] DEBUG FXGLAssetLoaderServi - Loading from file system: file:/F:/my%20files/School/2nd%20year%202nd%20sem/TheOnlyException/Test/target/classes/assets/textures/realtimedefense.png
22:43:57.074 [JavaFX Application Thread] WARN  FXGLAssetLoaderServi - Asset "/assets/textures/gun.png" was not found!
22:43:57.074 [JavaFX Application Thread] WARN  FXGLAssetLoaderServi - Failed to load IMAGE
22:43:57.074 [JavaFX Application Thread] DEBUG PrimaryStageWindow   - Push state: DialogSubScene
22:43:57.074 [JavaFX Application Thread] DEBUG Input                - Clearing active input actions
22:43:57.075 [JavaFX Application Thread] DEBUG GameApplicationServi - Removing overlay from GameScene and adding to DialogSubScene
22:43:57.075 [JavaFX Application Thread] DEBUG PrimaryStageWindow   - GameScene -> DialogSubScene
22:43:58.015 [JavaFX Application Thread] DEBUG PrimaryStageWindow   - Pop state: DialogSubScene
22:43:58.015 [JavaFX Application Thread] DEBUG Input                - Clearing active input actions
22:43:58.015 [JavaFX Application Thread] DEBUG GameApplicationServi - Removing overlay from DialogSubScene and adding to GameScene
22:43:58.015 [JavaFX Application Thread] DEBUG PrimaryStageWindow   - GameScene <- DialogSubScene
22:43:58.016 [JavaFX Application Thread] DEBUG FXGLAssetLoaderServi - Loading from file system: file:/F:/my%20files/School/2nd%20year%202nd%20sem/TheOnlyException/Test/target/classes/assets/textures/realtimedefenseaura.png
22:44:05.606 [JavaFX Application Thread] WARN  FXGLAssetLoaderServi - Asset "/assets/textures/gun.png" was not found!
22:44:05.606 [JavaFX Application Thread] WARN  FXGLAssetLoaderServi - Failed to load IMAGE
22:44:05.607 [JavaFX Application Thread] DEBUG FXGLAssetLoaderServi - Loading from file system: file:/F:/my%20files/School/2nd%20year%202nd%20sem/TheOnlyException/Test/target/classes/assets/textures/shortcircuit.png
22:44:05.625 [JavaFX Application Thread] DEBUG PrimaryStageWindow   - Push state: DialogSubScene
22:44:05.625 [JavaFX Application Thread] DEBUG Input                - Clearing active input actions
22:44:05.625 [JavaFX Application Thread] DEBUG GameApplicationServi - Removing overlay from GameScene and adding to DialogSubScene
22:44:05.625 [JavaFX Application Thread] DEBUG PrimaryStageWindow   - GameScene -> DialogSubScene
22:44:06.506 [JavaFX Application Thread] DEBUG PrimaryStageWindow   - Pop state: DialogSubScene
22:44:06.506 [JavaFX Application Thread] DEBUG Input                - Clearing active input actions
22:44:06.506 [JavaFX Application Thread] DEBUG GameApplicationServi - Removing overlay from DialogSubScene and adding to GameScene
22:44:06.506 [JavaFX Application Thread] DEBUG PrimaryStageWindow   - GameScene <- DialogSubScene
22:44:10.629 [JavaFX Application Thread] WARN  FXGLAssetLoaderServi - Asset "/assets/textures/gun.png" was not found!
22:44:10.629 [JavaFX Application Thread] WARN  FXGLAssetLoaderServi - Failed to load IMAGE
22:44:10.629 [JavaFX Application Thread] DEBUG PrimaryStageWindow   - Push state: DialogSubScene
22:44:10.629 [JavaFX Application Thread] DEBUG Input                - Clearing active input actions
22:44:10.629 [JavaFX Application Thread] DEBUG GameApplicationServi - Removing overlay from GameScene and adding to DialogSubScene
22:44:10.629 [JavaFX Application Thread] DEBUG PrimaryStageWindow   - GameScene -> DialogSubScene
22:44:11.311 [JavaFX Application Thread] DEBUG PrimaryStageWindow   - Pop state: DialogSubScene
22:44:11.311 [JavaFX Application Thread] DEBUG Input                - Clearing active input actions
22:44:11.311 [JavaFX Application Thread] DEBUG GameApplicationServi - Removing overlay from DialogSubScene and adding to GameScene
22:44:11.311 [JavaFX Application Thread] DEBUG PrimaryStageWindow   - GameScene <- DialogSubScene
22:44:11.315 [JavaFX Application Thread] WARN  FXGLAssetLoaderServi - Asset "/assets/textures/particles/spark.png" was not found!
22:44:11.315 [JavaFX Application Thread] WARN  FXGLAssetLoaderServi - Failed to load RESIZABLE_IMAGE
22:44:23.253 [JavaFX Application Thread] WARN  FXGLAssetLoaderServi - Asset "/assets/textures/gun.png" was not found!
22:44:23.253 [JavaFX Application Thread] WARN  FXGLAssetLoaderServi - Failed to load IMAGE
22:44:23.253 [JavaFX Application Thread] DEBUG PrimaryStageWindow   - Push state: DialogSubScene
22:44:23.253 [JavaFX Application Thread] DEBUG Input                - Clearing active input actions
22:44:23.253 [JavaFX Application Thread] DEBUG GameApplicationServi - Removing overlay from GameScene and adding to DialogSubScene
22:44:23.253 [JavaFX Application Thread] DEBUG PrimaryStageWindow   - GameScene -> DialogSubScene
22:44:52.856 [JavaFX Application Thread] DEBUG PrimaryStageWindow   - Pop state: DialogSubScene
22:44:52.856 [JavaFX Application Thread] DEBUG Input                - Clearing active input actions
22:44:52.856 [JavaFX Application Thread] DEBUG GameApplicationServi - Removing overlay from DialogSubScene and adding to GameScene
22:44:52.856 [JavaFX Application Thread] DEBUG PrimaryStageWindow   - GameScene <- DialogSubScene
22:44:54.154 [JavaFX Application Thread] WARN  FXGLAssetLoaderServi - Asset "/assets/textures/particles/spark.png" was not found!
22:44:54.154 [JavaFX Application Thread] WARN  FXGLAssetLoaderServi - Failed to load RESIZABLE_IMAGE
22:45:06.805 [JavaFX Application Thread] DEBUG PrimaryStageWindow   - Push state: DialogSubScene
22:45:06.805 [JavaFX Application Thread] DEBUG Input                - Clearing active input actions
22:45:06.806 [JavaFX Application Thread] DEBUG GameApplicationServi - Removing overlay from GameScene and adding to DialogSubScene
22:45:06.806 [JavaFX Application Thread] DEBUG PrimaryStageWindow   - GameScene -> DialogSubScene
22:45:07.572 [JavaFX Application Thread] DEBUG PrimaryStageWindow   - Pop state: DialogSubScene
22:45:07.572 [JavaFX Application Thread] DEBUG Input                - Clearing active input actions
22:45:07.572 [JavaFX Application Thread] DEBUG GameApplicationServi - Removing overlay from DialogSubScene and adding to GameScene
22:45:07.572 [JavaFX Application Thread] DEBUG PrimaryStageWindow   - GameScene <- DialogSubScene
22:45:08.809 [JavaFX Application Thread] WARN  FXGLAssetLoaderServi - Asset "/assets/textures/particles/spark.png" was not found!
22:45:08.809 [JavaFX Application Thread] WARN  FXGLAssetLoaderServi - Failed to load RESIZABLE_IMAGE
22:45:12.715 [JavaFX Application Thread] DEBUG FXGLAssetLoaderServi - Loading from file system: file:/F:/my%20files/School/2nd%20year%202nd%20sem/TheOnlyException/Test/target/classes/assets/textures/lightning_strike.png
22:45:23.754 [JavaFX Application Thread] WARN  FXGLAssetLoaderServi - Asset "/assets/textures/particles/spark.png" was not found!
22:45:23.754 [JavaFX Application Thread] WARN  FXGLAssetLoaderServi - Failed to load RESIZABLE_IMAGE
22:45:26.828 [JavaFX Application Thread] WARN  FXGLAssetLoaderServi - Asset "/assets/textures/gun.png" was not found!
22:45:26.828 [JavaFX Application Thread] WARN  FXGLAssetLoaderServi - Failed to load IMAGE
22:45:26.828 [JavaFX Application Thread] DEBUG PrimaryStageWindow   - Push state: DialogSubScene
22:45:26.828 [JavaFX Application Thread] DEBUG Input                - Clearing active input actions
22:45:26.828 [JavaFX Application Thread] DEBUG GameApplicationServi - Removing overlay from GameScene and adding to DialogSubScene
22:45:26.828 [JavaFX Application Thread] DEBUG PrimaryStageWindow   - GameScene -> DialogSubScene
22:45:29.110 [JavaFX Application Thread] DEBUG PrimaryStageWindow   - Pop state: DialogSubScene
22:45:29.110 [JavaFX Application Thread] DEBUG Input                - Clearing active input actions
22:45:29.110 [JavaFX Application Thread] DEBUG GameApplicationServi - Removing overlay from DialogSubScene and adding to GameScene
22:45:29.110 [JavaFX Application Thread] DEBUG PrimaryStageWindow   - GameScene <- DialogSubScene
22:45:33.036 [JavaFX Application Thread] DEBUG GameWorld            - Game world initialized
22:45:33.037 [JavaFX Application Thread] DEBUG PhysicsWorld         - Physics world initialized: appHeight=720, physics.ppm=50.0
22:45:33.037 [JavaFX Application Thread] DEBUG PhysicsWorld         - Using strategy: BRUTE_FORCE
22:45:33.037 [JavaFX Application Thread] DEBUG GameScene            - Game scene initialized: 1280x720
22:45:33.045 [JavaFX Application Thread] DEBUG PrimaryStageWindow   - Push state: PauseScene
22:45:33.046 [JavaFX Application Thread] DEBUG Input                - Clearing active input actions
22:45:33.047 [JavaFX Application Thread] DEBUG GameApplicationServi - Removing overlay from GameScene and adding to PauseScene
22:45:33.047 [JavaFX Application Thread] DEBUG PrimaryStageWindow   - GameScene -> PauseScene
22:45:39.785 [JavaFX Application Thread] DEBUG PrimaryStageWindow   - Pop state: PauseScene
22:45:39.785 [JavaFX Application Thread] DEBUG Input                - Clearing active input actions
22:45:39.785 [JavaFX Application Thread] DEBUG GameApplicationServi - Removing overlay from PauseScene and adding to GameScene
22:45:39.785 [JavaFX Application Thread] DEBUG PrimaryStageWindow   - GameScene <- PauseScene
22:45:44.106 [JavaFX Application Thread] WARN  FXGLAssetLoaderServi - Asset "/assets/textures/particles/spark.png" was not found!
22:45:44.106 [JavaFX Application Thread] WARN  FXGLAssetLoaderServi - Failed to load RESIZABLE_IMAGE
22:45:59.106 [JavaFX Application Thread] WARN  FXGLAssetLoaderServi - Asset "/assets/textures/particles/spark.png" was not found!
22:45:59.106 [JavaFX Application Thread] WARN  FXGLAssetLoaderServi - Failed to load RESIZABLE_IMAGE
22:46:02.499 [JavaFX Application Thread] WARN  FXGLAssetLoaderServi - Asset "/assets/textures/gun.png" was not found!
22:46:02.500 [JavaFX Application Thread] WARN  FXGLAssetLoaderServi - Failed to load IMAGE
22:46:02.500 [JavaFX Application Thread] DEBUG PrimaryStageWindow   - Push state: DialogSubScene
22:46:02.500 [JavaFX Application Thread] DEBUG Input                - Clearing active input actions
22:46:02.500 [JavaFX Application Thread] DEBUG GameApplicationServi - Removing overlay from GameScene and adding to DialogSubScene
22:46:02.500 [JavaFX Application Thread] DEBUG PrimaryStageWindow   - GameScene -> DialogSubScene
22:46:22.643 [JavaFX Application Thread] DEBUG PrimaryStageWindow   - Pop state: DialogSubScene
22:46:22.643 [JavaFX Application Thread] DEBUG Input                - Clearing active input actions
22:46:22.644 [JavaFX Application Thread] DEBUG GameApplicationServi - Removing overlay from DialogSubScene and adding to GameScene
22:46:22.644 [JavaFX Application Thread] DEBUG PrimaryStageWindow   - GameScene <- DialogSubScene
22:46:31.722 [JavaFX Application Thread] WARN  FXGLAssetLoaderServi - Asset "/assets/textures/particles/spark.png" was not found!
22:46:31.722 [JavaFX Application Thread] WARN  FXGLAssetLoaderServi - Failed to load RESIZABLE_IMAGE
22:46:39.603 [JavaFX Application Thread] DEBUG GameWorld            - Game world initialized
22:46:39.604 [JavaFX Application Thread] DEBUG PhysicsWorld         - Physics world initialized: appHeight=720, physics.ppm=50.0
22:46:39.604 [JavaFX Application Thread] DEBUG PhysicsWorld         - Using strategy: BRUTE_FORCE
22:46:39.604 [JavaFX Application Thread] DEBUG GameScene            - Game scene initialized: 1280x720
22:46:39.609 [JavaFX Application Thread] DEBUG PrimaryStageWindow   - Push state: PauseScene
22:46:39.609 [JavaFX Application Thread] DEBUG Input                - Clearing active input actions
22:46:39.609 [JavaFX Application Thread] DEBUG GameApplicationServi - Removing overlay from GameScene and adding to PauseScene
22:46:39.609 [JavaFX Application Thread] DEBUG PrimaryStageWindow   - GameScene -> PauseScene
22:46:45.584 [JavaFX Application Thread] DEBUG PrimaryStageWindow   - Pop state: PauseScene
22:46:45.584 [JavaFX Application Thread] DEBUG Input                - Clearing active input actions
22:46:45.584 [JavaFX Application Thread] DEBUG GameApplicationServi - Removing overlay from PauseScene and adding to GameScene
22:46:45.584 [JavaFX Application Thread] DEBUG PrimaryStageWindow   - GameScene <- PauseScene
22:46:49.547 [JavaFX Application Thread] WARN  FXGLAssetLoaderServi - Asset "/assets/textures/particles/spark.png" was not found!
22:46:49.547 [JavaFX Application Thread] WARN  FXGLAssetLoaderServi - Failed to load RESIZABLE_IMAGE
22:46:55.583 [JavaFX Application Thread] DEBUG FXGLApplication      - Exiting FXGL
22:46:55.583 [JavaFX Application Thread] DEBUG LoopRunner           - Stopping loop
22:46:55.583 [JavaFX Application Thread] DEBUG SystemBundleService  - Saving FXGL system data
22:46:55.584 [JavaFX Application Thread] DEBUG FileSystemAccess     - Writing to: F:\my files\School\2nd year 2nd sem\TheOnlyException\system\fxgl.bundle
22:46:56.004 [JavaFX Application Thread] DEBUG Async                - Shutting down background threads
22:46:56.004 [JavaFX Application Thread] DEBUG PrimaryStageWindow   - Closing main window
22:46:56.031 [JavaFX Application Thread] DEBUG Logger               - Closing Logger
