22:11:46.082 [main                     ] DEBUG Logger               - Configured Logger
22:11:46.087 [main                     ] DEBUG GameApplication      - Logging settings
Title: Prototype Game
Version: 0.1.5
Width: 1280
Height: 720
Fullscreen: false
Intro: false
Profiling: false
Single step:false
App Mode: DEVELOPER
Menu Key: ESCAPE
Stage Style: DECORATED
Scene Factory: class org.example.core.GameApp$1

22:11:46.443 [JavaFX Application Thread] DEBUG FXGLApplication      - Initializing FXGL
22:11:46.445 [JavaFX Application Thread] INFO  Engine               - FXGL-21+dev-SNAPSHOT (26.03.2024 19.46) on WINDOWS (J:24 FX:21.0.1)
22:11:46.445 [JavaFX Application Thread] DEBUG Engine               - JRE Vendor Name: Oracle Corporation
22:11:46.445 [JavaFX Application Thread] DEBUG Engine               - Running on OS: Windows 11 version 10.0
22:11:46.445 [JavaFX Application Thread] DEBUG Engine               - Architecture: amd64
22:11:46.446 [JavaFX Application Thread] INFO  Engine               - Source code and latest versions at: https://github.com/AlmasB/FXGL
22:11:46.446 [JavaFX Application Thread] INFO  Engine               -       Ask questions and discuss at: https://github.com/AlmasB/FXGL/discussions
22:11:46.446 [JavaFX Application Thread] INFO  Engine               -              Join the FXGL chat at: https://gitter.im/AlmasB/FXGL
22:11:46.540 [JavaFX Application Thread] DEBUG PrimaryStageWindow   - Creating a JavaFX scene
22:11:46.580 [JavaFX Application Thread] DEBUG PrimaryStageWindow   - Target settings size: 1280.0 x 720.0
22:11:46.580 [JavaFX Application Thread] DEBUG PrimaryStageWindow   - Scaled scene size:    1280.0 x 720.0
22:11:46.580 [JavaFX Application Thread] DEBUG PrimaryStageWindow   - Scaled ratio: (1.0, 1.0)
22:11:46.581 [JavaFX Application Thread] DEBUG PrimaryStageWindow   - Set initial scene to FXGLStartupScene
22:11:46.583 [JavaFX Application Thread] DEBUG PrimaryStageWindow   - Opening main window
22:11:46.686 [JavaFX Application Thread] DEBUG PrimaryStageWindow   - Window border size: (16.0, 39.0)
22:11:46.686 [JavaFX Application Thread] DEBUG PrimaryStageWindow   - Scaled size: 1280.0 x 720.0
22:11:46.686 [JavaFX Application Thread] DEBUG PrimaryStageWindow   - Scaled ratio: (1.0, 1.0)
22:11:46.686 [JavaFX Application Thread] DEBUG PrimaryStageWindow   - Scene size: 1280.0 x 720.0
22:11:46.686 [JavaFX Application Thread] DEBUG PrimaryStageWindow   - Stage size: 1296.0 x 759.0
22:11:46.692 [FXGL Background Thread 1 ] DEBUG Engine               - Initializing environment variables
22:11:46.736 [FXGL Background Thread 1 ] DEBUG FXGLAssetLoaderServi - User app class for loading assets: class org.example.core.GameApp
22:11:46.736 [FXGL Background Thread 1 ] DEBUG GameApplicationServi - Applying CSS: fxgl_dark.css
22:11:46.737 [FXGL Background Thread 1 ] DEBUG FXGLAssetLoaderServi - Loading from file system: jar:file:/C:/Users/primzcm/.m2/repository/com/github/almasb/fxgl/fxgl/21.1/fxgl-21.1.jar!/fxglassets/ui/css/fxgl_dark.css
22:11:46.774 [FXGL Background Thread 1 ] DEBUG GameApplicationServi - Initializing application scenes
22:11:46.801 [FXGL Background Thread 1 ] DEBUG GameWorld            - Game world initialized
22:11:46.840 [FXGL Background Thread 1 ] DEBUG PhysicsWorld         - Physics world initialized: appHeight=720, physics.ppm=50.0
22:11:46.841 [FXGL Background Thread 1 ] DEBUG PhysicsWorld         - Using strategy: BRUTE_FORCE
22:11:46.843 [FXGL Background Thread 1 ] DEBUG GameScene            - Game scene initialized: 1280x720
22:11:46.852 [FXGL Background Thread 1 ] DEBUG FXGL.DefaultMenu     - createMenuBodyGameMenu()
22:11:46.863 [FXGL Background Thread 1 ] DEBUG FXGL.DefaultMenu     - createOptionsMenu()
22:11:46.871 [FXGL Background Thread 1 ] DEBUG FXGLAssetLoaderServi - Loading from file system: jar:file:/C:/Users/primzcm/.m2/repository/com/github/almasb/fxgl/fxgl/21.1/fxgl-21.1.jar!/fxglassets/textures/particles/smoke.png
22:11:46.935 [FXGL Background Thread 1 ] DEBUG FXGLAssetLoaderServi - Loading from file system: jar:file:/C:/Users/primzcm/.m2/repository/com/github/almasb/fxgl/fxgl/21.1/fxgl-21.1.jar!/fxglassets/textures/particles/trace_horizontal.png
22:11:46.956 [FXGL Background Thread 1 ] DEBUG GameApplicationServi - Application scenes initialized
22:11:46.965 [FXGL Background Thread 1 ] DEBUG SystemBundleService  - Loading FXGL system data
22:11:46.968 [FXGL Background Thread 1 ] DEBUG FileSystemAccess     - Reading from: F:\my files\School\2nd year 2nd sem\TheOnlyException\system\fxgl.bundle
22:11:46.973 [FXGL Background Thread 1 ] DEBUG SystemBundleService  - Bundle FXGL: {}
22:11:46.973 [FXGL Background Thread 1 ] DEBUG UpdaterService       - Checking for updates
22:11:46.976 [FXGL Background Thread 4 ] DEBUG FXGLApplication      - Loading fonts
22:11:46.976 [FXGL Background Thread 4 ] DEBUG FXGLAssetLoaderServi - Loading from file system: jar:file:/C:/Users/primzcm/.m2/repository/com/github/almasb/fxgl/fxgl/21.1/fxgl-21.1.jar!/fxglassets/ui/fonts/VarelaRound-Regular.ttf
22:11:46.977 [FXGL Background Thread 1 ] DEBUG FXGLApplication      - Loading default localization
22:11:46.977 [FXGL Background Thread 1 ] DEBUG FXGLAssetLoaderServi - Loading from file system: jar:file:/C:/Users/primzcm/.m2/repository/com/github/almasb/fxgl/fxgl/21.1/fxgl-21.1.jar!/fxglassets/languages/english.lang
22:11:47.005 [FXGL Background Thread 4 ] DEBUG FXGLAssetLoaderServi - Loading from file system: jar:file:/C:/Users/primzcm/.m2/repository/com/github/almasb/fxgl/fxgl/21.1/fxgl-21.1.jar!/fxglassets/ui/fonts/Abel-Regular.ttf
22:11:47.006 [FXGL Background Thread 1 ] INFO  FXGLApplication      - FXGL initialization took: 0.314 sec
22:11:47.008 [FXGL Background Thread 4 ] DEBUG FXGLAssetLoaderServi - Loading from file system: jar:file:/C:/Users/primzcm/.m2/repository/com/github/almasb/fxgl/fxgl/21.1/fxgl-21.1.jar!/fxglassets/ui/fonts/TerminalLandMono-Regular.otf
22:11:47.010 [FXGL Background Thread 4 ] DEBUG FXGLAssetLoaderServi - Loading from file system: jar:file:/C:/Users/primzcm/.m2/repository/com/github/almasb/fxgl/fxgl/21.1/fxgl-21.1.jar!/fxglassets/ui/fonts/Courier-Prime.ttf
22:11:47.016 [JavaFX Application Thread] DEBUG Input                - Registered new binding: action0 - A
22:11:47.017 [JavaFX Application Thread] DEBUG Input                - Registered new binding: action1 - D
22:11:47.017 [JavaFX Application Thread] DEBUG Input                - Registered new binding: action2 - W
22:11:47.018 [JavaFX Application Thread] DEBUG Input                - Registered new binding: action3 - S
22:11:47.018 [JavaFX Application Thread] DEBUG FXGLAssetLoaderServi - Loading from file system: jar:file:/C:/Users/primzcm/.m2/repository/com/github/almasb/fxgl/fxgl/21.1/fxgl-21.1.jar!/fxglassets/textures/fxgl_icon.png
22:11:47.032 [JavaFX Application Thread] DEBUG FXGLAssetLoaderServi - Loading from file system: jar:file:/C:/Users/primzcm/.m2/repository/com/github/almasb/fxgl/fxgl/21.1/fxgl-21.1.jar!/fxglassets/textures/fxgl_default_cursor.png
22:11:47.035 [JavaFX Application Thread] DEBUG Input                - Registered new binding: Screenshot - CTRL+8
22:11:47.035 [JavaFX Application Thread] DEBUG Input                - Registered new binding: System info dump - CTRL+9
22:11:47.036 [JavaFX Application Thread] DEBUG Input                - Registered new binding: Restart - CTRL+R
22:11:47.036 [JavaFX Application Thread] DEBUG Input                - Registered new binding: Toggle Debug Camera - CTRL+7
22:11:47.039 [JavaFX Application Thread] DEBUG LoopRunner           - Starting loop
22:11:47.039 [JavaFX Application Thread] DEBUG LoopRunner           - Initializing JavaFX AnimationTimerLoop
22:11:47.042 [JavaFX Application Thread] DEBUG Input                - Clearing active input actions
22:11:47.047 [JavaFX Application Thread] DEBUG GameApplicationServi - Removing overlay from FXGLStartupScene and adding to FXGLMainMenuDummyScene
22:11:47.047 [JavaFX Application Thread] DEBUG PrimaryStageWindow   - FXGLStartupScene -> FXGLMainMenuDummyScene
22:11:47.047 [JavaFX Application Thread] DEBUG PrimaryStageWindow   - Push state: NameInputScene
22:11:47.217 [JavaFX Application Thread] DEBUG Input                - Clearing active input actions
22:11:47.223 [JavaFX Application Thread] DEBUG GameApplicationServi - Removing overlay from FXGLMainMenuDummyScene and adding to NameInputScene
22:11:47.223 [JavaFX Application Thread] DEBUG PrimaryStageWindow   - FXGLMainMenuDummyScene -> NameInputScene
22:11:47.226 [JavaFX Application Thread] DEBUG FXGLApplication      - Registering font factories with UI factory
22:11:47.301 [FXGL Background Thread 2 ] INFO  UpdaterService       - Your current version:  21+dev-SNAPSHOT
22:11:47.301 [FXGL Background Thread 2 ] INFO  UpdaterService       - Latest stable version: 21.1
22:11:49.906 [JavaFX Application Thread] DEBUG GameWorld            - Game world initialized
22:11:49.907 [JavaFX Application Thread] DEBUG PhysicsWorld         - Physics world initialized: appHeight=720, physics.ppm=50.0
22:11:49.908 [JavaFX Application Thread] DEBUG PhysicsWorld         - Using strategy: BRUTE_FORCE
22:11:49.909 [JavaFX Application Thread] DEBUG GameScene            - Game scene initialized: 1280x720
22:11:49.925 [JavaFX Application Thread] DEBUG PrimaryStageWindow   - Push state: MainMenuScene
22:11:49.929 [JavaFX Application Thread] DEBUG Input                - Clearing active input actions
22:11:49.933 [JavaFX Application Thread] DEBUG GameApplicationServi - Removing overlay from NameInputScene and adding to MainMenuScene
22:11:49.933 [JavaFX Application Thread] DEBUG PrimaryStageWindow   - NameInputScene -> MainMenuScene
22:11:49.976 [FXGL Background Thread 3 ] DEBUG Engine               - Logging environment variables
22:11:49.976 [FXGL Background Thread 3 ] DEBUG Engine               - achievements: []
22:11:49.976 [FXGL Background Thread 3 ] DEBUG Engine               - actualHeight: 720.0
22:11:49.976 [FXGL Background Thread 3 ] DEBUG Engine               - actualHeightProperty: ReadOnlyDoubleProperty [value: 720.0]
22:11:49.976 [FXGL Background Thread 3 ] DEBUG Engine               - actualWidth: 1280.0
22:11:49.977 [FXGL Background Thread 3 ] DEBUG Engine               - actualWidthProperty: ReadOnlyDoubleProperty [value: 1280.0]
22:11:49.977 [FXGL Background Thread 3 ] DEBUG Engine               - appIcon: fxgl_icon.png
22:11:49.977 [FXGL Background Thread 3 ] DEBUG Engine               - applicationMode: DEVELOPER
22:11:49.977 [FXGL Background Thread 3 ] DEBUG Engine               - cSSList: [fxgl_dark.css]
22:11:49.977 [FXGL Background Thread 3 ] DEBUG Engine               - collisionDetectionStrategy: BRUTE_FORCE
22:11:49.977 [FXGL Background Thread 3 ] DEBUG Engine               - configClass: Optional.empty
22:11:49.977 [FXGL Background Thread 3 ] DEBUG Engine               - credits: []
22:11:49.977 [FXGL Background Thread 3 ] DEBUG Engine               - defaultCursor: CursorInfo(imageName=fxgl_default_cursor.png, hotspotX=7.0, hotspotY=6.0)
22:11:49.977 [FXGL Background Thread 3 ] DEBUG Engine               - devBBoxColorProperty: ObjectProperty [value: 0xff0000ff]
22:11:49.977 [FXGL Background Thread 3 ] DEBUG Engine               - devEnableDebugCameraProperty: BooleanProperty [value: false]
22:11:49.977 [FXGL Background Thread 3 ] DEBUG Engine               - devSensorColorProperty: ObjectProperty [value: 0xffff00ff]
22:11:49.977 [FXGL Background Thread 3 ] DEBUG Engine               - devShowBBoxProperty: BooleanProperty [value: false]
22:11:49.977 [FXGL Background Thread 3 ] DEBUG Engine               - devShowPositionProperty: BooleanProperty [value: false]
22:11:49.977 [FXGL Background Thread 3 ] DEBUG Engine               - enabledMenuItems: []
22:11:49.978 [FXGL Background Thread 3 ] DEBUG Engine               - engineServices: [class com.almasb.fxgl.app.services.FXGLAssetLoaderService, class com.almasb.fxgl.app.FXGLApplication$GameApplicationService, class com.almasb.fxgl.app.services.FXGLDialogService, class com.almasb.fxgl.app.services.IOTaskExecutorService, class com.almasb.fxgl.io.FileSystemService, class com.almasb.fxgl.localization.LocalizationService, class com.almasb.fxgl.app.services.SystemBundleService, class com.almasb.fxgl.profile.SaveLoadService, class com.almasb.fxgl.ui.FXGLUIFactoryServiceProvider, class com.almasb.fxgl.ui.FXGLDialogFactoryServiceProvider, class com.almasb.fxgl.audio.AudioPlayer, class com.almasb.fxgl.notification.impl.NotificationServiceProvider, class com.almasb.fxgl.achievement.AchievementService, class com.almasb.fxgl.cutscene.CutsceneService, class com.almasb.fxgl.minigames.MiniGameService, class com.almasb.fxgl.net.NetService, class com.almasb.fxgl.app.services.UpdaterService, class com.almasb.fxgl.dev.DevService]
22:11:49.978 [FXGL Background Thread 3 ] DEBUG Engine               - fontGame: Abel-Regular.ttf
22:11:49.978 [FXGL Background Thread 3 ] DEBUG Engine               - fontMono: TerminalLandMono-Regular.otf
22:11:49.978 [FXGL Background Thread 3 ] DEBUG Engine               - fontSizeScaleUI: 1.0
22:11:49.978 [FXGL Background Thread 3 ] DEBUG Engine               - fontText: Courier-Prime.ttf
22:11:49.978 [FXGL Background Thread 3 ] DEBUG Engine               - fontUI: VarelaRound-Regular.ttf
22:11:49.978 [FXGL Background Thread 3 ] DEBUG Engine               - fullScreen: BooleanProperty [value: false]
22:11:49.978 [FXGL Background Thread 3 ] DEBUG Engine               - gameDifficulty: MEDIUM
22:11:49.978 [FXGL Background Thread 3 ] DEBUG Engine               - gameDifficultyProperty: ObjectProperty [value: MEDIUM]
22:11:49.978 [FXGL Background Thread 3 ] DEBUG Engine               - globalMusicVolume: 0.5
22:11:49.978 [FXGL Background Thread 3 ] DEBUG Engine               - globalMusicVolumeProperty: DoubleProperty [value: 0.5]
22:11:49.978 [FXGL Background Thread 3 ] DEBUG Engine               - globalSoundVolume: 0.5
22:11:49.978 [FXGL Background Thread 3 ] DEBUG Engine               - globalSoundVolumeProperty: DoubleProperty [value: 0.5]
22:11:49.978 [FXGL Background Thread 3 ] DEBUG Engine               - height: 720
22:11:49.978 [FXGL Background Thread 3 ] DEBUG Engine               - is3D: false
22:11:49.978 [FXGL Background Thread 3 ] DEBUG Engine               - isAndroid: false
22:11:49.978 [FXGL Background Thread 3 ] DEBUG Engine               - isBrowser: false
22:11:49.978 [FXGL Background Thread 3 ] DEBUG Engine               - isClickFeedbackEnabled: false
22:11:49.978 [FXGL Background Thread 3 ] DEBUG Engine               - isCloseConfirmation: false
22:11:49.978 [FXGL Background Thread 3 ] DEBUG Engine               - isDesktop: true
22:11:49.978 [FXGL Background Thread 3 ] DEBUG Engine               - isDeveloperMenuEnabled: false
22:11:49.978 [FXGL Background Thread 3 ] DEBUG Engine               - isEmbedded: false
22:11:49.979 [FXGL Background Thread 3 ] DEBUG Engine               - isEntityPreloadEnabled: true
22:11:49.979 [FXGL Background Thread 3 ] DEBUG Engine               - isExperimentalTiledLargeMap: false
22:11:49.979 [FXGL Background Thread 3 ] DEBUG Engine               - isFileSystemWriteAllowed: true
22:11:49.979 [FXGL Background Thread 3 ] DEBUG Engine               - isFullScreenAllowed: false
22:11:49.979 [FXGL Background Thread 3 ] DEBUG Engine               - isFullScreenFromStart: false
22:11:49.979 [FXGL Background Thread 3 ] DEBUG Engine               - isGameMenuEnabled: true
22:11:49.979 [FXGL Background Thread 3 ] DEBUG Engine               - isIOS: false
22:11:49.979 [FXGL Background Thread 3 ] DEBUG Engine               - isIntroEnabled: false
22:11:49.979 [FXGL Background Thread 3 ] DEBUG Engine               - isLinux: false
22:11:49.979 [FXGL Background Thread 3 ] DEBUG Engine               - isMac: false
22:11:49.979 [FXGL Background Thread 3 ] DEBUG Engine               - isMainMenuEnabled: true
22:11:49.979 [FXGL Background Thread 3 ] DEBUG Engine               - isManualResizeEnabled: false
22:11:49.979 [FXGL Background Thread 3 ] DEBUG Engine               - isMobile: false
22:11:49.979 [FXGL Background Thread 3 ] DEBUG Engine               - isNative: false
22:11:49.979 [FXGL Background Thread 3 ] DEBUG Engine               - isPauseMusicWhenMinimized: true
22:11:49.979 [FXGL Background Thread 3 ] DEBUG Engine               - isPreserveResizeRatio: false
22:11:49.979 [FXGL Background Thread 3 ] DEBUG Engine               - isProfilingEnabled: false
22:11:49.980 [FXGL Background Thread 3 ] DEBUG Engine               - isScaleAffectedOnResize: true
22:11:49.980 [FXGL Background Thread 3 ] DEBUG Engine               - isSingleStep: false
22:11:49.980 [FXGL Background Thread 3 ] DEBUG Engine               - isUserProfileEnabled: false
22:11:49.980 [FXGL Background Thread 3 ] DEBUG Engine               - isWindows: true
22:11:49.980 [FXGL Background Thread 3 ] DEBUG Engine               - language: ObjectProperty [value: ENGLISH]
22:11:49.980 [FXGL Background Thread 3 ] DEBUG Engine               - menuKey: ESCAPE
22:11:49.980 [FXGL Background Thread 3 ] DEBUG Engine               - mouseSensitivity: 0.2
22:11:49.980 [FXGL Background Thread 3 ] DEBUG Engine               - notificationViewClass: class com.almasb.fxgl.notification.view.XboxNotificationView
22:11:49.980 [FXGL Background Thread 3 ] DEBUG Engine               - pixelsPerMeter: 50.0
22:11:49.980 [FXGL Background Thread 3 ] DEBUG Engine               - platform: WINDOWS
22:11:49.980 [FXGL Background Thread 3 ] DEBUG Engine               - prefHeightProperty: ReadOnlyDoubleProperty [value: 720.0]
22:11:49.980 [FXGL Background Thread 3 ] DEBUG Engine               - prefWidthProperty: ReadOnlyDoubleProperty [value: 1280.0]
22:11:49.980 [FXGL Background Thread 3 ] DEBUG Engine               - profileDir: profiles/
22:11:49.980 [FXGL Background Thread 3 ] DEBUG Engine               - profileName: StringProperty [value: DEFAULT]
22:11:49.980 [FXGL Background Thread 3 ] DEBUG Engine               - randomSeed: -1
22:11:49.980 [FXGL Background Thread 3 ] DEBUG Engine               - runtimeInfo: RuntimeInfo(platform=WINDOWS, version=21+dev-SNAPSHOT, build=26.03.2024 19.46)
22:11:49.980 [FXGL Background Thread 3 ] DEBUG Engine               - saveFileExt: sav
22:11:49.980 [FXGL Background Thread 3 ] DEBUG Engine               - scaledHeightProp$fxgl: DoubleProperty [bound, value: 720.0]
22:11:49.980 [FXGL Background Thread 3 ] DEBUG Engine               - scaledWidthProp$fxgl: DoubleProperty [bound, value: 1280.0]
22:11:49.980 [FXGL Background Thread 3 ] DEBUG Engine               - sceneFactory: org.example.core.GameApp$1@33987f6d
22:11:49.980 [FXGL Background Thread 3 ] DEBUG Engine               - secondsIn24h: 60
22:11:49.980 [FXGL Background Thread 3 ] DEBUG Engine               - soundMenuBack: menu/back.wav
22:11:49.980 [FXGL Background Thread 3 ] DEBUG Engine               - soundMenuPress: menu/press.wav
22:11:49.980 [FXGL Background Thread 3 ] DEBUG Engine               - soundMenuSelect: menu/select.wav
22:11:49.980 [FXGL Background Thread 3 ] DEBUG Engine               - soundNotification: core/notification.wav
22:11:49.980 [FXGL Background Thread 3 ] DEBUG Engine               - stageStyle: DECORATED
22:11:49.980 [FXGL Background Thread 3 ] DEBUG Engine               - supportedLanguages: [ENGLISH, FRENCH, GERMAN, HUNGARIAN, RUSSIAN]
22:11:49.980 [FXGL Background Thread 3 ] DEBUG Engine               - ticksPerSecond: -1
22:11:49.980 [FXGL Background Thread 3 ] DEBUG Engine               - title: Prototype Game
22:11:49.980 [FXGL Background Thread 3 ] DEBUG Engine               - urlGithub: https://github.com/AlmasB/FXGL
22:11:49.980 [FXGL Background Thread 3 ] DEBUG Engine               - urlLeaderboard: http://fxgl-top.herokuapp.com/
22:11:49.980 [FXGL Background Thread 3 ] DEBUG Engine               - urlPOM: https://raw.githubusercontent.com/AlmasB/FXGL/release/README.md
22:11:49.980 [FXGL Background Thread 3 ] DEBUG Engine               - userAppClass: class org.example.core.GameApp
22:11:49.980 [FXGL Background Thread 3 ] DEBUG Engine               - version: 0.1.5
22:11:49.980 [FXGL Background Thread 3 ] DEBUG Engine               - versionCheckDays: 7
22:11:49.980 [FXGL Background Thread 3 ] DEBUG Engine               - width: 1280
22:11:49.980 [FXGL Background Thread 3 ] DEBUG Engine               - Logging services
22:11:49.980 [FXGL Background Thread 3 ] DEBUG Engine               - class com.almasb.fxgl.app.services.FXGLAssetLoaderService
22:11:49.980 [FXGL Background Thread 3 ] DEBUG Engine               - class com.almasb.fxgl.app.FXGLApplication$GameApplicationService
22:11:49.980 [FXGL Background Thread 3 ] DEBUG Engine               - class com.almasb.fxgl.app.services.FXGLDialogService
22:11:49.980 [FXGL Background Thread 3 ] DEBUG Engine               - class com.almasb.fxgl.app.services.IOTaskExecutorService
22:11:49.980 [FXGL Background Thread 3 ] DEBUG Engine               - class com.almasb.fxgl.io.FileSystemService
22:11:49.980 [FXGL Background Thread 3 ] DEBUG Engine               - class com.almasb.fxgl.localization.LocalizationService
22:11:49.981 [FXGL Background Thread 3 ] DEBUG Engine               - class com.almasb.fxgl.app.services.SystemBundleService
22:11:49.981 [FXGL Background Thread 3 ] DEBUG Engine               - class com.almasb.fxgl.profile.SaveLoadService
22:11:49.981 [FXGL Background Thread 3 ] DEBUG Engine               - class com.almasb.fxgl.ui.FXGLUIFactoryServiceProvider
22:11:49.981 [FXGL Background Thread 3 ] DEBUG Engine               - class com.almasb.fxgl.ui.FXGLDialogFactoryServiceProvider
22:11:49.981 [FXGL Background Thread 3 ] DEBUG Engine               - class com.almasb.fxgl.audio.AudioPlayer
22:11:49.981 [FXGL Background Thread 3 ] DEBUG Engine               - class com.almasb.fxgl.notification.impl.NotificationServiceProvider
22:11:49.981 [FXGL Background Thread 3 ] DEBUG Engine               - class com.almasb.fxgl.achievement.AchievementService
22:11:49.981 [FXGL Background Thread 3 ] DEBUG Engine               - class com.almasb.fxgl.cutscene.CutsceneService
22:11:49.981 [FXGL Background Thread 3 ] DEBUG Engine               - class com.almasb.fxgl.minigames.MiniGameService
22:11:49.981 [FXGL Background Thread 3 ] DEBUG Engine               - class com.almasb.fxgl.net.NetService
22:11:49.981 [FXGL Background Thread 3 ] DEBUG Engine               - class com.almasb.fxgl.app.services.UpdaterService
22:11:49.981 [FXGL Background Thread 3 ] DEBUG Engine               - class com.almasb.fxgl.dev.DevService
22:11:50.487 [JavaFX Application Thread] DEBUG GameApplicationServi - Starting new game
22:11:50.488 [JavaFX Application Thread] DEBUG PrimaryStageWindow   - Pop state: MainMenuScene
22:11:50.488 [JavaFX Application Thread] DEBUG Input                - Clearing active input actions
22:11:50.488 [JavaFX Application Thread] DEBUG GameApplicationServi - Removing overlay from MainMenuScene and adding to NameInputScene
22:11:50.488 [JavaFX Application Thread] DEBUG PrimaryStageWindow   - NameInputScene <- MainMenuScene
22:11:50.490 [JavaFX Application Thread] DEBUG PrimaryStageWindow   - Pop state: NameInputScene
22:11:50.490 [JavaFX Application Thread] DEBUG Input                - Clearing active input actions
22:11:50.490 [JavaFX Application Thread] DEBUG GameApplicationServi - Removing overlay from NameInputScene and adding to FXGLMainMenuDummyScene
22:11:50.490 [JavaFX Application Thread] DEBUG PrimaryStageWindow   - FXGLMainMenuDummyScene <- NameInputScene
22:11:50.490 [JavaFX Application Thread] DEBUG Input                - Clearing active input actions
22:11:50.496 [JavaFX Application Thread] DEBUG GameApplicationServi - Removing overlay from FXGLMainMenuDummyScene and adding to FXGLLoadingScene
22:11:50.496 [JavaFX Application Thread] DEBUG PrimaryStageWindow   - FXGLMainMenuDummyScene -> FXGLLoadingScene
22:11:50.496 [JavaFX Application Thread] DEBUG GameApplicationServi - Clearing previous game
22:11:50.496 [JavaFX Application Thread] DEBUG GameScene            - Clearing game scene
22:11:50.496 [JavaFX Application Thread] DEBUG GameWorld            - Clearing game world
22:11:50.496 [JavaFX Application Thread] DEBUG PhysicsWorld         - Clearing physics world
22:11:50.498 [FXGL Background Thread 2 ] DEBUG FXGLApplication      - Initializing game
22:11:50.512 [FXGL Background Thread 2 ] DEBUG FXGLAssetLoaderServi - Loading from file system: file:/F:/my%20files/School/2nd%20year%202nd%20sem/TheOnlyException/Test/target/classes/assets/textures/dasd.png
22:11:50.530 [FXGL Background Thread 2 ] DEBUG FXGLAssetLoaderServi - Loading from file system: file:/F:/my%20files/School/2nd%20year%202nd%20sem/TheOnlyException/Test/target/classes/assets/textures/player-scaled.png
22:11:50.584 [FXGL Background Thread 2 ] INFO  FXGLApplication      - Game initialization took: 0.087 sec
22:11:50.586 [JavaFX Application Thread] DEBUG Input                - Clearing active input actions
22:11:50.590 [JavaFX Application Thread] DEBUG GameApplicationServi - Removing overlay from FXGLLoadingScene and adding to GameScene
22:11:50.591 [JavaFX Application Thread] DEBUG PrimaryStageWindow   - FXGLLoadingScene -> GameScene
22:11:51.041 [JavaFX Application Thread] DEBUG FXGLAssetLoaderServi - Loading from file system: file:/F:/my%20files/School/2nd%20year%202nd%20sem/TheOnlyException/Test/target/classes/assets/textures/MaggotWalk-scaled.png
22:11:51.047 [JavaFX Application Thread] DEBUG FXGLAssetLoaderServi - Loading from file system: file:/F:/my%20files/School/2nd%20year%202nd%20sem/TheOnlyException/Test/target/classes/assets/textures/BeetleMove-scaled.png
22:11:51.049 [JavaFX Application Thread] DEBUG FXGLAssetLoaderServi - Loading from file system: file:/F:/my%20files/School/2nd%20year%202nd%20sem/TheOnlyException/Test/target/classes/assets/textures/MantisMove-scaled.png
22:11:51.051 [JavaFX Application Thread] DEBUG FXGLAssetLoaderServi - Loading from file system: file:/F:/my%20files/School/2nd%20year%202nd%20sem/TheOnlyException/Test/target/classes/assets/textures/BeeMove-scaled.png
22:11:51.052 [JavaFX Application Thread] DEBUG FXGLAssetLoaderServi - Loading from file system: file:/F:/my%20files/School/2nd%20year%202nd%20sem/TheOnlyException/Test/target/classes/assets/textures/GiantFly.png
22:11:51.053 [JavaFX Application Thread] DEBUG FXGLAssetLoaderServi - Loading from file system: file:/F:/my%20files/School/2nd%20year%202nd%20sem/TheOnlyException/Test/target/classes/assets/textures/DragonFly.png
22:11:56.983 [JavaFX Application Thread] DEBUG PrimaryStageWindow   - Push state: DialogSubScene
22:11:56.983 [JavaFX Application Thread] DEBUG Input                - Clearing active input actions
22:11:56.984 [JavaFX Application Thread] DEBUG GameApplicationServi - Removing overlay from GameScene and adding to DialogSubScene
22:11:56.984 [JavaFX Application Thread] DEBUG PrimaryStageWindow   - GameScene -> DialogSubScene
22:11:59.675 [JavaFX Application Thread] DEBUG PrimaryStageWindow   - Pop state: DialogSubScene
22:11:59.675 [JavaFX Application Thread] DEBUG Input                - Clearing active input actions
22:11:59.675 [JavaFX Application Thread] DEBUG GameApplicationServi - Removing overlay from DialogSubScene and adding to GameScene
22:11:59.675 [JavaFX Application Thread] DEBUG PrimaryStageWindow   - GameScene <- DialogSubScene
22:12:02.095 [JavaFX Application Thread] DEBUG PrimaryStageWindow   - Push state: DialogSubScene
22:12:02.095 [JavaFX Application Thread] DEBUG Input                - Clearing active input actions
22:12:02.095 [JavaFX Application Thread] DEBUG GameApplicationServi - Removing overlay from GameScene and adding to DialogSubScene
22:12:02.096 [JavaFX Application Thread] DEBUG PrimaryStageWindow   - GameScene -> DialogSubScene
22:12:03.331 [JavaFX Application Thread] DEBUG PrimaryStageWindow   - Pop state: DialogSubScene
22:12:03.331 [JavaFX Application Thread] DEBUG Input                - Clearing active input actions
22:12:03.332 [JavaFX Application Thread] DEBUG GameApplicationServi - Removing overlay from DialogSubScene and adding to GameScene
22:12:03.332 [JavaFX Application Thread] DEBUG PrimaryStageWindow   - GameScene <- DialogSubScene
22:12:09.166 [JavaFX Application Thread] DEBUG PrimaryStageWindow   - Push state: DialogSubScene
22:12:09.166 [JavaFX Application Thread] DEBUG Input                - Clearing active input actions
22:12:09.166 [JavaFX Application Thread] DEBUG GameApplicationServi - Removing overlay from GameScene and adding to DialogSubScene
22:12:09.166 [JavaFX Application Thread] DEBUG PrimaryStageWindow   - GameScene -> DialogSubScene
22:12:11.137 [JavaFX Application Thread] DEBUG PrimaryStageWindow   - Pop state: DialogSubScene
22:12:11.138 [JavaFX Application Thread] DEBUG Input                - Clearing active input actions
22:12:11.138 [JavaFX Application Thread] DEBUG GameApplicationServi - Removing overlay from DialogSubScene and adding to GameScene
22:12:11.138 [JavaFX Application Thread] DEBUG PrimaryStageWindow   - GameScene <- DialogSubScene
22:12:12.818 [JavaFX Application Thread] DEBUG PrimaryStageWindow   - Push state: DialogSubScene
22:12:12.818 [JavaFX Application Thread] DEBUG Input                - Clearing active input actions
22:12:12.818 [JavaFX Application Thread] DEBUG GameApplicationServi - Removing overlay from GameScene and adding to DialogSubScene
22:12:12.818 [JavaFX Application Thread] DEBUG PrimaryStageWindow   - GameScene -> DialogSubScene
22:12:13.719 [JavaFX Application Thread] DEBUG PrimaryStageWindow   - Pop state: DialogSubScene
22:12:13.719 [JavaFX Application Thread] DEBUG Input                - Clearing active input actions
22:12:13.719 [JavaFX Application Thread] DEBUG GameApplicationServi - Removing overlay from DialogSubScene and adding to GameScene
22:12:13.720 [JavaFX Application Thread] DEBUG PrimaryStageWindow   - GameScene <- DialogSubScene
22:12:17.821 [JavaFX Application Thread] DEBUG PrimaryStageWindow   - Push state: DialogSubScene
22:12:17.821 [JavaFX Application Thread] DEBUG Input                - Clearing active input actions
22:12:17.821 [JavaFX Application Thread] DEBUG GameApplicationServi - Removing overlay from GameScene and adding to DialogSubScene
22:12:17.821 [JavaFX Application Thread] DEBUG PrimaryStageWindow   - GameScene -> DialogSubScene
22:12:19.867 [JavaFX Application Thread] DEBUG PrimaryStageWindow   - Pop state: DialogSubScene
22:12:19.867 [JavaFX Application Thread] DEBUG Input                - Clearing active input actions
22:12:19.867 [JavaFX Application Thread] DEBUG GameApplicationServi - Removing overlay from DialogSubScene and adding to GameScene
22:12:19.867 [JavaFX Application Thread] DEBUG PrimaryStageWindow   - GameScene <- DialogSubScene
22:12:24.248 [JavaFX Application Thread] DEBUG PrimaryStageWindow   - Push state: DialogSubScene
22:12:24.249 [JavaFX Application Thread] DEBUG Input                - Clearing active input actions
22:12:24.249 [JavaFX Application Thread] DEBUG GameApplicationServi - Removing overlay from GameScene and adding to DialogSubScene
22:12:24.249 [JavaFX Application Thread] DEBUG PrimaryStageWindow   - GameScene -> DialogSubScene
22:12:25.574 [JavaFX Application Thread] DEBUG PrimaryStageWindow   - Pop state: DialogSubScene
22:12:25.574 [JavaFX Application Thread] DEBUG Input                - Clearing active input actions
22:12:25.574 [JavaFX Application Thread] DEBUG GameApplicationServi - Removing overlay from DialogSubScene and adding to GameScene
22:12:25.574 [JavaFX Application Thread] DEBUG PrimaryStageWindow   - GameScene <- DialogSubScene
22:12:35.437 [JavaFX Application Thread] DEBUG PrimaryStageWindow   - Push state: DialogSubScene
22:12:35.437 [JavaFX Application Thread] DEBUG Input                - Clearing active input actions
22:12:35.437 [JavaFX Application Thread] DEBUG GameApplicationServi - Removing overlay from GameScene and adding to DialogSubScene
22:12:35.437 [JavaFX Application Thread] DEBUG PrimaryStageWindow   - GameScene -> DialogSubScene
22:12:36.823 [JavaFX Application Thread] DEBUG PrimaryStageWindow   - Pop state: DialogSubScene
22:12:36.823 [JavaFX Application Thread] DEBUG Input                - Clearing active input actions
22:12:36.823 [JavaFX Application Thread] DEBUG GameApplicationServi - Removing overlay from DialogSubScene and adding to GameScene
22:12:36.823 [JavaFX Application Thread] DEBUG PrimaryStageWindow   - GameScene <- DialogSubScene
22:12:50.813 [JavaFX Application Thread] DEBUG PrimaryStageWindow   - Push state: DialogSubScene
22:12:50.813 [JavaFX Application Thread] DEBUG Input                - Clearing active input actions
22:12:50.814 [JavaFX Application Thread] DEBUG GameApplicationServi - Removing overlay from GameScene and adding to DialogSubScene
22:12:50.814 [JavaFX Application Thread] DEBUG PrimaryStageWindow   - GameScene -> DialogSubScene
22:12:52.781 [JavaFX Application Thread] DEBUG PrimaryStageWindow   - Pop state: DialogSubScene
22:12:52.781 [JavaFX Application Thread] DEBUG Input                - Clearing active input actions
22:12:52.781 [JavaFX Application Thread] DEBUG GameApplicationServi - Removing overlay from DialogSubScene and adding to GameScene
22:12:52.781 [JavaFX Application Thread] DEBUG PrimaryStageWindow   - GameScene <- DialogSubScene
22:12:56.465 [JavaFX Application Thread] DEBUG FXGLAssetLoaderServi - Loading from file system: file:/F:/my%20files/School/2nd%20year%202nd%20sem/TheOnlyException/Test/target/classes/assets/textures/lightning_strike.png
22:13:03.105 [JavaFX Application Thread] DEBUG PrimaryStageWindow   - Push state: DialogSubScene
22:13:03.105 [JavaFX Application Thread] DEBUG Input                - Clearing active input actions
22:13:03.106 [JavaFX Application Thread] DEBUG GameApplicationServi - Removing overlay from GameScene and adding to DialogSubScene
22:13:03.106 [JavaFX Application Thread] DEBUG PrimaryStageWindow   - GameScene -> DialogSubScene
22:13:04.169 [JavaFX Application Thread] DEBUG PrimaryStageWindow   - Pop state: DialogSubScene
22:13:04.169 [JavaFX Application Thread] DEBUG Input                - Clearing active input actions
22:13:04.169 [JavaFX Application Thread] DEBUG GameApplicationServi - Removing overlay from DialogSubScene and adding to GameScene
22:13:04.169 [JavaFX Application Thread] DEBUG PrimaryStageWindow   - GameScene <- DialogSubScene
22:13:21.976 [JavaFX Application Thread] DEBUG PrimaryStageWindow   - Push state: DialogSubScene
22:13:21.977 [JavaFX Application Thread] DEBUG Input                - Clearing active input actions
22:13:21.978 [JavaFX Application Thread] DEBUG GameApplicationServi - Removing overlay from GameScene and adding to DialogSubScene
22:13:21.978 [JavaFX Application Thread] DEBUG PrimaryStageWindow   - GameScene -> DialogSubScene
22:13:27.618 [JavaFX Application Thread] DEBUG PrimaryStageWindow   - Pop state: DialogSubScene
22:13:27.618 [JavaFX Application Thread] DEBUG Input                - Clearing active input actions
22:13:27.618 [JavaFX Application Thread] DEBUG GameApplicationServi - Removing overlay from DialogSubScene and adding to GameScene
22:13:27.618 [JavaFX Application Thread] DEBUG PrimaryStageWindow   - GameScene <- DialogSubScene
22:13:27.932 [JavaFX Application Thread] DEBUG LoopRunner           - Pausing loop
22:13:35.892 [JavaFX Application Thread] DEBUG LoopRunner           - Resuming loop
22:13:35.893 [JavaFX Application Thread] DEBUG GameWorld            - Game world initialized
22:13:35.893 [JavaFX Application Thread] DEBUG PhysicsWorld         - Physics world initialized: appHeight=720, physics.ppm=50.0
22:13:35.893 [JavaFX Application Thread] DEBUG PhysicsWorld         - Using strategy: BRUTE_FORCE
22:13:35.893 [JavaFX Application Thread] DEBUG GameScene            - Game scene initialized: 1280x720
22:13:35.898 [JavaFX Application Thread] DEBUG PrimaryStageWindow   - Push state: MainMenuScene
22:13:35.900 [JavaFX Application Thread] DEBUG Input                - Clearing active input actions
22:13:35.901 [JavaFX Application Thread] DEBUG GameApplicationServi - Removing overlay from GameScene and adding to MainMenuScene
22:13:35.902 [JavaFX Application Thread] DEBUG PrimaryStageWindow   - GameScene -> MainMenuScene
22:13:37.442 [JavaFX Application Thread] DEBUG FXGLApplication      - Exiting FXGL
22:13:37.442 [JavaFX Application Thread] DEBUG LoopRunner           - Stopping loop
22:13:37.442 [JavaFX Application Thread] DEBUG SystemBundleService  - Saving FXGL system data
22:13:37.445 [JavaFX Application Thread] DEBUG FileSystemAccess     - Writing to: F:\my files\School\2nd year 2nd sem\TheOnlyException\system\fxgl.bundle
22:13:37.868 [JavaFX Application Thread] DEBUG Async                - Shutting down background threads
22:13:37.868 [JavaFX Application Thread] DEBUG PrimaryStageWindow   - Closing main window
22:13:37.883 [JavaFX Application Thread] DEBUG Logger               - Closing Logger
