01:09:34.381 [main                     ] DEBUG Logger               - Configured Logger
01:09:34.385 [main                     ] DEBUG GameApplication      - Logging settings
Title: Prototype Game
Version: 0.1.5
Width: 1280
Height: 720
Fullscreen: false
Intro: false
Profiling: false
Single step:false
App Mode: DEVELOPER
Menu Key: ESCAPE
Stage Style: DECORATED
Scene Factory: class org.example.core.GameApp$1

01:09:34.510 [JavaFX Application Thread] DEBUG FXGLApplication      - Initializing FXGL
01:09:34.512 [JavaFX Application Thread] INFO  Engine               - FXGL-21+dev-SNAPSHOT (26.03.2024 19.46) on WINDOWS (J:24 FX:21.0.1)
01:09:34.512 [JavaFX Application Thread] DEBUG Engine               - JRE Vendor Name: Oracle Corporation
01:09:34.513 [JavaFX Application Thread] DEBUG Engine               - Running on OS: Windows 11 version 10.0
01:09:34.513 [JavaFX Application Thread] DEBUG Engine               - Architecture: amd64
01:09:34.513 [JavaFX Application Thread] INFO  Engine               - Source code and latest versions at: https://github.com/AlmasB/FXGL
01:09:34.513 [JavaFX Application Thread] INFO  Engine               -       Ask questions and discuss at: https://github.com/AlmasB/FXGL/discussions
01:09:34.513 [JavaFX Application Thread] INFO  Engine               -              Join the FXGL chat at: https://gitter.im/AlmasB/FXGL
01:09:34.604 [JavaFX Application Thread] DEBUG PrimaryStageWindow   - Creating a JavaFX scene
01:09:34.635 [JavaFX Application Thread] DEBUG PrimaryStageWindow   - Target settings size: 1280.0 x 720.0
01:09:34.636 [JavaFX Application Thread] DEBUG PrimaryStageWindow   - Scaled scene size:    1280.0 x 720.0
01:09:34.636 [JavaFX Application Thread] DEBUG PrimaryStageWindow   - Scaled ratio: (1.0, 1.0)
01:09:34.637 [JavaFX Application Thread] DEBUG PrimaryStageWindow   - Set initial scene to FXGLStartupScene
01:09:34.640 [JavaFX Application Thread] DEBUG PrimaryStageWindow   - Opening main window
01:09:34.765 [JavaFX Application Thread] DEBUG PrimaryStageWindow   - Window border size: (16.0, 39.0)
01:09:34.766 [JavaFX Application Thread] DEBUG PrimaryStageWindow   - Scaled size: 1280.0 x 720.0
01:09:34.766 [JavaFX Application Thread] DEBUG PrimaryStageWindow   - Scaled ratio: (1.0, 1.0)
01:09:34.766 [JavaFX Application Thread] DEBUG PrimaryStageWindow   - Scene size: 1280.0 x 720.0
01:09:34.766 [JavaFX Application Thread] DEBUG PrimaryStageWindow   - Stage size: 1296.0 x 759.0
01:09:34.772 [FXGL Background Thread 1 ] DEBUG Engine               - Initializing environment variables
01:09:34.821 [FXGL Background Thread 1 ] DEBUG FXGLAssetLoaderServi - User app class for loading assets: class org.example.core.GameApp
01:09:34.821 [FXGL Background Thread 1 ] DEBUG GameApplicationServi - Applying CSS: fxgl_dark.css
01:09:34.822 [FXGL Background Thread 1 ] DEBUG FXGLAssetLoaderServi - Loading from file system: jar:file:/C:/Users/primzcm/.m2/repository/com/github/almasb/fxgl/fxgl/21.1/fxgl-21.1.jar!/fxglassets/ui/css/fxgl_dark.css
01:09:34.856 [FXGL Background Thread 1 ] DEBUG GameApplicationServi - Initializing application scenes
01:09:34.880 [FXGL Background Thread 1 ] DEBUG GameWorld            - Game world initialized
01:09:34.923 [FXGL Background Thread 1 ] DEBUG PhysicsWorld         - Physics world initialized: appHeight=720, physics.ppm=50.0
01:09:34.923 [FXGL Background Thread 1 ] DEBUG PhysicsWorld         - Using strategy: BRUTE_FORCE
01:09:34.925 [FXGL Background Thread 1 ] DEBUG GameScene            - Game scene initialized: 1280x720
01:09:35.129 [FXGL Background Thread 1 ] DEBUG GameApplicationServi - Application scenes initialized
01:09:35.141 [FXGL Background Thread 1 ] DEBUG SystemBundleService  - Loading FXGL system data
01:09:35.143 [FXGL Background Thread 1 ] DEBUG FileSystemAccess     - Reading from: F:\my files\School\2nd year 2nd sem\TheOnlyException\system\fxgl.bundle
01:09:35.147 [FXGL Background Thread 1 ] DEBUG SystemBundleService  - Bundle FXGL: {}
01:09:35.147 [FXGL Background Thread 1 ] DEBUG UpdaterService       - Checking for updates
01:09:35.151 [FXGL Background Thread 4 ] DEBUG FXGLApplication      - Loading fonts
01:09:35.152 [FXGL Background Thread 4 ] DEBUG FXGLAssetLoaderServi - Loading from file system: jar:file:/C:/Users/primzcm/.m2/repository/com/github/almasb/fxgl/fxgl/21.1/fxgl-21.1.jar!/fxglassets/ui/fonts/VarelaRound-Regular.ttf
01:09:35.152 [FXGL Background Thread 1 ] DEBUG FXGLApplication      - Loading default localization
01:09:35.153 [FXGL Background Thread 1 ] DEBUG FXGLAssetLoaderServi - Loading from file system: jar:file:/C:/Users/primzcm/.m2/repository/com/github/almasb/fxgl/fxgl/21.1/fxgl-21.1.jar!/fxglassets/languages/english.lang
01:09:35.155 [FXGL Background Thread 4 ] DEBUG FXGLAssetLoaderServi - Loading from file system: jar:file:/C:/Users/primzcm/.m2/repository/com/github/almasb/fxgl/fxgl/21.1/fxgl-21.1.jar!/fxglassets/ui/fonts/Abel-Regular.ttf
01:09:35.157 [FXGL Background Thread 4 ] DEBUG FXGLAssetLoaderServi - Loading from file system: jar:file:/C:/Users/primzcm/.m2/repository/com/github/almasb/fxgl/fxgl/21.1/fxgl-21.1.jar!/fxglassets/ui/fonts/TerminalLandMono-Regular.otf
01:09:35.159 [FXGL Background Thread 4 ] DEBUG FXGLAssetLoaderServi - Loading from file system: jar:file:/C:/Users/primzcm/.m2/repository/com/github/almasb/fxgl/fxgl/21.1/fxgl-21.1.jar!/fxglassets/ui/fonts/Courier-Prime.ttf
01:09:35.165 [JavaFX Application Thread] DEBUG FXGLApplication      - Registering font factories with UI factory
01:09:35.174 [FXGL Background Thread 1 ] INFO  FXGLApplication      - FXGL initialization took: 0.402 sec
01:09:35.181 [JavaFX Application Thread] DEBUG Input                - Registered new binding: action0 - A
01:09:35.181 [JavaFX Application Thread] DEBUG Input                - Registered new binding: action1 - D
01:09:35.181 [JavaFX Application Thread] DEBUG Input                - Registered new binding: action2 - W
01:09:35.182 [JavaFX Application Thread] DEBUG Input                - Registered new binding: action3 - S
01:09:35.182 [JavaFX Application Thread] DEBUG Input                - Registered new binding: action4 - Esc
01:09:35.182 [JavaFX Application Thread] DEBUG FXGLAssetLoaderServi - Loading from file system: jar:file:/C:/Users/primzcm/.m2/repository/com/github/almasb/fxgl/fxgl/21.1/fxgl-21.1.jar!/fxglassets/textures/fxgl_icon.png
01:09:35.245 [JavaFX Application Thread] DEBUG FXGLAssetLoaderServi - Loading from file system: jar:file:/C:/Users/primzcm/.m2/repository/com/github/almasb/fxgl/fxgl/21.1/fxgl-21.1.jar!/fxglassets/textures/fxgl_default_cursor.png
01:09:35.248 [JavaFX Application Thread] DEBUG Input                - Registered new binding: Screenshot - CTRL+8
01:09:35.248 [JavaFX Application Thread] DEBUG Input                - Registered new binding: System info dump - CTRL+9
01:09:35.248 [JavaFX Application Thread] DEBUG Input                - Registered new binding: Restart - CTRL+R
01:09:35.249 [JavaFX Application Thread] DEBUG Input                - Registered new binding: Toggle Debug Camera - CTRL+7
01:09:35.255 [JavaFX Application Thread] DEBUG LoopRunner           - Starting loop
01:09:35.255 [JavaFX Application Thread] DEBUG LoopRunner           - Initializing JavaFX AnimationTimerLoop
01:09:35.258 [JavaFX Application Thread] DEBUG Input                - Clearing active input actions
01:09:35.263 [JavaFX Application Thread] DEBUG GameApplicationServi - Removing overlay from FXGLStartupScene and adding to FXGLMainMenuDummyScene
01:09:35.263 [JavaFX Application Thread] DEBUG PrimaryStageWindow   - FXGLStartupScene -> FXGLMainMenuDummyScene
01:09:35.263 [JavaFX Application Thread] DEBUG PrimaryStageWindow   - Push state: LoginScene
01:09:35.264 [JavaFX Application Thread] DEBUG Input                - Clearing active input actions
01:09:35.282 [JavaFX Application Thread] DEBUG GameApplicationServi - Removing overlay from FXGLMainMenuDummyScene and adding to LoginScene
01:09:35.282 [JavaFX Application Thread] DEBUG PrimaryStageWindow   - FXGLMainMenuDummyScene -> LoginScene
01:09:35.569 [FXGL Background Thread 2 ] INFO  UpdaterService       - Your current version:  21+dev-SNAPSHOT
01:09:35.569 [FXGL Background Thread 2 ] INFO  UpdaterService       - Latest stable version: 21.1
01:09:37.454 [JavaFX Application Thread] DEBUG GameWorld            - Game world initialized
01:09:37.454 [JavaFX Application Thread] DEBUG PhysicsWorld         - Physics world initialized: appHeight=720, physics.ppm=50.0
01:09:37.454 [JavaFX Application Thread] DEBUG PhysicsWorld         - Using strategy: BRUTE_FORCE
01:09:37.455 [JavaFX Application Thread] DEBUG GameScene            - Game scene initialized: 1280x720
01:09:37.472 [JavaFX Application Thread] DEBUG PrimaryStageWindow   - Push state: MainMenuScene
01:09:37.509 [JavaFX Application Thread] DEBUG Input                - Clearing active input actions
01:09:37.511 [JavaFX Application Thread] DEBUG GameApplicationServi - Removing overlay from LoginScene and adding to MainMenuScene
01:09:37.511 [JavaFX Application Thread] DEBUG PrimaryStageWindow   - LoginScene -> MainMenuScene
01:09:37.511 [JavaFX Application Thread] DEBUG GameWorld            - Game world initialized
01:09:37.512 [JavaFX Application Thread] DEBUG PhysicsWorld         - Physics world initialized: appHeight=720, physics.ppm=50.0
01:09:37.512 [JavaFX Application Thread] DEBUG PhysicsWorld         - Using strategy: BRUTE_FORCE
01:09:37.513 [JavaFX Application Thread] DEBUG GameScene            - Game scene initialized: 1280x720
01:09:37.524 [JavaFX Application Thread] DEBUG PrimaryStageWindow   - Push state: MainMenuScene
01:09:37.559 [JavaFX Application Thread] DEBUG Input                - Clearing active input actions
01:09:37.560 [JavaFX Application Thread] DEBUG GameApplicationServi - Removing overlay from MainMenuScene and adding to MainMenuScene
01:09:37.561 [JavaFX Application Thread] DEBUG PrimaryStageWindow   - MainMenuScene -> MainMenuScene
01:09:38.152 [FXGL Background Thread 3 ] DEBUG Engine               - Logging environment variables
01:09:38.152 [FXGL Background Thread 3 ] DEBUG Engine               - achievements: []
01:09:38.152 [FXGL Background Thread 3 ] DEBUG Engine               - actualHeight: 720.0
01:09:38.152 [FXGL Background Thread 3 ] DEBUG Engine               - actualHeightProperty: ReadOnlyDoubleProperty [value: 720.0]
01:09:38.152 [FXGL Background Thread 3 ] DEBUG Engine               - actualWidth: 1280.0
01:09:38.152 [FXGL Background Thread 3 ] DEBUG Engine               - actualWidthProperty: ReadOnlyDoubleProperty [value: 1280.0]
01:09:38.152 [FXGL Background Thread 3 ] DEBUG Engine               - appIcon: fxgl_icon.png
01:09:38.152 [FXGL Background Thread 3 ] DEBUG Engine               - applicationMode: DEVELOPER
01:09:38.152 [FXGL Background Thread 3 ] DEBUG Engine               - cSSList: [fxgl_dark.css]
01:09:38.152 [FXGL Background Thread 3 ] DEBUG Engine               - collisionDetectionStrategy: BRUTE_FORCE
01:09:38.152 [FXGL Background Thread 3 ] DEBUG Engine               - configClass: Optional.empty
01:09:38.152 [FXGL Background Thread 3 ] DEBUG Engine               - credits: []
01:09:38.154 [FXGL Background Thread 3 ] DEBUG Engine               - defaultCursor: CursorInfo(imageName=fxgl_default_cursor.png, hotspotX=7.0, hotspotY=6.0)
01:09:38.154 [FXGL Background Thread 3 ] DEBUG Engine               - devBBoxColorProperty: ObjectProperty [value: 0xff0000ff]
01:09:38.154 [FXGL Background Thread 3 ] DEBUG Engine               - devEnableDebugCameraProperty: BooleanProperty [value: false]
01:09:38.154 [FXGL Background Thread 3 ] DEBUG Engine               - devSensorColorProperty: ObjectProperty [value: 0xffff00ff]
01:09:38.154 [FXGL Background Thread 3 ] DEBUG Engine               - devShowBBoxProperty: BooleanProperty [value: false]
01:09:38.154 [FXGL Background Thread 3 ] DEBUG Engine               - devShowPositionProperty: BooleanProperty [value: false]
01:09:38.154 [FXGL Background Thread 3 ] DEBUG Engine               - enabledMenuItems: []
01:09:38.154 [FXGL Background Thread 3 ] DEBUG Engine               - engineServices: [class com.almasb.fxgl.app.services.FXGLAssetLoaderService, class com.almasb.fxgl.app.FXGLApplication$GameApplicationService, class com.almasb.fxgl.app.services.FXGLDialogService, class com.almasb.fxgl.app.services.IOTaskExecutorService, class com.almasb.fxgl.io.FileSystemService, class com.almasb.fxgl.localization.LocalizationService, class com.almasb.fxgl.app.services.SystemBundleService, class com.almasb.fxgl.profile.SaveLoadService, class com.almasb.fxgl.ui.FXGLUIFactoryServiceProvider, class com.almasb.fxgl.ui.FXGLDialogFactoryServiceProvider, class com.almasb.fxgl.audio.AudioPlayer, class com.almasb.fxgl.notification.impl.NotificationServiceProvider, class com.almasb.fxgl.achievement.AchievementService, class com.almasb.fxgl.cutscene.CutsceneService, class com.almasb.fxgl.minigames.MiniGameService, class com.almasb.fxgl.net.NetService, class com.almasb.fxgl.app.services.UpdaterService, class com.almasb.fxgl.dev.DevService]
01:09:38.154 [FXGL Background Thread 3 ] DEBUG Engine               - fontGame: Abel-Regular.ttf
01:09:38.154 [FXGL Background Thread 3 ] DEBUG Engine               - fontMono: TerminalLandMono-Regular.otf
01:09:38.154 [FXGL Background Thread 3 ] DEBUG Engine               - fontSizeScaleUI: 1.0
01:09:38.154 [FXGL Background Thread 3 ] DEBUG Engine               - fontText: Courier-Prime.ttf
01:09:38.154 [FXGL Background Thread 3 ] DEBUG Engine               - fontUI: VarelaRound-Regular.ttf
01:09:38.154 [FXGL Background Thread 3 ] DEBUG Engine               - fullScreen: BooleanProperty [value: false]
01:09:38.154 [FXGL Background Thread 3 ] DEBUG Engine               - gameDifficulty: MEDIUM
01:09:38.154 [FXGL Background Thread 3 ] DEBUG Engine               - gameDifficultyProperty: ObjectProperty [value: MEDIUM]
01:09:38.154 [FXGL Background Thread 3 ] DEBUG Engine               - globalMusicVolume: 0.5
01:09:38.155 [FXGL Background Thread 3 ] DEBUG Engine               - globalMusicVolumeProperty: DoubleProperty [value: 0.5]
01:09:38.155 [FXGL Background Thread 3 ] DEBUG Engine               - globalSoundVolume: 0.5
01:09:38.155 [FXGL Background Thread 3 ] DEBUG Engine               - globalSoundVolumeProperty: DoubleProperty [value: 0.5]
01:09:38.155 [FXGL Background Thread 3 ] DEBUG Engine               - height: 720
01:09:38.155 [FXGL Background Thread 3 ] DEBUG Engine               - is3D: false
01:09:38.155 [FXGL Background Thread 3 ] DEBUG Engine               - isAndroid: false
01:09:38.155 [FXGL Background Thread 3 ] DEBUG Engine               - isBrowser: false
01:09:38.155 [FXGL Background Thread 3 ] DEBUG Engine               - isClickFeedbackEnabled: false
01:09:38.155 [FXGL Background Thread 3 ] DEBUG Engine               - isCloseConfirmation: false
01:09:38.155 [FXGL Background Thread 3 ] DEBUG Engine               - isDesktop: true
01:09:38.155 [FXGL Background Thread 3 ] DEBUG Engine               - isDeveloperMenuEnabled: false
01:09:38.155 [FXGL Background Thread 3 ] DEBUG Engine               - isEmbedded: false
01:09:38.155 [FXGL Background Thread 3 ] DEBUG Engine               - isEntityPreloadEnabled: true
01:09:38.155 [FXGL Background Thread 3 ] DEBUG Engine               - isExperimentalTiledLargeMap: false
01:09:38.155 [FXGL Background Thread 3 ] DEBUG Engine               - isFileSystemWriteAllowed: true
01:09:38.155 [FXGL Background Thread 3 ] DEBUG Engine               - isFullScreenAllowed: false
01:09:38.155 [FXGL Background Thread 3 ] DEBUG Engine               - isFullScreenFromStart: false
01:09:38.155 [FXGL Background Thread 3 ] DEBUG Engine               - isGameMenuEnabled: false
01:09:38.155 [FXGL Background Thread 3 ] DEBUG Engine               - isIOS: false
01:09:38.155 [FXGL Background Thread 3 ] DEBUG Engine               - isIntroEnabled: false
01:09:38.155 [FXGL Background Thread 3 ] DEBUG Engine               - isLinux: false
01:09:38.155 [FXGL Background Thread 3 ] DEBUG Engine               - isMac: false
01:09:38.155 [FXGL Background Thread 3 ] DEBUG Engine               - isMainMenuEnabled: true
01:09:38.155 [FXGL Background Thread 3 ] DEBUG Engine               - isManualResizeEnabled: false
01:09:38.155 [FXGL Background Thread 3 ] DEBUG Engine               - isMobile: false
01:09:38.155 [FXGL Background Thread 3 ] DEBUG Engine               - isNative: false
01:09:38.156 [FXGL Background Thread 3 ] DEBUG Engine               - isPauseMusicWhenMinimized: true
01:09:38.156 [FXGL Background Thread 3 ] DEBUG Engine               - isPreserveResizeRatio: false
01:09:38.156 [FXGL Background Thread 3 ] DEBUG Engine               - isProfilingEnabled: false
01:09:38.156 [FXGL Background Thread 3 ] DEBUG Engine               - isScaleAffectedOnResize: true
01:09:38.156 [FXGL Background Thread 3 ] DEBUG Engine               - isSingleStep: false
01:09:38.156 [FXGL Background Thread 3 ] DEBUG Engine               - isUserProfileEnabled: false
01:09:38.156 [FXGL Background Thread 3 ] DEBUG Engine               - isWindows: true
01:09:38.156 [FXGL Background Thread 3 ] DEBUG Engine               - language: ObjectProperty [value: ENGLISH]
01:09:38.156 [FXGL Background Thread 3 ] DEBUG Engine               - menuKey: ESCAPE
01:09:38.156 [FXGL Background Thread 3 ] DEBUG Engine               - mouseSensitivity: 0.2
01:09:38.156 [FXGL Background Thread 3 ] DEBUG Engine               - notificationViewClass: class com.almasb.fxgl.notification.view.XboxNotificationView
01:09:38.156 [FXGL Background Thread 3 ] DEBUG Engine               - pixelsPerMeter: 50.0
01:09:38.156 [FXGL Background Thread 3 ] DEBUG Engine               - platform: WINDOWS
01:09:38.156 [FXGL Background Thread 3 ] DEBUG Engine               - prefHeightProperty: ReadOnlyDoubleProperty [value: 720.0]
01:09:38.156 [FXGL Background Thread 3 ] DEBUG Engine               - prefWidthProperty: ReadOnlyDoubleProperty [value: 1280.0]
01:09:38.156 [FXGL Background Thread 3 ] DEBUG Engine               - profileDir: profiles/
01:09:38.156 [FXGL Background Thread 3 ] DEBUG Engine               - profileName: StringProperty [value: DEFAULT]
01:09:38.156 [FXGL Background Thread 3 ] DEBUG Engine               - randomSeed: -1
01:09:38.156 [FXGL Background Thread 3 ] DEBUG Engine               - runtimeInfo: RuntimeInfo(platform=WINDOWS, version=21+dev-SNAPSHOT, build=26.03.2024 19.46)
01:09:38.156 [FXGL Background Thread 3 ] DEBUG Engine               - saveFileExt: sav
01:09:38.156 [FXGL Background Thread 3 ] DEBUG Engine               - scaledHeightProp$fxgl: DoubleProperty [bound, value: 720.0]
01:09:38.156 [FXGL Background Thread 3 ] DEBUG Engine               - scaledWidthProp$fxgl: DoubleProperty [bound, value: 1280.0]
01:09:38.156 [FXGL Background Thread 3 ] DEBUG Engine               - sceneFactory: org.example.core.GameApp$1@2edda756
01:09:38.156 [FXGL Background Thread 3 ] DEBUG Engine               - secondsIn24h: 60
01:09:38.156 [FXGL Background Thread 3 ] DEBUG Engine               - soundMenuBack: menu/back.wav
01:09:38.156 [FXGL Background Thread 3 ] DEBUG Engine               - soundMenuPress: menu/press.wav
01:09:38.156 [FXGL Background Thread 3 ] DEBUG Engine               - soundMenuSelect: menu/select.wav
01:09:38.156 [FXGL Background Thread 3 ] DEBUG Engine               - soundNotification: core/notification.wav
01:09:38.156 [FXGL Background Thread 3 ] DEBUG Engine               - stageStyle: DECORATED
01:09:38.156 [FXGL Background Thread 3 ] DEBUG Engine               - supportedLanguages: [ENGLISH, FRENCH, GERMAN, HUNGARIAN, RUSSIAN]
01:09:38.156 [FXGL Background Thread 3 ] DEBUG Engine               - ticksPerSecond: -1
01:09:38.156 [FXGL Background Thread 3 ] DEBUG Engine               - title: Prototype Game
01:09:38.156 [FXGL Background Thread 3 ] DEBUG Engine               - urlGithub: https://github.com/AlmasB/FXGL
01:09:38.156 [FXGL Background Thread 3 ] DEBUG Engine               - urlLeaderboard: http://fxgl-top.herokuapp.com/
01:09:38.156 [FXGL Background Thread 3 ] DEBUG Engine               - urlPOM: https://raw.githubusercontent.com/AlmasB/FXGL/release/README.md
01:09:38.156 [FXGL Background Thread 3 ] DEBUG Engine               - userAppClass: class org.example.core.GameApp
01:09:38.156 [FXGL Background Thread 3 ] DEBUG Engine               - version: 0.1.5
01:09:38.156 [FXGL Background Thread 3 ] DEBUG Engine               - versionCheckDays: 7
01:09:38.156 [FXGL Background Thread 3 ] DEBUG Engine               - width: 1280
01:09:38.156 [FXGL Background Thread 3 ] DEBUG Engine               - Logging services
01:09:38.156 [FXGL Background Thread 3 ] DEBUG Engine               - class com.almasb.fxgl.app.services.FXGLAssetLoaderService
01:09:38.156 [FXGL Background Thread 3 ] DEBUG Engine               - class com.almasb.fxgl.app.FXGLApplication$GameApplicationService
01:09:38.156 [FXGL Background Thread 3 ] DEBUG Engine               - class com.almasb.fxgl.app.services.FXGLDialogService
01:09:38.157 [FXGL Background Thread 3 ] DEBUG Engine               - class com.almasb.fxgl.app.services.IOTaskExecutorService
01:09:38.157 [FXGL Background Thread 3 ] DEBUG Engine               - class com.almasb.fxgl.io.FileSystemService
01:09:38.157 [FXGL Background Thread 3 ] DEBUG Engine               - class com.almasb.fxgl.localization.LocalizationService
01:09:38.157 [FXGL Background Thread 3 ] DEBUG Engine               - class com.almasb.fxgl.app.services.SystemBundleService
01:09:38.157 [FXGL Background Thread 3 ] DEBUG Engine               - class com.almasb.fxgl.profile.SaveLoadService
01:09:38.157 [FXGL Background Thread 3 ] DEBUG Engine               - class com.almasb.fxgl.ui.FXGLUIFactoryServiceProvider
01:09:38.157 [FXGL Background Thread 3 ] DEBUG Engine               - class com.almasb.fxgl.ui.FXGLDialogFactoryServiceProvider
01:09:38.157 [FXGL Background Thread 3 ] DEBUG Engine               - class com.almasb.fxgl.audio.AudioPlayer
01:09:38.157 [FXGL Background Thread 3 ] DEBUG Engine               - class com.almasb.fxgl.notification.impl.NotificationServiceProvider
01:09:38.157 [FXGL Background Thread 3 ] DEBUG Engine               - class com.almasb.fxgl.achievement.AchievementService
01:09:38.157 [FXGL Background Thread 3 ] DEBUG Engine               - class com.almasb.fxgl.cutscene.CutsceneService
01:09:38.157 [FXGL Background Thread 3 ] DEBUG Engine               - class com.almasb.fxgl.minigames.MiniGameService
01:09:38.157 [FXGL Background Thread 3 ] DEBUG Engine               - class com.almasb.fxgl.net.NetService
01:09:38.157 [FXGL Background Thread 3 ] DEBUG Engine               - class com.almasb.fxgl.app.services.UpdaterService
01:09:38.157 [FXGL Background Thread 3 ] DEBUG Engine               - class com.almasb.fxgl.dev.DevService
01:09:38.264 [JavaFX Application Thread] DEBUG GameApplicationServi - Starting new game
01:09:38.264 [JavaFX Application Thread] DEBUG PrimaryStageWindow   - Pop state: MainMenuScene
01:09:38.264 [JavaFX Application Thread] DEBUG Input                - Clearing active input actions
01:09:38.265 [JavaFX Application Thread] DEBUG GameApplicationServi - Removing overlay from MainMenuScene and adding to MainMenuScene
01:09:38.265 [JavaFX Application Thread] DEBUG PrimaryStageWindow   - MainMenuScene <- MainMenuScene
01:09:38.309 [JavaFX Application Thread] DEBUG PrimaryStageWindow   - Pop state: MainMenuScene
01:09:38.309 [JavaFX Application Thread] DEBUG Input                - Clearing active input actions
01:09:38.309 [JavaFX Application Thread] DEBUG GameApplicationServi - Removing overlay from MainMenuScene and adding to LoginScene
01:09:38.309 [JavaFX Application Thread] DEBUG PrimaryStageWindow   - LoginScene <- MainMenuScene
01:09:38.322 [JavaFX Application Thread] DEBUG PrimaryStageWindow   - Pop state: LoginScene
01:09:38.322 [JavaFX Application Thread] DEBUG Input                - Clearing active input actions
01:09:38.322 [JavaFX Application Thread] DEBUG GameApplicationServi - Removing overlay from LoginScene and adding to FXGLMainMenuDummyScene
01:09:38.322 [JavaFX Application Thread] DEBUG PrimaryStageWindow   - FXGLMainMenuDummyScene <- LoginScene
01:09:38.323 [JavaFX Application Thread] DEBUG Input                - Clearing active input actions
01:09:38.328 [JavaFX Application Thread] DEBUG GameApplicationServi - Removing overlay from FXGLMainMenuDummyScene and adding to FXGLLoadingScene
01:09:38.328 [JavaFX Application Thread] DEBUG PrimaryStageWindow   - FXGLMainMenuDummyScene -> FXGLLoadingScene
01:09:38.328 [JavaFX Application Thread] DEBUG GameApplicationServi - Clearing previous game
01:09:38.328 [JavaFX Application Thread] DEBUG GameScene            - Clearing game scene
01:09:38.328 [JavaFX Application Thread] DEBUG GameWorld            - Clearing game world
01:09:38.329 [JavaFX Application Thread] DEBUG PhysicsWorld         - Clearing physics world
01:09:38.330 [FXGL Background Thread 2 ] DEBUG FXGLApplication      - Initializing game
01:09:38.339 [FXGL Background Thread 2 ] DEBUG FXGLAssetLoaderServi - Loading from file system: file:/F:/my%20files/School/2nd%20year%202nd%20sem/TheOnlyException/Test/target/classes/assets/textures/worlda.png
01:09:38.409 [FXGL Background Thread 2 ] DEBUG FXGLAssetLoaderServi - Loading from file system: file:/F:/my%20files/School/2nd%20year%202nd%20sem/TheOnlyException/Test/target/classes/assets/textures/player-scaled.png
01:09:38.449 [FXGL Background Thread 2 ] INFO  FXGLApplication      - Game initialization took: 0.119 sec
01:09:38.449 [JavaFX Application Thread] DEBUG Input                - Clearing active input actions
01:09:38.454 [JavaFX Application Thread] DEBUG GameApplicationServi - Removing overlay from FXGLLoadingScene and adding to GameScene
01:09:38.454 [JavaFX Application Thread] DEBUG PrimaryStageWindow   - FXGLLoadingScene -> GameScene
01:09:38.898 [JavaFX Application Thread] DEBUG FXGLAssetLoaderServi - Loading from file system: file:/F:/my%20files/School/2nd%20year%202nd%20sem/TheOnlyException/Test/target/classes/assets/textures/MaggotWalk-scaled-recolored.png
01:09:38.904 [JavaFX Application Thread] DEBUG FXGLAssetLoaderServi - Loading from file system: file:/F:/my%20files/School/2nd%20year%202nd%20sem/TheOnlyException/Test/target/classes/assets/textures/BeetleMove-scaled-recolored.png
01:09:38.905 [JavaFX Application Thread] DEBUG FXGLAssetLoaderServi - Loading from file system: file:/F:/my%20files/School/2nd%20year%202nd%20sem/TheOnlyException/Test/target/classes/assets/textures/MantisMove-scaled-recolored.png
01:09:38.907 [JavaFX Application Thread] DEBUG FXGLAssetLoaderServi - Loading from file system: file:/F:/my%20files/School/2nd%20year%202nd%20sem/TheOnlyException/Test/target/classes/assets/textures/BeeMove-scaled-recolored.png
01:09:38.908 [JavaFX Application Thread] DEBUG FXGLAssetLoaderServi - Loading from file system: file:/F:/my%20files/School/2nd%20year%202nd%20sem/TheOnlyException/Test/target/classes/assets/textures/GiantFly-recolored.png
01:09:38.910 [JavaFX Application Thread] DEBUG FXGLAssetLoaderServi - Loading from file system: file:/F:/my%20files/School/2nd%20year%202nd%20sem/TheOnlyException/Test/target/classes/assets/textures/DragonFly-recolored.png
01:09:41.877 [JavaFX Application Thread] DEBUG FXGLAssetLoaderServi - Loading from file system: file:/F:/my%20files/School/2nd%20year%202nd%20sem/TheOnlyException/Test/target/classes/assets/textures/memorychip.png
01:09:45.448 [JavaFX Application Thread] DEBUG FXGLAssetLoaderServi - Loading from file system: file:/F:/my%20files/School/2nd%20year%202nd%20sem/TheOnlyException/Test/target/classes/assets/textures/shortcircuit.png
01:09:45.466 [JavaFX Application Thread] DEBUG FXGLAssetLoaderServi - Loading from file system: file:/F:/my%20files/School/2nd%20year%202nd%20sem/TheOnlyException/Test/target/classes/assets/textures/firewallshield.png
01:09:45.482 [JavaFX Application Thread] DEBUG FXGLAssetLoaderServi - Loading from file system: file:/F:/my%20files/School/2nd%20year%202nd%20sem/TheOnlyException/Test/target/classes/assets/textures/nullblaster.png
01:09:45.505 [JavaFX Application Thread] DEBUG FXGLAssetLoaderServi - Loading from file system: file:/F:/my%20files/School/2nd%20year%202nd%20sem/TheOnlyException/Test/target/classes/assets/textures/smolderprotocol.png
01:09:45.534 [JavaFX Application Thread] DEBUG PrimaryStageWindow   - Push state: DialogSubScene
01:09:45.534 [JavaFX Application Thread] DEBUG Input                - Clearing active input actions
01:09:45.534 [JavaFX Application Thread] DEBUG GameApplicationServi - Removing overlay from GameScene and adding to DialogSubScene
01:09:45.535 [JavaFX Application Thread] DEBUG PrimaryStageWindow   - GameScene -> DialogSubScene
01:09:47.884 [JavaFX Application Thread] DEBUG PrimaryStageWindow   - Pop state: DialogSubScene
01:09:47.884 [JavaFX Application Thread] DEBUG Input                - Clearing active input actions
01:09:47.884 [JavaFX Application Thread] DEBUG GameApplicationServi - Removing overlay from DialogSubScene and adding to GameScene
01:09:47.884 [JavaFX Application Thread] DEBUG PrimaryStageWindow   - GameScene <- DialogSubScene
01:09:47.888 [JavaFX Application Thread] WARN  FXGLAssetLoaderServi - Asset "/assets/textures/particles/spark.png" was not found!
01:09:47.889 [JavaFX Application Thread] WARN  FXGLAssetLoaderServi - Failed to load RESIZABLE_IMAGE
01:09:49.054 [JavaFX Application Thread] DEBUG FXGLAssetLoaderServi - Loading from file system: file:/F:/my%20files/School/2nd%20year%202nd%20sem/TheOnlyException/Test/target/classes/assets/textures/realtimedefense.png
01:09:49.074 [JavaFX Application Thread] DEBUG FXGLAssetLoaderServi - Loading from file system: file:/F:/my%20files/School/2nd%20year%202nd%20sem/TheOnlyException/Test/target/classes/assets/textures/systemrestore.png
01:09:49.091 [JavaFX Application Thread] DEBUG PrimaryStageWindow   - Push state: DialogSubScene
01:09:49.091 [JavaFX Application Thread] DEBUG Input                - Clearing active input actions
01:09:49.092 [JavaFX Application Thread] DEBUG GameApplicationServi - Removing overlay from GameScene and adding to DialogSubScene
01:09:49.092 [JavaFX Application Thread] DEBUG PrimaryStageWindow   - GameScene -> DialogSubScene
01:09:53.814 [JavaFX Application Thread] DEBUG PrimaryStageWindow   - Pop state: DialogSubScene
01:09:53.814 [JavaFX Application Thread] DEBUG Input                - Clearing active input actions
01:09:53.814 [JavaFX Application Thread] DEBUG GameApplicationServi - Removing overlay from DialogSubScene and adding to GameScene
01:09:53.814 [JavaFX Application Thread] DEBUG PrimaryStageWindow   - GameScene <- DialogSubScene
01:09:53.814 [JavaFX Application Thread] DEBUG FXGLAssetLoaderServi - Loading from file system: file:/F:/my%20files/School/2nd%20year%202nd%20sem/TheOnlyException/Test/target/classes/assets/textures/realtimedefenseaura.png
01:10:01.012 [JavaFX Application Thread] DEBUG FXGLAssetLoaderServi - Loading from file system: file:/F:/my%20files/School/2nd%20year%202nd%20sem/TheOnlyException/Test/target/classes/assets/textures/datawipe.png
01:10:01.030 [JavaFX Application Thread] DEBUG PrimaryStageWindow   - Push state: DialogSubScene
01:10:01.030 [JavaFX Application Thread] DEBUG Input                - Clearing active input actions
01:10:01.030 [JavaFX Application Thread] DEBUG GameApplicationServi - Removing overlay from GameScene and adding to DialogSubScene
01:10:01.030 [JavaFX Application Thread] DEBUG PrimaryStageWindow   - GameScene -> DialogSubScene
01:10:03.352 [JavaFX Application Thread] DEBUG PrimaryStageWindow   - Pop state: DialogSubScene
01:10:03.352 [JavaFX Application Thread] DEBUG Input                - Clearing active input actions
01:10:03.352 [JavaFX Application Thread] DEBUG GameApplicationServi - Removing overlay from DialogSubScene and adding to GameScene
01:10:03.352 [JavaFX Application Thread] DEBUG PrimaryStageWindow   - GameScene <- DialogSubScene
01:10:04.340 [JavaFX Application Thread] DEBUG FXGLAssetLoaderServi - Loading from file system: file:/F:/my%20files/School/2nd%20year%202nd%20sem/TheOnlyException/Test/target/classes/assets/textures/datawipemine.png
01:10:05.472 [JavaFX Application Thread] WARN  FXGLAssetLoaderServi - Asset "/assets/textures/particles/spark.png" was not found!
01:10:05.474 [JavaFX Application Thread] WARN  FXGLAssetLoaderServi - Failed to load RESIZABLE_IMAGE
01:10:07.172 [JavaFX Application Thread] DEBUG PrimaryStageWindow   - Push state: DialogSubScene
01:10:07.172 [JavaFX Application Thread] DEBUG Input                - Clearing active input actions
01:10:07.174 [JavaFX Application Thread] DEBUG GameApplicationServi - Removing overlay from GameScene and adding to DialogSubScene
01:10:07.174 [JavaFX Application Thread] DEBUG PrimaryStageWindow   - GameScene -> DialogSubScene
01:10:07.984 [JavaFX Application Thread] DEBUG PrimaryStageWindow   - Pop state: DialogSubScene
01:10:07.984 [JavaFX Application Thread] DEBUG Input                - Clearing active input actions
01:10:07.984 [JavaFX Application Thread] DEBUG GameApplicationServi - Removing overlay from DialogSubScene and adding to GameScene
01:10:07.984 [JavaFX Application Thread] DEBUG PrimaryStageWindow   - GameScene <- DialogSubScene
01:10:09.066 [JavaFX Application Thread] DEBUG FXGLAssetLoaderServi - Loading from file system: file:/F:/my%20files/School/2nd%20year%202nd%20sem/TheOnlyException/Test/target/classes/assets/textures/datawipeexplosion.png
01:10:09.068 [JavaFX Application Thread] WARN  FXGLAssetLoaderServi - Asset "/assets/textures/orange_particle.png" was not found!
01:10:09.068 [JavaFX Application Thread] WARN  FXGLAssetLoaderServi - Failed to load IMAGE
01:10:11.076 [JavaFX Application Thread] WARN  FXGLAssetLoaderServi - Asset "/assets/textures/orange_particle.png" was not found!
01:10:11.076 [JavaFX Application Thread] WARN  FXGLAssetLoaderServi - Failed to load IMAGE
01:10:13.083 [JavaFX Application Thread] WARN  FXGLAssetLoaderServi - Asset "/assets/textures/orange_particle.png" was not found!
01:10:13.083 [JavaFX Application Thread] WARN  FXGLAssetLoaderServi - Failed to load IMAGE
01:10:15.001 [JavaFX Application Thread] DEBUG FXGLApplication      - Exiting FXGL
01:10:15.001 [JavaFX Application Thread] DEBUG LoopRunner           - Stopping loop
01:10:15.001 [JavaFX Application Thread] DEBUG SystemBundleService  - Saving FXGL system data
01:10:15.002 [JavaFX Application Thread] DEBUG FileSystemAccess     - Writing to: F:\my files\School\2nd year 2nd sem\TheOnlyException\system\fxgl.bundle
01:10:15.065 [JavaFX Application Thread] DEBUG Async                - Shutting down background threads
01:10:15.066 [JavaFX Application Thread] DEBUG PrimaryStageWindow   - Closing main window
01:10:15.080 [JavaFX Application Thread] DEBUG Logger               - Closing Logger
