02:43:45.704 [main                     ] DEBUG Logger               - Configured Logger
02:43:45.720 [main                     ] DEBUG GameApplication      - Logging settings
Title: Prototype Game
Version: 0.1.5
Width: 1280
Height: 720
Fullscreen: false
Intro: false
Profiling: false
Single step:false
App Mode: DEVELOPER
Menu Key: ESCAPE
Stage Style: DECORATED
Scene Factory: class org.example.GameApp$1

02:43:47.100 [JavaFX Application Thread] DEBUG FXGLApplication      - Initializing FXGL
02:43:47.108 [JavaFX Application Thread] INFO  Engine               - FXGL-17+dev-SNAPSHOT (01.09.2022 03.33) on WINDOWS (J:24 FX:17)
02:43:47.108 [JavaFX Application Thread] DEBUG Engine               - JRE Vendor Name: Oracle Corporation
02:43:47.109 [JavaFX Application Thread] DEBUG Engine               - Running on OS: Windows 11 version 10.0
02:43:47.109 [JavaFX Application Thread] DEBUG Engine               - Architecture: amd64
02:43:47.109 [JavaFX Application Thread] INFO  Engine               - Source code and latest versions at: https://github.com/AlmasB/FXGL
02:43:47.109 [JavaFX Application Thread] INFO  Engine               -       Ask questions and discuss at: https://github.com/AlmasB/FXGL/discussions
02:43:47.110 [JavaFX Application Thread] INFO  Engine               -              Join the FXGL chat at: https://gitter.im/AlmasB/FXGL
02:43:47.481 [JavaFX Application Thread] DEBUG PrimaryStageWindow   - Creating a JavaFX scene
02:43:47.481 [JavaFX Application Thread] DEBUG PrimaryStageWindow   - Target size > screen size
02:43:47.615 [JavaFX Application Thread] DEBUG PrimaryStageWindow   - Target settings size: 1280.0 x 720.0
02:43:47.615 [JavaFX Application Thread] DEBUG PrimaryStageWindow   - Scaled scene size:    1169.0 x 671.0
02:43:47.615 [JavaFX Application Thread] DEBUG PrimaryStageWindow   - Scaled ratio: (0.91328125, 0.9319444444444445)
02:43:47.617 [JavaFX Application Thread] DEBUG PrimaryStageWindow   - Set initial scene to FXGLStartupScene
02:43:47.639 [JavaFX Application Thread] DEBUG PrimaryStageWindow   - Opening main window
02:43:47.890 [JavaFX Application Thread] DEBUG PrimaryStageWindow   - Window border size: (15.0, 37.66668701171875)
02:43:47.890 [JavaFX Application Thread] DEBUG PrimaryStageWindow   - Scaled size: 1169.0 x 671.0
02:43:47.890 [JavaFX Application Thread] DEBUG PrimaryStageWindow   - Scaled ratio: (0.91328125, 0.9319444444444445)
02:43:47.891 [JavaFX Application Thread] DEBUG PrimaryStageWindow   - Scene size: 1169.0 x 671.0
02:43:47.891 [JavaFX Application Thread] DEBUG PrimaryStageWindow   - Stage size: 1184.0 x 708.6666870117188
02:43:47.911 [FXGL Background Thread 1 ] DEBUG Engine               - Initializing environment variables
02:43:48.010 [FXGL Background Thread 1 ] DEBUG FXGLAssetLoaderServi - User app class for loading assets: class org.example.GameApp
02:43:48.010 [FXGL Background Thread 1 ] DEBUG GameApplicationServi - Applying CSS: fxgl_dark.css
02:43:48.013 [FXGL Background Thread 1 ] DEBUG FXGLAssetLoaderServi - Loading from file system: jar:file:/C:/Users/ginac/.m2/repository/com/github/AlmasB/FXGL/fxgl/17.2/fxgl-17.2.jar!/fxglassets/ui/css/fxgl_dark.css
02:43:48.127 [FXGL Background Thread 1 ] DEBUG GameApplicationServi - Initializing application scenes
02:43:48.251 [FXGL Background Thread 1 ] DEBUG GameWorld            - Game world initialized
02:43:48.417 [FXGL Background Thread 1 ] DEBUG PhysicsWorld         - Physics world initialized: appHeight=720, physics.ppm=50.0
02:43:48.417 [FXGL Background Thread 1 ] DEBUG PhysicsWorld         - Using strategy: BRUTE_FORCE
02:43:48.426 [FXGL Background Thread 1 ] DEBUG GameScene            - Game scene initialized: 1280x720
02:43:48.459 [FXGL Background Thread 1 ] DEBUG FXGL.DefaultMenu     - createMenuBodyGameMenu()
02:43:48.505 [FXGL Background Thread 1 ] DEBUG FXGL.DefaultMenu     - createOptionsMenu()
02:43:48.537 [FXGL Background Thread 1 ] DEBUG FXGLAssetLoaderServi - Loading from file system: jar:file:/C:/Users/ginac/.m2/repository/com/github/AlmasB/FXGL/fxgl/17.2/fxgl-17.2.jar!/fxglassets/textures/particles/smoke.png
02:43:48.769 [FXGL Background Thread 1 ] DEBUG FXGLAssetLoaderServi - Loading from file system: jar:file:/C:/Users/ginac/.m2/repository/com/github/AlmasB/FXGL/fxgl/17.2/fxgl-17.2.jar!/fxglassets/textures/particles/trace_horizontal.png
02:43:48.830 [FXGL Background Thread 1 ] DEBUG GameApplicationServi - Application scenes initialized
02:43:48.862 [FXGL Background Thread 1 ] DEBUG SystemBundleService  - Loading FXGL system data
02:43:48.867 [FXGL Background Thread 1 ] DEBUG FileSystemAccess     - Reading from: C:\Users\ginac\IdeaProjects\TheOnlyException\system\fxgl.bundle
02:43:48.871 [FXGL Background Thread 1 ] DEBUG SystemBundleService  - Bundle FXGL: {}
02:43:48.872 [FXGL Background Thread 1 ] DEBUG UpdaterService       - Checking for updates
02:43:48.881 [FXGL Background Thread 4 ] DEBUG FXGLApplication      - Loading fonts
02:43:48.881 [FXGL Background Thread 4 ] DEBUG FXGLAssetLoaderServi - Loading from file system: jar:file:/C:/Users/ginac/.m2/repository/com/github/AlmasB/FXGL/fxgl-samples/17.2/fxgl-samples-17.2.jar!/assets/ui/fonts/VarelaRound-Regular.ttf
02:43:48.882 [FXGL Background Thread 1 ] DEBUG FXGLApplication      - Loading default localization
02:43:48.883 [FXGL Background Thread 1 ] DEBUG FXGLAssetLoaderServi - Loading from file system: jar:file:/C:/Users/ginac/.m2/repository/com/github/AlmasB/FXGL/fxgl/17.2/fxgl-17.2.jar!/fxglassets/languages/english.lang
02:43:48.906 [FXGL Background Thread 4 ] DEBUG FXGLAssetLoaderServi - Loading from file system: jar:file:/C:/Users/ginac/.m2/repository/com/github/AlmasB/FXGL/fxgl/17.2/fxgl-17.2.jar!/fxglassets/ui/fonts/Abel-Regular.ttf
02:43:48.918 [FXGL Background Thread 4 ] DEBUG FXGLAssetLoaderServi - Loading from file system: jar:file:/C:/Users/ginac/.m2/repository/com/github/AlmasB/FXGL/fxgl/17.2/fxgl-17.2.jar!/fxglassets/ui/fonts/TerminalLandMono-Regular.otf
02:43:48.931 [FXGL Background Thread 4 ] DEBUG FXGLAssetLoaderServi - Loading from file system: jar:file:/C:/Users/ginac/.m2/repository/com/github/AlmasB/FXGL/fxgl/17.2/fxgl-17.2.jar!/fxglassets/ui/fonts/Courier-Prime.ttf
02:43:48.932 [FXGL Background Thread 1 ] INFO  FXGLApplication      - FXGL initialization took: 1.021 sec
02:43:48.955 [JavaFX Application Thread] DEBUG Input                - Registered new binding: action0 - A
02:43:48.956 [JavaFX Application Thread] DEBUG Input                - Registered new binding: action1 - D
02:43:48.957 [JavaFX Application Thread] DEBUG Input                - Registered new binding: action2 - W
02:43:48.958 [JavaFX Application Thread] DEBUG Input                - Registered new binding: action3 - S
02:43:48.960 [JavaFX Application Thread] DEBUG FXGLAssetLoaderServi - Loading from file system: jar:file:/C:/Users/ginac/.m2/repository/com/github/AlmasB/FXGL/fxgl/17.2/fxgl-17.2.jar!/fxglassets/textures/fxgl_icon.png
02:43:49.008 [JavaFX Application Thread] DEBUG FXGLAssetLoaderServi - Loading from file system: jar:file:/C:/Users/ginac/.m2/repository/com/github/AlmasB/FXGL/fxgl/17.2/fxgl-17.2.jar!/fxglassets/textures/fxgl_default_cursor.png
02:43:49.014 [JavaFX Application Thread] DEBUG Input                - Registered new binding: Screenshot - CTRL+8
02:43:49.015 [JavaFX Application Thread] DEBUG Input                - Registered new binding: System info dump - CTRL+9
02:43:49.016 [JavaFX Application Thread] DEBUG Input                - Registered new binding: Restart - CTRL+R
02:43:49.018 [JavaFX Application Thread] DEBUG Input                - Registered new binding: Toggle Debug Camera - CTRL+7
02:43:49.036 [JavaFX Application Thread] DEBUG LoopRunner           - Starting loop
02:43:49.036 [JavaFX Application Thread] DEBUG LoopRunner           - Initializing JavaFX AnimationTimerLoop
02:43:49.046 [JavaFX Application Thread] DEBUG Input                - Clearing active input actions
02:43:49.057 [JavaFX Application Thread] DEBUG GameApplicationServi - Removing overlay from FXGLStartupScene and adding to FXGLMainMenuDummyScene
02:43:49.058 [JavaFX Application Thread] DEBUG PrimaryStageWindow   - FXGLStartupScene -> FXGLMainMenuDummyScene
02:43:49.058 [JavaFX Application Thread] DEBUG PrimaryStageWindow   - Push state: NameInputScene
02:43:49.786 [JavaFX Application Thread] DEBUG Input                - Clearing active input actions
02:43:49.815 [JavaFX Application Thread] DEBUG GameApplicationServi - Removing overlay from FXGLMainMenuDummyScene and adding to NameInputScene
02:43:49.816 [JavaFX Application Thread] DEBUG PrimaryStageWindow   - FXGLMainMenuDummyScene -> NameInputScene
02:43:49.817 [JavaFX Application Thread] DEBUG FXGLApplication      - Registering font factories with UI factory
02:43:50.508 [FXGL Background Thread 2 ] INFO  UpdaterService       - Your current version:  17+dev-SNAPSHOT
02:43:50.508 [FXGL Background Thread 2 ] INFO  UpdaterService       - Latest stable version: 21.1
02:43:51.877 [FXGL Background Thread 3 ] DEBUG Engine               - Logging environment variables
02:43:51.878 [FXGL Background Thread 3 ] DEBUG Engine               - achievements: []
02:43:51.878 [FXGL Background Thread 3 ] DEBUG Engine               - actualHeight: 671.0
02:43:51.878 [FXGL Background Thread 3 ] DEBUG Engine               - actualHeightProperty: ReadOnlyDoubleProperty [value: 671.0]
02:43:51.878 [FXGL Background Thread 3 ] DEBUG Engine               - actualWidth: 1169.0
02:43:51.878 [FXGL Background Thread 3 ] DEBUG Engine               - actualWidthProperty: ReadOnlyDoubleProperty [value: 1169.0]
02:43:51.878 [FXGL Background Thread 3 ] DEBUG Engine               - appIcon: fxgl_icon.png
02:43:51.878 [FXGL Background Thread 3 ] DEBUG Engine               - applicationMode: DEVELOPER
02:43:51.878 [FXGL Background Thread 3 ] DEBUG Engine               - cSSList: [fxgl_dark.css]
02:43:51.878 [FXGL Background Thread 3 ] DEBUG Engine               - collisionDetectionStrategy: BRUTE_FORCE
02:43:51.878 [FXGL Background Thread 3 ] DEBUG Engine               - configClass: Optional.empty
02:43:51.878 [FXGL Background Thread 3 ] DEBUG Engine               - credits: []
02:43:51.879 [FXGL Background Thread 3 ] DEBUG Engine               - defaultCursor: CursorInfo(imageName=fxgl_default_cursor.png, hotspotX=7.0, hotspotY=6.0)
02:43:51.879 [FXGL Background Thread 3 ] DEBUG Engine               - devBBoxColorProperty: ObjectProperty [value: 0xff0000ff]
02:43:51.879 [FXGL Background Thread 3 ] DEBUG Engine               - devEnableDebugCameraProperty: BooleanProperty [value: false]
02:43:51.879 [FXGL Background Thread 3 ] DEBUG Engine               - devSensorColorProperty: ObjectProperty [value: 0xffff00ff]
02:43:51.879 [FXGL Background Thread 3 ] DEBUG Engine               - devShowBBoxProperty: BooleanProperty [value: false]
02:43:51.879 [FXGL Background Thread 3 ] DEBUG Engine               - devShowPositionProperty: BooleanProperty [value: false]
02:43:51.879 [FXGL Background Thread 3 ] DEBUG Engine               - enabledMenuItems: []
02:43:51.879 [FXGL Background Thread 3 ] DEBUG Engine               - engineServices: [class com.almasb.fxgl.app.services.FXGLAssetLoaderService, class com.almasb.fxgl.app.FXGLApplication$GameApplicationService, class com.almasb.fxgl.app.services.FXGLDialogService, class com.almasb.fxgl.app.services.IOTaskExecutorService, class com.almasb.fxgl.io.FileSystemService, class com.almasb.fxgl.localization.LocalizationService, class com.almasb.fxgl.app.services.SystemBundleService, class com.almasb.fxgl.profile.SaveLoadService, class com.almasb.fxgl.ui.FXGLUIFactoryServiceProvider, class com.almasb.fxgl.ui.FXGLDialogFactoryServiceProvider, class com.almasb.fxgl.audio.AudioPlayer, class com.almasb.fxgl.notification.impl.NotificationServiceProvider, class com.almasb.fxgl.achievement.AchievementService, class com.almasb.fxgl.cutscene.CutsceneService, class com.almasb.fxgl.minigames.MiniGameService, class com.almasb.fxgl.net.NetService, class com.almasb.fxgl.app.services.UpdaterService, class com.almasb.fxgl.dev.DevService]
02:43:51.879 [FXGL Background Thread 3 ] DEBUG Engine               - fontGame: Abel-Regular.ttf
02:43:51.879 [FXGL Background Thread 3 ] DEBUG Engine               - fontMono: TerminalLandMono-Regular.otf
02:43:51.879 [FXGL Background Thread 3 ] DEBUG Engine               - fontText: Courier-Prime.ttf
02:43:51.879 [FXGL Background Thread 3 ] DEBUG Engine               - fontUI: VarelaRound-Regular.ttf
02:43:51.880 [FXGL Background Thread 3 ] DEBUG Engine               - fullScreen: BooleanProperty [value: false]
02:43:51.880 [FXGL Background Thread 3 ] DEBUG Engine               - gameDifficulty: MEDIUM
02:43:51.880 [FXGL Background Thread 3 ] DEBUG Engine               - gameDifficultyProperty: ObjectProperty [value: MEDIUM]
02:43:51.880 [FXGL Background Thread 3 ] DEBUG Engine               - globalMusicVolume: 0.5
02:43:51.880 [FXGL Background Thread 3 ] DEBUG Engine               - globalMusicVolumeProperty: DoubleProperty [value: 0.5]
02:43:51.880 [FXGL Background Thread 3 ] DEBUG Engine               - globalSoundVolume: 0.5
02:43:51.880 [FXGL Background Thread 3 ] DEBUG Engine               - globalSoundVolumeProperty: DoubleProperty [value: 0.5]
02:43:51.880 [FXGL Background Thread 3 ] DEBUG Engine               - height: 720
02:43:51.880 [FXGL Background Thread 3 ] DEBUG Engine               - is3D: false
02:43:51.880 [FXGL Background Thread 3 ] DEBUG Engine               - isAndroid: false
02:43:51.880 [FXGL Background Thread 3 ] DEBUG Engine               - isBrowser: false
02:43:51.880 [FXGL Background Thread 3 ] DEBUG Engine               - isClickFeedbackEnabled: false
02:43:51.880 [FXGL Background Thread 3 ] DEBUG Engine               - isCloseConfirmation: false
02:43:51.880 [FXGL Background Thread 3 ] DEBUG Engine               - isDesktop: true
02:43:51.880 [FXGL Background Thread 3 ] DEBUG Engine               - isDeveloperMenuEnabled: false
02:43:51.880 [FXGL Background Thread 3 ] DEBUG Engine               - isEmbedded: false
02:43:51.880 [FXGL Background Thread 3 ] DEBUG Engine               - isEntityPreloadEnabled: true
02:43:51.880 [FXGL Background Thread 3 ] DEBUG Engine               - isExperimentalTiledLargeMap: false
02:43:51.880 [FXGL Background Thread 3 ] DEBUG Engine               - isFileSystemWriteAllowed: true
02:43:51.882 [FXGL Background Thread 3 ] DEBUG Engine               - isFullScreenAllowed: false
02:43:51.882 [FXGL Background Thread 3 ] DEBUG Engine               - isFullScreenFromStart: false
02:43:51.882 [FXGL Background Thread 3 ] DEBUG Engine               - isGameMenuEnabled: true
02:43:51.882 [FXGL Background Thread 3 ] DEBUG Engine               - isIOS: false
02:43:51.882 [FXGL Background Thread 3 ] DEBUG Engine               - isIntroEnabled: false
02:43:51.882 [FXGL Background Thread 3 ] DEBUG Engine               - isLinux: false
02:43:51.882 [FXGL Background Thread 3 ] DEBUG Engine               - isMac: false
02:43:51.882 [FXGL Background Thread 3 ] DEBUG Engine               - isMainMenuEnabled: true
02:43:51.882 [FXGL Background Thread 3 ] DEBUG Engine               - isManualResizeEnabled: false
02:43:51.882 [FXGL Background Thread 3 ] DEBUG Engine               - isMobile: false
02:43:51.882 [FXGL Background Thread 3 ] DEBUG Engine               - isNative: false
02:43:51.882 [FXGL Background Thread 3 ] DEBUG Engine               - isPauseMusicWhenMinimized: true
02:43:51.882 [FXGL Background Thread 3 ] DEBUG Engine               - isPreserveResizeRatio: false
02:43:51.882 [FXGL Background Thread 3 ] DEBUG Engine               - isProfilingEnabled: false
02:43:51.883 [FXGL Background Thread 3 ] DEBUG Engine               - isScaleAffectedOnResize: true
02:43:51.883 [FXGL Background Thread 3 ] DEBUG Engine               - isSingleStep: false
02:43:51.883 [FXGL Background Thread 3 ] DEBUG Engine               - isUserProfileEnabled: false
02:43:51.883 [FXGL Background Thread 3 ] DEBUG Engine               - isWindows: true
02:43:51.883 [FXGL Background Thread 3 ] DEBUG Engine               - language: ObjectProperty [value: ENGLISH]
02:43:51.883 [FXGL Background Thread 3 ] DEBUG Engine               - menuKey: ESCAPE
02:43:51.883 [FXGL Background Thread 3 ] DEBUG Engine               - mouseSensitivity: 0.2
02:43:51.883 [FXGL Background Thread 3 ] DEBUG Engine               - notificationViewClass: class com.almasb.fxgl.notification.view.XboxNotificationView
02:43:51.883 [FXGL Background Thread 3 ] DEBUG Engine               - pixelsPerMeter: 50.0
02:43:51.883 [FXGL Background Thread 3 ] DEBUG Engine               - platform: WINDOWS
02:43:51.883 [FXGL Background Thread 3 ] DEBUG Engine               - prefHeightProperty: ReadOnlyDoubleProperty [value: 720.0]
02:43:51.883 [FXGL Background Thread 3 ] DEBUG Engine               - prefWidthProperty: ReadOnlyDoubleProperty [value: 1280.0]
02:43:51.883 [FXGL Background Thread 3 ] DEBUG Engine               - profileDir: profiles/
02:43:51.884 [FXGL Background Thread 3 ] DEBUG Engine               - profileName: StringProperty [value: DEFAULT]
02:43:51.884 [FXGL Background Thread 3 ] DEBUG Engine               - randomSeed: -1
02:43:51.884 [FXGL Background Thread 3 ] DEBUG Engine               - runtimeInfo: RuntimeInfo(platform=WINDOWS, version=17+dev-SNAPSHOT, build=01.09.2022 03.33)
02:43:51.884 [FXGL Background Thread 3 ] DEBUG Engine               - saveFileExt: sav
02:43:51.884 [FXGL Background Thread 3 ] DEBUG Engine               - scaledHeightProp$fxgl: DoubleProperty [bound, value: 671.0]
02:43:51.884 [FXGL Background Thread 3 ] DEBUG Engine               - scaledWidthProp$fxgl: DoubleProperty [bound, value: 1169.0]
02:43:51.884 [FXGL Background Thread 3 ] DEBUG Engine               - sceneFactory: org.example.GameApp$1@40254206
02:43:51.884 [FXGL Background Thread 3 ] DEBUG Engine               - secondsIn24h: 60
02:43:51.884 [FXGL Background Thread 3 ] DEBUG Engine               - soundMenuBack: menu/back.wav
02:43:51.884 [FXGL Background Thread 3 ] DEBUG Engine               - soundMenuPress: menu/press.wav
02:43:51.884 [FXGL Background Thread 3 ] DEBUG Engine               - soundMenuSelect: menu/select.wav
02:43:51.884 [FXGL Background Thread 3 ] DEBUG Engine               - soundNotification: core/notification.wav
02:43:51.884 [FXGL Background Thread 3 ] DEBUG Engine               - stageStyle: DECORATED
02:43:51.884 [FXGL Background Thread 3 ] DEBUG Engine               - supportedLanguages: [ENGLISH, FRENCH, GERMAN, HUNGARIAN, RUSSIAN]
02:43:51.884 [FXGL Background Thread 3 ] DEBUG Engine               - ticksPerSecond: -1
02:43:51.884 [FXGL Background Thread 3 ] DEBUG Engine               - title: Prototype Game
02:43:51.884 [FXGL Background Thread 3 ] DEBUG Engine               - urlGithub: https://github.com/AlmasB/FXGL
02:43:51.884 [FXGL Background Thread 3 ] DEBUG Engine               - urlLeaderboard: http://fxgl-top.herokuapp.com/
02:43:51.886 [FXGL Background Thread 3 ] DEBUG Engine               - urlPOM: https://raw.githubusercontent.com/AlmasB/FXGL/release/README.md
02:43:51.886 [FXGL Background Thread 3 ] DEBUG Engine               - userAppClass: class org.example.GameApp
02:43:51.886 [FXGL Background Thread 3 ] DEBUG Engine               - version: 0.1.5
02:43:51.886 [FXGL Background Thread 3 ] DEBUG Engine               - versionCheckDays: 7
02:43:51.886 [FXGL Background Thread 3 ] DEBUG Engine               - width: 1280
02:43:51.886 [FXGL Background Thread 3 ] DEBUG Engine               - Logging services
02:43:51.886 [FXGL Background Thread 3 ] DEBUG Engine               - class com.almasb.fxgl.app.services.FXGLAssetLoaderService
02:43:51.886 [FXGL Background Thread 3 ] DEBUG Engine               - class com.almasb.fxgl.app.FXGLApplication$GameApplicationService
02:43:51.886 [FXGL Background Thread 3 ] DEBUG Engine               - class com.almasb.fxgl.app.services.FXGLDialogService
02:43:51.886 [FXGL Background Thread 3 ] DEBUG Engine               - class com.almasb.fxgl.app.services.IOTaskExecutorService
02:43:51.886 [FXGL Background Thread 3 ] DEBUG Engine               - class com.almasb.fxgl.io.FileSystemService
02:43:51.886 [FXGL Background Thread 3 ] DEBUG Engine               - class com.almasb.fxgl.localization.LocalizationService
02:43:51.886 [FXGL Background Thread 3 ] DEBUG Engine               - class com.almasb.fxgl.app.services.SystemBundleService
02:43:51.886 [FXGL Background Thread 3 ] DEBUG Engine               - class com.almasb.fxgl.profile.SaveLoadService
02:43:51.886 [FXGL Background Thread 3 ] DEBUG Engine               - class com.almasb.fxgl.ui.FXGLUIFactoryServiceProvider
02:43:51.886 [FXGL Background Thread 3 ] DEBUG Engine               - class com.almasb.fxgl.ui.FXGLDialogFactoryServiceProvider
02:43:51.887 [FXGL Background Thread 3 ] DEBUG Engine               - class com.almasb.fxgl.audio.AudioPlayer
02:43:51.887 [FXGL Background Thread 3 ] DEBUG Engine               - class com.almasb.fxgl.notification.impl.NotificationServiceProvider
02:43:51.887 [FXGL Background Thread 3 ] DEBUG Engine               - class com.almasb.fxgl.achievement.AchievementService
02:43:51.887 [FXGL Background Thread 3 ] DEBUG Engine               - class com.almasb.fxgl.cutscene.CutsceneService
02:43:51.887 [FXGL Background Thread 3 ] DEBUG Engine               - class com.almasb.fxgl.minigames.MiniGameService
02:43:51.887 [FXGL Background Thread 3 ] DEBUG Engine               - class com.almasb.fxgl.net.NetService
02:43:51.887 [FXGL Background Thread 3 ] DEBUG Engine               - class com.almasb.fxgl.app.services.UpdaterService
02:43:51.887 [FXGL Background Thread 3 ] DEBUG Engine               - class com.almasb.fxgl.dev.DevService
02:44:13.594 [JavaFX Application Thread] DEBUG GameWorld            - Game world initialized
02:44:13.596 [JavaFX Application Thread] DEBUG PhysicsWorld         - Physics world initialized: appHeight=720, physics.ppm=50.0
02:44:13.596 [JavaFX Application Thread] DEBUG PhysicsWorld         - Using strategy: BRUTE_FORCE
02:44:13.597 [JavaFX Application Thread] DEBUG GameScene            - Game scene initialized: 1280x720
02:44:13.613 [JavaFX Application Thread] DEBUG PrimaryStageWindow   - Push state: MainMenuScene
02:44:13.613 [JavaFX Application Thread] DEBUG Input                - Clearing active input actions
02:44:13.614 [JavaFX Application Thread] DEBUG GameApplicationServi - Removing overlay from NameInputScene and adding to MainMenuScene
02:44:13.615 [JavaFX Application Thread] DEBUG PrimaryStageWindow   - NameInputScene -> MainMenuScene
02:44:16.643 [JavaFX Application Thread] DEBUG FXGLApplication      - Exiting FXGL
02:44:16.643 [JavaFX Application Thread] DEBUG LoopRunner           - Stopping loop
02:44:16.643 [JavaFX Application Thread] DEBUG SystemBundleService  - Saving FXGL system data
02:44:16.646 [JavaFX Application Thread] DEBUG FileSystemAccess     - Writing to: C:\Users\ginac\IdeaProjects\TheOnlyException\system\fxgl.bundle
02:44:16.649 [JavaFX Application Thread] DEBUG Async                - Shutting down background threads
02:44:16.650 [JavaFX Application Thread] DEBUG PrimaryStageWindow   - Closing main window
02:44:16.685 [JavaFX Application Thread] DEBUG Logger               - Closing Logger
