22:05:44.132 [main                     ] DEBUG Logger               - Configured Logger
22:05:44.135 [main                     ] DEBUG GameApplication      - Logging settings
Title: Prototype Game
Version: 0.1.5
Width: 1280
Height: 720
Fullscreen: false
Intro: false
Profiling: false
Single step:false
App Mode: DEVELOPER
Menu Key: ESCAPE
Stage Style: DECORATED
Scene Factory: class org.example.core.GameApp$1

22:05:44.249 [JavaFX Application Thread] DEBUG FXGLApplication      - Initializing FXGL
22:05:44.251 [JavaFX Application Thread] INFO  Engine               - FXGL-21+dev-SNAPSHOT (26.03.2024 19.46) on WINDOWS (J:24 FX:21.0.1)
22:05:44.252 [JavaFX Application Thread] DEBUG Engine               - JRE Vendor Name: Oracle Corporation
22:05:44.252 [JavaFX Application Thread] DEBUG Engine               - Running on OS: Windows 11 version 10.0
22:05:44.252 [JavaFX Application Thread] DEBUG Engine               - Architecture: amd64
22:05:44.252 [JavaFX Application Thread] INFO  Engine               - Source code and latest versions at: https://github.com/AlmasB/FXGL
22:05:44.252 [JavaFX Application Thread] INFO  Engine               -       Ask questions and discuss at: https://github.com/AlmasB/FXGL/discussions
22:05:44.252 [JavaFX Application Thread] INFO  Engine               -              Join the FXGL chat at: https://gitter.im/AlmasB/FXGL
22:05:44.339 [JavaFX Application Thread] DEBUG PrimaryStageWindow   - Creating a JavaFX scene
22:05:44.369 [JavaFX Application Thread] DEBUG PrimaryStageWindow   - Target settings size: 1280.0 x 720.0
22:05:44.369 [JavaFX Application Thread] DEBUG PrimaryStageWindow   - Scaled scene size:    1280.0 x 720.0
22:05:44.369 [JavaFX Application Thread] DEBUG PrimaryStageWindow   - Scaled ratio: (1.0, 1.0)
22:05:44.370 [JavaFX Application Thread] DEBUG PrimaryStageWindow   - Set initial scene to FXGLStartupScene
22:05:44.373 [JavaFX Application Thread] DEBUG PrimaryStageWindow   - Opening main window
22:05:44.444 [JavaFX Application Thread] DEBUG PrimaryStageWindow   - Window border size: (16.0, 39.0)
22:05:44.444 [JavaFX Application Thread] DEBUG PrimaryStageWindow   - Scaled size: 1280.0 x 720.0
22:05:44.445 [JavaFX Application Thread] DEBUG PrimaryStageWindow   - Scaled ratio: (1.0, 1.0)
22:05:44.445 [JavaFX Application Thread] DEBUG PrimaryStageWindow   - Scene size: 1280.0 x 720.0
22:05:44.445 [JavaFX Application Thread] DEBUG PrimaryStageWindow   - Stage size: 1296.0 x 759.0
22:05:44.450 [FXGL Background Thread 1 ] DEBUG Engine               - Initializing environment variables
22:05:44.494 [FXGL Background Thread 1 ] DEBUG FXGLAssetLoaderServi - User app class for loading assets: class org.example.core.GameApp
22:05:44.494 [FXGL Background Thread 1 ] DEBUG GameApplicationServi - Applying CSS: fxgl_dark.css
22:05:44.494 [FXGL Background Thread 1 ] DEBUG FXGLAssetLoaderServi - Loading from file system: jar:file:/C:/Users/primzcm/.m2/repository/com/github/almasb/fxgl/fxgl/21.1/fxgl-21.1.jar!/fxglassets/ui/css/fxgl_dark.css
22:05:44.531 [FXGL Background Thread 1 ] DEBUG GameApplicationServi - Initializing application scenes
22:05:44.551 [FXGL Background Thread 1 ] DEBUG GameWorld            - Game world initialized
22:05:44.592 [FXGL Background Thread 1 ] DEBUG PhysicsWorld         - Physics world initialized: appHeight=720, physics.ppm=50.0
22:05:44.592 [FXGL Background Thread 1 ] DEBUG PhysicsWorld         - Using strategy: BRUTE_FORCE
22:05:44.595 [FXGL Background Thread 1 ] DEBUG GameScene            - Game scene initialized: 1280x720
22:05:44.810 [FXGL Background Thread 1 ] DEBUG GameApplicationServi - Application scenes initialized
22:05:44.822 [FXGL Background Thread 1 ] DEBUG SystemBundleService  - Loading FXGL system data
22:05:44.826 [FXGL Background Thread 1 ] DEBUG FileSystemAccess     - Reading from: F:\my files\School\2nd year 2nd sem\TheOnlyException\system\fxgl.bundle
22:05:44.832 [FXGL Background Thread 1 ] DEBUG SystemBundleService  - Bundle FXGL: {}
22:05:44.832 [FXGL Background Thread 1 ] DEBUG UpdaterService       - Checking for updates
22:05:44.836 [FXGL Background Thread 4 ] DEBUG FXGLApplication      - Loading fonts
22:05:44.837 [FXGL Background Thread 4 ] DEBUG FXGLAssetLoaderServi - Loading from file system: jar:file:/C:/Users/primzcm/.m2/repository/com/github/almasb/fxgl/fxgl/21.1/fxgl-21.1.jar!/fxglassets/ui/fonts/VarelaRound-Regular.ttf
22:05:44.838 [FXGL Background Thread 1 ] DEBUG FXGLApplication      - Loading default localization
22:05:44.838 [FXGL Background Thread 1 ] DEBUG FXGLAssetLoaderServi - Loading from file system: jar:file:/C:/Users/primzcm/.m2/repository/com/github/almasb/fxgl/fxgl/21.1/fxgl-21.1.jar!/fxglassets/languages/english.lang
22:05:44.839 [FXGL Background Thread 4 ] DEBUG FXGLAssetLoaderServi - Loading from file system: jar:file:/C:/Users/primzcm/.m2/repository/com/github/almasb/fxgl/fxgl/21.1/fxgl-21.1.jar!/fxglassets/ui/fonts/Abel-Regular.ttf
22:05:44.841 [FXGL Background Thread 4 ] DEBUG FXGLAssetLoaderServi - Loading from file system: jar:file:/C:/Users/primzcm/.m2/repository/com/github/almasb/fxgl/fxgl/21.1/fxgl-21.1.jar!/fxglassets/ui/fonts/TerminalLandMono-Regular.otf
22:05:44.844 [FXGL Background Thread 4 ] DEBUG FXGLAssetLoaderServi - Loading from file system: jar:file:/C:/Users/primzcm/.m2/repository/com/github/almasb/fxgl/fxgl/21.1/fxgl-21.1.jar!/fxglassets/ui/fonts/Courier-Prime.ttf
22:05:44.852 [JavaFX Application Thread] DEBUG FXGLApplication      - Registering font factories with UI factory
22:05:44.860 [FXGL Background Thread 1 ] INFO  FXGLApplication      - FXGL initialization took: 0.410 sec
22:05:44.870 [JavaFX Application Thread] DEBUG Input                - Registered new binding: action0 - A
22:05:44.870 [JavaFX Application Thread] DEBUG Input                - Registered new binding: action1 - D
22:05:44.871 [JavaFX Application Thread] DEBUG Input                - Registered new binding: action2 - W
22:05:44.871 [JavaFX Application Thread] DEBUG Input                - Registered new binding: action3 - S
22:05:44.872 [JavaFX Application Thread] DEBUG Input                - Registered new binding: action4 - Esc
22:05:44.872 [JavaFX Application Thread] DEBUG FXGLAssetLoaderServi - Loading from file system: jar:file:/C:/Users/primzcm/.m2/repository/com/github/almasb/fxgl/fxgl/21.1/fxgl-21.1.jar!/fxglassets/textures/fxgl_icon.png
22:05:44.932 [JavaFX Application Thread] DEBUG FXGLAssetLoaderServi - Loading from file system: jar:file:/C:/Users/primzcm/.m2/repository/com/github/almasb/fxgl/fxgl/21.1/fxgl-21.1.jar!/fxglassets/textures/fxgl_default_cursor.png
22:05:44.936 [JavaFX Application Thread] DEBUG Input                - Registered new binding: Screenshot - CTRL+8
22:05:44.936 [JavaFX Application Thread] DEBUG Input                - Registered new binding: System info dump - CTRL+9
22:05:44.937 [JavaFX Application Thread] DEBUG Input                - Registered new binding: Restart - CTRL+R
22:05:44.938 [JavaFX Application Thread] DEBUG Input                - Registered new binding: Toggle Debug Camera - CTRL+7
22:05:44.943 [JavaFX Application Thread] DEBUG LoopRunner           - Starting loop
22:05:44.943 [JavaFX Application Thread] DEBUG LoopRunner           - Initializing JavaFX AnimationTimerLoop
22:05:44.956 [JavaFX Application Thread] DEBUG Input                - Clearing active input actions
22:05:44.963 [JavaFX Application Thread] DEBUG GameApplicationServi - Removing overlay from FXGLStartupScene and adding to FXGLMainMenuDummyScene
22:05:44.963 [JavaFX Application Thread] DEBUG PrimaryStageWindow   - FXGLStartupScene -> FXGLMainMenuDummyScene
22:05:44.963 [JavaFX Application Thread] DEBUG PrimaryStageWindow   - Push state: LoginScene
22:05:44.963 [JavaFX Application Thread] DEBUG Input                - Clearing active input actions
22:05:44.979 [JavaFX Application Thread] DEBUG GameApplicationServi - Removing overlay from FXGLMainMenuDummyScene and adding to LoginScene
22:05:44.980 [JavaFX Application Thread] DEBUG PrimaryStageWindow   - FXGLMainMenuDummyScene -> LoginScene
22:05:45.272 [FXGL Background Thread 2 ] INFO  UpdaterService       - Your current version:  21+dev-SNAPSHOT
22:05:45.272 [FXGL Background Thread 2 ] INFO  UpdaterService       - Latest stable version: 21.1
22:05:47.836 [FXGL Background Thread 3 ] DEBUG Engine               - Logging environment variables
22:05:47.836 [FXGL Background Thread 3 ] DEBUG Engine               - achievements: []
22:05:47.836 [FXGL Background Thread 3 ] DEBUG Engine               - actualHeight: 720.0
22:05:47.836 [FXGL Background Thread 3 ] DEBUG Engine               - actualHeightProperty: ReadOnlyDoubleProperty [value: 720.0]
22:05:47.836 [FXGL Background Thread 3 ] DEBUG Engine               - actualWidth: 1280.0
22:05:47.836 [FXGL Background Thread 3 ] DEBUG Engine               - actualWidthProperty: ReadOnlyDoubleProperty [value: 1280.0]
22:05:47.836 [FXGL Background Thread 3 ] DEBUG Engine               - appIcon: fxgl_icon.png
22:05:47.836 [FXGL Background Thread 3 ] DEBUG Engine               - applicationMode: DEVELOPER
22:05:47.836 [FXGL Background Thread 3 ] DEBUG Engine               - cSSList: [fxgl_dark.css]
22:05:47.836 [FXGL Background Thread 3 ] DEBUG Engine               - collisionDetectionStrategy: BRUTE_FORCE
22:05:47.836 [FXGL Background Thread 3 ] DEBUG Engine               - configClass: Optional.empty
22:05:47.837 [FXGL Background Thread 3 ] DEBUG Engine               - credits: []
22:05:47.838 [FXGL Background Thread 3 ] DEBUG Engine               - defaultCursor: CursorInfo(imageName=fxgl_default_cursor.png, hotspotX=7.0, hotspotY=6.0)
22:05:47.838 [FXGL Background Thread 3 ] DEBUG Engine               - devBBoxColorProperty: ObjectProperty [value: 0xff0000ff]
22:05:47.838 [FXGL Background Thread 3 ] DEBUG Engine               - devEnableDebugCameraProperty: BooleanProperty [value: false]
22:05:47.838 [FXGL Background Thread 3 ] DEBUG Engine               - devSensorColorProperty: ObjectProperty [value: 0xffff00ff]
22:05:47.838 [FXGL Background Thread 3 ] DEBUG Engine               - devShowBBoxProperty: BooleanProperty [value: false]
22:05:47.838 [FXGL Background Thread 3 ] DEBUG Engine               - devShowPositionProperty: BooleanProperty [value: false]
22:05:47.838 [FXGL Background Thread 3 ] DEBUG Engine               - enabledMenuItems: []
22:05:47.838 [FXGL Background Thread 3 ] DEBUG Engine               - engineServices: [class com.almasb.fxgl.app.services.FXGLAssetLoaderService, class com.almasb.fxgl.app.FXGLApplication$GameApplicationService, class com.almasb.fxgl.app.services.FXGLDialogService, class com.almasb.fxgl.app.services.IOTaskExecutorService, class com.almasb.fxgl.io.FileSystemService, class com.almasb.fxgl.localization.LocalizationService, class com.almasb.fxgl.app.services.SystemBundleService, class com.almasb.fxgl.profile.SaveLoadService, class com.almasb.fxgl.ui.FXGLUIFactoryServiceProvider, class com.almasb.fxgl.ui.FXGLDialogFactoryServiceProvider, class com.almasb.fxgl.audio.AudioPlayer, class com.almasb.fxgl.notification.impl.NotificationServiceProvider, class com.almasb.fxgl.achievement.AchievementService, class com.almasb.fxgl.cutscene.CutsceneService, class com.almasb.fxgl.minigames.MiniGameService, class com.almasb.fxgl.net.NetService, class com.almasb.fxgl.app.services.UpdaterService, class com.almasb.fxgl.dev.DevService]
22:05:47.838 [FXGL Background Thread 3 ] DEBUG Engine               - fontGame: Abel-Regular.ttf
22:05:47.839 [FXGL Background Thread 3 ] DEBUG Engine               - fontMono: TerminalLandMono-Regular.otf
22:05:47.839 [FXGL Background Thread 3 ] DEBUG Engine               - fontSizeScaleUI: 1.0
22:05:47.839 [FXGL Background Thread 3 ] DEBUG Engine               - fontText: Courier-Prime.ttf
22:05:47.839 [FXGL Background Thread 3 ] DEBUG Engine               - fontUI: VarelaRound-Regular.ttf
22:05:47.839 [FXGL Background Thread 3 ] DEBUG Engine               - fullScreen: BooleanProperty [value: false]
22:05:47.839 [FXGL Background Thread 3 ] DEBUG Engine               - gameDifficulty: MEDIUM
22:05:47.839 [FXGL Background Thread 3 ] DEBUG Engine               - gameDifficultyProperty: ObjectProperty [value: MEDIUM]
22:05:47.839 [FXGL Background Thread 3 ] DEBUG Engine               - globalMusicVolume: 0.5
22:05:47.839 [FXGL Background Thread 3 ] DEBUG Engine               - globalMusicVolumeProperty: DoubleProperty [value: 0.5]
22:05:47.839 [FXGL Background Thread 3 ] DEBUG Engine               - globalSoundVolume: 0.5
22:05:47.839 [FXGL Background Thread 3 ] DEBUG Engine               - globalSoundVolumeProperty: DoubleProperty [value: 0.5]
22:05:47.839 [FXGL Background Thread 3 ] DEBUG Engine               - height: 720
22:05:47.839 [FXGL Background Thread 3 ] DEBUG Engine               - is3D: false
22:05:47.839 [FXGL Background Thread 3 ] DEBUG Engine               - isAndroid: false
22:05:47.839 [FXGL Background Thread 3 ] DEBUG Engine               - isBrowser: false
22:05:47.839 [FXGL Background Thread 3 ] DEBUG Engine               - isClickFeedbackEnabled: false
22:05:47.839 [FXGL Background Thread 3 ] DEBUG Engine               - isCloseConfirmation: false
22:05:47.839 [FXGL Background Thread 3 ] DEBUG Engine               - isDesktop: true
22:05:47.839 [FXGL Background Thread 3 ] DEBUG Engine               - isDeveloperMenuEnabled: false
22:05:47.839 [FXGL Background Thread 3 ] DEBUG Engine               - isEmbedded: false
22:05:47.839 [FXGL Background Thread 3 ] DEBUG Engine               - isEntityPreloadEnabled: true
22:05:47.839 [FXGL Background Thread 3 ] DEBUG Engine               - isExperimentalTiledLargeMap: false
22:05:47.839 [FXGL Background Thread 3 ] DEBUG Engine               - isFileSystemWriteAllowed: true
22:05:47.839 [FXGL Background Thread 3 ] DEBUG Engine               - isFullScreenAllowed: false
22:05:47.840 [FXGL Background Thread 3 ] DEBUG Engine               - isFullScreenFromStart: false
22:05:47.840 [FXGL Background Thread 3 ] DEBUG Engine               - isGameMenuEnabled: false
22:05:47.840 [FXGL Background Thread 3 ] DEBUG Engine               - isIOS: false
22:05:47.840 [FXGL Background Thread 3 ] DEBUG Engine               - isIntroEnabled: false
22:05:47.840 [FXGL Background Thread 3 ] DEBUG Engine               - isLinux: false
22:05:47.840 [FXGL Background Thread 3 ] DEBUG Engine               - isMac: false
22:05:47.840 [FXGL Background Thread 3 ] DEBUG Engine               - isMainMenuEnabled: true
22:05:47.840 [FXGL Background Thread 3 ] DEBUG Engine               - isManualResizeEnabled: false
22:05:47.840 [FXGL Background Thread 3 ] DEBUG Engine               - isMobile: false
22:05:47.840 [FXGL Background Thread 3 ] DEBUG Engine               - isNative: false
22:05:47.840 [FXGL Background Thread 3 ] DEBUG Engine               - isPauseMusicWhenMinimized: true
22:05:47.840 [FXGL Background Thread 3 ] DEBUG Engine               - isPreserveResizeRatio: false
22:05:47.840 [FXGL Background Thread 3 ] DEBUG Engine               - isProfilingEnabled: false
22:05:47.840 [FXGL Background Thread 3 ] DEBUG Engine               - isScaleAffectedOnResize: true
22:05:47.840 [FXGL Background Thread 3 ] DEBUG Engine               - isSingleStep: false
22:05:47.840 [FXGL Background Thread 3 ] DEBUG Engine               - isUserProfileEnabled: false
22:05:47.840 [FXGL Background Thread 3 ] DEBUG Engine               - isWindows: true
22:05:47.840 [FXGL Background Thread 3 ] DEBUG Engine               - language: ObjectProperty [value: ENGLISH]
22:05:47.840 [FXGL Background Thread 3 ] DEBUG Engine               - menuKey: ESCAPE
22:05:47.840 [FXGL Background Thread 3 ] DEBUG Engine               - mouseSensitivity: 0.2
22:05:47.840 [FXGL Background Thread 3 ] DEBUG Engine               - notificationViewClass: class com.almasb.fxgl.notification.view.XboxNotificationView
22:05:47.840 [FXGL Background Thread 3 ] DEBUG Engine               - pixelsPerMeter: 50.0
22:05:47.840 [FXGL Background Thread 3 ] DEBUG Engine               - platform: WINDOWS
22:05:47.840 [FXGL Background Thread 3 ] DEBUG Engine               - prefHeightProperty: ReadOnlyDoubleProperty [value: 720.0]
22:05:47.840 [FXGL Background Thread 3 ] DEBUG Engine               - prefWidthProperty: ReadOnlyDoubleProperty [value: 1280.0]
22:05:47.840 [FXGL Background Thread 3 ] DEBUG Engine               - profileDir: profiles/
22:05:47.840 [FXGL Background Thread 3 ] DEBUG Engine               - profileName: StringProperty [value: DEFAULT]
22:05:47.840 [FXGL Background Thread 3 ] DEBUG Engine               - randomSeed: -1
22:05:47.841 [FXGL Background Thread 3 ] DEBUG Engine               - runtimeInfo: RuntimeInfo(platform=WINDOWS, version=21+dev-SNAPSHOT, build=26.03.2024 19.46)
22:05:47.841 [FXGL Background Thread 3 ] DEBUG Engine               - saveFileExt: sav
22:05:47.841 [FXGL Background Thread 3 ] DEBUG Engine               - scaledHeightProp$fxgl: DoubleProperty [bound, value: 720.0]
22:05:47.841 [FXGL Background Thread 3 ] DEBUG Engine               - scaledWidthProp$fxgl: DoubleProperty [bound, value: 1280.0]
22:05:47.841 [FXGL Background Thread 3 ] DEBUG Engine               - sceneFactory: org.example.core.GameApp$1@557c51b0
22:05:47.841 [FXGL Background Thread 3 ] DEBUG Engine               - secondsIn24h: 60
22:05:47.841 [FXGL Background Thread 3 ] DEBUG Engine               - soundMenuBack: menu/back.wav
22:05:47.841 [FXGL Background Thread 3 ] DEBUG Engine               - soundMenuPress: menu/press.wav
22:05:47.841 [FXGL Background Thread 3 ] DEBUG Engine               - soundMenuSelect: menu/select.wav
22:05:47.841 [FXGL Background Thread 3 ] DEBUG Engine               - soundNotification: core/notification.wav
22:05:47.841 [FXGL Background Thread 3 ] DEBUG Engine               - stageStyle: DECORATED
22:05:47.841 [FXGL Background Thread 3 ] DEBUG Engine               - supportedLanguages: [ENGLISH, FRENCH, GERMAN, HUNGARIAN, RUSSIAN]
22:05:47.841 [FXGL Background Thread 3 ] DEBUG Engine               - ticksPerSecond: -1
22:05:47.841 [FXGL Background Thread 3 ] DEBUG Engine               - title: Prototype Game
22:05:47.841 [FXGL Background Thread 3 ] DEBUG Engine               - urlGithub: https://github.com/AlmasB/FXGL
22:05:47.841 [FXGL Background Thread 3 ] DEBUG Engine               - urlLeaderboard: http://fxgl-top.herokuapp.com/
22:05:47.841 [FXGL Background Thread 3 ] DEBUG Engine               - urlPOM: https://raw.githubusercontent.com/AlmasB/FXGL/release/README.md
22:05:47.841 [FXGL Background Thread 3 ] DEBUG Engine               - userAppClass: class org.example.core.GameApp
22:05:47.841 [FXGL Background Thread 3 ] DEBUG Engine               - version: 0.1.5
22:05:47.841 [FXGL Background Thread 3 ] DEBUG Engine               - versionCheckDays: 7
22:05:47.841 [FXGL Background Thread 3 ] DEBUG Engine               - width: 1280
22:05:47.841 [FXGL Background Thread 3 ] DEBUG Engine               - Logging services
22:05:47.841 [FXGL Background Thread 3 ] DEBUG Engine               - class com.almasb.fxgl.app.services.FXGLAssetLoaderService
22:05:47.841 [FXGL Background Thread 3 ] DEBUG Engine               - class com.almasb.fxgl.app.FXGLApplication$GameApplicationService
22:05:47.841 [FXGL Background Thread 3 ] DEBUG Engine               - class com.almasb.fxgl.app.services.FXGLDialogService
22:05:47.841 [FXGL Background Thread 3 ] DEBUG Engine               - class com.almasb.fxgl.app.services.IOTaskExecutorService
22:05:47.841 [FXGL Background Thread 3 ] DEBUG Engine               - class com.almasb.fxgl.io.FileSystemService
22:05:47.841 [FXGL Background Thread 3 ] DEBUG Engine               - class com.almasb.fxgl.localization.LocalizationService
22:05:47.841 [FXGL Background Thread 3 ] DEBUG Engine               - class com.almasb.fxgl.app.services.SystemBundleService
22:05:47.841 [FXGL Background Thread 3 ] DEBUG Engine               - class com.almasb.fxgl.profile.SaveLoadService
22:05:47.841 [FXGL Background Thread 3 ] DEBUG Engine               - class com.almasb.fxgl.ui.FXGLUIFactoryServiceProvider
22:05:47.841 [FXGL Background Thread 3 ] DEBUG Engine               - class com.almasb.fxgl.ui.FXGLDialogFactoryServiceProvider
22:05:47.841 [FXGL Background Thread 3 ] DEBUG Engine               - class com.almasb.fxgl.audio.AudioPlayer
22:05:47.841 [FXGL Background Thread 3 ] DEBUG Engine               - class com.almasb.fxgl.notification.impl.NotificationServiceProvider
22:05:47.841 [FXGL Background Thread 3 ] DEBUG Engine               - class com.almasb.fxgl.achievement.AchievementService
22:05:47.841 [FXGL Background Thread 3 ] DEBUG Engine               - class com.almasb.fxgl.cutscene.CutsceneService
22:05:47.841 [FXGL Background Thread 3 ] DEBUG Engine               - class com.almasb.fxgl.minigames.MiniGameService
22:05:47.841 [FXGL Background Thread 3 ] DEBUG Engine               - class com.almasb.fxgl.net.NetService
22:05:47.841 [FXGL Background Thread 3 ] DEBUG Engine               - class com.almasb.fxgl.app.services.UpdaterService
22:05:47.841 [FXGL Background Thread 3 ] DEBUG Engine               - class com.almasb.fxgl.dev.DevService
22:05:48.412 [JavaFX Application Thread] DEBUG GameWorld            - Game world initialized
22:05:48.413 [JavaFX Application Thread] DEBUG PhysicsWorld         - Physics world initialized: appHeight=720, physics.ppm=50.0
22:05:48.413 [JavaFX Application Thread] DEBUG PhysicsWorld         - Using strategy: BRUTE_FORCE
22:05:48.413 [JavaFX Application Thread] DEBUG GameScene            - Game scene initialized: 1280x720
22:05:48.434 [JavaFX Application Thread] DEBUG PrimaryStageWindow   - Push state: MainMenuScene
22:05:48.464 [JavaFX Application Thread] DEBUG Input                - Clearing active input actions
22:05:48.466 [JavaFX Application Thread] DEBUG GameApplicationServi - Removing overlay from LoginScene and adding to MainMenuScene
22:05:48.466 [JavaFX Application Thread] DEBUG PrimaryStageWindow   - LoginScene -> MainMenuScene
22:05:48.467 [JavaFX Application Thread] DEBUG GameWorld            - Game world initialized
22:05:48.467 [JavaFX Application Thread] DEBUG PhysicsWorld         - Physics world initialized: appHeight=720, physics.ppm=50.0
22:05:48.467 [JavaFX Application Thread] DEBUG PhysicsWorld         - Using strategy: BRUTE_FORCE
22:05:48.468 [JavaFX Application Thread] DEBUG GameScene            - Game scene initialized: 1280x720
22:05:48.484 [JavaFX Application Thread] DEBUG PrimaryStageWindow   - Push state: MainMenuScene
22:05:48.515 [JavaFX Application Thread] DEBUG Input                - Clearing active input actions
22:05:48.516 [JavaFX Application Thread] DEBUG GameApplicationServi - Removing overlay from MainMenuScene and adding to MainMenuScene
22:05:48.516 [JavaFX Application Thread] DEBUG PrimaryStageWindow   - MainMenuScene -> MainMenuScene
22:05:52.219 [JavaFX Application Thread] DEBUG FXGLApplication      - Exiting FXGL
22:05:52.219 [JavaFX Application Thread] DEBUG LoopRunner           - Stopping loop
22:05:52.219 [JavaFX Application Thread] DEBUG SystemBundleService  - Saving FXGL system data
22:05:52.221 [JavaFX Application Thread] DEBUG FileSystemAccess     - Writing to: F:\my files\School\2nd year 2nd sem\TheOnlyException\system\fxgl.bundle
22:05:52.292 [JavaFX Application Thread] DEBUG Async                - Shutting down background threads
22:05:52.292 [JavaFX Application Thread] DEBUG PrimaryStageWindow   - Closing main window
22:05:52.308 [JavaFX Application Thread] DEBUG Logger               - Closing Logger
