21:17:27.376 [main                     ] DEBUG Logger               - Configured Logger
21:17:27.380 [main                     ] DEBUG GameApplication      - Logging settings
Title: Prototype
Version: 0.1
Width: 1280
Height: 720
Fullscreen: false
Intro: false
Profiling: false
Single step:false
App Mode: DEVELOPER
Menu Key: ESCAPE
Stage Style: DECORATED
Scene Factory: class com.almasb.fxgl.app.scene.SceneFactory

21:17:27.726 [JavaFX Application Thread] DEBUG FXGLApplication      - Initializing FXGL
21:17:27.728 [JavaFX Application Thread] INFO  Engine               - FXGL-17+dev-SNAPSHOT (23.08.2022 11.12) on WINDOWS (J:24 FX:18)
21:17:27.729 [JavaFX Application Thread] DEBUG Engine               - JRE Vendor Name: Oracle Corporation
21:17:27.729 [JavaFX Application Thread] DEBUG Engine               - Running on OS: Windows 11 version 10.0
21:17:27.729 [JavaFX Application Thread] DEBUG Engine               - Architecture: amd64
21:17:27.729 [JavaFX Application Thread] INFO  Engine               - Source code and latest versions at: https://github.com/AlmasB/FXGL
21:17:27.729 [JavaFX Application Thread] INFO  Engine               -       Ask questions and discuss at: https://github.com/AlmasB/FXGL/discussions
21:17:27.729 [JavaFX Application Thread] INFO  Engine               -              Join the FXGL chat at: https://gitter.im/AlmasB/FXGL
21:17:27.825 [JavaFX Application Thread] DEBUG PrimaryStageWindow   - Creating a JavaFX scene
21:17:27.867 [JavaFX Application Thread] DEBUG PrimaryStageWindow   - Target settings size: 1280.0 x 720.0
21:17:27.867 [JavaFX Application Thread] DEBUG PrimaryStageWindow   - Scaled scene size:    1280.0 x 720.0
21:17:27.868 [JavaFX Application Thread] DEBUG PrimaryStageWindow   - Scaled ratio: (1.0, 1.0)
21:17:27.868 [JavaFX Application Thread] DEBUG PrimaryStageWindow   - Set initial scene to FXGLStartupScene
21:17:27.874 [JavaFX Application Thread] DEBUG PrimaryStageWindow   - Opening main window
21:17:28.019 [JavaFX Application Thread] DEBUG PrimaryStageWindow   - Window border size: (16.0, 39.0)
21:17:28.020 [JavaFX Application Thread] DEBUG PrimaryStageWindow   - Scaled size: 1280.0 x 720.0
21:17:28.020 [JavaFX Application Thread] DEBUG PrimaryStageWindow   - Scaled ratio: (1.0, 1.0)
21:17:28.021 [JavaFX Application Thread] DEBUG PrimaryStageWindow   - Scene size: 1280.0 x 720.0
21:17:28.021 [JavaFX Application Thread] DEBUG PrimaryStageWindow   - Stage size: 1296.0 x 759.0
21:17:28.029 [FXGL Background Thread 1 ] DEBUG Engine               - Initializing environment variables
21:17:28.065 [FXGL Background Thread 1 ] DEBUG FXGLAssetLoaderServi - User app class for loading assets: class org.example.GameApp
21:17:28.065 [FXGL Background Thread 1 ] DEBUG GameApplicationServi - Applying CSS: fxgl_dark.css
21:17:28.066 [FXGL Background Thread 1 ] DEBUG FXGLAssetLoaderServi - Loading from file system: jar:file:/C:/Users/primzcm/.m2/repository/com/github/almasb/fxgl/fxgl/17.2/fxgl-17.2.jar!/fxglassets/ui/css/fxgl_dark.css
21:17:28.103 [FXGL Background Thread 1 ] DEBUG GameApplicationServi - Initializing application scenes
21:17:28.133 [FXGL Background Thread 1 ] DEBUG GameWorld            - Game world initialized
21:17:28.176 [FXGL Background Thread 1 ] DEBUG PhysicsWorld         - Physics world initialized: appHeight=720, physics.ppm=50.0
21:17:28.176 [FXGL Background Thread 1 ] DEBUG PhysicsWorld         - Using strategy: BRUTE_FORCE
21:17:28.179 [FXGL Background Thread 1 ] DEBUG GameScene            - Game scene initialized: 1280x720
21:17:28.189 [FXGL Background Thread 1 ] DEBUG FXGL.DefaultMenu     - createMenuBodyGameMenu()
21:17:28.200 [FXGL Background Thread 1 ] DEBUG FXGL.DefaultMenu     - createOptionsMenu()
21:17:28.209 [FXGL Background Thread 1 ] DEBUG FXGLAssetLoaderServi - Loading from file system: jar:file:/C:/Users/primzcm/.m2/repository/com/github/almasb/fxgl/fxgl/17.2/fxgl-17.2.jar!/fxglassets/textures/particles/smoke.png
21:17:28.283 [FXGL Background Thread 1 ] DEBUG FXGLAssetLoaderServi - Loading from file system: jar:file:/C:/Users/primzcm/.m2/repository/com/github/almasb/fxgl/fxgl/17.2/fxgl-17.2.jar!/fxglassets/textures/particles/trace_horizontal.png
21:17:28.313 [FXGL Background Thread 1 ] DEBUG GameApplicationServi - Application scenes initialized
21:17:28.322 [FXGL Background Thread 1 ] DEBUG SystemBundleService  - Loading FXGL system data
21:17:28.323 [FXGL Background Thread 1 ] DEBUG FileSystemAccess     - Reading from: F:\my files\School\2nd year 2nd sem\TheOnlyException\system\fxgl.bundle
21:17:28.325 [FXGL Background Thread 1 ] DEBUG SystemBundleService  - Bundle FXGL: {}
21:17:28.325 [FXGL Background Thread 1 ] DEBUG UpdaterService       - Checking for updates
21:17:28.328 [FXGL Background Thread 4 ] DEBUG FXGLApplication      - Loading fonts
21:17:28.328 [FXGL Background Thread 4 ] DEBUG FXGLAssetLoaderServi - Loading from file system: jar:file:/C:/Users/primzcm/.m2/repository/com/github/almasb/fxgl/fxgl/17.2/fxgl-17.2.jar!/fxglassets/ui/fonts/VarelaRound-Regular.ttf
21:17:28.328 [FXGL Background Thread 1 ] DEBUG FXGLApplication      - Loading default localization
21:17:28.329 [FXGL Background Thread 1 ] DEBUG FXGLAssetLoaderServi - Loading from file system: jar:file:/C:/Users/primzcm/.m2/repository/com/github/almasb/fxgl/fxgl/17.2/fxgl-17.2.jar!/fxglassets/languages/english.lang
21:17:28.335 [FXGL Background Thread 4 ] DEBUG FXGLAssetLoaderServi - Loading from file system: jar:file:/C:/Users/primzcm/.m2/repository/com/github/almasb/fxgl/fxgl/17.2/fxgl-17.2.jar!/fxglassets/ui/fonts/Abel-Regular.ttf
21:17:28.337 [FXGL Background Thread 4 ] DEBUG FXGLAssetLoaderServi - Loading from file system: jar:file:/C:/Users/primzcm/.m2/repository/com/github/almasb/fxgl/fxgl/17.2/fxgl-17.2.jar!/fxglassets/ui/fonts/TerminalLandMono-Regular.otf
21:17:28.339 [FXGL Background Thread 4 ] DEBUG FXGLAssetLoaderServi - Loading from file system: jar:file:/C:/Users/primzcm/.m2/repository/com/github/almasb/fxgl/fxgl/17.2/fxgl-17.2.jar!/fxglassets/ui/fonts/Courier-Prime.ttf
21:17:28.343 [JavaFX Application Thread] DEBUG FXGLApplication      - Registering font factories with UI factory
21:17:28.346 [FXGL Background Thread 1 ] INFO  FXGLApplication      - FXGL initialization took: 0.317 sec
21:17:28.353 [JavaFX Application Thread] DEBUG Input                - Registered new binding: action0 - A
21:17:28.355 [JavaFX Application Thread] DEBUG Input                - Registered new binding: action1 - D
21:17:28.355 [JavaFX Application Thread] DEBUG Input                - Registered new binding: action2 - W
21:17:28.355 [JavaFX Application Thread] DEBUG Input                - Registered new binding: action3 - S
21:17:28.355 [JavaFX Application Thread] DEBUG FXGLAssetLoaderServi - Loading from file system: jar:file:/C:/Users/primzcm/.m2/repository/com/github/almasb/fxgl/fxgl/17.2/fxgl-17.2.jar!/fxglassets/textures/fxgl_icon.png
21:17:28.389 [JavaFX Application Thread] DEBUG FXGLAssetLoaderServi - Loading from file system: jar:file:/C:/Users/primzcm/.m2/repository/com/github/almasb/fxgl/fxgl/17.2/fxgl-17.2.jar!/fxglassets/textures/fxgl_default_cursor.png
21:17:28.391 [JavaFX Application Thread] DEBUG Input                - Registered new binding: Screenshot - CTRL+8
21:17:28.393 [JavaFX Application Thread] DEBUG Input                - Registered new binding: System info dump - CTRL+9
21:17:28.393 [JavaFX Application Thread] DEBUG Input                - Registered new binding: Restart - CTRL+R
21:17:28.393 [JavaFX Application Thread] DEBUG Input                - Registered new binding: Toggle Debug Camera - CTRL+7
21:17:28.397 [JavaFX Application Thread] DEBUG LoopRunner           - Starting loop
21:17:28.397 [JavaFX Application Thread] DEBUG LoopRunner           - Initializing JavaFX AnimationTimerLoop
21:17:28.398 [JavaFX Application Thread] DEBUG GameApplicationServi - Starting new game
21:17:28.399 [JavaFX Application Thread] DEBUG Input                - Clearing active input actions
21:17:28.407 [JavaFX Application Thread] DEBUG GameApplicationServi - Removing overlay from FXGLStartupScene and adding to FXGLLoadingScene
21:17:28.407 [JavaFX Application Thread] DEBUG PrimaryStageWindow   - FXGLStartupScene -> FXGLLoadingScene
21:17:28.407 [JavaFX Application Thread] DEBUG GameApplicationServi - Clearing previous game
21:17:28.407 [JavaFX Application Thread] DEBUG GameScene            - Clearing game scene
21:17:28.407 [JavaFX Application Thread] DEBUG GameWorld            - Clearing game world
21:17:28.407 [JavaFX Application Thread] DEBUG PhysicsWorld         - Clearing physics world
21:17:28.409 [FXGL Background Thread 1 ] DEBUG FXGLApplication      - Initializing game
21:17:28.431 [FXGL Background Thread 1 ] INFO  FXGLApplication      - Game initialization took: 0.023 sec
21:17:28.440 [JavaFX Application Thread] DEBUG Input                - Clearing active input actions
21:17:28.445 [JavaFX Application Thread] DEBUG GameApplicationServi - Removing overlay from FXGLLoadingScene and adding to GameScene
21:17:28.446 [JavaFX Application Thread] DEBUG PrimaryStageWindow   - FXGLLoadingScene -> GameScene
21:17:29.028 [FXGL Background Thread 2 ] INFO  UpdaterService       - Your current version:  17+dev-SNAPSHOT
21:17:29.028 [FXGL Background Thread 2 ] INFO  UpdaterService       - Latest stable version: 21.1
21:17:29.283 [JavaFX Application Thread] DEBUG LoopRunner           - Stopping loop
21:17:29.284 [JavaFX Application Thread] FATAL FXGLApplication      - Uncaught Exception:
java.lang.ArrayIndexOutOfBoundsException: Index -6 out of bounds for length 8
	at org.example.PlayerComponent.shootTripleBurst(PlayerComponent.java:74)
	at org.example.GameApp.lambda$initGame$0(GameApp.java:55)
	at com.almasb.fxgl.time.TimerAction.update(TimerAction.kt:69)
	at com.almasb.fxgl.time.Timer.update(Timer.kt:38)
	at com.almasb.fxgl.scene.Scene.update(Scene.kt:104)
	at com.almasb.fxgl.app.MainWindow$update$1.invoke(MainWindow.kt:115)
	at com.almasb.fxgl.app.MainWindow$update$1.invoke(MainWindow.kt:115)
	at com.almasb.fxgl.core.fsm.StateMachine.runOnActiveStates(StateMachine.kt:69)
	at com.almasb.fxgl.app.MainWindow.update(MainWindow.kt:115)
	at com.almasb.fxgl.app.FXGLApplication$GameApplicationService.onUpdate(FXGLApplication.kt:426)
	at com.almasb.fxgl.app.Engine.loop(Engine.kt:134)
	at com.almasb.fxgl.app.Engine.access$loop(Engine.kt:24)
	at com.almasb.fxgl.app.Engine$loop$1.invoke(Engine.kt:28)
	at com.almasb.fxgl.app.Engine$loop$1.invoke(Engine.kt:28)
	at com.almasb.fxgl.app.LoopRunner.frame(LoopRunner.kt:103)
	at com.almasb.fxgl.app.LoopRunner.access$frame(LoopRunner.kt:23)
	at com.almasb.fxgl.app.LoopRunner$impl$2$1.onTick(LoopRunner.kt:57)
	at com.almasb.fxgl.app.AnimationTimerLoop$timer$1.handle(LoopRunner.kt:137)
	at javafx.animation.AnimationTimer$AnimationTimerReceiver.lambda$handle$0(AnimationTimer.java:58)
	at java.base/java.security.AccessController.doPrivileged(AccessController.java:138)
	at javafx.animation.AnimationTimer$AnimationTimerReceiver.handle(AnimationTimer.java:57)
	at com.sun.scenario.animation.AbstractPrimaryTimer.timePulseImpl(AbstractPrimaryTimer.java:356)
	at com.sun.scenario.animation.AbstractPrimaryTimer$MainLoop.run(AbstractPrimaryTimer.java:266)
	at com.sun.javafx.tk.quantum.QuantumToolkit.pulse(QuantumToolkit.java:571)
	at com.sun.javafx.tk.quantum.QuantumToolkit.pulse(QuantumToolkit.java:555)
	at com.sun.javafx.tk.quantum.QuantumToolkit.pulseFromQueue(QuantumToolkit.java:548)
	at com.sun.javafx.tk.quantum.QuantumToolkit.lambda$runToolkit$11(QuantumToolkit.java:352)
	at com.sun.glass.ui.InvokeLaterDispatcher$Future.run(InvokeLaterDispatcher.java:96)
	at com.sun.glass.ui.win.WinApplication._runLoop(Native Method)
	at com.sun.glass.ui.win.WinApplication.lambda$runLoop$3(WinApplication.java:184)
	at java.base/java.lang.Thread.run(Thread.java:1447)

21:17:29.284 [JavaFX Application Thread] FATAL FXGLApplication      - Application will now exit
21:17:29.294 [JavaFX Application Thread] DEBUG PrimaryStageWindow   - Push state: ErrorSubScene
21:17:29.295 [JavaFX Application Thread] DEBUG Input                - Clearing active input actions
21:17:29.299 [JavaFX Application Thread] DEBUG GameApplicationServi - Removing overlay from GameScene and adding to ErrorSubScene
21:17:29.299 [JavaFX Application Thread] DEBUG PrimaryStageWindow   - GameScene -> ErrorSubScene
21:17:31.003 [JavaFX Application Thread] DEBUG FXGLApplication      - Exiting FXGL
21:17:31.003 [JavaFX Application Thread] DEBUG Async                - Shutting down background threads
21:17:31.003 [JavaFX Application Thread] DEBUG PrimaryStageWindow   - Closing main window
21:17:31.015 [JavaFX Application Thread] DEBUG Logger               - Closing Logger
