01:38:08.449 [main                     ] DEBUG Logger               - Configured Logger
01:38:08.453 [main                     ] DEBUG GameApplication      - Logging settings
Title: Prototype Game
Version: 0.1.5
Width: 1280
Height: 720
Fullscreen: false
Intro: false
Profiling: false
Single step:false
App Mode: DEVELOPER
Menu Key: ESCAPE
Stage Style: DECORATED
Scene Factory: class org.example.core.GameApp$1

01:38:08.568 [JavaFX Application Thread] DEBUG FXGLApplication      - Initializing FXGL
01:38:08.570 [JavaFX Application Thread] INFO  Engine               - FXGL-21+dev-SNAPSHOT (26.03.2024 19.46) on WINDOWS (J:24 FX:21.0.1)
01:38:08.570 [JavaFX Application Thread] DEBUG Engine               - JRE Vendor Name: Oracle Corporation
01:38:08.570 [JavaFX Application Thread] DEBUG Engine               - Running on OS: Windows 11 version 10.0
01:38:08.570 [JavaFX Application Thread] DEBUG Engine               - Architecture: amd64
01:38:08.570 [JavaFX Application Thread] INFO  Engine               - Source code and latest versions at: https://github.com/AlmasB/FXGL
01:38:08.570 [JavaFX Application Thread] INFO  Engine               -       Ask questions and discuss at: https://github.com/AlmasB/FXGL/discussions
01:38:08.571 [JavaFX Application Thread] INFO  Engine               -              Join the FXGL chat at: https://gitter.im/AlmasB/FXGL
01:38:08.653 [JavaFX Application Thread] DEBUG PrimaryStageWindow   - Creating a JavaFX scene
01:38:08.681 [JavaFX Application Thread] DEBUG PrimaryStageWindow   - Target settings size: 1280.0 x 720.0
01:38:08.681 [JavaFX Application Thread] DEBUG PrimaryStageWindow   - Scaled scene size:    1280.0 x 720.0
01:38:08.681 [JavaFX Application Thread] DEBUG PrimaryStageWindow   - Scaled ratio: (1.0, 1.0)
01:38:08.681 [JavaFX Application Thread] DEBUG PrimaryStageWindow   - Set initial scene to FXGLStartupScene
01:38:08.684 [JavaFX Application Thread] DEBUG PrimaryStageWindow   - Opening main window
01:38:08.787 [JavaFX Application Thread] DEBUG PrimaryStageWindow   - Window border size: (16.0, 39.0)
01:38:08.788 [JavaFX Application Thread] DEBUG PrimaryStageWindow   - Scaled size: 1280.0 x 720.0
01:38:08.788 [JavaFX Application Thread] DEBUG PrimaryStageWindow   - Scaled ratio: (1.0, 1.0)
01:38:08.788 [JavaFX Application Thread] DEBUG PrimaryStageWindow   - Scene size: 1280.0 x 720.0
01:38:08.788 [JavaFX Application Thread] DEBUG PrimaryStageWindow   - Stage size: 1296.0 x 759.0
01:38:08.793 [FXGL Background Thread 1 ] DEBUG Engine               - Initializing environment variables
01:38:08.842 [FXGL Background Thread 1 ] DEBUG FXGLAssetLoaderServi - User app class for loading assets: class org.example.core.GameApp
01:38:08.843 [FXGL Background Thread 1 ] DEBUG GameApplicationServi - Applying CSS: fxgl_dark.css
01:38:08.843 [FXGL Background Thread 1 ] DEBUG FXGLAssetLoaderServi - Loading from file system: jar:file:/C:/Users/primzcm/.m2/repository/com/github/almasb/fxgl/fxgl/21.1/fxgl-21.1.jar!/fxglassets/ui/css/fxgl_dark.css
01:38:08.881 [FXGL Background Thread 1 ] DEBUG GameApplicationServi - Initializing application scenes
01:38:08.901 [FXGL Background Thread 1 ] DEBUG GameWorld            - Game world initialized
01:38:08.944 [FXGL Background Thread 1 ] DEBUG PhysicsWorld         - Physics world initialized: appHeight=720, physics.ppm=50.0
01:38:08.944 [FXGL Background Thread 1 ] DEBUG PhysicsWorld         - Using strategy: BRUTE_FORCE
01:38:08.947 [FXGL Background Thread 1 ] DEBUG GameScene            - Game scene initialized: 1280x720
01:38:09.151 [FXGL Background Thread 1 ] DEBUG GameApplicationServi - Application scenes initialized
01:38:09.167 [FXGL Background Thread 1 ] DEBUG SystemBundleService  - Loading FXGL system data
01:38:09.171 [FXGL Background Thread 1 ] DEBUG FileSystemAccess     - Reading from: F:\my files\School\2nd year 2nd sem\TheOnlyException\system\fxgl.bundle
01:38:09.177 [FXGL Background Thread 1 ] DEBUG SystemBundleService  - Bundle FXGL: {}
01:38:09.177 [FXGL Background Thread 1 ] DEBUG UpdaterService       - Checking for updates
01:38:09.183 [FXGL Background Thread 4 ] DEBUG FXGLApplication      - Loading fonts
01:38:09.184 [FXGL Background Thread 4 ] DEBUG FXGLAssetLoaderServi - Loading from file system: jar:file:/C:/Users/primzcm/.m2/repository/com/github/almasb/fxgl/fxgl/21.1/fxgl-21.1.jar!/fxglassets/ui/fonts/VarelaRound-Regular.ttf
01:38:09.184 [FXGL Background Thread 1 ] DEBUG FXGLApplication      - Loading default localization
01:38:09.185 [FXGL Background Thread 1 ] DEBUG FXGLAssetLoaderServi - Loading from file system: jar:file:/C:/Users/primzcm/.m2/repository/com/github/almasb/fxgl/fxgl/21.1/fxgl-21.1.jar!/fxglassets/languages/english.lang
01:38:09.188 [FXGL Background Thread 4 ] DEBUG FXGLAssetLoaderServi - Loading from file system: jar:file:/C:/Users/primzcm/.m2/repository/com/github/almasb/fxgl/fxgl/21.1/fxgl-21.1.jar!/fxglassets/ui/fonts/Abel-Regular.ttf
01:38:09.191 [FXGL Background Thread 4 ] DEBUG FXGLAssetLoaderServi - Loading from file system: jar:file:/C:/Users/primzcm/.m2/repository/com/github/almasb/fxgl/fxgl/21.1/fxgl-21.1.jar!/fxglassets/ui/fonts/TerminalLandMono-Regular.otf
01:38:09.193 [FXGL Background Thread 4 ] DEBUG FXGLAssetLoaderServi - Loading from file system: jar:file:/C:/Users/primzcm/.m2/repository/com/github/almasb/fxgl/fxgl/21.1/fxgl-21.1.jar!/fxglassets/ui/fonts/Courier-Prime.ttf
01:38:09.203 [JavaFX Application Thread] DEBUG FXGLApplication      - Registering font factories with UI factory
01:38:09.210 [FXGL Background Thread 1 ] INFO  FXGLApplication      - FXGL initialization took: 0.417 sec
01:38:09.218 [JavaFX Application Thread] DEBUG Input                - Registered new binding: action0 - A
01:38:09.219 [JavaFX Application Thread] DEBUG Input                - Registered new binding: action1 - D
01:38:09.220 [JavaFX Application Thread] DEBUG Input                - Registered new binding: action2 - W
01:38:09.220 [JavaFX Application Thread] DEBUG Input                - Registered new binding: action3 - S
01:38:09.220 [JavaFX Application Thread] DEBUG Input                - Registered new binding: action4 - Esc
01:38:09.221 [JavaFX Application Thread] DEBUG FXGLAssetLoaderServi - Loading from file system: jar:file:/C:/Users/primzcm/.m2/repository/com/github/almasb/fxgl/fxgl/21.1/fxgl-21.1.jar!/fxglassets/textures/fxgl_icon.png
01:38:09.277 [JavaFX Application Thread] DEBUG FXGLAssetLoaderServi - Loading from file system: jar:file:/C:/Users/primzcm/.m2/repository/com/github/almasb/fxgl/fxgl/21.1/fxgl-21.1.jar!/fxglassets/textures/fxgl_default_cursor.png
01:38:09.282 [JavaFX Application Thread] DEBUG Input                - Registered new binding: Screenshot - CTRL+8
01:38:09.282 [JavaFX Application Thread] DEBUG Input                - Registered new binding: System info dump - CTRL+9
01:38:09.283 [JavaFX Application Thread] DEBUG Input                - Registered new binding: Restart - CTRL+R
01:38:09.284 [JavaFX Application Thread] DEBUG Input                - Registered new binding: Toggle Debug Camera - CTRL+7
01:38:09.288 [JavaFX Application Thread] DEBUG LoopRunner           - Starting loop
01:38:09.288 [JavaFX Application Thread] DEBUG LoopRunner           - Initializing JavaFX AnimationTimerLoop
01:38:09.291 [JavaFX Application Thread] DEBUG Input                - Clearing active input actions
01:38:09.297 [JavaFX Application Thread] DEBUG GameApplicationServi - Removing overlay from FXGLStartupScene and adding to FXGLMainMenuDummyScene
01:38:09.297 [JavaFX Application Thread] DEBUG PrimaryStageWindow   - FXGLStartupScene -> FXGLMainMenuDummyScene
01:38:09.297 [JavaFX Application Thread] DEBUG PrimaryStageWindow   - Push state: LoginScene
01:38:09.298 [JavaFX Application Thread] DEBUG Input                - Clearing active input actions
01:38:09.310 [JavaFX Application Thread] DEBUG GameApplicationServi - Removing overlay from FXGLMainMenuDummyScene and adding to LoginScene
01:38:09.310 [JavaFX Application Thread] DEBUG PrimaryStageWindow   - FXGLMainMenuDummyScene -> LoginScene
01:38:09.534 [FXGL Background Thread 2 ] INFO  UpdaterService       - Your current version:  21+dev-SNAPSHOT
01:38:09.535 [FXGL Background Thread 2 ] INFO  UpdaterService       - Latest stable version: 21.1
01:38:12.018 [JavaFX Application Thread] DEBUG GameWorld            - Game world initialized
01:38:12.020 [JavaFX Application Thread] DEBUG PhysicsWorld         - Physics world initialized: appHeight=720, physics.ppm=50.0
01:38:12.020 [JavaFX Application Thread] DEBUG PhysicsWorld         - Using strategy: BRUTE_FORCE
01:38:12.021 [JavaFX Application Thread] DEBUG GameScene            - Game scene initialized: 1280x720
01:38:12.054 [JavaFX Application Thread] DEBUG PrimaryStageWindow   - Push state: MainMenuScene
01:38:12.096 [JavaFX Application Thread] DEBUG Input                - Clearing active input actions
01:38:12.097 [JavaFX Application Thread] DEBUG GameApplicationServi - Removing overlay from LoginScene and adding to MainMenuScene
01:38:12.098 [JavaFX Application Thread] DEBUG PrimaryStageWindow   - LoginScene -> MainMenuScene
01:38:12.098 [JavaFX Application Thread] DEBUG GameWorld            - Game world initialized
01:38:12.098 [JavaFX Application Thread] DEBUG PhysicsWorld         - Physics world initialized: appHeight=720, physics.ppm=50.0
01:38:12.098 [JavaFX Application Thread] DEBUG PhysicsWorld         - Using strategy: BRUTE_FORCE
01:38:12.099 [JavaFX Application Thread] DEBUG GameScene            - Game scene initialized: 1280x720
01:38:12.114 [JavaFX Application Thread] DEBUG PrimaryStageWindow   - Push state: MainMenuScene
01:38:12.150 [JavaFX Application Thread] DEBUG Input                - Clearing active input actions
01:38:12.151 [JavaFX Application Thread] DEBUG GameApplicationServi - Removing overlay from MainMenuScene and adding to MainMenuScene
01:38:12.151 [JavaFX Application Thread] DEBUG PrimaryStageWindow   - MainMenuScene -> MainMenuScene
01:38:12.182 [FXGL Background Thread 3 ] DEBUG Engine               - Logging environment variables
01:38:12.182 [FXGL Background Thread 3 ] DEBUG Engine               - achievements: []
01:38:12.182 [FXGL Background Thread 3 ] DEBUG Engine               - actualHeight: 720.0
01:38:12.182 [FXGL Background Thread 3 ] DEBUG Engine               - actualHeightProperty: ReadOnlyDoubleProperty [value: 720.0]
01:38:12.182 [FXGL Background Thread 3 ] DEBUG Engine               - actualWidth: 1280.0
01:38:12.182 [FXGL Background Thread 3 ] DEBUG Engine               - actualWidthProperty: ReadOnlyDoubleProperty [value: 1280.0]
01:38:12.182 [FXGL Background Thread 3 ] DEBUG Engine               - appIcon: fxgl_icon.png
01:38:12.182 [FXGL Background Thread 3 ] DEBUG Engine               - applicationMode: DEVELOPER
01:38:12.182 [FXGL Background Thread 3 ] DEBUG Engine               - cSSList: [fxgl_dark.css]
01:38:12.183 [FXGL Background Thread 3 ] DEBUG Engine               - collisionDetectionStrategy: BRUTE_FORCE
01:38:12.183 [FXGL Background Thread 3 ] DEBUG Engine               - configClass: Optional.empty
01:38:12.183 [FXGL Background Thread 3 ] DEBUG Engine               - credits: []
01:38:12.187 [FXGL Background Thread 3 ] DEBUG Engine               - defaultCursor: CursorInfo(imageName=fxgl_default_cursor.png, hotspotX=7.0, hotspotY=6.0)
01:38:12.187 [FXGL Background Thread 3 ] DEBUG Engine               - devBBoxColorProperty: ObjectProperty [value: 0xff0000ff]
01:38:12.187 [FXGL Background Thread 3 ] DEBUG Engine               - devEnableDebugCameraProperty: BooleanProperty [value: false]
01:38:12.187 [FXGL Background Thread 3 ] DEBUG Engine               - devSensorColorProperty: ObjectProperty [value: 0xffff00ff]
01:38:12.187 [FXGL Background Thread 3 ] DEBUG Engine               - devShowBBoxProperty: BooleanProperty [value: false]
01:38:12.187 [FXGL Background Thread 3 ] DEBUG Engine               - devShowPositionProperty: BooleanProperty [value: false]
01:38:12.187 [FXGL Background Thread 3 ] DEBUG Engine               - enabledMenuItems: []
01:38:12.188 [FXGL Background Thread 3 ] DEBUG Engine               - engineServices: [class com.almasb.fxgl.app.services.FXGLAssetLoaderService, class com.almasb.fxgl.app.FXGLApplication$GameApplicationService, class com.almasb.fxgl.app.services.FXGLDialogService, class com.almasb.fxgl.app.services.IOTaskExecutorService, class com.almasb.fxgl.io.FileSystemService, class com.almasb.fxgl.localization.LocalizationService, class com.almasb.fxgl.app.services.SystemBundleService, class com.almasb.fxgl.profile.SaveLoadService, class com.almasb.fxgl.ui.FXGLUIFactoryServiceProvider, class com.almasb.fxgl.ui.FXGLDialogFactoryServiceProvider, class com.almasb.fxgl.audio.AudioPlayer, class com.almasb.fxgl.notification.impl.NotificationServiceProvider, class com.almasb.fxgl.achievement.AchievementService, class com.almasb.fxgl.cutscene.CutsceneService, class com.almasb.fxgl.minigames.MiniGameService, class com.almasb.fxgl.net.NetService, class com.almasb.fxgl.app.services.UpdaterService, class com.almasb.fxgl.dev.DevService]
01:38:12.188 [FXGL Background Thread 3 ] DEBUG Engine               - fontGame: Abel-Regular.ttf
01:38:12.188 [FXGL Background Thread 3 ] DEBUG Engine               - fontMono: TerminalLandMono-Regular.otf
01:38:12.188 [FXGL Background Thread 3 ] DEBUG Engine               - fontSizeScaleUI: 1.0
01:38:12.188 [FXGL Background Thread 3 ] DEBUG Engine               - fontText: Courier-Prime.ttf
01:38:12.188 [FXGL Background Thread 3 ] DEBUG Engine               - fontUI: VarelaRound-Regular.ttf
01:38:12.188 [FXGL Background Thread 3 ] DEBUG Engine               - fullScreen: BooleanProperty [value: false]
01:38:12.188 [FXGL Background Thread 3 ] DEBUG Engine               - gameDifficulty: MEDIUM
01:38:12.188 [FXGL Background Thread 3 ] DEBUG Engine               - gameDifficultyProperty: ObjectProperty [value: MEDIUM]
01:38:12.188 [FXGL Background Thread 3 ] DEBUG Engine               - globalMusicVolume: 0.5
01:38:12.188 [FXGL Background Thread 3 ] DEBUG Engine               - globalMusicVolumeProperty: DoubleProperty [value: 0.5]
01:38:12.188 [FXGL Background Thread 3 ] DEBUG Engine               - globalSoundVolume: 0.5
01:38:12.188 [FXGL Background Thread 3 ] DEBUG Engine               - globalSoundVolumeProperty: DoubleProperty [value: 0.5]
01:38:12.188 [FXGL Background Thread 3 ] DEBUG Engine               - height: 720
01:38:12.188 [FXGL Background Thread 3 ] DEBUG Engine               - is3D: false
01:38:12.188 [FXGL Background Thread 3 ] DEBUG Engine               - isAndroid: false
01:38:12.188 [FXGL Background Thread 3 ] DEBUG Engine               - isBrowser: false
01:38:12.188 [FXGL Background Thread 3 ] DEBUG Engine               - isClickFeedbackEnabled: false
01:38:12.188 [FXGL Background Thread 3 ] DEBUG Engine               - isCloseConfirmation: false
01:38:12.188 [FXGL Background Thread 3 ] DEBUG Engine               - isDesktop: true
01:38:12.188 [FXGL Background Thread 3 ] DEBUG Engine               - isDeveloperMenuEnabled: false
01:38:12.188 [FXGL Background Thread 3 ] DEBUG Engine               - isEmbedded: false
01:38:12.188 [FXGL Background Thread 3 ] DEBUG Engine               - isEntityPreloadEnabled: true
01:38:12.188 [FXGL Background Thread 3 ] DEBUG Engine               - isExperimentalTiledLargeMap: false
01:38:12.188 [FXGL Background Thread 3 ] DEBUG Engine               - isFileSystemWriteAllowed: true
01:38:12.188 [FXGL Background Thread 3 ] DEBUG Engine               - isFullScreenAllowed: false
01:38:12.188 [FXGL Background Thread 3 ] DEBUG Engine               - isFullScreenFromStart: false
01:38:12.188 [FXGL Background Thread 3 ] DEBUG Engine               - isGameMenuEnabled: false
01:38:12.188 [FXGL Background Thread 3 ] DEBUG Engine               - isIOS: false
01:38:12.188 [FXGL Background Thread 3 ] DEBUG Engine               - isIntroEnabled: false
01:38:12.188 [FXGL Background Thread 3 ] DEBUG Engine               - isLinux: false
01:38:12.188 [FXGL Background Thread 3 ] DEBUG Engine               - isMac: false
01:38:12.188 [FXGL Background Thread 3 ] DEBUG Engine               - isMainMenuEnabled: true
01:38:12.188 [FXGL Background Thread 3 ] DEBUG Engine               - isManualResizeEnabled: false
01:38:12.188 [FXGL Background Thread 3 ] DEBUG Engine               - isMobile: false
01:38:12.188 [FXGL Background Thread 3 ] DEBUG Engine               - isNative: false
01:38:12.188 [FXGL Background Thread 3 ] DEBUG Engine               - isPauseMusicWhenMinimized: true
01:38:12.188 [FXGL Background Thread 3 ] DEBUG Engine               - isPreserveResizeRatio: false
01:38:12.189 [FXGL Background Thread 3 ] DEBUG Engine               - isProfilingEnabled: false
01:38:12.189 [FXGL Background Thread 3 ] DEBUG Engine               - isScaleAffectedOnResize: true
01:38:12.189 [FXGL Background Thread 3 ] DEBUG Engine               - isSingleStep: false
01:38:12.189 [FXGL Background Thread 3 ] DEBUG Engine               - isUserProfileEnabled: false
01:38:12.189 [FXGL Background Thread 3 ] DEBUG Engine               - isWindows: true
01:38:12.189 [FXGL Background Thread 3 ] DEBUG Engine               - language: ObjectProperty [value: ENGLISH]
01:38:12.189 [FXGL Background Thread 3 ] DEBUG Engine               - menuKey: ESCAPE
01:38:12.189 [FXGL Background Thread 3 ] DEBUG Engine               - mouseSensitivity: 0.2
01:38:12.189 [FXGL Background Thread 3 ] DEBUG Engine               - notificationViewClass: class com.almasb.fxgl.notification.view.XboxNotificationView
01:38:12.189 [FXGL Background Thread 3 ] DEBUG Engine               - pixelsPerMeter: 50.0
01:38:12.189 [FXGL Background Thread 3 ] DEBUG Engine               - platform: WINDOWS
01:38:12.189 [FXGL Background Thread 3 ] DEBUG Engine               - prefHeightProperty: ReadOnlyDoubleProperty [value: 720.0]
01:38:12.189 [FXGL Background Thread 3 ] DEBUG Engine               - prefWidthProperty: ReadOnlyDoubleProperty [value: 1280.0]
01:38:12.189 [FXGL Background Thread 3 ] DEBUG Engine               - profileDir: profiles/
01:38:12.189 [FXGL Background Thread 3 ] DEBUG Engine               - profileName: StringProperty [value: DEFAULT]
01:38:12.189 [FXGL Background Thread 3 ] DEBUG Engine               - randomSeed: -1
01:38:12.189 [FXGL Background Thread 3 ] DEBUG Engine               - runtimeInfo: RuntimeInfo(platform=WINDOWS, version=21+dev-SNAPSHOT, build=26.03.2024 19.46)
01:38:12.189 [FXGL Background Thread 3 ] DEBUG Engine               - saveFileExt: sav
01:38:12.189 [FXGL Background Thread 3 ] DEBUG Engine               - scaledHeightProp$fxgl: DoubleProperty [bound, value: 720.0]
01:38:12.189 [FXGL Background Thread 3 ] DEBUG Engine               - scaledWidthProp$fxgl: DoubleProperty [bound, value: 1280.0]
01:38:12.190 [FXGL Background Thread 3 ] DEBUG Engine               - sceneFactory: org.example.core.GameApp$1@1d89a58c
01:38:12.190 [FXGL Background Thread 3 ] DEBUG Engine               - secondsIn24h: 60
01:38:12.190 [FXGL Background Thread 3 ] DEBUG Engine               - soundMenuBack: menu/back.wav
01:38:12.190 [FXGL Background Thread 3 ] DEBUG Engine               - soundMenuPress: menu/press.wav
01:38:12.190 [FXGL Background Thread 3 ] DEBUG Engine               - soundMenuSelect: menu/select.wav
01:38:12.190 [FXGL Background Thread 3 ] DEBUG Engine               - soundNotification: core/notification.wav
01:38:12.190 [FXGL Background Thread 3 ] DEBUG Engine               - stageStyle: DECORATED
01:38:12.190 [FXGL Background Thread 3 ] DEBUG Engine               - supportedLanguages: [ENGLISH, FRENCH, GERMAN, HUNGARIAN, RUSSIAN]
01:38:12.190 [FXGL Background Thread 3 ] DEBUG Engine               - ticksPerSecond: -1
01:38:12.190 [FXGL Background Thread 3 ] DEBUG Engine               - title: Prototype Game
01:38:12.190 [FXGL Background Thread 3 ] DEBUG Engine               - urlGithub: https://github.com/AlmasB/FXGL
01:38:12.190 [FXGL Background Thread 3 ] DEBUG Engine               - urlLeaderboard: http://fxgl-top.herokuapp.com/
01:38:12.190 [FXGL Background Thread 3 ] DEBUG Engine               - urlPOM: https://raw.githubusercontent.com/AlmasB/FXGL/release/README.md
01:38:12.190 [FXGL Background Thread 3 ] DEBUG Engine               - userAppClass: class org.example.core.GameApp
01:38:12.190 [FXGL Background Thread 3 ] DEBUG Engine               - version: 0.1.5
01:38:12.190 [FXGL Background Thread 3 ] DEBUG Engine               - versionCheckDays: 7
01:38:12.190 [FXGL Background Thread 3 ] DEBUG Engine               - width: 1280
01:38:12.190 [FXGL Background Thread 3 ] DEBUG Engine               - Logging services
01:38:12.190 [FXGL Background Thread 3 ] DEBUG Engine               - class com.almasb.fxgl.app.services.FXGLAssetLoaderService
01:38:12.190 [FXGL Background Thread 3 ] DEBUG Engine               - class com.almasb.fxgl.app.FXGLApplication$GameApplicationService
01:38:12.190 [FXGL Background Thread 3 ] DEBUG Engine               - class com.almasb.fxgl.app.services.FXGLDialogService
01:38:12.190 [FXGL Background Thread 3 ] DEBUG Engine               - class com.almasb.fxgl.app.services.IOTaskExecutorService
01:38:12.190 [FXGL Background Thread 3 ] DEBUG Engine               - class com.almasb.fxgl.io.FileSystemService
01:38:12.190 [FXGL Background Thread 3 ] DEBUG Engine               - class com.almasb.fxgl.localization.LocalizationService
01:38:12.190 [FXGL Background Thread 3 ] DEBUG Engine               - class com.almasb.fxgl.app.services.SystemBundleService
01:38:12.190 [FXGL Background Thread 3 ] DEBUG Engine               - class com.almasb.fxgl.profile.SaveLoadService
01:38:12.190 [FXGL Background Thread 3 ] DEBUG Engine               - class com.almasb.fxgl.ui.FXGLUIFactoryServiceProvider
01:38:12.190 [FXGL Background Thread 3 ] DEBUG Engine               - class com.almasb.fxgl.ui.FXGLDialogFactoryServiceProvider
01:38:12.190 [FXGL Background Thread 3 ] DEBUG Engine               - class com.almasb.fxgl.audio.AudioPlayer
01:38:12.190 [FXGL Background Thread 3 ] DEBUG Engine               - class com.almasb.fxgl.notification.impl.NotificationServiceProvider
01:38:12.190 [FXGL Background Thread 3 ] DEBUG Engine               - class com.almasb.fxgl.achievement.AchievementService
01:38:12.190 [FXGL Background Thread 3 ] DEBUG Engine               - class com.almasb.fxgl.cutscene.CutsceneService
01:38:12.190 [FXGL Background Thread 3 ] DEBUG Engine               - class com.almasb.fxgl.minigames.MiniGameService
01:38:12.190 [FXGL Background Thread 3 ] DEBUG Engine               - class com.almasb.fxgl.net.NetService
01:38:12.190 [FXGL Background Thread 3 ] DEBUG Engine               - class com.almasb.fxgl.app.services.UpdaterService
01:38:12.190 [FXGL Background Thread 3 ] DEBUG Engine               - class com.almasb.fxgl.dev.DevService
01:38:12.880 [JavaFX Application Thread] DEBUG GameApplicationServi - Starting new game
01:38:12.881 [JavaFX Application Thread] DEBUG PrimaryStageWindow   - Pop state: MainMenuScene
01:38:12.881 [JavaFX Application Thread] DEBUG Input                - Clearing active input actions
01:38:12.881 [JavaFX Application Thread] DEBUG GameApplicationServi - Removing overlay from MainMenuScene and adding to MainMenuScene
01:38:12.881 [JavaFX Application Thread] DEBUG PrimaryStageWindow   - MainMenuScene <- MainMenuScene
01:38:12.940 [JavaFX Application Thread] DEBUG PrimaryStageWindow   - Pop state: MainMenuScene
01:38:12.940 [JavaFX Application Thread] DEBUG Input                - Clearing active input actions
01:38:12.940 [JavaFX Application Thread] DEBUG GameApplicationServi - Removing overlay from MainMenuScene and adding to LoginScene
01:38:12.941 [JavaFX Application Thread] DEBUG PrimaryStageWindow   - LoginScene <- MainMenuScene
01:38:12.992 [JavaFX Application Thread] DEBUG PrimaryStageWindow   - Pop state: LoginScene
01:38:12.993 [JavaFX Application Thread] DEBUG Input                - Clearing active input actions
01:38:12.993 [JavaFX Application Thread] DEBUG GameApplicationServi - Removing overlay from LoginScene and adding to FXGLMainMenuDummyScene
01:38:12.993 [JavaFX Application Thread] DEBUG PrimaryStageWindow   - FXGLMainMenuDummyScene <- LoginScene
01:38:12.993 [JavaFX Application Thread] DEBUG Input                - Clearing active input actions
01:38:12.999 [JavaFX Application Thread] DEBUG GameApplicationServi - Removing overlay from FXGLMainMenuDummyScene and adding to FXGLLoadingScene
01:38:13.000 [JavaFX Application Thread] DEBUG PrimaryStageWindow   - FXGLMainMenuDummyScene -> FXGLLoadingScene
01:38:13.000 [JavaFX Application Thread] DEBUG GameApplicationServi - Clearing previous game
01:38:13.000 [JavaFX Application Thread] DEBUG GameScene            - Clearing game scene
01:38:13.000 [JavaFX Application Thread] DEBUG GameWorld            - Clearing game world
01:38:13.000 [JavaFX Application Thread] DEBUG PhysicsWorld         - Clearing physics world
01:38:13.001 [FXGL Background Thread 2 ] DEBUG FXGLApplication      - Initializing game
01:38:13.011 [FXGL Background Thread 2 ] DEBUG FXGLAssetLoaderServi - Loading from file system: file:/F:/my%20files/School/2nd%20year%202nd%20sem/TheOnlyException/Test/target/classes/assets/textures/worlda.png
01:38:13.068 [FXGL Background Thread 2 ] DEBUG FXGLAssetLoaderServi - Loading from file system: file:/F:/my%20files/School/2nd%20year%202nd%20sem/TheOnlyException/Test/target/classes/assets/textures/player-scaled.png
01:38:13.123 [FXGL Background Thread 2 ] INFO  FXGLApplication      - Game initialization took: 0.122 sec
01:38:13.127 [JavaFX Application Thread] DEBUG Input                - Clearing active input actions
01:38:13.132 [JavaFX Application Thread] DEBUG GameApplicationServi - Removing overlay from FXGLLoadingScene and adding to GameScene
01:38:13.133 [JavaFX Application Thread] DEBUG PrimaryStageWindow   - FXGLLoadingScene -> GameScene
01:38:13.608 [JavaFX Application Thread] DEBUG FXGLAssetLoaderServi - Loading from file system: file:/F:/my%20files/School/2nd%20year%202nd%20sem/TheOnlyException/Test/target/classes/assets/textures/MaggotWalk-scaled-recolored.png
01:38:13.610 [JavaFX Application Thread] DEBUG FXGLAssetLoaderServi - Loading from file system: file:/F:/my%20files/School/2nd%20year%202nd%20sem/TheOnlyException/Test/target/classes/assets/textures/BeetleMove-scaled-recolored.png
01:38:13.612 [JavaFX Application Thread] DEBUG FXGLAssetLoaderServi - Loading from file system: file:/F:/my%20files/School/2nd%20year%202nd%20sem/TheOnlyException/Test/target/classes/assets/textures/MantisMove-scaled-recolored.png
01:38:13.613 [JavaFX Application Thread] DEBUG FXGLAssetLoaderServi - Loading from file system: file:/F:/my%20files/School/2nd%20year%202nd%20sem/TheOnlyException/Test/target/classes/assets/textures/BeeMove-scaled-recolored.png
01:38:13.615 [JavaFX Application Thread] DEBUG FXGLAssetLoaderServi - Loading from file system: file:/F:/my%20files/School/2nd%20year%202nd%20sem/TheOnlyException/Test/target/classes/assets/textures/GiantFly-recolored.png
01:38:13.616 [JavaFX Application Thread] DEBUG FXGLAssetLoaderServi - Loading from file system: file:/F:/my%20files/School/2nd%20year%202nd%20sem/TheOnlyException/Test/target/classes/assets/textures/DragonFly-recolored.png
01:38:19.115 [JavaFX Application Thread] DEBUG FXGLAssetLoaderServi - Loading from file system: file:/F:/my%20files/School/2nd%20year%202nd%20sem/TheOnlyException/Test/target/classes/assets/textures/datawipe.png
01:38:19.132 [JavaFX Application Thread] DEBUG FXGLAssetLoaderServi - Loading from file system: file:/F:/my%20files/School/2nd%20year%202nd%20sem/TheOnlyException/Test/target/classes/assets/textures/systemrestore.png
01:38:19.148 [JavaFX Application Thread] DEBUG FXGLAssetLoaderServi - Loading from file system: file:/F:/my%20files/School/2nd%20year%202nd%20sem/TheOnlyException/Test/target/classes/assets/textures/firewallshield.png
01:38:19.165 [JavaFX Application Thread] DEBUG FXGLAssetLoaderServi - Loading from file system: file:/F:/my%20files/School/2nd%20year%202nd%20sem/TheOnlyException/Test/target/classes/assets/textures/nullblaster.png
01:38:19.188 [JavaFX Application Thread] DEBUG PrimaryStageWindow   - Push state: DialogSubScene
01:38:19.188 [JavaFX Application Thread] DEBUG Input                - Clearing active input actions
01:38:19.190 [JavaFX Application Thread] DEBUG GameApplicationServi - Removing overlay from GameScene and adding to DialogSubScene
01:38:19.190 [JavaFX Application Thread] DEBUG PrimaryStageWindow   - GameScene -> DialogSubScene
01:38:21.339 [JavaFX Application Thread] DEBUG PrimaryStageWindow   - Pop state: DialogSubScene
01:38:21.339 [JavaFX Application Thread] DEBUG Input                - Clearing active input actions
01:38:21.339 [JavaFX Application Thread] DEBUG GameApplicationServi - Removing overlay from DialogSubScene and adding to GameScene
01:38:21.339 [JavaFX Application Thread] DEBUG PrimaryStageWindow   - GameScene <- DialogSubScene
01:38:23.515 [JavaFX Application Thread] DEBUG FXGLAssetLoaderServi - Loading from file system: file:/F:/my%20files/School/2nd%20year%202nd%20sem/TheOnlyException/Test/target/classes/assets/textures/datawipemine.png
01:38:23.593 [JavaFX Application Thread] DEBUG FXGLAssetLoaderServi - Loading from file system: file:/F:/my%20files/School/2nd%20year%202nd%20sem/TheOnlyException/Test/target/classes/assets/textures/memorychip.png
01:38:28.518 [JavaFX Application Thread] DEBUG FXGLAssetLoaderServi - Loading from file system: file:/F:/my%20files/School/2nd%20year%202nd%20sem/TheOnlyException/Test/target/classes/assets/textures/datawipeexplosion.png
01:38:28.527 [JavaFX Application Thread] WARN  FXGLAssetLoaderServi - Asset "/assets/textures/orange_particle.png" was not found!
01:38:28.527 [JavaFX Application Thread] WARN  FXGLAssetLoaderServi - Failed to load IMAGE
01:38:28.544 [JavaFX Application Thread] DEBUG PrimaryStageWindow   - Push state: DialogSubScene
01:38:28.544 [JavaFX Application Thread] DEBUG Input                - Clearing active input actions
01:38:28.545 [JavaFX Application Thread] DEBUG GameApplicationServi - Removing overlay from GameScene and adding to DialogSubScene
01:38:28.545 [JavaFX Application Thread] DEBUG PrimaryStageWindow   - GameScene -> DialogSubScene
01:38:33.496 [JavaFX Application Thread] DEBUG PrimaryStageWindow   - Pop state: DialogSubScene
01:38:33.496 [JavaFX Application Thread] DEBUG Input                - Clearing active input actions
01:38:33.496 [JavaFX Application Thread] DEBUG GameApplicationServi - Removing overlay from DialogSubScene and adding to GameScene
01:38:33.496 [JavaFX Application Thread] DEBUG PrimaryStageWindow   - GameScene <- DialogSubScene
01:38:34.959 [JavaFX Application Thread] WARN  FXGLAssetLoaderServi - Asset "/assets/textures/orange_particle.png" was not found!
01:38:34.959 [JavaFX Application Thread] WARN  FXGLAssetLoaderServi - Failed to load IMAGE
01:38:35.322 [JavaFX Application Thread] DEBUG PrimaryStageWindow   - Push state: DialogSubScene
01:38:35.322 [JavaFX Application Thread] DEBUG Input                - Clearing active input actions
01:38:35.322 [JavaFX Application Thread] DEBUG GameApplicationServi - Removing overlay from GameScene and adding to DialogSubScene
01:38:35.322 [JavaFX Application Thread] DEBUG PrimaryStageWindow   - GameScene -> DialogSubScene
01:38:37.147 [JavaFX Application Thread] DEBUG PrimaryStageWindow   - Pop state: DialogSubScene
01:38:37.147 [JavaFX Application Thread] DEBUG Input                - Clearing active input actions
01:38:37.148 [JavaFX Application Thread] DEBUG GameApplicationServi - Removing overlay from DialogSubScene and adding to GameScene
01:38:37.148 [JavaFX Application Thread] DEBUG PrimaryStageWindow   - GameScene <- DialogSubScene
01:38:39.168 [JavaFX Application Thread] WARN  FXGLAssetLoaderServi - Asset "/assets/textures/orange_particle.png" was not found!
01:38:39.168 [JavaFX Application Thread] WARN  FXGLAssetLoaderServi - Failed to load IMAGE
01:38:42.042 [JavaFX Application Thread] WARN  FXGLAssetLoaderServi - Asset "/assets/textures/orange_particle.png" was not found!
01:38:42.042 [JavaFX Application Thread] WARN  FXGLAssetLoaderServi - Failed to load IMAGE
01:38:43.723 [JavaFX Application Thread] DEBUG PrimaryStageWindow   - Push state: DialogSubScene
01:38:43.723 [JavaFX Application Thread] DEBUG Input                - Clearing active input actions
01:38:43.723 [JavaFX Application Thread] DEBUG GameApplicationServi - Removing overlay from GameScene and adding to DialogSubScene
01:38:43.723 [JavaFX Application Thread] DEBUG PrimaryStageWindow   - GameScene -> DialogSubScene
01:38:45.081 [JavaFX Application Thread] DEBUG PrimaryStageWindow   - Pop state: DialogSubScene
01:38:45.081 [JavaFX Application Thread] DEBUG Input                - Clearing active input actions
01:38:45.081 [JavaFX Application Thread] DEBUG GameApplicationServi - Removing overlay from DialogSubScene and adding to GameScene
01:38:45.081 [JavaFX Application Thread] DEBUG PrimaryStageWindow   - GameScene <- DialogSubScene
01:38:46.203 [JavaFX Application Thread] WARN  FXGLAssetLoaderServi - Asset "/assets/textures/orange_particle.png" was not found!
01:38:46.203 [JavaFX Application Thread] WARN  FXGLAssetLoaderServi - Failed to load IMAGE
01:38:47.929 [JavaFX Application Thread] DEBUG PrimaryStageWindow   - Push state: DialogSubScene
01:38:47.929 [JavaFX Application Thread] DEBUG Input                - Clearing active input actions
01:38:47.930 [JavaFX Application Thread] DEBUG GameApplicationServi - Removing overlay from GameScene and adding to DialogSubScene
01:38:47.930 [JavaFX Application Thread] DEBUG PrimaryStageWindow   - GameScene -> DialogSubScene
01:38:50.004 [JavaFX Application Thread] DEBUG PrimaryStageWindow   - Pop state: DialogSubScene
01:38:50.004 [JavaFX Application Thread] DEBUG Input                - Clearing active input actions
01:38:50.005 [JavaFX Application Thread] DEBUG GameApplicationServi - Removing overlay from DialogSubScene and adding to GameScene
01:38:50.005 [JavaFX Application Thread] DEBUG PrimaryStageWindow   - GameScene <- DialogSubScene
01:38:50.720 [JavaFX Application Thread] WARN  FXGLAssetLoaderServi - Asset "/assets/textures/orange_particle.png" was not found!
01:38:50.720 [JavaFX Application Thread] WARN  FXGLAssetLoaderServi - Failed to load IMAGE
01:38:53.114 [JavaFX Application Thread] WARN  FXGLAssetLoaderServi - Asset "/assets/textures/orange_particle.png" was not found!
01:38:53.114 [JavaFX Application Thread] WARN  FXGLAssetLoaderServi - Failed to load IMAGE
01:38:55.038 [JavaFX Application Thread] WARN  FXGLAssetLoaderServi - Asset "/assets/textures/orange_particle.png" was not found!
01:38:55.038 [JavaFX Application Thread] WARN  FXGLAssetLoaderServi - Failed to load IMAGE
01:38:57.038 [JavaFX Application Thread] WARN  FXGLAssetLoaderServi - Asset "/assets/textures/orange_particle.png" was not found!
01:38:57.038 [JavaFX Application Thread] WARN  FXGLAssetLoaderServi - Failed to load IMAGE
01:38:59.053 [JavaFX Application Thread] WARN  FXGLAssetLoaderServi - Asset "/assets/textures/orange_particle.png" was not found!
01:38:59.053 [JavaFX Application Thread] WARN  FXGLAssetLoaderServi - Failed to load IMAGE
01:39:00.647 [JavaFX Application Thread] DEBUG PrimaryStageWindow   - Push state: DialogSubScene
01:39:00.647 [JavaFX Application Thread] DEBUG Input                - Clearing active input actions
01:39:00.647 [JavaFX Application Thread] DEBUG GameApplicationServi - Removing overlay from GameScene and adding to DialogSubScene
01:39:00.647 [JavaFX Application Thread] DEBUG PrimaryStageWindow   - GameScene -> DialogSubScene
01:39:02.275 [JavaFX Application Thread] DEBUG PrimaryStageWindow   - Pop state: DialogSubScene
01:39:02.275 [JavaFX Application Thread] DEBUG Input                - Clearing active input actions
01:39:02.275 [JavaFX Application Thread] DEBUG GameApplicationServi - Removing overlay from DialogSubScene and adding to GameScene
01:39:02.276 [JavaFX Application Thread] DEBUG PrimaryStageWindow   - GameScene <- DialogSubScene
01:39:02.668 [JavaFX Application Thread] WARN  FXGLAssetLoaderServi - Asset "/assets/textures/orange_particle.png" was not found!
01:39:02.668 [JavaFX Application Thread] WARN  FXGLAssetLoaderServi - Failed to load IMAGE
01:39:04.344 [JavaFX Application Thread] WARN  FXGLAssetLoaderServi - Asset "/assets/textures/orange_particle.png" was not found!
01:39:04.344 [JavaFX Application Thread] WARN  FXGLAssetLoaderServi - Failed to load IMAGE
01:39:05.973 [JavaFX Application Thread] WARN  FXGLAssetLoaderServi - Asset "/assets/textures/orange_particle.png" was not found!
01:39:05.974 [JavaFX Application Thread] WARN  FXGLAssetLoaderServi - Failed to load IMAGE
01:39:06.498 [JavaFX Application Thread] DEBUG LoopRunner           - Pausing loop
01:39:07.478 [JavaFX Application Thread] DEBUG LoopRunner           - Resuming loop
01:39:07.490 [JavaFX Application Thread] DEBUG GameWorld            - Game world initialized
01:39:07.490 [JavaFX Application Thread] DEBUG PhysicsWorld         - Physics world initialized: appHeight=720, physics.ppm=50.0
01:39:07.490 [JavaFX Application Thread] DEBUG PhysicsWorld         - Using strategy: BRUTE_FORCE
01:39:07.490 [JavaFX Application Thread] DEBUG GameScene            - Game scene initialized: 1280x720
01:39:07.499 [JavaFX Application Thread] DEBUG PrimaryStageWindow   - Push state: MainMenuScene
01:39:07.530 [JavaFX Application Thread] DEBUG Input                - Clearing active input actions
01:39:07.531 [JavaFX Application Thread] DEBUG GameApplicationServi - Removing overlay from GameScene and adding to MainMenuScene
01:39:07.531 [JavaFX Application Thread] DEBUG PrimaryStageWindow   - GameScene -> MainMenuScene
01:39:10.764 [JavaFX Application Thread] DEBUG GameApplicationServi - Starting new game
01:39:10.764 [JavaFX Application Thread] DEBUG PrimaryStageWindow   - Pop state: MainMenuScene
01:39:10.764 [JavaFX Application Thread] DEBUG Input                - Clearing active input actions
01:39:10.764 [JavaFX Application Thread] DEBUG GameApplicationServi - Removing overlay from MainMenuScene and adding to GameScene
01:39:10.764 [JavaFX Application Thread] DEBUG PrimaryStageWindow   - GameScene <- MainMenuScene
01:39:10.764 [JavaFX Application Thread] DEBUG Input                - Clearing active input actions
01:39:10.768 [JavaFX Application Thread] DEBUG GameApplicationServi - Removing overlay from GameScene and adding to FXGLLoadingScene
01:39:10.768 [JavaFX Application Thread] DEBUG PrimaryStageWindow   - GameScene -> FXGLLoadingScene
01:39:10.768 [JavaFX Application Thread] DEBUG GameApplicationServi - Clearing previous game
01:39:10.768 [JavaFX Application Thread] DEBUG GameScene            - Clearing game scene
01:39:10.768 [JavaFX Application Thread] DEBUG GameWorld            - Clearing game world
01:39:10.768 [JavaFX Application Thread] WARN  GameWorld            - Attempted to remove entity which is not active
01:39:10.768 [JavaFX Application Thread] WARN  GameWorld            - Attempted to remove entity which is not active
01:39:10.769 [JavaFX Application Thread] DEBUG PhysicsWorld         - Clearing physics world
01:39:10.769 [FXGL Background Thread 2 ] DEBUG FXGLApplication      - Initializing game
01:39:10.777 [FXGL Background Thread 2 ] INFO  FXGLApplication      - Game initialization took: 0.007 sec
01:39:10.777 [JavaFX Application Thread] DEBUG Input                - Clearing active input actions
01:39:10.780 [JavaFX Application Thread] DEBUG GameApplicationServi - Removing overlay from FXGLLoadingScene and adding to GameScene
01:39:10.780 [JavaFX Application Thread] DEBUG PrimaryStageWindow   - FXGLLoadingScene -> GameScene
01:39:13.287 [JavaFX Application Thread] DEBUG GameWorld            - Game world initialized
01:39:13.287 [JavaFX Application Thread] DEBUG PhysicsWorld         - Physics world initialized: appHeight=720, physics.ppm=50.0
01:39:13.287 [JavaFX Application Thread] DEBUG PhysicsWorld         - Using strategy: BRUTE_FORCE
01:39:13.287 [JavaFX Application Thread] DEBUG GameScene            - Game scene initialized: 1280x720
01:39:13.299 [JavaFX Application Thread] DEBUG PrimaryStageWindow   - Push state: PauseScene
01:39:13.299 [JavaFX Application Thread] DEBUG Input                - Clearing active input actions
01:39:13.302 [JavaFX Application Thread] DEBUG GameApplicationServi - Removing overlay from GameScene and adding to PauseScene
01:39:13.302 [JavaFX Application Thread] DEBUG PrimaryStageWindow   - GameScene -> PauseScene
01:39:15.826 [JavaFX Application Thread] DEBUG PrimaryStageWindow   - Pop state: PauseScene
01:39:15.826 [JavaFX Application Thread] DEBUG Input                - Clearing active input actions
01:39:15.826 [JavaFX Application Thread] DEBUG GameApplicationServi - Removing overlay from PauseScene and adding to GameScene
01:39:15.826 [JavaFX Application Thread] DEBUG PrimaryStageWindow   - GameScene <- PauseScene
01:39:15.870 [JavaFX Application Thread] DEBUG GameWorld            - Game world initialized
01:39:15.871 [JavaFX Application Thread] DEBUG PhysicsWorld         - Physics world initialized: appHeight=720, physics.ppm=50.0
01:39:15.871 [JavaFX Application Thread] DEBUG PhysicsWorld         - Using strategy: BRUTE_FORCE
01:39:15.871 [JavaFX Application Thread] DEBUG GameScene            - Game scene initialized: 1280x720
01:39:15.885 [JavaFX Application Thread] DEBUG PrimaryStageWindow   - Push state: MainMenuScene
01:39:15.922 [JavaFX Application Thread] DEBUG Input                - Clearing active input actions
01:39:15.923 [JavaFX Application Thread] DEBUG GameApplicationServi - Removing overlay from GameScene and adding to MainMenuScene
01:39:15.923 [JavaFX Application Thread] DEBUG PrimaryStageWindow   - GameScene -> MainMenuScene
01:39:16.926 [JavaFX Application Thread] DEBUG GameWorld            - Game world initialized
01:39:16.926 [JavaFX Application Thread] DEBUG PhysicsWorld         - Physics world initialized: appHeight=720, physics.ppm=50.0
01:39:16.926 [JavaFX Application Thread] DEBUG PhysicsWorld         - Using strategy: BRUTE_FORCE
01:39:16.926 [JavaFX Application Thread] DEBUG GameScene            - Game scene initialized: 1280x720
01:39:16.932 [JavaFX Application Thread] DEBUG PrimaryStageWindow   - Push state: SettingsScene
01:39:16.932 [JavaFX Application Thread] DEBUG Input                - Clearing active input actions
01:39:16.933 [JavaFX Application Thread] DEBUG GameApplicationServi - Removing overlay from MainMenuScene and adding to SettingsScene
01:39:16.933 [JavaFX Application Thread] DEBUG PrimaryStageWindow   - MainMenuScene -> SettingsScene
01:39:17.576 [JavaFX Application Thread] DEBUG PrimaryStageWindow   - Pop state: SettingsScene
01:39:17.576 [JavaFX Application Thread] DEBUG Input                - Clearing active input actions
01:39:17.576 [JavaFX Application Thread] DEBUG GameApplicationServi - Removing overlay from SettingsScene and adding to MainMenuScene
01:39:17.576 [JavaFX Application Thread] DEBUG PrimaryStageWindow   - MainMenuScene <- SettingsScene
01:39:18.079 [JavaFX Application Thread] DEBUG GameWorld            - Game world initialized
01:39:18.080 [JavaFX Application Thread] DEBUG PhysicsWorld         - Physics world initialized: appHeight=720, physics.ppm=50.0
01:39:18.080 [JavaFX Application Thread] DEBUG PhysicsWorld         - Using strategy: BRUTE_FORCE
01:39:18.080 [JavaFX Application Thread] DEBUG GameScene            - Game scene initialized: 1280x720
01:39:18.083 [JavaFX Application Thread] DEBUG PrimaryStageWindow   - Push state: SettingsScene
01:39:18.084 [JavaFX Application Thread] DEBUG Input                - Clearing active input actions
01:39:18.084 [JavaFX Application Thread] DEBUG GameApplicationServi - Removing overlay from MainMenuScene and adding to SettingsScene
01:39:18.084 [JavaFX Application Thread] DEBUG PrimaryStageWindow   - MainMenuScene -> SettingsScene
01:39:19.405 [JavaFX Application Thread] DEBUG PrimaryStageWindow   - Pop state: SettingsScene
01:39:19.405 [JavaFX Application Thread] DEBUG Input                - Clearing active input actions
01:39:19.405 [JavaFX Application Thread] DEBUG GameApplicationServi - Removing overlay from SettingsScene and adding to MainMenuScene
01:39:19.405 [JavaFX Application Thread] DEBUG PrimaryStageWindow   - MainMenuScene <- SettingsScene
01:39:20.041 [JavaFX Application Thread] DEBUG GameWorld            - Game world initialized
01:39:20.042 [JavaFX Application Thread] DEBUG PhysicsWorld         - Physics world initialized: appHeight=720, physics.ppm=50.0
01:39:20.042 [JavaFX Application Thread] DEBUG PhysicsWorld         - Using strategy: BRUTE_FORCE
01:39:20.042 [JavaFX Application Thread] DEBUG GameScene            - Game scene initialized: 1280x720
01:39:20.046 [JavaFX Application Thread] DEBUG PrimaryStageWindow   - Push state: SettingsScene
01:39:20.046 [JavaFX Application Thread] DEBUG Input                - Clearing active input actions
01:39:20.047 [JavaFX Application Thread] DEBUG GameApplicationServi - Removing overlay from MainMenuScene and adding to SettingsScene
01:39:20.047 [JavaFX Application Thread] DEBUG PrimaryStageWindow   - MainMenuScene -> SettingsScene
01:39:20.850 [JavaFX Application Thread] DEBUG PrimaryStageWindow   - Pop state: SettingsScene
01:39:20.850 [JavaFX Application Thread] DEBUG Input                - Clearing active input actions
01:39:20.850 [JavaFX Application Thread] DEBUG GameApplicationServi - Removing overlay from SettingsScene and adding to MainMenuScene
01:39:20.850 [JavaFX Application Thread] DEBUG PrimaryStageWindow   - MainMenuScene <- SettingsScene
01:39:21.342 [JavaFX Application Thread] DEBUG PrimaryStageWindow   - Push state: DialogSubScene
01:39:21.342 [JavaFX Application Thread] DEBUG Input                - Clearing active input actions
01:39:21.344 [JavaFX Application Thread] DEBUG GameApplicationServi - Removing overlay from MainMenuScene and adding to DialogSubScene
01:39:21.344 [JavaFX Application Thread] DEBUG PrimaryStageWindow   - MainMenuScene -> DialogSubScene
01:39:22.164 [JavaFX Application Thread] DEBUG PrimaryStageWindow   - Pop state: DialogSubScene
01:39:22.164 [JavaFX Application Thread] DEBUG Input                - Clearing active input actions
01:39:22.165 [JavaFX Application Thread] DEBUG GameApplicationServi - Removing overlay from DialogSubScene and adding to MainMenuScene
01:39:22.165 [JavaFX Application Thread] DEBUG PrimaryStageWindow   - MainMenuScene <- DialogSubScene
01:39:22.165 [JavaFX Application Thread] DEBUG GameWorld            - Game world initialized
01:39:22.165 [JavaFX Application Thread] DEBUG PhysicsWorld         - Physics world initialized: appHeight=720, physics.ppm=50.0
01:39:22.165 [JavaFX Application Thread] DEBUG PhysicsWorld         - Using strategy: BRUTE_FORCE
01:39:22.165 [JavaFX Application Thread] DEBUG GameScene            - Game scene initialized: 1280x720
01:39:22.174 [JavaFX Application Thread] DEBUG PrimaryStageWindow   - Push state: MainMenuScene
01:39:22.204 [JavaFX Application Thread] DEBUG Input                - Clearing active input actions
01:39:22.204 [JavaFX Application Thread] DEBUG GameApplicationServi - Removing overlay from MainMenuScene and adding to MainMenuScene
01:39:22.204 [JavaFX Application Thread] DEBUG PrimaryStageWindow   - MainMenuScene -> MainMenuScene
01:39:25.666 [JavaFX Application Thread] DEBUG PrimaryStageWindow   - Push state: DialogSubScene
01:39:25.666 [JavaFX Application Thread] DEBUG Input                - Clearing active input actions
01:39:25.667 [JavaFX Application Thread] DEBUG GameApplicationServi - Removing overlay from MainMenuScene and adding to DialogSubScene
01:39:25.667 [JavaFX Application Thread] DEBUG PrimaryStageWindow   - MainMenuScene -> DialogSubScene
01:39:27.238 [JavaFX Application Thread] DEBUG PrimaryStageWindow   - Pop state: DialogSubScene
01:39:27.238 [JavaFX Application Thread] DEBUG Input                - Clearing active input actions
01:39:27.238 [JavaFX Application Thread] DEBUG GameApplicationServi - Removing overlay from DialogSubScene and adding to MainMenuScene
01:39:27.238 [JavaFX Application Thread] DEBUG PrimaryStageWindow   - MainMenuScene <- DialogSubScene
01:39:27.238 [JavaFX Application Thread] DEBUG GameWorld            - Game world initialized
01:39:27.239 [JavaFX Application Thread] DEBUG PhysicsWorld         - Physics world initialized: appHeight=720, physics.ppm=50.0
01:39:27.239 [JavaFX Application Thread] DEBUG PhysicsWorld         - Using strategy: BRUTE_FORCE
01:39:27.239 [JavaFX Application Thread] DEBUG GameScene            - Game scene initialized: 1280x720
01:39:27.246 [JavaFX Application Thread] DEBUG PrimaryStageWindow   - Push state: MainMenuScene
01:39:27.279 [JavaFX Application Thread] DEBUG Input                - Clearing active input actions
01:39:27.283 [JavaFX Application Thread] DEBUG GameApplicationServi - Removing overlay from MainMenuScene and adding to MainMenuScene
01:39:27.283 [JavaFX Application Thread] DEBUG PrimaryStageWindow   - MainMenuScene -> MainMenuScene
01:39:39.825 [JavaFX Application Thread] DEBUG GameApplicationServi - Starting new game
01:39:39.825 [JavaFX Application Thread] DEBUG PrimaryStageWindow   - Pop state: MainMenuScene
01:39:39.825 [JavaFX Application Thread] DEBUG Input                - Clearing active input actions
01:39:39.826 [JavaFX Application Thread] DEBUG GameApplicationServi - Removing overlay from MainMenuScene and adding to MainMenuScene
01:39:39.826 [JavaFX Application Thread] DEBUG PrimaryStageWindow   - MainMenuScene <- MainMenuScene
01:39:39.902 [JavaFX Application Thread] DEBUG PrimaryStageWindow   - Pop state: MainMenuScene
01:39:39.902 [JavaFX Application Thread] DEBUG Input                - Clearing active input actions
01:39:39.903 [JavaFX Application Thread] DEBUG GameApplicationServi - Removing overlay from MainMenuScene and adding to MainMenuScene
01:39:39.903 [JavaFX Application Thread] DEBUG PrimaryStageWindow   - MainMenuScene <- MainMenuScene
01:39:39.954 [JavaFX Application Thread] DEBUG PrimaryStageWindow   - Pop state: MainMenuScene
01:39:39.954 [JavaFX Application Thread] DEBUG Input                - Clearing active input actions
01:39:39.954 [JavaFX Application Thread] DEBUG GameApplicationServi - Removing overlay from MainMenuScene and adding to GameScene
01:39:39.954 [JavaFX Application Thread] DEBUG PrimaryStageWindow   - GameScene <- MainMenuScene
01:39:39.954 [JavaFX Application Thread] DEBUG Input                - Clearing active input actions
01:39:39.958 [JavaFX Application Thread] DEBUG GameApplicationServi - Removing overlay from GameScene and adding to FXGLLoadingScene
01:39:39.958 [JavaFX Application Thread] DEBUG PrimaryStageWindow   - GameScene -> FXGLLoadingScene
01:39:39.958 [JavaFX Application Thread] DEBUG GameApplicationServi - Clearing previous game
01:39:39.958 [JavaFX Application Thread] DEBUG GameScene            - Clearing game scene
01:39:39.958 [JavaFX Application Thread] DEBUG GameWorld            - Clearing game world
01:39:39.959 [JavaFX Application Thread] DEBUG PhysicsWorld         - Clearing physics world
01:39:39.959 [FXGL Background Thread 2 ] DEBUG FXGLApplication      - Initializing game
01:39:39.969 [FXGL Background Thread 2 ] INFO  FXGLApplication      - Game initialization took: 0.010 sec
01:39:39.974 [JavaFX Application Thread] DEBUG Input                - Clearing active input actions
01:39:39.979 [JavaFX Application Thread] DEBUG GameApplicationServi - Removing overlay from FXGLLoadingScene and adding to GameScene
01:39:39.979 [JavaFX Application Thread] DEBUG PrimaryStageWindow   - FXGLLoadingScene -> GameScene
01:39:41.099 [JavaFX Application Thread] DEBUG FXGLApplication      - Exiting FXGL
01:39:41.099 [JavaFX Application Thread] DEBUG LoopRunner           - Stopping loop
01:39:41.099 [JavaFX Application Thread] DEBUG SystemBundleService  - Saving FXGL system data
01:39:41.101 [JavaFX Application Thread] DEBUG FileSystemAccess     - Writing to: F:\my files\School\2nd year 2nd sem\TheOnlyException\system\fxgl.bundle
01:39:41.525 [JavaFX Application Thread] DEBUG Async                - Shutting down background threads
01:39:41.525 [JavaFX Application Thread] DEBUG PrimaryStageWindow   - Closing main window
01:39:41.540 [JavaFX Application Thread] DEBUG Logger               - Closing Logger
