09:21:12.923 [main                     ] DEBUG Logger               - Configured Logger
09:21:12.939 [main                     ] DEBUG GameApplication      - Logging settings
Title: Prototype Game
Version: 0.1.5
Width: 1280
Height: 720
Fullscreen: false
Intro: false
Profiling: false
Single step:false
App Mode: DEVELOPER
Menu Key: ESCAPE
Stage Style: DECORATED
Scene Factory: class org.example.core.GameApp$1

09:21:14.458 [JavaFX Application Thread] DEBUG FXGLApplication      - Initializing FXGL
09:21:14.468 [JavaFX Application Thread] INFO  Engine               - FXGL-21+dev-SNAPSHOT (26.03.2024 21.04) on WINDOWS (J:24 FX:21.0.1)
09:21:14.469 [JavaFX Application Thread] DEBUG Engine               - JRE Vendor Name: Oracle Corporation
09:21:14.469 [JavaFX Application Thread] DEBUG Engine               - Running on OS: Windows 11 version 10.0
09:21:14.470 [JavaFX Application Thread] DEBUG Engine               - Architecture: amd64
09:21:14.470 [JavaFX Application Thread] INFO  Engine               - Source code and latest versions at: https://github.com/AlmasB/FXGL
09:21:14.470 [JavaFX Application Thread] INFO  Engine               -       Ask questions and discuss at: https://github.com/AlmasB/FXGL/discussions
09:21:14.470 [JavaFX Application Thread] INFO  Engine               -              Join the FXGL chat at: https://gitter.im/AlmasB/FXGL
09:21:15.042 [JavaFX Application Thread] DEBUG PrimaryStageWindow   - Creating a JavaFX scene
09:21:15.254 [JavaFX Application Thread] DEBUG PrimaryStageWindow   - Target settings size: 1280.0 x 720.0
09:21:15.254 [JavaFX Application Thread] DEBUG PrimaryStageWindow   - Scaled scene size:    1280.0 x 720.0
09:21:15.254 [JavaFX Application Thread] DEBUG PrimaryStageWindow   - Scaled ratio: (1.0, 1.0)
09:21:15.257 [JavaFX Application Thread] DEBUG PrimaryStageWindow   - Set initial scene to FXGLStartupScene
09:21:15.271 [JavaFX Application Thread] DEBUG PrimaryStageWindow   - Opening main window
09:21:15.582 [JavaFX Application Thread] DEBUG PrimaryStageWindow   - Window border size: (14.4000244140625, 37.5999755859375)
09:21:15.582 [JavaFX Application Thread] DEBUG PrimaryStageWindow   - Scaled size: 1280.0 x 720.0
09:21:15.583 [JavaFX Application Thread] DEBUG PrimaryStageWindow   - Scaled ratio: (1.0, 1.0)
09:21:15.583 [JavaFX Application Thread] DEBUG PrimaryStageWindow   - Scene size: 1280.0 x 720.0
09:21:15.583 [JavaFX Application Thread] DEBUG PrimaryStageWindow   - Stage size: 1294.4000244140625 x 757.5999755859375
09:21:15.638 [FXGL Background Thread 1 ] DEBUG Engine               - Initializing environment variables
09:21:15.839 [FXGL Background Thread 1 ] DEBUG FXGLAssetLoaderServi - User app class for loading assets: class org.example.core.GameApp
09:21:15.840 [FXGL Background Thread 1 ] DEBUG GameApplicationServi - Applying CSS: fxgl_dark.css
09:21:15.847 [FXGL Background Thread 1 ] DEBUG FXGLAssetLoaderServi - Loading from file system: jar:file:/C:/Users/ginac/.m2/repository/com/github/AlmasB/FXGL/fxgl/21.1/fxgl-21.1.jar!/fxglassets/ui/css/fxgl_dark.css
09:21:16.083 [FXGL Background Thread 1 ] DEBUG GameApplicationServi - Initializing application scenes
09:21:16.418 [FXGL Background Thread 1 ] DEBUG GameWorld            - Game world initialized
09:21:16.638 [FXGL Background Thread 1 ] DEBUG PhysicsWorld         - Physics world initialized: appHeight=720, physics.ppm=50.0
09:21:16.639 [FXGL Background Thread 1 ] DEBUG PhysicsWorld         - Using strategy: BRUTE_FORCE
09:21:16.653 [FXGL Background Thread 1 ] DEBUG GameScene            - Game scene initialized: 1280x720
09:21:17.655 [FXGL Background Thread 1 ] DEBUG GameApplicationServi - Application scenes initialized
09:21:17.731 [FXGL Background Thread 1 ] DEBUG SystemBundleService  - Loading FXGL system data
09:21:17.736 [FXGL Background Thread 1 ] DEBUG FileSystemAccess     - Reading from: C:\Users\ginac\IdeaProjects\TheOnlyException3\system\fxgl.bundle
09:21:17.748 [FXGL Background Thread 1 ] DEBUG SystemBundleService  - Bundle FXGL: {}
09:21:17.748 [FXGL Background Thread 1 ] DEBUG UpdaterService       - Checking for updates
09:21:17.768 [FXGL Background Thread 4 ] DEBUG FXGLApplication      - Loading fonts
09:21:17.769 [FXGL Background Thread 4 ] DEBUG FXGLAssetLoaderServi - Loading from file system: jar:file:/C:/Users/ginac/.m2/repository/com/github/AlmasB/FXGL/fxgl-samples/21.1/fxgl-samples-21.1.jar!/assets/ui/fonts/VarelaRound-Regular.ttf
09:21:17.772 [FXGL Background Thread 1 ] DEBUG FXGLApplication      - Loading default localization
09:21:17.775 [FXGL Background Thread 1 ] DEBUG FXGLAssetLoaderServi - Loading from file system: jar:file:/C:/Users/ginac/.m2/repository/com/github/AlmasB/FXGL/fxgl/21.1/fxgl-21.1.jar!/fxglassets/languages/english.lang
09:21:17.826 [FXGL Background Thread 4 ] DEBUG FXGLAssetLoaderServi - Loading from file system: jar:file:/C:/Users/ginac/.m2/repository/com/github/AlmasB/FXGL/fxgl/21.1/fxgl-21.1.jar!/fxglassets/ui/fonts/Abel-Regular.ttf
09:21:17.845 [FXGL Background Thread 4 ] DEBUG FXGLAssetLoaderServi - Loading from file system: jar:file:/C:/Users/ginac/.m2/repository/com/github/AlmasB/FXGL/fxgl/21.1/fxgl-21.1.jar!/fxglassets/ui/fonts/TerminalLandMono-Regular.otf
09:21:17.865 [FXGL Background Thread 4 ] DEBUG FXGLAssetLoaderServi - Loading from file system: jar:file:/C:/Users/ginac/.m2/repository/com/github/AlmasB/FXGL/fxgl/21.1/fxgl-21.1.jar!/fxglassets/ui/fonts/Courier-Prime.ttf
09:21:17.888 [FXGL Background Thread 1 ] INFO  FXGLApplication      - FXGL initialization took: 2.249 sec
09:21:17.918 [JavaFX Application Thread] DEBUG Input                - Registered new binding: action0 - A
09:21:17.920 [JavaFX Application Thread] DEBUG Input                - Registered new binding: action1 - D
09:21:17.922 [JavaFX Application Thread] DEBUG Input                - Registered new binding: action2 - W
09:21:17.925 [JavaFX Application Thread] DEBUG Input                - Registered new binding: action3 - S
09:21:17.928 [JavaFX Application Thread] DEBUG FXGLAssetLoaderServi - Loading from file system: jar:file:/C:/Users/ginac/.m2/repository/com/github/AlmasB/FXGL/fxgl/21.1/fxgl-21.1.jar!/fxglassets/textures/fxgl_icon.png
09:21:18.240 [JavaFX Application Thread] DEBUG FXGLAssetLoaderServi - Loading from file system: jar:file:/C:/Users/ginac/.m2/repository/com/github/AlmasB/FXGL/fxgl/21.1/fxgl-21.1.jar!/fxglassets/textures/fxgl_default_cursor.png
09:21:18.251 [JavaFX Application Thread] DEBUG Input                - Registered new binding: Screenshot - CTRL+8
09:21:18.253 [JavaFX Application Thread] DEBUG Input                - Registered new binding: System info dump - CTRL+9
09:21:18.256 [JavaFX Application Thread] DEBUG Input                - Registered new binding: Restart - CTRL+R
09:21:18.260 [JavaFX Application Thread] DEBUG Input                - Registered new binding: Toggle Debug Camera - CTRL+7
09:21:18.279 [JavaFX Application Thread] DEBUG LoopRunner           - Starting loop
09:21:18.280 [JavaFX Application Thread] DEBUG LoopRunner           - Initializing JavaFX AnimationTimerLoop
09:21:18.297 [JavaFX Application Thread] DEBUG Input                - Clearing active input actions
09:21:18.324 [JavaFX Application Thread] DEBUG GameApplicationServi - Removing overlay from FXGLStartupScene and adding to FXGLMainMenuDummyScene
09:21:18.325 [JavaFX Application Thread] DEBUG PrimaryStageWindow   - FXGLStartupScene -> FXGLMainMenuDummyScene
09:21:18.326 [JavaFX Application Thread] DEBUG PrimaryStageWindow   - Push state: LoginScene
09:21:18.329 [JavaFX Application Thread] DEBUG Input                - Clearing active input actions
09:21:18.406 [JavaFX Application Thread] DEBUG GameApplicationServi - Removing overlay from FXGLMainMenuDummyScene and adding to LoginScene
09:21:18.408 [JavaFX Application Thread] DEBUG PrimaryStageWindow   - FXGLMainMenuDummyScene -> LoginScene
09:21:18.409 [JavaFX Application Thread] DEBUG FXGLApplication      - Registering font factories with UI factory
09:21:19.936 [FXGL Background Thread 2 ] INFO  UpdaterService       - Your current version:  21+dev-SNAPSHOT
09:21:19.937 [FXGL Background Thread 2 ] INFO  UpdaterService       - Latest stable version: 21.1
09:21:20.760 [FXGL Background Thread 3 ] DEBUG Engine               - Logging environment variables
09:21:20.762 [FXGL Background Thread 3 ] DEBUG Engine               - achievements: []
09:21:20.763 [FXGL Background Thread 3 ] DEBUG Engine               - actualHeight: 720.0
09:21:20.763 [FXGL Background Thread 3 ] DEBUG Engine               - actualHeightProperty: ReadOnlyDoubleProperty [value: 720.0]
09:21:20.763 [FXGL Background Thread 3 ] DEBUG Engine               - actualWidth: 1280.0
09:21:20.763 [FXGL Background Thread 3 ] DEBUG Engine               - actualWidthProperty: ReadOnlyDoubleProperty [value: 1280.0]
09:21:20.764 [FXGL Background Thread 3 ] DEBUG Engine               - appIcon: fxgl_icon.png
09:21:20.764 [FXGL Background Thread 3 ] DEBUG Engine               - applicationMode: DEVELOPER
09:21:20.764 [FXGL Background Thread 3 ] DEBUG Engine               - cSSList: [fxgl_dark.css]
09:21:20.764 [FXGL Background Thread 3 ] DEBUG Engine               - collisionDetectionStrategy: BRUTE_FORCE
09:21:20.764 [FXGL Background Thread 3 ] DEBUG Engine               - configClass: Optional.empty
09:21:20.764 [FXGL Background Thread 3 ] DEBUG Engine               - credits: []
09:21:20.775 [FXGL Background Thread 3 ] DEBUG Engine               - defaultCursor: CursorInfo(imageName=fxgl_default_cursor.png, hotspotX=7.0, hotspotY=6.0)
09:21:20.776 [FXGL Background Thread 3 ] DEBUG Engine               - devBBoxColorProperty: ObjectProperty [value: 0xff0000ff]
09:21:20.776 [FXGL Background Thread 3 ] DEBUG Engine               - devEnableDebugCameraProperty: BooleanProperty [value: false]
09:21:20.777 [FXGL Background Thread 3 ] DEBUG Engine               - devSensorColorProperty: ObjectProperty [value: 0xffff00ff]
09:21:20.777 [FXGL Background Thread 3 ] DEBUG Engine               - devShowBBoxProperty: BooleanProperty [value: false]
09:21:20.777 [FXGL Background Thread 3 ] DEBUG Engine               - devShowPositionProperty: BooleanProperty [value: false]
09:21:20.777 [FXGL Background Thread 3 ] DEBUG Engine               - enabledMenuItems: []
09:21:20.777 [FXGL Background Thread 3 ] DEBUG Engine               - engineServices: [class com.almasb.fxgl.app.services.FXGLAssetLoaderService, class com.almasb.fxgl.app.FXGLApplication$GameApplicationService, class com.almasb.fxgl.app.services.FXGLDialogService, class com.almasb.fxgl.app.services.IOTaskExecutorService, class com.almasb.fxgl.io.FileSystemService, class com.almasb.fxgl.localization.LocalizationService, class com.almasb.fxgl.app.services.SystemBundleService, class com.almasb.fxgl.profile.SaveLoadService, class com.almasb.fxgl.ui.FXGLUIFactoryServiceProvider, class com.almasb.fxgl.ui.FXGLDialogFactoryServiceProvider, class com.almasb.fxgl.audio.AudioPlayer, class com.almasb.fxgl.notification.impl.NotificationServiceProvider, class com.almasb.fxgl.achievement.AchievementService, class com.almasb.fxgl.cutscene.CutsceneService, class com.almasb.fxgl.minigames.MiniGameService, class com.almasb.fxgl.net.NetService, class com.almasb.fxgl.app.services.UpdaterService, class com.almasb.fxgl.dev.DevService]
09:21:20.777 [FXGL Background Thread 3 ] DEBUG Engine               - fontGame: Abel-Regular.ttf
09:21:20.778 [FXGL Background Thread 3 ] DEBUG Engine               - fontMono: TerminalLandMono-Regular.otf
09:21:20.778 [FXGL Background Thread 3 ] DEBUG Engine               - fontSizeScaleUI: 1.0
09:21:20.778 [FXGL Background Thread 3 ] DEBUG Engine               - fontText: Courier-Prime.ttf
09:21:20.778 [FXGL Background Thread 3 ] DEBUG Engine               - fontUI: VarelaRound-Regular.ttf
09:21:20.778 [FXGL Background Thread 3 ] DEBUG Engine               - fullScreen: BooleanProperty [value: false]
09:21:20.778 [FXGL Background Thread 3 ] DEBUG Engine               - gameDifficulty: MEDIUM
09:21:20.778 [FXGL Background Thread 3 ] DEBUG Engine               - gameDifficultyProperty: ObjectProperty [value: MEDIUM]
09:21:20.779 [FXGL Background Thread 3 ] DEBUG Engine               - globalMusicVolume: 0.5
09:21:20.779 [FXGL Background Thread 3 ] DEBUG Engine               - globalMusicVolumeProperty: DoubleProperty [value: 0.5]
09:21:20.779 [FXGL Background Thread 3 ] DEBUG Engine               - globalSoundVolume: 0.5
09:21:20.779 [FXGL Background Thread 3 ] DEBUG Engine               - globalSoundVolumeProperty: DoubleProperty [value: 0.5]
09:21:20.779 [FXGL Background Thread 3 ] DEBUG Engine               - height: 720
09:21:20.780 [FXGL Background Thread 3 ] DEBUG Engine               - is3D: false
09:21:20.780 [FXGL Background Thread 3 ] DEBUG Engine               - isAndroid: false
09:21:20.780 [FXGL Background Thread 3 ] DEBUG Engine               - isBrowser: false
09:21:20.780 [FXGL Background Thread 3 ] DEBUG Engine               - isClickFeedbackEnabled: false
09:21:20.780 [FXGL Background Thread 3 ] DEBUG Engine               - isCloseConfirmation: false
09:21:20.780 [FXGL Background Thread 3 ] DEBUG Engine               - isDesktop: true
09:21:20.780 [FXGL Background Thread 3 ] DEBUG Engine               - isDeveloperMenuEnabled: false
09:21:20.780 [FXGL Background Thread 3 ] DEBUG Engine               - isEmbedded: false
09:21:20.780 [FXGL Background Thread 3 ] DEBUG Engine               - isEntityPreloadEnabled: true
09:21:20.781 [FXGL Background Thread 3 ] DEBUG Engine               - isExperimentalTiledLargeMap: false
09:21:20.781 [FXGL Background Thread 3 ] DEBUG Engine               - isFileSystemWriteAllowed: true
09:21:20.781 [FXGL Background Thread 3 ] DEBUG Engine               - isFullScreenAllowed: false
09:21:20.781 [FXGL Background Thread 3 ] DEBUG Engine               - isFullScreenFromStart: false
09:21:20.782 [FXGL Background Thread 3 ] DEBUG Engine               - isGameMenuEnabled: false
09:21:20.782 [FXGL Background Thread 3 ] DEBUG Engine               - isIOS: false
09:21:20.782 [FXGL Background Thread 3 ] DEBUG Engine               - isIntroEnabled: false
09:21:20.782 [FXGL Background Thread 3 ] DEBUG Engine               - isLinux: false
09:21:20.782 [FXGL Background Thread 3 ] DEBUG Engine               - isMac: false
09:21:20.782 [FXGL Background Thread 3 ] DEBUG Engine               - isMainMenuEnabled: true
09:21:20.782 [FXGL Background Thread 3 ] DEBUG Engine               - isManualResizeEnabled: false
09:21:20.782 [FXGL Background Thread 3 ] DEBUG Engine               - isMobile: false
09:21:20.782 [FXGL Background Thread 3 ] DEBUG Engine               - isNative: false
09:21:20.783 [FXGL Background Thread 3 ] DEBUG Engine               - isPauseMusicWhenMinimized: true
09:21:20.783 [FXGL Background Thread 3 ] DEBUG Engine               - isPreserveResizeRatio: false
09:21:20.783 [FXGL Background Thread 3 ] DEBUG Engine               - isProfilingEnabled: false
09:21:20.783 [FXGL Background Thread 3 ] DEBUG Engine               - isScaleAffectedOnResize: true
09:21:20.783 [FXGL Background Thread 3 ] DEBUG Engine               - isSingleStep: false
09:21:20.783 [FXGL Background Thread 3 ] DEBUG Engine               - isUserProfileEnabled: false
09:21:20.783 [FXGL Background Thread 3 ] DEBUG Engine               - isWindows: true
09:21:20.784 [FXGL Background Thread 3 ] DEBUG Engine               - language: ObjectProperty [value: ENGLISH]
09:21:20.784 [FXGL Background Thread 3 ] DEBUG Engine               - menuKey: ESCAPE
09:21:20.785 [FXGL Background Thread 3 ] DEBUG Engine               - mouseSensitivity: 0.2
09:21:20.785 [FXGL Background Thread 3 ] DEBUG Engine               - notificationViewClass: class com.almasb.fxgl.notification.view.XboxNotificationView
09:21:20.785 [FXGL Background Thread 3 ] DEBUG Engine               - pixelsPerMeter: 50.0
09:21:20.785 [FXGL Background Thread 3 ] DEBUG Engine               - platform: WINDOWS
09:21:20.786 [FXGL Background Thread 3 ] DEBUG Engine               - prefHeightProperty: ReadOnlyDoubleProperty [value: 720.0]
09:21:20.786 [FXGL Background Thread 3 ] DEBUG Engine               - prefWidthProperty: ReadOnlyDoubleProperty [value: 1280.0]
09:21:20.786 [FXGL Background Thread 3 ] DEBUG Engine               - profileDir: profiles/
09:21:20.786 [FXGL Background Thread 3 ] DEBUG Engine               - profileName: StringProperty [value: DEFAULT]
09:21:20.787 [FXGL Background Thread 3 ] DEBUG Engine               - randomSeed: -1
09:21:20.787 [FXGL Background Thread 3 ] DEBUG Engine               - runtimeInfo: RuntimeInfo(platform=WINDOWS, version=21+dev-SNAPSHOT, build=26.03.2024 21.04)
09:21:20.788 [FXGL Background Thread 3 ] DEBUG Engine               - saveFileExt: sav
09:21:20.788 [FXGL Background Thread 3 ] DEBUG Engine               - scaledHeightProp$fxgl: DoubleProperty [bound, value: 720.0]
09:21:20.788 [FXGL Background Thread 3 ] DEBUG Engine               - scaledWidthProp$fxgl: DoubleProperty [bound, value: 1280.0]
09:21:20.788 [FXGL Background Thread 3 ] DEBUG Engine               - sceneFactory: org.example.core.GameApp$1@ccc40c6
09:21:20.788 [FXGL Background Thread 3 ] DEBUG Engine               - secondsIn24h: 60
09:21:20.788 [FXGL Background Thread 3 ] DEBUG Engine               - soundMenuBack: menu/back.wav
09:21:20.788 [FXGL Background Thread 3 ] DEBUG Engine               - soundMenuPress: menu/press.wav
09:21:20.788 [FXGL Background Thread 3 ] DEBUG Engine               - soundMenuSelect: menu/select.wav
09:21:20.789 [FXGL Background Thread 3 ] DEBUG Engine               - soundNotification: core/notification.wav
09:21:20.789 [FXGL Background Thread 3 ] DEBUG Engine               - stageStyle: DECORATED
09:21:20.789 [FXGL Background Thread 3 ] DEBUG Engine               - supportedLanguages: [ENGLISH, FRENCH, GERMAN, HUNGARIAN, RUSSIAN]
09:21:20.789 [FXGL Background Thread 3 ] DEBUG Engine               - ticksPerSecond: -1
09:21:20.789 [FXGL Background Thread 3 ] DEBUG Engine               - title: Prototype Game
09:21:20.790 [FXGL Background Thread 3 ] DEBUG Engine               - urlGithub: https://github.com/AlmasB/FXGL
09:21:20.790 [FXGL Background Thread 3 ] DEBUG Engine               - urlLeaderboard: http://fxgl-top.herokuapp.com/
09:21:20.790 [FXGL Background Thread 3 ] DEBUG Engine               - urlPOM: https://raw.githubusercontent.com/AlmasB/FXGL/release/README.md
09:21:20.790 [FXGL Background Thread 3 ] DEBUG Engine               - userAppClass: class org.example.core.GameApp
09:21:20.790 [FXGL Background Thread 3 ] DEBUG Engine               - version: 0.1.5
09:21:20.790 [FXGL Background Thread 3 ] DEBUG Engine               - versionCheckDays: 7
09:21:20.790 [FXGL Background Thread 3 ] DEBUG Engine               - width: 1280
09:21:20.791 [FXGL Background Thread 3 ] DEBUG Engine               - Logging services
09:21:20.791 [FXGL Background Thread 3 ] DEBUG Engine               - class com.almasb.fxgl.app.services.FXGLAssetLoaderService
09:21:20.791 [FXGL Background Thread 3 ] DEBUG Engine               - class com.almasb.fxgl.app.FXGLApplication$GameApplicationService
09:21:20.791 [FXGL Background Thread 3 ] DEBUG Engine               - class com.almasb.fxgl.app.services.FXGLDialogService
09:21:20.791 [FXGL Background Thread 3 ] DEBUG Engine               - class com.almasb.fxgl.app.services.IOTaskExecutorService
09:21:20.791 [FXGL Background Thread 3 ] DEBUG Engine               - class com.almasb.fxgl.io.FileSystemService
09:21:20.791 [FXGL Background Thread 3 ] DEBUG Engine               - class com.almasb.fxgl.localization.LocalizationService
09:21:20.792 [FXGL Background Thread 3 ] DEBUG Engine               - class com.almasb.fxgl.app.services.SystemBundleService
09:21:20.792 [FXGL Background Thread 3 ] DEBUG Engine               - class com.almasb.fxgl.profile.SaveLoadService
09:21:20.792 [FXGL Background Thread 3 ] DEBUG Engine               - class com.almasb.fxgl.ui.FXGLUIFactoryServiceProvider
09:21:20.792 [FXGL Background Thread 3 ] DEBUG Engine               - class com.almasb.fxgl.ui.FXGLDialogFactoryServiceProvider
09:21:20.792 [FXGL Background Thread 3 ] DEBUG Engine               - class com.almasb.fxgl.audio.AudioPlayer
09:21:20.792 [FXGL Background Thread 3 ] DEBUG Engine               - class com.almasb.fxgl.notification.impl.NotificationServiceProvider
09:21:20.792 [FXGL Background Thread 3 ] DEBUG Engine               - class com.almasb.fxgl.achievement.AchievementService
09:21:20.792 [FXGL Background Thread 3 ] DEBUG Engine               - class com.almasb.fxgl.cutscene.CutsceneService
09:21:20.792 [FXGL Background Thread 3 ] DEBUG Engine               - class com.almasb.fxgl.minigames.MiniGameService
09:21:20.793 [FXGL Background Thread 3 ] DEBUG Engine               - class com.almasb.fxgl.net.NetService
09:21:20.793 [FXGL Background Thread 3 ] DEBUG Engine               - class com.almasb.fxgl.app.services.UpdaterService
09:21:20.793 [FXGL Background Thread 3 ] DEBUG Engine               - class com.almasb.fxgl.dev.DevService
09:21:25.328 [JavaFX Application Thread] DEBUG GameWorld            - Game world initialized
09:21:25.330 [JavaFX Application Thread] DEBUG PhysicsWorld         - Physics world initialized: appHeight=720, physics.ppm=50.0
09:21:25.331 [JavaFX Application Thread] DEBUG PhysicsWorld         - Using strategy: BRUTE_FORCE
09:21:25.334 [JavaFX Application Thread] DEBUG GameScene            - Game scene initialized: 1280x720
09:21:25.463 [JavaFX Application Thread] DEBUG PrimaryStageWindow   - Push state: MainMenuScene
09:21:25.496 [JavaFX Application Thread] DEBUG Input                - Clearing active input actions
09:21:25.505 [JavaFX Application Thread] DEBUG GameApplicationServi - Removing overlay from LoginScene and adding to MainMenuScene
09:21:25.513 [JavaFX Application Thread] DEBUG PrimaryStageWindow   - LoginScene -> MainMenuScene
09:21:25.517 [JavaFX Application Thread] DEBUG GameWorld            - Game world initialized
09:21:25.519 [JavaFX Application Thread] DEBUG PhysicsWorld         - Physics world initialized: appHeight=720, physics.ppm=50.0
09:21:25.520 [JavaFX Application Thread] DEBUG PhysicsWorld         - Using strategy: BRUTE_FORCE
09:21:25.523 [JavaFX Application Thread] DEBUG GameScene            - Game scene initialized: 1280x720
09:21:25.587 [JavaFX Application Thread] DEBUG PrimaryStageWindow   - Push state: MainMenuScene
09:21:25.613 [JavaFX Application Thread] DEBUG Input                - Clearing active input actions
09:21:25.618 [JavaFX Application Thread] DEBUG GameApplicationServi - Removing overlay from MainMenuScene and adding to MainMenuScene
09:21:25.621 [JavaFX Application Thread] DEBUG PrimaryStageWindow   - MainMenuScene -> MainMenuScene
09:21:26.939 [JavaFX Application Thread] DEBUG GameApplicationServi - Starting new game
09:21:26.948 [JavaFX Application Thread] DEBUG PrimaryStageWindow   - Pop state: MainMenuScene
09:21:26.948 [JavaFX Application Thread] DEBUG Input                - Clearing active input actions
09:21:26.950 [JavaFX Application Thread] DEBUG GameApplicationServi - Removing overlay from MainMenuScene and adding to MainMenuScene
09:21:26.951 [JavaFX Application Thread] DEBUG PrimaryStageWindow   - MainMenuScene <- MainMenuScene
09:21:26.952 [JavaFX Application Thread] DEBUG PrimaryStageWindow   - Pop state: MainMenuScene
09:21:26.952 [JavaFX Application Thread] DEBUG Input                - Clearing active input actions
09:21:26.953 [JavaFX Application Thread] DEBUG GameApplicationServi - Removing overlay from MainMenuScene and adding to LoginScene
09:21:26.954 [JavaFX Application Thread] DEBUG PrimaryStageWindow   - LoginScene <- MainMenuScene
09:21:27.201 [JavaFX Application Thread] DEBUG PrimaryStageWindow   - Pop state: LoginScene
09:21:27.201 [JavaFX Application Thread] DEBUG Input                - Clearing active input actions
09:21:27.202 [JavaFX Application Thread] DEBUG GameApplicationServi - Removing overlay from LoginScene and adding to FXGLMainMenuDummyScene
09:21:27.202 [JavaFX Application Thread] DEBUG PrimaryStageWindow   - FXGLMainMenuDummyScene <- LoginScene
09:21:27.203 [JavaFX Application Thread] DEBUG Input                - Clearing active input actions
09:21:27.221 [JavaFX Application Thread] DEBUG GameApplicationServi - Removing overlay from FXGLMainMenuDummyScene and adding to FXGLLoadingScene
09:21:27.221 [JavaFX Application Thread] DEBUG PrimaryStageWindow   - FXGLMainMenuDummyScene -> FXGLLoadingScene
09:21:27.221 [JavaFX Application Thread] DEBUG GameApplicationServi - Clearing previous game
09:21:27.222 [JavaFX Application Thread] DEBUG GameScene            - Clearing game scene
09:21:27.222 [JavaFX Application Thread] DEBUG GameWorld            - Clearing game world
09:21:27.222 [JavaFX Application Thread] DEBUG PhysicsWorld         - Clearing physics world
09:21:27.225 [FXGL Background Thread 2 ] DEBUG FXGLApplication      - Initializing game
09:21:27.291 [FXGL Background Thread 2 ] DEBUG FXGLAssetLoaderServi - Loading from file system: file:/C:/Users/ginac/IdeaProjects/TheOnlyException3/Test/target/classes/assets/textures/dasd.png
09:21:27.399 [FXGL Background Thread 2 ] DEBUG FXGLAssetLoaderServi - Loading from file system: file:/C:/Users/ginac/IdeaProjects/TheOnlyException3/Test/target/classes/assets/textures/player-scaled.png
09:21:27.769 [FXGL Background Thread 2 ] INFO  FXGLApplication      - Game initialization took: 0.545 sec
09:21:27.773 [JavaFX Application Thread] DEBUG Input                - Clearing active input actions
09:21:27.813 [JavaFX Application Thread] DEBUG GameApplicationServi - Removing overlay from FXGLLoadingScene and adding to GameScene
09:21:27.814 [JavaFX Application Thread] DEBUG PrimaryStageWindow   - FXGLLoadingScene -> GameScene
09:21:28.267 [JavaFX Application Thread] DEBUG FXGLAssetLoaderServi - Loading from file system: file:/C:/Users/ginac/IdeaProjects/TheOnlyException3/Test/target/classes/assets/textures/MaggotWalk-scaled.png
09:21:28.292 [JavaFX Application Thread] DEBUG FXGLAssetLoaderServi - Loading from file system: file:/C:/Users/ginac/IdeaProjects/TheOnlyException3/Test/target/classes/assets/textures/BeetleMove-scaled.png
09:21:28.305 [JavaFX Application Thread] DEBUG FXGLAssetLoaderServi - Loading from file system: file:/C:/Users/ginac/IdeaProjects/TheOnlyException3/Test/target/classes/assets/textures/MantisMove-scaled.png
09:21:28.317 [JavaFX Application Thread] DEBUG FXGLAssetLoaderServi - Loading from file system: file:/C:/Users/ginac/IdeaProjects/TheOnlyException3/Test/target/classes/assets/textures/BeeMove-scaled.png
09:21:28.327 [JavaFX Application Thread] DEBUG FXGLAssetLoaderServi - Loading from file system: file:/C:/Users/ginac/IdeaProjects/TheOnlyException3/Test/target/classes/assets/textures/GiantFly.png
09:21:28.336 [JavaFX Application Thread] DEBUG FXGLAssetLoaderServi - Loading from file system: file:/C:/Users/ginac/IdeaProjects/TheOnlyException3/Test/target/classes/assets/textures/DragonFly.png
09:21:33.751 [JavaFX Application Thread] DEBUG PrimaryStageWindow   - Push state: DialogSubScene
09:21:33.752 [JavaFX Application Thread] DEBUG Input                - Clearing active input actions
09:21:33.765 [JavaFX Application Thread] DEBUG GameApplicationServi - Removing overlay from GameScene and adding to DialogSubScene
09:21:33.766 [JavaFX Application Thread] DEBUG PrimaryStageWindow   - GameScene -> DialogSubScene
09:21:35.160 [JavaFX Application Thread] DEBUG PrimaryStageWindow   - Pop state: DialogSubScene
09:21:35.161 [JavaFX Application Thread] DEBUG Input                - Clearing active input actions
09:21:35.163 [JavaFX Application Thread] DEBUG GameApplicationServi - Removing overlay from DialogSubScene and adding to GameScene
09:21:35.163 [JavaFX Application Thread] DEBUG PrimaryStageWindow   - GameScene <- DialogSubScene
09:21:37.100 [JavaFX Application Thread] DEBUG PrimaryStageWindow   - Push state: DialogSubScene
09:21:37.100 [JavaFX Application Thread] DEBUG Input                - Clearing active input actions
09:21:37.101 [JavaFX Application Thread] DEBUG GameApplicationServi - Removing overlay from GameScene and adding to DialogSubScene
09:21:37.101 [JavaFX Application Thread] DEBUG PrimaryStageWindow   - GameScene -> DialogSubScene
09:21:38.033 [JavaFX Application Thread] DEBUG PrimaryStageWindow   - Pop state: DialogSubScene
09:21:38.033 [JavaFX Application Thread] DEBUG Input                - Clearing active input actions
09:21:38.033 [JavaFX Application Thread] DEBUG GameApplicationServi - Removing overlay from DialogSubScene and adding to GameScene
09:21:38.034 [JavaFX Application Thread] DEBUG PrimaryStageWindow   - GameScene <- DialogSubScene
09:21:42.959 [JavaFX Application Thread] WARN  FXGLAssetLoaderServi - Asset "/assets/textures/green_particle.png" was not found!
09:21:42.960 [JavaFX Application Thread] WARN  FXGLAssetLoaderServi - Failed to load IMAGE
09:21:43.608 [JavaFX Application Thread] DEBUG PrimaryStageWindow   - Push state: DialogSubScene
09:21:43.608 [JavaFX Application Thread] DEBUG Input                - Clearing active input actions
09:21:43.611 [JavaFX Application Thread] DEBUG GameApplicationServi - Removing overlay from GameScene and adding to DialogSubScene
09:21:43.611 [JavaFX Application Thread] DEBUG PrimaryStageWindow   - GameScene -> DialogSubScene
09:21:44.474 [JavaFX Application Thread] DEBUG PrimaryStageWindow   - Pop state: DialogSubScene
09:21:44.475 [JavaFX Application Thread] DEBUG Input                - Clearing active input actions
09:21:44.475 [JavaFX Application Thread] DEBUG GameApplicationServi - Removing overlay from DialogSubScene and adding to GameScene
09:21:44.476 [JavaFX Application Thread] DEBUG PrimaryStageWindow   - GameScene <- DialogSubScene
09:21:47.654 [JavaFX Application Thread] DEBUG PrimaryStageWindow   - Push state: DialogSubScene
09:21:47.655 [JavaFX Application Thread] DEBUG Input                - Clearing active input actions
09:21:47.657 [JavaFX Application Thread] DEBUG GameApplicationServi - Removing overlay from GameScene and adding to DialogSubScene
09:21:47.659 [JavaFX Application Thread] DEBUG PrimaryStageWindow   - GameScene -> DialogSubScene
09:21:48.743 [JavaFX Application Thread] DEBUG PrimaryStageWindow   - Pop state: DialogSubScene
09:21:48.743 [JavaFX Application Thread] DEBUG Input                - Clearing active input actions
09:21:48.743 [JavaFX Application Thread] DEBUG GameApplicationServi - Removing overlay from DialogSubScene and adding to GameScene
09:21:48.744 [JavaFX Application Thread] DEBUG PrimaryStageWindow   - GameScene <- DialogSubScene
09:21:49.763 [JavaFX Application Thread] WARN  FXGLAssetLoaderServi - Asset "/assets/textures/green_particle.png" was not found!
09:21:49.765 [JavaFX Application Thread] WARN  FXGLAssetLoaderServi - Failed to load IMAGE
09:21:54.502 [JavaFX Application Thread] DEBUG PrimaryStageWindow   - Push state: DialogSubScene
09:21:54.502 [JavaFX Application Thread] DEBUG Input                - Clearing active input actions
09:21:54.503 [JavaFX Application Thread] DEBUG GameApplicationServi - Removing overlay from GameScene and adding to DialogSubScene
09:21:54.503 [JavaFX Application Thread] DEBUG PrimaryStageWindow   - GameScene -> DialogSubScene
09:21:56.546 [JavaFX Application Thread] DEBUG PrimaryStageWindow   - Pop state: DialogSubScene
09:21:56.547 [JavaFX Application Thread] DEBUG Input                - Clearing active input actions
09:21:56.547 [JavaFX Application Thread] DEBUG GameApplicationServi - Removing overlay from DialogSubScene and adding to GameScene
09:21:56.547 [JavaFX Application Thread] DEBUG PrimaryStageWindow   - GameScene <- DialogSubScene
09:21:56.837 [JavaFX Application Thread] WARN  FXGLAssetLoaderServi - Asset "/assets/textures/green_particle.png" was not found!
09:21:56.837 [JavaFX Application Thread] WARN  FXGLAssetLoaderServi - Failed to load IMAGE
09:22:01.785 [JavaFX Application Thread] DEBUG FXGLAssetLoaderServi - Loading from file system: file:/C:/Users/ginac/IdeaProjects/TheOnlyException3/Test/target/classes/assets/textures/lightning_strike.png
09:22:01.918 [JavaFX Application Thread] WARN  FXGLAssetLoaderServi - Asset "/assets/textures/green_particle.png" was not found!
09:22:01.918 [JavaFX Application Thread] WARN  FXGLAssetLoaderServi - Failed to load IMAGE
09:22:04.198 [JavaFX Application Thread] DEBUG PrimaryStageWindow   - Push state: DialogSubScene
09:22:04.198 [JavaFX Application Thread] DEBUG Input                - Clearing active input actions
09:22:04.199 [JavaFX Application Thread] DEBUG GameApplicationServi - Removing overlay from GameScene and adding to DialogSubScene
09:22:04.199 [JavaFX Application Thread] DEBUG PrimaryStageWindow   - GameScene -> DialogSubScene
09:22:05.191 [JavaFX Application Thread] DEBUG PrimaryStageWindow   - Pop state: DialogSubScene
09:22:05.191 [JavaFX Application Thread] DEBUG Input                - Clearing active input actions
09:22:05.192 [JavaFX Application Thread] DEBUG GameApplicationServi - Removing overlay from DialogSubScene and adding to GameScene
09:22:05.192 [JavaFX Application Thread] DEBUG PrimaryStageWindow   - GameScene <- DialogSubScene
09:22:07.893 [JavaFX Application Thread] WARN  FXGLAssetLoaderServi - Asset "/assets/textures/green_particle.png" was not found!
09:22:07.893 [JavaFX Application Thread] WARN  FXGLAssetLoaderServi - Failed to load IMAGE
09:22:12.263 [JavaFX Application Thread] WARN  FXGLAssetLoaderServi - Asset "/assets/textures/orange_particle.png" was not found!
09:22:12.264 [JavaFX Application Thread] WARN  FXGLAssetLoaderServi - Failed to load IMAGE
09:22:12.550 [JavaFX Application Thread] DEBUG PrimaryStageWindow   - Push state: DialogSubScene
09:22:12.550 [JavaFX Application Thread] DEBUG Input                - Clearing active input actions
09:22:12.551 [JavaFX Application Thread] DEBUG GameApplicationServi - Removing overlay from GameScene and adding to DialogSubScene
09:22:12.551 [JavaFX Application Thread] DEBUG PrimaryStageWindow   - GameScene -> DialogSubScene
09:22:14.182 [JavaFX Application Thread] DEBUG PrimaryStageWindow   - Pop state: DialogSubScene
09:22:14.182 [JavaFX Application Thread] DEBUG Input                - Clearing active input actions
09:22:14.183 [JavaFX Application Thread] DEBUG GameApplicationServi - Removing overlay from DialogSubScene and adding to GameScene
09:22:14.183 [JavaFX Application Thread] DEBUG PrimaryStageWindow   - GameScene <- DialogSubScene
09:22:14.194 [JavaFX Application Thread] WARN  FXGLAssetLoaderServi - Asset "/assets/textures/particles/spark.png" was not found!
09:22:14.196 [JavaFX Application Thread] WARN  FXGLAssetLoaderServi - Failed to load RESIZABLE_IMAGE
09:22:14.562 [JavaFX Application Thread] WARN  FXGLAssetLoaderServi - Asset "/assets/textures/green_particle.png" was not found!
09:22:14.563 [JavaFX Application Thread] WARN  FXGLAssetLoaderServi - Failed to load IMAGE
09:22:15.954 [JavaFX Application Thread] WARN  FXGLAssetLoaderServi - Asset "/assets/textures/orange_particle.png" was not found!
09:22:15.954 [JavaFX Application Thread] WARN  FXGLAssetLoaderServi - Failed to load IMAGE
09:22:18.019 [JavaFX Application Thread] WARN  FXGLAssetLoaderServi - Asset "/assets/textures/orange_particle.png" was not found!
09:22:18.019 [JavaFX Application Thread] WARN  FXGLAssetLoaderServi - Failed to load IMAGE
09:22:19.635 [JavaFX Application Thread] WARN  FXGLAssetLoaderServi - Asset "/assets/textures/green_particle.png" was not found!
09:22:19.635 [JavaFX Application Thread] WARN  FXGLAssetLoaderServi - Failed to load IMAGE
09:22:19.988 [JavaFX Application Thread] WARN  FXGLAssetLoaderServi - Asset "/assets/textures/orange_particle.png" was not found!
09:22:19.988 [JavaFX Application Thread] WARN  FXGLAssetLoaderServi - Failed to load IMAGE
09:22:21.970 [JavaFX Application Thread] WARN  FXGLAssetLoaderServi - Asset "/assets/textures/orange_particle.png" was not found!
09:22:21.970 [JavaFX Application Thread] WARN  FXGLAssetLoaderServi - Failed to load IMAGE
09:22:23.974 [JavaFX Application Thread] DEBUG PrimaryStageWindow   - Push state: DialogSubScene
09:22:23.975 [JavaFX Application Thread] DEBUG Input                - Clearing active input actions
09:22:23.976 [JavaFX Application Thread] DEBUG GameApplicationServi - Removing overlay from GameScene and adding to DialogSubScene
09:22:23.977 [JavaFX Application Thread] DEBUG PrimaryStageWindow   - GameScene -> DialogSubScene
09:22:25.091 [JavaFX Application Thread] DEBUG PrimaryStageWindow   - Pop state: DialogSubScene
09:22:25.091 [JavaFX Application Thread] DEBUG Input                - Clearing active input actions
09:22:25.092 [JavaFX Application Thread] DEBUG GameApplicationServi - Removing overlay from DialogSubScene and adding to GameScene
09:22:25.092 [JavaFX Application Thread] DEBUG PrimaryStageWindow   - GameScene <- DialogSubScene
09:22:25.123 [JavaFX Application Thread] WARN  FXGLAssetLoaderServi - Asset "/assets/textures/orange_particle.png" was not found!
09:22:25.123 [JavaFX Application Thread] WARN  FXGLAssetLoaderServi - Failed to load IMAGE
09:22:25.814 [JavaFX Application Thread] WARN  FXGLAssetLoaderServi - Asset "/assets/textures/green_particle.png" was not found!
09:22:25.814 [JavaFX Application Thread] WARN  FXGLAssetLoaderServi - Failed to load IMAGE
09:22:27.137 [JavaFX Application Thread] WARN  FXGLAssetLoaderServi - Asset "/assets/textures/orange_particle.png" was not found!
09:22:27.137 [JavaFX Application Thread] WARN  FXGLAssetLoaderServi - Failed to load IMAGE
09:22:29.203 [JavaFX Application Thread] WARN  FXGLAssetLoaderServi - Asset "/assets/textures/orange_particle.png" was not found!
09:22:29.204 [JavaFX Application Thread] WARN  FXGLAssetLoaderServi - Failed to load IMAGE
09:22:30.357 [JavaFX Application Thread] WARN  FXGLAssetLoaderServi - Asset "/assets/textures/particles/spark.png" was not found!
09:22:30.357 [JavaFX Application Thread] WARN  FXGLAssetLoaderServi - Failed to load RESIZABLE_IMAGE
09:22:30.779 [JavaFX Application Thread] WARN  FXGLAssetLoaderServi - Asset "/assets/textures/green_particle.png" was not found!
09:22:30.780 [JavaFX Application Thread] WARN  FXGLAssetLoaderServi - Failed to load IMAGE
09:22:31.283 [JavaFX Application Thread] WARN  FXGLAssetLoaderServi - Asset "/assets/textures/orange_particle.png" was not found!
09:22:31.283 [JavaFX Application Thread] WARN  FXGLAssetLoaderServi - Failed to load IMAGE
09:22:33.347 [JavaFX Application Thread] WARN  FXGLAssetLoaderServi - Asset "/assets/textures/orange_particle.png" was not found!
09:22:33.349 [JavaFX Application Thread] WARN  FXGLAssetLoaderServi - Failed to load IMAGE
09:22:35.480 [JavaFX Application Thread] WARN  FXGLAssetLoaderServi - Asset "/assets/textures/orange_particle.png" was not found!
09:22:35.481 [JavaFX Application Thread] WARN  FXGLAssetLoaderServi - Failed to load IMAGE
09:22:36.259 [JavaFX Application Thread] WARN  FXGLAssetLoaderServi - Asset "/assets/textures/green_particle.png" was not found!
09:22:36.259 [JavaFX Application Thread] WARN  FXGLAssetLoaderServi - Failed to load IMAGE
09:22:37.550 [JavaFX Application Thread] WARN  FXGLAssetLoaderServi - Asset "/assets/textures/orange_particle.png" was not found!
09:22:37.550 [JavaFX Application Thread] WARN  FXGLAssetLoaderServi - Failed to load IMAGE
09:22:39.398 [JavaFX Application Thread] WARN  FXGLAssetLoaderServi - Asset "/assets/textures/orange_particle.png" was not found!
09:22:39.398 [JavaFX Application Thread] WARN  FXGLAssetLoaderServi - Failed to load IMAGE
09:22:41.080 [JavaFX Application Thread] WARN  FXGLAssetLoaderServi - Asset "/assets/textures/green_particle.png" was not found!
09:22:41.080 [JavaFX Application Thread] WARN  FXGLAssetLoaderServi - Failed to load IMAGE
09:22:41.652 [JavaFX Application Thread] WARN  FXGLAssetLoaderServi - Asset "/assets/textures/particles/glassparticle.png" was not found!
09:22:41.652 [JavaFX Application Thread] WARN  FXGLAssetLoaderServi - Failed to load RESIZABLE_IMAGE
09:22:41.688 [JavaFX Application Thread] WARN  FXGLAssetLoaderServi - Asset "/assets/textures/orange_particle.png" was not found!
09:22:41.688 [JavaFX Application Thread] WARN  FXGLAssetLoaderServi - Failed to load IMAGE
09:22:43.401 [JavaFX Application Thread] DEBUG PrimaryStageWindow   - Push state: DialogSubScene
09:22:43.401 [JavaFX Application Thread] DEBUG Input                - Clearing active input actions
09:22:43.405 [JavaFX Application Thread] DEBUG GameApplicationServi - Removing overlay from GameScene and adding to DialogSubScene
09:22:43.406 [JavaFX Application Thread] DEBUG PrimaryStageWindow   - GameScene -> DialogSubScene
09:22:46.088 [JavaFX Application Thread] DEBUG PrimaryStageWindow   - Pop state: DialogSubScene
09:22:46.088 [JavaFX Application Thread] DEBUG Input                - Clearing active input actions
09:22:46.088 [JavaFX Application Thread] DEBUG GameApplicationServi - Removing overlay from DialogSubScene and adding to GameScene
09:22:46.089 [JavaFX Application Thread] DEBUG PrimaryStageWindow   - GameScene <- DialogSubScene
09:22:46.548 [JavaFX Application Thread] WARN  FXGLAssetLoaderServi - Asset "/assets/textures/orange_particle.png" was not found!
09:22:46.549 [JavaFX Application Thread] WARN  FXGLAssetLoaderServi - Failed to load IMAGE
09:22:48.625 [JavaFX Application Thread] WARN  FXGLAssetLoaderServi - Asset "/assets/textures/orange_particle.png" was not found!
09:22:48.626 [JavaFX Application Thread] WARN  FXGLAssetLoaderServi - Failed to load IMAGE
09:22:48.760 [JavaFX Application Thread] WARN  FXGLAssetLoaderServi - Asset "/assets/textures/particles/spark.png" was not found!
09:22:48.760 [JavaFX Application Thread] WARN  FXGLAssetLoaderServi - Failed to load RESIZABLE_IMAGE
09:22:49.259 [JavaFX Application Thread] WARN  FXGLAssetLoaderServi - Asset "/assets/textures/green_particle.png" was not found!
09:22:49.259 [JavaFX Application Thread] WARN  FXGLAssetLoaderServi - Failed to load IMAGE
09:22:50.785 [JavaFX Application Thread] WARN  FXGLAssetLoaderServi - Asset "/assets/textures/orange_particle.png" was not found!
09:22:50.785 [JavaFX Application Thread] WARN  FXGLAssetLoaderServi - Failed to load IMAGE
09:22:52.959 [JavaFX Application Thread] WARN  FXGLAssetLoaderServi - Asset "/assets/textures/orange_particle.png" was not found!
09:22:52.959 [JavaFX Application Thread] WARN  FXGLAssetLoaderServi - Failed to load IMAGE
09:22:54.293 [JavaFX Application Thread] WARN  FXGLAssetLoaderServi - Asset "/assets/textures/green_particle.png" was not found!
09:22:54.293 [JavaFX Application Thread] WARN  FXGLAssetLoaderServi - Failed to load IMAGE
09:22:54.745 [JavaFX Application Thread] WARN  FXGLAssetLoaderServi - Asset "/assets/textures/orange_particle.png" was not found!
09:22:54.745 [JavaFX Application Thread] WARN  FXGLAssetLoaderServi - Failed to load IMAGE
09:22:54.776 [JavaFX Application Thread] WARN  FXGLAssetLoaderServi - Asset "/assets/textures/particles/glassparticle.png" was not found!
09:22:54.778 [JavaFX Application Thread] WARN  FXGLAssetLoaderServi - Failed to load RESIZABLE_IMAGE
09:22:55.063 [JavaFX Application Thread] DEBUG LoopRunner           - Pausing loop
09:22:56.903 [JavaFX Application Thread] DEBUG LoopRunner           - Resuming loop
09:22:56.906 [JavaFX Application Thread] DEBUG GameWorld            - Game world initialized
09:22:56.908 [JavaFX Application Thread] DEBUG PhysicsWorld         - Physics world initialized: appHeight=720, physics.ppm=50.0
09:22:56.908 [JavaFX Application Thread] DEBUG PhysicsWorld         - Using strategy: BRUTE_FORCE
09:22:56.909 [JavaFX Application Thread] DEBUG GameScene            - Game scene initialized: 1280x720
09:22:56.935 [JavaFX Application Thread] DEBUG PrimaryStageWindow   - Push state: MainMenuScene
09:22:56.955 [JavaFX Application Thread] DEBUG Input                - Clearing active input actions
09:22:56.960 [JavaFX Application Thread] DEBUG GameApplicationServi - Removing overlay from GameScene and adding to MainMenuScene
09:22:56.960 [JavaFX Application Thread] DEBUG PrimaryStageWindow   - GameScene -> MainMenuScene
09:22:58.303 [JavaFX Application Thread] DEBUG GameApplicationServi - Starting new game
09:22:58.303 [JavaFX Application Thread] DEBUG PrimaryStageWindow   - Pop state: MainMenuScene
09:22:58.303 [JavaFX Application Thread] DEBUG Input                - Clearing active input actions
09:22:58.304 [JavaFX Application Thread] DEBUG GameApplicationServi - Removing overlay from MainMenuScene and adding to GameScene
09:22:58.304 [JavaFX Application Thread] DEBUG PrimaryStageWindow   - GameScene <- MainMenuScene
09:22:58.304 [JavaFX Application Thread] DEBUG Input                - Clearing active input actions
09:22:58.316 [JavaFX Application Thread] DEBUG GameApplicationServi - Removing overlay from GameScene and adding to FXGLLoadingScene
09:22:58.316 [JavaFX Application Thread] DEBUG PrimaryStageWindow   - GameScene -> FXGLLoadingScene
09:22:58.316 [JavaFX Application Thread] DEBUG GameApplicationServi - Clearing previous game
09:22:58.316 [JavaFX Application Thread] DEBUG GameScene            - Clearing game scene
09:22:58.316 [JavaFX Application Thread] DEBUG GameWorld            - Clearing game world
09:22:58.316 [JavaFX Application Thread] WARN  GameWorld            - Attempted to remove entity which is not active
09:22:58.328 [JavaFX Application Thread] WARN  GameWorld            - Attempted to remove entity which is not active
09:22:58.328 [JavaFX Application Thread] WARN  GameWorld            - Attempted to remove entity which is not active
09:22:58.329 [JavaFX Application Thread] DEBUG PhysicsWorld         - Clearing physics world
09:22:58.332 [FXGL Background Thread 5 ] DEBUG FXGLApplication      - Initializing game
09:22:58.349 [FXGL Background Thread 5 ] INFO  FXGLApplication      - Game initialization took: 0.017 sec
09:22:58.353 [JavaFX Application Thread] DEBUG Input                - Clearing active input actions
09:22:58.371 [JavaFX Application Thread] DEBUG GameApplicationServi - Removing overlay from FXGLLoadingScene and adding to GameScene
09:22:58.371 [JavaFX Application Thread] DEBUG PrimaryStageWindow   - FXGLLoadingScene -> GameScene
09:23:12.963 [JavaFX Application Thread] DEBUG PrimaryStageWindow   - Push state: DialogSubScene
09:23:12.963 [JavaFX Application Thread] DEBUG Input                - Clearing active input actions
09:23:12.966 [JavaFX Application Thread] DEBUG GameApplicationServi - Removing overlay from GameScene and adding to DialogSubScene
09:23:12.966 [JavaFX Application Thread] DEBUG PrimaryStageWindow   - GameScene -> DialogSubScene
09:23:23.138 [JavaFX Application Thread] DEBUG PrimaryStageWindow   - Pop state: DialogSubScene
09:23:23.138 [JavaFX Application Thread] DEBUG Input                - Clearing active input actions
09:23:23.139 [JavaFX Application Thread] DEBUG GameApplicationServi - Removing overlay from DialogSubScene and adding to GameScene
09:23:23.139 [JavaFX Application Thread] DEBUG PrimaryStageWindow   - GameScene <- DialogSubScene
09:23:24.434 [JavaFX Application Thread] DEBUG PrimaryStageWindow   - Push state: DialogSubScene
09:23:24.434 [JavaFX Application Thread] DEBUG Input                - Clearing active input actions
09:23:24.435 [JavaFX Application Thread] DEBUG GameApplicationServi - Removing overlay from GameScene and adding to DialogSubScene
09:23:24.435 [JavaFX Application Thread] DEBUG PrimaryStageWindow   - GameScene -> DialogSubScene
09:23:25.561 [JavaFX Application Thread] DEBUG PrimaryStageWindow   - Pop state: DialogSubScene
09:23:25.561 [JavaFX Application Thread] DEBUG Input                - Clearing active input actions
09:23:25.561 [JavaFX Application Thread] DEBUG GameApplicationServi - Removing overlay from DialogSubScene and adding to GameScene
09:23:25.562 [JavaFX Application Thread] DEBUG PrimaryStageWindow   - GameScene <- DialogSubScene
09:23:26.995 [JavaFX Application Thread] DEBUG PrimaryStageWindow   - Push state: DialogSubScene
09:23:26.996 [JavaFX Application Thread] DEBUG Input                - Clearing active input actions
09:23:26.996 [JavaFX Application Thread] DEBUG GameApplicationServi - Removing overlay from GameScene and adding to DialogSubScene
09:23:26.996 [JavaFX Application Thread] DEBUG PrimaryStageWindow   - GameScene -> DialogSubScene
09:23:29.403 [JavaFX Application Thread] DEBUG PrimaryStageWindow   - Pop state: DialogSubScene
09:23:29.403 [JavaFX Application Thread] DEBUG Input                - Clearing active input actions
09:23:29.403 [JavaFX Application Thread] DEBUG GameApplicationServi - Removing overlay from DialogSubScene and adding to GameScene
09:23:29.403 [JavaFX Application Thread] DEBUG PrimaryStageWindow   - GameScene <- DialogSubScene
09:23:29.405 [JavaFX Application Thread] WARN  FXGLAssetLoaderServi - Asset "/assets/textures/particles/spark.png" was not found!
09:23:29.405 [JavaFX Application Thread] WARN  FXGLAssetLoaderServi - Failed to load RESIZABLE_IMAGE
09:23:38.260 [JavaFX Application Thread] DEBUG PrimaryStageWindow   - Push state: DialogSubScene
09:23:38.260 [JavaFX Application Thread] DEBUG Input                - Clearing active input actions
09:23:38.260 [JavaFX Application Thread] DEBUG GameApplicationServi - Removing overlay from GameScene and adding to DialogSubScene
09:23:38.260 [JavaFX Application Thread] DEBUG PrimaryStageWindow   - GameScene -> DialogSubScene
09:23:39.378 [JavaFX Application Thread] DEBUG PrimaryStageWindow   - Pop state: DialogSubScene
09:23:39.378 [JavaFX Application Thread] DEBUG Input                - Clearing active input actions
09:23:39.379 [JavaFX Application Thread] DEBUG GameApplicationServi - Removing overlay from DialogSubScene and adding to GameScene
09:23:39.379 [JavaFX Application Thread] DEBUG PrimaryStageWindow   - GameScene <- DialogSubScene
09:23:44.211 [JavaFX Application Thread] WARN  FXGLAssetLoaderServi - Asset "/assets/textures/green_particle.png" was not found!
09:23:44.211 [JavaFX Application Thread] WARN  FXGLAssetLoaderServi - Failed to load IMAGE
09:23:45.409 [JavaFX Application Thread] WARN  FXGLAssetLoaderServi - Asset "/assets/textures/particles/spark.png" was not found!
09:23:45.409 [JavaFX Application Thread] WARN  FXGLAssetLoaderServi - Failed to load RESIZABLE_IMAGE
09:23:47.072 [JavaFX Application Thread] DEBUG PrimaryStageWindow   - Push state: DialogSubScene
09:23:47.072 [JavaFX Application Thread] DEBUG Input                - Clearing active input actions
09:23:47.073 [JavaFX Application Thread] DEBUG GameApplicationServi - Removing overlay from GameScene and adding to DialogSubScene
09:23:47.073 [JavaFX Application Thread] DEBUG PrimaryStageWindow   - GameScene -> DialogSubScene
09:23:48.441 [JavaFX Application Thread] DEBUG PrimaryStageWindow   - Pop state: DialogSubScene
09:23:48.441 [JavaFX Application Thread] DEBUG Input                - Clearing active input actions
09:23:48.444 [JavaFX Application Thread] DEBUG GameApplicationServi - Removing overlay from DialogSubScene and adding to GameScene
09:23:48.444 [JavaFX Application Thread] DEBUG PrimaryStageWindow   - GameScene <- DialogSubScene
09:23:50.162 [JavaFX Application Thread] WARN  FXGLAssetLoaderServi - Asset "/assets/textures/green_particle.png" was not found!
09:23:50.162 [JavaFX Application Thread] WARN  FXGLAssetLoaderServi - Failed to load IMAGE
09:23:53.283 [JavaFX Application Thread] DEBUG PrimaryStageWindow   - Push state: DialogSubScene
09:23:53.283 [JavaFX Application Thread] DEBUG Input                - Clearing active input actions
09:23:53.284 [JavaFX Application Thread] DEBUG GameApplicationServi - Removing overlay from GameScene and adding to DialogSubScene
09:23:53.284 [JavaFX Application Thread] DEBUG PrimaryStageWindow   - GameScene -> DialogSubScene
09:23:54.810 [JavaFX Application Thread] DEBUG PrimaryStageWindow   - Pop state: DialogSubScene
09:23:54.810 [JavaFX Application Thread] DEBUG Input                - Clearing active input actions
09:23:54.812 [JavaFX Application Thread] DEBUG GameApplicationServi - Removing overlay from DialogSubScene and adding to GameScene
09:23:54.812 [JavaFX Application Thread] DEBUG PrimaryStageWindow   - GameScene <- DialogSubScene
09:23:56.098 [JavaFX Application Thread] WARN  FXGLAssetLoaderServi - Asset "/assets/textures/green_particle.png" was not found!
09:23:56.098 [JavaFX Application Thread] WARN  FXGLAssetLoaderServi - Failed to load IMAGE
09:24:00.947 [JavaFX Application Thread] WARN  FXGLAssetLoaderServi - Asset "/assets/textures/green_particle.png" was not found!
09:24:00.947 [JavaFX Application Thread] WARN  FXGLAssetLoaderServi - Failed to load IMAGE
09:24:02.114 [JavaFX Application Thread] WARN  FXGLAssetLoaderServi - Asset "/assets/textures/particles/spark.png" was not found!
09:24:02.115 [JavaFX Application Thread] WARN  FXGLAssetLoaderServi - Failed to load RESIZABLE_IMAGE
09:24:05.002 [JavaFX Application Thread] DEBUG PrimaryStageWindow   - Push state: DialogSubScene
09:24:05.002 [JavaFX Application Thread] DEBUG Input                - Clearing active input actions
09:24:05.002 [JavaFX Application Thread] DEBUG GameApplicationServi - Removing overlay from GameScene and adding to DialogSubScene
09:24:05.003 [JavaFX Application Thread] DEBUG PrimaryStageWindow   - GameScene -> DialogSubScene
09:24:06.210 [JavaFX Application Thread] DEBUG PrimaryStageWindow   - Pop state: DialogSubScene
09:24:06.211 [JavaFX Application Thread] DEBUG Input                - Clearing active input actions
09:24:06.211 [JavaFX Application Thread] DEBUG GameApplicationServi - Removing overlay from DialogSubScene and adding to GameScene
09:24:06.212 [JavaFX Application Thread] DEBUG PrimaryStageWindow   - GameScene <- DialogSubScene
09:24:07.042 [JavaFX Application Thread] WARN  FXGLAssetLoaderServi - Asset "/assets/textures/green_particle.png" was not found!
09:24:07.042 [JavaFX Application Thread] WARN  FXGLAssetLoaderServi - Failed to load IMAGE
09:24:08.830 [JavaFX Application Thread] DEBUG LoopRunner           - Pausing loop
09:24:10.106 [JavaFX Application Thread] DEBUG LoopRunner           - Resuming loop
09:24:10.110 [JavaFX Application Thread] DEBUG GameWorld            - Game world initialized
09:24:10.110 [JavaFX Application Thread] DEBUG PhysicsWorld         - Physics world initialized: appHeight=720, physics.ppm=50.0
09:24:10.110 [JavaFX Application Thread] DEBUG PhysicsWorld         - Using strategy: BRUTE_FORCE
09:24:10.111 [JavaFX Application Thread] DEBUG GameScene            - Game scene initialized: 1280x720
09:24:10.133 [JavaFX Application Thread] DEBUG PrimaryStageWindow   - Push state: MainMenuScene
09:24:10.157 [JavaFX Application Thread] DEBUG Input                - Clearing active input actions
09:24:10.160 [JavaFX Application Thread] DEBUG GameApplicationServi - Removing overlay from GameScene and adding to MainMenuScene
09:24:10.161 [JavaFX Application Thread] DEBUG PrimaryStageWindow   - GameScene -> MainMenuScene
09:24:17.312 [JavaFX Application Thread] DEBUG GameApplicationServi - Starting new game
09:24:17.312 [JavaFX Application Thread] DEBUG PrimaryStageWindow   - Pop state: MainMenuScene
09:24:17.312 [JavaFX Application Thread] DEBUG Input                - Clearing active input actions
09:24:17.313 [JavaFX Application Thread] DEBUG GameApplicationServi - Removing overlay from MainMenuScene and adding to GameScene
09:24:17.313 [JavaFX Application Thread] DEBUG PrimaryStageWindow   - GameScene <- MainMenuScene
09:24:17.313 [JavaFX Application Thread] DEBUG Input                - Clearing active input actions
09:24:17.346 [JavaFX Application Thread] DEBUG GameApplicationServi - Removing overlay from GameScene and adding to FXGLLoadingScene
09:24:17.346 [JavaFX Application Thread] DEBUG PrimaryStageWindow   - GameScene -> FXGLLoadingScene
09:24:17.346 [JavaFX Application Thread] DEBUG GameApplicationServi - Clearing previous game
09:24:17.346 [JavaFX Application Thread] DEBUG GameScene            - Clearing game scene
09:24:17.347 [JavaFX Application Thread] DEBUG GameWorld            - Clearing game world
09:24:17.347 [JavaFX Application Thread] WARN  GameWorld            - Attempted to remove entity which is not active
09:24:17.356 [JavaFX Application Thread] DEBUG PhysicsWorld         - Clearing physics world
09:24:17.375 [FXGL Background Thread 6 ] DEBUG FXGLApplication      - Initializing game
09:24:17.387 [FXGL Background Thread 6 ] INFO  FXGLApplication      - Game initialization took: 0.011 sec
09:24:17.387 [JavaFX Application Thread] DEBUG Input                - Clearing active input actions
09:24:17.409 [JavaFX Application Thread] DEBUG GameApplicationServi - Removing overlay from FXGLLoadingScene and adding to GameScene
09:24:17.409 [JavaFX Application Thread] DEBUG PrimaryStageWindow   - FXGLLoadingScene -> GameScene
09:24:25.026 [JavaFX Application Thread] DEBUG PrimaryStageWindow   - Push state: DialogSubScene
09:24:25.026 [JavaFX Application Thread] DEBUG Input                - Clearing active input actions
09:24:25.028 [JavaFX Application Thread] DEBUG GameApplicationServi - Removing overlay from GameScene and adding to DialogSubScene
09:24:25.028 [JavaFX Application Thread] DEBUG PrimaryStageWindow   - GameScene -> DialogSubScene
09:24:26.394 [JavaFX Application Thread] DEBUG PrimaryStageWindow   - Pop state: DialogSubScene
09:24:26.394 [JavaFX Application Thread] DEBUG Input                - Clearing active input actions
09:24:26.395 [JavaFX Application Thread] DEBUG GameApplicationServi - Removing overlay from DialogSubScene and adding to GameScene
09:24:26.395 [JavaFX Application Thread] DEBUG PrimaryStageWindow   - GameScene <- DialogSubScene
09:24:30.434 [JavaFX Application Thread] DEBUG PrimaryStageWindow   - Push state: DialogSubScene
09:24:30.435 [JavaFX Application Thread] DEBUG Input                - Clearing active input actions
09:24:30.435 [JavaFX Application Thread] DEBUG GameApplicationServi - Removing overlay from GameScene and adding to DialogSubScene
09:24:30.436 [JavaFX Application Thread] DEBUG PrimaryStageWindow   - GameScene -> DialogSubScene
09:24:32.162 [JavaFX Application Thread] DEBUG PrimaryStageWindow   - Pop state: DialogSubScene
09:24:32.162 [JavaFX Application Thread] DEBUG Input                - Clearing active input actions
09:24:32.162 [JavaFX Application Thread] DEBUG GameApplicationServi - Removing overlay from DialogSubScene and adding to GameScene
09:24:32.162 [JavaFX Application Thread] DEBUG PrimaryStageWindow   - GameScene <- DialogSubScene
09:24:35.891 [JavaFX Application Thread] DEBUG PrimaryStageWindow   - Push state: DialogSubScene
09:24:35.891 [JavaFX Application Thread] DEBUG Input                - Clearing active input actions
09:24:35.891 [JavaFX Application Thread] DEBUG GameApplicationServi - Removing overlay from GameScene and adding to DialogSubScene
09:24:35.893 [JavaFX Application Thread] DEBUG PrimaryStageWindow   - GameScene -> DialogSubScene
09:24:36.814 [JavaFX Application Thread] DEBUG PrimaryStageWindow   - Pop state: DialogSubScene
09:24:36.815 [JavaFX Application Thread] DEBUG Input                - Clearing active input actions
09:24:36.815 [JavaFX Application Thread] DEBUG GameApplicationServi - Removing overlay from DialogSubScene and adding to GameScene
09:24:36.815 [JavaFX Application Thread] DEBUG PrimaryStageWindow   - GameScene <- DialogSubScene
09:24:36.816 [JavaFX Application Thread] WARN  FXGLAssetLoaderServi - Asset "/assets/textures/particles/spark.png" was not found!
09:24:36.816 [JavaFX Application Thread] WARN  FXGLAssetLoaderServi - Failed to load RESIZABLE_IMAGE
09:24:41.891 [JavaFX Application Thread] DEBUG PrimaryStageWindow   - Push state: DialogSubScene
09:24:41.891 [JavaFX Application Thread] DEBUG Input                - Clearing active input actions
09:24:41.892 [JavaFX Application Thread] DEBUG GameApplicationServi - Removing overlay from GameScene and adding to DialogSubScene
09:24:41.892 [JavaFX Application Thread] DEBUG PrimaryStageWindow   - GameScene -> DialogSubScene
09:24:43.322 [JavaFX Application Thread] DEBUG PrimaryStageWindow   - Pop state: DialogSubScene
09:24:43.322 [JavaFX Application Thread] DEBUG Input                - Clearing active input actions
09:24:43.322 [JavaFX Application Thread] DEBUG GameApplicationServi - Removing overlay from DialogSubScene and adding to GameScene
09:24:43.322 [JavaFX Application Thread] DEBUG PrimaryStageWindow   - GameScene <- DialogSubScene
09:24:47.410 [JavaFX Application Thread] DEBUG PrimaryStageWindow   - Push state: DialogSubScene
09:24:47.410 [JavaFX Application Thread] DEBUG Input                - Clearing active input actions
09:24:47.411 [JavaFX Application Thread] DEBUG GameApplicationServi - Removing overlay from GameScene and adding to DialogSubScene
09:24:47.411 [JavaFX Application Thread] DEBUG PrimaryStageWindow   - GameScene -> DialogSubScene
09:24:48.387 [JavaFX Application Thread] DEBUG PrimaryStageWindow   - Pop state: DialogSubScene
09:24:48.387 [JavaFX Application Thread] DEBUG Input                - Clearing active input actions
09:24:48.388 [JavaFX Application Thread] DEBUG GameApplicationServi - Removing overlay from DialogSubScene and adding to GameScene
09:24:48.388 [JavaFX Application Thread] DEBUG PrimaryStageWindow   - GameScene <- DialogSubScene
09:24:51.410 [JavaFX Application Thread] WARN  FXGLAssetLoaderServi - Asset "/assets/textures/orange_particle.png" was not found!
09:24:51.410 [JavaFX Application Thread] WARN  FXGLAssetLoaderServi - Failed to load IMAGE
09:24:53.426 [JavaFX Application Thread] WARN  FXGLAssetLoaderServi - Asset "/assets/textures/green_particle.png" was not found!
09:24:53.426 [JavaFX Application Thread] WARN  FXGLAssetLoaderServi - Failed to load IMAGE
09:24:53.427 [JavaFX Application Thread] WARN  FXGLAssetLoaderServi - Asset "/assets/textures/orange_particle.png" was not found!
09:24:53.427 [JavaFX Application Thread] WARN  FXGLAssetLoaderServi - Failed to load IMAGE
09:24:54.243 [JavaFX Application Thread] DEBUG PrimaryStageWindow   - Push state: DialogSubScene
09:24:54.243 [JavaFX Application Thread] DEBUG Input                - Clearing active input actions
09:24:54.243 [JavaFX Application Thread] DEBUG GameApplicationServi - Removing overlay from GameScene and adding to DialogSubScene
09:24:54.243 [JavaFX Application Thread] DEBUG PrimaryStageWindow   - GameScene -> DialogSubScene
09:24:55.962 [JavaFX Application Thread] DEBUG PrimaryStageWindow   - Pop state: DialogSubScene
09:24:55.962 [JavaFX Application Thread] DEBUG Input                - Clearing active input actions
09:24:55.962 [JavaFX Application Thread] DEBUG GameApplicationServi - Removing overlay from DialogSubScene and adding to GameScene
09:24:55.963 [JavaFX Application Thread] DEBUG PrimaryStageWindow   - GameScene <- DialogSubScene
09:24:56.098 [JavaFX Application Thread] WARN  FXGLAssetLoaderServi - Asset "/assets/textures/particles/spark.png" was not found!
09:24:56.098 [JavaFX Application Thread] WARN  FXGLAssetLoaderServi - Failed to load RESIZABLE_IMAGE
09:24:56.965 [JavaFX Application Thread] WARN  FXGLAssetLoaderServi - Asset "/assets/textures/orange_particle.png" was not found!
09:24:56.965 [JavaFX Application Thread] WARN  FXGLAssetLoaderServi - Failed to load IMAGE
09:24:59.073 [JavaFX Application Thread] WARN  FXGLAssetLoaderServi - Asset "/assets/textures/orange_particle.png" was not found!
09:24:59.073 [JavaFX Application Thread] WARN  FXGLAssetLoaderServi - Failed to load IMAGE
09:25:00.019 [JavaFX Application Thread] WARN  FXGLAssetLoaderServi - Asset "/assets/textures/green_particle.png" was not found!
09:25:00.019 [JavaFX Application Thread] WARN  FXGLAssetLoaderServi - Failed to load IMAGE
09:25:01.041 [JavaFX Application Thread] WARN  FXGLAssetLoaderServi - Asset "/assets/textures/orange_particle.png" was not found!
09:25:01.041 [JavaFX Application Thread] WARN  FXGLAssetLoaderServi - Failed to load IMAGE
09:25:03.041 [JavaFX Application Thread] WARN  FXGLAssetLoaderServi - Asset "/assets/textures/orange_particle.png" was not found!
09:25:03.041 [JavaFX Application Thread] WARN  FXGLAssetLoaderServi - Failed to load IMAGE
09:25:04.371 [JavaFX Application Thread] DEBUG PrimaryStageWindow   - Push state: DialogSubScene
09:25:04.371 [JavaFX Application Thread] DEBUG Input                - Clearing active input actions
09:25:04.371 [JavaFX Application Thread] DEBUG GameApplicationServi - Removing overlay from GameScene and adding to DialogSubScene
09:25:04.371 [JavaFX Application Thread] DEBUG PrimaryStageWindow   - GameScene -> DialogSubScene
09:25:05.966 [JavaFX Application Thread] DEBUG PrimaryStageWindow   - Pop state: DialogSubScene
09:25:05.966 [JavaFX Application Thread] DEBUG Input                - Clearing active input actions
09:25:05.966 [JavaFX Application Thread] DEBUG GameApplicationServi - Removing overlay from DialogSubScene and adding to GameScene
09:25:05.966 [JavaFX Application Thread] DEBUG PrimaryStageWindow   - GameScene <- DialogSubScene
09:25:06.592 [JavaFX Application Thread] WARN  FXGLAssetLoaderServi - Asset "/assets/textures/green_particle.png" was not found!
09:25:06.594 [JavaFX Application Thread] WARN  FXGLAssetLoaderServi - Failed to load IMAGE
09:25:06.625 [JavaFX Application Thread] WARN  FXGLAssetLoaderServi - Asset "/assets/textures/orange_particle.png" was not found!
09:25:06.626 [JavaFX Application Thread] WARN  FXGLAssetLoaderServi - Failed to load IMAGE
09:25:08.737 [JavaFX Application Thread] WARN  FXGLAssetLoaderServi - Asset "/assets/textures/orange_particle.png" was not found!
09:25:08.738 [JavaFX Application Thread] WARN  FXGLAssetLoaderServi - Failed to load IMAGE
09:25:10.785 [JavaFX Application Thread] WARN  FXGLAssetLoaderServi - Asset "/assets/textures/orange_particle.png" was not found!
09:25:10.786 [JavaFX Application Thread] WARN  FXGLAssetLoaderServi - Failed to load IMAGE
09:25:11.746 [JavaFX Application Thread] WARN  FXGLAssetLoaderServi - Asset "/assets/textures/green_particle.png" was not found!
09:25:11.746 [JavaFX Application Thread] WARN  FXGLAssetLoaderServi - Failed to load IMAGE
09:25:12.705 [JavaFX Application Thread] WARN  FXGLAssetLoaderServi - Asset "/assets/textures/particles/spark.png" was not found!
09:25:12.705 [JavaFX Application Thread] WARN  FXGLAssetLoaderServi - Failed to load RESIZABLE_IMAGE
09:25:12.797 [JavaFX Application Thread] WARN  FXGLAssetLoaderServi - Asset "/assets/textures/orange_particle.png" was not found!
09:25:12.798 [JavaFX Application Thread] WARN  FXGLAssetLoaderServi - Failed to load IMAGE
09:25:14.801 [JavaFX Application Thread] WARN  FXGLAssetLoaderServi - Asset "/assets/textures/orange_particle.png" was not found!
09:25:14.801 [JavaFX Application Thread] WARN  FXGLAssetLoaderServi - Failed to load IMAGE
09:25:15.734 [JavaFX Application Thread] DEBUG PrimaryStageWindow   - Push state: DialogSubScene
09:25:15.734 [JavaFX Application Thread] DEBUG Input                - Clearing active input actions
09:25:15.735 [JavaFX Application Thread] DEBUG GameApplicationServi - Removing overlay from GameScene and adding to DialogSubScene
09:25:15.735 [JavaFX Application Thread] DEBUG PrimaryStageWindow   - GameScene -> DialogSubScene
09:25:17.102 [JavaFX Application Thread] DEBUG PrimaryStageWindow   - Pop state: DialogSubScene
09:25:17.102 [JavaFX Application Thread] DEBUG Input                - Clearing active input actions
09:25:17.103 [JavaFX Application Thread] DEBUG GameApplicationServi - Removing overlay from DialogSubScene and adding to GameScene
09:25:17.103 [JavaFX Application Thread] DEBUG PrimaryStageWindow   - GameScene <- DialogSubScene
09:25:18.117 [JavaFX Application Thread] WARN  FXGLAssetLoaderServi - Asset "/assets/textures/green_particle.png" was not found!
09:25:18.117 [JavaFX Application Thread] WARN  FXGLAssetLoaderServi - Failed to load IMAGE
09:25:18.178 [JavaFX Application Thread] WARN  FXGLAssetLoaderServi - Asset "/assets/textures/orange_particle.png" was not found!
09:25:18.178 [JavaFX Application Thread] WARN  FXGLAssetLoaderServi - Failed to load IMAGE
09:25:20.225 [JavaFX Application Thread] WARN  FXGLAssetLoaderServi - Asset "/assets/textures/orange_particle.png" was not found!
09:25:20.226 [JavaFX Application Thread] WARN  FXGLAssetLoaderServi - Failed to load IMAGE
09:25:22.209 [JavaFX Application Thread] WARN  FXGLAssetLoaderServi - Asset "/assets/textures/orange_particle.png" was not found!
09:25:22.210 [JavaFX Application Thread] WARN  FXGLAssetLoaderServi - Failed to load IMAGE
09:25:23.089 [JavaFX Application Thread] WARN  FXGLAssetLoaderServi - Asset "/assets/textures/green_particle.png" was not found!
09:25:23.089 [JavaFX Application Thread] WARN  FXGLAssetLoaderServi - Failed to load IMAGE
09:25:24.258 [JavaFX Application Thread] WARN  FXGLAssetLoaderServi - Asset "/assets/textures/orange_particle.png" was not found!
09:25:24.258 [JavaFX Application Thread] WARN  FXGLAssetLoaderServi - Failed to load IMAGE
09:25:26.401 [JavaFX Application Thread] WARN  FXGLAssetLoaderServi - Asset "/assets/textures/orange_particle.png" was not found!
09:25:26.401 [JavaFX Application Thread] WARN  FXGLAssetLoaderServi - Failed to load IMAGE
09:25:28.177 [JavaFX Application Thread] WARN  FXGLAssetLoaderServi - Asset "/assets/textures/green_particle.png" was not found!
09:25:28.177 [JavaFX Application Thread] WARN  FXGLAssetLoaderServi - Failed to load IMAGE
09:25:28.331 [JavaFX Application Thread] WARN  FXGLAssetLoaderServi - Asset "/assets/textures/orange_particle.png" was not found!
09:25:28.331 [JavaFX Application Thread] WARN  FXGLAssetLoaderServi - Failed to load IMAGE
09:25:29.121 [JavaFX Application Thread] WARN  FXGLAssetLoaderServi - Asset "/assets/textures/particles/spark.png" was not found!
09:25:29.121 [JavaFX Application Thread] WARN  FXGLAssetLoaderServi - Failed to load RESIZABLE_IMAGE
09:25:30.273 [JavaFX Application Thread] WARN  FXGLAssetLoaderServi - Asset "/assets/textures/orange_particle.png" was not found!
09:25:30.273 [JavaFX Application Thread] WARN  FXGLAssetLoaderServi - Failed to load IMAGE
09:25:32.300 [JavaFX Application Thread] WARN  FXGLAssetLoaderServi - Asset "/assets/textures/orange_particle.png" was not found!
09:25:32.300 [JavaFX Application Thread] WARN  FXGLAssetLoaderServi - Failed to load IMAGE
09:25:33.138 [JavaFX Application Thread] WARN  FXGLAssetLoaderServi - Asset "/assets/textures/green_particle.png" was not found!
09:25:33.138 [JavaFX Application Thread] WARN  FXGLAssetLoaderServi - Failed to load IMAGE
09:25:34.242 [JavaFX Application Thread] WARN  FXGLAssetLoaderServi - Asset "/assets/textures/orange_particle.png" was not found!
09:25:34.243 [JavaFX Application Thread] WARN  FXGLAssetLoaderServi - Failed to load IMAGE
09:25:34.568 [JavaFX Application Thread] DEBUG PrimaryStageWindow   - Push state: DialogSubScene
09:25:34.568 [JavaFX Application Thread] DEBUG Input                - Clearing active input actions
09:25:34.568 [JavaFX Application Thread] DEBUG GameApplicationServi - Removing overlay from GameScene and adding to DialogSubScene
09:25:34.569 [JavaFX Application Thread] DEBUG PrimaryStageWindow   - GameScene -> DialogSubScene
09:25:35.630 [JavaFX Application Thread] DEBUG PrimaryStageWindow   - Pop state: DialogSubScene
09:25:35.630 [JavaFX Application Thread] DEBUG Input                - Clearing active input actions
09:25:35.631 [JavaFX Application Thread] DEBUG GameApplicationServi - Removing overlay from DialogSubScene and adding to GameScene
09:25:35.631 [JavaFX Application Thread] DEBUG PrimaryStageWindow   - GameScene <- DialogSubScene
09:25:36.690 [JavaFX Application Thread] WARN  FXGLAssetLoaderServi - Asset "/assets/textures/particles/glassparticle.png" was not found!
09:25:36.690 [JavaFX Application Thread] WARN  FXGLAssetLoaderServi - Failed to load RESIZABLE_IMAGE
09:25:37.362 [JavaFX Application Thread] WARN  FXGLAssetLoaderServi - Asset "/assets/textures/orange_particle.png" was not found!
09:25:37.362 [JavaFX Application Thread] WARN  FXGLAssetLoaderServi - Failed to load IMAGE
09:25:39.206 [JavaFX Application Thread] WARN  FXGLAssetLoaderServi - Asset "/assets/textures/green_particle.png" was not found!
09:25:39.206 [JavaFX Application Thread] WARN  FXGLAssetLoaderServi - Failed to load IMAGE
09:25:39.378 [JavaFX Application Thread] WARN  FXGLAssetLoaderServi - Asset "/assets/textures/orange_particle.png" was not found!
09:25:39.378 [JavaFX Application Thread] WARN  FXGLAssetLoaderServi - Failed to load IMAGE
09:25:41.518 [JavaFX Application Thread] WARN  FXGLAssetLoaderServi - Asset "/assets/textures/orange_particle.png" was not found!
09:25:41.518 [JavaFX Application Thread] WARN  FXGLAssetLoaderServi - Failed to load IMAGE
09:25:43.234 [JavaFX Application Thread] WARN  FXGLAssetLoaderServi - Asset "/assets/textures/orange_particle.png" was not found!
09:25:43.234 [JavaFX Application Thread] WARN  FXGLAssetLoaderServi - Failed to load IMAGE
09:25:44.130 [JavaFX Application Thread] WARN  FXGLAssetLoaderServi - Asset "/assets/textures/green_particle.png" was not found!
09:25:44.130 [JavaFX Application Thread] WARN  FXGLAssetLoaderServi - Failed to load IMAGE
09:25:45.122 [JavaFX Application Thread] WARN  FXGLAssetLoaderServi - Asset "/assets/textures/particles/spark.png" was not found!
09:25:45.123 [JavaFX Application Thread] WARN  FXGLAssetLoaderServi - Failed to load RESIZABLE_IMAGE
09:25:45.394 [JavaFX Application Thread] WARN  FXGLAssetLoaderServi - Asset "/assets/textures/orange_particle.png" was not found!
09:25:45.394 [JavaFX Application Thread] WARN  FXGLAssetLoaderServi - Failed to load IMAGE
09:25:47.570 [JavaFX Application Thread] WARN  FXGLAssetLoaderServi - Asset "/assets/textures/orange_particle.png" was not found!
09:25:47.571 [JavaFX Application Thread] WARN  FXGLAssetLoaderServi - Failed to load IMAGE
09:25:49.529 [JavaFX Application Thread] WARN  FXGLAssetLoaderServi - Asset "/assets/textures/green_particle.png" was not found!
09:25:49.529 [JavaFX Application Thread] WARN  FXGLAssetLoaderServi - Failed to load IMAGE
09:25:49.732 [JavaFX Application Thread] WARN  FXGLAssetLoaderServi - Asset "/assets/textures/orange_particle.png" was not found!
09:25:49.732 [JavaFX Application Thread] WARN  FXGLAssetLoaderServi - Failed to load IMAGE
09:25:50.811 [JavaFX Application Thread] DEBUG PrimaryStageWindow   - Push state: DialogSubScene
09:25:50.811 [JavaFX Application Thread] DEBUG Input                - Clearing active input actions
09:25:50.812 [JavaFX Application Thread] DEBUG GameApplicationServi - Removing overlay from GameScene and adding to DialogSubScene
09:25:50.812 [JavaFX Application Thread] DEBUG PrimaryStageWindow   - GameScene -> DialogSubScene
09:25:52.047 [JavaFX Application Thread] DEBUG PrimaryStageWindow   - Pop state: DialogSubScene
09:25:52.047 [JavaFX Application Thread] DEBUG Input                - Clearing active input actions
09:25:52.047 [JavaFX Application Thread] DEBUG GameApplicationServi - Removing overlay from DialogSubScene and adding to GameScene
09:25:52.047 [JavaFX Application Thread] DEBUG PrimaryStageWindow   - GameScene <- DialogSubScene
09:25:53.053 [JavaFX Application Thread] WARN  FXGLAssetLoaderServi - Asset "/assets/textures/orange_particle.png" was not found!
09:25:53.053 [JavaFX Application Thread] WARN  FXGLAssetLoaderServi - Failed to load IMAGE
09:25:55.652 [JavaFX Application Thread] WARN  FXGLAssetLoaderServi - Asset "/assets/textures/orange_particle.png" was not found!
09:25:55.652 [JavaFX Application Thread] WARN  FXGLAssetLoaderServi - Failed to load IMAGE
09:25:56.531 [JavaFX Application Thread] WARN  FXGLAssetLoaderServi - Asset "/assets/textures/green_particle.png" was not found!
09:25:56.531 [JavaFX Application Thread] WARN  FXGLAssetLoaderServi - Failed to load IMAGE
09:25:58.031 [JavaFX Application Thread] WARN  FXGLAssetLoaderServi - Asset "/assets/textures/orange_particle.png" was not found!
09:25:58.031 [JavaFX Application Thread] WARN  FXGLAssetLoaderServi - Failed to load IMAGE
09:26:00.261 [JavaFX Application Thread] WARN  FXGLAssetLoaderServi - Asset "/assets/textures/orange_particle.png" was not found!
09:26:00.262 [JavaFX Application Thread] WARN  FXGLAssetLoaderServi - Failed to load IMAGE
09:26:01.930 [JavaFX Application Thread] WARN  FXGLAssetLoaderServi - Asset "/assets/textures/green_particle.png" was not found!
09:26:01.930 [JavaFX Application Thread] WARN  FXGLAssetLoaderServi - Failed to load IMAGE
09:26:02.187 [JavaFX Application Thread] WARN  FXGLAssetLoaderServi - Asset "/assets/textures/orange_particle.png" was not found!
09:26:02.187 [JavaFX Application Thread] WARN  FXGLAssetLoaderServi - Failed to load IMAGE
09:26:02.927 [JavaFX Application Thread] WARN  FXGLAssetLoaderServi - Asset "/assets/textures/particles/spark.png" was not found!
09:26:02.927 [JavaFX Application Thread] WARN  FXGLAssetLoaderServi - Failed to load RESIZABLE_IMAGE
09:26:04.401 [JavaFX Application Thread] WARN  FXGLAssetLoaderServi - Asset "/assets/textures/orange_particle.png" was not found!
09:26:04.402 [JavaFX Application Thread] WARN  FXGLAssetLoaderServi - Failed to load IMAGE
09:26:06.759 [JavaFX Application Thread] WARN  FXGLAssetLoaderServi - Asset "/assets/textures/orange_particle.png" was not found!
09:26:06.759 [JavaFX Application Thread] WARN  FXGLAssetLoaderServi - Failed to load IMAGE
09:26:07.591 [JavaFX Application Thread] WARN  FXGLAssetLoaderServi - Asset "/assets/textures/green_particle.png" was not found!
09:26:07.591 [JavaFX Application Thread] WARN  FXGLAssetLoaderServi - Failed to load IMAGE
09:26:08.944 [JavaFX Application Thread] WARN  FXGLAssetLoaderServi - Asset "/assets/textures/orange_particle.png" was not found!
09:26:08.945 [JavaFX Application Thread] WARN  FXGLAssetLoaderServi - Failed to load IMAGE
09:26:11.235 [JavaFX Application Thread] WARN  FXGLAssetLoaderServi - Asset "/assets/textures/orange_particle.png" was not found!
09:26:11.235 [JavaFX Application Thread] WARN  FXGLAssetLoaderServi - Failed to load IMAGE
09:26:11.901 [JavaFX Application Thread] DEBUG PrimaryStageWindow   - Push state: DialogSubScene
09:26:11.901 [JavaFX Application Thread] DEBUG Input                - Clearing active input actions
09:26:11.901 [JavaFX Application Thread] DEBUG GameApplicationServi - Removing overlay from GameScene and adding to DialogSubScene
09:26:11.901 [JavaFX Application Thread] DEBUG PrimaryStageWindow   - GameScene -> DialogSubScene
09:26:13.114 [JavaFX Application Thread] DEBUG PrimaryStageWindow   - Pop state: DialogSubScene
09:26:13.114 [JavaFX Application Thread] DEBUG Input                - Clearing active input actions
09:26:13.114 [JavaFX Application Thread] DEBUG GameApplicationServi - Removing overlay from DialogSubScene and adding to GameScene
09:26:13.114 [JavaFX Application Thread] DEBUG PrimaryStageWindow   - GameScene <- DialogSubScene
09:26:14.979 [JavaFX Application Thread] WARN  FXGLAssetLoaderServi - Asset "/assets/textures/green_particle.png" was not found!
09:26:14.979 [JavaFX Application Thread] WARN  FXGLAssetLoaderServi - Failed to load IMAGE
09:26:15.590 [JavaFX Application Thread] WARN  FXGLAssetLoaderServi - Asset "/assets/textures/orange_particle.png" was not found!
09:26:15.590 [JavaFX Application Thread] WARN  FXGLAssetLoaderServi - Failed to load IMAGE
09:26:17.744 [JavaFX Application Thread] WARN  FXGLAssetLoaderServi - Asset "/assets/textures/orange_particle.png" was not found!
09:26:17.744 [JavaFX Application Thread] WARN  FXGLAssetLoaderServi - Failed to load IMAGE
09:26:19.926 [JavaFX Application Thread] WARN  FXGLAssetLoaderServi - Asset "/assets/textures/orange_particle.png" was not found!
09:26:19.926 [JavaFX Application Thread] WARN  FXGLAssetLoaderServi - Failed to load IMAGE
09:26:20.716 [JavaFX Application Thread] WARN  FXGLAssetLoaderServi - Asset "/assets/textures/green_particle.png" was not found!
09:26:20.718 [JavaFX Application Thread] WARN  FXGLAssetLoaderServi - Failed to load IMAGE
09:26:21.821 [JavaFX Application Thread] WARN  FXGLAssetLoaderServi - Asset "/assets/textures/particles/spark.png" was not found!
09:26:21.822 [JavaFX Application Thread] WARN  FXGLAssetLoaderServi - Failed to load RESIZABLE_IMAGE
09:26:22.290 [JavaFX Application Thread] WARN  FXGLAssetLoaderServi - Asset "/assets/textures/orange_particle.png" was not found!
09:26:22.290 [JavaFX Application Thread] WARN  FXGLAssetLoaderServi - Failed to load IMAGE
09:26:24.446 [JavaFX Application Thread] WARN  FXGLAssetLoaderServi - Asset "/assets/textures/orange_particle.png" was not found!
09:26:24.447 [JavaFX Application Thread] WARN  FXGLAssetLoaderServi - Failed to load IMAGE
09:26:26.593 [JavaFX Application Thread] WARN  FXGLAssetLoaderServi - Asset "/assets/textures/green_particle.png" was not found!
09:26:26.594 [JavaFX Application Thread] WARN  FXGLAssetLoaderServi - Failed to load IMAGE
09:26:26.965 [JavaFX Application Thread] WARN  FXGLAssetLoaderServi - Asset "/assets/textures/orange_particle.png" was not found!
09:26:26.966 [JavaFX Application Thread] WARN  FXGLAssetLoaderServi - Failed to load IMAGE
09:26:29.080 [JavaFX Application Thread] WARN  FXGLAssetLoaderServi - Asset "/assets/textures/orange_particle.png" was not found!
09:26:29.080 [JavaFX Application Thread] WARN  FXGLAssetLoaderServi - Failed to load IMAGE
09:26:31.369 [JavaFX Application Thread] WARN  FXGLAssetLoaderServi - Asset "/assets/textures/orange_particle.png" was not found!
09:26:31.370 [JavaFX Application Thread] WARN  FXGLAssetLoaderServi - Failed to load IMAGE
09:26:32.099 [JavaFX Application Thread] WARN  FXGLAssetLoaderServi - Asset "/assets/textures/green_particle.png" was not found!
09:26:32.100 [JavaFX Application Thread] WARN  FXGLAssetLoaderServi - Failed to load IMAGE
09:26:33.906 [JavaFX Application Thread] WARN  FXGLAssetLoaderServi - Asset "/assets/textures/orange_particle.png" was not found!
09:26:33.906 [JavaFX Application Thread] WARN  FXGLAssetLoaderServi - Failed to load IMAGE
09:26:36.191 [JavaFX Application Thread] WARN  FXGLAssetLoaderServi - Asset "/assets/textures/orange_particle.png" was not found!
09:26:36.191 [JavaFX Application Thread] WARN  FXGLAssetLoaderServi - Failed to load IMAGE
09:26:37.864 [JavaFX Application Thread] WARN  FXGLAssetLoaderServi - Asset "/assets/textures/green_particle.png" was not found!
09:26:37.864 [JavaFX Application Thread] WARN  FXGLAssetLoaderServi - Failed to load IMAGE
09:26:43.112 [JavaFX Application Thread] WARN  FXGLAssetLoaderServi - Asset "/assets/textures/orange_particle.png" was not found!
09:26:43.112 [JavaFX Application Thread] WARN  FXGLAssetLoaderServi - Failed to load IMAGE
09:26:44.255 [JavaFX Application Thread] WARN  FXGLAssetLoaderServi - Asset "/assets/textures/particles/spark.png" was not found!
09:26:44.255 [JavaFX Application Thread] WARN  FXGLAssetLoaderServi - Failed to load RESIZABLE_IMAGE
09:26:48.211 [JavaFX Application Thread] WARN  FXGLAssetLoaderServi - Asset "/assets/textures/orange_particle.png" was not found!
09:26:48.211 [JavaFX Application Thread] WARN  FXGLAssetLoaderServi - Failed to load IMAGE
09:26:52.842 [JavaFX Application Thread] WARN  FXGLAssetLoaderServi - Asset "/assets/textures/orange_particle.png" was not found!
09:26:52.842 [JavaFX Application Thread] WARN  FXGLAssetLoaderServi - Failed to load IMAGE
09:26:53.020 [JavaFX Application Thread] WARN  FXGLAssetLoaderServi - Asset "/assets/textures/green_particle.png" was not found!
09:26:53.021 [JavaFX Application Thread] WARN  FXGLAssetLoaderServi - Failed to load IMAGE
09:26:57.120 [JavaFX Application Thread] WARN  FXGLAssetLoaderServi - Asset "/assets/textures/orange_particle.png" was not found!
09:26:57.120 [JavaFX Application Thread] WARN  FXGLAssetLoaderServi - Failed to load IMAGE
09:26:58.928 [JavaFX Application Thread] WARN  FXGLAssetLoaderServi - Asset "/assets/textures/particles/glassparticle.png" was not found!
09:26:58.928 [JavaFX Application Thread] WARN  FXGLAssetLoaderServi - Failed to load RESIZABLE_IMAGE
09:26:59.423 [JavaFX Application Thread] DEBUG LoopRunner           - Pausing loop
09:27:10.515 [JavaFX Application Thread] DEBUG LoopRunner           - Resuming loop
09:27:10.528 [JavaFX Application Thread] DEBUG GameWorld            - Game world initialized
09:27:10.530 [JavaFX Application Thread] DEBUG PhysicsWorld         - Physics world initialized: appHeight=720, physics.ppm=50.0
09:27:10.530 [JavaFX Application Thread] DEBUG PhysicsWorld         - Using strategy: BRUTE_FORCE
09:27:10.530 [JavaFX Application Thread] DEBUG GameScene            - Game scene initialized: 1280x720
09:27:10.557 [JavaFX Application Thread] DEBUG PrimaryStageWindow   - Push state: MainMenuScene
09:27:10.579 [JavaFX Application Thread] DEBUG Input                - Clearing active input actions
09:27:10.581 [JavaFX Application Thread] DEBUG GameApplicationServi - Removing overlay from GameScene and adding to MainMenuScene
09:27:10.581 [JavaFX Application Thread] DEBUG PrimaryStageWindow   - GameScene -> MainMenuScene
09:27:12.459 [JavaFX Application Thread] DEBUG PrimaryStageWindow   - Push state: DialogSubScene
09:27:12.460 [JavaFX Application Thread] DEBUG Input                - Clearing active input actions
09:27:12.472 [JavaFX Application Thread] DEBUG GameApplicationServi - Removing overlay from MainMenuScene and adding to DialogSubScene
09:27:12.472 [JavaFX Application Thread] DEBUG PrimaryStageWindow   - MainMenuScene -> DialogSubScene
09:27:18.938 [JavaFX Application Thread] DEBUG PrimaryStageWindow   - Pop state: DialogSubScene
09:27:18.938 [JavaFX Application Thread] DEBUG Input                - Clearing active input actions
09:27:18.940 [JavaFX Application Thread] DEBUG GameApplicationServi - Removing overlay from DialogSubScene and adding to MainMenuScene
09:27:18.940 [JavaFX Application Thread] DEBUG PrimaryStageWindow   - MainMenuScene <- DialogSubScene
09:27:18.940 [JavaFX Application Thread] DEBUG GameWorld            - Game world initialized
09:27:18.941 [JavaFX Application Thread] DEBUG PhysicsWorld         - Physics world initialized: appHeight=720, physics.ppm=50.0
09:27:18.941 [JavaFX Application Thread] DEBUG PhysicsWorld         - Using strategy: BRUTE_FORCE
09:27:18.942 [JavaFX Application Thread] DEBUG GameScene            - Game scene initialized: 1280x720
09:27:18.988 [JavaFX Application Thread] DEBUG PrimaryStageWindow   - Push state: MainMenuScene
09:27:19.005 [JavaFX Application Thread] DEBUG Input                - Clearing active input actions
09:27:19.006 [JavaFX Application Thread] DEBUG GameApplicationServi - Removing overlay from MainMenuScene and adding to MainMenuScene
09:27:19.006 [JavaFX Application Thread] DEBUG PrimaryStageWindow   - MainMenuScene -> MainMenuScene
09:27:21.210 [JavaFX Application Thread] DEBUG FXGLApplication      - Exiting FXGL
09:27:21.210 [JavaFX Application Thread] DEBUG LoopRunner           - Stopping loop
09:27:21.210 [JavaFX Application Thread] DEBUG SystemBundleService  - Saving FXGL system data
09:27:21.215 [JavaFX Application Thread] DEBUG FileSystemAccess     - Writing to: C:\Users\ginac\IdeaProjects\TheOnlyException3\system\fxgl.bundle
09:27:21.222 [JavaFX Application Thread] DEBUG Async                - Shutting down background threads
09:27:21.223 [JavaFX Application Thread] DEBUG PrimaryStageWindow   - Closing main window
09:27:21.296 [JavaFX Application Thread] DEBUG Logger               - Closing Logger
