17:11:44.203 [main                     ] DEBUG Logger               - Configured Logger
17:11:44.207 [main                     ] DEBUG GameApplication      - Logging settings
Title: Prototype
Version: 0.1.5
Width: 1280
Height: 720
Fullscreen: false
Intro: false
Profiling: false
Single step:false
App Mode: DEVELOPER
Menu Key: ESCAPE
Stage Style: DECORATED
Scene Factory: class org.example.GameApp$1

17:11:44.454 [JavaFX Application Thread] DEBUG FXGLApplication      - Initializing FXGL
17:11:44.456 [JavaFX Application Thread] INFO  Engine               - FXGL-17+dev-SNAPSHOT (01.09.2022 03.33) on WINDOWS (J:24 FX:18)
17:11:44.456 [JavaFX Application Thread] DEBUG Engine               - JRE Vendor Name: Oracle Corporation
17:11:44.456 [JavaFX Application Thread] DEBUG Engine               - Running on OS: Windows 11 version 10.0
17:11:44.456 [JavaFX Application Thread] DEBUG Engine               - Architecture: amd64
17:11:44.456 [JavaFX Application Thread] INFO  Engine               - Source code and latest versions at: https://github.com/AlmasB/FXGL
17:11:44.457 [JavaFX Application Thread] INFO  Engine               -       Ask questions and discuss at: https://github.com/AlmasB/FXGL/discussions
17:11:44.457 [JavaFX Application Thread] INFO  Engine               -              Join the FXGL chat at: https://gitter.im/AlmasB/FXGL
17:11:44.516 [JavaFX Application Thread] DEBUG PrimaryStageWindow   - Creating a JavaFX scene
17:11:44.545 [JavaFX Application Thread] DEBUG PrimaryStageWindow   - Target settings size: 1280.0 x 720.0
17:11:44.545 [JavaFX Application Thread] DEBUG PrimaryStageWindow   - Scaled scene size:    1280.0 x 720.0
17:11:44.545 [JavaFX Application Thread] DEBUG PrimaryStageWindow   - Scaled ratio: (1.0, 1.0)
17:11:44.546 [JavaFX Application Thread] DEBUG PrimaryStageWindow   - Set initial scene to FXGLStartupScene
17:11:44.551 [JavaFX Application Thread] DEBUG PrimaryStageWindow   - Opening main window
17:11:44.596 [JavaFX Application Thread] DEBUG PrimaryStageWindow   - Window border size: (16.0, 39.0)
17:11:44.596 [JavaFX Application Thread] DEBUG PrimaryStageWindow   - Scaled size: 1280.0 x 720.0
17:11:44.596 [JavaFX Application Thread] DEBUG PrimaryStageWindow   - Scaled ratio: (1.0, 1.0)
17:11:44.596 [JavaFX Application Thread] DEBUG PrimaryStageWindow   - Scene size: 1280.0 x 720.0
17:11:44.596 [JavaFX Application Thread] DEBUG PrimaryStageWindow   - Stage size: 1296.0 x 759.0
17:11:44.601 [FXGL Background Thread 1 ] DEBUG Engine               - Initializing environment variables
17:11:44.636 [FXGL Background Thread 1 ] DEBUG FXGLAssetLoaderServi - User app class for loading assets: class org.example.GameApp
17:11:44.636 [FXGL Background Thread 1 ] DEBUG GameApplicationServi - Applying CSS: fxgl_dark.css
17:11:44.636 [FXGL Background Thread 1 ] DEBUG FXGLAssetLoaderServi - Loading from file system: jar:file:/C:/Users/L13X15W28/.m2/repository/com/github/AlmasB/FXGL/fxgl/17.2/fxgl-17.2.jar!/fxglassets/ui/css/fxgl_dark.css
17:11:44.661 [FXGL Background Thread 1 ] DEBUG GameApplicationServi - Initializing application scenes
17:11:44.682 [FXGL Background Thread 1 ] DEBUG GameWorld            - Game world initialized
17:11:44.717 [FXGL Background Thread 1 ] DEBUG PhysicsWorld         - Physics world initialized: appHeight=720, physics.ppm=50.0
17:11:44.717 [FXGL Background Thread 1 ] DEBUG PhysicsWorld         - Using strategy: BRUTE_FORCE
17:11:44.720 [FXGL Background Thread 1 ] DEBUG GameScene            - Game scene initialized: 1280x720
17:11:44.739 [FXGL Background Thread 1 ] DEBUG FXGL.DefaultMenu     - createMenuBodyGameMenu()
17:11:44.745 [FXGL Background Thread 1 ] DEBUG FXGL.DefaultMenu     - createOptionsMenu()
17:11:44.752 [FXGL Background Thread 1 ] DEBUG FXGLAssetLoaderServi - Loading from file system: jar:file:/C:/Users/L13X15W28/.m2/repository/com/github/AlmasB/FXGL/fxgl/17.2/fxgl-17.2.jar!/fxglassets/textures/particles/smoke.png
17:11:44.802 [FXGL Background Thread 1 ] DEBUG FXGLAssetLoaderServi - Loading from file system: jar:file:/C:/Users/L13X15W28/.m2/repository/com/github/AlmasB/FXGL/fxgl/17.2/fxgl-17.2.jar!/fxglassets/textures/particles/trace_horizontal.png
17:11:44.818 [FXGL Background Thread 1 ] DEBUG GameApplicationServi - Application scenes initialized
17:11:44.825 [FXGL Background Thread 1 ] DEBUG SystemBundleService  - Loading FXGL system data
17:11:44.828 [FXGL Background Thread 1 ] DEBUG FileSystemAccess     - Reading from: C:\Users\L13X15W28\IdeaProjects\TheOnlyException-main\system\fxgl.bundle
17:11:44.831 [FXGL Background Thread 1 ] DEBUG SystemBundleService  - Bundle FXGL: {}
17:11:44.832 [FXGL Background Thread 1 ] DEBUG UpdaterService       - Checking for updates
17:11:44.834 [FXGL Background Thread 4 ] DEBUG FXGLApplication      - Loading fonts
17:11:44.834 [FXGL Background Thread 4 ] DEBUG FXGLAssetLoaderServi - Loading from file system: jar:file:/C:/Users/L13X15W28/.m2/repository/com/github/AlmasB/FXGL/fxgl-samples/17.2/fxgl-samples-17.2.jar!/assets/ui/fonts/VarelaRound-Regular.ttf
17:11:44.835 [FXGL Background Thread 1 ] DEBUG FXGLApplication      - Loading default localization
17:11:44.835 [FXGL Background Thread 1 ] DEBUG FXGLAssetLoaderServi - Loading from file system: jar:file:/C:/Users/L13X15W28/.m2/repository/com/github/AlmasB/FXGL/fxgl/17.2/fxgl-17.2.jar!/fxglassets/languages/english.lang
17:11:44.854 [FXGL Background Thread 1 ] INFO  FXGLApplication      - FXGL initialization took: 0.253 sec
17:11:44.858 [JavaFX Application Thread] DEBUG Input                - Registered new binding: action0 - A
17:11:44.859 [JavaFX Application Thread] DEBUG Input                - Registered new binding: action1 - D
17:11:44.859 [JavaFX Application Thread] DEBUG Input                - Registered new binding: action2 - W
17:11:44.859 [JavaFX Application Thread] DEBUG Input                - Registered new binding: action3 - S
17:11:44.859 [JavaFX Application Thread] DEBUG FXGLAssetLoaderServi - Loading from file system: jar:file:/C:/Users/L13X15W28/.m2/repository/com/github/AlmasB/FXGL/fxgl/17.2/fxgl-17.2.jar!/fxglassets/textures/fxgl_icon.png
17:11:44.859 [FXGL Background Thread 4 ] DEBUG FXGLAssetLoaderServi - Loading from file system: jar:file:/C:/Users/L13X15W28/.m2/repository/com/github/AlmasB/FXGL/fxgl/17.2/fxgl-17.2.jar!/fxglassets/ui/fonts/Abel-Regular.ttf
17:11:44.868 [FXGL Background Thread 4 ] DEBUG FXGLAssetLoaderServi - Loading from file system: jar:file:/C:/Users/L13X15W28/.m2/repository/com/github/AlmasB/FXGL/fxgl/17.2/fxgl-17.2.jar!/fxglassets/ui/fonts/TerminalLandMono-Regular.otf
17:11:44.872 [JavaFX Application Thread] DEBUG FXGLAssetLoaderServi - Loading from file system: jar:file:/C:/Users/L13X15W28/.m2/repository/com/github/AlmasB/FXGL/fxgl/17.2/fxgl-17.2.jar!/fxglassets/textures/fxgl_default_cursor.png
17:11:44.873 [JavaFX Application Thread] DEBUG Input                - Registered new binding: Screenshot - CTRL+8
17:11:44.874 [JavaFX Application Thread] DEBUG Input                - Registered new binding: System info dump - CTRL+9
17:11:44.874 [JavaFX Application Thread] DEBUG Input                - Registered new binding: Restart - CTRL+R
17:11:44.875 [JavaFX Application Thread] DEBUG Input                - Registered new binding: Toggle Debug Camera - CTRL+7
17:11:44.876 [JavaFX Application Thread] DEBUG LoopRunner           - Starting loop
17:11:44.877 [JavaFX Application Thread] DEBUG LoopRunner           - Initializing JavaFX AnimationTimerLoop
17:11:44.877 [FXGL Background Thread 4 ] DEBUG FXGLAssetLoaderServi - Loading from file system: jar:file:/C:/Users/L13X15W28/.m2/repository/com/github/AlmasB/FXGL/fxgl/17.2/fxgl-17.2.jar!/fxglassets/ui/fonts/Courier-Prime.ttf
17:11:44.880 [JavaFX Application Thread] DEBUG Input                - Clearing active input actions
17:11:44.883 [JavaFX Application Thread] DEBUG GameApplicationServi - Removing overlay from FXGLStartupScene and adding to FXGLMainMenuDummyScene
17:11:44.883 [JavaFX Application Thread] DEBUG PrimaryStageWindow   - FXGLStartupScene -> FXGLMainMenuDummyScene
17:11:44.883 [JavaFX Application Thread] DEBUG PrimaryStageWindow   - Push state: NameInputScene
17:11:44.884 [JavaFX Application Thread] DEBUG Input                - Clearing active input actions
17:11:44.890 [JavaFX Application Thread] DEBUG GameApplicationServi - Removing overlay from FXGLMainMenuDummyScene and adding to NameInputScene
17:11:44.890 [JavaFX Application Thread] DEBUG PrimaryStageWindow   - FXGLMainMenuDummyScene -> NameInputScene
17:11:44.977 [JavaFX Application Thread] DEBUG FXGLApplication      - Registering font factories with UI factory
17:11:45.114 [FXGL Background Thread 2 ] INFO  UpdaterService       - Your current version:  17+dev-SNAPSHOT
17:11:45.114 [FXGL Background Thread 2 ] INFO  UpdaterService       - Latest stable version: 21.1
17:11:47.530 [JavaFX Application Thread] DEBUG FXGLApplication      - Exiting FXGL
17:11:47.530 [JavaFX Application Thread] DEBUG LoopRunner           - Stopping loop
17:11:47.530 [JavaFX Application Thread] DEBUG SystemBundleService  - Saving FXGL system data
17:11:47.531 [JavaFX Application Thread] DEBUG FileSystemAccess     - Writing to: C:\Users\L13X15W28\IdeaProjects\TheOnlyException-main\system\fxgl.bundle
17:11:47.532 [JavaFX Application Thread] DEBUG Async                - Shutting down background threads
17:11:47.532 [JavaFX Application Thread] DEBUG PrimaryStageWindow   - Closing main window
17:11:47.538 [JavaFX Application Thread] DEBUG Logger               - Closing Logger
