01:24:52.191 [main                     ] DEBUG Logger               - Configured Logger
01:24:52.201 [main                     ] DEBUG GameApplication      - Logging settings
Title: Prototype Game
Version: 0.1.5
Width: 1280
Height: 720
Fullscreen: false
Intro: false
Profiling: false
Single step:false
App Mode: DEVELOPER
Menu Key: ESCAPE
Stage Style: DECORATED
Scene Factory: class org.example.GameApp$1

01:24:53.060 [JavaFX Application Thread] DEBUG FXGLApplication      - Initializing FXGL
01:24:53.065 [JavaFX Application Thread] INFO  Engine               - FXGL-17+dev-SNAPSHOT (01.09.2022 03.33) on WINDOWS (J:24 FX:17)
01:24:53.066 [JavaFX Application Thread] DEBUG Engine               - JRE Vendor Name: Oracle Corporation
01:24:53.066 [JavaFX Application Thread] DEBUG Engine               - Running on OS: Windows 11 version 10.0
01:24:53.066 [JavaFX Application Thread] DEBUG Engine               - Architecture: amd64
01:24:53.066 [JavaFX Application Thread] INFO  Engine               - Source code and latest versions at: https://github.com/AlmasB/FXGL
01:24:53.068 [JavaFX Application Thread] INFO  Engine               -       Ask questions and discuss at: https://github.com/AlmasB/FXGL/discussions
01:24:53.068 [JavaFX Application Thread] INFO  Engine               -              Join the FXGL chat at: https://gitter.im/AlmasB/FXGL
01:24:53.374 [JavaFX Application Thread] DEBUG PrimaryStageWindow   - Creating a JavaFX scene
01:24:53.374 [JavaFX Application Thread] DEBUG PrimaryStageWindow   - Target size > screen size
01:24:53.472 [JavaFX Application Thread] DEBUG PrimaryStageWindow   - Target settings size: 1280.0 x 720.0
01:24:53.472 [JavaFX Application Thread] DEBUG PrimaryStageWindow   - Scaled scene size:    1169.0 x 671.0
01:24:53.472 [JavaFX Application Thread] DEBUG PrimaryStageWindow   - Scaled ratio: (0.91328125, 0.9319444444444445)
01:24:53.474 [JavaFX Application Thread] DEBUG PrimaryStageWindow   - Set initial scene to FXGLStartupScene
01:24:53.491 [JavaFX Application Thread] DEBUG PrimaryStageWindow   - Opening main window
01:24:53.688 [JavaFX Application Thread] DEBUG PrimaryStageWindow   - Window border size: (15.0, 37.66668701171875)
01:24:53.688 [JavaFX Application Thread] DEBUG PrimaryStageWindow   - Scaled size: 1169.0 x 671.0
01:24:53.689 [JavaFX Application Thread] DEBUG PrimaryStageWindow   - Scaled ratio: (0.91328125, 0.9319444444444445)
01:24:53.689 [JavaFX Application Thread] DEBUG PrimaryStageWindow   - Scene size: 1169.0 x 671.0
01:24:53.690 [JavaFX Application Thread] DEBUG PrimaryStageWindow   - Stage size: 1184.0 x 708.6666870117188
01:24:53.705 [FXGL Background Thread 1 ] DEBUG Engine               - Initializing environment variables
01:24:53.805 [FXGL Background Thread 1 ] DEBUG FXGLAssetLoaderServi - User app class for loading assets: class org.example.GameApp
01:24:53.806 [FXGL Background Thread 1 ] DEBUG GameApplicationServi - Applying CSS: fxgl_dark.css
01:24:53.808 [FXGL Background Thread 1 ] DEBUG FXGLAssetLoaderServi - Loading from file system: jar:file:/C:/Users/ginac/.m2/repository/com/github/AlmasB/FXGL/fxgl/17.2/fxgl-17.2.jar!/fxglassets/ui/css/fxgl_dark.css
01:24:53.907 [FXGL Background Thread 1 ] DEBUG GameApplicationServi - Initializing application scenes
01:24:54.047 [FXGL Background Thread 1 ] DEBUG GameWorld            - Game world initialized
01:24:54.167 [FXGL Background Thread 1 ] DEBUG PhysicsWorld         - Physics world initialized: appHeight=720, physics.ppm=50.0
01:24:54.168 [FXGL Background Thread 1 ] DEBUG PhysicsWorld         - Using strategy: BRUTE_FORCE
01:24:54.174 [FXGL Background Thread 1 ] DEBUG GameScene            - Game scene initialized: 1280x720
01:24:54.196 [FXGL Background Thread 1 ] DEBUG FXGL.DefaultMenu     - createMenuBodyGameMenu()
01:24:54.232 [FXGL Background Thread 1 ] DEBUG FXGL.DefaultMenu     - createOptionsMenu()
01:24:54.258 [FXGL Background Thread 1 ] DEBUG FXGLAssetLoaderServi - Loading from file system: jar:file:/C:/Users/ginac/.m2/repository/com/github/AlmasB/FXGL/fxgl/17.2/fxgl-17.2.jar!/fxglassets/textures/particles/smoke.png
01:24:54.431 [FXGL Background Thread 1 ] DEBUG FXGLAssetLoaderServi - Loading from file system: jar:file:/C:/Users/ginac/.m2/repository/com/github/AlmasB/FXGL/fxgl/17.2/fxgl-17.2.jar!/fxglassets/textures/particles/trace_horizontal.png
01:24:54.481 [FXGL Background Thread 1 ] DEBUG GameApplicationServi - Application scenes initialized
01:24:54.507 [FXGL Background Thread 1 ] DEBUG SystemBundleService  - Loading FXGL system data
01:24:54.509 [FXGL Background Thread 1 ] DEBUG FileSystemAccess     - Reading from: C:\Users\ginac\IdeaProjects\TheOnlyException\system\fxgl.bundle
01:24:54.513 [FXGL Background Thread 1 ] DEBUG SystemBundleService  - Bundle FXGL: {}
01:24:54.513 [FXGL Background Thread 1 ] DEBUG UpdaterService       - Checking for updates
01:24:54.523 [FXGL Background Thread 4 ] DEBUG FXGLApplication      - Loading fonts
01:24:54.523 [FXGL Background Thread 4 ] DEBUG FXGLAssetLoaderServi - Loading from file system: jar:file:/C:/Users/ginac/.m2/repository/com/github/AlmasB/FXGL/fxgl-samples/17.2/fxgl-samples-17.2.jar!/assets/ui/fonts/VarelaRound-Regular.ttf
01:24:54.524 [FXGL Background Thread 1 ] DEBUG FXGLApplication      - Loading default localization
01:24:54.526 [FXGL Background Thread 1 ] DEBUG FXGLAssetLoaderServi - Loading from file system: jar:file:/C:/Users/ginac/.m2/repository/com/github/AlmasB/FXGL/fxgl/17.2/fxgl-17.2.jar!/fxglassets/languages/english.lang
01:24:54.546 [FXGL Background Thread 4 ] DEBUG FXGLAssetLoaderServi - Loading from file system: jar:file:/C:/Users/ginac/.m2/repository/com/github/AlmasB/FXGL/fxgl/17.2/fxgl-17.2.jar!/fxglassets/ui/fonts/Abel-Regular.ttf
01:24:54.555 [FXGL Background Thread 4 ] DEBUG FXGLAssetLoaderServi - Loading from file system: jar:file:/C:/Users/ginac/.m2/repository/com/github/AlmasB/FXGL/fxgl/17.2/fxgl-17.2.jar!/fxglassets/ui/fonts/TerminalLandMono-Regular.otf
01:24:54.567 [FXGL Background Thread 4 ] DEBUG FXGLAssetLoaderServi - Loading from file system: jar:file:/C:/Users/ginac/.m2/repository/com/github/AlmasB/FXGL/fxgl/17.2/fxgl-17.2.jar!/fxglassets/ui/fonts/Courier-Prime.ttf
01:24:54.569 [FXGL Background Thread 1 ] INFO  FXGLApplication      - FXGL initialization took: 0.864 sec
01:24:54.589 [JavaFX Application Thread] DEBUG Input                - Registered new binding: action0 - A
01:24:54.590 [JavaFX Application Thread] DEBUG Input                - Registered new binding: action1 - D
01:24:54.592 [JavaFX Application Thread] DEBUG Input                - Registered new binding: action2 - W
01:24:54.592 [JavaFX Application Thread] DEBUG Input                - Registered new binding: action3 - S
01:24:54.593 [JavaFX Application Thread] DEBUG FXGLAssetLoaderServi - Loading from file system: jar:file:/C:/Users/ginac/.m2/repository/com/github/AlmasB/FXGL/fxgl/17.2/fxgl-17.2.jar!/fxglassets/textures/fxgl_icon.png
01:24:54.651 [JavaFX Application Thread] DEBUG FXGLAssetLoaderServi - Loading from file system: jar:file:/C:/Users/ginac/.m2/repository/com/github/AlmasB/FXGL/fxgl/17.2/fxgl-17.2.jar!/fxglassets/textures/fxgl_default_cursor.png
01:24:54.660 [JavaFX Application Thread] DEBUG Input                - Registered new binding: Screenshot - CTRL+8
01:24:54.662 [JavaFX Application Thread] DEBUG Input                - Registered new binding: System info dump - CTRL+9
01:24:54.663 [JavaFX Application Thread] DEBUG Input                - Registered new binding: Restart - CTRL+R
01:24:54.664 [JavaFX Application Thread] DEBUG Input                - Registered new binding: Toggle Debug Camera - CTRL+7
01:24:54.669 [JavaFX Application Thread] DEBUG LoopRunner           - Starting loop
01:24:54.669 [JavaFX Application Thread] DEBUG LoopRunner           - Initializing JavaFX AnimationTimerLoop
01:24:54.675 [JavaFX Application Thread] DEBUG Input                - Clearing active input actions
01:24:54.689 [JavaFX Application Thread] DEBUG GameApplicationServi - Removing overlay from FXGLStartupScene and adding to FXGLMainMenuDummyScene
01:24:54.689 [JavaFX Application Thread] DEBUG PrimaryStageWindow   - FXGLStartupScene -> FXGLMainMenuDummyScene
01:24:54.690 [JavaFX Application Thread] DEBUG PrimaryStageWindow   - Push state: NameInputScene
01:24:55.215 [JavaFX Application Thread] DEBUG Input                - Clearing active input actions
01:24:55.238 [JavaFX Application Thread] DEBUG GameApplicationServi - Removing overlay from FXGLMainMenuDummyScene and adding to NameInputScene
01:24:55.238 [JavaFX Application Thread] DEBUG PrimaryStageWindow   - FXGLMainMenuDummyScene -> NameInputScene
01:24:55.254 [JavaFX Application Thread] DEBUG FXGLApplication      - Registering font factories with UI factory
01:24:55.398 [FXGL Background Thread 2 ] INFO  UpdaterService       - Your current version:  17+dev-SNAPSHOT
01:24:55.399 [FXGL Background Thread 2 ] INFO  UpdaterService       - Latest stable version: 21.1
01:24:57.520 [FXGL Background Thread 3 ] DEBUG Engine               - Logging environment variables
01:24:57.521 [FXGL Background Thread 3 ] DEBUG Engine               - achievements: []
01:24:57.521 [FXGL Background Thread 3 ] DEBUG Engine               - actualHeight: 671.0
01:24:57.521 [FXGL Background Thread 3 ] DEBUG Engine               - actualHeightProperty: ReadOnlyDoubleProperty [value: 671.0]
01:24:57.521 [FXGL Background Thread 3 ] DEBUG Engine               - actualWidth: 1169.0
01:24:57.522 [FXGL Background Thread 3 ] DEBUG Engine               - actualWidthProperty: ReadOnlyDoubleProperty [value: 1169.0]
01:24:57.522 [FXGL Background Thread 3 ] DEBUG Engine               - appIcon: fxgl_icon.png
01:24:57.522 [FXGL Background Thread 3 ] DEBUG Engine               - applicationMode: DEVELOPER
01:24:57.522 [FXGL Background Thread 3 ] DEBUG Engine               - cSSList: [fxgl_dark.css]
01:24:57.522 [FXGL Background Thread 3 ] DEBUG Engine               - collisionDetectionStrategy: BRUTE_FORCE
01:24:57.522 [FXGL Background Thread 3 ] DEBUG Engine               - configClass: Optional.empty
01:24:57.522 [FXGL Background Thread 3 ] DEBUG Engine               - credits: []
01:24:57.522 [FXGL Background Thread 3 ] DEBUG Engine               - defaultCursor: CursorInfo(imageName=fxgl_default_cursor.png, hotspotX=7.0, hotspotY=6.0)
01:24:57.522 [FXGL Background Thread 3 ] DEBUG Engine               - devBBoxColorProperty: ObjectProperty [value: 0xff0000ff]
01:24:57.522 [FXGL Background Thread 3 ] DEBUG Engine               - devEnableDebugCameraProperty: BooleanProperty [value: false]
01:24:57.522 [FXGL Background Thread 3 ] DEBUG Engine               - devSensorColorProperty: ObjectProperty [value: 0xffff00ff]
01:24:57.522 [FXGL Background Thread 3 ] DEBUG Engine               - devShowBBoxProperty: BooleanProperty [value: false]
01:24:57.522 [FXGL Background Thread 3 ] DEBUG Engine               - devShowPositionProperty: BooleanProperty [value: false]
01:24:57.522 [FXGL Background Thread 3 ] DEBUG Engine               - enabledMenuItems: []
01:24:57.523 [FXGL Background Thread 3 ] DEBUG Engine               - engineServices: [class com.almasb.fxgl.app.services.FXGLAssetLoaderService, class com.almasb.fxgl.app.FXGLApplication$GameApplicationService, class com.almasb.fxgl.app.services.FXGLDialogService, class com.almasb.fxgl.app.services.IOTaskExecutorService, class com.almasb.fxgl.io.FileSystemService, class com.almasb.fxgl.localization.LocalizationService, class com.almasb.fxgl.app.services.SystemBundleService, class com.almasb.fxgl.profile.SaveLoadService, class com.almasb.fxgl.ui.FXGLUIFactoryServiceProvider, class com.almasb.fxgl.ui.FXGLDialogFactoryServiceProvider, class com.almasb.fxgl.audio.AudioPlayer, class com.almasb.fxgl.notification.impl.NotificationServiceProvider, class com.almasb.fxgl.achievement.AchievementService, class com.almasb.fxgl.cutscene.CutsceneService, class com.almasb.fxgl.minigames.MiniGameService, class com.almasb.fxgl.net.NetService, class com.almasb.fxgl.app.services.UpdaterService, class com.almasb.fxgl.dev.DevService]
01:24:57.523 [FXGL Background Thread 3 ] DEBUG Engine               - fontGame: Abel-Regular.ttf
01:24:57.523 [FXGL Background Thread 3 ] DEBUG Engine               - fontMono: TerminalLandMono-Regular.otf
01:24:57.523 [FXGL Background Thread 3 ] DEBUG Engine               - fontText: Courier-Prime.ttf
01:24:57.523 [FXGL Background Thread 3 ] DEBUG Engine               - fontUI: VarelaRound-Regular.ttf
01:24:57.523 [FXGL Background Thread 3 ] DEBUG Engine               - fullScreen: BooleanProperty [value: false]
01:24:57.523 [FXGL Background Thread 3 ] DEBUG Engine               - gameDifficulty: MEDIUM
01:24:57.523 [FXGL Background Thread 3 ] DEBUG Engine               - gameDifficultyProperty: ObjectProperty [value: MEDIUM]
01:24:57.523 [FXGL Background Thread 3 ] DEBUG Engine               - globalMusicVolume: 0.5
01:24:57.523 [FXGL Background Thread 3 ] DEBUG Engine               - globalMusicVolumeProperty: DoubleProperty [value: 0.5]
01:24:57.523 [FXGL Background Thread 3 ] DEBUG Engine               - globalSoundVolume: 0.5
01:24:57.523 [FXGL Background Thread 3 ] DEBUG Engine               - globalSoundVolumeProperty: DoubleProperty [value: 0.5]
01:24:57.523 [FXGL Background Thread 3 ] DEBUG Engine               - height: 720
01:24:57.523 [FXGL Background Thread 3 ] DEBUG Engine               - is3D: false
01:24:57.523 [FXGL Background Thread 3 ] DEBUG Engine               - isAndroid: false
01:24:57.523 [FXGL Background Thread 3 ] DEBUG Engine               - isBrowser: false
01:24:57.523 [FXGL Background Thread 3 ] DEBUG Engine               - isClickFeedbackEnabled: false
01:24:57.523 [FXGL Background Thread 3 ] DEBUG Engine               - isCloseConfirmation: false
01:24:57.523 [FXGL Background Thread 3 ] DEBUG Engine               - isDesktop: true
01:24:57.523 [FXGL Background Thread 3 ] DEBUG Engine               - isDeveloperMenuEnabled: false
01:24:57.523 [FXGL Background Thread 3 ] DEBUG Engine               - isEmbedded: false
01:24:57.523 [FXGL Background Thread 3 ] DEBUG Engine               - isEntityPreloadEnabled: true
01:24:57.525 [FXGL Background Thread 3 ] DEBUG Engine               - isExperimentalTiledLargeMap: false
01:24:57.525 [FXGL Background Thread 3 ] DEBUG Engine               - isFileSystemWriteAllowed: true
01:24:57.525 [FXGL Background Thread 3 ] DEBUG Engine               - isFullScreenAllowed: false
01:24:57.525 [FXGL Background Thread 3 ] DEBUG Engine               - isFullScreenFromStart: false
01:24:57.525 [FXGL Background Thread 3 ] DEBUG Engine               - isGameMenuEnabled: true
01:24:57.525 [FXGL Background Thread 3 ] DEBUG Engine               - isIOS: false
01:24:57.525 [FXGL Background Thread 3 ] DEBUG Engine               - isIntroEnabled: false
01:24:57.525 [FXGL Background Thread 3 ] DEBUG Engine               - isLinux: false
01:24:57.525 [FXGL Background Thread 3 ] DEBUG Engine               - isMac: false
01:24:57.525 [FXGL Background Thread 3 ] DEBUG Engine               - isMainMenuEnabled: true
01:24:57.525 [FXGL Background Thread 3 ] DEBUG Engine               - isManualResizeEnabled: false
01:24:57.525 [FXGL Background Thread 3 ] DEBUG Engine               - isMobile: false
01:24:57.525 [FXGL Background Thread 3 ] DEBUG Engine               - isNative: false
01:24:57.525 [FXGL Background Thread 3 ] DEBUG Engine               - isPauseMusicWhenMinimized: true
01:24:57.525 [FXGL Background Thread 3 ] DEBUG Engine               - isPreserveResizeRatio: false
01:24:57.526 [FXGL Background Thread 3 ] DEBUG Engine               - isProfilingEnabled: false
01:24:57.526 [FXGL Background Thread 3 ] DEBUG Engine               - isScaleAffectedOnResize: true
01:24:57.526 [FXGL Background Thread 3 ] DEBUG Engine               - isSingleStep: false
01:24:57.526 [FXGL Background Thread 3 ] DEBUG Engine               - isUserProfileEnabled: false
01:24:57.526 [FXGL Background Thread 3 ] DEBUG Engine               - isWindows: true
01:24:57.526 [FXGL Background Thread 3 ] DEBUG Engine               - language: ObjectProperty [value: ENGLISH]
01:24:57.526 [FXGL Background Thread 3 ] DEBUG Engine               - menuKey: ESCAPE
01:24:57.526 [FXGL Background Thread 3 ] DEBUG Engine               - mouseSensitivity: 0.2
01:24:57.526 [FXGL Background Thread 3 ] DEBUG Engine               - notificationViewClass: class com.almasb.fxgl.notification.view.XboxNotificationView
01:24:57.526 [FXGL Background Thread 3 ] DEBUG Engine               - pixelsPerMeter: 50.0
01:24:57.526 [FXGL Background Thread 3 ] DEBUG Engine               - platform: WINDOWS
01:24:57.526 [FXGL Background Thread 3 ] DEBUG Engine               - prefHeightProperty: ReadOnlyDoubleProperty [value: 720.0]
01:24:57.526 [FXGL Background Thread 3 ] DEBUG Engine               - prefWidthProperty: ReadOnlyDoubleProperty [value: 1280.0]
01:24:57.527 [FXGL Background Thread 3 ] DEBUG Engine               - profileDir: profiles/
01:24:57.527 [FXGL Background Thread 3 ] DEBUG Engine               - profileName: StringProperty [value: DEFAULT]
01:24:57.527 [FXGL Background Thread 3 ] DEBUG Engine               - randomSeed: -1
01:24:57.527 [FXGL Background Thread 3 ] DEBUG Engine               - runtimeInfo: RuntimeInfo(platform=WINDOWS, version=17+dev-SNAPSHOT, build=01.09.2022 03.33)
01:24:57.527 [FXGL Background Thread 3 ] DEBUG Engine               - saveFileExt: sav
01:24:57.527 [FXGL Background Thread 3 ] DEBUG Engine               - scaledHeightProp$fxgl: DoubleProperty [bound, value: 671.0]
01:24:57.527 [FXGL Background Thread 3 ] DEBUG Engine               - scaledWidthProp$fxgl: DoubleProperty [bound, value: 1169.0]
01:24:57.527 [FXGL Background Thread 3 ] DEBUG Engine               - sceneFactory: org.example.GameApp$1@6a6feef4
01:24:57.527 [FXGL Background Thread 3 ] DEBUG Engine               - secondsIn24h: 60
01:24:57.527 [FXGL Background Thread 3 ] DEBUG Engine               - soundMenuBack: menu/back.wav
01:24:57.527 [FXGL Background Thread 3 ] DEBUG Engine               - soundMenuPress: menu/press.wav
01:24:57.527 [FXGL Background Thread 3 ] DEBUG Engine               - soundMenuSelect: menu/select.wav
01:24:57.528 [FXGL Background Thread 3 ] DEBUG Engine               - soundNotification: core/notification.wav
01:24:57.528 [FXGL Background Thread 3 ] DEBUG Engine               - stageStyle: DECORATED
01:24:57.528 [FXGL Background Thread 3 ] DEBUG Engine               - supportedLanguages: [ENGLISH, FRENCH, GERMAN, HUNGARIAN, RUSSIAN]
01:24:57.528 [FXGL Background Thread 3 ] DEBUG Engine               - ticksPerSecond: -1
01:24:57.528 [FXGL Background Thread 3 ] DEBUG Engine               - title: Prototype Game
01:24:57.528 [FXGL Background Thread 3 ] DEBUG Engine               - urlGithub: https://github.com/AlmasB/FXGL
01:24:57.528 [FXGL Background Thread 3 ] DEBUG Engine               - urlLeaderboard: http://fxgl-top.herokuapp.com/
01:24:57.528 [FXGL Background Thread 3 ] DEBUG Engine               - urlPOM: https://raw.githubusercontent.com/AlmasB/FXGL/release/README.md
01:24:57.528 [FXGL Background Thread 3 ] DEBUG Engine               - userAppClass: class org.example.GameApp
01:24:57.528 [FXGL Background Thread 3 ] DEBUG Engine               - version: 0.1.5
01:24:57.528 [FXGL Background Thread 3 ] DEBUG Engine               - versionCheckDays: 7
01:24:57.528 [FXGL Background Thread 3 ] DEBUG Engine               - width: 1280
01:24:57.528 [FXGL Background Thread 3 ] DEBUG Engine               - Logging services
01:24:57.528 [FXGL Background Thread 3 ] DEBUG Engine               - class com.almasb.fxgl.app.services.FXGLAssetLoaderService
01:24:57.529 [FXGL Background Thread 3 ] DEBUG Engine               - class com.almasb.fxgl.app.FXGLApplication$GameApplicationService
01:24:57.529 [FXGL Background Thread 3 ] DEBUG Engine               - class com.almasb.fxgl.app.services.FXGLDialogService
01:24:57.529 [FXGL Background Thread 3 ] DEBUG Engine               - class com.almasb.fxgl.app.services.IOTaskExecutorService
01:24:57.529 [FXGL Background Thread 3 ] DEBUG Engine               - class com.almasb.fxgl.io.FileSystemService
01:24:57.529 [FXGL Background Thread 3 ] DEBUG Engine               - class com.almasb.fxgl.localization.LocalizationService
01:24:57.529 [FXGL Background Thread 3 ] DEBUG Engine               - class com.almasb.fxgl.app.services.SystemBundleService
01:24:57.529 [FXGL Background Thread 3 ] DEBUG Engine               - class com.almasb.fxgl.profile.SaveLoadService
01:24:57.529 [FXGL Background Thread 3 ] DEBUG Engine               - class com.almasb.fxgl.ui.FXGLUIFactoryServiceProvider
01:24:57.529 [FXGL Background Thread 3 ] DEBUG Engine               - class com.almasb.fxgl.ui.FXGLDialogFactoryServiceProvider
01:24:57.529 [FXGL Background Thread 3 ] DEBUG Engine               - class com.almasb.fxgl.audio.AudioPlayer
01:24:57.531 [FXGL Background Thread 3 ] DEBUG Engine               - class com.almasb.fxgl.notification.impl.NotificationServiceProvider
01:24:57.531 [FXGL Background Thread 3 ] DEBUG Engine               - class com.almasb.fxgl.achievement.AchievementService
01:24:57.531 [FXGL Background Thread 3 ] DEBUG Engine               - class com.almasb.fxgl.cutscene.CutsceneService
01:24:57.531 [FXGL Background Thread 3 ] DEBUG Engine               - class com.almasb.fxgl.minigames.MiniGameService
01:24:57.531 [FXGL Background Thread 3 ] DEBUG Engine               - class com.almasb.fxgl.net.NetService
01:24:57.531 [FXGL Background Thread 3 ] DEBUG Engine               - class com.almasb.fxgl.app.services.UpdaterService
01:24:57.531 [FXGL Background Thread 3 ] DEBUG Engine               - class com.almasb.fxgl.dev.DevService
01:24:59.914 [JavaFX Application Thread] DEBUG PrimaryStageWindow   - Pop state: NameInputScene
01:24:59.914 [JavaFX Application Thread] DEBUG Input                - Clearing active input actions
01:24:59.915 [JavaFX Application Thread] DEBUG GameApplicationServi - Removing overlay from NameInputScene and adding to FXGLMainMenuDummyScene
01:24:59.915 [JavaFX Application Thread] DEBUG PrimaryStageWindow   - FXGLMainMenuDummyScene <- NameInputScene
01:24:59.915 [JavaFX Application Thread] WARN  PrimaryStageWindow   - Cannot set to FXGLMainMenuDummyScene. Probably because subscenes are present.
01:24:59.916 [JavaFX Application Thread] DEBUG PrimaryStageWindow   - Push state: NameInputScene
01:24:59.930 [JavaFX Application Thread] DEBUG Input                - Clearing active input actions
01:24:59.935 [JavaFX Application Thread] DEBUG GameApplicationServi - Removing overlay from FXGLMainMenuDummyScene and adding to NameInputScene
01:24:59.935 [JavaFX Application Thread] DEBUG PrimaryStageWindow   - FXGLMainMenuDummyScene -> NameInputScene
01:25:05.727 [JavaFX Application Thread] DEBUG FXGLApplication      - Exiting FXGL
01:25:05.727 [JavaFX Application Thread] DEBUG LoopRunner           - Stopping loop
01:25:05.727 [JavaFX Application Thread] DEBUG SystemBundleService  - Saving FXGL system data
01:25:05.730 [JavaFX Application Thread] DEBUG FileSystemAccess     - Writing to: C:\Users\ginac\IdeaProjects\TheOnlyException\system\fxgl.bundle
01:25:05.735 [JavaFX Application Thread] DEBUG Async                - Shutting down background threads
01:25:05.736 [JavaFX Application Thread] DEBUG PrimaryStageWindow   - Closing main window
01:25:05.768 [JavaFX Application Thread] DEBUG Logger               - Closing Logger
