21:41:02.713 [main                     ] DEBUG Logger               - Configured Logger
21:41:02.718 [main                     ] DEBUG GameApplication      - Logging settings
Title: Prototype Game
Version: 0.1.5
Width: 1280
Height: 720
Fullscreen: false
Intro: false
Profiling: false
Single step:false
App Mode: DEVELOPER
Menu Key: ESCAPE
Stage Style: DECORATED
Scene Factory: class org.example.core.GameApp$1

21:41:03.053 [JavaFX Application Thread] DEBUG FXGLApplication      - Initializing FXGL
21:41:03.055 [JavaFX Application Thread] INFO  Engine               - FXGL-21+dev-SNAPSHOT (26.03.2024 19.46) on WINDOWS (J:24 FX:21.0.1)
21:41:03.055 [JavaFX Application Thread] DEBUG Engine               - JRE Vendor Name: Oracle Corporation
21:41:03.055 [JavaFX Application Thread] DEBUG Engine               - Running on OS: Windows 11 version 10.0
21:41:03.055 [JavaFX Application Thread] DEBUG Engine               - Architecture: amd64
21:41:03.055 [JavaFX Application Thread] INFO  Engine               - Source code and latest versions at: https://github.com/AlmasB/FXGL
21:41:03.055 [JavaFX Application Thread] INFO  Engine               -       Ask questions and discuss at: https://github.com/AlmasB/FXGL/discussions
21:41:03.055 [JavaFX Application Thread] INFO  Engine               -              Join the FXGL chat at: https://gitter.im/AlmasB/FXGL
21:41:03.145 [JavaFX Application Thread] DEBUG PrimaryStageWindow   - Creating a JavaFX scene
21:41:03.187 [JavaFX Application Thread] DEBUG PrimaryStageWindow   - Target settings size: 1280.0 x 720.0
21:41:03.187 [JavaFX Application Thread] DEBUG PrimaryStageWindow   - Scaled scene size:    1280.0 x 720.0
21:41:03.187 [JavaFX Application Thread] DEBUG PrimaryStageWindow   - Scaled ratio: (1.0, 1.0)
21:41:03.188 [JavaFX Application Thread] DEBUG PrimaryStageWindow   - Set initial scene to FXGLStartupScene
21:41:03.191 [JavaFX Application Thread] DEBUG PrimaryStageWindow   - Opening main window
21:41:03.285 [JavaFX Application Thread] DEBUG PrimaryStageWindow   - Window border size: (16.0, 39.0)
21:41:03.285 [JavaFX Application Thread] DEBUG PrimaryStageWindow   - Scaled size: 1280.0 x 720.0
21:41:03.285 [JavaFX Application Thread] DEBUG PrimaryStageWindow   - Scaled ratio: (1.0, 1.0)
21:41:03.285 [JavaFX Application Thread] DEBUG PrimaryStageWindow   - Scene size: 1280.0 x 720.0
21:41:03.285 [JavaFX Application Thread] DEBUG PrimaryStageWindow   - Stage size: 1296.0 x 759.0
21:41:03.291 [FXGL Background Thread 1 ] DEBUG Engine               - Initializing environment variables
21:41:03.334 [FXGL Background Thread 1 ] DEBUG FXGLAssetLoaderServi - User app class for loading assets: class org.example.core.GameApp
21:41:03.335 [FXGL Background Thread 1 ] DEBUG GameApplicationServi - Applying CSS: fxgl_dark.css
21:41:03.335 [FXGL Background Thread 1 ] DEBUG FXGLAssetLoaderServi - Loading from file system: jar:file:/C:/Users/primzcm/.m2/repository/com/github/almasb/fxgl/fxgl/21.1/fxgl-21.1.jar!/fxglassets/ui/css/fxgl_dark.css
21:41:03.368 [FXGL Background Thread 1 ] DEBUG GameApplicationServi - Initializing application scenes
21:41:03.394 [FXGL Background Thread 1 ] DEBUG GameWorld            - Game world initialized
21:41:03.433 [FXGL Background Thread 1 ] DEBUG PhysicsWorld         - Physics world initialized: appHeight=720, physics.ppm=50.0
21:41:03.433 [FXGL Background Thread 1 ] DEBUG PhysicsWorld         - Using strategy: BRUTE_FORCE
21:41:03.435 [FXGL Background Thread 1 ] DEBUG GameScene            - Game scene initialized: 1280x720
21:41:03.445 [FXGL Background Thread 1 ] DEBUG FXGL.DefaultMenu     - createMenuBodyGameMenu()
21:41:03.456 [FXGL Background Thread 1 ] DEBUG FXGL.DefaultMenu     - createOptionsMenu()
21:41:03.465 [FXGL Background Thread 1 ] DEBUG FXGLAssetLoaderServi - Loading from file system: jar:file:/C:/Users/primzcm/.m2/repository/com/github/almasb/fxgl/fxgl/21.1/fxgl-21.1.jar!/fxglassets/textures/particles/smoke.png
21:41:03.535 [FXGL Background Thread 1 ] DEBUG FXGLAssetLoaderServi - Loading from file system: jar:file:/C:/Users/primzcm/.m2/repository/com/github/almasb/fxgl/fxgl/21.1/fxgl-21.1.jar!/fxglassets/textures/particles/trace_horizontal.png
21:41:03.559 [FXGL Background Thread 1 ] DEBUG GameApplicationServi - Application scenes initialized
21:41:03.569 [FXGL Background Thread 1 ] DEBUG SystemBundleService  - Loading FXGL system data
21:41:03.572 [FXGL Background Thread 1 ] DEBUG FileSystemAccess     - Reading from: F:\my files\School\2nd year 2nd sem\TheOnlyException\system\fxgl.bundle
21:41:03.577 [FXGL Background Thread 1 ] DEBUG SystemBundleService  - Bundle FXGL: {}
21:41:03.577 [FXGL Background Thread 1 ] DEBUG UpdaterService       - Checking for updates
21:41:03.581 [FXGL Background Thread 4 ] DEBUG FXGLApplication      - Loading fonts
21:41:03.581 [FXGL Background Thread 4 ] DEBUG FXGLAssetLoaderServi - Loading from file system: jar:file:/C:/Users/primzcm/.m2/repository/com/github/almasb/fxgl/fxgl/21.1/fxgl-21.1.jar!/fxglassets/ui/fonts/VarelaRound-Regular.ttf
21:41:03.581 [FXGL Background Thread 1 ] DEBUG FXGLApplication      - Loading default localization
21:41:03.582 [FXGL Background Thread 1 ] DEBUG FXGLAssetLoaderServi - Loading from file system: jar:file:/C:/Users/primzcm/.m2/repository/com/github/almasb/fxgl/fxgl/21.1/fxgl-21.1.jar!/fxglassets/languages/english.lang
21:41:03.605 [FXGL Background Thread 1 ] INFO  FXGLApplication      - FXGL initialization took: 0.314 sec
21:41:03.607 [FXGL Background Thread 4 ] DEBUG FXGLAssetLoaderServi - Loading from file system: jar:file:/C:/Users/primzcm/.m2/repository/com/github/almasb/fxgl/fxgl/21.1/fxgl-21.1.jar!/fxglassets/ui/fonts/Abel-Regular.ttf
21:41:03.610 [FXGL Background Thread 4 ] DEBUG FXGLAssetLoaderServi - Loading from file system: jar:file:/C:/Users/primzcm/.m2/repository/com/github/almasb/fxgl/fxgl/21.1/fxgl-21.1.jar!/fxglassets/ui/fonts/TerminalLandMono-Regular.otf
21:41:03.612 [FXGL Background Thread 4 ] DEBUG FXGLAssetLoaderServi - Loading from file system: jar:file:/C:/Users/primzcm/.m2/repository/com/github/almasb/fxgl/fxgl/21.1/fxgl-21.1.jar!/fxglassets/ui/fonts/Courier-Prime.ttf
21:41:03.616 [JavaFX Application Thread] DEBUG Input                - Registered new binding: action0 - A
21:41:03.616 [JavaFX Application Thread] DEBUG Input                - Registered new binding: action1 - D
21:41:03.617 [JavaFX Application Thread] DEBUG Input                - Registered new binding: action2 - W
21:41:03.617 [JavaFX Application Thread] DEBUG Input                - Registered new binding: action3 - S
21:41:03.617 [JavaFX Application Thread] DEBUG FXGLAssetLoaderServi - Loading from file system: jar:file:/C:/Users/primzcm/.m2/repository/com/github/almasb/fxgl/fxgl/21.1/fxgl-21.1.jar!/fxglassets/textures/fxgl_icon.png
21:41:03.635 [JavaFX Application Thread] DEBUG FXGLAssetLoaderServi - Loading from file system: jar:file:/C:/Users/primzcm/.m2/repository/com/github/almasb/fxgl/fxgl/21.1/fxgl-21.1.jar!/fxglassets/textures/fxgl_default_cursor.png
21:41:03.637 [JavaFX Application Thread] DEBUG Input                - Registered new binding: Screenshot - CTRL+8
21:41:03.637 [JavaFX Application Thread] DEBUG Input                - Registered new binding: System info dump - CTRL+9
21:41:03.637 [JavaFX Application Thread] DEBUG Input                - Registered new binding: Restart - CTRL+R
21:41:03.639 [JavaFX Application Thread] DEBUG Input                - Registered new binding: Toggle Debug Camera - CTRL+7
21:41:03.642 [JavaFX Application Thread] DEBUG LoopRunner           - Starting loop
21:41:03.642 [JavaFX Application Thread] DEBUG LoopRunner           - Initializing JavaFX AnimationTimerLoop
21:41:03.646 [JavaFX Application Thread] DEBUG Input                - Clearing active input actions
21:41:03.651 [JavaFX Application Thread] DEBUG GameApplicationServi - Removing overlay from FXGLStartupScene and adding to FXGLMainMenuDummyScene
21:41:03.651 [JavaFX Application Thread] DEBUG PrimaryStageWindow   - FXGLStartupScene -> FXGLMainMenuDummyScene
21:41:03.652 [JavaFX Application Thread] DEBUG PrimaryStageWindow   - Push state: NameInputScene
21:41:03.820 [JavaFX Application Thread] DEBUG Input                - Clearing active input actions
21:41:03.827 [JavaFX Application Thread] DEBUG GameApplicationServi - Removing overlay from FXGLMainMenuDummyScene and adding to NameInputScene
21:41:03.827 [JavaFX Application Thread] DEBUG PrimaryStageWindow   - FXGLMainMenuDummyScene -> NameInputScene
21:41:03.828 [JavaFX Application Thread] DEBUG FXGLApplication      - Registering font factories with UI factory
21:41:03.916 [FXGL Background Thread 2 ] INFO  UpdaterService       - Your current version:  21+dev-SNAPSHOT
21:41:03.925 [FXGL Background Thread 2 ] INFO  UpdaterService       - Latest stable version: 21.1
21:41:06.237 [JavaFX Application Thread] DEBUG GameWorld            - Game world initialized
21:41:06.239 [JavaFX Application Thread] DEBUG PhysicsWorld         - Physics world initialized: appHeight=720, physics.ppm=50.0
21:41:06.239 [JavaFX Application Thread] DEBUG PhysicsWorld         - Using strategy: BRUTE_FORCE
21:41:06.239 [JavaFX Application Thread] DEBUG GameScene            - Game scene initialized: 1280x720
21:41:06.252 [JavaFX Application Thread] DEBUG PrimaryStageWindow   - Push state: MainMenuScene
21:41:06.255 [JavaFX Application Thread] DEBUG Input                - Clearing active input actions
21:41:06.257 [JavaFX Application Thread] DEBUG GameApplicationServi - Removing overlay from NameInputScene and adding to MainMenuScene
21:41:06.257 [JavaFX Application Thread] DEBUG PrimaryStageWindow   - NameInputScene -> MainMenuScene
21:41:06.580 [FXGL Background Thread 3 ] DEBUG Engine               - Logging environment variables
21:41:06.580 [FXGL Background Thread 3 ] DEBUG Engine               - achievements: []
21:41:06.580 [FXGL Background Thread 3 ] DEBUG Engine               - actualHeight: 720.0
21:41:06.580 [FXGL Background Thread 3 ] DEBUG Engine               - actualHeightProperty: ReadOnlyDoubleProperty [value: 720.0]
21:41:06.580 [FXGL Background Thread 3 ] DEBUG Engine               - actualWidth: 1280.0
21:41:06.580 [FXGL Background Thread 3 ] DEBUG Engine               - actualWidthProperty: ReadOnlyDoubleProperty [value: 1280.0]
21:41:06.580 [FXGL Background Thread 3 ] DEBUG Engine               - appIcon: fxgl_icon.png
21:41:06.580 [FXGL Background Thread 3 ] DEBUG Engine               - applicationMode: DEVELOPER
21:41:06.580 [FXGL Background Thread 3 ] DEBUG Engine               - cSSList: [fxgl_dark.css]
21:41:06.580 [FXGL Background Thread 3 ] DEBUG Engine               - collisionDetectionStrategy: BRUTE_FORCE
21:41:06.580 [FXGL Background Thread 3 ] DEBUG Engine               - configClass: Optional.empty
21:41:06.580 [FXGL Background Thread 3 ] DEBUG Engine               - credits: []
21:41:06.581 [FXGL Background Thread 3 ] DEBUG Engine               - defaultCursor: CursorInfo(imageName=fxgl_default_cursor.png, hotspotX=7.0, hotspotY=6.0)
21:41:06.581 [FXGL Background Thread 3 ] DEBUG Engine               - devBBoxColorProperty: ObjectProperty [value: 0xff0000ff]
21:41:06.581 [FXGL Background Thread 3 ] DEBUG Engine               - devEnableDebugCameraProperty: BooleanProperty [value: false]
21:41:06.581 [FXGL Background Thread 3 ] DEBUG Engine               - devSensorColorProperty: ObjectProperty [value: 0xffff00ff]
21:41:06.581 [FXGL Background Thread 3 ] DEBUG Engine               - devShowBBoxProperty: BooleanProperty [value: false]
21:41:06.581 [FXGL Background Thread 3 ] DEBUG Engine               - devShowPositionProperty: BooleanProperty [value: false]
21:41:06.581 [FXGL Background Thread 3 ] DEBUG Engine               - enabledMenuItems: []
21:41:06.581 [FXGL Background Thread 3 ] DEBUG Engine               - engineServices: [class com.almasb.fxgl.app.services.FXGLAssetLoaderService, class com.almasb.fxgl.app.FXGLApplication$GameApplicationService, class com.almasb.fxgl.app.services.FXGLDialogService, class com.almasb.fxgl.app.services.IOTaskExecutorService, class com.almasb.fxgl.io.FileSystemService, class com.almasb.fxgl.localization.LocalizationService, class com.almasb.fxgl.app.services.SystemBundleService, class com.almasb.fxgl.profile.SaveLoadService, class com.almasb.fxgl.ui.FXGLUIFactoryServiceProvider, class com.almasb.fxgl.ui.FXGLDialogFactoryServiceProvider, class com.almasb.fxgl.audio.AudioPlayer, class com.almasb.fxgl.notification.impl.NotificationServiceProvider, class com.almasb.fxgl.achievement.AchievementService, class com.almasb.fxgl.cutscene.CutsceneService, class com.almasb.fxgl.minigames.MiniGameService, class com.almasb.fxgl.net.NetService, class com.almasb.fxgl.app.services.UpdaterService, class com.almasb.fxgl.dev.DevService]
21:41:06.581 [FXGL Background Thread 3 ] DEBUG Engine               - fontGame: Abel-Regular.ttf
21:41:06.581 [FXGL Background Thread 3 ] DEBUG Engine               - fontMono: TerminalLandMono-Regular.otf
21:41:06.581 [FXGL Background Thread 3 ] DEBUG Engine               - fontSizeScaleUI: 1.0
21:41:06.581 [FXGL Background Thread 3 ] DEBUG Engine               - fontText: Courier-Prime.ttf
21:41:06.581 [FXGL Background Thread 3 ] DEBUG Engine               - fontUI: VarelaRound-Regular.ttf
21:41:06.581 [FXGL Background Thread 3 ] DEBUG Engine               - fullScreen: BooleanProperty [value: false]
21:41:06.581 [FXGL Background Thread 3 ] DEBUG Engine               - gameDifficulty: MEDIUM
21:41:06.581 [FXGL Background Thread 3 ] DEBUG Engine               - gameDifficultyProperty: ObjectProperty [value: MEDIUM]
21:41:06.581 [FXGL Background Thread 3 ] DEBUG Engine               - globalMusicVolume: 0.5
21:41:06.581 [FXGL Background Thread 3 ] DEBUG Engine               - globalMusicVolumeProperty: DoubleProperty [value: 0.5]
21:41:06.581 [FXGL Background Thread 3 ] DEBUG Engine               - globalSoundVolume: 0.5
21:41:06.582 [FXGL Background Thread 3 ] DEBUG Engine               - globalSoundVolumeProperty: DoubleProperty [value: 0.5]
21:41:06.582 [FXGL Background Thread 3 ] DEBUG Engine               - height: 720
21:41:06.582 [FXGL Background Thread 3 ] DEBUG Engine               - is3D: false
21:41:06.582 [FXGL Background Thread 3 ] DEBUG Engine               - isAndroid: false
21:41:06.582 [FXGL Background Thread 3 ] DEBUG Engine               - isBrowser: false
21:41:06.582 [FXGL Background Thread 3 ] DEBUG Engine               - isClickFeedbackEnabled: false
21:41:06.582 [FXGL Background Thread 3 ] DEBUG Engine               - isCloseConfirmation: false
21:41:06.582 [FXGL Background Thread 3 ] DEBUG Engine               - isDesktop: true
21:41:06.582 [FXGL Background Thread 3 ] DEBUG Engine               - isDeveloperMenuEnabled: false
21:41:06.582 [FXGL Background Thread 3 ] DEBUG Engine               - isEmbedded: false
21:41:06.582 [FXGL Background Thread 3 ] DEBUG Engine               - isEntityPreloadEnabled: true
21:41:06.582 [FXGL Background Thread 3 ] DEBUG Engine               - isExperimentalTiledLargeMap: false
21:41:06.582 [FXGL Background Thread 3 ] DEBUG Engine               - isFileSystemWriteAllowed: true
21:41:06.582 [FXGL Background Thread 3 ] DEBUG Engine               - isFullScreenAllowed: false
21:41:06.582 [FXGL Background Thread 3 ] DEBUG Engine               - isFullScreenFromStart: false
21:41:06.582 [FXGL Background Thread 3 ] DEBUG Engine               - isGameMenuEnabled: true
21:41:06.582 [FXGL Background Thread 3 ] DEBUG Engine               - isIOS: false
21:41:06.582 [FXGL Background Thread 3 ] DEBUG Engine               - isIntroEnabled: false
21:41:06.582 [FXGL Background Thread 3 ] DEBUG Engine               - isLinux: false
21:41:06.582 [FXGL Background Thread 3 ] DEBUG Engine               - isMac: false
21:41:06.582 [FXGL Background Thread 3 ] DEBUG Engine               - isMainMenuEnabled: true
21:41:06.582 [FXGL Background Thread 3 ] DEBUG Engine               - isManualResizeEnabled: false
21:41:06.582 [FXGL Background Thread 3 ] DEBUG Engine               - isMobile: false
21:41:06.582 [FXGL Background Thread 3 ] DEBUG Engine               - isNative: false
21:41:06.582 [FXGL Background Thread 3 ] DEBUG Engine               - isPauseMusicWhenMinimized: true
21:41:06.582 [FXGL Background Thread 3 ] DEBUG Engine               - isPreserveResizeRatio: false
21:41:06.582 [FXGL Background Thread 3 ] DEBUG Engine               - isProfilingEnabled: false
21:41:06.582 [FXGL Background Thread 3 ] DEBUG Engine               - isScaleAffectedOnResize: true
21:41:06.583 [FXGL Background Thread 3 ] DEBUG Engine               - isSingleStep: false
21:41:06.583 [FXGL Background Thread 3 ] DEBUG Engine               - isUserProfileEnabled: false
21:41:06.583 [FXGL Background Thread 3 ] DEBUG Engine               - isWindows: true
21:41:06.583 [FXGL Background Thread 3 ] DEBUG Engine               - language: ObjectProperty [value: ENGLISH]
21:41:06.583 [FXGL Background Thread 3 ] DEBUG Engine               - menuKey: ESCAPE
21:41:06.583 [FXGL Background Thread 3 ] DEBUG Engine               - mouseSensitivity: 0.2
21:41:06.583 [FXGL Background Thread 3 ] DEBUG Engine               - notificationViewClass: class com.almasb.fxgl.notification.view.XboxNotificationView
21:41:06.583 [FXGL Background Thread 3 ] DEBUG Engine               - pixelsPerMeter: 50.0
21:41:06.583 [FXGL Background Thread 3 ] DEBUG Engine               - platform: WINDOWS
21:41:06.583 [FXGL Background Thread 3 ] DEBUG Engine               - prefHeightProperty: ReadOnlyDoubleProperty [value: 720.0]
21:41:06.583 [FXGL Background Thread 3 ] DEBUG Engine               - prefWidthProperty: ReadOnlyDoubleProperty [value: 1280.0]
21:41:06.583 [FXGL Background Thread 3 ] DEBUG Engine               - profileDir: profiles/
21:41:06.583 [FXGL Background Thread 3 ] DEBUG Engine               - profileName: StringProperty [value: DEFAULT]
21:41:06.583 [FXGL Background Thread 3 ] DEBUG Engine               - randomSeed: -1
21:41:06.583 [FXGL Background Thread 3 ] DEBUG Engine               - runtimeInfo: RuntimeInfo(platform=WINDOWS, version=21+dev-SNAPSHOT, build=26.03.2024 19.46)
21:41:06.583 [FXGL Background Thread 3 ] DEBUG Engine               - saveFileExt: sav
21:41:06.583 [FXGL Background Thread 3 ] DEBUG Engine               - scaledHeightProp$fxgl: DoubleProperty [bound, value: 720.0]
21:41:06.583 [FXGL Background Thread 3 ] DEBUG Engine               - scaledWidthProp$fxgl: DoubleProperty [bound, value: 1280.0]
21:41:06.583 [FXGL Background Thread 3 ] DEBUG Engine               - sceneFactory: org.example.core.GameApp$1@7ddc7ea8
21:41:06.583 [FXGL Background Thread 3 ] DEBUG Engine               - secondsIn24h: 60
21:41:06.583 [FXGL Background Thread 3 ] DEBUG Engine               - soundMenuBack: menu/back.wav
21:41:06.583 [FXGL Background Thread 3 ] DEBUG Engine               - soundMenuPress: menu/press.wav
21:41:06.583 [FXGL Background Thread 3 ] DEBUG Engine               - soundMenuSelect: menu/select.wav
21:41:06.583 [FXGL Background Thread 3 ] DEBUG Engine               - soundNotification: core/notification.wav
21:41:06.583 [FXGL Background Thread 3 ] DEBUG Engine               - stageStyle: DECORATED
21:41:06.583 [FXGL Background Thread 3 ] DEBUG Engine               - supportedLanguages: [ENGLISH, FRENCH, GERMAN, HUNGARIAN, RUSSIAN]
21:41:06.583 [FXGL Background Thread 3 ] DEBUG Engine               - ticksPerSecond: -1
21:41:06.583 [FXGL Background Thread 3 ] DEBUG Engine               - title: Prototype Game
21:41:06.583 [FXGL Background Thread 3 ] DEBUG Engine               - urlGithub: https://github.com/AlmasB/FXGL
21:41:06.583 [FXGL Background Thread 3 ] DEBUG Engine               - urlLeaderboard: http://fxgl-top.herokuapp.com/
21:41:06.583 [FXGL Background Thread 3 ] DEBUG Engine               - urlPOM: https://raw.githubusercontent.com/AlmasB/FXGL/release/README.md
21:41:06.583 [FXGL Background Thread 3 ] DEBUG Engine               - userAppClass: class org.example.core.GameApp
21:41:06.583 [FXGL Background Thread 3 ] DEBUG Engine               - version: 0.1.5
21:41:06.583 [FXGL Background Thread 3 ] DEBUG Engine               - versionCheckDays: 7
21:41:06.583 [FXGL Background Thread 3 ] DEBUG Engine               - width: 1280
21:41:06.583 [FXGL Background Thread 3 ] DEBUG Engine               - Logging services
21:41:06.583 [FXGL Background Thread 3 ] DEBUG Engine               - class com.almasb.fxgl.app.services.FXGLAssetLoaderService
21:41:06.583 [FXGL Background Thread 3 ] DEBUG Engine               - class com.almasb.fxgl.app.FXGLApplication$GameApplicationService
21:41:06.583 [FXGL Background Thread 3 ] DEBUG Engine               - class com.almasb.fxgl.app.services.FXGLDialogService
21:41:06.583 [FXGL Background Thread 3 ] DEBUG Engine               - class com.almasb.fxgl.app.services.IOTaskExecutorService
21:41:06.583 [FXGL Background Thread 3 ] DEBUG Engine               - class com.almasb.fxgl.io.FileSystemService
21:41:06.584 [FXGL Background Thread 3 ] DEBUG Engine               - class com.almasb.fxgl.localization.LocalizationService
21:41:06.584 [FXGL Background Thread 3 ] DEBUG Engine               - class com.almasb.fxgl.app.services.SystemBundleService
21:41:06.584 [FXGL Background Thread 3 ] DEBUG Engine               - class com.almasb.fxgl.profile.SaveLoadService
21:41:06.584 [FXGL Background Thread 3 ] DEBUG Engine               - class com.almasb.fxgl.ui.FXGLUIFactoryServiceProvider
21:41:06.584 [FXGL Background Thread 3 ] DEBUG Engine               - class com.almasb.fxgl.ui.FXGLDialogFactoryServiceProvider
21:41:06.584 [FXGL Background Thread 3 ] DEBUG Engine               - class com.almasb.fxgl.audio.AudioPlayer
21:41:06.584 [FXGL Background Thread 3 ] DEBUG Engine               - class com.almasb.fxgl.notification.impl.NotificationServiceProvider
21:41:06.584 [FXGL Background Thread 3 ] DEBUG Engine               - class com.almasb.fxgl.achievement.AchievementService
21:41:06.584 [FXGL Background Thread 3 ] DEBUG Engine               - class com.almasb.fxgl.cutscene.CutsceneService
21:41:06.584 [FXGL Background Thread 3 ] DEBUG Engine               - class com.almasb.fxgl.minigames.MiniGameService
21:41:06.584 [FXGL Background Thread 3 ] DEBUG Engine               - class com.almasb.fxgl.net.NetService
21:41:06.584 [FXGL Background Thread 3 ] DEBUG Engine               - class com.almasb.fxgl.app.services.UpdaterService
21:41:06.584 [FXGL Background Thread 3 ] DEBUG Engine               - class com.almasb.fxgl.dev.DevService
21:41:06.976 [JavaFX Application Thread] DEBUG GameApplicationServi - Starting new game
21:41:06.977 [JavaFX Application Thread] DEBUG PrimaryStageWindow   - Pop state: MainMenuScene
21:41:06.977 [JavaFX Application Thread] DEBUG Input                - Clearing active input actions
21:41:06.977 [JavaFX Application Thread] DEBUG GameApplicationServi - Removing overlay from MainMenuScene and adding to NameInputScene
21:41:06.977 [JavaFX Application Thread] DEBUG PrimaryStageWindow   - NameInputScene <- MainMenuScene
21:41:06.978 [JavaFX Application Thread] DEBUG PrimaryStageWindow   - Pop state: NameInputScene
21:41:06.978 [JavaFX Application Thread] DEBUG Input                - Clearing active input actions
21:41:06.978 [JavaFX Application Thread] DEBUG GameApplicationServi - Removing overlay from NameInputScene and adding to FXGLMainMenuDummyScene
21:41:06.978 [JavaFX Application Thread] DEBUG PrimaryStageWindow   - FXGLMainMenuDummyScene <- NameInputScene
21:41:06.978 [JavaFX Application Thread] DEBUG Input                - Clearing active input actions
21:41:06.984 [JavaFX Application Thread] DEBUG GameApplicationServi - Removing overlay from FXGLMainMenuDummyScene and adding to FXGLLoadingScene
21:41:06.984 [JavaFX Application Thread] DEBUG PrimaryStageWindow   - FXGLMainMenuDummyScene -> FXGLLoadingScene
21:41:06.984 [JavaFX Application Thread] DEBUG GameApplicationServi - Clearing previous game
21:41:06.984 [JavaFX Application Thread] DEBUG GameScene            - Clearing game scene
21:41:06.984 [JavaFX Application Thread] DEBUG GameWorld            - Clearing game world
21:41:06.984 [JavaFX Application Thread] DEBUG PhysicsWorld         - Clearing physics world
21:41:06.985 [FXGL Background Thread 2 ] DEBUG FXGLApplication      - Initializing game
21:41:06.997 [FXGL Background Thread 2 ] DEBUG FXGLAssetLoaderServi - Loading from file system: file:/F:/my%20files/School/2nd%20year%202nd%20sem/TheOnlyException/Test/target/classes/assets/textures/dasd.png
21:41:07.013 [FXGL Background Thread 2 ] DEBUG FXGLAssetLoaderServi - Loading from file system: file:/F:/my%20files/School/2nd%20year%202nd%20sem/TheOnlyException/Test/target/classes/assets/textures/player-scaled.png
21:41:07.060 [FXGL Background Thread 2 ] INFO  FXGLApplication      - Game initialization took: 0.075 sec
21:41:07.064 [JavaFX Application Thread] DEBUG Input                - Clearing active input actions
21:41:07.068 [JavaFX Application Thread] DEBUG GameApplicationServi - Removing overlay from FXGLLoadingScene and adding to GameScene
21:41:07.068 [JavaFX Application Thread] DEBUG PrimaryStageWindow   - FXGLLoadingScene -> GameScene
21:41:07.387 [JavaFX Application Thread] DEBUG FXGLAssetLoaderServi - Loading from file system: file:/F:/my%20files/School/2nd%20year%202nd%20sem/TheOnlyException/Test/target/classes/assets/textures/MaggotWalk-scaled.png
21:41:07.393 [JavaFX Application Thread] DEBUG FXGLAssetLoaderServi - Loading from file system: file:/F:/my%20files/School/2nd%20year%202nd%20sem/TheOnlyException/Test/target/classes/assets/textures/BeetleMove-scaled.png
21:41:07.394 [JavaFX Application Thread] DEBUG FXGLAssetLoaderServi - Loading from file system: file:/F:/my%20files/School/2nd%20year%202nd%20sem/TheOnlyException/Test/target/classes/assets/textures/MantisMove-scaled.png
21:41:07.396 [JavaFX Application Thread] DEBUG FXGLAssetLoaderServi - Loading from file system: file:/F:/my%20files/School/2nd%20year%202nd%20sem/TheOnlyException/Test/target/classes/assets/textures/BeeMove-scaled.png
21:41:07.397 [JavaFX Application Thread] DEBUG FXGLAssetLoaderServi - Loading from file system: file:/F:/my%20files/School/2nd%20year%202nd%20sem/TheOnlyException/Test/target/classes/assets/textures/GiantFly.png
21:41:07.398 [JavaFX Application Thread] DEBUG FXGLAssetLoaderServi - Loading from file system: file:/F:/my%20files/School/2nd%20year%202nd%20sem/TheOnlyException/Test/target/classes/assets/textures/DragonFly.png
21:41:16.262 [JavaFX Application Thread] DEBUG PrimaryStageWindow   - Push state: DialogSubScene
21:41:16.262 [JavaFX Application Thread] DEBUG Input                - Clearing active input actions
21:41:16.263 [JavaFX Application Thread] DEBUG GameApplicationServi - Removing overlay from GameScene and adding to DialogSubScene
21:41:16.263 [JavaFX Application Thread] DEBUG PrimaryStageWindow   - GameScene -> DialogSubScene
21:41:17.378 [JavaFX Application Thread] DEBUG PrimaryStageWindow   - Pop state: DialogSubScene
21:41:17.378 [JavaFX Application Thread] DEBUG Input                - Clearing active input actions
21:41:17.378 [JavaFX Application Thread] DEBUG GameApplicationServi - Removing overlay from DialogSubScene and adding to GameScene
21:41:17.378 [JavaFX Application Thread] DEBUG PrimaryStageWindow   - GameScene <- DialogSubScene
21:41:22.269 [JavaFX Application Thread] DEBUG PrimaryStageWindow   - Push state: DialogSubScene
21:41:22.269 [JavaFX Application Thread] DEBUG Input                - Clearing active input actions
21:41:22.270 [JavaFX Application Thread] DEBUG GameApplicationServi - Removing overlay from GameScene and adding to DialogSubScene
21:41:22.270 [JavaFX Application Thread] DEBUG PrimaryStageWindow   - GameScene -> DialogSubScene
21:41:23.282 [JavaFX Application Thread] DEBUG PrimaryStageWindow   - Pop state: DialogSubScene
21:41:23.282 [JavaFX Application Thread] DEBUG Input                - Clearing active input actions
21:41:23.282 [JavaFX Application Thread] DEBUG GameApplicationServi - Removing overlay from DialogSubScene and adding to GameScene
21:41:23.282 [JavaFX Application Thread] DEBUG PrimaryStageWindow   - GameScene <- DialogSubScene
21:41:26.754 [JavaFX Application Thread] DEBUG PrimaryStageWindow   - Push state: DialogSubScene
21:41:26.754 [JavaFX Application Thread] DEBUG Input                - Clearing active input actions
21:41:26.755 [JavaFX Application Thread] DEBUG GameApplicationServi - Removing overlay from GameScene and adding to DialogSubScene
21:41:26.755 [JavaFX Application Thread] DEBUG PrimaryStageWindow   - GameScene -> DialogSubScene
21:41:27.794 [JavaFX Application Thread] DEBUG PrimaryStageWindow   - Pop state: DialogSubScene
21:41:27.794 [JavaFX Application Thread] DEBUG Input                - Clearing active input actions
21:41:27.794 [JavaFX Application Thread] DEBUG GameApplicationServi - Removing overlay from DialogSubScene and adding to GameScene
21:41:27.794 [JavaFX Application Thread] DEBUG PrimaryStageWindow   - GameScene <- DialogSubScene
21:41:29.888 [JavaFX Application Thread] DEBUG PrimaryStageWindow   - Push state: DialogSubScene
21:41:29.888 [JavaFX Application Thread] DEBUG Input                - Clearing active input actions
21:41:29.889 [JavaFX Application Thread] DEBUG GameApplicationServi - Removing overlay from GameScene and adding to DialogSubScene
21:41:29.889 [JavaFX Application Thread] DEBUG PrimaryStageWindow   - GameScene -> DialogSubScene
21:41:30.633 [JavaFX Application Thread] DEBUG PrimaryStageWindow   - Pop state: DialogSubScene
21:41:30.633 [JavaFX Application Thread] DEBUG Input                - Clearing active input actions
21:41:30.633 [JavaFX Application Thread] DEBUG GameApplicationServi - Removing overlay from DialogSubScene and adding to GameScene
21:41:30.633 [JavaFX Application Thread] DEBUG PrimaryStageWindow   - GameScene <- DialogSubScene
21:41:33.228 [JavaFX Application Thread] DEBUG FXGLAssetLoaderServi - Loading from file system: file:/F:/my%20files/School/2nd%20year%202nd%20sem/TheOnlyException/Test/target/classes/assets/textures/lightning_strike.png
21:41:36.739 [JavaFX Application Thread] DEBUG PrimaryStageWindow   - Push state: DialogSubScene
21:41:36.739 [JavaFX Application Thread] DEBUG Input                - Clearing active input actions
21:41:36.739 [JavaFX Application Thread] DEBUG GameApplicationServi - Removing overlay from GameScene and adding to DialogSubScene
21:41:36.739 [JavaFX Application Thread] DEBUG PrimaryStageWindow   - GameScene -> DialogSubScene
21:41:37.334 [JavaFX Application Thread] DEBUG PrimaryStageWindow   - Pop state: DialogSubScene
21:41:37.335 [JavaFX Application Thread] DEBUG Input                - Clearing active input actions
21:41:37.335 [JavaFX Application Thread] DEBUG GameApplicationServi - Removing overlay from DialogSubScene and adding to GameScene
21:41:37.335 [JavaFX Application Thread] DEBUG PrimaryStageWindow   - GameScene <- DialogSubScene
21:41:43.602 [JavaFX Application Thread] DEBUG PrimaryStageWindow   - Push state: DialogSubScene
21:41:43.602 [JavaFX Application Thread] DEBUG Input                - Clearing active input actions
21:41:43.603 [JavaFX Application Thread] DEBUG GameApplicationServi - Removing overlay from GameScene and adding to DialogSubScene
21:41:43.603 [JavaFX Application Thread] DEBUG PrimaryStageWindow   - GameScene -> DialogSubScene
21:41:44.220 [JavaFX Application Thread] DEBUG PrimaryStageWindow   - Pop state: DialogSubScene
21:41:44.220 [JavaFX Application Thread] DEBUG Input                - Clearing active input actions
21:41:44.220 [JavaFX Application Thread] DEBUG GameApplicationServi - Removing overlay from DialogSubScene and adding to GameScene
21:41:44.220 [JavaFX Application Thread] DEBUG PrimaryStageWindow   - GameScene <- DialogSubScene
21:41:44.953 [JavaFX Application Thread] WARN  FXGLAssetLoaderServi - Asset "/assets/textures/orange_particle.png" was not found!
21:41:44.953 [JavaFX Application Thread] WARN  FXGLAssetLoaderServi - Failed to load IMAGE
21:41:46.958 [JavaFX Application Thread] WARN  FXGLAssetLoaderServi - Asset "/assets/textures/orange_particle.png" was not found!
21:41:46.958 [JavaFX Application Thread] WARN  FXGLAssetLoaderServi - Failed to load IMAGE
21:41:48.957 [JavaFX Application Thread] WARN  FXGLAssetLoaderServi - Asset "/assets/textures/orange_particle.png" was not found!
21:41:48.957 [JavaFX Application Thread] WARN  FXGLAssetLoaderServi - Failed to load IMAGE
21:41:49.216 [JavaFX Application Thread] WARN  FXGLAssetLoaderServi - Asset "/assets/textures/green_particle.png" was not found!
21:41:49.217 [JavaFX Application Thread] WARN  FXGLAssetLoaderServi - Failed to load IMAGE
21:41:50.960 [JavaFX Application Thread] WARN  FXGLAssetLoaderServi - Asset "/assets/textures/orange_particle.png" was not found!
21:41:50.960 [JavaFX Application Thread] WARN  FXGLAssetLoaderServi - Failed to load IMAGE
21:41:52.066 [JavaFX Application Thread] DEBUG PrimaryStageWindow   - Push state: DialogSubScene
21:41:52.066 [JavaFX Application Thread] DEBUG Input                - Clearing active input actions
21:41:52.066 [JavaFX Application Thread] DEBUG GameApplicationServi - Removing overlay from GameScene and adding to DialogSubScene
21:41:52.066 [JavaFX Application Thread] DEBUG PrimaryStageWindow   - GameScene -> DialogSubScene
21:41:53.142 [JavaFX Application Thread] DEBUG PrimaryStageWindow   - Pop state: DialogSubScene
21:41:53.142 [JavaFX Application Thread] DEBUG Input                - Clearing active input actions
21:41:53.142 [JavaFX Application Thread] DEBUG GameApplicationServi - Removing overlay from DialogSubScene and adding to GameScene
21:41:53.142 [JavaFX Application Thread] DEBUG PrimaryStageWindow   - GameScene <- DialogSubScene
21:41:54.017 [JavaFX Application Thread] WARN  FXGLAssetLoaderServi - Asset "/assets/textures/orange_particle.png" was not found!
21:41:54.017 [JavaFX Application Thread] WARN  FXGLAssetLoaderServi - Failed to load IMAGE
21:41:55.053 [JavaFX Application Thread] WARN  FXGLAssetLoaderServi - Asset "/assets/textures/green_particle.png" was not found!
21:41:55.054 [JavaFX Application Thread] WARN  FXGLAssetLoaderServi - Failed to load IMAGE
21:41:55.680 [JavaFX Application Thread] WARN  FXGLAssetLoaderServi - Asset "/assets/textures/orange_particle.png" was not found!
21:41:55.680 [JavaFX Application Thread] WARN  FXGLAssetLoaderServi - Failed to load IMAGE
21:41:57.629 [JavaFX Application Thread] WARN  FXGLAssetLoaderServi - Asset "/assets/textures/orange_particle.png" was not found!
21:41:57.629 [JavaFX Application Thread] WARN  FXGLAssetLoaderServi - Failed to load IMAGE
21:41:59.628 [JavaFX Application Thread] WARN  FXGLAssetLoaderServi - Asset "/assets/textures/orange_particle.png" was not found!
21:41:59.628 [JavaFX Application Thread] WARN  FXGLAssetLoaderServi - Failed to load IMAGE
21:41:59.870 [JavaFX Application Thread] WARN  FXGLAssetLoaderServi - Asset "/assets/textures/green_particle.png" was not found!
21:41:59.870 [JavaFX Application Thread] WARN  FXGLAssetLoaderServi - Failed to load IMAGE
21:42:01.635 [JavaFX Application Thread] WARN  FXGLAssetLoaderServi - Asset "/assets/textures/orange_particle.png" was not found!
21:42:01.635 [JavaFX Application Thread] WARN  FXGLAssetLoaderServi - Failed to load IMAGE
21:42:03.639 [JavaFX Application Thread] WARN  FXGLAssetLoaderServi - Asset "/assets/textures/orange_particle.png" was not found!
21:42:03.639 [JavaFX Application Thread] WARN  FXGLAssetLoaderServi - Failed to load IMAGE
21:42:04.874 [JavaFX Application Thread] WARN  FXGLAssetLoaderServi - Asset "/assets/textures/green_particle.png" was not found!
21:42:04.874 [JavaFX Application Thread] WARN  FXGLAssetLoaderServi - Failed to load IMAGE
21:42:05.645 [JavaFX Application Thread] WARN  FXGLAssetLoaderServi - Asset "/assets/textures/orange_particle.png" was not found!
21:42:05.645 [JavaFX Application Thread] WARN  FXGLAssetLoaderServi - Failed to load IMAGE
21:42:07.649 [JavaFX Application Thread] WARN  FXGLAssetLoaderServi - Asset "/assets/textures/orange_particle.png" was not found!
21:42:07.649 [JavaFX Application Thread] WARN  FXGLAssetLoaderServi - Failed to load IMAGE
21:42:09.650 [JavaFX Application Thread] WARN  FXGLAssetLoaderServi - Asset "/assets/textures/orange_particle.png" was not found!
21:42:09.650 [JavaFX Application Thread] WARN  FXGLAssetLoaderServi - Failed to load IMAGE
21:42:09.878 [JavaFX Application Thread] WARN  FXGLAssetLoaderServi - Asset "/assets/textures/green_particle.png" was not found!
21:42:09.879 [JavaFX Application Thread] WARN  FXGLAssetLoaderServi - Failed to load IMAGE
21:42:11.584 [JavaFX Application Thread] DEBUG PrimaryStageWindow   - Push state: DialogSubScene
21:42:11.584 [JavaFX Application Thread] DEBUG Input                - Clearing active input actions
21:42:11.584 [JavaFX Application Thread] DEBUG GameApplicationServi - Removing overlay from GameScene and adding to DialogSubScene
21:42:11.584 [JavaFX Application Thread] DEBUG PrimaryStageWindow   - GameScene -> DialogSubScene
21:42:12.719 [JavaFX Application Thread] DEBUG PrimaryStageWindow   - Pop state: DialogSubScene
21:42:12.720 [JavaFX Application Thread] DEBUG Input                - Clearing active input actions
21:42:12.720 [JavaFX Application Thread] DEBUG GameApplicationServi - Removing overlay from DialogSubScene and adding to GameScene
21:42:12.720 [JavaFX Application Thread] DEBUG PrimaryStageWindow   - GameScene <- DialogSubScene
21:42:12.785 [JavaFX Application Thread] WARN  FXGLAssetLoaderServi - Asset "/assets/textures/orange_particle.png" was not found!
21:42:12.785 [JavaFX Application Thread] WARN  FXGLAssetLoaderServi - Failed to load IMAGE
21:42:14.647 [JavaFX Application Thread] WARN  FXGLAssetLoaderServi - Asset "/assets/textures/orange_particle.png" was not found!
21:42:14.647 [JavaFX Application Thread] WARN  FXGLAssetLoaderServi - Failed to load IMAGE
21:42:15.647 [JavaFX Application Thread] WARN  FXGLAssetLoaderServi - Asset "/assets/textures/green_particle.png" was not found!
21:42:15.647 [JavaFX Application Thread] WARN  FXGLAssetLoaderServi - Failed to load IMAGE
21:42:16.363 [JavaFX Application Thread] WARN  FXGLAssetLoaderServi - Asset "/assets/textures/orange_particle.png" was not found!
21:42:16.363 [JavaFX Application Thread] WARN  FXGLAssetLoaderServi - Failed to load IMAGE
21:42:18.368 [JavaFX Application Thread] WARN  FXGLAssetLoaderServi - Asset "/assets/textures/orange_particle.png" was not found!
21:42:18.368 [JavaFX Application Thread] WARN  FXGLAssetLoaderServi - Failed to load IMAGE
21:42:20.381 [JavaFX Application Thread] WARN  FXGLAssetLoaderServi - Asset "/assets/textures/orange_particle.png" was not found!
21:42:20.381 [JavaFX Application Thread] WARN  FXGLAssetLoaderServi - Failed to load IMAGE
21:42:20.576 [JavaFX Application Thread] WARN  FXGLAssetLoaderServi - Asset "/assets/textures/green_particle.png" was not found!
21:42:20.576 [JavaFX Application Thread] WARN  FXGLAssetLoaderServi - Failed to load IMAGE
21:42:22.385 [JavaFX Application Thread] WARN  FXGLAssetLoaderServi - Asset "/assets/textures/orange_particle.png" was not found!
21:42:22.385 [JavaFX Application Thread] WARN  FXGLAssetLoaderServi - Failed to load IMAGE
21:42:24.385 [JavaFX Application Thread] WARN  FXGLAssetLoaderServi - Asset "/assets/textures/orange_particle.png" was not found!
21:42:24.385 [JavaFX Application Thread] WARN  FXGLAssetLoaderServi - Failed to load IMAGE
21:42:25.585 [JavaFX Application Thread] WARN  FXGLAssetLoaderServi - Asset "/assets/textures/green_particle.png" was not found!
21:42:25.585 [JavaFX Application Thread] WARN  FXGLAssetLoaderServi - Failed to load IMAGE
21:42:26.401 [JavaFX Application Thread] WARN  FXGLAssetLoaderServi - Asset "/assets/textures/orange_particle.png" was not found!
21:42:26.401 [JavaFX Application Thread] WARN  FXGLAssetLoaderServi - Failed to load IMAGE
21:42:28.403 [JavaFX Application Thread] WARN  FXGLAssetLoaderServi - Asset "/assets/textures/orange_particle.png" was not found!
21:42:28.403 [JavaFX Application Thread] WARN  FXGLAssetLoaderServi - Failed to load IMAGE
21:42:29.175 [JavaFX Application Thread] DEBUG LoopRunner           - Pausing loop
21:42:29.849 [JavaFX Application Thread] DEBUG LoopRunner           - Resuming loop
21:42:29.849 [JavaFX Application Thread] DEBUG GameWorld            - Game world initialized
21:42:29.849 [JavaFX Application Thread] DEBUG PhysicsWorld         - Physics world initialized: appHeight=720, physics.ppm=50.0
21:42:29.849 [JavaFX Application Thread] DEBUG PhysicsWorld         - Using strategy: BRUTE_FORCE
21:42:29.850 [JavaFX Application Thread] DEBUG GameScene            - Game scene initialized: 1280x720
21:42:29.854 [JavaFX Application Thread] DEBUG PrimaryStageWindow   - Push state: MainMenuScene
21:42:29.857 [JavaFX Application Thread] DEBUG Input                - Clearing active input actions
21:42:29.857 [JavaFX Application Thread] DEBUG GameApplicationServi - Removing overlay from GameScene and adding to MainMenuScene
21:42:29.857 [JavaFX Application Thread] DEBUG PrimaryStageWindow   - GameScene -> MainMenuScene
21:42:31.210 [JavaFX Application Thread] DEBUG FXGLApplication      - Exiting FXGL
21:42:31.210 [JavaFX Application Thread] DEBUG LoopRunner           - Stopping loop
21:42:31.210 [JavaFX Application Thread] DEBUG SystemBundleService  - Saving FXGL system data
21:42:31.212 [JavaFX Application Thread] DEBUG FileSystemAccess     - Writing to: F:\my files\School\2nd year 2nd sem\TheOnlyException\system\fxgl.bundle
21:42:31.631 [JavaFX Application Thread] DEBUG Async                - Shutting down background threads
21:42:31.631 [JavaFX Application Thread] DEBUG PrimaryStageWindow   - Closing main window
21:42:31.648 [JavaFX Application Thread] DEBUG Logger               - Closing Logger
