01:19:09.849 [main                     ] DEBUG Logger               - Configured Logger
01:19:09.857 [main                     ] DEBUG GameApplication      - Logging settings
Title: Prototype Game
Version: 0.1.5
Width: 1280
Height: 720
Fullscreen: false
Intro: false
Profiling: false
Single step:false
App Mode: DEVELOPER
Menu Key: ESCAPE
Stage Style: DECORATED
Scene Factory: class org.example.core.GameApp$1

01:19:10.172 [JavaFX Application Thread] DEBUG FXGLApplication      - Initializing FXGL
01:19:10.178 [JavaFX Application Thread] INFO  Engine               - FXGL-21+dev-SNAPSHOT (26.03.2024 21.04) on WINDOWS (J:24 FX:21.0.1)
01:19:10.179 [JavaFX Application Thread] DEBUG Engine               - JRE Vendor Name: Oracle Corporation
01:19:10.179 [JavaFX Application Thread] DEBUG Engine               - Running on OS: Windows 10 version 10.0
01:19:10.181 [JavaFX Application Thread] DEBUG Engine               - Architecture: amd64
01:19:10.182 [JavaFX Application Thread] INFO  Engine               - Source code and latest versions at: https://github.com/AlmasB/FXGL
01:19:10.182 [JavaFX Application Thread] INFO  Engine               -       Ask questions and discuss at: https://github.com/AlmasB/FXGL/discussions
01:19:10.182 [JavaFX Application Thread] INFO  Engine               -              Join the FXGL chat at: https://gitter.im/AlmasB/FXGL
01:19:10.517 [JavaFX Application Thread] DEBUG PrimaryStageWindow   - Creating a JavaFX scene
01:19:10.611 [JavaFX Application Thread] DEBUG PrimaryStageWindow   - Target settings size: 1280.0 x 720.0
01:19:10.611 [JavaFX Application Thread] DEBUG PrimaryStageWindow   - Scaled scene size:    1280.0 x 720.0
01:19:10.612 [JavaFX Application Thread] DEBUG PrimaryStageWindow   - Scaled ratio: (1.0, 1.0)
01:19:10.615 [JavaFX Application Thread] DEBUG PrimaryStageWindow   - Set initial scene to FXGLStartupScene
01:19:10.622 [JavaFX Application Thread] DEBUG PrimaryStageWindow   - Opening main window
01:19:10.777 [JavaFX Application Thread] DEBUG PrimaryStageWindow   - Window border size: (16.0, 39.0)
01:19:10.778 [JavaFX Application Thread] DEBUG PrimaryStageWindow   - Scaled size: 1280.0 x 720.0
01:19:10.778 [JavaFX Application Thread] DEBUG PrimaryStageWindow   - Scaled ratio: (1.0, 1.0)
01:19:10.778 [JavaFX Application Thread] DEBUG PrimaryStageWindow   - Scene size: 1280.0 x 720.0
01:19:10.778 [JavaFX Application Thread] DEBUG PrimaryStageWindow   - Stage size: 1296.0 x 759.0
01:19:10.793 [FXGL Background Thread 1 ] DEBUG Engine               - Initializing environment variables
01:19:10.930 [FXGL Background Thread 1 ] DEBUG FXGLAssetLoaderServi - User app class for loading assets: class org.example.core.GameApp
01:19:10.931 [FXGL Background Thread 1 ] DEBUG GameApplicationServi - Applying CSS: fxgl_dark.css
01:19:10.933 [FXGL Background Thread 1 ] DEBUG FXGLAssetLoaderServi - Loading from file system: jar:file:/C:/Users/kurtd/.m2/repository/com/github/AlmasB/FXGL/fxgl/21.1/fxgl-21.1.jar!/fxglassets/ui/css/fxgl_dark.css
01:19:11.044 [FXGL Background Thread 1 ] DEBUG GameApplicationServi - Initializing application scenes
01:19:11.212 [FXGL Background Thread 1 ] DEBUG GameWorld            - Game world initialized
01:19:11.351 [FXGL Background Thread 1 ] DEBUG PhysicsWorld         - Physics world initialized: appHeight=720, physics.ppm=50.0
01:19:11.352 [FXGL Background Thread 1 ] DEBUG PhysicsWorld         - Using strategy: BRUTE_FORCE
01:19:11.359 [FXGL Background Thread 1 ] DEBUG GameScene            - Game scene initialized: 1280x720
01:19:12.052 [FXGL Background Thread 1 ] DEBUG GameApplicationServi - Application scenes initialized
01:19:12.177 [FXGL Background Thread 1 ] DEBUG SystemBundleService  - Loading FXGL system data
01:19:12.188 [FXGL Background Thread 1 ] DEBUG FileSystemAccess     - Reading from: C:\Users\kurtd\Documents\GitHub\TheOnlyException\system\fxgl.bundle
01:19:12.200 [FXGL Background Thread 1 ] DEBUG SystemBundleService  - Bundle FXGL: {}
01:19:12.201 [FXGL Background Thread 1 ] DEBUG UpdaterService       - Checking for updates
01:19:12.220 [FXGL Background Thread 1 ] DEBUG FXGLApplication      - Loading default localization
01:19:12.227 [FXGL Background Thread 1 ] DEBUG FXGLAssetLoaderServi - Loading from file system: jar:file:/C:/Users/kurtd/.m2/repository/com/github/AlmasB/FXGL/fxgl/21.1/fxgl-21.1.jar!/fxglassets/languages/english.lang
01:19:12.236 [FXGL Background Thread 4 ] DEBUG FXGLApplication      - Loading fonts
01:19:12.237 [FXGL Background Thread 4 ] DEBUG FXGLAssetLoaderServi - Loading from file system: jar:file:/C:/Users/kurtd/.m2/repository/com/github/AlmasB/FXGL/fxgl-samples/21.1/fxgl-samples-21.1.jar!/assets/ui/fonts/VarelaRound-Regular.ttf
01:19:12.287 [FXGL Background Thread 1 ] INFO  FXGLApplication      - FXGL initialization took: 1.493 sec
01:19:12.305 [JavaFX Application Thread] DEBUG Input                - Registered new binding: action0 - A
01:19:12.306 [JavaFX Application Thread] DEBUG Input                - Registered new binding: action1 - D
01:19:12.307 [JavaFX Application Thread] DEBUG Input                - Registered new binding: action2 - W
01:19:12.307 [JavaFX Application Thread] DEBUG Input                - Registered new binding: action3 - S
01:19:12.309 [JavaFX Application Thread] DEBUG Input                - Registered new binding: action4 - Esc
01:19:12.310 [JavaFX Application Thread] DEBUG FXGLAssetLoaderServi - Loading from file system: jar:file:/C:/Users/kurtd/.m2/repository/com/github/AlmasB/FXGL/fxgl/21.1/fxgl-21.1.jar!/fxglassets/textures/fxgl_icon.png
01:19:12.365 [FXGL Background Thread 4 ] DEBUG FXGLAssetLoaderServi - Loading from file system: jar:file:/C:/Users/kurtd/.m2/repository/com/github/AlmasB/FXGL/fxgl/21.1/fxgl-21.1.jar!/fxglassets/ui/fonts/Abel-Regular.ttf
01:19:12.438 [FXGL Background Thread 4 ] DEBUG FXGLAssetLoaderServi - Loading from file system: jar:file:/C:/Users/kurtd/.m2/repository/com/github/AlmasB/FXGL/fxgl/21.1/fxgl-21.1.jar!/fxglassets/ui/fonts/TerminalLandMono-Regular.otf
01:19:12.459 [JavaFX Application Thread] DEBUG FXGLAssetLoaderServi - Loading from file system: jar:file:/C:/Users/kurtd/.m2/repository/com/github/AlmasB/FXGL/fxgl/21.1/fxgl-21.1.jar!/fxglassets/textures/fxgl_default_cursor.png
01:19:12.469 [JavaFX Application Thread] DEBUG Input                - Registered new binding: Screenshot - CTRL+8
01:19:12.470 [JavaFX Application Thread] DEBUG Input                - Registered new binding: System info dump - CTRL+9
01:19:12.472 [JavaFX Application Thread] DEBUG Input                - Registered new binding: Restart - CTRL+R
01:19:12.473 [JavaFX Application Thread] DEBUG Input                - Registered new binding: Toggle Debug Camera - CTRL+7
01:19:12.484 [JavaFX Application Thread] DEBUG LoopRunner           - Starting loop
01:19:12.484 [JavaFX Application Thread] DEBUG LoopRunner           - Initializing JavaFX AnimationTimerLoop
01:19:12.516 [JavaFX Application Thread] DEBUG Input                - Clearing active input actions
01:19:12.559 [JavaFX Application Thread] DEBUG GameApplicationServi - Removing overlay from FXGLStartupScene and adding to FXGLMainMenuDummyScene
01:19:12.559 [JavaFX Application Thread] DEBUG PrimaryStageWindow   - FXGLStartupScene -> FXGLMainMenuDummyScene
01:19:12.559 [JavaFX Application Thread] DEBUG PrimaryStageWindow   - Push state: LoginScene
01:19:12.560 [JavaFX Application Thread] DEBUG Input                - Clearing active input actions
01:19:12.713 [JavaFX Application Thread] DEBUG GameApplicationServi - Removing overlay from FXGLMainMenuDummyScene and adding to LoginScene
01:19:12.714 [JavaFX Application Thread] DEBUG PrimaryStageWindow   - FXGLMainMenuDummyScene -> LoginScene
01:19:12.721 [FXGL Background Thread 4 ] DEBUG FXGLAssetLoaderServi - Loading from file system: jar:file:/C:/Users/kurtd/.m2/repository/com/github/AlmasB/FXGL/fxgl/21.1/fxgl-21.1.jar!/fxglassets/ui/fonts/Courier-Prime.ttf
01:19:13.259 [JavaFX Application Thread] DEBUG FXGLApplication      - Registering font factories with UI factory
01:19:13.854 [FXGL Background Thread 2 ] INFO  UpdaterService       - Your current version:  21+dev-SNAPSHOT
01:19:13.855 [FXGL Background Thread 2 ] INFO  UpdaterService       - Latest stable version: 21.1
01:19:15.211 [FXGL Background Thread 3 ] DEBUG Engine               - Logging environment variables
01:19:15.212 [FXGL Background Thread 3 ] DEBUG Engine               - achievements: []
01:19:15.212 [FXGL Background Thread 3 ] DEBUG Engine               - actualHeight: 720.0
01:19:15.212 [FXGL Background Thread 3 ] DEBUG Engine               - actualHeightProperty: ReadOnlyDoubleProperty [value: 720.0]
01:19:15.212 [FXGL Background Thread 3 ] DEBUG Engine               - actualWidth: 1280.0
01:19:15.214 [FXGL Background Thread 3 ] DEBUG Engine               - actualWidthProperty: ReadOnlyDoubleProperty [value: 1280.0]
01:19:15.214 [FXGL Background Thread 3 ] DEBUG Engine               - appIcon: fxgl_icon.png
01:19:15.214 [FXGL Background Thread 3 ] DEBUG Engine               - applicationMode: DEVELOPER
01:19:15.214 [FXGL Background Thread 3 ] DEBUG Engine               - cSSList: [fxgl_dark.css]
01:19:15.214 [FXGL Background Thread 3 ] DEBUG Engine               - collisionDetectionStrategy: BRUTE_FORCE
01:19:15.215 [FXGL Background Thread 3 ] DEBUG Engine               - configClass: Optional.empty
01:19:15.215 [FXGL Background Thread 3 ] DEBUG Engine               - credits: []
01:19:15.219 [FXGL Background Thread 3 ] DEBUG Engine               - defaultCursor: CursorInfo(imageName=fxgl_default_cursor.png, hotspotX=7.0, hotspotY=6.0)
01:19:15.219 [FXGL Background Thread 3 ] DEBUG Engine               - devBBoxColorProperty: ObjectProperty [value: 0xff0000ff]
01:19:15.219 [FXGL Background Thread 3 ] DEBUG Engine               - devEnableDebugCameraProperty: BooleanProperty [value: false]
01:19:15.219 [FXGL Background Thread 3 ] DEBUG Engine               - devSensorColorProperty: ObjectProperty [value: 0xffff00ff]
01:19:15.220 [FXGL Background Thread 3 ] DEBUG Engine               - devShowBBoxProperty: BooleanProperty [value: false]
01:19:15.220 [FXGL Background Thread 3 ] DEBUG Engine               - devShowPositionProperty: BooleanProperty [value: false]
01:19:15.220 [FXGL Background Thread 3 ] DEBUG Engine               - enabledMenuItems: []
01:19:15.220 [FXGL Background Thread 3 ] DEBUG Engine               - engineServices: [class com.almasb.fxgl.app.services.FXGLAssetLoaderService, class com.almasb.fxgl.app.FXGLApplication$GameApplicationService, class com.almasb.fxgl.app.services.FXGLDialogService, class com.almasb.fxgl.app.services.IOTaskExecutorService, class com.almasb.fxgl.io.FileSystemService, class com.almasb.fxgl.localization.LocalizationService, class com.almasb.fxgl.app.services.SystemBundleService, class com.almasb.fxgl.profile.SaveLoadService, class com.almasb.fxgl.ui.FXGLUIFactoryServiceProvider, class com.almasb.fxgl.ui.FXGLDialogFactoryServiceProvider, class com.almasb.fxgl.audio.AudioPlayer, class com.almasb.fxgl.notification.impl.NotificationServiceProvider, class com.almasb.fxgl.achievement.AchievementService, class com.almasb.fxgl.cutscene.CutsceneService, class com.almasb.fxgl.minigames.MiniGameService, class com.almasb.fxgl.net.NetService, class com.almasb.fxgl.app.services.UpdaterService, class com.almasb.fxgl.dev.DevService]
01:19:15.220 [FXGL Background Thread 3 ] DEBUG Engine               - fontGame: Abel-Regular.ttf
01:19:15.220 [FXGL Background Thread 3 ] DEBUG Engine               - fontMono: TerminalLandMono-Regular.otf
01:19:15.220 [FXGL Background Thread 3 ] DEBUG Engine               - fontSizeScaleUI: 1.0
01:19:15.220 [FXGL Background Thread 3 ] DEBUG Engine               - fontText: Courier-Prime.ttf
01:19:15.221 [FXGL Background Thread 3 ] DEBUG Engine               - fontUI: VarelaRound-Regular.ttf
01:19:15.221 [FXGL Background Thread 3 ] DEBUG Engine               - fullScreen: BooleanProperty [value: false]
01:19:15.221 [FXGL Background Thread 3 ] DEBUG Engine               - gameDifficulty: MEDIUM
01:19:15.222 [FXGL Background Thread 3 ] DEBUG Engine               - gameDifficultyProperty: ObjectProperty [value: MEDIUM]
01:19:15.222 [FXGL Background Thread 3 ] DEBUG Engine               - globalMusicVolume: 0.5
01:19:15.222 [FXGL Background Thread 3 ] DEBUG Engine               - globalMusicVolumeProperty: DoubleProperty [value: 0.5]
01:19:15.222 [FXGL Background Thread 3 ] DEBUG Engine               - globalSoundVolume: 0.5
01:19:15.222 [FXGL Background Thread 3 ] DEBUG Engine               - globalSoundVolumeProperty: DoubleProperty [value: 0.5]
01:19:15.222 [FXGL Background Thread 3 ] DEBUG Engine               - height: 720
01:19:15.222 [FXGL Background Thread 3 ] DEBUG Engine               - is3D: false
01:19:15.222 [FXGL Background Thread 3 ] DEBUG Engine               - isAndroid: false
01:19:15.222 [FXGL Background Thread 3 ] DEBUG Engine               - isBrowser: false
01:19:15.222 [FXGL Background Thread 3 ] DEBUG Engine               - isClickFeedbackEnabled: false
01:19:15.222 [FXGL Background Thread 3 ] DEBUG Engine               - isCloseConfirmation: false
01:19:15.222 [FXGL Background Thread 3 ] DEBUG Engine               - isDesktop: true
01:19:15.222 [FXGL Background Thread 3 ] DEBUG Engine               - isDeveloperMenuEnabled: false
01:19:15.222 [FXGL Background Thread 3 ] DEBUG Engine               - isEmbedded: false
01:19:15.222 [FXGL Background Thread 3 ] DEBUG Engine               - isEntityPreloadEnabled: true
01:19:15.222 [FXGL Background Thread 3 ] DEBUG Engine               - isExperimentalTiledLargeMap: false
01:19:15.223 [FXGL Background Thread 3 ] DEBUG Engine               - isFileSystemWriteAllowed: true
01:19:15.223 [FXGL Background Thread 3 ] DEBUG Engine               - isFullScreenAllowed: false
01:19:15.223 [FXGL Background Thread 3 ] DEBUG Engine               - isFullScreenFromStart: false
01:19:15.223 [FXGL Background Thread 3 ] DEBUG Engine               - isGameMenuEnabled: false
01:19:15.223 [FXGL Background Thread 3 ] DEBUG Engine               - isIOS: false
01:19:15.223 [FXGL Background Thread 3 ] DEBUG Engine               - isIntroEnabled: false
01:19:15.223 [FXGL Background Thread 3 ] DEBUG Engine               - isLinux: false
01:19:15.223 [FXGL Background Thread 3 ] DEBUG Engine               - isMac: false
01:19:15.223 [FXGL Background Thread 3 ] DEBUG Engine               - isMainMenuEnabled: true
01:19:15.223 [FXGL Background Thread 3 ] DEBUG Engine               - isManualResizeEnabled: false
01:19:15.223 [FXGL Background Thread 3 ] DEBUG Engine               - isMobile: false
01:19:15.223 [FXGL Background Thread 3 ] DEBUG Engine               - isNative: false
01:19:15.223 [FXGL Background Thread 3 ] DEBUG Engine               - isPauseMusicWhenMinimized: true
01:19:15.223 [FXGL Background Thread 3 ] DEBUG Engine               - isPreserveResizeRatio: false
01:19:15.223 [FXGL Background Thread 3 ] DEBUG Engine               - isProfilingEnabled: false
01:19:15.223 [FXGL Background Thread 3 ] DEBUG Engine               - isScaleAffectedOnResize: true
01:19:15.223 [FXGL Background Thread 3 ] DEBUG Engine               - isSingleStep: false
01:19:15.225 [FXGL Background Thread 3 ] DEBUG Engine               - isUserProfileEnabled: false
01:19:15.225 [FXGL Background Thread 3 ] DEBUG Engine               - isWindows: true
01:19:15.225 [FXGL Background Thread 3 ] DEBUG Engine               - language: ObjectProperty [value: ENGLISH]
01:19:15.225 [FXGL Background Thread 3 ] DEBUG Engine               - menuKey: ESCAPE
01:19:15.225 [FXGL Background Thread 3 ] DEBUG Engine               - mouseSensitivity: 0.2
01:19:15.225 [FXGL Background Thread 3 ] DEBUG Engine               - notificationViewClass: class com.almasb.fxgl.notification.view.XboxNotificationView
01:19:15.225 [FXGL Background Thread 3 ] DEBUG Engine               - pixelsPerMeter: 50.0
01:19:15.225 [FXGL Background Thread 3 ] DEBUG Engine               - platform: WINDOWS
01:19:15.225 [FXGL Background Thread 3 ] DEBUG Engine               - prefHeightProperty: ReadOnlyDoubleProperty [value: 720.0]
01:19:15.225 [FXGL Background Thread 3 ] DEBUG Engine               - prefWidthProperty: ReadOnlyDoubleProperty [value: 1280.0]
01:19:15.225 [FXGL Background Thread 3 ] DEBUG Engine               - profileDir: profiles/
01:19:15.226 [FXGL Background Thread 3 ] DEBUG Engine               - profileName: StringProperty [value: DEFAULT]
01:19:15.226 [FXGL Background Thread 3 ] DEBUG Engine               - randomSeed: -1
01:19:15.226 [FXGL Background Thread 3 ] DEBUG Engine               - runtimeInfo: RuntimeInfo(platform=WINDOWS, version=21+dev-SNAPSHOT, build=26.03.2024 21.04)
01:19:15.226 [FXGL Background Thread 3 ] DEBUG Engine               - saveFileExt: sav
01:19:15.226 [FXGL Background Thread 3 ] DEBUG Engine               - scaledHeightProp$fxgl: DoubleProperty [bound, value: 720.0]
01:19:15.226 [FXGL Background Thread 3 ] DEBUG Engine               - scaledWidthProp$fxgl: DoubleProperty [bound, value: 1280.0]
01:19:15.226 [FXGL Background Thread 3 ] DEBUG Engine               - sceneFactory: org.example.core.GameApp$1@379c9092
01:19:15.226 [FXGL Background Thread 3 ] DEBUG Engine               - secondsIn24h: 60
01:19:15.226 [FXGL Background Thread 3 ] DEBUG Engine               - soundMenuBack: menu/back.wav
01:19:15.226 [FXGL Background Thread 3 ] DEBUG Engine               - soundMenuPress: menu/press.wav
01:19:15.226 [FXGL Background Thread 3 ] DEBUG Engine               - soundMenuSelect: menu/select.wav
01:19:15.226 [FXGL Background Thread 3 ] DEBUG Engine               - soundNotification: core/notification.wav
01:19:15.226 [FXGL Background Thread 3 ] DEBUG Engine               - stageStyle: DECORATED
01:19:15.227 [FXGL Background Thread 3 ] DEBUG Engine               - supportedLanguages: [ENGLISH, FRENCH, GERMAN, HUNGARIAN, RUSSIAN]
01:19:15.227 [FXGL Background Thread 3 ] DEBUG Engine               - ticksPerSecond: -1
01:19:15.227 [FXGL Background Thread 3 ] DEBUG Engine               - title: Prototype Game
01:19:15.227 [FXGL Background Thread 3 ] DEBUG Engine               - urlGithub: https://github.com/AlmasB/FXGL
01:19:15.227 [FXGL Background Thread 3 ] DEBUG Engine               - urlLeaderboard: http://fxgl-top.herokuapp.com/
01:19:15.227 [FXGL Background Thread 3 ] DEBUG Engine               - urlPOM: https://raw.githubusercontent.com/AlmasB/FXGL/release/README.md
01:19:15.227 [FXGL Background Thread 3 ] DEBUG Engine               - userAppClass: class org.example.core.GameApp
01:19:15.227 [FXGL Background Thread 3 ] DEBUG Engine               - version: 0.1.5
01:19:15.227 [FXGL Background Thread 3 ] DEBUG Engine               - versionCheckDays: 7
01:19:15.227 [FXGL Background Thread 3 ] DEBUG Engine               - width: 1280
01:19:15.227 [FXGL Background Thread 3 ] DEBUG Engine               - Logging services
01:19:15.227 [FXGL Background Thread 3 ] DEBUG Engine               - class com.almasb.fxgl.app.services.FXGLAssetLoaderService
01:19:15.228 [FXGL Background Thread 3 ] DEBUG Engine               - class com.almasb.fxgl.app.FXGLApplication$GameApplicationService
01:19:15.228 [FXGL Background Thread 3 ] DEBUG Engine               - class com.almasb.fxgl.app.services.FXGLDialogService
01:19:15.228 [FXGL Background Thread 3 ] DEBUG Engine               - class com.almasb.fxgl.app.services.IOTaskExecutorService
01:19:15.228 [FXGL Background Thread 3 ] DEBUG Engine               - class com.almasb.fxgl.io.FileSystemService
01:19:15.228 [FXGL Background Thread 3 ] DEBUG Engine               - class com.almasb.fxgl.localization.LocalizationService
01:19:15.228 [FXGL Background Thread 3 ] DEBUG Engine               - class com.almasb.fxgl.app.services.SystemBundleService
01:19:15.228 [FXGL Background Thread 3 ] DEBUG Engine               - class com.almasb.fxgl.profile.SaveLoadService
01:19:15.228 [FXGL Background Thread 3 ] DEBUG Engine               - class com.almasb.fxgl.ui.FXGLUIFactoryServiceProvider
01:19:15.228 [FXGL Background Thread 3 ] DEBUG Engine               - class com.almasb.fxgl.ui.FXGLDialogFactoryServiceProvider
01:19:15.228 [FXGL Background Thread 3 ] DEBUG Engine               - class com.almasb.fxgl.audio.AudioPlayer
01:19:15.228 [FXGL Background Thread 3 ] DEBUG Engine               - class com.almasb.fxgl.notification.impl.NotificationServiceProvider
01:19:15.228 [FXGL Background Thread 3 ] DEBUG Engine               - class com.almasb.fxgl.achievement.AchievementService
01:19:15.228 [FXGL Background Thread 3 ] DEBUG Engine               - class com.almasb.fxgl.cutscene.CutsceneService
01:19:15.228 [FXGL Background Thread 3 ] DEBUG Engine               - class com.almasb.fxgl.minigames.MiniGameService
01:19:15.228 [FXGL Background Thread 3 ] DEBUG Engine               - class com.almasb.fxgl.net.NetService
01:19:15.228 [FXGL Background Thread 3 ] DEBUG Engine               - class com.almasb.fxgl.app.services.UpdaterService
01:19:15.228 [FXGL Background Thread 3 ] DEBUG Engine               - class com.almasb.fxgl.dev.DevService
01:19:16.222 [JavaFX Application Thread] DEBUG GameWorld            - Game world initialized
01:19:16.223 [JavaFX Application Thread] DEBUG PhysicsWorld         - Physics world initialized: appHeight=720, physics.ppm=50.0
01:19:16.223 [JavaFX Application Thread] DEBUG PhysicsWorld         - Using strategy: BRUTE_FORCE
01:19:16.225 [JavaFX Application Thread] DEBUG GameScene            - Game scene initialized: 1280x720
01:19:16.305 [JavaFX Application Thread] DEBUG PrimaryStageWindow   - Push state: MainMenuScene
01:19:16.319 [JavaFX Application Thread] DEBUG Input                - Clearing active input actions
01:19:16.329 [JavaFX Application Thread] DEBUG GameApplicationServi - Removing overlay from LoginScene and adding to MainMenuScene
01:19:16.332 [JavaFX Application Thread] DEBUG PrimaryStageWindow   - LoginScene -> MainMenuScene
01:19:16.333 [JavaFX Application Thread] DEBUG GameWorld            - Game world initialized
01:19:16.334 [JavaFX Application Thread] DEBUG PhysicsWorld         - Physics world initialized: appHeight=720, physics.ppm=50.0
01:19:16.334 [JavaFX Application Thread] DEBUG PhysicsWorld         - Using strategy: BRUTE_FORCE
01:19:16.338 [JavaFX Application Thread] DEBUG GameScene            - Game scene initialized: 1280x720
01:19:16.452 [JavaFX Application Thread] DEBUG PrimaryStageWindow   - Push state: MainMenuScene
01:19:16.505 [JavaFX Application Thread] DEBUG Input                - Clearing active input actions
01:19:16.506 [JavaFX Application Thread] DEBUG GameApplicationServi - Removing overlay from MainMenuScene and adding to MainMenuScene
01:19:16.506 [JavaFX Application Thread] DEBUG PrimaryStageWindow   - MainMenuScene -> MainMenuScene
01:19:19.188 [JavaFX Application Thread] DEBUG GameApplicationServi - Starting new game
01:19:19.190 [JavaFX Application Thread] DEBUG PrimaryStageWindow   - Pop state: MainMenuScene
01:19:19.190 [JavaFX Application Thread] DEBUG Input                - Clearing active input actions
01:19:19.192 [JavaFX Application Thread] DEBUG GameApplicationServi - Removing overlay from MainMenuScene and adding to MainMenuScene
01:19:19.192 [JavaFX Application Thread] DEBUG PrimaryStageWindow   - MainMenuScene <- MainMenuScene
01:19:19.253 [JavaFX Application Thread] DEBUG PrimaryStageWindow   - Pop state: MainMenuScene
01:19:19.253 [JavaFX Application Thread] DEBUG Input                - Clearing active input actions
01:19:19.253 [JavaFX Application Thread] DEBUG GameApplicationServi - Removing overlay from MainMenuScene and adding to LoginScene
01:19:19.253 [JavaFX Application Thread] DEBUG PrimaryStageWindow   - LoginScene <- MainMenuScene
01:19:19.303 [JavaFX Application Thread] DEBUG PrimaryStageWindow   - Pop state: LoginScene
01:19:19.303 [JavaFX Application Thread] DEBUG Input                - Clearing active input actions
01:19:19.303 [JavaFX Application Thread] DEBUG GameApplicationServi - Removing overlay from LoginScene and adding to FXGLMainMenuDummyScene
01:19:19.303 [JavaFX Application Thread] DEBUG PrimaryStageWindow   - FXGLMainMenuDummyScene <- LoginScene
01:19:19.303 [JavaFX Application Thread] DEBUG Input                - Clearing active input actions
01:19:19.315 [JavaFX Application Thread] DEBUG GameApplicationServi - Removing overlay from FXGLMainMenuDummyScene and adding to FXGLLoadingScene
01:19:19.315 [JavaFX Application Thread] DEBUG PrimaryStageWindow   - FXGLMainMenuDummyScene -> FXGLLoadingScene
01:19:19.315 [JavaFX Application Thread] DEBUG GameApplicationServi - Clearing previous game
01:19:19.316 [JavaFX Application Thread] DEBUG GameScene            - Clearing game scene
01:19:19.316 [JavaFX Application Thread] DEBUG GameWorld            - Clearing game world
01:19:19.316 [JavaFX Application Thread] DEBUG PhysicsWorld         - Clearing physics world
01:19:19.318 [FXGL Background Thread 2 ] DEBUG FXGLApplication      - Initializing game
01:19:19.342 [FXGL Background Thread 2 ] DEBUG FXGLAssetLoaderServi - Loading from file system: file:/C:/Users/kurtd/Documents/GitHub/TheOnlyException/Test/target/classes/assets/textures/worlda.png
01:19:19.475 [FXGL Background Thread 2 ] DEBUG FXGLAssetLoaderServi - Loading from file system: file:/C:/Users/kurtd/Documents/GitHub/TheOnlyException/Test/target/classes/assets/textures/player-scaled.png
01:19:19.604 [FXGL Background Thread 2 ] INFO  FXGLApplication      - Game initialization took: 0.286 sec
01:19:19.615 [JavaFX Application Thread] DEBUG Input                - Clearing active input actions
01:19:19.625 [JavaFX Application Thread] DEBUG GameApplicationServi - Removing overlay from FXGLLoadingScene and adding to GameScene
01:19:19.625 [JavaFX Application Thread] DEBUG PrimaryStageWindow   - FXGLLoadingScene -> GameScene
01:19:20.371 [JavaFX Application Thread] DEBUG FXGLAssetLoaderServi - Loading from file system: file:/C:/Users/kurtd/Documents/GitHub/TheOnlyException/Test/target/classes/assets/textures/MaggotWalk-scaled-recolored.png
01:19:20.378 [JavaFX Application Thread] DEBUG FXGLAssetLoaderServi - Loading from file system: file:/C:/Users/kurtd/Documents/GitHub/TheOnlyException/Test/target/classes/assets/textures/BeetleMove-scaled-recolored.png
01:19:20.385 [JavaFX Application Thread] DEBUG FXGLAssetLoaderServi - Loading from file system: file:/C:/Users/kurtd/Documents/GitHub/TheOnlyException/Test/target/classes/assets/textures/MantisMove-scaled-recolored.png
01:19:20.393 [JavaFX Application Thread] DEBUG FXGLAssetLoaderServi - Loading from file system: file:/C:/Users/kurtd/Documents/GitHub/TheOnlyException/Test/target/classes/assets/textures/BeeMove-scaled-recolored.png
01:19:20.396 [JavaFX Application Thread] DEBUG FXGLAssetLoaderServi - Loading from file system: file:/C:/Users/kurtd/Documents/GitHub/TheOnlyException/Test/target/classes/assets/textures/GiantFly-recolored.png
01:19:20.400 [JavaFX Application Thread] DEBUG FXGLAssetLoaderServi - Loading from file system: file:/C:/Users/kurtd/Documents/GitHub/TheOnlyException/Test/target/classes/assets/textures/DragonFly-recolored.png
01:19:27.415 [JavaFX Application Thread] DEBUG FXGLAssetLoaderServi - Loading from file system: file:/C:/Users/kurtd/Documents/GitHub/TheOnlyException/Test/target/classes/assets/textures/memorychip.png
01:19:28.954 [JavaFX Application Thread] DEBUG FXGLAssetLoaderServi - Loading from file system: file:/C:/Users/kurtd/Documents/GitHub/TheOnlyException/Test/target/classes/assets/textures/systemrestore.png
01:19:28.985 [JavaFX Application Thread] DEBUG FXGLAssetLoaderServi - Loading from file system: file:/C:/Users/kurtd/Documents/GitHub/TheOnlyException/Test/target/classes/assets/textures/shortcircuit.png
01:19:29.019 [JavaFX Application Thread] DEBUG FXGLAssetLoaderServi - Loading from file system: file:/C:/Users/kurtd/Documents/GitHub/TheOnlyException/Test/target/classes/assets/textures/smolderprotocol.png
01:19:29.072 [JavaFX Application Thread] DEBUG FXGLAssetLoaderServi - Loading from file system: file:/C:/Users/kurtd/Documents/GitHub/TheOnlyException/Test/target/classes/assets/textures/nullblaster.png
01:19:29.123 [JavaFX Application Thread] DEBUG PrimaryStageWindow   - Push state: DialogSubScene
01:19:29.123 [JavaFX Application Thread] DEBUG Input                - Clearing active input actions
01:19:29.126 [JavaFX Application Thread] DEBUG GameApplicationServi - Removing overlay from GameScene and adding to DialogSubScene
01:19:29.126 [JavaFX Application Thread] DEBUG PrimaryStageWindow   - GameScene -> DialogSubScene
01:19:30.233 [JavaFX Application Thread] DEBUG PrimaryStageWindow   - Pop state: DialogSubScene
01:19:30.233 [JavaFX Application Thread] DEBUG Input                - Clearing active input actions
01:19:30.234 [JavaFX Application Thread] DEBUG GameApplicationServi - Removing overlay from DialogSubScene and adding to GameScene
01:19:30.234 [JavaFX Application Thread] DEBUG PrimaryStageWindow   - GameScene <- DialogSubScene
01:19:35.123 [JavaFX Application Thread] DEBUG FXGLAssetLoaderServi - Loading from file system: file:/C:/Users/kurtd/Documents/GitHub/TheOnlyException/Test/target/classes/assets/textures/realtimedefense.png
01:19:35.157 [JavaFX Application Thread] DEBUG FXGLAssetLoaderServi - Loading from file system: file:/C:/Users/kurtd/Documents/GitHub/TheOnlyException/Test/target/classes/assets/textures/firewallshield.png
01:19:35.189 [JavaFX Application Thread] DEBUG PrimaryStageWindow   - Push state: DialogSubScene
01:19:35.189 [JavaFX Application Thread] DEBUG Input                - Clearing active input actions
01:19:35.191 [JavaFX Application Thread] DEBUG GameApplicationServi - Removing overlay from GameScene and adding to DialogSubScene
01:19:35.192 [JavaFX Application Thread] DEBUG PrimaryStageWindow   - GameScene -> DialogSubScene
01:19:36.304 [JavaFX Application Thread] DEBUG PrimaryStageWindow   - Pop state: DialogSubScene
01:19:36.304 [JavaFX Application Thread] DEBUG Input                - Clearing active input actions
01:19:36.305 [JavaFX Application Thread] DEBUG GameApplicationServi - Removing overlay from DialogSubScene and adding to GameScene
01:19:36.305 [JavaFX Application Thread] DEBUG PrimaryStageWindow   - GameScene <- DialogSubScene
01:19:36.306 [JavaFX Application Thread] DEBUG FXGLAssetLoaderServi - Loading from file system: file:/C:/Users/kurtd/Documents/GitHub/TheOnlyException/Test/target/classes/assets/textures/realtimedefenseaura.png
01:19:41.234 [JavaFX Application Thread] DEBUG FXGLAssetLoaderServi - Loading from file system: file:/C:/Users/kurtd/Documents/GitHub/TheOnlyException/Test/target/classes/assets/textures/datawipe.png
01:19:41.258 [JavaFX Application Thread] DEBUG PrimaryStageWindow   - Push state: DialogSubScene
01:19:41.258 [JavaFX Application Thread] DEBUG Input                - Clearing active input actions
01:19:41.258 [JavaFX Application Thread] DEBUG GameApplicationServi - Removing overlay from GameScene and adding to DialogSubScene
01:19:41.259 [JavaFX Application Thread] DEBUG PrimaryStageWindow   - GameScene -> DialogSubScene
01:19:42.057 [JavaFX Application Thread] DEBUG PrimaryStageWindow   - Pop state: DialogSubScene
01:19:42.057 [JavaFX Application Thread] DEBUG Input                - Clearing active input actions
01:19:42.057 [JavaFX Application Thread] DEBUG GameApplicationServi - Removing overlay from DialogSubScene and adding to GameScene
01:19:42.058 [JavaFX Application Thread] DEBUG PrimaryStageWindow   - GameScene <- DialogSubScene
01:19:44.064 [JavaFX Application Thread] DEBUG FXGLAssetLoaderServi - Loading from file system: file:/C:/Users/kurtd/Documents/GitHub/TheOnlyException/Test/target/classes/assets/textures/datawipemine.png
01:19:47.315 [JavaFX Application Thread] DEBUG FXGLAssetLoaderServi - Loading from file system: file:/C:/Users/kurtd/Documents/GitHub/TheOnlyException/Test/target/classes/assets/textures/lightning_strike.png
01:19:47.333 [JavaFX Application Thread] DEBUG PrimaryStageWindow   - Push state: DialogSubScene
01:19:47.333 [JavaFX Application Thread] DEBUG Input                - Clearing active input actions
01:19:47.334 [JavaFX Application Thread] DEBUG GameApplicationServi - Removing overlay from GameScene and adding to DialogSubScene
01:19:47.334 [JavaFX Application Thread] DEBUG PrimaryStageWindow   - GameScene -> DialogSubScene
01:19:48.600 [JavaFX Application Thread] DEBUG PrimaryStageWindow   - Pop state: DialogSubScene
01:19:48.601 [JavaFX Application Thread] DEBUG Input                - Clearing active input actions
01:19:48.601 [JavaFX Application Thread] DEBUG GameApplicationServi - Removing overlay from DialogSubScene and adding to GameScene
01:19:48.601 [JavaFX Application Thread] DEBUG PrimaryStageWindow   - GameScene <- DialogSubScene
01:19:50.400 [JavaFX Application Thread] DEBUG FXGLAssetLoaderServi - Loading from file system: file:/C:/Users/kurtd/Documents/GitHub/TheOnlyException/Test/target/classes/assets/textures/datawipeexplosion.png
01:19:50.411 [JavaFX Application Thread] WARN  FXGLAssetLoaderServi - Asset "/assets/textures/orange_particle.png" was not found!
01:19:50.411 [JavaFX Application Thread] WARN  FXGLAssetLoaderServi - Failed to load IMAGE
01:19:52.417 [JavaFX Application Thread] WARN  FXGLAssetLoaderServi - Asset "/assets/textures/orange_particle.png" was not found!
01:19:52.418 [JavaFX Application Thread] WARN  FXGLAssetLoaderServi - Failed to load IMAGE
01:19:54.432 [JavaFX Application Thread] WARN  FXGLAssetLoaderServi - Asset "/assets/textures/orange_particle.png" was not found!
01:19:54.433 [JavaFX Application Thread] WARN  FXGLAssetLoaderServi - Failed to load IMAGE
01:19:56.449 [JavaFX Application Thread] WARN  FXGLAssetLoaderServi - Asset "/assets/textures/orange_particle.png" was not found!
01:19:56.449 [JavaFX Application Thread] WARN  FXGLAssetLoaderServi - Failed to load IMAGE
01:19:58.466 [JavaFX Application Thread] WARN  FXGLAssetLoaderServi - Asset "/assets/textures/orange_particle.png" was not found!
01:19:58.466 [JavaFX Application Thread] WARN  FXGLAssetLoaderServi - Failed to load IMAGE
01:19:58.839 [JavaFX Application Thread] DEBUG PrimaryStageWindow   - Push state: DialogSubScene
01:19:58.839 [JavaFX Application Thread] DEBUG Input                - Clearing active input actions
01:19:58.839 [JavaFX Application Thread] DEBUG GameApplicationServi - Removing overlay from GameScene and adding to DialogSubScene
01:19:58.839 [JavaFX Application Thread] DEBUG PrimaryStageWindow   - GameScene -> DialogSubScene
01:19:59.689 [JavaFX Application Thread] DEBUG PrimaryStageWindow   - Pop state: DialogSubScene
01:19:59.689 [JavaFX Application Thread] DEBUG Input                - Clearing active input actions
01:19:59.689 [JavaFX Application Thread] DEBUG GameApplicationServi - Removing overlay from DialogSubScene and adding to GameScene
01:19:59.689 [JavaFX Application Thread] DEBUG PrimaryStageWindow   - GameScene <- DialogSubScene
01:20:01.313 [JavaFX Application Thread] WARN  FXGLAssetLoaderServi - Asset "/assets/textures/orange_particle.png" was not found!
01:20:01.313 [JavaFX Application Thread] WARN  FXGLAssetLoaderServi - Failed to load IMAGE
01:20:03.376 [JavaFX Application Thread] WARN  FXGLAssetLoaderServi - Asset "/assets/textures/orange_particle.png" was not found!
01:20:03.376 [JavaFX Application Thread] WARN  FXGLAssetLoaderServi - Failed to load IMAGE
01:20:05.393 [JavaFX Application Thread] WARN  FXGLAssetLoaderServi - Asset "/assets/textures/orange_particle.png" was not found!
01:20:05.393 [JavaFX Application Thread] WARN  FXGLAssetLoaderServi - Failed to load IMAGE
01:20:07.408 [JavaFX Application Thread] WARN  FXGLAssetLoaderServi - Asset "/assets/textures/orange_particle.png" was not found!
01:20:07.408 [JavaFX Application Thread] WARN  FXGLAssetLoaderServi - Failed to load IMAGE
01:20:09.250 [JavaFX Application Thread] DEBUG PrimaryStageWindow   - Push state: DialogSubScene
01:20:09.250 [JavaFX Application Thread] DEBUG Input                - Clearing active input actions
01:20:09.251 [JavaFX Application Thread] DEBUG GameApplicationServi - Removing overlay from GameScene and adding to DialogSubScene
01:20:09.251 [JavaFX Application Thread] DEBUG PrimaryStageWindow   - GameScene -> DialogSubScene
01:20:10.032 [JavaFX Application Thread] DEBUG PrimaryStageWindow   - Pop state: DialogSubScene
01:20:10.032 [JavaFX Application Thread] DEBUG Input                - Clearing active input actions
01:20:10.033 [JavaFX Application Thread] DEBUG GameApplicationServi - Removing overlay from DialogSubScene and adding to GameScene
01:20:10.033 [JavaFX Application Thread] DEBUG PrimaryStageWindow   - GameScene <- DialogSubScene
01:20:10.177 [JavaFX Application Thread] WARN  FXGLAssetLoaderServi - Asset "/assets/textures/orange_particle.png" was not found!
01:20:10.177 [JavaFX Application Thread] WARN  FXGLAssetLoaderServi - Failed to load IMAGE
01:20:12.209 [JavaFX Application Thread] WARN  FXGLAssetLoaderServi - Asset "/assets/textures/orange_particle.png" was not found!
01:20:12.209 [JavaFX Application Thread] WARN  FXGLAssetLoaderServi - Failed to load IMAGE
01:20:14.224 [JavaFX Application Thread] WARN  FXGLAssetLoaderServi - Asset "/assets/textures/orange_particle.png" was not found!
01:20:14.224 [JavaFX Application Thread] WARN  FXGLAssetLoaderServi - Failed to load IMAGE
01:20:16.257 [JavaFX Application Thread] WARN  FXGLAssetLoaderServi - Asset "/assets/textures/orange_particle.png" was not found!
01:20:16.257 [JavaFX Application Thread] WARN  FXGLAssetLoaderServi - Failed to load IMAGE
01:20:18.241 [JavaFX Application Thread] WARN  FXGLAssetLoaderServi - Asset "/assets/textures/orange_particle.png" was not found!
01:20:18.241 [JavaFX Application Thread] WARN  FXGLAssetLoaderServi - Failed to load IMAGE
01:20:20.257 [JavaFX Application Thread] WARN  FXGLAssetLoaderServi - Asset "/assets/textures/orange_particle.png" was not found!
01:20:20.257 [JavaFX Application Thread] WARN  FXGLAssetLoaderServi - Failed to load IMAGE
01:20:22.272 [JavaFX Application Thread] WARN  FXGLAssetLoaderServi - Asset "/assets/textures/orange_particle.png" was not found!
01:20:22.272 [JavaFX Application Thread] WARN  FXGLAssetLoaderServi - Failed to load IMAGE
01:20:24.289 [JavaFX Application Thread] WARN  FXGLAssetLoaderServi - Asset "/assets/textures/orange_particle.png" was not found!
01:20:24.289 [JavaFX Application Thread] WARN  FXGLAssetLoaderServi - Failed to load IMAGE
01:20:25.273 [JavaFX Application Thread] DEBUG PrimaryStageWindow   - Push state: DialogSubScene
01:20:25.273 [JavaFX Application Thread] DEBUG Input                - Clearing active input actions
01:20:25.274 [JavaFX Application Thread] DEBUG GameApplicationServi - Removing overlay from GameScene and adding to DialogSubScene
01:20:25.274 [JavaFX Application Thread] DEBUG PrimaryStageWindow   - GameScene -> DialogSubScene
01:20:26.361 [JavaFX Application Thread] DEBUG PrimaryStageWindow   - Pop state: DialogSubScene
01:20:26.361 [JavaFX Application Thread] DEBUG Input                - Clearing active input actions
01:20:26.361 [JavaFX Application Thread] DEBUG GameApplicationServi - Removing overlay from DialogSubScene and adding to GameScene
01:20:26.361 [JavaFX Application Thread] DEBUG PrimaryStageWindow   - GameScene <- DialogSubScene
01:20:27.360 [JavaFX Application Thread] WARN  FXGLAssetLoaderServi - Asset "/assets/textures/orange_particle.png" was not found!
01:20:27.361 [JavaFX Application Thread] WARN  FXGLAssetLoaderServi - Failed to load IMAGE
01:20:29.456 [JavaFX Application Thread] WARN  FXGLAssetLoaderServi - Asset "/assets/textures/orange_particle.png" was not found!
01:20:29.456 [JavaFX Application Thread] WARN  FXGLAssetLoaderServi - Failed to load IMAGE
01:20:31.600 [JavaFX Application Thread] WARN  FXGLAssetLoaderServi - Asset "/assets/textures/orange_particle.png" was not found!
01:20:31.600 [JavaFX Application Thread] WARN  FXGLAssetLoaderServi - Failed to load IMAGE
01:20:33.457 [JavaFX Application Thread] WARN  FXGLAssetLoaderServi - Asset "/assets/textures/orange_particle.png" was not found!
01:20:33.458 [JavaFX Application Thread] WARN  FXGLAssetLoaderServi - Failed to load IMAGE
01:20:35.474 [JavaFX Application Thread] WARN  FXGLAssetLoaderServi - Asset "/assets/textures/orange_particle.png" was not found!
01:20:35.474 [JavaFX Application Thread] WARN  FXGLAssetLoaderServi - Failed to load IMAGE
01:20:37.472 [JavaFX Application Thread] WARN  FXGLAssetLoaderServi - Asset "/assets/textures/orange_particle.png" was not found!
01:20:37.472 [JavaFX Application Thread] WARN  FXGLAssetLoaderServi - Failed to load IMAGE
01:20:39.488 [JavaFX Application Thread] WARN  FXGLAssetLoaderServi - Asset "/assets/textures/orange_particle.png" was not found!
01:20:39.488 [JavaFX Application Thread] WARN  FXGLAssetLoaderServi - Failed to load IMAGE
01:20:41.504 [JavaFX Application Thread] WARN  FXGLAssetLoaderServi - Asset "/assets/textures/orange_particle.png" was not found!
01:20:41.504 [JavaFX Application Thread] WARN  FXGLAssetLoaderServi - Failed to load IMAGE
01:20:42.212 [JavaFX Application Thread] DEBUG PrimaryStageWindow   - Push state: DialogSubScene
01:20:42.212 [JavaFX Application Thread] DEBUG Input                - Clearing active input actions
01:20:42.212 [JavaFX Application Thread] DEBUG GameApplicationServi - Removing overlay from GameScene and adding to DialogSubScene
01:20:42.212 [JavaFX Application Thread] DEBUG PrimaryStageWindow   - GameScene -> DialogSubScene
01:20:43.024 [JavaFX Application Thread] DEBUG PrimaryStageWindow   - Pop state: DialogSubScene
01:20:43.024 [JavaFX Application Thread] DEBUG Input                - Clearing active input actions
01:20:43.024 [JavaFX Application Thread] DEBUG GameApplicationServi - Removing overlay from DialogSubScene and adding to GameScene
01:20:43.024 [JavaFX Application Thread] DEBUG PrimaryStageWindow   - GameScene <- DialogSubScene
01:20:44.337 [JavaFX Application Thread] WARN  FXGLAssetLoaderServi - Asset "/assets/textures/orange_particle.png" was not found!
01:20:44.337 [JavaFX Application Thread] WARN  FXGLAssetLoaderServi - Failed to load IMAGE
01:20:46.369 [JavaFX Application Thread] WARN  FXGLAssetLoaderServi - Asset "/assets/textures/orange_particle.png" was not found!
01:20:46.369 [JavaFX Application Thread] WARN  FXGLAssetLoaderServi - Failed to load IMAGE
01:20:48.383 [JavaFX Application Thread] WARN  FXGLAssetLoaderServi - Asset "/assets/textures/orange_particle.png" was not found!
01:20:48.383 [JavaFX Application Thread] WARN  FXGLAssetLoaderServi - Failed to load IMAGE
01:20:50.400 [JavaFX Application Thread] WARN  FXGLAssetLoaderServi - Asset "/assets/textures/orange_particle.png" was not found!
01:20:50.400 [JavaFX Application Thread] WARN  FXGLAssetLoaderServi - Failed to load IMAGE
01:20:52.417 [JavaFX Application Thread] WARN  FXGLAssetLoaderServi - Asset "/assets/textures/orange_particle.png" was not found!
01:20:52.417 [JavaFX Application Thread] WARN  FXGLAssetLoaderServi - Failed to load IMAGE
01:20:54.432 [JavaFX Application Thread] WARN  FXGLAssetLoaderServi - Asset "/assets/textures/orange_particle.png" was not found!
01:20:54.433 [JavaFX Application Thread] WARN  FXGLAssetLoaderServi - Failed to load IMAGE
01:20:56.449 [JavaFX Application Thread] WARN  FXGLAssetLoaderServi - Asset "/assets/textures/orange_particle.png" was not found!
01:20:56.449 [JavaFX Application Thread] WARN  FXGLAssetLoaderServi - Failed to load IMAGE
01:20:58.466 [JavaFX Application Thread] WARN  FXGLAssetLoaderServi - Asset "/assets/textures/orange_particle.png" was not found!
01:20:58.467 [JavaFX Application Thread] WARN  FXGLAssetLoaderServi - Failed to load IMAGE
01:21:00.307 [JavaFX Application Thread] DEBUG PrimaryStageWindow   - Push state: DialogSubScene
01:21:00.307 [JavaFX Application Thread] DEBUG Input                - Clearing active input actions
01:21:00.307 [JavaFX Application Thread] DEBUG GameApplicationServi - Removing overlay from GameScene and adding to DialogSubScene
01:21:00.307 [JavaFX Application Thread] DEBUG PrimaryStageWindow   - GameScene -> DialogSubScene
01:21:01.649 [JavaFX Application Thread] DEBUG PrimaryStageWindow   - Pop state: DialogSubScene
01:21:01.649 [JavaFX Application Thread] DEBUG Input                - Clearing active input actions
01:21:01.650 [JavaFX Application Thread] DEBUG GameApplicationServi - Removing overlay from DialogSubScene and adding to GameScene
01:21:01.650 [JavaFX Application Thread] DEBUG PrimaryStageWindow   - GameScene <- DialogSubScene
01:21:01.808 [JavaFX Application Thread] WARN  FXGLAssetLoaderServi - Asset "/assets/textures/orange_particle.png" was not found!
01:21:01.808 [JavaFX Application Thread] WARN  FXGLAssetLoaderServi - Failed to load IMAGE
01:21:01.951 [JavaFX Application Thread] DEBUG FXGLAssetLoaderServi - Loading from file system: file:/C:/Users/kurtd/Documents/GitHub/TheOnlyException/Test/target/classes/assets/textures/smolder.png
01:21:03.889 [JavaFX Application Thread] WARN  FXGLAssetLoaderServi - Asset "/assets/textures/orange_particle.png" was not found!
01:21:03.889 [JavaFX Application Thread] WARN  FXGLAssetLoaderServi - Failed to load IMAGE
01:21:05.970 [JavaFX Application Thread] WARN  FXGLAssetLoaderServi - Asset "/assets/textures/orange_particle.png" was not found!
01:21:05.972 [JavaFX Application Thread] WARN  FXGLAssetLoaderServi - Failed to load IMAGE
01:21:07.996 [JavaFX Application Thread] WARN  FXGLAssetLoaderServi - Asset "/assets/textures/orange_particle.png" was not found!
01:21:07.996 [JavaFX Application Thread] WARN  FXGLAssetLoaderServi - Failed to load IMAGE
01:21:09.984 [JavaFX Application Thread] WARN  FXGLAssetLoaderServi - Asset "/assets/textures/orange_particle.png" was not found!
01:21:09.984 [JavaFX Application Thread] WARN  FXGLAssetLoaderServi - Failed to load IMAGE
01:21:12.002 [JavaFX Application Thread] WARN  FXGLAssetLoaderServi - Asset "/assets/textures/orange_particle.png" was not found!
01:21:12.002 [JavaFX Application Thread] WARN  FXGLAssetLoaderServi - Failed to load IMAGE
01:21:14.017 [JavaFX Application Thread] WARN  FXGLAssetLoaderServi - Asset "/assets/textures/orange_particle.png" was not found!
01:21:14.018 [JavaFX Application Thread] WARN  FXGLAssetLoaderServi - Failed to load IMAGE
01:21:16.035 [JavaFX Application Thread] WARN  FXGLAssetLoaderServi - Asset "/assets/textures/orange_particle.png" was not found!
01:21:16.035 [JavaFX Application Thread] WARN  FXGLAssetLoaderServi - Failed to load IMAGE
01:21:18.049 [JavaFX Application Thread] WARN  FXGLAssetLoaderServi - Asset "/assets/textures/orange_particle.png" was not found!
01:21:18.049 [JavaFX Application Thread] WARN  FXGLAssetLoaderServi - Failed to load IMAGE
01:21:20.067 [JavaFX Application Thread] WARN  FXGLAssetLoaderServi - Asset "/assets/textures/orange_particle.png" was not found!
01:21:20.068 [JavaFX Application Thread] WARN  FXGLAssetLoaderServi - Failed to load IMAGE
01:21:22.082 [JavaFX Application Thread] WARN  FXGLAssetLoaderServi - Asset "/assets/textures/orange_particle.png" was not found!
01:21:22.082 [JavaFX Application Thread] WARN  FXGLAssetLoaderServi - Failed to load IMAGE
01:21:24.098 [JavaFX Application Thread] WARN  FXGLAssetLoaderServi - Asset "/assets/textures/orange_particle.png" was not found!
01:21:24.098 [JavaFX Application Thread] WARN  FXGLAssetLoaderServi - Failed to load IMAGE
01:21:26.113 [JavaFX Application Thread] WARN  FXGLAssetLoaderServi - Asset "/assets/textures/orange_particle.png" was not found!
01:21:26.114 [JavaFX Application Thread] WARN  FXGLAssetLoaderServi - Failed to load IMAGE
01:21:28.129 [JavaFX Application Thread] WARN  FXGLAssetLoaderServi - Asset "/assets/textures/orange_particle.png" was not found!
01:21:28.129 [JavaFX Application Thread] WARN  FXGLAssetLoaderServi - Failed to load IMAGE
01:21:30.164 [JavaFX Application Thread] WARN  FXGLAssetLoaderServi - Asset "/assets/textures/orange_particle.png" was not found!
01:21:30.165 [JavaFX Application Thread] WARN  FXGLAssetLoaderServi - Failed to load IMAGE
01:21:32.005 [JavaFX Application Thread] DEBUG PrimaryStageWindow   - Push state: DialogSubScene
01:21:32.005 [JavaFX Application Thread] DEBUG Input                - Clearing active input actions
01:21:32.006 [JavaFX Application Thread] DEBUG GameApplicationServi - Removing overlay from GameScene and adding to DialogSubScene
01:21:32.006 [JavaFX Application Thread] DEBUG PrimaryStageWindow   - GameScene -> DialogSubScene
01:21:33.593 [JavaFX Application Thread] DEBUG PrimaryStageWindow   - Pop state: DialogSubScene
01:21:33.593 [JavaFX Application Thread] DEBUG Input                - Clearing active input actions
01:21:33.593 [JavaFX Application Thread] DEBUG GameApplicationServi - Removing overlay from DialogSubScene and adding to GameScene
01:21:33.593 [JavaFX Application Thread] DEBUG PrimaryStageWindow   - GameScene <- DialogSubScene
01:21:33.729 [JavaFX Application Thread] WARN  FXGLAssetLoaderServi - Asset "/assets/textures/orange_particle.png" was not found!
01:21:33.729 [JavaFX Application Thread] WARN  FXGLAssetLoaderServi - Failed to load IMAGE
01:21:35.842 [JavaFX Application Thread] WARN  FXGLAssetLoaderServi - Asset "/assets/textures/orange_particle.png" was not found!
01:21:35.842 [JavaFX Application Thread] WARN  FXGLAssetLoaderServi - Failed to load IMAGE
01:21:37.889 [JavaFX Application Thread] WARN  FXGLAssetLoaderServi - Asset "/assets/textures/orange_particle.png" was not found!
01:21:37.889 [JavaFX Application Thread] WARN  FXGLAssetLoaderServi - Failed to load IMAGE
01:21:39.888 [JavaFX Application Thread] WARN  FXGLAssetLoaderServi - Asset "/assets/textures/orange_particle.png" was not found!
01:21:39.888 [JavaFX Application Thread] WARN  FXGLAssetLoaderServi - Failed to load IMAGE
01:21:41.906 [JavaFX Application Thread] WARN  FXGLAssetLoaderServi - Asset "/assets/textures/orange_particle.png" was not found!
01:21:41.906 [JavaFX Application Thread] WARN  FXGLAssetLoaderServi - Failed to load IMAGE
01:21:43.921 [JavaFX Application Thread] WARN  FXGLAssetLoaderServi - Asset "/assets/textures/orange_particle.png" was not found!
01:21:43.921 [JavaFX Application Thread] WARN  FXGLAssetLoaderServi - Failed to load IMAGE
01:21:45.940 [JavaFX Application Thread] WARN  FXGLAssetLoaderServi - Asset "/assets/textures/orange_particle.png" was not found!
01:21:45.940 [JavaFX Application Thread] WARN  FXGLAssetLoaderServi - Failed to load IMAGE
01:21:47.953 [JavaFX Application Thread] WARN  FXGLAssetLoaderServi - Asset "/assets/textures/orange_particle.png" was not found!
01:21:47.953 [JavaFX Application Thread] WARN  FXGLAssetLoaderServi - Failed to load IMAGE
01:21:49.968 [JavaFX Application Thread] WARN  FXGLAssetLoaderServi - Asset "/assets/textures/orange_particle.png" was not found!
01:21:49.968 [JavaFX Application Thread] WARN  FXGLAssetLoaderServi - Failed to load IMAGE
01:21:51.986 [JavaFX Application Thread] WARN  FXGLAssetLoaderServi - Asset "/assets/textures/orange_particle.png" was not found!
01:21:51.987 [JavaFX Application Thread] WARN  FXGLAssetLoaderServi - Failed to load IMAGE
01:21:54.002 [JavaFX Application Thread] WARN  FXGLAssetLoaderServi - Asset "/assets/textures/orange_particle.png" was not found!
01:21:54.002 [JavaFX Application Thread] WARN  FXGLAssetLoaderServi - Failed to load IMAGE
01:21:56.227 [JavaFX Application Thread] WARN  FXGLAssetLoaderServi - Asset "/assets/textures/orange_particle.png" was not found!
01:21:56.227 [JavaFX Application Thread] WARN  FXGLAssetLoaderServi - Failed to load IMAGE
01:21:58.176 [JavaFX Application Thread] WARN  FXGLAssetLoaderServi - Asset "/assets/textures/orange_particle.png" was not found!
01:21:58.177 [JavaFX Application Thread] WARN  FXGLAssetLoaderServi - Failed to load IMAGE
01:22:00.017 [JavaFX Application Thread] WARN  FXGLAssetLoaderServi - Asset "/assets/textures/orange_particle.png" was not found!
01:22:00.017 [JavaFX Application Thread] WARN  FXGLAssetLoaderServi - Failed to load IMAGE
01:22:02.016 [JavaFX Application Thread] DEBUG LoopRunner           - Pausing loop
01:22:04.297 [JavaFX Application Thread] DEBUG LoopRunner           - Resuming loop
01:22:04.334 [JavaFX Application Thread] DEBUG GameWorld            - Game world initialized
01:22:04.335 [JavaFX Application Thread] DEBUG PhysicsWorld         - Physics world initialized: appHeight=720, physics.ppm=50.0
01:22:04.335 [JavaFX Application Thread] DEBUG PhysicsWorld         - Using strategy: BRUTE_FORCE
01:22:04.336 [JavaFX Application Thread] DEBUG GameScene            - Game scene initialized: 1280x720
01:22:04.364 [JavaFX Application Thread] DEBUG PrimaryStageWindow   - Push state: MainMenuScene
01:22:04.373 [JavaFX Application Thread] DEBUG Input                - Clearing active input actions
01:22:04.376 [JavaFX Application Thread] DEBUG GameApplicationServi - Removing overlay from GameScene and adding to MainMenuScene
01:22:04.376 [JavaFX Application Thread] DEBUG PrimaryStageWindow   - GameScene -> MainMenuScene
01:22:06.432 [JavaFX Application Thread] DEBUG FXGLApplication      - Exiting FXGL
01:22:06.432 [JavaFX Application Thread] DEBUG LoopRunner           - Stopping loop
01:22:06.432 [JavaFX Application Thread] DEBUG SystemBundleService  - Saving FXGL system data
01:22:06.434 [JavaFX Application Thread] DEBUG FileSystemAccess     - Writing to: C:\Users\kurtd\Documents\GitHub\TheOnlyException\system\fxgl.bundle
01:22:06.436 [JavaFX Application Thread] DEBUG Async                - Shutting down background threads
01:22:06.436 [JavaFX Application Thread] DEBUG PrimaryStageWindow   - Closing main window
01:22:06.452 [JavaFX Application Thread] DEBUG Logger               - Closing Logger
