22:39:35.141 [main                     ] DEBUG Logger               - Configured Logger
22:39:35.144 [main                     ] DEBUG GameApplication      - Logging settings
Title: Prototype Game
Version: 0.1.5
Width: 1280
Height: 720
Fullscreen: false
Intro: false
Profiling: false
Single step:false
App Mode: DEVELOPER
Menu Key: ESCAPE
Stage Style: DECORATED
Scene Factory: class org.example.core.GameApp$1

22:39:35.262 [JavaFX Application Thread] DEBUG FXGLApplication      - Initializing FXGL
22:39:35.264 [JavaFX Application Thread] INFO  Engine               - FXGL-21+dev-SNAPSHOT (26.03.2024 19.46) on WINDOWS (J:24 FX:21.0.1)
22:39:35.264 [JavaFX Application Thread] DEBUG Engine               - JRE Vendor Name: Oracle Corporation
22:39:35.265 [JavaFX Application Thread] DEBUG Engine               - Running on OS: Windows 11 version 10.0
22:39:35.265 [JavaFX Application Thread] DEBUG Engine               - Architecture: amd64
22:39:35.265 [JavaFX Application Thread] INFO  Engine               - Source code and latest versions at: https://github.com/AlmasB/FXGL
22:39:35.265 [JavaFX Application Thread] INFO  Engine               -       Ask questions and discuss at: https://github.com/AlmasB/FXGL/discussions
22:39:35.265 [JavaFX Application Thread] INFO  Engine               -              Join the FXGL chat at: https://gitter.im/AlmasB/FXGL
22:39:35.350 [JavaFX Application Thread] DEBUG PrimaryStageWindow   - Creating a JavaFX scene
22:39:35.377 [JavaFX Application Thread] DEBUG PrimaryStageWindow   - Target settings size: 1280.0 x 720.0
22:39:35.377 [JavaFX Application Thread] DEBUG PrimaryStageWindow   - Scaled scene size:    1280.0 x 720.0
22:39:35.377 [JavaFX Application Thread] DEBUG PrimaryStageWindow   - Scaled ratio: (1.0, 1.0)
22:39:35.378 [JavaFX Application Thread] DEBUG PrimaryStageWindow   - Set initial scene to FXGLStartupScene
22:39:35.380 [JavaFX Application Thread] DEBUG PrimaryStageWindow   - Opening main window
22:39:35.464 [JavaFX Application Thread] DEBUG PrimaryStageWindow   - Window border size: (16.0, 39.0)
22:39:35.464 [JavaFX Application Thread] DEBUG PrimaryStageWindow   - Scaled size: 1280.0 x 720.0
22:39:35.464 [JavaFX Application Thread] DEBUG PrimaryStageWindow   - Scaled ratio: (1.0, 1.0)
22:39:35.465 [JavaFX Application Thread] DEBUG PrimaryStageWindow   - Scene size: 1280.0 x 720.0
22:39:35.465 [JavaFX Application Thread] DEBUG PrimaryStageWindow   - Stage size: 1296.0 x 759.0
22:39:35.470 [FXGL Background Thread 1 ] DEBUG Engine               - Initializing environment variables
22:39:35.514 [FXGL Background Thread 1 ] DEBUG FXGLAssetLoaderServi - User app class for loading assets: class org.example.core.GameApp
22:39:35.514 [FXGL Background Thread 1 ] DEBUG GameApplicationServi - Applying CSS: fxgl_dark.css
22:39:35.514 [FXGL Background Thread 1 ] DEBUG FXGLAssetLoaderServi - Loading from file system: jar:file:/C:/Users/primzcm/.m2/repository/com/github/almasb/fxgl/fxgl/21.1/fxgl-21.1.jar!/fxglassets/ui/css/fxgl_dark.css
22:39:35.551 [FXGL Background Thread 1 ] DEBUG GameApplicationServi - Initializing application scenes
22:39:35.570 [FXGL Background Thread 1 ] DEBUG GameWorld            - Game world initialized
22:39:35.610 [FXGL Background Thread 1 ] DEBUG PhysicsWorld         - Physics world initialized: appHeight=720, physics.ppm=50.0
22:39:35.610 [FXGL Background Thread 1 ] DEBUG PhysicsWorld         - Using strategy: BRUTE_FORCE
22:39:35.613 [FXGL Background Thread 1 ] DEBUG GameScene            - Game scene initialized: 1280x720
22:39:35.836 [FXGL Background Thread 1 ] DEBUG GameApplicationServi - Application scenes initialized
22:39:35.851 [FXGL Background Thread 1 ] DEBUG SystemBundleService  - Loading FXGL system data
22:39:35.854 [FXGL Background Thread 1 ] DEBUG FileSystemAccess     - Reading from: F:\my files\School\2nd year 2nd sem\TheOnlyException\system\fxgl.bundle
22:39:35.860 [FXGL Background Thread 1 ] DEBUG SystemBundleService  - Bundle FXGL: {}
22:39:35.860 [FXGL Background Thread 1 ] DEBUG UpdaterService       - Checking for updates
22:39:35.865 [FXGL Background Thread 4 ] DEBUG FXGLApplication      - Loading fonts
22:39:35.866 [FXGL Background Thread 4 ] DEBUG FXGLAssetLoaderServi - Loading from file system: jar:file:/C:/Users/primzcm/.m2/repository/com/github/almasb/fxgl/fxgl/21.1/fxgl-21.1.jar!/fxglassets/ui/fonts/VarelaRound-Regular.ttf
22:39:35.867 [FXGL Background Thread 1 ] DEBUG FXGLApplication      - Loading default localization
22:39:35.867 [FXGL Background Thread 1 ] DEBUG FXGLAssetLoaderServi - Loading from file system: jar:file:/C:/Users/primzcm/.m2/repository/com/github/almasb/fxgl/fxgl/21.1/fxgl-21.1.jar!/fxglassets/languages/english.lang
22:39:35.869 [FXGL Background Thread 4 ] DEBUG FXGLAssetLoaderServi - Loading from file system: jar:file:/C:/Users/primzcm/.m2/repository/com/github/almasb/fxgl/fxgl/21.1/fxgl-21.1.jar!/fxglassets/ui/fonts/Abel-Regular.ttf
22:39:35.872 [FXGL Background Thread 4 ] DEBUG FXGLAssetLoaderServi - Loading from file system: jar:file:/C:/Users/primzcm/.m2/repository/com/github/almasb/fxgl/fxgl/21.1/fxgl-21.1.jar!/fxglassets/ui/fonts/TerminalLandMono-Regular.otf
22:39:35.875 [FXGL Background Thread 4 ] DEBUG FXGLAssetLoaderServi - Loading from file system: jar:file:/C:/Users/primzcm/.m2/repository/com/github/almasb/fxgl/fxgl/21.1/fxgl-21.1.jar!/fxglassets/ui/fonts/Courier-Prime.ttf
22:39:35.881 [JavaFX Application Thread] DEBUG FXGLApplication      - Registering font factories with UI factory
22:39:35.891 [FXGL Background Thread 1 ] INFO  FXGLApplication      - FXGL initialization took: 0.421 sec
22:39:35.899 [JavaFX Application Thread] DEBUG Input                - Registered new binding: action0 - A
22:39:35.900 [JavaFX Application Thread] DEBUG Input                - Registered new binding: action1 - D
22:39:35.900 [JavaFX Application Thread] DEBUG Input                - Registered new binding: action2 - W
22:39:35.901 [JavaFX Application Thread] DEBUG Input                - Registered new binding: action3 - S
22:39:35.901 [JavaFX Application Thread] DEBUG Input                - Registered new binding: action4 - Esc
22:39:35.902 [JavaFX Application Thread] DEBUG FXGLAssetLoaderServi - Loading from file system: jar:file:/C:/Users/primzcm/.m2/repository/com/github/almasb/fxgl/fxgl/21.1/fxgl-21.1.jar!/fxglassets/textures/fxgl_icon.png
22:39:35.962 [JavaFX Application Thread] DEBUG FXGLAssetLoaderServi - Loading from file system: jar:file:/C:/Users/primzcm/.m2/repository/com/github/almasb/fxgl/fxgl/21.1/fxgl-21.1.jar!/fxglassets/textures/fxgl_default_cursor.png
22:39:35.965 [JavaFX Application Thread] DEBUG Input                - Registered new binding: Screenshot - CTRL+8
22:39:35.966 [JavaFX Application Thread] DEBUG Input                - Registered new binding: System info dump - CTRL+9
22:39:35.966 [JavaFX Application Thread] DEBUG Input                - Registered new binding: Restart - CTRL+R
22:39:35.967 [JavaFX Application Thread] DEBUG Input                - Registered new binding: Toggle Debug Camera - CTRL+7
22:39:35.973 [JavaFX Application Thread] DEBUG LoopRunner           - Starting loop
22:39:35.973 [JavaFX Application Thread] DEBUG LoopRunner           - Initializing JavaFX AnimationTimerLoop
22:39:35.979 [JavaFX Application Thread] DEBUG Input                - Clearing active input actions
22:39:35.987 [JavaFX Application Thread] DEBUG GameApplicationServi - Removing overlay from FXGLStartupScene and adding to FXGLMainMenuDummyScene
22:39:35.987 [JavaFX Application Thread] DEBUG PrimaryStageWindow   - FXGLStartupScene -> FXGLMainMenuDummyScene
22:39:35.987 [JavaFX Application Thread] DEBUG PrimaryStageWindow   - Push state: LoginScene
22:39:35.987 [JavaFX Application Thread] DEBUG Input                - Clearing active input actions
22:39:36.003 [JavaFX Application Thread] DEBUG GameApplicationServi - Removing overlay from FXGLMainMenuDummyScene and adding to LoginScene
22:39:36.004 [JavaFX Application Thread] DEBUG PrimaryStageWindow   - FXGLMainMenuDummyScene -> LoginScene
22:39:36.565 [FXGL Background Thread 2 ] INFO  UpdaterService       - Your current version:  21+dev-SNAPSHOT
22:39:36.565 [FXGL Background Thread 2 ] INFO  UpdaterService       - Latest stable version: 21.1
22:39:38.865 [FXGL Background Thread 3 ] DEBUG Engine               - Logging environment variables
22:39:38.865 [FXGL Background Thread 3 ] DEBUG Engine               - achievements: []
22:39:38.865 [FXGL Background Thread 3 ] DEBUG Engine               - actualHeight: 720.0
22:39:38.865 [FXGL Background Thread 3 ] DEBUG Engine               - actualHeightProperty: ReadOnlyDoubleProperty [value: 720.0]
22:39:38.865 [FXGL Background Thread 3 ] DEBUG Engine               - actualWidth: 1280.0
22:39:38.865 [FXGL Background Thread 3 ] DEBUG Engine               - actualWidthProperty: ReadOnlyDoubleProperty [value: 1280.0]
22:39:38.865 [FXGL Background Thread 3 ] DEBUG Engine               - appIcon: fxgl_icon.png
22:39:38.865 [FXGL Background Thread 3 ] DEBUG Engine               - applicationMode: DEVELOPER
22:39:38.865 [FXGL Background Thread 3 ] DEBUG Engine               - cSSList: [fxgl_dark.css]
22:39:38.865 [FXGL Background Thread 3 ] DEBUG Engine               - collisionDetectionStrategy: BRUTE_FORCE
22:39:38.865 [FXGL Background Thread 3 ] DEBUG Engine               - configClass: Optional.empty
22:39:38.865 [FXGL Background Thread 3 ] DEBUG Engine               - credits: []
22:39:38.866 [FXGL Background Thread 3 ] DEBUG Engine               - defaultCursor: CursorInfo(imageName=fxgl_default_cursor.png, hotspotX=7.0, hotspotY=6.0)
22:39:38.867 [FXGL Background Thread 3 ] DEBUG Engine               - devBBoxColorProperty: ObjectProperty [value: 0xff0000ff]
22:39:38.867 [FXGL Background Thread 3 ] DEBUG Engine               - devEnableDebugCameraProperty: BooleanProperty [value: false]
22:39:38.867 [FXGL Background Thread 3 ] DEBUG Engine               - devSensorColorProperty: ObjectProperty [value: 0xffff00ff]
22:39:38.867 [FXGL Background Thread 3 ] DEBUG Engine               - devShowBBoxProperty: BooleanProperty [value: false]
22:39:38.867 [FXGL Background Thread 3 ] DEBUG Engine               - devShowPositionProperty: BooleanProperty [value: false]
22:39:38.867 [FXGL Background Thread 3 ] DEBUG Engine               - enabledMenuItems: []
22:39:38.867 [FXGL Background Thread 3 ] DEBUG Engine               - engineServices: [class com.almasb.fxgl.app.services.FXGLAssetLoaderService, class com.almasb.fxgl.app.FXGLApplication$GameApplicationService, class com.almasb.fxgl.app.services.FXGLDialogService, class com.almasb.fxgl.app.services.IOTaskExecutorService, class com.almasb.fxgl.io.FileSystemService, class com.almasb.fxgl.localization.LocalizationService, class com.almasb.fxgl.app.services.SystemBundleService, class com.almasb.fxgl.profile.SaveLoadService, class com.almasb.fxgl.ui.FXGLUIFactoryServiceProvider, class com.almasb.fxgl.ui.FXGLDialogFactoryServiceProvider, class com.almasb.fxgl.audio.AudioPlayer, class com.almasb.fxgl.notification.impl.NotificationServiceProvider, class com.almasb.fxgl.achievement.AchievementService, class com.almasb.fxgl.cutscene.CutsceneService, class com.almasb.fxgl.minigames.MiniGameService, class com.almasb.fxgl.net.NetService, class com.almasb.fxgl.app.services.UpdaterService, class com.almasb.fxgl.dev.DevService]
22:39:38.867 [FXGL Background Thread 3 ] DEBUG Engine               - fontGame: Abel-Regular.ttf
22:39:38.867 [FXGL Background Thread 3 ] DEBUG Engine               - fontMono: TerminalLandMono-Regular.otf
22:39:38.867 [FXGL Background Thread 3 ] DEBUG Engine               - fontSizeScaleUI: 1.0
22:39:38.867 [FXGL Background Thread 3 ] DEBUG Engine               - fontText: Courier-Prime.ttf
22:39:38.867 [FXGL Background Thread 3 ] DEBUG Engine               - fontUI: VarelaRound-Regular.ttf
22:39:38.867 [FXGL Background Thread 3 ] DEBUG Engine               - fullScreen: BooleanProperty [value: false]
22:39:38.867 [FXGL Background Thread 3 ] DEBUG Engine               - gameDifficulty: MEDIUM
22:39:38.867 [FXGL Background Thread 3 ] DEBUG Engine               - gameDifficultyProperty: ObjectProperty [value: MEDIUM]
22:39:38.867 [FXGL Background Thread 3 ] DEBUG Engine               - globalMusicVolume: 0.5
22:39:38.867 [FXGL Background Thread 3 ] DEBUG Engine               - globalMusicVolumeProperty: DoubleProperty [value: 0.5]
22:39:38.867 [FXGL Background Thread 3 ] DEBUG Engine               - globalSoundVolume: 0.5
22:39:38.867 [FXGL Background Thread 3 ] DEBUG Engine               - globalSoundVolumeProperty: DoubleProperty [value: 0.5]
22:39:38.867 [FXGL Background Thread 3 ] DEBUG Engine               - height: 720
22:39:38.867 [FXGL Background Thread 3 ] DEBUG Engine               - is3D: false
22:39:38.867 [FXGL Background Thread 3 ] DEBUG Engine               - isAndroid: false
22:39:38.867 [FXGL Background Thread 3 ] DEBUG Engine               - isBrowser: false
22:39:38.867 [FXGL Background Thread 3 ] DEBUG Engine               - isClickFeedbackEnabled: false
22:39:38.867 [FXGL Background Thread 3 ] DEBUG Engine               - isCloseConfirmation: false
22:39:38.867 [FXGL Background Thread 3 ] DEBUG Engine               - isDesktop: true
22:39:38.867 [FXGL Background Thread 3 ] DEBUG Engine               - isDeveloperMenuEnabled: false
22:39:38.867 [FXGL Background Thread 3 ] DEBUG Engine               - isEmbedded: false
22:39:38.867 [FXGL Background Thread 3 ] DEBUG Engine               - isEntityPreloadEnabled: true
22:39:38.867 [FXGL Background Thread 3 ] DEBUG Engine               - isExperimentalTiledLargeMap: false
22:39:38.867 [FXGL Background Thread 3 ] DEBUG Engine               - isFileSystemWriteAllowed: true
22:39:38.867 [FXGL Background Thread 3 ] DEBUG Engine               - isFullScreenAllowed: false
22:39:38.867 [FXGL Background Thread 3 ] DEBUG Engine               - isFullScreenFromStart: false
22:39:38.867 [FXGL Background Thread 3 ] DEBUG Engine               - isGameMenuEnabled: false
22:39:38.867 [FXGL Background Thread 3 ] DEBUG Engine               - isIOS: false
22:39:38.868 [FXGL Background Thread 3 ] DEBUG Engine               - isIntroEnabled: false
22:39:38.868 [FXGL Background Thread 3 ] DEBUG Engine               - isLinux: false
22:39:38.868 [FXGL Background Thread 3 ] DEBUG Engine               - isMac: false
22:39:38.868 [FXGL Background Thread 3 ] DEBUG Engine               - isMainMenuEnabled: true
22:39:38.868 [FXGL Background Thread 3 ] DEBUG Engine               - isManualResizeEnabled: false
22:39:38.868 [FXGL Background Thread 3 ] DEBUG Engine               - isMobile: false
22:39:38.868 [FXGL Background Thread 3 ] DEBUG Engine               - isNative: false
22:39:38.868 [FXGL Background Thread 3 ] DEBUG Engine               - isPauseMusicWhenMinimized: true
22:39:38.868 [FXGL Background Thread 3 ] DEBUG Engine               - isPreserveResizeRatio: false
22:39:38.868 [FXGL Background Thread 3 ] DEBUG Engine               - isProfilingEnabled: false
22:39:38.868 [FXGL Background Thread 3 ] DEBUG Engine               - isScaleAffectedOnResize: true
22:39:38.868 [FXGL Background Thread 3 ] DEBUG Engine               - isSingleStep: false
22:39:38.868 [FXGL Background Thread 3 ] DEBUG Engine               - isUserProfileEnabled: false
22:39:38.868 [FXGL Background Thread 3 ] DEBUG Engine               - isWindows: true
22:39:38.868 [FXGL Background Thread 3 ] DEBUG Engine               - language: ObjectProperty [value: ENGLISH]
22:39:38.868 [FXGL Background Thread 3 ] DEBUG Engine               - menuKey: ESCAPE
22:39:38.868 [FXGL Background Thread 3 ] DEBUG Engine               - mouseSensitivity: 0.2
22:39:38.868 [FXGL Background Thread 3 ] DEBUG Engine               - notificationViewClass: class com.almasb.fxgl.notification.view.XboxNotificationView
22:39:38.868 [FXGL Background Thread 3 ] DEBUG Engine               - pixelsPerMeter: 50.0
22:39:38.868 [FXGL Background Thread 3 ] DEBUG Engine               - platform: WINDOWS
22:39:38.868 [FXGL Background Thread 3 ] DEBUG Engine               - prefHeightProperty: ReadOnlyDoubleProperty [value: 720.0]
22:39:38.868 [FXGL Background Thread 3 ] DEBUG Engine               - prefWidthProperty: ReadOnlyDoubleProperty [value: 1280.0]
22:39:38.868 [FXGL Background Thread 3 ] DEBUG Engine               - profileDir: profiles/
22:39:38.868 [FXGL Background Thread 3 ] DEBUG Engine               - profileName: StringProperty [value: DEFAULT]
22:39:38.868 [FXGL Background Thread 3 ] DEBUG Engine               - randomSeed: -1
22:39:38.868 [FXGL Background Thread 3 ] DEBUG Engine               - runtimeInfo: RuntimeInfo(platform=WINDOWS, version=21+dev-SNAPSHOT, build=26.03.2024 19.46)
22:39:38.868 [FXGL Background Thread 3 ] DEBUG Engine               - saveFileExt: sav
22:39:38.868 [FXGL Background Thread 3 ] DEBUG Engine               - scaledHeightProp$fxgl: DoubleProperty [bound, value: 720.0]
22:39:38.868 [FXGL Background Thread 3 ] DEBUG Engine               - scaledWidthProp$fxgl: DoubleProperty [bound, value: 1280.0]
22:39:38.868 [FXGL Background Thread 3 ] DEBUG Engine               - sceneFactory: org.example.core.GameApp$1@43826b69
22:39:38.868 [FXGL Background Thread 3 ] DEBUG Engine               - secondsIn24h: 60
22:39:38.869 [FXGL Background Thread 3 ] DEBUG Engine               - soundMenuBack: menu/back.wav
22:39:38.869 [FXGL Background Thread 3 ] DEBUG Engine               - soundMenuPress: menu/press.wav
22:39:38.869 [FXGL Background Thread 3 ] DEBUG Engine               - soundMenuSelect: menu/select.wav
22:39:38.869 [FXGL Background Thread 3 ] DEBUG Engine               - soundNotification: core/notification.wav
22:39:38.869 [FXGL Background Thread 3 ] DEBUG Engine               - stageStyle: DECORATED
22:39:38.869 [FXGL Background Thread 3 ] DEBUG Engine               - supportedLanguages: [ENGLISH, FRENCH, GERMAN, HUNGARIAN, RUSSIAN]
22:39:38.869 [FXGL Background Thread 3 ] DEBUG Engine               - ticksPerSecond: -1
22:39:38.869 [FXGL Background Thread 3 ] DEBUG Engine               - title: Prototype Game
22:39:38.869 [FXGL Background Thread 3 ] DEBUG Engine               - urlGithub: https://github.com/AlmasB/FXGL
22:39:38.869 [FXGL Background Thread 3 ] DEBUG Engine               - urlLeaderboard: http://fxgl-top.herokuapp.com/
22:39:38.869 [FXGL Background Thread 3 ] DEBUG Engine               - urlPOM: https://raw.githubusercontent.com/AlmasB/FXGL/release/README.md
22:39:38.869 [FXGL Background Thread 3 ] DEBUG Engine               - userAppClass: class org.example.core.GameApp
22:39:38.869 [FXGL Background Thread 3 ] DEBUG Engine               - version: 0.1.5
22:39:38.869 [FXGL Background Thread 3 ] DEBUG Engine               - versionCheckDays: 7
22:39:38.869 [FXGL Background Thread 3 ] DEBUG Engine               - width: 1280
22:39:38.869 [FXGL Background Thread 3 ] DEBUG Engine               - Logging services
22:39:38.869 [FXGL Background Thread 3 ] DEBUG Engine               - class com.almasb.fxgl.app.services.FXGLAssetLoaderService
22:39:38.869 [FXGL Background Thread 3 ] DEBUG Engine               - class com.almasb.fxgl.app.FXGLApplication$GameApplicationService
22:39:38.869 [FXGL Background Thread 3 ] DEBUG Engine               - class com.almasb.fxgl.app.services.FXGLDialogService
22:39:38.869 [FXGL Background Thread 3 ] DEBUG Engine               - class com.almasb.fxgl.app.services.IOTaskExecutorService
22:39:38.869 [FXGL Background Thread 3 ] DEBUG Engine               - class com.almasb.fxgl.io.FileSystemService
22:39:38.869 [FXGL Background Thread 3 ] DEBUG Engine               - class com.almasb.fxgl.localization.LocalizationService
22:39:38.869 [FXGL Background Thread 3 ] DEBUG Engine               - class com.almasb.fxgl.app.services.SystemBundleService
22:39:38.869 [FXGL Background Thread 3 ] DEBUG Engine               - class com.almasb.fxgl.profile.SaveLoadService
22:39:38.869 [FXGL Background Thread 3 ] DEBUG Engine               - class com.almasb.fxgl.ui.FXGLUIFactoryServiceProvider
22:39:38.869 [FXGL Background Thread 3 ] DEBUG Engine               - class com.almasb.fxgl.ui.FXGLDialogFactoryServiceProvider
22:39:38.869 [FXGL Background Thread 3 ] DEBUG Engine               - class com.almasb.fxgl.audio.AudioPlayer
22:39:38.869 [FXGL Background Thread 3 ] DEBUG Engine               - class com.almasb.fxgl.notification.impl.NotificationServiceProvider
22:39:38.869 [FXGL Background Thread 3 ] DEBUG Engine               - class com.almasb.fxgl.achievement.AchievementService
22:39:38.869 [FXGL Background Thread 3 ] DEBUG Engine               - class com.almasb.fxgl.cutscene.CutsceneService
22:39:38.869 [FXGL Background Thread 3 ] DEBUG Engine               - class com.almasb.fxgl.minigames.MiniGameService
22:39:38.869 [FXGL Background Thread 3 ] DEBUG Engine               - class com.almasb.fxgl.net.NetService
22:39:38.869 [FXGL Background Thread 3 ] DEBUG Engine               - class com.almasb.fxgl.app.services.UpdaterService
22:39:38.869 [FXGL Background Thread 3 ] DEBUG Engine               - class com.almasb.fxgl.dev.DevService
22:39:38.927 [JavaFX Application Thread] DEBUG GameWorld            - Game world initialized
22:39:38.930 [JavaFX Application Thread] DEBUG PhysicsWorld         - Physics world initialized: appHeight=720, physics.ppm=50.0
22:39:38.930 [JavaFX Application Thread] DEBUG PhysicsWorld         - Using strategy: BRUTE_FORCE
22:39:38.930 [JavaFX Application Thread] DEBUG GameScene            - Game scene initialized: 1280x720
22:39:38.952 [JavaFX Application Thread] DEBUG PrimaryStageWindow   - Push state: MainMenuScene
22:39:38.983 [JavaFX Application Thread] DEBUG Input                - Clearing active input actions
22:39:38.984 [JavaFX Application Thread] DEBUG GameApplicationServi - Removing overlay from LoginScene and adding to MainMenuScene
22:39:38.984 [JavaFX Application Thread] DEBUG PrimaryStageWindow   - LoginScene -> MainMenuScene
22:39:38.985 [JavaFX Application Thread] DEBUG GameWorld            - Game world initialized
22:39:38.985 [JavaFX Application Thread] DEBUG PhysicsWorld         - Physics world initialized: appHeight=720, physics.ppm=50.0
22:39:38.985 [JavaFX Application Thread] DEBUG PhysicsWorld         - Using strategy: BRUTE_FORCE
22:39:38.986 [JavaFX Application Thread] DEBUG GameScene            - Game scene initialized: 1280x720
22:39:38.997 [JavaFX Application Thread] DEBUG PrimaryStageWindow   - Push state: MainMenuScene
22:39:39.027 [JavaFX Application Thread] DEBUG Input                - Clearing active input actions
22:39:39.028 [JavaFX Application Thread] DEBUG GameApplicationServi - Removing overlay from MainMenuScene and adding to MainMenuScene
22:39:39.028 [JavaFX Application Thread] DEBUG PrimaryStageWindow   - MainMenuScene -> MainMenuScene
22:39:40.012 [JavaFX Application Thread] DEBUG GameApplicationServi - Starting new game
22:39:40.013 [JavaFX Application Thread] DEBUG PrimaryStageWindow   - Pop state: MainMenuScene
22:39:40.013 [JavaFX Application Thread] DEBUG Input                - Clearing active input actions
22:39:40.013 [JavaFX Application Thread] DEBUG GameApplicationServi - Removing overlay from MainMenuScene and adding to MainMenuScene
22:39:40.014 [JavaFX Application Thread] DEBUG PrimaryStageWindow   - MainMenuScene <- MainMenuScene
22:39:40.103 [JavaFX Application Thread] DEBUG PrimaryStageWindow   - Pop state: MainMenuScene
22:39:40.103 [JavaFX Application Thread] DEBUG Input                - Clearing active input actions
22:39:40.103 [JavaFX Application Thread] DEBUG GameApplicationServi - Removing overlay from MainMenuScene and adding to LoginScene
22:39:40.104 [JavaFX Application Thread] DEBUG PrimaryStageWindow   - LoginScene <- MainMenuScene
22:39:40.165 [JavaFX Application Thread] DEBUG PrimaryStageWindow   - Pop state: LoginScene
22:39:40.165 [JavaFX Application Thread] DEBUG Input                - Clearing active input actions
22:39:40.165 [JavaFX Application Thread] DEBUG GameApplicationServi - Removing overlay from LoginScene and adding to FXGLMainMenuDummyScene
22:39:40.165 [JavaFX Application Thread] DEBUG PrimaryStageWindow   - FXGLMainMenuDummyScene <- LoginScene
22:39:40.165 [JavaFX Application Thread] DEBUG Input                - Clearing active input actions
22:39:40.171 [JavaFX Application Thread] DEBUG GameApplicationServi - Removing overlay from FXGLMainMenuDummyScene and adding to FXGLLoadingScene
22:39:40.171 [JavaFX Application Thread] DEBUG PrimaryStageWindow   - FXGLMainMenuDummyScene -> FXGLLoadingScene
22:39:40.171 [JavaFX Application Thread] DEBUG GameApplicationServi - Clearing previous game
22:39:40.171 [JavaFX Application Thread] DEBUG GameScene            - Clearing game scene
22:39:40.171 [JavaFX Application Thread] DEBUG GameWorld            - Clearing game world
22:39:40.172 [JavaFX Application Thread] DEBUG PhysicsWorld         - Clearing physics world
22:39:40.173 [FXGL Background Thread 2 ] DEBUG FXGLApplication      - Initializing game
22:39:40.182 [FXGL Background Thread 2 ] DEBUG FXGLAssetLoaderServi - Loading from file system: file:/F:/my%20files/School/2nd%20year%202nd%20sem/TheOnlyException/Test/target/classes/assets/textures/worlda.png
22:39:40.241 [FXGL Background Thread 2 ] DEBUG FXGLAssetLoaderServi - Loading from file system: file:/F:/my%20files/School/2nd%20year%202nd%20sem/TheOnlyException/Test/target/classes/assets/textures/player-scaled.png
22:39:40.285 [FXGL Background Thread 2 ] INFO  FXGLApplication      - Game initialization took: 0.113 sec
22:39:40.289 [JavaFX Application Thread] DEBUG Input                - Clearing active input actions
22:39:40.294 [JavaFX Application Thread] DEBUG GameApplicationServi - Removing overlay from FXGLLoadingScene and adding to GameScene
22:39:40.294 [JavaFX Application Thread] DEBUG PrimaryStageWindow   - FXGLLoadingScene -> GameScene
22:39:40.755 [JavaFX Application Thread] DEBUG GameWorld            - Game world initialized
22:39:40.756 [JavaFX Application Thread] DEBUG PhysicsWorld         - Physics world initialized: appHeight=720, physics.ppm=50.0
22:39:40.756 [JavaFX Application Thread] DEBUG PhysicsWorld         - Using strategy: BRUTE_FORCE
22:39:40.756 [JavaFX Application Thread] DEBUG GameScene            - Game scene initialized: 1280x720
22:39:40.772 [JavaFX Application Thread] DEBUG PrimaryStageWindow   - Push state: PauseScene
22:39:40.773 [JavaFX Application Thread] DEBUG Input                - Clearing active input actions
22:39:40.776 [JavaFX Application Thread] DEBUG GameApplicationServi - Removing overlay from GameScene and adding to PauseScene
22:39:40.776 [JavaFX Application Thread] DEBUG PrimaryStageWindow   - GameScene -> PauseScene
22:39:43.514 [JavaFX Application Thread] DEBUG PrimaryStageWindow   - Pop state: PauseScene
22:39:43.514 [JavaFX Application Thread] DEBUG Input                - Clearing active input actions
22:39:43.514 [JavaFX Application Thread] DEBUG GameApplicationServi - Removing overlay from PauseScene and adding to GameScene
22:39:43.514 [JavaFX Application Thread] DEBUG PrimaryStageWindow   - GameScene <- PauseScene
22:39:43.575 [JavaFX Application Thread] DEBUG GameWorld            - Game world initialized
22:39:43.576 [JavaFX Application Thread] DEBUG PhysicsWorld         - Physics world initialized: appHeight=720, physics.ppm=50.0
22:39:43.576 [JavaFX Application Thread] DEBUG PhysicsWorld         - Using strategy: BRUTE_FORCE
22:39:43.576 [JavaFX Application Thread] DEBUG GameScene            - Game scene initialized: 1280x720
22:39:43.589 [JavaFX Application Thread] DEBUG PrimaryStageWindow   - Push state: MainMenuScene
22:39:43.614 [JavaFX Application Thread] DEBUG Input                - Clearing active input actions
22:39:43.615 [JavaFX Application Thread] DEBUG GameApplicationServi - Removing overlay from GameScene and adding to MainMenuScene
22:39:43.616 [JavaFX Application Thread] DEBUG PrimaryStageWindow   - GameScene -> MainMenuScene
22:39:44.343 [JavaFX Application Thread] DEBUG GameApplicationServi - Starting new game
22:39:44.343 [JavaFX Application Thread] DEBUG PrimaryStageWindow   - Pop state: MainMenuScene
22:39:44.343 [JavaFX Application Thread] DEBUG Input                - Clearing active input actions
22:39:44.344 [JavaFX Application Thread] DEBUG GameApplicationServi - Removing overlay from MainMenuScene and adding to GameScene
22:39:44.344 [JavaFX Application Thread] DEBUG PrimaryStageWindow   - GameScene <- MainMenuScene
22:39:44.344 [JavaFX Application Thread] DEBUG Input                - Clearing active input actions
22:39:44.347 [JavaFX Application Thread] DEBUG GameApplicationServi - Removing overlay from GameScene and adding to FXGLLoadingScene
22:39:44.347 [JavaFX Application Thread] DEBUG PrimaryStageWindow   - GameScene -> FXGLLoadingScene
22:39:44.347 [JavaFX Application Thread] DEBUG GameApplicationServi - Clearing previous game
22:39:44.347 [JavaFX Application Thread] DEBUG GameScene            - Clearing game scene
22:39:44.347 [JavaFX Application Thread] DEBUG GameWorld            - Clearing game world
22:39:44.349 [JavaFX Application Thread] DEBUG PhysicsWorld         - Clearing physics world
22:39:44.349 [FXGL Background Thread 2 ] DEBUG FXGLApplication      - Initializing game
22:39:44.357 [FXGL Background Thread 2 ] INFO  FXGLApplication      - Game initialization took: 0.008 sec
22:39:44.357 [JavaFX Application Thread] DEBUG Input                - Clearing active input actions
22:39:44.361 [JavaFX Application Thread] DEBUG GameApplicationServi - Removing overlay from FXGLLoadingScene and adding to GameScene
22:39:44.361 [JavaFX Application Thread] DEBUG PrimaryStageWindow   - FXGLLoadingScene -> GameScene
22:39:45.157 [JavaFX Application Thread] DEBUG FXGLAssetLoaderServi - Loading from file system: file:/F:/my%20files/School/2nd%20year%202nd%20sem/TheOnlyException/Test/target/classes/assets/textures/MaggotWalk-scaled.png
22:39:45.162 [JavaFX Application Thread] DEBUG FXGLAssetLoaderServi - Loading from file system: file:/F:/my%20files/School/2nd%20year%202nd%20sem/TheOnlyException/Test/target/classes/assets/textures/BeetleMove-scaled.png
22:39:45.163 [JavaFX Application Thread] DEBUG FXGLAssetLoaderServi - Loading from file system: file:/F:/my%20files/School/2nd%20year%202nd%20sem/TheOnlyException/Test/target/classes/assets/textures/MantisMove-scaled.png
22:39:45.165 [JavaFX Application Thread] DEBUG FXGLAssetLoaderServi - Loading from file system: file:/F:/my%20files/School/2nd%20year%202nd%20sem/TheOnlyException/Test/target/classes/assets/textures/BeeMove-scaled.png
22:39:45.166 [JavaFX Application Thread] DEBUG FXGLAssetLoaderServi - Loading from file system: file:/F:/my%20files/School/2nd%20year%202nd%20sem/TheOnlyException/Test/target/classes/assets/textures/GiantFly.png
22:39:45.167 [JavaFX Application Thread] DEBUG FXGLAssetLoaderServi - Loading from file system: file:/F:/my%20files/School/2nd%20year%202nd%20sem/TheOnlyException/Test/target/classes/assets/textures/DragonFly.png
22:39:57.314 [JavaFX Application Thread] DEBUG FXGLAssetLoaderServi - Loading from file system: file:/F:/my%20files/School/2nd%20year%202nd%20sem/TheOnlyException/Test/target/classes/assets/textures/smolderprotocol.png
22:39:57.342 [JavaFX Application Thread] DEBUG FXGLAssetLoaderServi - Loading from file system: file:/F:/my%20files/School/2nd%20year%202nd%20sem/TheOnlyException/Test/target/classes/assets/textures/firewallshield.png
22:39:57.359 [JavaFX Application Thread] DEBUG FXGLAssetLoaderServi - Loading from file system: file:/F:/my%20files/School/2nd%20year%202nd%20sem/TheOnlyException/Test/target/classes/assets/textures/realtimedefense.png
22:39:57.378 [JavaFX Application Thread] WARN  FXGLAssetLoaderServi - Asset "/assets/textures/gun.png" was not found!
22:39:57.378 [JavaFX Application Thread] WARN  FXGLAssetLoaderServi - Failed to load IMAGE
22:39:57.387 [JavaFX Application Thread] DEBUG PrimaryStageWindow   - Push state: DialogSubScene
22:39:57.387 [JavaFX Application Thread] DEBUG Input                - Clearing active input actions
22:39:57.388 [JavaFX Application Thread] DEBUG GameApplicationServi - Removing overlay from GameScene and adding to DialogSubScene
22:39:57.388 [JavaFX Application Thread] DEBUG PrimaryStageWindow   - GameScene -> DialogSubScene
22:39:58.430 [JavaFX Application Thread] DEBUG PrimaryStageWindow   - Pop state: DialogSubScene
22:39:58.430 [JavaFX Application Thread] DEBUG Input                - Clearing active input actions
22:39:58.431 [JavaFX Application Thread] DEBUG GameApplicationServi - Removing overlay from DialogSubScene and adding to GameScene
22:39:58.431 [JavaFX Application Thread] DEBUG PrimaryStageWindow   - GameScene <- DialogSubScene
22:40:00.927 [JavaFX Application Thread] WARN  FXGLAssetLoaderServi - Asset "/assets/textures/gun.png" was not found!
22:40:00.927 [JavaFX Application Thread] WARN  FXGLAssetLoaderServi - Failed to load IMAGE
22:40:00.927 [JavaFX Application Thread] DEBUG FXGLAssetLoaderServi - Loading from file system: file:/F:/my%20files/School/2nd%20year%202nd%20sem/TheOnlyException/Test/target/classes/assets/textures/shortcircuit.png
22:40:00.945 [JavaFX Application Thread] DEBUG PrimaryStageWindow   - Push state: DialogSubScene
22:40:00.945 [JavaFX Application Thread] DEBUG Input                - Clearing active input actions
22:40:00.945 [JavaFX Application Thread] DEBUG GameApplicationServi - Removing overlay from GameScene and adding to DialogSubScene
22:40:00.945 [JavaFX Application Thread] DEBUG PrimaryStageWindow   - GameScene -> DialogSubScene
22:40:02.210 [JavaFX Application Thread] DEBUG PrimaryStageWindow   - Pop state: DialogSubScene
22:40:02.210 [JavaFX Application Thread] DEBUG Input                - Clearing active input actions
22:40:02.210 [JavaFX Application Thread] DEBUG GameApplicationServi - Removing overlay from DialogSubScene and adding to GameScene
22:40:02.210 [JavaFX Application Thread] DEBUG PrimaryStageWindow   - GameScene <- DialogSubScene
22:40:02.214 [JavaFX Application Thread] WARN  FXGLAssetLoaderServi - Asset "/assets/textures/particles/spark.png" was not found!
22:40:02.214 [JavaFX Application Thread] WARN  FXGLAssetLoaderServi - Failed to load RESIZABLE_IMAGE
22:40:11.834 [JavaFX Application Thread] DEBUG FXGLAssetLoaderServi - Loading from file system: file:/F:/my%20files/School/2nd%20year%202nd%20sem/TheOnlyException/Test/target/classes/assets/textures/datawipe.png
22:40:11.852 [JavaFX Application Thread] WARN  FXGLAssetLoaderServi - Asset "/assets/textures/gun.png" was not found!
22:40:11.852 [JavaFX Application Thread] WARN  FXGLAssetLoaderServi - Failed to load IMAGE
22:40:11.852 [JavaFX Application Thread] DEBUG PrimaryStageWindow   - Push state: DialogSubScene
22:40:11.853 [JavaFX Application Thread] DEBUG Input                - Clearing active input actions
22:40:11.853 [JavaFX Application Thread] DEBUG GameApplicationServi - Removing overlay from GameScene and adding to DialogSubScene
22:40:11.853 [JavaFX Application Thread] DEBUG PrimaryStageWindow   - GameScene -> DialogSubScene
22:40:12.852 [JavaFX Application Thread] DEBUG PrimaryStageWindow   - Pop state: DialogSubScene
22:40:12.852 [JavaFX Application Thread] DEBUG Input                - Clearing active input actions
22:40:12.852 [JavaFX Application Thread] DEBUG GameApplicationServi - Removing overlay from DialogSubScene and adding to GameScene
22:40:12.852 [JavaFX Application Thread] DEBUG PrimaryStageWindow   - GameScene <- DialogSubScene
22:40:16.975 [JavaFX Application Thread] WARN  FXGLAssetLoaderServi - Asset "/assets/textures/particles/spark.png" was not found!
22:40:16.975 [JavaFX Application Thread] WARN  FXGLAssetLoaderServi - Failed to load RESIZABLE_IMAGE
22:40:17.599 [JavaFX Application Thread] DEBUG FXGLAssetLoaderServi - Loading from file system: file:/F:/my%20files/School/2nd%20year%202nd%20sem/TheOnlyException/Test/target/classes/assets/textures/lightning_strike.png
22:40:19.567 [JavaFX Application Thread] DEBUG FXGLAssetLoaderServi - Loading from file system: file:/F:/my%20files/School/2nd%20year%202nd%20sem/TheOnlyException/Test/target/classes/assets/textures/systemrestore.png
22:40:19.582 [JavaFX Application Thread] DEBUG PrimaryStageWindow   - Push state: DialogSubScene
22:40:19.582 [JavaFX Application Thread] DEBUG Input                - Clearing active input actions
22:40:19.582 [JavaFX Application Thread] DEBUG GameApplicationServi - Removing overlay from GameScene and adding to DialogSubScene
22:40:19.582 [JavaFX Application Thread] DEBUG PrimaryStageWindow   - GameScene -> DialogSubScene
22:40:21.893 [JavaFX Application Thread] DEBUG PrimaryStageWindow   - Pop state: DialogSubScene
22:40:21.894 [JavaFX Application Thread] DEBUG Input                - Clearing active input actions
22:40:21.894 [JavaFX Application Thread] DEBUG GameApplicationServi - Removing overlay from DialogSubScene and adding to GameScene
22:40:21.894 [JavaFX Application Thread] DEBUG PrimaryStageWindow   - GameScene <- DialogSubScene
22:40:28.142 [JavaFX Application Thread] DEBUG PrimaryStageWindow   - Push state: DialogSubScene
22:40:28.142 [JavaFX Application Thread] DEBUG Input                - Clearing active input actions
22:40:28.142 [JavaFX Application Thread] DEBUG GameApplicationServi - Removing overlay from GameScene and adding to DialogSubScene
22:40:28.142 [JavaFX Application Thread] DEBUG PrimaryStageWindow   - GameScene -> DialogSubScene
22:40:34.310 [JavaFX Application Thread] DEBUG PrimaryStageWindow   - Pop state: DialogSubScene
22:40:34.310 [JavaFX Application Thread] DEBUG Input                - Clearing active input actions
22:40:34.310 [JavaFX Application Thread] DEBUG GameApplicationServi - Removing overlay from DialogSubScene and adding to GameScene
22:40:34.310 [JavaFX Application Thread] DEBUG PrimaryStageWindow   - GameScene <- DialogSubScene
22:40:35.082 [JavaFX Application Thread] DEBUG FXGLAssetLoaderServi - Loading from file system: file:/F:/my%20files/School/2nd%20year%202nd%20sem/TheOnlyException/Test/target/classes/assets/textures/datawipemine.png
22:40:35.918 [JavaFX Application Thread] WARN  FXGLAssetLoaderServi - Asset "/assets/textures/particles/spark.png" was not found!
22:40:35.919 [JavaFX Application Thread] WARN  FXGLAssetLoaderServi - Failed to load RESIZABLE_IMAGE
22:40:38.134 [JavaFX Application Thread] DEBUG FXGLAssetLoaderServi - Loading from file system: file:/F:/my%20files/School/2nd%20year%202nd%20sem/TheOnlyException/Test/target/classes/assets/textures/datawipeexplosion.png
22:40:38.136 [JavaFX Application Thread] WARN  FXGLAssetLoaderServi - Asset "/assets/textures/orange_particle.png" was not found!
22:40:38.136 [JavaFX Application Thread] WARN  FXGLAssetLoaderServi - Failed to load IMAGE
22:40:40.152 [JavaFX Application Thread] WARN  FXGLAssetLoaderServi - Asset "/assets/textures/orange_particle.png" was not found!
22:40:40.152 [JavaFX Application Thread] WARN  FXGLAssetLoaderServi - Failed to load IMAGE
22:40:42.151 [JavaFX Application Thread] WARN  FXGLAssetLoaderServi - Asset "/assets/textures/orange_particle.png" was not found!
22:40:42.151 [JavaFX Application Thread] WARN  FXGLAssetLoaderServi - Failed to load IMAGE
22:40:44.158 [JavaFX Application Thread] WARN  FXGLAssetLoaderServi - Asset "/assets/textures/orange_particle.png" was not found!
22:40:44.158 [JavaFX Application Thread] WARN  FXGLAssetLoaderServi - Failed to load IMAGE
22:40:44.332 [JavaFX Application Thread] DEBUG PrimaryStageWindow   - Push state: DialogSubScene
22:40:44.332 [JavaFX Application Thread] DEBUG Input                - Clearing active input actions
22:40:44.333 [JavaFX Application Thread] DEBUG GameApplicationServi - Removing overlay from GameScene and adding to DialogSubScene
22:40:44.333 [JavaFX Application Thread] DEBUG PrimaryStageWindow   - GameScene -> DialogSubScene
22:41:08.456 [JavaFX Application Thread] DEBUG PrimaryStageWindow   - Pop state: DialogSubScene
22:41:08.456 [JavaFX Application Thread] DEBUG Input                - Clearing active input actions
22:41:08.456 [JavaFX Application Thread] DEBUG GameApplicationServi - Removing overlay from DialogSubScene and adding to GameScene
22:41:08.456 [JavaFX Application Thread] DEBUG PrimaryStageWindow   - GameScene <- DialogSubScene
22:41:09.150 [JavaFX Application Thread] WARN  FXGLAssetLoaderServi - Asset "/assets/textures/orange_particle.png" was not found!
22:41:09.150 [JavaFX Application Thread] WARN  FXGLAssetLoaderServi - Failed to load IMAGE
22:41:09.903 [JavaFX Application Thread] WARN  FXGLAssetLoaderServi - Asset "/assets/textures/orange_particle.png" was not found!
22:41:09.903 [JavaFX Application Thread] WARN  FXGLAssetLoaderServi - Failed to load IMAGE
22:41:10.990 [JavaFX Application Thread] WARN  FXGLAssetLoaderServi - Asset "/assets/textures/orange_particle.png" was not found!
22:41:10.990 [JavaFX Application Thread] WARN  FXGLAssetLoaderServi - Failed to load IMAGE
22:41:11.102 [JavaFX Application Thread] WARN  FXGLAssetLoaderServi - Asset "/assets/textures/particles/spark.png" was not found!
22:41:11.102 [JavaFX Application Thread] WARN  FXGLAssetLoaderServi - Failed to load RESIZABLE_IMAGE
22:41:12.990 [JavaFX Application Thread] WARN  FXGLAssetLoaderServi - Asset "/assets/textures/orange_particle.png" was not found!
22:41:12.990 [JavaFX Application Thread] WARN  FXGLAssetLoaderServi - Failed to load IMAGE
22:41:14.990 [JavaFX Application Thread] WARN  FXGLAssetLoaderServi - Asset "/assets/textures/orange_particle.png" was not found!
22:41:14.990 [JavaFX Application Thread] WARN  FXGLAssetLoaderServi - Failed to load IMAGE
22:41:16.990 [JavaFX Application Thread] WARN  FXGLAssetLoaderServi - Asset "/assets/textures/orange_particle.png" was not found!
22:41:16.990 [JavaFX Application Thread] WARN  FXGLAssetLoaderServi - Failed to load IMAGE
22:41:19.005 [JavaFX Application Thread] WARN  FXGLAssetLoaderServi - Asset "/assets/textures/orange_particle.png" was not found!
22:41:19.006 [JavaFX Application Thread] WARN  FXGLAssetLoaderServi - Failed to load IMAGE
22:41:21.006 [JavaFX Application Thread] WARN  FXGLAssetLoaderServi - Asset "/assets/textures/orange_particle.png" was not found!
22:41:21.006 [JavaFX Application Thread] WARN  FXGLAssetLoaderServi - Failed to load IMAGE
22:41:23.016 [JavaFX Application Thread] WARN  FXGLAssetLoaderServi - Asset "/assets/textures/orange_particle.png" was not found!
22:41:23.016 [JavaFX Application Thread] WARN  FXGLAssetLoaderServi - Failed to load IMAGE
22:41:25.021 [JavaFX Application Thread] WARN  FXGLAssetLoaderServi - Asset "/assets/textures/orange_particle.png" was not found!
22:41:25.021 [JavaFX Application Thread] WARN  FXGLAssetLoaderServi - Failed to load IMAGE
22:41:26.111 [JavaFX Application Thread] WARN  FXGLAssetLoaderServi - Asset "/assets/textures/particles/spark.png" was not found!
22:41:26.111 [JavaFX Application Thread] WARN  FXGLAssetLoaderServi - Failed to load RESIZABLE_IMAGE
22:41:27.023 [JavaFX Application Thread] WARN  FXGLAssetLoaderServi - Asset "/assets/textures/orange_particle.png" was not found!
22:41:27.023 [JavaFX Application Thread] WARN  FXGLAssetLoaderServi - Failed to load IMAGE
22:41:28.843 [JavaFX Application Thread] WARN  FXGLAssetLoaderServi - Asset "/assets/textures/gun.png" was not found!
22:41:28.843 [JavaFX Application Thread] WARN  FXGLAssetLoaderServi - Failed to load IMAGE
22:41:28.843 [JavaFX Application Thread] DEBUG PrimaryStageWindow   - Push state: DialogSubScene
22:41:28.843 [JavaFX Application Thread] DEBUG Input                - Clearing active input actions
22:41:28.844 [JavaFX Application Thread] DEBUG GameApplicationServi - Removing overlay from GameScene and adding to DialogSubScene
22:41:28.844 [JavaFX Application Thread] DEBUG PrimaryStageWindow   - GameScene -> DialogSubScene
22:41:29.542 [JavaFX Application Thread] DEBUG PrimaryStageWindow   - Pop state: DialogSubScene
22:41:29.542 [JavaFX Application Thread] DEBUG Input                - Clearing active input actions
22:41:29.542 [JavaFX Application Thread] DEBUG GameApplicationServi - Removing overlay from DialogSubScene and adding to GameScene
22:41:29.542 [JavaFX Application Thread] DEBUG PrimaryStageWindow   - GameScene <- DialogSubScene
22:41:29.727 [JavaFX Application Thread] WARN  FXGLAssetLoaderServi - Asset "/assets/textures/orange_particle.png" was not found!
22:41:29.728 [JavaFX Application Thread] WARN  FXGLAssetLoaderServi - Failed to load IMAGE
22:41:31.725 [JavaFX Application Thread] WARN  FXGLAssetLoaderServi - Asset "/assets/textures/orange_particle.png" was not found!
22:41:31.725 [JavaFX Application Thread] WARN  FXGLAssetLoaderServi - Failed to load IMAGE
22:41:33.724 [JavaFX Application Thread] WARN  FXGLAssetLoaderServi - Asset "/assets/textures/orange_particle.png" was not found!
22:41:33.724 [JavaFX Application Thread] WARN  FXGLAssetLoaderServi - Failed to load IMAGE
22:41:35.726 [JavaFX Application Thread] WARN  FXGLAssetLoaderServi - Asset "/assets/textures/orange_particle.png" was not found!
22:41:35.726 [JavaFX Application Thread] WARN  FXGLAssetLoaderServi - Failed to load IMAGE
22:41:37.734 [JavaFX Application Thread] WARN  FXGLAssetLoaderServi - Asset "/assets/textures/orange_particle.png" was not found!
22:41:37.734 [JavaFX Application Thread] WARN  FXGLAssetLoaderServi - Failed to load IMAGE
22:41:39.743 [JavaFX Application Thread] WARN  FXGLAssetLoaderServi - Asset "/assets/textures/orange_particle.png" was not found!
22:41:39.743 [JavaFX Application Thread] WARN  FXGLAssetLoaderServi - Failed to load IMAGE
22:41:41.750 [JavaFX Application Thread] WARN  FXGLAssetLoaderServi - Asset "/assets/textures/orange_particle.png" was not found!
22:41:41.750 [JavaFX Application Thread] WARN  FXGLAssetLoaderServi - Failed to load IMAGE
22:41:41.796 [JavaFX Application Thread] WARN  FXGLAssetLoaderServi - Asset "/assets/textures/particles/spark.png" was not found!
22:41:41.796 [JavaFX Application Thread] WARN  FXGLAssetLoaderServi - Failed to load RESIZABLE_IMAGE
22:41:43.755 [JavaFX Application Thread] WARN  FXGLAssetLoaderServi - Asset "/assets/textures/orange_particle.png" was not found!
22:41:43.755 [JavaFX Application Thread] WARN  FXGLAssetLoaderServi - Failed to load IMAGE
22:41:45.758 [JavaFX Application Thread] WARN  FXGLAssetLoaderServi - Asset "/assets/textures/orange_particle.png" was not found!
22:41:45.758 [JavaFX Application Thread] WARN  FXGLAssetLoaderServi - Failed to load IMAGE
22:41:47.764 [JavaFX Application Thread] WARN  FXGLAssetLoaderServi - Asset "/assets/textures/orange_particle.png" was not found!
22:41:47.764 [JavaFX Application Thread] WARN  FXGLAssetLoaderServi - Failed to load IMAGE
22:41:49.771 [JavaFX Application Thread] WARN  FXGLAssetLoaderServi - Asset "/assets/textures/orange_particle.png" was not found!
22:41:49.771 [JavaFX Application Thread] WARN  FXGLAssetLoaderServi - Failed to load IMAGE
22:41:51.780 [JavaFX Application Thread] WARN  FXGLAssetLoaderServi - Asset "/assets/textures/orange_particle.png" was not found!
22:41:51.780 [JavaFX Application Thread] WARN  FXGLAssetLoaderServi - Failed to load IMAGE
22:41:52.622 [JavaFX Application Thread] WARN  FXGLAssetLoaderServi - Asset "/assets/textures/gun.png" was not found!
22:41:52.622 [JavaFX Application Thread] WARN  FXGLAssetLoaderServi - Failed to load IMAGE
22:41:52.622 [JavaFX Application Thread] DEBUG PrimaryStageWindow   - Push state: DialogSubScene
22:41:52.622 [JavaFX Application Thread] DEBUG Input                - Clearing active input actions
22:41:52.622 [JavaFX Application Thread] DEBUG GameApplicationServi - Removing overlay from GameScene and adding to DialogSubScene
22:41:52.622 [JavaFX Application Thread] DEBUG PrimaryStageWindow   - GameScene -> DialogSubScene
22:41:53.918 [JavaFX Application Thread] DEBUG PrimaryStageWindow   - Pop state: DialogSubScene
22:41:53.918 [JavaFX Application Thread] DEBUG Input                - Clearing active input actions
22:41:53.918 [JavaFX Application Thread] DEBUG GameApplicationServi - Removing overlay from DialogSubScene and adding to GameScene
22:41:53.918 [JavaFX Application Thread] DEBUG PrimaryStageWindow   - GameScene <- DialogSubScene
22:41:54.862 [JavaFX Application Thread] WARN  FXGLAssetLoaderServi - Asset "/assets/textures/orange_particle.png" was not found!
22:41:54.862 [JavaFX Application Thread] WARN  FXGLAssetLoaderServi - Failed to load IMAGE
22:41:56.078 [JavaFX Application Thread] WARN  FXGLAssetLoaderServi - Asset "/assets/textures/orange_particle.png" was not found!
22:41:56.078 [JavaFX Application Thread] WARN  FXGLAssetLoaderServi - Failed to load IMAGE
22:41:56.782 [JavaFX Application Thread] WARN  FXGLAssetLoaderServi - Asset "/assets/textures/particles/spark.png" was not found!
22:41:56.782 [JavaFX Application Thread] WARN  FXGLAssetLoaderServi - Failed to load RESIZABLE_IMAGE
22:41:57.776 [JavaFX Application Thread] WARN  FXGLAssetLoaderServi - Asset "/assets/textures/orange_particle.png" was not found!
22:41:57.776 [JavaFX Application Thread] WARN  FXGLAssetLoaderServi - Failed to load IMAGE
22:41:59.775 [JavaFX Application Thread] WARN  FXGLAssetLoaderServi - Asset "/assets/textures/orange_particle.png" was not found!
22:41:59.775 [JavaFX Application Thread] WARN  FXGLAssetLoaderServi - Failed to load IMAGE
22:42:01.788 [JavaFX Application Thread] WARN  FXGLAssetLoaderServi - Asset "/assets/textures/orange_particle.png" was not found!
22:42:01.788 [JavaFX Application Thread] WARN  FXGLAssetLoaderServi - Failed to load IMAGE
22:42:03.790 [JavaFX Application Thread] WARN  FXGLAssetLoaderServi - Asset "/assets/textures/orange_particle.png" was not found!
22:42:03.790 [JavaFX Application Thread] WARN  FXGLAssetLoaderServi - Failed to load IMAGE
22:42:05.798 [JavaFX Application Thread] WARN  FXGLAssetLoaderServi - Asset "/assets/textures/orange_particle.png" was not found!
22:42:05.798 [JavaFX Application Thread] WARN  FXGLAssetLoaderServi - Failed to load IMAGE
22:42:07.802 [JavaFX Application Thread] WARN  FXGLAssetLoaderServi - Asset "/assets/textures/orange_particle.png" was not found!
22:42:07.802 [JavaFX Application Thread] WARN  FXGLAssetLoaderServi - Failed to load IMAGE
22:42:09.806 [JavaFX Application Thread] WARN  FXGLAssetLoaderServi - Asset "/assets/textures/orange_particle.png" was not found!
22:42:09.806 [JavaFX Application Thread] WARN  FXGLAssetLoaderServi - Failed to load IMAGE
22:42:11.303 [JavaFX Application Thread] WARN  FXGLAssetLoaderServi - Asset "/assets/textures/particles/glassparticle.png" was not found!
22:42:11.303 [JavaFX Application Thread] WARN  FXGLAssetLoaderServi - Failed to load RESIZABLE_IMAGE
22:42:11.838 [JavaFX Application Thread] WARN  FXGLAssetLoaderServi - Asset "/assets/textures/particles/spark.png" was not found!
22:42:11.838 [JavaFX Application Thread] WARN  FXGLAssetLoaderServi - Failed to load RESIZABLE_IMAGE
22:42:11.868 [JavaFX Application Thread] WARN  FXGLAssetLoaderServi - Asset "/assets/textures/orange_particle.png" was not found!
22:42:11.868 [JavaFX Application Thread] WARN  FXGLAssetLoaderServi - Failed to load IMAGE
22:42:13.886 [JavaFX Application Thread] WARN  FXGLAssetLoaderServi - Asset "/assets/textures/orange_particle.png" was not found!
22:42:13.886 [JavaFX Application Thread] WARN  FXGLAssetLoaderServi - Failed to load IMAGE
22:42:15.847 [JavaFX Application Thread] WARN  FXGLAssetLoaderServi - Asset "/assets/textures/orange_particle.png" was not found!
22:42:15.847 [JavaFX Application Thread] WARN  FXGLAssetLoaderServi - Failed to load IMAGE
22:42:17.629 [JavaFX Application Thread] WARN  FXGLAssetLoaderServi - Asset "/assets/textures/particles/glassparticle.png" was not found!
22:42:17.629 [JavaFX Application Thread] WARN  FXGLAssetLoaderServi - Failed to load RESIZABLE_IMAGE
22:42:17.866 [JavaFX Application Thread] WARN  FXGLAssetLoaderServi - Asset "/assets/textures/orange_particle.png" was not found!
22:42:17.866 [JavaFX Application Thread] WARN  FXGLAssetLoaderServi - Failed to load IMAGE
22:42:19.834 [JavaFX Application Thread] WARN  FXGLAssetLoaderServi - Asset "/assets/textures/orange_particle.png" was not found!
22:42:19.834 [JavaFX Application Thread] WARN  FXGLAssetLoaderServi - Failed to load IMAGE
22:42:21.851 [JavaFX Application Thread] WARN  FXGLAssetLoaderServi - Asset "/assets/textures/orange_particle.png" was not found!
22:42:21.851 [JavaFX Application Thread] WARN  FXGLAssetLoaderServi - Failed to load IMAGE
22:42:23.918 [JavaFX Application Thread] WARN  FXGLAssetLoaderServi - Asset "/assets/textures/orange_particle.png" was not found!
22:42:23.918 [JavaFX Application Thread] WARN  FXGLAssetLoaderServi - Failed to load IMAGE
22:42:25.871 [JavaFX Application Thread] WARN  FXGLAssetLoaderServi - Asset "/assets/textures/orange_particle.png" was not found!
22:42:25.871 [JavaFX Application Thread] WARN  FXGLAssetLoaderServi - Failed to load IMAGE
22:42:26.847 [JavaFX Application Thread] WARN  FXGLAssetLoaderServi - Asset "/assets/textures/particles/spark.png" was not found!
22:42:26.847 [JavaFX Application Thread] WARN  FXGLAssetLoaderServi - Failed to load RESIZABLE_IMAGE
22:42:27.437 [JavaFX Application Thread] WARN  FXGLAssetLoaderServi - Asset "/assets/textures/particles/glassparticle.png" was not found!
22:42:27.437 [JavaFX Application Thread] WARN  FXGLAssetLoaderServi - Failed to load RESIZABLE_IMAGE
22:42:27.918 [JavaFX Application Thread] WARN  FXGLAssetLoaderServi - Asset "/assets/textures/orange_particle.png" was not found!
22:42:27.918 [JavaFX Application Thread] WARN  FXGLAssetLoaderServi - Failed to load IMAGE
22:42:29.966 [JavaFX Application Thread] WARN  FXGLAssetLoaderServi - Asset "/assets/textures/orange_particle.png" was not found!
22:42:29.966 [JavaFX Application Thread] WARN  FXGLAssetLoaderServi - Failed to load IMAGE
22:42:32.052 [JavaFX Application Thread] WARN  FXGLAssetLoaderServi - Asset "/assets/textures/orange_particle.png" was not found!
22:42:32.052 [JavaFX Application Thread] WARN  FXGLAssetLoaderServi - Failed to load IMAGE
22:42:33.903 [JavaFX Application Thread] WARN  FXGLAssetLoaderServi - Asset "/assets/textures/orange_particle.png" was not found!
22:42:33.903 [JavaFX Application Thread] WARN  FXGLAssetLoaderServi - Failed to load IMAGE
22:42:35.897 [JavaFX Application Thread] WARN  FXGLAssetLoaderServi - Asset "/assets/textures/orange_particle.png" was not found!
22:42:35.897 [JavaFX Application Thread] WARN  FXGLAssetLoaderServi - Failed to load IMAGE
22:42:37.839 [JavaFX Application Thread] WARN  FXGLAssetLoaderServi - Asset "/assets/textures/orange_particle.png" was not found!
22:42:37.839 [JavaFX Application Thread] WARN  FXGLAssetLoaderServi - Failed to load IMAGE
22:42:38.862 [JavaFX Application Thread] WARN  FXGLAssetLoaderServi - Asset "/assets/textures/gun.png" was not found!
22:42:38.862 [JavaFX Application Thread] WARN  FXGLAssetLoaderServi - Failed to load IMAGE
22:42:38.863 [JavaFX Application Thread] DEBUG PrimaryStageWindow   - Push state: DialogSubScene
22:42:38.863 [JavaFX Application Thread] DEBUG Input                - Clearing active input actions
22:42:38.863 [JavaFX Application Thread] DEBUG GameApplicationServi - Removing overlay from GameScene and adding to DialogSubScene
22:42:38.863 [JavaFX Application Thread] DEBUG PrimaryStageWindow   - GameScene -> DialogSubScene
22:42:48.210 [JavaFX Application Thread] DEBUG PrimaryStageWindow   - Pop state: DialogSubScene
22:42:48.210 [JavaFX Application Thread] DEBUG Input                - Clearing active input actions
22:42:48.210 [JavaFX Application Thread] DEBUG GameApplicationServi - Removing overlay from DialogSubScene and adding to GameScene
22:42:48.210 [JavaFX Application Thread] DEBUG PrimaryStageWindow   - GameScene <- DialogSubScene
22:42:48.210 [JavaFX Application Thread] DEBUG FXGLAssetLoaderServi - Loading from file system: file:/F:/my%20files/School/2nd%20year%202nd%20sem/TheOnlyException/Test/target/classes/assets/textures/realtimedefenseaura.png
22:42:48.575 [JavaFX Application Thread] WARN  FXGLAssetLoaderServi - Asset "/assets/textures/orange_particle.png" was not found!
22:42:48.575 [JavaFX Application Thread] WARN  FXGLAssetLoaderServi - Failed to load IMAGE
22:42:49.550 [JavaFX Application Thread] WARN  FXGLAssetLoaderServi - Asset "/assets/textures/particles/spark.png" was not found!
22:42:49.550 [JavaFX Application Thread] WARN  FXGLAssetLoaderServi - Failed to load RESIZABLE_IMAGE
22:42:49.579 [JavaFX Application Thread] WARN  FXGLAssetLoaderServi - Asset "/assets/textures/orange_particle.png" was not found!
22:42:49.579 [JavaFX Application Thread] WARN  FXGLAssetLoaderServi - Failed to load IMAGE
22:42:50.650 [JavaFX Application Thread] WARN  FXGLAssetLoaderServi - Asset "/assets/textures/orange_particle.png" was not found!
22:42:50.650 [JavaFX Application Thread] WARN  FXGLAssetLoaderServi - Failed to load IMAGE
22:42:52.591 [JavaFX Application Thread] WARN  FXGLAssetLoaderServi - Asset "/assets/textures/orange_particle.png" was not found!
22:42:52.591 [JavaFX Application Thread] WARN  FXGLAssetLoaderServi - Failed to load IMAGE
22:42:54.622 [JavaFX Application Thread] WARN  FXGLAssetLoaderServi - Asset "/assets/textures/orange_particle.png" was not found!
22:42:54.622 [JavaFX Application Thread] WARN  FXGLAssetLoaderServi - Failed to load IMAGE
22:42:54.712 [JavaFX Application Thread] WARN  FXGLAssetLoaderServi - Asset "/assets/textures/particles/glassparticle.png" was not found!
22:42:54.712 [JavaFX Application Thread] WARN  FXGLAssetLoaderServi - Failed to load RESIZABLE_IMAGE
22:42:56.607 [JavaFX Application Thread] WARN  FXGLAssetLoaderServi - Asset "/assets/textures/orange_particle.png" was not found!
22:42:56.607 [JavaFX Application Thread] WARN  FXGLAssetLoaderServi - Failed to load IMAGE
22:42:58.616 [JavaFX Application Thread] WARN  FXGLAssetLoaderServi - Asset "/assets/textures/orange_particle.png" was not found!
22:42:58.616 [JavaFX Application Thread] WARN  FXGLAssetLoaderServi - Failed to load IMAGE
22:43:00.615 [JavaFX Application Thread] WARN  FXGLAssetLoaderServi - Asset "/assets/textures/orange_particle.png" was not found!
22:43:00.615 [JavaFX Application Thread] WARN  FXGLAssetLoaderServi - Failed to load IMAGE
22:43:02.622 [JavaFX Application Thread] WARN  FXGLAssetLoaderServi - Asset "/assets/textures/orange_particle.png" was not found!
22:43:02.622 [JavaFX Application Thread] WARN  FXGLAssetLoaderServi - Failed to load IMAGE
22:43:03.535 [JavaFX Application Thread] WARN  FXGLAssetLoaderServi - Asset "/assets/textures/particles/spark.png" was not found!
22:43:03.535 [JavaFX Application Thread] WARN  FXGLAssetLoaderServi - Failed to load RESIZABLE_IMAGE
22:43:04.632 [JavaFX Application Thread] WARN  FXGLAssetLoaderServi - Asset "/assets/textures/orange_particle.png" was not found!
22:43:04.632 [JavaFX Application Thread] WARN  FXGLAssetLoaderServi - Failed to load IMAGE
22:43:06.636 [JavaFX Application Thread] WARN  FXGLAssetLoaderServi - Asset "/assets/textures/orange_particle.png" was not found!
22:43:06.636 [JavaFX Application Thread] WARN  FXGLAssetLoaderServi - Failed to load IMAGE
22:43:08.638 [JavaFX Application Thread] WARN  FXGLAssetLoaderServi - Asset "/assets/textures/orange_particle.png" was not found!
22:43:08.638 [JavaFX Application Thread] WARN  FXGLAssetLoaderServi - Failed to load IMAGE
22:43:10.646 [JavaFX Application Thread] WARN  FXGLAssetLoaderServi - Asset "/assets/textures/orange_particle.png" was not found!
22:43:10.646 [JavaFX Application Thread] WARN  FXGLAssetLoaderServi - Failed to load IMAGE
22:43:12.652 [JavaFX Application Thread] WARN  FXGLAssetLoaderServi - Asset "/assets/textures/orange_particle.png" was not found!
22:43:12.652 [JavaFX Application Thread] WARN  FXGLAssetLoaderServi - Failed to load IMAGE
22:43:14.655 [JavaFX Application Thread] WARN  FXGLAssetLoaderServi - Asset "/assets/textures/orange_particle.png" was not found!
22:43:14.655 [JavaFX Application Thread] WARN  FXGLAssetLoaderServi - Failed to load IMAGE
22:43:14.728 [JavaFX Application Thread] DEBUG GameWorld            - Game world initialized
22:43:14.730 [JavaFX Application Thread] DEBUG PhysicsWorld         - Physics world initialized: appHeight=720, physics.ppm=50.0
22:43:14.730 [JavaFX Application Thread] DEBUG PhysicsWorld         - Using strategy: BRUTE_FORCE
22:43:14.731 [JavaFX Application Thread] DEBUG GameScene            - Game scene initialized: 1280x720
22:43:14.737 [JavaFX Application Thread] DEBUG PrimaryStageWindow   - Push state: PauseScene
22:43:14.737 [JavaFX Application Thread] DEBUG Input                - Clearing active input actions
22:43:14.738 [JavaFX Application Thread] DEBUG GameApplicationServi - Removing overlay from GameScene and adding to PauseScene
22:43:14.738 [JavaFX Application Thread] DEBUG PrimaryStageWindow   - GameScene -> PauseScene
22:43:21.882 [JavaFX Application Thread] DEBUG FXGLApplication      - Exiting FXGL
22:43:21.882 [JavaFX Application Thread] DEBUG LoopRunner           - Stopping loop
22:43:21.882 [JavaFX Application Thread] DEBUG SystemBundleService  - Saving FXGL system data
22:43:21.884 [JavaFX Application Thread] DEBUG FileSystemAccess     - Writing to: F:\my files\School\2nd year 2nd sem\TheOnlyException\system\fxgl.bundle
22:43:21.942 [JavaFX Application Thread] DEBUG Async                - Shutting down background threads
22:43:21.942 [JavaFX Application Thread] DEBUG PrimaryStageWindow   - Closing main window
22:43:21.978 [JavaFX Application Thread] DEBUG Logger               - Closing Logger
