00:41:56.632 [main                     ] DEBUG Logger               - Configured Logger
00:41:56.650 [main                     ] DEBUG GameApplication      - Logging settings
Title: Prototype
Version: 0.1.5
Width: 1280
Height: 720
Fullscreen: false
Intro: false
Profiling: false
Single step:false
App Mode: DEVELOPER
Menu Key: ESCAPE
Stage Style: DECORATED
Scene Factory: class org.example.GameApp$1

00:41:58.035 [JavaFX Application Thread] DEBUG FXGLApplication      - Initializing FXGL
00:41:58.045 [JavaFX Application Thread] INFO  Engine               - FXGL-17+dev-SNAPSHOT (01.09.2022 03.33) on WINDOWS (J:24 FX:18)
00:41:58.045 [JavaFX Application Thread] DEBUG Engine               - JRE Vendor Name: Oracle Corporation
00:41:58.046 [JavaFX Application Thread] DEBUG Engine               - Running on OS: Windows 11 version 10.0
00:41:58.046 [JavaFX Application Thread] DEBUG Engine               - Architecture: amd64
00:41:58.046 [JavaFX Application Thread] INFO  Engine               - Source code and latest versions at: https://github.com/AlmasB/FXGL
00:41:58.047 [JavaFX Application Thread] INFO  Engine               -       Ask questions and discuss at: https://github.com/AlmasB/FXGL/discussions
00:41:58.047 [JavaFX Application Thread] INFO  Engine               -              Join the FXGL chat at: https://gitter.im/AlmasB/FXGL
00:41:58.519 [JavaFX Application Thread] DEBUG PrimaryStageWindow   - Creating a JavaFX scene
00:41:58.519 [JavaFX Application Thread] DEBUG PrimaryStageWindow   - Target size > screen size
00:41:58.695 [JavaFX Application Thread] DEBUG PrimaryStageWindow   - Target settings size: 1280.0 x 720.0
00:41:58.695 [JavaFX Application Thread] DEBUG PrimaryStageWindow   - Scaled scene size:    1169.0 x 671.0
00:41:58.695 [JavaFX Application Thread] DEBUG PrimaryStageWindow   - Scaled ratio: (0.91328125, 0.9319444444444445)
00:41:58.699 [JavaFX Application Thread] DEBUG PrimaryStageWindow   - Set initial scene to FXGLStartupScene
00:41:58.725 [JavaFX Application Thread] DEBUG PrimaryStageWindow   - Opening main window
00:41:59.036 [JavaFX Application Thread] DEBUG PrimaryStageWindow   - Window border size: (15.0, 37.66668701171875)
00:41:59.037 [JavaFX Application Thread] DEBUG PrimaryStageWindow   - Scaled size: 1169.0 x 671.0
00:41:59.037 [JavaFX Application Thread] DEBUG PrimaryStageWindow   - Scaled ratio: (0.91328125, 0.9319444444444445)
00:41:59.038 [JavaFX Application Thread] DEBUG PrimaryStageWindow   - Scene size: 1169.0 x 671.0
00:41:59.039 [JavaFX Application Thread] DEBUG PrimaryStageWindow   - Stage size: 1184.0 x 708.6666870117188
00:41:59.065 [FXGL Background Thread 1 ] DEBUG Engine               - Initializing environment variables
00:41:59.217 [FXGL Background Thread 1 ] DEBUG FXGLAssetLoaderServi - User app class for loading assets: class org.example.GameApp
00:41:59.219 [FXGL Background Thread 1 ] DEBUG GameApplicationServi - Applying CSS: fxgl_dark.css
00:41:59.222 [FXGL Background Thread 1 ] DEBUG FXGLAssetLoaderServi - Loading from file system: jar:file:/C:/Users/ginac/.m2/repository/com/github/AlmasB/FXGL/fxgl/17.2/fxgl-17.2.jar!/fxglassets/ui/css/fxgl_dark.css
00:41:59.423 [FXGL Background Thread 1 ] DEBUG GameApplicationServi - Initializing application scenes
00:41:59.586 [FXGL Background Thread 1 ] DEBUG GameWorld            - Game world initialized
00:41:59.756 [FXGL Background Thread 1 ] DEBUG PhysicsWorld         - Physics world initialized: appHeight=720, physics.ppm=50.0
00:41:59.757 [FXGL Background Thread 1 ] DEBUG PhysicsWorld         - Using strategy: BRUTE_FORCE
00:41:59.767 [FXGL Background Thread 1 ] DEBUG GameScene            - Game scene initialized: 1280x720
00:41:59.856 [FXGL Background Thread 1 ] DEBUG FXGL.DefaultMenu     - createMenuBodyGameMenu()
00:41:59.887 [FXGL Background Thread 1 ] DEBUG FXGL.DefaultMenu     - createOptionsMenu()
00:41:59.921 [FXGL Background Thread 1 ] DEBUG FXGLAssetLoaderServi - Loading from file system: jar:file:/C:/Users/ginac/.m2/repository/com/github/AlmasB/FXGL/fxgl/17.2/fxgl-17.2.jar!/fxglassets/textures/particles/smoke.png
00:42:00.164 [FXGL Background Thread 1 ] DEBUG FXGLAssetLoaderServi - Loading from file system: jar:file:/C:/Users/ginac/.m2/repository/com/github/AlmasB/FXGL/fxgl/17.2/fxgl-17.2.jar!/fxglassets/textures/particles/trace_horizontal.png
00:42:00.213 [FXGL Background Thread 1 ] DEBUG GameApplicationServi - Application scenes initialized
00:42:00.249 [FXGL Background Thread 1 ] DEBUG SystemBundleService  - Loading FXGL system data
00:42:00.253 [FXGL Background Thread 1 ] DEBUG FileSystemAccess     - Reading from: C:\Users\ginac\IdeaProjects\TheOnlyException\system\fxgl.bundle
00:42:00.259 [FXGL Background Thread 1 ] DEBUG SystemBundleService  - Bundle FXGL: {}
00:42:00.259 [FXGL Background Thread 1 ] DEBUG UpdaterService       - Checking for updates
00:42:00.271 [FXGL Background Thread 4 ] DEBUG FXGLApplication      - Loading fonts
00:42:00.272 [FXGL Background Thread 4 ] DEBUG FXGLAssetLoaderServi - Loading from file system: jar:file:/C:/Users/ginac/.m2/repository/com/github/AlmasB/FXGL/fxgl-samples/17.2/fxgl-samples-17.2.jar!/assets/ui/fonts/VarelaRound-Regular.ttf
00:42:00.272 [FXGL Background Thread 1 ] DEBUG FXGLApplication      - Loading default localization
00:42:00.274 [FXGL Background Thread 1 ] DEBUG FXGLAssetLoaderServi - Loading from file system: jar:file:/C:/Users/ginac/.m2/repository/com/github/AlmasB/FXGL/fxgl/17.2/fxgl-17.2.jar!/fxglassets/languages/english.lang
00:42:00.300 [FXGL Background Thread 4 ] DEBUG FXGLAssetLoaderServi - Loading from file system: jar:file:/C:/Users/ginac/.m2/repository/com/github/AlmasB/FXGL/fxgl/17.2/fxgl-17.2.jar!/fxglassets/ui/fonts/Abel-Regular.ttf
00:42:00.313 [FXGL Background Thread 4 ] DEBUG FXGLAssetLoaderServi - Loading from file system: jar:file:/C:/Users/ginac/.m2/repository/com/github/AlmasB/FXGL/fxgl/17.2/fxgl-17.2.jar!/fxglassets/ui/fonts/TerminalLandMono-Regular.otf
00:42:00.326 [FXGL Background Thread 4 ] DEBUG FXGLAssetLoaderServi - Loading from file system: jar:file:/C:/Users/ginac/.m2/repository/com/github/AlmasB/FXGL/fxgl/17.2/fxgl-17.2.jar!/fxglassets/ui/fonts/Courier-Prime.ttf
00:42:00.335 [FXGL Background Thread 1 ] INFO  FXGLApplication      - FXGL initialization took: 1.271 sec
00:42:00.359 [JavaFX Application Thread] DEBUG Input                - Registered new binding: action0 - A
00:42:00.360 [JavaFX Application Thread] DEBUG Input                - Registered new binding: action1 - D
00:42:00.361 [JavaFX Application Thread] DEBUG Input                - Registered new binding: action2 - W
00:42:00.362 [JavaFX Application Thread] DEBUG Input                - Registered new binding: action3 - S
00:42:00.365 [JavaFX Application Thread] DEBUG FXGLAssetLoaderServi - Loading from file system: jar:file:/C:/Users/ginac/.m2/repository/com/github/AlmasB/FXGL/fxgl/17.2/fxgl-17.2.jar!/fxglassets/textures/fxgl_icon.png
00:42:00.414 [JavaFX Application Thread] DEBUG FXGLAssetLoaderServi - Loading from file system: jar:file:/C:/Users/ginac/.m2/repository/com/github/AlmasB/FXGL/fxgl/17.2/fxgl-17.2.jar!/fxglassets/textures/fxgl_default_cursor.png
00:42:00.422 [JavaFX Application Thread] DEBUG Input                - Registered new binding: Screenshot - CTRL+8
00:42:00.424 [JavaFX Application Thread] DEBUG Input                - Registered new binding: System info dump - CTRL+9
00:42:00.428 [JavaFX Application Thread] DEBUG Input                - Registered new binding: Restart - CTRL+R
00:42:00.451 [JavaFX Application Thread] DEBUG Input                - Registered new binding: Toggle Debug Camera - CTRL+7
00:42:00.470 [JavaFX Application Thread] DEBUG LoopRunner           - Starting loop
00:42:00.470 [JavaFX Application Thread] DEBUG LoopRunner           - Initializing JavaFX AnimationTimerLoop
00:42:00.480 [JavaFX Application Thread] DEBUG Input                - Clearing active input actions
00:42:00.496 [JavaFX Application Thread] DEBUG GameApplicationServi - Removing overlay from FXGLStartupScene and adding to FXGLMainMenuDummyScene
00:42:00.497 [JavaFX Application Thread] DEBUG PrimaryStageWindow   - FXGLStartupScene -> FXGLMainMenuDummyScene
00:42:00.497 [JavaFX Application Thread] DEBUG PrimaryStageWindow   - Push state: NameInputScene
00:42:00.497 [JavaFX Application Thread] DEBUG Input                - Clearing active input actions
00:42:00.529 [JavaFX Application Thread] DEBUG GameApplicationServi - Removing overlay from FXGLMainMenuDummyScene and adding to NameInputScene
00:42:00.531 [JavaFX Application Thread] DEBUG PrimaryStageWindow   - FXGLMainMenuDummyScene -> NameInputScene
00:42:00.532 [JavaFX Application Thread] DEBUG FXGLApplication      - Registering font factories with UI factory
00:42:02.106 [FXGL Background Thread 2 ] INFO  UpdaterService       - Your current version:  17+dev-SNAPSHOT
00:42:02.107 [FXGL Background Thread 2 ] INFO  UpdaterService       - Latest stable version: 21.1
00:42:03.266 [FXGL Background Thread 3 ] DEBUG Engine               - Logging environment variables
00:42:03.266 [FXGL Background Thread 3 ] DEBUG Engine               - achievements: []
00:42:03.267 [FXGL Background Thread 3 ] DEBUG Engine               - actualHeight: 671.0
00:42:03.267 [FXGL Background Thread 3 ] DEBUG Engine               - actualHeightProperty: ReadOnlyDoubleProperty [value: 671.0]
00:42:03.267 [FXGL Background Thread 3 ] DEBUG Engine               - actualWidth: 1169.0
00:42:03.267 [FXGL Background Thread 3 ] DEBUG Engine               - actualWidthProperty: ReadOnlyDoubleProperty [value: 1169.0]
00:42:03.267 [FXGL Background Thread 3 ] DEBUG Engine               - appIcon: fxgl_icon.png
00:42:03.267 [FXGL Background Thread 3 ] DEBUG Engine               - applicationMode: DEVELOPER
00:42:03.267 [FXGL Background Thread 3 ] DEBUG Engine               - cSSList: [fxgl_dark.css]
00:42:03.267 [FXGL Background Thread 3 ] DEBUG Engine               - collisionDetectionStrategy: BRUTE_FORCE
00:42:03.267 [FXGL Background Thread 3 ] DEBUG Engine               - configClass: Optional.empty
00:42:03.267 [FXGL Background Thread 3 ] DEBUG Engine               - credits: []
00:42:03.269 [FXGL Background Thread 3 ] DEBUG Engine               - defaultCursor: CursorInfo(imageName=fxgl_default_cursor.png, hotspotX=7.0, hotspotY=6.0)
00:42:03.270 [FXGL Background Thread 3 ] DEBUG Engine               - devBBoxColorProperty: ObjectProperty [value: 0xff0000ff]
00:42:03.270 [FXGL Background Thread 3 ] DEBUG Engine               - devEnableDebugCameraProperty: BooleanProperty [value: false]
00:42:03.270 [FXGL Background Thread 3 ] DEBUG Engine               - devSensorColorProperty: ObjectProperty [value: 0xffff00ff]
00:42:03.270 [FXGL Background Thread 3 ] DEBUG Engine               - devShowBBoxProperty: BooleanProperty [value: false]
00:42:03.270 [FXGL Background Thread 3 ] DEBUG Engine               - devShowPositionProperty: BooleanProperty [value: false]
00:42:03.270 [FXGL Background Thread 3 ] DEBUG Engine               - enabledMenuItems: []
00:42:03.271 [FXGL Background Thread 3 ] DEBUG Engine               - engineServices: [class com.almasb.fxgl.app.services.FXGLAssetLoaderService, class com.almasb.fxgl.app.FXGLApplication$GameApplicationService, class com.almasb.fxgl.app.services.FXGLDialogService, class com.almasb.fxgl.app.services.IOTaskExecutorService, class com.almasb.fxgl.io.FileSystemService, class com.almasb.fxgl.localization.LocalizationService, class com.almasb.fxgl.app.services.SystemBundleService, class com.almasb.fxgl.profile.SaveLoadService, class com.almasb.fxgl.ui.FXGLUIFactoryServiceProvider, class com.almasb.fxgl.ui.FXGLDialogFactoryServiceProvider, class com.almasb.fxgl.audio.AudioPlayer, class com.almasb.fxgl.notification.impl.NotificationServiceProvider, class com.almasb.fxgl.achievement.AchievementService, class com.almasb.fxgl.cutscene.CutsceneService, class com.almasb.fxgl.minigames.MiniGameService, class com.almasb.fxgl.net.NetService, class com.almasb.fxgl.app.services.UpdaterService, class com.almasb.fxgl.dev.DevService]
00:42:03.271 [FXGL Background Thread 3 ] DEBUG Engine               - fontGame: Abel-Regular.ttf
00:42:03.271 [FXGL Background Thread 3 ] DEBUG Engine               - fontMono: TerminalLandMono-Regular.otf
00:42:03.271 [FXGL Background Thread 3 ] DEBUG Engine               - fontText: Courier-Prime.ttf
00:42:03.271 [FXGL Background Thread 3 ] DEBUG Engine               - fontUI: VarelaRound-Regular.ttf
00:42:03.271 [FXGL Background Thread 3 ] DEBUG Engine               - fullScreen: BooleanProperty [value: false]
00:42:03.271 [FXGL Background Thread 3 ] DEBUG Engine               - gameDifficulty: MEDIUM
00:42:03.271 [FXGL Background Thread 3 ] DEBUG Engine               - gameDifficultyProperty: ObjectProperty [value: MEDIUM]
00:42:03.271 [FXGL Background Thread 3 ] DEBUG Engine               - globalMusicVolume: 0.5
00:42:03.271 [FXGL Background Thread 3 ] DEBUG Engine               - globalMusicVolumeProperty: DoubleProperty [value: 0.5]
00:42:03.271 [FXGL Background Thread 3 ] DEBUG Engine               - globalSoundVolume: 0.5
00:42:03.271 [FXGL Background Thread 3 ] DEBUG Engine               - globalSoundVolumeProperty: DoubleProperty [value: 0.5]
00:42:03.272 [FXGL Background Thread 3 ] DEBUG Engine               - height: 720
00:42:03.272 [FXGL Background Thread 3 ] DEBUG Engine               - is3D: false
00:42:03.272 [FXGL Background Thread 3 ] DEBUG Engine               - isAndroid: false
00:42:03.272 [FXGL Background Thread 3 ] DEBUG Engine               - isBrowser: false
00:42:03.272 [FXGL Background Thread 3 ] DEBUG Engine               - isClickFeedbackEnabled: false
00:42:03.272 [FXGL Background Thread 3 ] DEBUG Engine               - isCloseConfirmation: false
00:42:03.272 [FXGL Background Thread 3 ] DEBUG Engine               - isDesktop: true
00:42:03.272 [FXGL Background Thread 3 ] DEBUG Engine               - isDeveloperMenuEnabled: false
00:42:03.272 [FXGL Background Thread 3 ] DEBUG Engine               - isEmbedded: false
00:42:03.273 [FXGL Background Thread 3 ] DEBUG Engine               - isEntityPreloadEnabled: true
00:42:03.273 [FXGL Background Thread 3 ] DEBUG Engine               - isExperimentalTiledLargeMap: false
00:42:03.273 [FXGL Background Thread 3 ] DEBUG Engine               - isFileSystemWriteAllowed: true
00:42:03.273 [FXGL Background Thread 3 ] DEBUG Engine               - isFullScreenAllowed: false
00:42:03.273 [FXGL Background Thread 3 ] DEBUG Engine               - isFullScreenFromStart: false
00:42:03.273 [FXGL Background Thread 3 ] DEBUG Engine               - isGameMenuEnabled: true
00:42:03.273 [FXGL Background Thread 3 ] DEBUG Engine               - isIOS: false
00:42:03.273 [FXGL Background Thread 3 ] DEBUG Engine               - isIntroEnabled: false
00:42:03.273 [FXGL Background Thread 3 ] DEBUG Engine               - isLinux: false
00:42:03.274 [FXGL Background Thread 3 ] DEBUG Engine               - isMac: false
00:42:03.274 [FXGL Background Thread 3 ] DEBUG Engine               - isMainMenuEnabled: true
00:42:03.274 [FXGL Background Thread 3 ] DEBUG Engine               - isManualResizeEnabled: false
00:42:03.274 [FXGL Background Thread 3 ] DEBUG Engine               - isMobile: false
00:42:03.274 [FXGL Background Thread 3 ] DEBUG Engine               - isNative: false
00:42:03.274 [FXGL Background Thread 3 ] DEBUG Engine               - isPauseMusicWhenMinimized: true
00:42:03.274 [FXGL Background Thread 3 ] DEBUG Engine               - isPreserveResizeRatio: false
00:42:03.274 [FXGL Background Thread 3 ] DEBUG Engine               - isProfilingEnabled: false
00:42:03.275 [FXGL Background Thread 3 ] DEBUG Engine               - isScaleAffectedOnResize: true
00:42:03.275 [FXGL Background Thread 3 ] DEBUG Engine               - isSingleStep: false
00:42:03.275 [FXGL Background Thread 3 ] DEBUG Engine               - isUserProfileEnabled: false
00:42:03.275 [FXGL Background Thread 3 ] DEBUG Engine               - isWindows: true
00:42:03.275 [FXGL Background Thread 3 ] DEBUG Engine               - language: ObjectProperty [value: ENGLISH]
00:42:03.275 [FXGL Background Thread 3 ] DEBUG Engine               - menuKey: ESCAPE
00:42:03.275 [FXGL Background Thread 3 ] DEBUG Engine               - mouseSensitivity: 0.2
00:42:03.275 [FXGL Background Thread 3 ] DEBUG Engine               - notificationViewClass: class com.almasb.fxgl.notification.view.XboxNotificationView
00:42:03.276 [FXGL Background Thread 3 ] DEBUG Engine               - pixelsPerMeter: 50.0
00:42:03.276 [FXGL Background Thread 3 ] DEBUG Engine               - platform: WINDOWS
00:42:03.276 [FXGL Background Thread 3 ] DEBUG Engine               - prefHeightProperty: ReadOnlyDoubleProperty [value: 720.0]
00:42:03.276 [FXGL Background Thread 3 ] DEBUG Engine               - prefWidthProperty: ReadOnlyDoubleProperty [value: 1280.0]
00:42:03.276 [FXGL Background Thread 3 ] DEBUG Engine               - profileDir: profiles/
00:42:03.276 [FXGL Background Thread 3 ] DEBUG Engine               - profileName: StringProperty [value: DEFAULT]
00:42:03.276 [FXGL Background Thread 3 ] DEBUG Engine               - randomSeed: -1
00:42:03.277 [FXGL Background Thread 3 ] DEBUG Engine               - runtimeInfo: RuntimeInfo(platform=WINDOWS, version=17+dev-SNAPSHOT, build=01.09.2022 03.33)
00:42:03.277 [FXGL Background Thread 3 ] DEBUG Engine               - saveFileExt: sav
00:42:03.277 [FXGL Background Thread 3 ] DEBUG Engine               - scaledHeightProp$fxgl: DoubleProperty [bound, value: 671.0]
00:42:03.278 [FXGL Background Thread 3 ] DEBUG Engine               - scaledWidthProp$fxgl: DoubleProperty [bound, value: 1169.0]
00:42:03.278 [FXGL Background Thread 3 ] DEBUG Engine               - sceneFactory: org.example.GameApp$1@3496e06f
00:42:03.278 [FXGL Background Thread 3 ] DEBUG Engine               - secondsIn24h: 60
00:42:03.278 [FXGL Background Thread 3 ] DEBUG Engine               - soundMenuBack: menu/back.wav
00:42:03.278 [FXGL Background Thread 3 ] DEBUG Engine               - soundMenuPress: menu/press.wav
00:42:03.278 [FXGL Background Thread 3 ] DEBUG Engine               - soundMenuSelect: menu/select.wav
00:42:03.278 [FXGL Background Thread 3 ] DEBUG Engine               - soundNotification: core/notification.wav
00:42:03.278 [FXGL Background Thread 3 ] DEBUG Engine               - stageStyle: DECORATED
00:42:03.279 [FXGL Background Thread 3 ] DEBUG Engine               - supportedLanguages: [ENGLISH, FRENCH, GERMAN, HUNGARIAN, RUSSIAN]
00:42:03.279 [FXGL Background Thread 3 ] DEBUG Engine               - ticksPerSecond: -1
00:42:03.279 [FXGL Background Thread 3 ] DEBUG Engine               - title: Prototype
00:42:03.279 [FXGL Background Thread 3 ] DEBUG Engine               - urlGithub: https://github.com/AlmasB/FXGL
00:42:03.279 [FXGL Background Thread 3 ] DEBUG Engine               - urlLeaderboard: http://fxgl-top.herokuapp.com/
00:42:03.279 [FXGL Background Thread 3 ] DEBUG Engine               - urlPOM: https://raw.githubusercontent.com/AlmasB/FXGL/release/README.md
00:42:03.279 [FXGL Background Thread 3 ] DEBUG Engine               - userAppClass: class org.example.GameApp
00:42:03.279 [FXGL Background Thread 3 ] DEBUG Engine               - version: 0.1.5
00:42:03.279 [FXGL Background Thread 3 ] DEBUG Engine               - versionCheckDays: 7
00:42:03.279 [FXGL Background Thread 3 ] DEBUG Engine               - width: 1280
00:42:03.279 [FXGL Background Thread 3 ] DEBUG Engine               - Logging services
00:42:03.281 [FXGL Background Thread 3 ] DEBUG Engine               - class com.almasb.fxgl.app.services.FXGLAssetLoaderService
00:42:03.281 [FXGL Background Thread 3 ] DEBUG Engine               - class com.almasb.fxgl.app.FXGLApplication$GameApplicationService
00:42:03.281 [FXGL Background Thread 3 ] DEBUG Engine               - class com.almasb.fxgl.app.services.FXGLDialogService
00:42:03.281 [FXGL Background Thread 3 ] DEBUG Engine               - class com.almasb.fxgl.app.services.IOTaskExecutorService
00:42:03.281 [FXGL Background Thread 3 ] DEBUG Engine               - class com.almasb.fxgl.io.FileSystemService
00:42:03.281 [FXGL Background Thread 3 ] DEBUG Engine               - class com.almasb.fxgl.localization.LocalizationService
00:42:03.281 [FXGL Background Thread 3 ] DEBUG Engine               - class com.almasb.fxgl.app.services.SystemBundleService
00:42:03.281 [FXGL Background Thread 3 ] DEBUG Engine               - class com.almasb.fxgl.profile.SaveLoadService
00:42:03.281 [FXGL Background Thread 3 ] DEBUG Engine               - class com.almasb.fxgl.ui.FXGLUIFactoryServiceProvider
00:42:03.281 [FXGL Background Thread 3 ] DEBUG Engine               - class com.almasb.fxgl.ui.FXGLDialogFactoryServiceProvider
00:42:03.281 [FXGL Background Thread 3 ] DEBUG Engine               - class com.almasb.fxgl.audio.AudioPlayer
00:42:03.282 [FXGL Background Thread 3 ] DEBUG Engine               - class com.almasb.fxgl.notification.impl.NotificationServiceProvider
00:42:03.282 [FXGL Background Thread 3 ] DEBUG Engine               - class com.almasb.fxgl.achievement.AchievementService
00:42:03.282 [FXGL Background Thread 3 ] DEBUG Engine               - class com.almasb.fxgl.cutscene.CutsceneService
00:42:03.282 [FXGL Background Thread 3 ] DEBUG Engine               - class com.almasb.fxgl.minigames.MiniGameService
00:42:03.282 [FXGL Background Thread 3 ] DEBUG Engine               - class com.almasb.fxgl.net.NetService
00:42:03.282 [FXGL Background Thread 3 ] DEBUG Engine               - class com.almasb.fxgl.app.services.UpdaterService
00:42:03.282 [FXGL Background Thread 3 ] DEBUG Engine               - class com.almasb.fxgl.dev.DevService
00:42:05.834 [JavaFX Application Thread] DEBUG Menu                 - fireNewGame()
00:42:05.835 [JavaFX Application Thread] DEBUG GameApplicationServi - Starting new game
00:42:05.835 [JavaFX Application Thread] DEBUG PrimaryStageWindow   - Pop state: NameInputScene
00:42:05.835 [JavaFX Application Thread] DEBUG Input                - Clearing active input actions
00:42:05.836 [JavaFX Application Thread] DEBUG GameApplicationServi - Removing overlay from NameInputScene and adding to FXGLMainMenuDummyScene
00:42:05.837 [JavaFX Application Thread] DEBUG PrimaryStageWindow   - FXGLMainMenuDummyScene <- NameInputScene
00:42:05.838 [JavaFX Application Thread] DEBUG Input                - Clearing active input actions
00:42:05.858 [JavaFX Application Thread] DEBUG GameApplicationServi - Removing overlay from FXGLMainMenuDummyScene and adding to FXGLLoadingScene
00:42:05.858 [JavaFX Application Thread] DEBUG PrimaryStageWindow   - FXGLMainMenuDummyScene -> FXGLLoadingScene
00:42:05.859 [JavaFX Application Thread] DEBUG GameApplicationServi - Clearing previous game
00:42:05.859 [JavaFX Application Thread] DEBUG GameScene            - Clearing game scene
00:42:05.859 [JavaFX Application Thread] DEBUG GameWorld            - Clearing game world
00:42:05.859 [JavaFX Application Thread] DEBUG PhysicsWorld         - Clearing physics world
00:42:05.863 [FXGL Background Thread 2 ] DEBUG FXGLApplication      - Initializing game
00:42:05.906 [FXGL Background Thread 2 ] DEBUG FXGLAssetLoaderServi - Loading from file system: file:/C:/Users/ginac/IdeaProjects/TheOnlyException/Test/target/classes/assets/textures/dasd.png
00:42:05.978 [FXGL Background Thread 2 ] DEBUG FXGLAssetLoaderServi - Loading from file system: file:/C:/Users/ginac/IdeaProjects/TheOnlyException/Test/target/classes/assets/textures/player-scaled.png
00:42:06.121 [FXGL Background Thread 2 ] INFO  FXGLApplication      - Game initialization took: 0.258 sec
00:42:06.161 [JavaFX Application Thread] DEBUG Input                - Clearing active input actions
00:42:06.185 [JavaFX Application Thread] DEBUG GameApplicationServi - Removing overlay from FXGLLoadingScene and adding to GameScene
00:42:06.185 [JavaFX Application Thread] DEBUG PrimaryStageWindow   - FXGLLoadingScene -> GameScene
00:42:06.946 [JavaFX Application Thread] DEBUG FXGLAssetLoaderServi - Loading from file system: file:/C:/Users/ginac/IdeaProjects/TheOnlyException/Test/target/classes/assets/textures/MaggotWalk-scaled.png
00:42:07.545 [JavaFX Application Thread] DEBUG FXGLAssetLoaderServi - Loading from file system: file:/C:/Users/ginac/IdeaProjects/TheOnlyException/Test/target/classes/assets/textures/BeetleMove-scaled.png
00:42:08.152 [JavaFX Application Thread] DEBUG FXGLAssetLoaderServi - Loading from file system: file:/C:/Users/ginac/IdeaProjects/TheOnlyException/Test/target/classes/assets/textures/MantisMove-scaled.png
00:42:22.424 [JavaFX Application Thread] DEBUG LoopRunner           - Pausing loop
00:42:22.431 [JavaFX Application Thread] DEBUG PrimaryStageWindow   - Push state: DialogSubScene
00:42:22.431 [JavaFX Application Thread] DEBUG Input                - Clearing active input actions
00:42:22.435 [JavaFX Application Thread] DEBUG GameApplicationServi - Removing overlay from GameScene and adding to DialogSubScene
00:42:22.435 [JavaFX Application Thread] DEBUG PrimaryStageWindow   - GameScene -> DialogSubScene
00:42:23.868 [JavaFX Application Thread] DEBUG PrimaryStageWindow   - Pop state: DialogSubScene
00:42:23.868 [JavaFX Application Thread] DEBUG Input                - Clearing active input actions
00:42:23.869 [JavaFX Application Thread] DEBUG GameApplicationServi - Removing overlay from DialogSubScene and adding to GameScene
00:42:23.869 [JavaFX Application Thread] DEBUG PrimaryStageWindow   - GameScene <- DialogSubScene
00:42:23.876 [JavaFX Application Thread] DEBUG Input                - Clearing active input actions
00:42:23.894 [JavaFX Application Thread] DEBUG GameApplicationServi - Removing overlay from GameScene and adding to FXGLMainMenuDummyScene
00:42:23.895 [JavaFX Application Thread] DEBUG PrimaryStageWindow   - GameScene -> FXGLMainMenuDummyScene
00:42:23.895 [JavaFX Application Thread] DEBUG PrimaryStageWindow   - Push state: NameInputScene
00:42:23.895 [JavaFX Application Thread] DEBUG Input                - Clearing active input actions
00:42:23.900 [JavaFX Application Thread] DEBUG GameApplicationServi - Removing overlay from FXGLMainMenuDummyScene and adding to NameInputScene
00:42:23.900 [JavaFX Application Thread] DEBUG PrimaryStageWindow   - FXGLMainMenuDummyScene -> NameInputScene
00:42:25.868 [JavaFX Application Thread] DEBUG Menu                 - fireNewGame()
00:42:25.869 [JavaFX Application Thread] DEBUG GameApplicationServi - Starting new game
00:42:25.869 [JavaFX Application Thread] DEBUG PrimaryStageWindow   - Pop state: NameInputScene
00:42:25.869 [JavaFX Application Thread] DEBUG Input                - Clearing active input actions
00:42:25.870 [JavaFX Application Thread] DEBUG GameApplicationServi - Removing overlay from NameInputScene and adding to FXGLMainMenuDummyScene
00:42:25.870 [JavaFX Application Thread] DEBUG PrimaryStageWindow   - FXGLMainMenuDummyScene <- NameInputScene
00:42:25.870 [JavaFX Application Thread] DEBUG Input                - Clearing active input actions
00:42:25.880 [JavaFX Application Thread] DEBUG GameApplicationServi - Removing overlay from FXGLMainMenuDummyScene and adding to FXGLLoadingScene
00:42:25.880 [JavaFX Application Thread] DEBUG PrimaryStageWindow   - FXGLMainMenuDummyScene -> FXGLLoadingScene
00:42:25.880 [JavaFX Application Thread] DEBUG GameApplicationServi - Clearing previous game
00:42:25.880 [JavaFX Application Thread] DEBUG GameScene            - Clearing game scene
00:42:25.880 [JavaFX Application Thread] DEBUG GameWorld            - Clearing game world
00:42:25.883 [JavaFX Application Thread] DEBUG PhysicsWorld         - Clearing physics world
00:42:25.885 [FXGL Background Thread 2 ] DEBUG FXGLApplication      - Initializing game
00:42:25.900 [FXGL Background Thread 2 ] INFO  FXGLApplication      - Game initialization took: 0.015 sec
00:42:25.906 [JavaFX Application Thread] DEBUG Input                - Clearing active input actions
00:42:25.916 [JavaFX Application Thread] DEBUG GameApplicationServi - Removing overlay from FXGLLoadingScene and adding to GameScene
00:42:25.916 [JavaFX Application Thread] DEBUG PrimaryStageWindow   - FXGLLoadingScene -> GameScene
00:42:32.341 [JavaFX Application Thread] DEBUG FXGLApplication      - Exiting FXGL
00:42:32.341 [JavaFX Application Thread] DEBUG LoopRunner           - Stopping loop
00:42:32.341 [JavaFX Application Thread] DEBUG SystemBundleService  - Saving FXGL system data
00:42:32.345 [JavaFX Application Thread] DEBUG FileSystemAccess     - Writing to: C:\Users\ginac\IdeaProjects\TheOnlyException\system\fxgl.bundle
00:42:32.348 [JavaFX Application Thread] DEBUG Async                - Shutting down background threads
00:42:32.348 [JavaFX Application Thread] DEBUG PrimaryStageWindow   - Closing main window
00:42:32.397 [JavaFX Application Thread] DEBUG Logger               - Closing Logger
