14:45:11.239 [main                     ] DEBUG Logger               - Configured Logger
14:45:11.253 [main                     ] DEBUG GameApplication      - Logging settings
Title: Prototype Game
Version: 0.1.5
Width: 1280
Height: 720
Fullscreen: false
Intro: false
Profiling: false
Single step:false
App Mode: DEVELOPER
Menu Key: ESCAPE
Stage Style: DECORATED
Scene Factory: class org.example.core.GameApp$1

14:45:12.934 [JavaFX Application Thread] DEBUG FXGLApplication      - Initializing FXGL
14:45:12.943 [JavaFX Application Thread] INFO  Engine               - FXGL-21+dev-SNAPSHOT (26.03.2024 21.04) on WINDOWS (J:24 FX:21.0.1)
14:45:12.943 [JavaFX Application Thread] DEBUG Engine               - JRE Vendor Name: Oracle Corporation
14:45:12.943 [JavaFX Application Thread] DEBUG Engine               - Running on OS: Windows 10 version 10.0
14:45:12.943 [JavaFX Application Thread] DEBUG Engine               - Architecture: amd64
14:45:12.944 [JavaFX Application Thread] INFO  Engine               - Source code and latest versions at: https://github.com/AlmasB/FXGL
14:45:12.944 [JavaFX Application Thread] INFO  Engine               -       Ask questions and discuss at: https://github.com/AlmasB/FXGL/discussions
14:45:12.944 [JavaFX Application Thread] INFO  Engine               -              Join the FXGL chat at: https://gitter.im/AlmasB/FXGL
14:45:13.270 [JavaFX Application Thread] DEBUG PrimaryStageWindow   - Creating a JavaFX scene
14:45:13.407 [JavaFX Application Thread] DEBUG PrimaryStageWindow   - Target settings size: 1280.0 x 720.0
14:45:13.408 [JavaFX Application Thread] DEBUG PrimaryStageWindow   - Scaled scene size:    1280.0 x 720.0
14:45:13.408 [JavaFX Application Thread] DEBUG PrimaryStageWindow   - Scaled ratio: (1.0, 1.0)
14:45:13.410 [JavaFX Application Thread] DEBUG PrimaryStageWindow   - Set initial scene to FXGLStartupScene
14:45:13.421 [JavaFX Application Thread] DEBUG PrimaryStageWindow   - Opening main window
14:45:13.587 [JavaFX Application Thread] DEBUG PrimaryStageWindow   - Window border size: (16.0, 39.0)
14:45:13.588 [JavaFX Application Thread] DEBUG PrimaryStageWindow   - Scaled size: 1280.0 x 720.0
14:45:13.588 [JavaFX Application Thread] DEBUG PrimaryStageWindow   - Scaled ratio: (1.0, 1.0)
14:45:13.588 [JavaFX Application Thread] DEBUG PrimaryStageWindow   - Scene size: 1280.0 x 720.0
14:45:13.588 [JavaFX Application Thread] DEBUG PrimaryStageWindow   - Stage size: 1296.0 x 759.0
14:45:13.603 [FXGL Background Thread 1 ] DEBUG Engine               - Initializing environment variables
14:45:13.727 [FXGL Background Thread 1 ] DEBUG FXGLAssetLoaderServi - User app class for loading assets: class org.example.core.GameApp
14:45:13.728 [FXGL Background Thread 1 ] DEBUG GameApplicationServi - Applying CSS: fxgl_dark.css
14:45:13.730 [FXGL Background Thread 1 ] DEBUG FXGLAssetLoaderServi - Loading from file system: jar:file:/C:/Users/kurtd/.m2/repository/com/github/AlmasB/FXGL/fxgl/21.1/fxgl-21.1.jar!/fxglassets/ui/css/fxgl_dark.css
14:45:13.881 [FXGL Background Thread 1 ] DEBUG GameApplicationServi - Initializing application scenes
14:45:14.002 [FXGL Background Thread 1 ] DEBUG GameWorld            - Game world initialized
14:45:14.088 [FXGL Background Thread 1 ] DEBUG PhysicsWorld         - Physics world initialized: appHeight=720, physics.ppm=50.0
14:45:14.088 [FXGL Background Thread 1 ] DEBUG PhysicsWorld         - Using strategy: BRUTE_FORCE
14:45:14.096 [FXGL Background Thread 1 ] DEBUG GameScene            - Game scene initialized: 1280x720
14:45:14.737 [FXGL Background Thread 1 ] DEBUG GameApplicationServi - Application scenes initialized
14:45:14.782 [FXGL Background Thread 1 ] DEBUG SystemBundleService  - Loading FXGL system data
14:45:14.794 [FXGL Background Thread 1 ] DEBUG FileSystemAccess     - Reading from: C:\Users\kurtd\IdeaProjects\TheOnlyException\system\fxgl.bundle
14:45:14.806 [FXGL Background Thread 1 ] DEBUG SystemBundleService  - Bundle FXGL: {}
14:45:14.806 [FXGL Background Thread 1 ] DEBUG UpdaterService       - Checking for updates
14:45:14.824 [FXGL Background Thread 1 ] DEBUG FXGLApplication      - Loading default localization
14:45:14.827 [FXGL Background Thread 1 ] DEBUG FXGLAssetLoaderServi - Loading from file system: jar:file:/C:/Users/kurtd/.m2/repository/com/github/AlmasB/FXGL/fxgl/21.1/fxgl-21.1.jar!/fxglassets/languages/english.lang
14:45:14.836 [FXGL Background Thread 4 ] DEBUG FXGLApplication      - Loading fonts
14:45:14.836 [FXGL Background Thread 4 ] DEBUG FXGLAssetLoaderServi - Loading from file system: jar:file:/C:/Users/kurtd/.m2/repository/com/github/AlmasB/FXGL/fxgl-samples/21.1/fxgl-samples-21.1.jar!/assets/ui/fonts/VarelaRound-Regular.ttf
14:45:14.908 [FXGL Background Thread 1 ] INFO  FXGLApplication      - FXGL initialization took: 1.305 sec
14:45:14.923 [JavaFX Application Thread] DEBUG Input                - Registered new binding: action0 - A
14:45:14.925 [JavaFX Application Thread] DEBUG Input                - Registered new binding: action1 - D
14:45:14.926 [JavaFX Application Thread] DEBUG Input                - Registered new binding: action2 - W
14:45:14.926 [JavaFX Application Thread] DEBUG Input                - Registered new binding: action3 - S
14:45:14.927 [JavaFX Application Thread] DEBUG FXGLAssetLoaderServi - Loading from file system: jar:file:/C:/Users/kurtd/.m2/repository/com/github/AlmasB/FXGL/fxgl/21.1/fxgl-21.1.jar!/fxglassets/textures/fxgl_icon.png
14:45:15.108 [FXGL Background Thread 4 ] DEBUG FXGLAssetLoaderServi - Loading from file system: jar:file:/C:/Users/kurtd/.m2/repository/com/github/AlmasB/FXGL/fxgl/21.1/fxgl-21.1.jar!/fxglassets/ui/fonts/Abel-Regular.ttf
14:45:15.121 [JavaFX Application Thread] DEBUG FXGLAssetLoaderServi - Loading from file system: jar:file:/C:/Users/kurtd/.m2/repository/com/github/AlmasB/FXGL/fxgl/21.1/fxgl-21.1.jar!/fxglassets/textures/fxgl_default_cursor.png
14:45:15.126 [JavaFX Application Thread] DEBUG Input                - Registered new binding: Screenshot - CTRL+8
14:45:15.127 [JavaFX Application Thread] DEBUG Input                - Registered new binding: System info dump - CTRL+9
14:45:15.128 [JavaFX Application Thread] DEBUG Input                - Registered new binding: Restart - CTRL+R
14:45:15.129 [JavaFX Application Thread] DEBUG Input                - Registered new binding: Toggle Debug Camera - CTRL+7
14:45:15.134 [JavaFX Application Thread] DEBUG LoopRunner           - Starting loop
14:45:15.134 [JavaFX Application Thread] DEBUG LoopRunner           - Initializing JavaFX AnimationTimerLoop
14:45:15.139 [JavaFX Application Thread] DEBUG Input                - Clearing active input actions
14:45:15.174 [JavaFX Application Thread] DEBUG GameApplicationServi - Removing overlay from FXGLStartupScene and adding to FXGLMainMenuDummyScene
14:45:15.175 [JavaFX Application Thread] DEBUG PrimaryStageWindow   - FXGLStartupScene -> FXGLMainMenuDummyScene
14:45:15.175 [JavaFX Application Thread] DEBUG PrimaryStageWindow   - Push state: LoginScene
14:45:15.176 [JavaFX Application Thread] DEBUG Input                - Clearing active input actions
14:45:15.212 [FXGL Background Thread 4 ] DEBUG FXGLAssetLoaderServi - Loading from file system: jar:file:/C:/Users/kurtd/.m2/repository/com/github/AlmasB/FXGL/fxgl/21.1/fxgl-21.1.jar!/fxglassets/ui/fonts/TerminalLandMono-Regular.otf
14:45:15.232 [FXGL Background Thread 4 ] DEBUG FXGLAssetLoaderServi - Loading from file system: jar:file:/C:/Users/kurtd/.m2/repository/com/github/AlmasB/FXGL/fxgl/21.1/fxgl-21.1.jar!/fxglassets/ui/fonts/Courier-Prime.ttf
14:45:15.265 [JavaFX Application Thread] DEBUG GameApplicationServi - Removing overlay from FXGLMainMenuDummyScene and adding to LoginScene
14:45:15.265 [JavaFX Application Thread] DEBUG PrimaryStageWindow   - FXGLMainMenuDummyScene -> LoginScene
14:45:15.967 [JavaFX Application Thread] DEBUG FXGLApplication      - Registering font factories with UI factory
14:45:16.211 [FXGL Background Thread 2 ] INFO  UpdaterService       - Your current version:  21+dev-SNAPSHOT
14:45:16.212 [FXGL Background Thread 2 ] INFO  UpdaterService       - Latest stable version: 21.1
14:45:17.818 [FXGL Background Thread 3 ] DEBUG Engine               - Logging environment variables
14:45:17.818 [FXGL Background Thread 3 ] DEBUG Engine               - achievements: []
14:45:17.818 [FXGL Background Thread 3 ] DEBUG Engine               - actualHeight: 720.0
14:45:17.819 [FXGL Background Thread 3 ] DEBUG Engine               - actualHeightProperty: ReadOnlyDoubleProperty [value: 720.0]
14:45:17.819 [FXGL Background Thread 3 ] DEBUG Engine               - actualWidth: 1280.0
14:45:17.819 [FXGL Background Thread 3 ] DEBUG Engine               - actualWidthProperty: ReadOnlyDoubleProperty [value: 1280.0]
14:45:17.819 [FXGL Background Thread 3 ] DEBUG Engine               - appIcon: fxgl_icon.png
14:45:17.819 [FXGL Background Thread 3 ] DEBUG Engine               - applicationMode: DEVELOPER
14:45:17.819 [FXGL Background Thread 3 ] DEBUG Engine               - cSSList: [fxgl_dark.css]
14:45:17.819 [FXGL Background Thread 3 ] DEBUG Engine               - collisionDetectionStrategy: BRUTE_FORCE
14:45:17.819 [FXGL Background Thread 3 ] DEBUG Engine               - configClass: Optional.empty
14:45:17.819 [FXGL Background Thread 3 ] DEBUG Engine               - credits: []
14:45:17.825 [FXGL Background Thread 3 ] DEBUG Engine               - defaultCursor: CursorInfo(imageName=fxgl_default_cursor.png, hotspotX=7.0, hotspotY=6.0)
14:45:17.826 [FXGL Background Thread 3 ] DEBUG Engine               - devBBoxColorProperty: ObjectProperty [value: 0xff0000ff]
14:45:17.826 [FXGL Background Thread 3 ] DEBUG Engine               - devEnableDebugCameraProperty: BooleanProperty [value: false]
14:45:17.826 [FXGL Background Thread 3 ] DEBUG Engine               - devSensorColorProperty: ObjectProperty [value: 0xffff00ff]
14:45:17.826 [FXGL Background Thread 3 ] DEBUG Engine               - devShowBBoxProperty: BooleanProperty [value: false]
14:45:17.826 [FXGL Background Thread 3 ] DEBUG Engine               - devShowPositionProperty: BooleanProperty [value: false]
14:45:17.826 [FXGL Background Thread 3 ] DEBUG Engine               - enabledMenuItems: []
14:45:17.826 [FXGL Background Thread 3 ] DEBUG Engine               - engineServices: [class com.almasb.fxgl.app.services.FXGLAssetLoaderService, class com.almasb.fxgl.app.FXGLApplication$GameApplicationService, class com.almasb.fxgl.app.services.FXGLDialogService, class com.almasb.fxgl.app.services.IOTaskExecutorService, class com.almasb.fxgl.io.FileSystemService, class com.almasb.fxgl.localization.LocalizationService, class com.almasb.fxgl.app.services.SystemBundleService, class com.almasb.fxgl.profile.SaveLoadService, class com.almasb.fxgl.ui.FXGLUIFactoryServiceProvider, class com.almasb.fxgl.ui.FXGLDialogFactoryServiceProvider, class com.almasb.fxgl.audio.AudioPlayer, class com.almasb.fxgl.notification.impl.NotificationServiceProvider, class com.almasb.fxgl.achievement.AchievementService, class com.almasb.fxgl.cutscene.CutsceneService, class com.almasb.fxgl.minigames.MiniGameService, class com.almasb.fxgl.net.NetService, class com.almasb.fxgl.app.services.UpdaterService, class com.almasb.fxgl.dev.DevService]
14:45:17.826 [FXGL Background Thread 3 ] DEBUG Engine               - fontGame: Abel-Regular.ttf
14:45:17.827 [FXGL Background Thread 3 ] DEBUG Engine               - fontMono: TerminalLandMono-Regular.otf
14:45:17.827 [FXGL Background Thread 3 ] DEBUG Engine               - fontSizeScaleUI: 1.0
14:45:17.827 [FXGL Background Thread 3 ] DEBUG Engine               - fontText: Courier-Prime.ttf
14:45:17.827 [FXGL Background Thread 3 ] DEBUG Engine               - fontUI: VarelaRound-Regular.ttf
14:45:17.827 [FXGL Background Thread 3 ] DEBUG Engine               - fullScreen: BooleanProperty [value: false]
14:45:17.827 [FXGL Background Thread 3 ] DEBUG Engine               - gameDifficulty: MEDIUM
14:45:17.827 [FXGL Background Thread 3 ] DEBUG Engine               - gameDifficultyProperty: ObjectProperty [value: MEDIUM]
14:45:17.827 [FXGL Background Thread 3 ] DEBUG Engine               - globalMusicVolume: 0.5
14:45:17.827 [FXGL Background Thread 3 ] DEBUG Engine               - globalMusicVolumeProperty: DoubleProperty [value: 0.5]
14:45:17.827 [FXGL Background Thread 3 ] DEBUG Engine               - globalSoundVolume: 0.5
14:45:17.827 [FXGL Background Thread 3 ] DEBUG Engine               - globalSoundVolumeProperty: DoubleProperty [value: 0.5]
14:45:17.827 [FXGL Background Thread 3 ] DEBUG Engine               - height: 720
14:45:17.827 [FXGL Background Thread 3 ] DEBUG Engine               - is3D: false
14:45:17.827 [FXGL Background Thread 3 ] DEBUG Engine               - isAndroid: false
14:45:17.827 [FXGL Background Thread 3 ] DEBUG Engine               - isBrowser: false
14:45:17.827 [FXGL Background Thread 3 ] DEBUG Engine               - isClickFeedbackEnabled: false
14:45:17.827 [FXGL Background Thread 3 ] DEBUG Engine               - isCloseConfirmation: false
14:45:17.828 [FXGL Background Thread 3 ] DEBUG Engine               - isDesktop: true
14:45:17.828 [FXGL Background Thread 3 ] DEBUG Engine               - isDeveloperMenuEnabled: false
14:45:17.828 [FXGL Background Thread 3 ] DEBUG Engine               - isEmbedded: false
14:45:17.828 [FXGL Background Thread 3 ] DEBUG Engine               - isEntityPreloadEnabled: true
14:45:17.828 [FXGL Background Thread 3 ] DEBUG Engine               - isExperimentalTiledLargeMap: false
14:45:17.828 [FXGL Background Thread 3 ] DEBUG Engine               - isFileSystemWriteAllowed: true
14:45:17.828 [FXGL Background Thread 3 ] DEBUG Engine               - isFullScreenAllowed: false
14:45:17.828 [FXGL Background Thread 3 ] DEBUG Engine               - isFullScreenFromStart: false
14:45:17.828 [FXGL Background Thread 3 ] DEBUG Engine               - isGameMenuEnabled: false
14:45:17.828 [FXGL Background Thread 3 ] DEBUG Engine               - isIOS: false
14:45:17.828 [FXGL Background Thread 3 ] DEBUG Engine               - isIntroEnabled: false
14:45:17.828 [FXGL Background Thread 3 ] DEBUG Engine               - isLinux: false
14:45:17.828 [FXGL Background Thread 3 ] DEBUG Engine               - isMac: false
14:45:17.828 [FXGL Background Thread 3 ] DEBUG Engine               - isMainMenuEnabled: true
14:45:17.828 [FXGL Background Thread 3 ] DEBUG Engine               - isManualResizeEnabled: false
14:45:17.828 [FXGL Background Thread 3 ] DEBUG Engine               - isMobile: false
14:45:17.828 [FXGL Background Thread 3 ] DEBUG Engine               - isNative: false
14:45:17.828 [FXGL Background Thread 3 ] DEBUG Engine               - isPauseMusicWhenMinimized: true
14:45:17.829 [FXGL Background Thread 3 ] DEBUG Engine               - isPreserveResizeRatio: false
14:45:17.829 [FXGL Background Thread 3 ] DEBUG Engine               - isProfilingEnabled: false
14:45:17.829 [FXGL Background Thread 3 ] DEBUG Engine               - isScaleAffectedOnResize: true
14:45:17.829 [FXGL Background Thread 3 ] DEBUG Engine               - isSingleStep: false
14:45:17.829 [FXGL Background Thread 3 ] DEBUG Engine               - isUserProfileEnabled: false
14:45:17.829 [FXGL Background Thread 3 ] DEBUG Engine               - isWindows: true
14:45:17.829 [FXGL Background Thread 3 ] DEBUG Engine               - language: ObjectProperty [value: ENGLISH]
14:45:17.829 [FXGL Background Thread 3 ] DEBUG Engine               - menuKey: ESCAPE
14:45:17.829 [FXGL Background Thread 3 ] DEBUG Engine               - mouseSensitivity: 0.2
14:45:17.829 [FXGL Background Thread 3 ] DEBUG Engine               - notificationViewClass: class com.almasb.fxgl.notification.view.XboxNotificationView
14:45:17.829 [FXGL Background Thread 3 ] DEBUG Engine               - pixelsPerMeter: 50.0
14:45:17.829 [FXGL Background Thread 3 ] DEBUG Engine               - platform: WINDOWS
14:45:17.829 [FXGL Background Thread 3 ] DEBUG Engine               - prefHeightProperty: ReadOnlyDoubleProperty [value: 720.0]
14:45:17.829 [FXGL Background Thread 3 ] DEBUG Engine               - prefWidthProperty: ReadOnlyDoubleProperty [value: 1280.0]
14:45:17.830 [FXGL Background Thread 3 ] DEBUG Engine               - profileDir: profiles/
14:45:17.830 [FXGL Background Thread 3 ] DEBUG Engine               - profileName: StringProperty [value: DEFAULT]
14:45:17.830 [FXGL Background Thread 3 ] DEBUG Engine               - randomSeed: -1
14:45:17.830 [FXGL Background Thread 3 ] DEBUG Engine               - runtimeInfo: RuntimeInfo(platform=WINDOWS, version=21+dev-SNAPSHOT, build=26.03.2024 21.04)
14:45:17.830 [FXGL Background Thread 3 ] DEBUG Engine               - saveFileExt: sav
14:45:17.830 [FXGL Background Thread 3 ] DEBUG Engine               - scaledHeightProp$fxgl: DoubleProperty [bound, value: 720.0]
14:45:17.830 [FXGL Background Thread 3 ] DEBUG Engine               - scaledWidthProp$fxgl: DoubleProperty [bound, value: 1280.0]
14:45:17.830 [FXGL Background Thread 3 ] DEBUG Engine               - sceneFactory: org.example.core.GameApp$1@5cbe6678
14:45:17.830 [FXGL Background Thread 3 ] DEBUG Engine               - secondsIn24h: 60
14:45:17.830 [FXGL Background Thread 3 ] DEBUG Engine               - soundMenuBack: menu/back.wav
14:45:17.830 [FXGL Background Thread 3 ] DEBUG Engine               - soundMenuPress: menu/press.wav
14:45:17.830 [FXGL Background Thread 3 ] DEBUG Engine               - soundMenuSelect: menu/select.wav
14:45:17.831 [FXGL Background Thread 3 ] DEBUG Engine               - soundNotification: core/notification.wav
14:45:17.831 [FXGL Background Thread 3 ] DEBUG Engine               - stageStyle: DECORATED
14:45:17.831 [FXGL Background Thread 3 ] DEBUG Engine               - supportedLanguages: [ENGLISH, FRENCH, GERMAN, HUNGARIAN, RUSSIAN]
14:45:17.831 [FXGL Background Thread 3 ] DEBUG Engine               - ticksPerSecond: -1
14:45:17.831 [FXGL Background Thread 3 ] DEBUG Engine               - title: Prototype Game
14:45:17.831 [FXGL Background Thread 3 ] DEBUG Engine               - urlGithub: https://github.com/AlmasB/FXGL
14:45:17.831 [FXGL Background Thread 3 ] DEBUG Engine               - urlLeaderboard: http://fxgl-top.herokuapp.com/
14:45:17.831 [FXGL Background Thread 3 ] DEBUG Engine               - urlPOM: https://raw.githubusercontent.com/AlmasB/FXGL/release/README.md
14:45:17.831 [FXGL Background Thread 3 ] DEBUG Engine               - userAppClass: class org.example.core.GameApp
14:45:17.831 [FXGL Background Thread 3 ] DEBUG Engine               - version: 0.1.5
14:45:17.831 [FXGL Background Thread 3 ] DEBUG Engine               - versionCheckDays: 7
14:45:17.831 [FXGL Background Thread 3 ] DEBUG Engine               - width: 1280
14:45:17.831 [FXGL Background Thread 3 ] DEBUG Engine               - Logging services
14:45:17.831 [FXGL Background Thread 3 ] DEBUG Engine               - class com.almasb.fxgl.app.services.FXGLAssetLoaderService
14:45:17.831 [FXGL Background Thread 3 ] DEBUG Engine               - class com.almasb.fxgl.app.FXGLApplication$GameApplicationService
14:45:17.831 [FXGL Background Thread 3 ] DEBUG Engine               - class com.almasb.fxgl.app.services.FXGLDialogService
14:45:17.831 [FXGL Background Thread 3 ] DEBUG Engine               - class com.almasb.fxgl.app.services.IOTaskExecutorService
14:45:17.831 [FXGL Background Thread 3 ] DEBUG Engine               - class com.almasb.fxgl.io.FileSystemService
14:45:17.832 [FXGL Background Thread 3 ] DEBUG Engine               - class com.almasb.fxgl.localization.LocalizationService
14:45:17.832 [FXGL Background Thread 3 ] DEBUG Engine               - class com.almasb.fxgl.app.services.SystemBundleService
14:45:17.832 [FXGL Background Thread 3 ] DEBUG Engine               - class com.almasb.fxgl.profile.SaveLoadService
14:45:17.832 [FXGL Background Thread 3 ] DEBUG Engine               - class com.almasb.fxgl.ui.FXGLUIFactoryServiceProvider
14:45:17.832 [FXGL Background Thread 3 ] DEBUG Engine               - class com.almasb.fxgl.ui.FXGLDialogFactoryServiceProvider
14:45:17.832 [FXGL Background Thread 3 ] DEBUG Engine               - class com.almasb.fxgl.audio.AudioPlayer
14:45:17.832 [FXGL Background Thread 3 ] DEBUG Engine               - class com.almasb.fxgl.notification.impl.NotificationServiceProvider
14:45:17.832 [FXGL Background Thread 3 ] DEBUG Engine               - class com.almasb.fxgl.achievement.AchievementService
14:45:17.832 [FXGL Background Thread 3 ] DEBUG Engine               - class com.almasb.fxgl.cutscene.CutsceneService
14:45:17.832 [FXGL Background Thread 3 ] DEBUG Engine               - class com.almasb.fxgl.minigames.MiniGameService
14:45:17.832 [FXGL Background Thread 3 ] DEBUG Engine               - class com.almasb.fxgl.net.NetService
14:45:17.832 [FXGL Background Thread 3 ] DEBUG Engine               - class com.almasb.fxgl.app.services.UpdaterService
14:45:17.832 [FXGL Background Thread 3 ] DEBUG Engine               - class com.almasb.fxgl.dev.DevService
14:45:33.805 [JavaFX Application Thread] DEBUG GameWorld            - Game world initialized
14:45:33.807 [JavaFX Application Thread] DEBUG PhysicsWorld         - Physics world initialized: appHeight=720, physics.ppm=50.0
14:45:33.807 [JavaFX Application Thread] DEBUG PhysicsWorld         - Using strategy: BRUTE_FORCE
14:45:33.809 [JavaFX Application Thread] DEBUG GameScene            - Game scene initialized: 1280x720
14:45:33.846 [JavaFX Application Thread] DEBUG PrimaryStageWindow   - Push state: MainMenuScene
14:45:33.859 [JavaFX Application Thread] DEBUG Input                - Clearing active input actions
14:45:33.863 [JavaFX Application Thread] DEBUG GameApplicationServi - Removing overlay from LoginScene and adding to MainMenuScene
14:45:33.864 [JavaFX Application Thread] DEBUG PrimaryStageWindow   - LoginScene -> MainMenuScene
14:45:33.901 [JavaFX Application Thread] DEBUG GameWorld            - Game world initialized
14:45:33.902 [JavaFX Application Thread] DEBUG PhysicsWorld         - Physics world initialized: appHeight=720, physics.ppm=50.0
14:45:33.902 [JavaFX Application Thread] DEBUG PhysicsWorld         - Using strategy: BRUTE_FORCE
14:45:33.903 [JavaFX Application Thread] DEBUG GameScene            - Game scene initialized: 1280x720
14:45:33.925 [JavaFX Application Thread] DEBUG PrimaryStageWindow   - Push state: MainMenuScene
14:45:34.000 [JavaFX Application Thread] DEBUG Input                - Clearing active input actions
14:45:34.001 [JavaFX Application Thread] DEBUG GameApplicationServi - Removing overlay from MainMenuScene and adding to MainMenuScene
14:45:34.002 [JavaFX Application Thread] DEBUG PrimaryStageWindow   - MainMenuScene -> MainMenuScene
14:45:36.496 [JavaFX Application Thread] DEBUG GameApplicationServi - Starting new game
14:45:36.497 [JavaFX Application Thread] DEBUG PrimaryStageWindow   - Pop state: MainMenuScene
14:45:36.497 [JavaFX Application Thread] DEBUG Input                - Clearing active input actions
14:45:36.498 [JavaFX Application Thread] DEBUG GameApplicationServi - Removing overlay from MainMenuScene and adding to MainMenuScene
14:45:36.499 [JavaFX Application Thread] DEBUG PrimaryStageWindow   - MainMenuScene <- MainMenuScene
14:45:36.499 [JavaFX Application Thread] DEBUG PrimaryStageWindow   - Pop state: MainMenuScene
14:45:36.499 [JavaFX Application Thread] DEBUG Input                - Clearing active input actions
14:45:36.499 [JavaFX Application Thread] DEBUG GameApplicationServi - Removing overlay from MainMenuScene and adding to LoginScene
14:45:36.499 [JavaFX Application Thread] DEBUG PrimaryStageWindow   - LoginScene <- MainMenuScene
14:45:36.827 [JavaFX Application Thread] DEBUG PrimaryStageWindow   - Pop state: LoginScene
14:45:36.827 [JavaFX Application Thread] DEBUG Input                - Clearing active input actions
14:45:36.827 [JavaFX Application Thread] DEBUG GameApplicationServi - Removing overlay from LoginScene and adding to FXGLMainMenuDummyScene
14:45:36.827 [JavaFX Application Thread] DEBUG PrimaryStageWindow   - FXGLMainMenuDummyScene <- LoginScene
14:45:36.827 [JavaFX Application Thread] DEBUG Input                - Clearing active input actions
14:45:36.842 [JavaFX Application Thread] DEBUG GameApplicationServi - Removing overlay from FXGLMainMenuDummyScene and adding to FXGLLoadingScene
14:45:36.842 [JavaFX Application Thread] DEBUG PrimaryStageWindow   - FXGLMainMenuDummyScene -> FXGLLoadingScene
14:45:36.842 [JavaFX Application Thread] DEBUG GameApplicationServi - Clearing previous game
14:45:36.842 [JavaFX Application Thread] DEBUG GameScene            - Clearing game scene
14:45:36.842 [JavaFX Application Thread] DEBUG GameWorld            - Clearing game world
14:45:36.842 [JavaFX Application Thread] DEBUG PhysicsWorld         - Clearing physics world
14:45:36.845 [FXGL Background Thread 2 ] DEBUG FXGLApplication      - Initializing game
14:45:36.884 [FXGL Background Thread 2 ] DEBUG FXGLAssetLoaderServi - Loading from file system: file:/C:/Users/kurtd/IdeaProjects/TheOnlyException/Test/target/classes/assets/textures/worlda.png
14:45:37.054 [FXGL Background Thread 2 ] DEBUG FXGLAssetLoaderServi - Loading from file system: file:/C:/Users/kurtd/IdeaProjects/TheOnlyException/Test/target/classes/assets/textures/player-scaled.png
14:45:37.195 [FXGL Background Thread 2 ] INFO  FXGLApplication      - Game initialization took: 0.350 sec
14:45:37.195 [JavaFX Application Thread] DEBUG Input                - Clearing active input actions
14:45:37.211 [JavaFX Application Thread] DEBUG GameApplicationServi - Removing overlay from FXGLLoadingScene and adding to GameScene
14:45:37.211 [JavaFX Application Thread] DEBUG PrimaryStageWindow   - FXGLLoadingScene -> GameScene
14:45:39.123 [JavaFX Application Thread] DEBUG FXGLAssetLoaderServi - Loading from file system: file:/C:/Users/kurtd/IdeaProjects/TheOnlyException/Test/target/classes/assets/textures/MaggotWalk-scaled.png
14:45:39.129 [JavaFX Application Thread] DEBUG FXGLAssetLoaderServi - Loading from file system: file:/C:/Users/kurtd/IdeaProjects/TheOnlyException/Test/target/classes/assets/textures/BeetleMove-scaled.png
14:45:39.131 [JavaFX Application Thread] DEBUG FXGLAssetLoaderServi - Loading from file system: file:/C:/Users/kurtd/IdeaProjects/TheOnlyException/Test/target/classes/assets/textures/MantisMove-scaled.png
14:45:39.134 [JavaFX Application Thread] DEBUG FXGLAssetLoaderServi - Loading from file system: file:/C:/Users/kurtd/IdeaProjects/TheOnlyException/Test/target/classes/assets/textures/BeeMove-scaled.png
14:45:39.137 [JavaFX Application Thread] DEBUG FXGLAssetLoaderServi - Loading from file system: file:/C:/Users/kurtd/IdeaProjects/TheOnlyException/Test/target/classes/assets/textures/GiantFly.png
14:45:39.143 [JavaFX Application Thread] DEBUG FXGLAssetLoaderServi - Loading from file system: file:/C:/Users/kurtd/IdeaProjects/TheOnlyException/Test/target/classes/assets/textures/DragonFly.png
14:45:46.153 [JavaFX Application Thread] DEBUG FXGLAssetLoaderServi - Loading from file system: file:/C:/Users/kurtd/IdeaProjects/TheOnlyException/Test/target/classes/assets/textures/shortcircuit.png
14:45:46.190 [JavaFX Application Thread] DEBUG FXGLAssetLoaderServi - Loading from file system: file:/C:/Users/kurtd/IdeaProjects/TheOnlyException/Test/target/classes/assets/textures/realtimedefense.png
14:45:46.225 [JavaFX Application Thread] DEBUG FXGLAssetLoaderServi - Loading from file system: file:/C:/Users/kurtd/IdeaProjects/TheOnlyException/Test/target/classes/assets/textures/systemrestore.png
14:45:46.249 [JavaFX Application Thread] DEBUG FXGLAssetLoaderServi - Loading from file system: file:/C:/Users/kurtd/IdeaProjects/TheOnlyException/Test/target/classes/assets/textures/firewallshield.png
14:45:46.276 [JavaFX Application Thread] DEBUG PrimaryStageWindow   - Push state: DialogSubScene
14:45:46.276 [JavaFX Application Thread] DEBUG Input                - Clearing active input actions
14:45:46.279 [JavaFX Application Thread] DEBUG GameApplicationServi - Removing overlay from GameScene and adding to DialogSubScene
14:45:46.280 [JavaFX Application Thread] DEBUG PrimaryStageWindow   - GameScene -> DialogSubScene
14:45:48.145 [JavaFX Application Thread] DEBUG PrimaryStageWindow   - Pop state: DialogSubScene
14:45:48.145 [JavaFX Application Thread] DEBUG Input                - Clearing active input actions
14:45:48.146 [JavaFX Application Thread] DEBUG GameApplicationServi - Removing overlay from DialogSubScene and adding to GameScene
14:45:48.146 [JavaFX Application Thread] DEBUG PrimaryStageWindow   - GameScene <- DialogSubScene
14:45:48.147 [JavaFX Application Thread] DEBUG FXGLAssetLoaderServi - Loading from file system: file:/C:/Users/kurtd/IdeaProjects/TheOnlyException/Test/target/classes/assets/textures/realtimedefenseaura.png
14:45:54.323 [JavaFX Application Thread] DEBUG FXGLAssetLoaderServi - Loading from file system: file:/C:/Users/kurtd/IdeaProjects/TheOnlyException/Test/target/classes/assets/textures/smolderprotocol.png
14:45:54.390 [JavaFX Application Thread] DEBUG FXGLAssetLoaderServi - Loading from file system: file:/C:/Users/kurtd/IdeaProjects/TheOnlyException/Test/target/classes/assets/textures/datawipe.png
14:45:54.421 [JavaFX Application Thread] DEBUG PrimaryStageWindow   - Push state: DialogSubScene
14:45:54.422 [JavaFX Application Thread] DEBUG Input                - Clearing active input actions
14:45:54.423 [JavaFX Application Thread] DEBUG GameApplicationServi - Removing overlay from GameScene and adding to DialogSubScene
14:45:54.425 [JavaFX Application Thread] DEBUG PrimaryStageWindow   - GameScene -> DialogSubScene
14:45:55.481 [JavaFX Application Thread] DEBUG PrimaryStageWindow   - Pop state: DialogSubScene
14:45:55.481 [JavaFX Application Thread] DEBUG Input                - Clearing active input actions
14:45:55.482 [JavaFX Application Thread] DEBUG GameApplicationServi - Removing overlay from DialogSubScene and adding to GameScene
14:45:55.482 [JavaFX Application Thread] DEBUG PrimaryStageWindow   - GameScene <- DialogSubScene
14:46:00.629 [JavaFX Application Thread] DEBUG PrimaryStageWindow   - Push state: DialogSubScene
14:46:00.629 [JavaFX Application Thread] DEBUG Input                - Clearing active input actions
14:46:00.629 [JavaFX Application Thread] DEBUG GameApplicationServi - Removing overlay from GameScene and adding to DialogSubScene
14:46:00.629 [JavaFX Application Thread] DEBUG PrimaryStageWindow   - GameScene -> DialogSubScene
14:46:02.169 [JavaFX Application Thread] DEBUG PrimaryStageWindow   - Pop state: DialogSubScene
14:46:02.169 [JavaFX Application Thread] DEBUG Input                - Clearing active input actions
14:46:02.169 [JavaFX Application Thread] DEBUG GameApplicationServi - Removing overlay from DialogSubScene and adding to GameScene
14:46:02.169 [JavaFX Application Thread] DEBUG PrimaryStageWindow   - GameScene <- DialogSubScene
14:46:06.965 [JavaFX Application Thread] DEBUG PrimaryStageWindow   - Push state: DialogSubScene
14:46:06.965 [JavaFX Application Thread] DEBUG Input                - Clearing active input actions
14:46:06.965 [JavaFX Application Thread] DEBUG GameApplicationServi - Removing overlay from GameScene and adding to DialogSubScene
14:46:06.965 [JavaFX Application Thread] DEBUG PrimaryStageWindow   - GameScene -> DialogSubScene
14:46:08.872 [JavaFX Application Thread] DEBUG PrimaryStageWindow   - Pop state: DialogSubScene
14:46:08.872 [JavaFX Application Thread] DEBUG Input                - Clearing active input actions
14:46:08.873 [JavaFX Application Thread] DEBUG GameApplicationServi - Removing overlay from DialogSubScene and adding to GameScene
14:46:08.873 [JavaFX Application Thread] DEBUG PrimaryStageWindow   - GameScene <- DialogSubScene
14:46:13.601 [JavaFX Application Thread] DEBUG PrimaryStageWindow   - Push state: DialogSubScene
14:46:13.601 [JavaFX Application Thread] DEBUG Input                - Clearing active input actions
14:46:13.601 [JavaFX Application Thread] DEBUG GameApplicationServi - Removing overlay from GameScene and adding to DialogSubScene
14:46:13.602 [JavaFX Application Thread] DEBUG PrimaryStageWindow   - GameScene -> DialogSubScene
14:46:14.944 [JavaFX Application Thread] DEBUG PrimaryStageWindow   - Pop state: DialogSubScene
14:46:14.944 [JavaFX Application Thread] DEBUG Input                - Clearing active input actions
14:46:14.945 [JavaFX Application Thread] DEBUG GameApplicationServi - Removing overlay from DialogSubScene and adding to GameScene
14:46:14.945 [JavaFX Application Thread] DEBUG PrimaryStageWindow   - GameScene <- DialogSubScene
14:46:21.660 [JavaFX Application Thread] DEBUG PrimaryStageWindow   - Push state: DialogSubScene
14:46:21.660 [JavaFX Application Thread] DEBUG Input                - Clearing active input actions
14:46:21.661 [JavaFX Application Thread] DEBUG GameApplicationServi - Removing overlay from GameScene and adding to DialogSubScene
14:46:21.661 [JavaFX Application Thread] DEBUG PrimaryStageWindow   - GameScene -> DialogSubScene
14:46:23.057 [JavaFX Application Thread] DEBUG PrimaryStageWindow   - Pop state: DialogSubScene
14:46:23.057 [JavaFX Application Thread] DEBUG Input                - Clearing active input actions
14:46:23.057 [JavaFX Application Thread] DEBUG GameApplicationServi - Removing overlay from DialogSubScene and adding to GameScene
14:46:23.057 [JavaFX Application Thread] DEBUG PrimaryStageWindow   - GameScene <- DialogSubScene
14:46:23.374 [JavaFX Application Thread] DEBUG FXGLAssetLoaderServi - Loading from file system: file:/C:/Users/kurtd/IdeaProjects/TheOnlyException/Test/target/classes/assets/textures/smolder.png
14:46:32.525 [JavaFX Application Thread] DEBUG PrimaryStageWindow   - Push state: DialogSubScene
14:46:32.525 [JavaFX Application Thread] DEBUG Input                - Clearing active input actions
14:46:32.526 [JavaFX Application Thread] DEBUG GameApplicationServi - Removing overlay from GameScene and adding to DialogSubScene
14:46:32.526 [JavaFX Application Thread] DEBUG PrimaryStageWindow   - GameScene -> DialogSubScene
14:46:33.585 [JavaFX Application Thread] DEBUG PrimaryStageWindow   - Pop state: DialogSubScene
14:46:33.585 [JavaFX Application Thread] DEBUG Input                - Clearing active input actions
14:46:33.585 [JavaFX Application Thread] DEBUG GameApplicationServi - Removing overlay from DialogSubScene and adding to GameScene
14:46:33.585 [JavaFX Application Thread] DEBUG PrimaryStageWindow   - GameScene <- DialogSubScene
14:46:42.098 [JavaFX Application Thread] DEBUG PrimaryStageWindow   - Push state: DialogSubScene
14:46:42.098 [JavaFX Application Thread] DEBUG Input                - Clearing active input actions
14:46:42.099 [JavaFX Application Thread] DEBUG GameApplicationServi - Removing overlay from GameScene and adding to DialogSubScene
14:46:42.099 [JavaFX Application Thread] DEBUG PrimaryStageWindow   - GameScene -> DialogSubScene
14:46:45.328 [JavaFX Application Thread] DEBUG PrimaryStageWindow   - Pop state: DialogSubScene
14:46:45.328 [JavaFX Application Thread] DEBUG Input                - Clearing active input actions
14:46:45.328 [JavaFX Application Thread] DEBUG GameApplicationServi - Removing overlay from DialogSubScene and adding to GameScene
14:46:45.328 [JavaFX Application Thread] DEBUG PrimaryStageWindow   - GameScene <- DialogSubScene
14:46:45.335 [JavaFX Application Thread] WARN  FXGLAssetLoaderServi - Asset "/assets/textures/particles/spark.png" was not found!
14:46:45.337 [JavaFX Application Thread] WARN  FXGLAssetLoaderServi - Failed to load RESIZABLE_IMAGE
14:46:56.274 [JavaFX Application Thread] DEBUG PrimaryStageWindow   - Push state: DialogSubScene
14:46:56.274 [JavaFX Application Thread] DEBUG Input                - Clearing active input actions
14:46:56.274 [JavaFX Application Thread] DEBUG GameApplicationServi - Removing overlay from GameScene and adding to DialogSubScene
14:46:56.274 [JavaFX Application Thread] DEBUG PrimaryStageWindow   - GameScene -> DialogSubScene
14:46:58.209 [JavaFX Application Thread] DEBUG PrimaryStageWindow   - Pop state: DialogSubScene
14:46:58.209 [JavaFX Application Thread] DEBUG Input                - Clearing active input actions
14:46:58.209 [JavaFX Application Thread] DEBUG GameApplicationServi - Removing overlay from DialogSubScene and adding to GameScene
14:46:58.209 [JavaFX Application Thread] DEBUG PrimaryStageWindow   - GameScene <- DialogSubScene
14:47:02.844 [JavaFX Application Thread] WARN  FXGLAssetLoaderServi - Asset "/assets/textures/particles/spark.png" was not found!
14:47:02.845 [JavaFX Application Thread] WARN  FXGLAssetLoaderServi - Failed to load RESIZABLE_IMAGE
14:47:03.482 [JavaFX Application Thread] DEBUG FXGLAssetLoaderServi - Loading from file system: file:/C:/Users/kurtd/IdeaProjects/TheOnlyException/Test/target/classes/assets/textures/lightning_strike.png
14:47:08.072 [JavaFX Application Thread] DEBUG PrimaryStageWindow   - Push state: DialogSubScene
14:47:08.072 [JavaFX Application Thread] DEBUG Input                - Clearing active input actions
14:47:08.073 [JavaFX Application Thread] DEBUG GameApplicationServi - Removing overlay from GameScene and adding to DialogSubScene
14:47:08.073 [JavaFX Application Thread] DEBUG PrimaryStageWindow   - GameScene -> DialogSubScene
14:47:10.255 [JavaFX Application Thread] DEBUG PrimaryStageWindow   - Pop state: DialogSubScene
14:47:10.255 [JavaFX Application Thread] DEBUG Input                - Clearing active input actions
14:47:10.255 [JavaFX Application Thread] DEBUG GameApplicationServi - Removing overlay from DialogSubScene and adding to GameScene
14:47:10.255 [JavaFX Application Thread] DEBUG PrimaryStageWindow   - GameScene <- DialogSubScene
14:47:12.586 [JavaFX Application Thread] DEBUG FXGLAssetLoaderServi - Loading from file system: file:/C:/Users/kurtd/IdeaProjects/TheOnlyException/Test/target/classes/assets/textures/datawipemine.png
14:47:13.596 [JavaFX Application Thread] WARN  FXGLAssetLoaderServi - Asset "/assets/textures/particles/glassparticle.png" was not found!
14:47:13.596 [JavaFX Application Thread] WARN  FXGLAssetLoaderServi - Failed to load RESIZABLE_IMAGE
14:47:18.335 [JavaFX Application Thread] DEBUG FXGLAssetLoaderServi - Loading from file system: file:/C:/Users/kurtd/IdeaProjects/TheOnlyException/Test/target/classes/assets/textures/datawipeexplosion.png
14:47:18.338 [JavaFX Application Thread] WARN  FXGLAssetLoaderServi - Asset "/assets/textures/orange_particle.png" was not found!
14:47:18.338 [JavaFX Application Thread] WARN  FXGLAssetLoaderServi - Failed to load IMAGE
14:47:20.312 [JavaFX Application Thread] WARN  FXGLAssetLoaderServi - Asset "/assets/textures/orange_particle.png" was not found!
14:47:20.312 [JavaFX Application Thread] WARN  FXGLAssetLoaderServi - Failed to load IMAGE
14:47:22.020 [JavaFX Application Thread] WARN  FXGLAssetLoaderServi - Asset "/assets/textures/particles/spark.png" was not found!
14:47:22.020 [JavaFX Application Thread] WARN  FXGLAssetLoaderServi - Failed to load RESIZABLE_IMAGE
14:47:23.056 [JavaFX Application Thread] WARN  FXGLAssetLoaderServi - Asset "/assets/textures/orange_particle.png" was not found!
14:47:23.056 [JavaFX Application Thread] WARN  FXGLAssetLoaderServi - Failed to load IMAGE
14:47:25.292 [JavaFX Application Thread] DEBUG PrimaryStageWindow   - Push state: DialogSubScene
14:47:25.292 [JavaFX Application Thread] DEBUG Input                - Clearing active input actions
14:47:25.293 [JavaFX Application Thread] DEBUG GameApplicationServi - Removing overlay from GameScene and adding to DialogSubScene
14:47:25.293 [JavaFX Application Thread] DEBUG PrimaryStageWindow   - GameScene -> DialogSubScene
14:47:42.952 [JavaFX Application Thread] DEBUG PrimaryStageWindow   - Pop state: DialogSubScene
14:47:42.952 [JavaFX Application Thread] DEBUG Input                - Clearing active input actions
14:47:42.953 [JavaFX Application Thread] DEBUG GameApplicationServi - Removing overlay from DialogSubScene and adding to GameScene
14:47:42.953 [JavaFX Application Thread] DEBUG PrimaryStageWindow   - GameScene <- DialogSubScene
14:47:44.226 [JavaFX Application Thread] WARN  FXGLAssetLoaderServi - Asset "/assets/textures/orange_particle.png" was not found!
14:47:44.226 [JavaFX Application Thread] WARN  FXGLAssetLoaderServi - Failed to load IMAGE
14:47:45.118 [JavaFX Application Thread] WARN  FXGLAssetLoaderServi - Asset "/assets/textures/particles/glassparticle.png" was not found!
14:47:45.119 [JavaFX Application Thread] WARN  FXGLAssetLoaderServi - Failed to load RESIZABLE_IMAGE
14:47:46.922 [JavaFX Application Thread] DEBUG LoopRunner           - Pausing loop
14:47:48.113 [JavaFX Application Thread] DEBUG LoopRunner           - Resuming loop
14:47:48.116 [JavaFX Application Thread] DEBUG GameWorld            - Game world initialized
14:47:48.117 [JavaFX Application Thread] DEBUG PhysicsWorld         - Physics world initialized: appHeight=720, physics.ppm=50.0
14:47:48.117 [JavaFX Application Thread] DEBUG PhysicsWorld         - Using strategy: BRUTE_FORCE
14:47:48.117 [JavaFX Application Thread] DEBUG GameScene            - Game scene initialized: 1280x720
14:47:48.132 [JavaFX Application Thread] DEBUG PrimaryStageWindow   - Push state: MainMenuScene
14:47:48.141 [JavaFX Application Thread] DEBUG Input                - Clearing active input actions
14:47:48.145 [JavaFX Application Thread] DEBUG GameApplicationServi - Removing overlay from GameScene and adding to MainMenuScene
14:47:48.145 [JavaFX Application Thread] DEBUG PrimaryStageWindow   - GameScene -> MainMenuScene
14:47:57.969 [JavaFX Application Thread] DEBUG GameApplicationServi - Starting new game
14:47:57.969 [JavaFX Application Thread] DEBUG PrimaryStageWindow   - Pop state: MainMenuScene
14:47:57.969 [JavaFX Application Thread] DEBUG Input                - Clearing active input actions
14:47:57.969 [JavaFX Application Thread] DEBUG GameApplicationServi - Removing overlay from MainMenuScene and adding to GameScene
14:47:57.970 [JavaFX Application Thread] DEBUG PrimaryStageWindow   - GameScene <- MainMenuScene
14:47:57.970 [JavaFX Application Thread] DEBUG Input                - Clearing active input actions
14:47:57.978 [JavaFX Application Thread] DEBUG GameApplicationServi - Removing overlay from GameScene and adding to FXGLLoadingScene
14:47:57.978 [JavaFX Application Thread] DEBUG PrimaryStageWindow   - GameScene -> FXGLLoadingScene
14:47:57.978 [JavaFX Application Thread] DEBUG GameApplicationServi - Clearing previous game
14:47:57.978 [JavaFX Application Thread] DEBUG GameScene            - Clearing game scene
14:47:57.978 [JavaFX Application Thread] DEBUG GameWorld            - Clearing game world
14:47:57.979 [JavaFX Application Thread] WARN  GameWorld            - Attempted to remove entity which is not active
14:47:57.987 [JavaFX Application Thread] DEBUG PhysicsWorld         - Clearing physics world
14:47:58.082 [FXGL Background Thread 5 ] DEBUG FXGLApplication      - Initializing game
14:47:58.088 [FXGL Background Thread 5 ] INFO  FXGLApplication      - Game initialization took: 0.006 sec
14:47:58.094 [JavaFX Application Thread] DEBUG Input                - Clearing active input actions
14:47:58.103 [JavaFX Application Thread] DEBUG GameApplicationServi - Removing overlay from FXGLLoadingScene and adding to GameScene
14:47:58.103 [JavaFX Application Thread] DEBUG PrimaryStageWindow   - FXGLLoadingScene -> GameScene
14:48:08.673 [JavaFX Application Thread] DEBUG PrimaryStageWindow   - Push state: DialogSubScene
14:48:08.673 [JavaFX Application Thread] DEBUG Input                - Clearing active input actions
14:48:08.675 [JavaFX Application Thread] DEBUG GameApplicationServi - Removing overlay from GameScene and adding to DialogSubScene
14:48:08.675 [JavaFX Application Thread] DEBUG PrimaryStageWindow   - GameScene -> DialogSubScene
14:48:13.425 [JavaFX Application Thread] DEBUG PrimaryStageWindow   - Pop state: DialogSubScene
14:48:13.425 [JavaFX Application Thread] DEBUG Input                - Clearing active input actions
14:48:13.425 [JavaFX Application Thread] DEBUG GameApplicationServi - Removing overlay from DialogSubScene and adding to GameScene
14:48:13.426 [JavaFX Application Thread] DEBUG PrimaryStageWindow   - GameScene <- DialogSubScene
14:48:18.593 [JavaFX Application Thread] DEBUG PrimaryStageWindow   - Push state: DialogSubScene
14:48:18.594 [JavaFX Application Thread] DEBUG Input                - Clearing active input actions
14:48:18.594 [JavaFX Application Thread] DEBUG GameApplicationServi - Removing overlay from GameScene and adding to DialogSubScene
14:48:18.594 [JavaFX Application Thread] DEBUG PrimaryStageWindow   - GameScene -> DialogSubScene
14:48:20.065 [JavaFX Application Thread] DEBUG PrimaryStageWindow   - Pop state: DialogSubScene
14:48:20.065 [JavaFX Application Thread] DEBUG Input                - Clearing active input actions
14:48:20.065 [JavaFX Application Thread] DEBUG GameApplicationServi - Removing overlay from DialogSubScene and adding to GameScene
14:48:20.065 [JavaFX Application Thread] DEBUG PrimaryStageWindow   - GameScene <- DialogSubScene
14:48:22.062 [JavaFX Application Thread] WARN  FXGLAssetLoaderServi - Asset "/assets/textures/orange_particle.png" was not found!
14:48:22.063 [JavaFX Application Thread] WARN  FXGLAssetLoaderServi - Failed to load IMAGE
14:48:24.110 [JavaFX Application Thread] WARN  FXGLAssetLoaderServi - Asset "/assets/textures/orange_particle.png" was not found!
14:48:24.110 [JavaFX Application Thread] WARN  FXGLAssetLoaderServi - Failed to load IMAGE
14:48:24.527 [JavaFX Application Thread] DEBUG PrimaryStageWindow   - Push state: DialogSubScene
14:48:24.527 [JavaFX Application Thread] DEBUG Input                - Clearing active input actions
14:48:24.528 [JavaFX Application Thread] DEBUG GameApplicationServi - Removing overlay from GameScene and adding to DialogSubScene
14:48:24.528 [JavaFX Application Thread] DEBUG PrimaryStageWindow   - GameScene -> DialogSubScene
14:48:28.881 [JavaFX Application Thread] DEBUG PrimaryStageWindow   - Pop state: DialogSubScene
14:48:28.881 [JavaFX Application Thread] DEBUG Input                - Clearing active input actions
14:48:28.881 [JavaFX Application Thread] DEBUG GameApplicationServi - Removing overlay from DialogSubScene and adding to GameScene
14:48:28.882 [JavaFX Application Thread] DEBUG PrimaryStageWindow   - GameScene <- DialogSubScene
14:48:30.575 [JavaFX Application Thread] WARN  FXGLAssetLoaderServi - Asset "/assets/textures/orange_particle.png" was not found!
14:48:30.575 [JavaFX Application Thread] WARN  FXGLAssetLoaderServi - Failed to load IMAGE
14:48:32.607 [JavaFX Application Thread] WARN  FXGLAssetLoaderServi - Asset "/assets/textures/orange_particle.png" was not found!
14:48:32.607 [JavaFX Application Thread] WARN  FXGLAssetLoaderServi - Failed to load IMAGE
14:48:32.738 [JavaFX Application Thread] DEBUG PrimaryStageWindow   - Push state: DialogSubScene
14:48:32.738 [JavaFX Application Thread] DEBUG Input                - Clearing active input actions
14:48:32.739 [JavaFX Application Thread] DEBUG GameApplicationServi - Removing overlay from GameScene and adding to DialogSubScene
14:48:32.739 [JavaFX Application Thread] DEBUG PrimaryStageWindow   - GameScene -> DialogSubScene
14:48:35.792 [JavaFX Application Thread] DEBUG PrimaryStageWindow   - Pop state: DialogSubScene
14:48:35.792 [JavaFX Application Thread] DEBUG Input                - Clearing active input actions
14:48:35.793 [JavaFX Application Thread] DEBUG GameApplicationServi - Removing overlay from DialogSubScene and adding to GameScene
14:48:35.793 [JavaFX Application Thread] DEBUG PrimaryStageWindow   - GameScene <- DialogSubScene
14:48:37.759 [JavaFX Application Thread] WARN  FXGLAssetLoaderServi - Asset "/assets/textures/orange_particle.png" was not found!
14:48:37.759 [JavaFX Application Thread] WARN  FXGLAssetLoaderServi - Failed to load IMAGE
14:48:39.410 [JavaFX Application Thread] DEBUG PrimaryStageWindow   - Push state: DialogSubScene
14:48:39.410 [JavaFX Application Thread] DEBUG Input                - Clearing active input actions
14:48:39.411 [JavaFX Application Thread] DEBUG GameApplicationServi - Removing overlay from GameScene and adding to DialogSubScene
14:48:39.411 [JavaFX Application Thread] DEBUG PrimaryStageWindow   - GameScene -> DialogSubScene
14:48:40.617 [JavaFX Application Thread] DEBUG PrimaryStageWindow   - Pop state: DialogSubScene
14:48:40.617 [JavaFX Application Thread] DEBUG Input                - Clearing active input actions
14:48:40.617 [JavaFX Application Thread] DEBUG GameApplicationServi - Removing overlay from DialogSubScene and adding to GameScene
14:48:40.617 [JavaFX Application Thread] DEBUG PrimaryStageWindow   - GameScene <- DialogSubScene
14:48:40.991 [JavaFX Application Thread] WARN  FXGLAssetLoaderServi - Asset "/assets/textures/orange_particle.png" was not found!
14:48:40.991 [JavaFX Application Thread] WARN  FXGLAssetLoaderServi - Failed to load IMAGE
14:48:43.087 [JavaFX Application Thread] WARN  FXGLAssetLoaderServi - Asset "/assets/textures/orange_particle.png" was not found!
14:48:43.087 [JavaFX Application Thread] WARN  FXGLAssetLoaderServi - Failed to load IMAGE
14:48:45.103 [JavaFX Application Thread] WARN  FXGLAssetLoaderServi - Asset "/assets/textures/orange_particle.png" was not found!
14:48:45.103 [JavaFX Application Thread] WARN  FXGLAssetLoaderServi - Failed to load IMAGE
14:48:47.104 [JavaFX Application Thread] WARN  FXGLAssetLoaderServi - Asset "/assets/textures/orange_particle.png" was not found!
14:48:47.105 [JavaFX Application Thread] WARN  FXGLAssetLoaderServi - Failed to load IMAGE
14:48:48.913 [JavaFX Application Thread] DEBUG PrimaryStageWindow   - Push state: DialogSubScene
14:48:48.913 [JavaFX Application Thread] DEBUG Input                - Clearing active input actions
14:48:48.913 [JavaFX Application Thread] DEBUG GameApplicationServi - Removing overlay from GameScene and adding to DialogSubScene
14:48:48.914 [JavaFX Application Thread] DEBUG PrimaryStageWindow   - GameScene -> DialogSubScene
14:48:54.872 [JavaFX Application Thread] DEBUG PrimaryStageWindow   - Pop state: DialogSubScene
14:48:54.872 [JavaFX Application Thread] DEBUG Input                - Clearing active input actions
14:48:54.873 [JavaFX Application Thread] DEBUG GameApplicationServi - Removing overlay from DialogSubScene and adding to GameScene
14:48:54.873 [JavaFX Application Thread] DEBUG PrimaryStageWindow   - GameScene <- DialogSubScene
14:48:55.055 [JavaFX Application Thread] WARN  FXGLAssetLoaderServi - Asset "/assets/textures/orange_particle.png" was not found!
14:48:55.055 [JavaFX Application Thread] WARN  FXGLAssetLoaderServi - Failed to load IMAGE
14:48:57.214 [JavaFX Application Thread] WARN  FXGLAssetLoaderServi - Asset "/assets/textures/orange_particle.png" was not found!
14:48:57.215 [JavaFX Application Thread] WARN  FXGLAssetLoaderServi - Failed to load IMAGE
14:48:59.247 [JavaFX Application Thread] WARN  FXGLAssetLoaderServi - Asset "/assets/textures/orange_particle.png" was not found!
14:48:59.247 [JavaFX Application Thread] WARN  FXGLAssetLoaderServi - Failed to load IMAGE
14:48:59.779 [JavaFX Application Thread] DEBUG PrimaryStageWindow   - Push state: DialogSubScene
14:48:59.779 [JavaFX Application Thread] DEBUG Input                - Clearing active input actions
14:48:59.779 [JavaFX Application Thread] DEBUG GameApplicationServi - Removing overlay from GameScene and adding to DialogSubScene
14:48:59.779 [JavaFX Application Thread] DEBUG PrimaryStageWindow   - GameScene -> DialogSubScene
14:49:02.448 [JavaFX Application Thread] DEBUG PrimaryStageWindow   - Pop state: DialogSubScene
14:49:02.448 [JavaFX Application Thread] DEBUG Input                - Clearing active input actions
14:49:02.449 [JavaFX Application Thread] DEBUG GameApplicationServi - Removing overlay from DialogSubScene and adding to GameScene
14:49:02.449 [JavaFX Application Thread] DEBUG PrimaryStageWindow   - GameScene <- DialogSubScene
14:49:03.967 [JavaFX Application Thread] WARN  FXGLAssetLoaderServi - Asset "/assets/textures/orange_particle.png" was not found!
14:49:03.967 [JavaFX Application Thread] WARN  FXGLAssetLoaderServi - Failed to load IMAGE
14:49:06.040 [JavaFX Application Thread] WARN  FXGLAssetLoaderServi - Asset "/assets/textures/orange_particle.png" was not found!
14:49:06.040 [JavaFX Application Thread] WARN  FXGLAssetLoaderServi - Failed to load IMAGE
14:49:08.048 [JavaFX Application Thread] WARN  FXGLAssetLoaderServi - Asset "/assets/textures/orange_particle.png" was not found!
14:49:08.048 [JavaFX Application Thread] WARN  FXGLAssetLoaderServi - Failed to load IMAGE
14:49:09.122 [JavaFX Application Thread] DEBUG PrimaryStageWindow   - Push state: DialogSubScene
14:49:09.122 [JavaFX Application Thread] DEBUG Input                - Clearing active input actions
14:49:09.122 [JavaFX Application Thread] DEBUG GameApplicationServi - Removing overlay from GameScene and adding to DialogSubScene
14:49:09.122 [JavaFX Application Thread] DEBUG PrimaryStageWindow   - GameScene -> DialogSubScene
14:49:10.297 [JavaFX Application Thread] DEBUG PrimaryStageWindow   - Pop state: DialogSubScene
14:49:10.297 [JavaFX Application Thread] DEBUG Input                - Clearing active input actions
14:49:10.297 [JavaFX Application Thread] DEBUG GameApplicationServi - Removing overlay from DialogSubScene and adding to GameScene
14:49:10.297 [JavaFX Application Thread] DEBUG PrimaryStageWindow   - GameScene <- DialogSubScene
14:49:11.216 [JavaFX Application Thread] WARN  FXGLAssetLoaderServi - Asset "/assets/textures/orange_particle.png" was not found!
14:49:11.216 [JavaFX Application Thread] WARN  FXGLAssetLoaderServi - Failed to load IMAGE
14:49:13.319 [JavaFX Application Thread] WARN  FXGLAssetLoaderServi - Asset "/assets/textures/orange_particle.png" was not found!
14:49:13.319 [JavaFX Application Thread] WARN  FXGLAssetLoaderServi - Failed to load IMAGE
14:49:15.392 [JavaFX Application Thread] WARN  FXGLAssetLoaderServi - Asset "/assets/textures/orange_particle.png" was not found!
14:49:15.392 [JavaFX Application Thread] WARN  FXGLAssetLoaderServi - Failed to load IMAGE
14:49:17.421 [JavaFX Application Thread] WARN  FXGLAssetLoaderServi - Asset "/assets/textures/orange_particle.png" was not found!
14:49:17.421 [JavaFX Application Thread] WARN  FXGLAssetLoaderServi - Failed to load IMAGE
14:49:19.480 [JavaFX Application Thread] WARN  FXGLAssetLoaderServi - Asset "/assets/textures/orange_particle.png" was not found!
14:49:19.480 [JavaFX Application Thread] WARN  FXGLAssetLoaderServi - Failed to load IMAGE
14:49:19.997 [JavaFX Application Thread] DEBUG PrimaryStageWindow   - Push state: DialogSubScene
14:49:19.997 [JavaFX Application Thread] DEBUG Input                - Clearing active input actions
14:49:19.998 [JavaFX Application Thread] DEBUG GameApplicationServi - Removing overlay from GameScene and adding to DialogSubScene
14:49:19.998 [JavaFX Application Thread] DEBUG PrimaryStageWindow   - GameScene -> DialogSubScene
14:49:21.049 [JavaFX Application Thread] DEBUG PrimaryStageWindow   - Pop state: DialogSubScene
14:49:21.049 [JavaFX Application Thread] DEBUG Input                - Clearing active input actions
14:49:21.049 [JavaFX Application Thread] DEBUG GameApplicationServi - Removing overlay from DialogSubScene and adding to GameScene
14:49:21.049 [JavaFX Application Thread] DEBUG PrimaryStageWindow   - GameScene <- DialogSubScene
14:49:22.511 [JavaFX Application Thread] WARN  FXGLAssetLoaderServi - Asset "/assets/textures/orange_particle.png" was not found!
14:49:22.512 [JavaFX Application Thread] WARN  FXGLAssetLoaderServi - Failed to load IMAGE
14:49:24.544 [JavaFX Application Thread] WARN  FXGLAssetLoaderServi - Asset "/assets/textures/orange_particle.png" was not found!
14:49:24.544 [JavaFX Application Thread] WARN  FXGLAssetLoaderServi - Failed to load IMAGE
14:49:26.544 [JavaFX Application Thread] WARN  FXGLAssetLoaderServi - Asset "/assets/textures/orange_particle.png" was not found!
14:49:26.544 [JavaFX Application Thread] WARN  FXGLAssetLoaderServi - Failed to load IMAGE
14:49:28.662 [JavaFX Application Thread] WARN  FXGLAssetLoaderServi - Asset "/assets/textures/orange_particle.png" was not found!
14:49:28.662 [JavaFX Application Thread] WARN  FXGLAssetLoaderServi - Failed to load IMAGE
14:49:30.737 [JavaFX Application Thread] WARN  FXGLAssetLoaderServi - Asset "/assets/textures/orange_particle.png" was not found!
14:49:30.737 [JavaFX Application Thread] WARN  FXGLAssetLoaderServi - Failed to load IMAGE
14:49:32.086 [JavaFX Application Thread] DEBUG PrimaryStageWindow   - Push state: DialogSubScene
14:49:32.086 [JavaFX Application Thread] DEBUG Input                - Clearing active input actions
14:49:32.086 [JavaFX Application Thread] DEBUG GameApplicationServi - Removing overlay from GameScene and adding to DialogSubScene
14:49:32.086 [JavaFX Application Thread] DEBUG PrimaryStageWindow   - GameScene -> DialogSubScene
14:49:33.440 [JavaFX Application Thread] DEBUG PrimaryStageWindow   - Pop state: DialogSubScene
14:49:33.440 [JavaFX Application Thread] DEBUG Input                - Clearing active input actions
14:49:33.441 [JavaFX Application Thread] DEBUG GameApplicationServi - Removing overlay from DialogSubScene and adding to GameScene
14:49:33.441 [JavaFX Application Thread] DEBUG PrimaryStageWindow   - GameScene <- DialogSubScene
14:49:33.441 [JavaFX Application Thread] WARN  FXGLAssetLoaderServi - Asset "/assets/textures/particles/spark.png" was not found!
14:49:33.441 [JavaFX Application Thread] WARN  FXGLAssetLoaderServi - Failed to load RESIZABLE_IMAGE
14:49:34.303 [JavaFX Application Thread] WARN  FXGLAssetLoaderServi - Asset "/assets/textures/orange_particle.png" was not found!
14:49:34.303 [JavaFX Application Thread] WARN  FXGLAssetLoaderServi - Failed to load IMAGE
14:49:36.321 [JavaFX Application Thread] WARN  FXGLAssetLoaderServi - Asset "/assets/textures/orange_particle.png" was not found!
14:49:36.321 [JavaFX Application Thread] WARN  FXGLAssetLoaderServi - Failed to load IMAGE
14:49:38.366 [JavaFX Application Thread] WARN  FXGLAssetLoaderServi - Asset "/assets/textures/orange_particle.png" was not found!
14:49:38.366 [JavaFX Application Thread] WARN  FXGLAssetLoaderServi - Failed to load IMAGE
14:49:40.593 [JavaFX Application Thread] WARN  FXGLAssetLoaderServi - Asset "/assets/textures/orange_particle.png" was not found!
14:49:40.593 [JavaFX Application Thread] WARN  FXGLAssetLoaderServi - Failed to load IMAGE
14:49:42.896 [JavaFX Application Thread] WARN  FXGLAssetLoaderServi - Asset "/assets/textures/orange_particle.png" was not found!
14:49:42.896 [JavaFX Application Thread] WARN  FXGLAssetLoaderServi - Failed to load IMAGE
14:49:44.505 [JavaFX Application Thread] DEBUG PrimaryStageWindow   - Push state: DialogSubScene
14:49:44.505 [JavaFX Application Thread] DEBUG Input                - Clearing active input actions
14:49:44.505 [JavaFX Application Thread] DEBUG GameApplicationServi - Removing overlay from GameScene and adding to DialogSubScene
14:49:44.505 [JavaFX Application Thread] DEBUG PrimaryStageWindow   - GameScene -> DialogSubScene
14:50:05.473 [JavaFX Application Thread] DEBUG FXGLApplication      - Exiting FXGL
14:50:05.473 [JavaFX Application Thread] DEBUG LoopRunner           - Stopping loop
14:50:05.473 [JavaFX Application Thread] DEBUG SystemBundleService  - Saving FXGL system data
14:50:05.474 [JavaFX Application Thread] DEBUG FileSystemAccess     - Writing to: C:\Users\kurtd\IdeaProjects\TheOnlyException\system\fxgl.bundle
14:50:05.476 [JavaFX Application Thread] DEBUG Async                - Shutting down background threads
14:50:05.476 [JavaFX Application Thread] DEBUG PrimaryStageWindow   - Closing main window
14:50:05.490 [JavaFX Application Thread] DEBUG Logger               - Closing Logger
