22:16:40.288 [main                     ] DEBUG Logger               - Configured Logger
22:16:40.301 [main                     ] DEBUG GameApplication      - Logging settings
Title: Prototype
Version: 0.1.5
Width: 1280
Height: 720
Fullscreen: false
Intro: false
Profiling: false
Single step:false
App Mode: DEVELOPER
Menu Key: ESCAPE
Stage Style: DECORATED
Scene Factory: class org.example.GameApp$1

22:16:41.497 [JavaFX Application Thread] DEBUG FXGLApplication      - Initializing FXGL
22:16:41.508 [JavaFX Application Thread] INFO  Engine               - FXGL-17+dev-SNAPSHOT (01.09.2022 03.33) on WINDOWS (J:24 FX:18)
22:16:41.508 [JavaFX Application Thread] DEBUG Engine               - JRE Vendor Name: Oracle Corporation
22:16:41.509 [JavaFX Application Thread] DEBUG Engine               - Running on OS: Windows 11 version 10.0
22:16:41.509 [JavaFX Application Thread] DEBUG Engine               - Architecture: amd64
22:16:41.509 [JavaFX Application Thread] INFO  Engine               - Source code and latest versions at: https://github.com/AlmasB/FXGL
22:16:41.511 [JavaFX Application Thread] INFO  Engine               -       Ask questions and discuss at: https://github.com/AlmasB/FXGL/discussions
22:16:41.511 [JavaFX Application Thread] INFO  Engine               -              Join the FXGL chat at: https://gitter.im/AlmasB/FXGL
22:16:42.060 [JavaFX Application Thread] DEBUG PrimaryStageWindow   - Creating a JavaFX scene
22:16:42.061 [JavaFX Application Thread] DEBUG PrimaryStageWindow   - Target size > screen size
22:16:42.240 [JavaFX Application Thread] DEBUG PrimaryStageWindow   - Target settings size: 1280.0 x 720.0
22:16:42.241 [JavaFX Application Thread] DEBUG PrimaryStageWindow   - Scaled scene size:    1169.0 x 671.0
22:16:42.242 [JavaFX Application Thread] DEBUG PrimaryStageWindow   - Scaled ratio: (0.91328125, 0.9319444444444445)
22:16:42.250 [JavaFX Application Thread] DEBUG PrimaryStageWindow   - Set initial scene to FXGLStartupScene
22:16:42.296 [JavaFX Application Thread] DEBUG PrimaryStageWindow   - Opening main window
22:16:42.634 [JavaFX Application Thread] DEBUG PrimaryStageWindow   - Window border size: (15.0, 37.66668701171875)
22:16:42.635 [JavaFX Application Thread] DEBUG PrimaryStageWindow   - Scaled size: 1169.0 x 671.0
22:16:42.636 [JavaFX Application Thread] DEBUG PrimaryStageWindow   - Scaled ratio: (0.91328125, 0.9319444444444445)
22:16:42.637 [JavaFX Application Thread] DEBUG PrimaryStageWindow   - Scene size: 1169.0 x 671.0
22:16:42.637 [JavaFX Application Thread] DEBUG PrimaryStageWindow   - Stage size: 1184.0 x 708.6666870117188
22:16:42.672 [FXGL Background Thread 1 ] DEBUG Engine               - Initializing environment variables
22:16:42.836 [FXGL Background Thread 1 ] DEBUG FXGLAssetLoaderServi - User app class for loading assets: class org.example.GameApp
22:16:42.838 [FXGL Background Thread 1 ] DEBUG GameApplicationServi - Applying CSS: fxgl_dark.css
22:16:42.844 [FXGL Background Thread 1 ] DEBUG FXGLAssetLoaderServi - Loading from file system: jar:file:/C:/Users/ginac/.m2/repository/com/github/AlmasB/FXGL/fxgl/17.2/fxgl-17.2.jar!/fxglassets/ui/css/fxgl_dark.css
22:16:43.040 [FXGL Background Thread 1 ] DEBUG GameApplicationServi - Initializing application scenes
22:16:43.247 [FXGL Background Thread 1 ] DEBUG GameWorld            - Game world initialized
22:16:43.451 [FXGL Background Thread 1 ] DEBUG PhysicsWorld         - Physics world initialized: appHeight=720, physics.ppm=50.0
22:16:43.452 [FXGL Background Thread 1 ] DEBUG PhysicsWorld         - Using strategy: BRUTE_FORCE
22:16:43.464 [FXGL Background Thread 1 ] DEBUG GameScene            - Game scene initialized: 1280x720
22:16:43.571 [FXGL Background Thread 1 ] DEBUG FXGL.DefaultMenu     - createMenuBodyGameMenu()
22:16:43.610 [FXGL Background Thread 1 ] DEBUG FXGL.DefaultMenu     - createOptionsMenu()
22:16:43.646 [FXGL Background Thread 1 ] DEBUG FXGLAssetLoaderServi - Loading from file system: jar:file:/C:/Users/ginac/.m2/repository/com/github/AlmasB/FXGL/fxgl/17.2/fxgl-17.2.jar!/fxglassets/textures/particles/smoke.png
22:16:43.890 [FXGL Background Thread 1 ] DEBUG FXGLAssetLoaderServi - Loading from file system: jar:file:/C:/Users/ginac/.m2/repository/com/github/AlmasB/FXGL/fxgl/17.2/fxgl-17.2.jar!/fxglassets/textures/particles/trace_horizontal.png
22:16:43.993 [FXGL Background Thread 1 ] DEBUG GameApplicationServi - Application scenes initialized
22:16:44.023 [FXGL Background Thread 1 ] DEBUG SystemBundleService  - Loading FXGL system data
22:16:44.026 [FXGL Background Thread 1 ] DEBUG FileSystemAccess     - Reading from: C:\Users\ginac\IdeaProjects\TheOnlyException\system\fxgl.bundle
22:16:44.032 [FXGL Background Thread 1 ] DEBUG SystemBundleService  - Bundle FXGL: {}
22:16:44.032 [FXGL Background Thread 1 ] DEBUG UpdaterService       - Checking for updates
22:16:44.043 [FXGL Background Thread 4 ] DEBUG FXGLApplication      - Loading fonts
22:16:44.044 [FXGL Background Thread 4 ] DEBUG FXGLAssetLoaderServi - Loading from file system: jar:file:/C:/Users/ginac/.m2/repository/com/github/AlmasB/FXGL/fxgl-samples/17.2/fxgl-samples-17.2.jar!/assets/ui/fonts/VarelaRound-Regular.ttf
22:16:44.044 [FXGL Background Thread 1 ] DEBUG FXGLApplication      - Loading default localization
22:16:44.046 [FXGL Background Thread 1 ] DEBUG FXGLAssetLoaderServi - Loading from file system: jar:file:/C:/Users/ginac/.m2/repository/com/github/AlmasB/FXGL/fxgl/17.2/fxgl-17.2.jar!/fxglassets/languages/english.lang
22:16:44.078 [FXGL Background Thread 4 ] DEBUG FXGLAssetLoaderServi - Loading from file system: jar:file:/C:/Users/ginac/.m2/repository/com/github/AlmasB/FXGL/fxgl/17.2/fxgl-17.2.jar!/fxglassets/ui/fonts/Abel-Regular.ttf
22:16:44.090 [FXGL Background Thread 4 ] DEBUG FXGLAssetLoaderServi - Loading from file system: jar:file:/C:/Users/ginac/.m2/repository/com/github/AlmasB/FXGL/fxgl/17.2/fxgl-17.2.jar!/fxglassets/ui/fonts/TerminalLandMono-Regular.otf
22:16:44.101 [FXGL Background Thread 1 ] INFO  FXGLApplication      - FXGL initialization took: 1.429 sec
22:16:44.105 [FXGL Background Thread 4 ] DEBUG FXGLAssetLoaderServi - Loading from file system: jar:file:/C:/Users/ginac/.m2/repository/com/github/AlmasB/FXGL/fxgl/17.2/fxgl-17.2.jar!/fxglassets/ui/fonts/Courier-Prime.ttf
22:16:44.126 [JavaFX Application Thread] DEBUG Input                - Registered new binding: action0 - A
22:16:44.127 [JavaFX Application Thread] DEBUG Input                - Registered new binding: action1 - D
22:16:44.128 [JavaFX Application Thread] DEBUG Input                - Registered new binding: action2 - W
22:16:44.130 [JavaFX Application Thread] DEBUG Input                - Registered new binding: action3 - S
22:16:44.131 [JavaFX Application Thread] DEBUG FXGLAssetLoaderServi - Loading from file system: jar:file:/C:/Users/ginac/.m2/repository/com/github/AlmasB/FXGL/fxgl/17.2/fxgl-17.2.jar!/fxglassets/textures/fxgl_icon.png
22:16:44.203 [JavaFX Application Thread] DEBUG FXGLAssetLoaderServi - Loading from file system: jar:file:/C:/Users/ginac/.m2/repository/com/github/AlmasB/FXGL/fxgl/17.2/fxgl-17.2.jar!/fxglassets/textures/fxgl_default_cursor.png
22:16:44.210 [JavaFX Application Thread] DEBUG Input                - Registered new binding: Screenshot - CTRL+8
22:16:44.211 [JavaFX Application Thread] DEBUG Input                - Registered new binding: System info dump - CTRL+9
22:16:44.213 [JavaFX Application Thread] DEBUG Input                - Registered new binding: Restart - CTRL+R
22:16:44.215 [JavaFX Application Thread] DEBUG Input                - Registered new binding: Toggle Debug Camera - CTRL+7
22:16:44.221 [JavaFX Application Thread] DEBUG LoopRunner           - Starting loop
22:16:44.221 [JavaFX Application Thread] DEBUG LoopRunner           - Initializing JavaFX AnimationTimerLoop
22:16:44.227 [JavaFX Application Thread] DEBUG Input                - Clearing active input actions
22:16:44.238 [JavaFX Application Thread] DEBUG GameApplicationServi - Removing overlay from FXGLStartupScene and adding to FXGLMainMenuDummyScene
22:16:44.239 [JavaFX Application Thread] DEBUG PrimaryStageWindow   - FXGLStartupScene -> FXGLMainMenuDummyScene
22:16:44.239 [JavaFX Application Thread] DEBUG PrimaryStageWindow   - Push state: NameInputScene
22:16:44.239 [JavaFX Application Thread] DEBUG Input                - Clearing active input actions
22:16:44.269 [JavaFX Application Thread] DEBUG GameApplicationServi - Removing overlay from FXGLMainMenuDummyScene and adding to NameInputScene
22:16:44.271 [JavaFX Application Thread] DEBUG PrimaryStageWindow   - FXGLMainMenuDummyScene -> NameInputScene
22:16:44.276 [JavaFX Application Thread] DEBUG FXGLApplication      - Registering font factories with UI factory
22:16:45.432 [FXGL Background Thread 2 ] INFO  UpdaterService       - Your current version:  17+dev-SNAPSHOT
22:16:45.432 [FXGL Background Thread 2 ] INFO  UpdaterService       - Latest stable version: 21.1
22:16:47.038 [FXGL Background Thread 3 ] DEBUG Engine               - Logging environment variables
22:16:47.039 [FXGL Background Thread 3 ] DEBUG Engine               - achievements: []
22:16:47.039 [FXGL Background Thread 3 ] DEBUG Engine               - actualHeight: 671.0
22:16:47.039 [FXGL Background Thread 3 ] DEBUG Engine               - actualHeightProperty: ReadOnlyDoubleProperty [value: 671.0]
22:16:47.040 [FXGL Background Thread 3 ] DEBUG Engine               - actualWidth: 1169.0
22:16:47.040 [FXGL Background Thread 3 ] DEBUG Engine               - actualWidthProperty: ReadOnlyDoubleProperty [value: 1169.0]
22:16:47.040 [FXGL Background Thread 3 ] DEBUG Engine               - appIcon: fxgl_icon.png
22:16:47.040 [FXGL Background Thread 3 ] DEBUG Engine               - applicationMode: DEVELOPER
22:16:47.040 [FXGL Background Thread 3 ] DEBUG Engine               - cSSList: [fxgl_dark.css]
22:16:47.040 [FXGL Background Thread 3 ] DEBUG Engine               - collisionDetectionStrategy: BRUTE_FORCE
22:16:47.040 [FXGL Background Thread 3 ] DEBUG Engine               - configClass: Optional.empty
22:16:47.040 [FXGL Background Thread 3 ] DEBUG Engine               - credits: []
22:16:47.041 [FXGL Background Thread 3 ] DEBUG Engine               - defaultCursor: CursorInfo(imageName=fxgl_default_cursor.png, hotspotX=7.0, hotspotY=6.0)
22:16:47.042 [FXGL Background Thread 3 ] DEBUG Engine               - devBBoxColorProperty: ObjectProperty [value: 0xff0000ff]
22:16:47.042 [FXGL Background Thread 3 ] DEBUG Engine               - devEnableDebugCameraProperty: BooleanProperty [value: false]
22:16:47.042 [FXGL Background Thread 3 ] DEBUG Engine               - devSensorColorProperty: ObjectProperty [value: 0xffff00ff]
22:16:47.042 [FXGL Background Thread 3 ] DEBUG Engine               - devShowBBoxProperty: BooleanProperty [value: false]
22:16:47.042 [FXGL Background Thread 3 ] DEBUG Engine               - devShowPositionProperty: BooleanProperty [value: false]
22:16:47.042 [FXGL Background Thread 3 ] DEBUG Engine               - enabledMenuItems: []
22:16:47.043 [FXGL Background Thread 3 ] DEBUG Engine               - engineServices: [class com.almasb.fxgl.app.services.FXGLAssetLoaderService, class com.almasb.fxgl.app.FXGLApplication$GameApplicationService, class com.almasb.fxgl.app.services.FXGLDialogService, class com.almasb.fxgl.app.services.IOTaskExecutorService, class com.almasb.fxgl.io.FileSystemService, class com.almasb.fxgl.localization.LocalizationService, class com.almasb.fxgl.app.services.SystemBundleService, class com.almasb.fxgl.profile.SaveLoadService, class com.almasb.fxgl.ui.FXGLUIFactoryServiceProvider, class com.almasb.fxgl.ui.FXGLDialogFactoryServiceProvider, class com.almasb.fxgl.audio.AudioPlayer, class com.almasb.fxgl.notification.impl.NotificationServiceProvider, class com.almasb.fxgl.achievement.AchievementService, class com.almasb.fxgl.cutscene.CutsceneService, class com.almasb.fxgl.minigames.MiniGameService, class com.almasb.fxgl.net.NetService, class com.almasb.fxgl.app.services.UpdaterService, class com.almasb.fxgl.dev.DevService]
22:16:47.043 [FXGL Background Thread 3 ] DEBUG Engine               - fontGame: Abel-Regular.ttf
22:16:47.043 [FXGL Background Thread 3 ] DEBUG Engine               - fontMono: TerminalLandMono-Regular.otf
22:16:47.043 [FXGL Background Thread 3 ] DEBUG Engine               - fontText: Courier-Prime.ttf
22:16:47.043 [FXGL Background Thread 3 ] DEBUG Engine               - fontUI: VarelaRound-Regular.ttf
22:16:47.043 [FXGL Background Thread 3 ] DEBUG Engine               - fullScreen: BooleanProperty [value: false]
22:16:47.043 [FXGL Background Thread 3 ] DEBUG Engine               - gameDifficulty: MEDIUM
22:16:47.044 [FXGL Background Thread 3 ] DEBUG Engine               - gameDifficultyProperty: ObjectProperty [value: MEDIUM]
22:16:47.044 [FXGL Background Thread 3 ] DEBUG Engine               - globalMusicVolume: 0.5
22:16:47.044 [FXGL Background Thread 3 ] DEBUG Engine               - globalMusicVolumeProperty: DoubleProperty [value: 0.5]
22:16:47.044 [FXGL Background Thread 3 ] DEBUG Engine               - globalSoundVolume: 0.5
22:16:47.044 [FXGL Background Thread 3 ] DEBUG Engine               - globalSoundVolumeProperty: DoubleProperty [value: 0.5]
22:16:47.044 [FXGL Background Thread 3 ] DEBUG Engine               - height: 720
22:16:47.045 [FXGL Background Thread 3 ] DEBUG Engine               - is3D: false
22:16:47.045 [FXGL Background Thread 3 ] DEBUG Engine               - isAndroid: false
22:16:47.045 [FXGL Background Thread 3 ] DEBUG Engine               - isBrowser: false
22:16:47.045 [FXGL Background Thread 3 ] DEBUG Engine               - isClickFeedbackEnabled: false
22:16:47.045 [FXGL Background Thread 3 ] DEBUG Engine               - isCloseConfirmation: false
22:16:47.045 [FXGL Background Thread 3 ] DEBUG Engine               - isDesktop: true
22:16:47.045 [FXGL Background Thread 3 ] DEBUG Engine               - isDeveloperMenuEnabled: false
22:16:47.046 [FXGL Background Thread 3 ] DEBUG Engine               - isEmbedded: false
22:16:47.046 [FXGL Background Thread 3 ] DEBUG Engine               - isEntityPreloadEnabled: true
22:16:47.046 [FXGL Background Thread 3 ] DEBUG Engine               - isExperimentalTiledLargeMap: false
22:16:47.046 [FXGL Background Thread 3 ] DEBUG Engine               - isFileSystemWriteAllowed: true
22:16:47.046 [FXGL Background Thread 3 ] DEBUG Engine               - isFullScreenAllowed: false
22:16:47.046 [FXGL Background Thread 3 ] DEBUG Engine               - isFullScreenFromStart: false
22:16:47.046 [FXGL Background Thread 3 ] DEBUG Engine               - isGameMenuEnabled: true
22:16:47.048 [FXGL Background Thread 3 ] DEBUG Engine               - isIOS: false
22:16:47.048 [FXGL Background Thread 3 ] DEBUG Engine               - isIntroEnabled: false
22:16:47.048 [FXGL Background Thread 3 ] DEBUG Engine               - isLinux: false
22:16:47.048 [FXGL Background Thread 3 ] DEBUG Engine               - isMac: false
22:16:47.048 [FXGL Background Thread 3 ] DEBUG Engine               - isMainMenuEnabled: true
22:16:47.049 [FXGL Background Thread 3 ] DEBUG Engine               - isManualResizeEnabled: false
22:16:47.049 [FXGL Background Thread 3 ] DEBUG Engine               - isMobile: false
22:16:47.049 [FXGL Background Thread 3 ] DEBUG Engine               - isNative: false
22:16:47.049 [FXGL Background Thread 3 ] DEBUG Engine               - isPauseMusicWhenMinimized: true
22:16:47.049 [FXGL Background Thread 3 ] DEBUG Engine               - isPreserveResizeRatio: false
22:16:47.049 [FXGL Background Thread 3 ] DEBUG Engine               - isProfilingEnabled: false
22:16:47.049 [FXGL Background Thread 3 ] DEBUG Engine               - isScaleAffectedOnResize: true
22:16:47.050 [FXGL Background Thread 3 ] DEBUG Engine               - isSingleStep: false
22:16:47.050 [FXGL Background Thread 3 ] DEBUG Engine               - isUserProfileEnabled: false
22:16:47.050 [FXGL Background Thread 3 ] DEBUG Engine               - isWindows: true
22:16:47.050 [FXGL Background Thread 3 ] DEBUG Engine               - language: ObjectProperty [value: ENGLISH]
22:16:47.050 [FXGL Background Thread 3 ] DEBUG Engine               - menuKey: ESCAPE
22:16:47.050 [FXGL Background Thread 3 ] DEBUG Engine               - mouseSensitivity: 0.2
22:16:47.050 [FXGL Background Thread 3 ] DEBUG Engine               - notificationViewClass: class com.almasb.fxgl.notification.view.XboxNotificationView
22:16:47.050 [FXGL Background Thread 3 ] DEBUG Engine               - pixelsPerMeter: 50.0
22:16:47.051 [FXGL Background Thread 3 ] DEBUG Engine               - platform: WINDOWS
22:16:47.051 [FXGL Background Thread 3 ] DEBUG Engine               - prefHeightProperty: ReadOnlyDoubleProperty [value: 720.0]
22:16:47.051 [FXGL Background Thread 3 ] DEBUG Engine               - prefWidthProperty: ReadOnlyDoubleProperty [value: 1280.0]
22:16:47.051 [FXGL Background Thread 3 ] DEBUG Engine               - profileDir: profiles/
22:16:47.051 [FXGL Background Thread 3 ] DEBUG Engine               - profileName: StringProperty [value: DEFAULT]
22:16:47.051 [FXGL Background Thread 3 ] DEBUG Engine               - randomSeed: -1
22:16:47.052 [FXGL Background Thread 3 ] DEBUG Engine               - runtimeInfo: RuntimeInfo(platform=WINDOWS, version=17+dev-SNAPSHOT, build=01.09.2022 03.33)
22:16:47.052 [FXGL Background Thread 3 ] DEBUG Engine               - saveFileExt: sav
22:16:47.052 [FXGL Background Thread 3 ] DEBUG Engine               - scaledHeightProp$fxgl: DoubleProperty [bound, value: 671.0]
22:16:47.052 [FXGL Background Thread 3 ] DEBUG Engine               - scaledWidthProp$fxgl: DoubleProperty [bound, value: 1169.0]
22:16:47.052 [FXGL Background Thread 3 ] DEBUG Engine               - sceneFactory: org.example.GameApp$1@204bb5be
22:16:47.053 [FXGL Background Thread 3 ] DEBUG Engine               - secondsIn24h: 60
22:16:47.053 [FXGL Background Thread 3 ] DEBUG Engine               - soundMenuBack: menu/back.wav
22:16:47.053 [FXGL Background Thread 3 ] DEBUG Engine               - soundMenuPress: menu/press.wav
22:16:47.053 [FXGL Background Thread 3 ] DEBUG Engine               - soundMenuSelect: menu/select.wav
22:16:47.053 [FXGL Background Thread 3 ] DEBUG Engine               - soundNotification: core/notification.wav
22:16:47.053 [FXGL Background Thread 3 ] DEBUG Engine               - stageStyle: DECORATED
22:16:47.053 [FXGL Background Thread 3 ] DEBUG Engine               - supportedLanguages: [ENGLISH, FRENCH, GERMAN, HUNGARIAN, RUSSIAN]
22:16:47.053 [FXGL Background Thread 3 ] DEBUG Engine               - ticksPerSecond: -1
22:16:47.053 [FXGL Background Thread 3 ] DEBUG Engine               - title: Prototype
22:16:47.053 [FXGL Background Thread 3 ] DEBUG Engine               - urlGithub: https://github.com/AlmasB/FXGL
22:16:47.053 [FXGL Background Thread 3 ] DEBUG Engine               - urlLeaderboard: http://fxgl-top.herokuapp.com/
22:16:47.053 [FXGL Background Thread 3 ] DEBUG Engine               - urlPOM: https://raw.githubusercontent.com/AlmasB/FXGL/release/README.md
22:16:47.053 [FXGL Background Thread 3 ] DEBUG Engine               - userAppClass: class org.example.GameApp
22:16:47.054 [FXGL Background Thread 3 ] DEBUG Engine               - version: 0.1.5
22:16:47.054 [FXGL Background Thread 3 ] DEBUG Engine               - versionCheckDays: 7
22:16:47.054 [FXGL Background Thread 3 ] DEBUG Engine               - width: 1280
22:16:47.054 [FXGL Background Thread 3 ] DEBUG Engine               - Logging services
22:16:47.054 [FXGL Background Thread 3 ] DEBUG Engine               - class com.almasb.fxgl.app.services.FXGLAssetLoaderService
22:16:47.054 [FXGL Background Thread 3 ] DEBUG Engine               - class com.almasb.fxgl.app.FXGLApplication$GameApplicationService
22:16:47.054 [FXGL Background Thread 3 ] DEBUG Engine               - class com.almasb.fxgl.app.services.FXGLDialogService
22:16:47.054 [FXGL Background Thread 3 ] DEBUG Engine               - class com.almasb.fxgl.app.services.IOTaskExecutorService
22:16:47.055 [FXGL Background Thread 3 ] DEBUG Engine               - class com.almasb.fxgl.io.FileSystemService
22:16:47.055 [FXGL Background Thread 3 ] DEBUG Engine               - class com.almasb.fxgl.localization.LocalizationService
22:16:47.055 [FXGL Background Thread 3 ] DEBUG Engine               - class com.almasb.fxgl.app.services.SystemBundleService
22:16:47.055 [FXGL Background Thread 3 ] DEBUG Engine               - class com.almasb.fxgl.profile.SaveLoadService
22:16:47.055 [FXGL Background Thread 3 ] DEBUG Engine               - class com.almasb.fxgl.ui.FXGLUIFactoryServiceProvider
22:16:47.055 [FXGL Background Thread 3 ] DEBUG Engine               - class com.almasb.fxgl.ui.FXGLDialogFactoryServiceProvider
22:16:47.055 [FXGL Background Thread 3 ] DEBUG Engine               - class com.almasb.fxgl.audio.AudioPlayer
22:16:47.055 [FXGL Background Thread 3 ] DEBUG Engine               - class com.almasb.fxgl.notification.impl.NotificationServiceProvider
22:16:47.055 [FXGL Background Thread 3 ] DEBUG Engine               - class com.almasb.fxgl.achievement.AchievementService
22:16:47.055 [FXGL Background Thread 3 ] DEBUG Engine               - class com.almasb.fxgl.cutscene.CutsceneService
22:16:47.056 [FXGL Background Thread 3 ] DEBUG Engine               - class com.almasb.fxgl.minigames.MiniGameService
22:16:47.056 [FXGL Background Thread 3 ] DEBUG Engine               - class com.almasb.fxgl.net.NetService
22:16:47.056 [FXGL Background Thread 3 ] DEBUG Engine               - class com.almasb.fxgl.app.services.UpdaterService
22:16:47.056 [FXGL Background Thread 3 ] DEBUG Engine               - class com.almasb.fxgl.dev.DevService
22:16:55.888 [JavaFX Application Thread] DEBUG FXGLApplication      - Exiting FXGL
22:16:55.889 [JavaFX Application Thread] DEBUG LoopRunner           - Stopping loop
22:16:55.889 [JavaFX Application Thread] DEBUG SystemBundleService  - Saving FXGL system data
22:16:55.893 [JavaFX Application Thread] DEBUG FileSystemAccess     - Writing to: C:\Users\ginac\IdeaProjects\TheOnlyException\system\fxgl.bundle
22:16:55.896 [JavaFX Application Thread] DEBUG Async                - Shutting down background threads
22:16:55.911 [JavaFX Application Thread] DEBUG PrimaryStageWindow   - Closing main window
22:16:55.949 [JavaFX Application Thread] DEBUG Logger               - Closing Logger
