16:49:34.154 [main                     ] DEBUG Logger               - Configured Logger
16:49:34.161 [main                     ] DEBUG GameApplication      - Logging settings
Title: Prototype Game
Version: 0.1.5
Width: 1280
Height: 720
Fullscreen: false
Intro: false
Profiling: false
Single step:false
App Mode: DEVELOPER
Menu Key: ESCAPE
Stage Style: DECORATED
Scene Factory: class org.example.core.GameApp$1

16:49:34.384 [JavaFX Application Thread] DEBUG FXGLApplication      - Initializing FXGL
16:49:34.387 [JavaFX Application Thread] INFO  Engine               - FXGL-21+dev-SNAPSHOT (26.03.2024 21.04) on WINDOWS (J:24 FX:21.0.1)
16:49:34.387 [JavaFX Application Thread] DEBUG Engine               - JRE Vendor Name: Oracle Corporation
16:49:34.387 [JavaFX Application Thread] DEBUG Engine               - Running on OS: Windows 11 version 10.0
16:49:34.387 [JavaFX Application Thread] DEBUG Engine               - Architecture: amd64
16:49:34.387 [JavaFX Application Thread] INFO  Engine               - Source code and latest versions at: https://github.com/AlmasB/FXGL
16:49:34.387 [JavaFX Application Thread] INFO  Engine               -       Ask questions and discuss at: https://github.com/AlmasB/FXGL/discussions
16:49:34.389 [JavaFX Application Thread] INFO  Engine               -              Join the FXGL chat at: https://gitter.im/AlmasB/FXGL
16:49:34.667 [JavaFX Application Thread] DEBUG PrimaryStageWindow   - Creating a JavaFX scene
16:49:34.768 [JavaFX Application Thread] DEBUG PrimaryStageWindow   - Target settings size: 1280.0 x 720.0
16:49:34.768 [JavaFX Application Thread] DEBUG PrimaryStageWindow   - Scaled scene size:    1280.0 x 720.0
16:49:34.768 [JavaFX Application Thread] DEBUG PrimaryStageWindow   - Scaled ratio: (1.0, 1.0)
16:49:34.772 [JavaFX Application Thread] DEBUG PrimaryStageWindow   - Set initial scene to FXGLStartupScene
16:49:34.782 [JavaFX Application Thread] DEBUG PrimaryStageWindow   - Opening main window
16:49:34.979 [JavaFX Application Thread] DEBUG PrimaryStageWindow   - Window border size: (14.4000244140625, 37.5999755859375)
16:49:34.980 [JavaFX Application Thread] DEBUG PrimaryStageWindow   - Scaled size: 1280.0 x 720.0
16:49:34.981 [JavaFX Application Thread] DEBUG PrimaryStageWindow   - Scaled ratio: (1.0, 1.0)
16:49:34.981 [JavaFX Application Thread] DEBUG PrimaryStageWindow   - Scene size: 1280.0 x 720.0
16:49:34.981 [JavaFX Application Thread] DEBUG PrimaryStageWindow   - Stage size: 1294.4000244140625 x 757.5999755859375
16:49:35.008 [FXGL Background Thread 1 ] DEBUG Engine               - Initializing environment variables
16:49:35.100 [FXGL Background Thread 1 ] DEBUG FXGLAssetLoaderServi - User app class for loading assets: class org.example.core.GameApp
16:49:35.101 [FXGL Background Thread 1 ] DEBUG GameApplicationServi - Applying CSS: fxgl_dark.css
16:49:35.103 [FXGL Background Thread 1 ] DEBUG FXGLAssetLoaderServi - Loading from file system: jar:file:/C:/Users/ginac/.m2/repository/com/github/AlmasB/FXGL/fxgl/21.1/fxgl-21.1.jar!/fxglassets/ui/css/fxgl_dark.css
16:49:35.216 [FXGL Background Thread 1 ] DEBUG GameApplicationServi - Initializing application scenes
16:49:35.295 [FXGL Background Thread 1 ] DEBUG GameWorld            - Game world initialized
16:49:35.428 [FXGL Background Thread 1 ] DEBUG PhysicsWorld         - Physics world initialized: appHeight=720, physics.ppm=50.0
16:49:35.428 [FXGL Background Thread 1 ] DEBUG PhysicsWorld         - Using strategy: BRUTE_FORCE
16:49:35.435 [FXGL Background Thread 1 ] DEBUG GameScene            - Game scene initialized: 1280x720
16:49:35.908 [FXGL Background Thread 1 ] DEBUG GameApplicationServi - Application scenes initialized
16:49:35.944 [FXGL Background Thread 1 ] DEBUG SystemBundleService  - Loading FXGL system data
16:49:35.947 [FXGL Background Thread 1 ] DEBUG FileSystemAccess     - Reading from: C:\Users\ginac\IdeaProjects\TheOnlyException3\system\fxgl.bundle
16:49:35.950 [FXGL Background Thread 1 ] DEBUG SystemBundleService  - Bundle FXGL: {}
16:49:35.950 [FXGL Background Thread 1 ] DEBUG UpdaterService       - Checking for updates
16:49:35.958 [FXGL Background Thread 4 ] DEBUG FXGLApplication      - Loading fonts
16:49:35.959 [FXGL Background Thread 4 ] DEBUG FXGLAssetLoaderServi - Loading from file system: jar:file:/C:/Users/ginac/.m2/repository/com/github/AlmasB/FXGL/fxgl-samples/21.1/fxgl-samples-21.1.jar!/assets/ui/fonts/VarelaRound-Regular.ttf
16:49:35.960 [FXGL Background Thread 1 ] DEBUG FXGLApplication      - Loading default localization
16:49:35.961 [FXGL Background Thread 1 ] DEBUG FXGLAssetLoaderServi - Loading from file system: jar:file:/C:/Users/ginac/.m2/repository/com/github/AlmasB/FXGL/fxgl/21.1/fxgl-21.1.jar!/fxglassets/languages/english.lang
16:49:35.972 [FXGL Background Thread 4 ] DEBUG FXGLAssetLoaderServi - Loading from file system: jar:file:/C:/Users/ginac/.m2/repository/com/github/AlmasB/FXGL/fxgl/21.1/fxgl-21.1.jar!/fxglassets/ui/fonts/Abel-Regular.ttf
16:49:35.983 [FXGL Background Thread 4 ] DEBUG FXGLAssetLoaderServi - Loading from file system: jar:file:/C:/Users/ginac/.m2/repository/com/github/AlmasB/FXGL/fxgl/21.1/fxgl-21.1.jar!/fxglassets/ui/fonts/TerminalLandMono-Regular.otf
16:49:35.997 [FXGL Background Thread 4 ] DEBUG FXGLAssetLoaderServi - Loading from file system: jar:file:/C:/Users/ginac/.m2/repository/com/github/AlmasB/FXGL/fxgl/21.1/fxgl-21.1.jar!/fxglassets/ui/fonts/Courier-Prime.ttf
16:49:36.011 [FXGL Background Thread 1 ] INFO  FXGLApplication      - FXGL initialization took: 1.004 sec
16:49:36.039 [JavaFX Application Thread] DEBUG Input                - Registered new binding: action0 - A
16:49:36.039 [JavaFX Application Thread] DEBUG Input                - Registered new binding: action1 - D
16:49:36.041 [JavaFX Application Thread] DEBUG Input                - Registered new binding: action2 - W
16:49:36.042 [JavaFX Application Thread] DEBUG Input                - Registered new binding: action3 - S
16:49:36.042 [JavaFX Application Thread] DEBUG FXGLAssetLoaderServi - Loading from file system: jar:file:/C:/Users/ginac/.m2/repository/com/github/AlmasB/FXGL/fxgl/21.1/fxgl-21.1.jar!/fxglassets/textures/fxgl_icon.png
16:49:36.156 [JavaFX Application Thread] DEBUG FXGLAssetLoaderServi - Loading from file system: jar:file:/C:/Users/ginac/.m2/repository/com/github/AlmasB/FXGL/fxgl/21.1/fxgl-21.1.jar!/fxglassets/textures/fxgl_default_cursor.png
16:49:36.162 [JavaFX Application Thread] DEBUG Input                - Registered new binding: Screenshot - CTRL+8
16:49:36.163 [JavaFX Application Thread] DEBUG Input                - Registered new binding: System info dump - CTRL+9
16:49:36.164 [JavaFX Application Thread] DEBUG Input                - Registered new binding: Restart - CTRL+R
16:49:36.166 [JavaFX Application Thread] DEBUG Input                - Registered new binding: Toggle Debug Camera - CTRL+7
16:49:36.174 [JavaFX Application Thread] DEBUG LoopRunner           - Starting loop
16:49:36.174 [JavaFX Application Thread] DEBUG LoopRunner           - Initializing JavaFX AnimationTimerLoop
16:49:36.182 [JavaFX Application Thread] DEBUG Input                - Clearing active input actions
16:49:36.196 [JavaFX Application Thread] DEBUG GameApplicationServi - Removing overlay from FXGLStartupScene and adding to FXGLMainMenuDummyScene
16:49:36.196 [JavaFX Application Thread] DEBUG PrimaryStageWindow   - FXGLStartupScene -> FXGLMainMenuDummyScene
16:49:36.198 [JavaFX Application Thread] DEBUG PrimaryStageWindow   - Push state: LoginScene
16:49:36.198 [JavaFX Application Thread] DEBUG Input                - Clearing active input actions
16:49:36.271 [JavaFX Application Thread] DEBUG GameApplicationServi - Removing overlay from FXGLMainMenuDummyScene and adding to LoginScene
16:49:36.272 [JavaFX Application Thread] DEBUG PrimaryStageWindow   - FXGLMainMenuDummyScene -> LoginScene
16:49:36.272 [JavaFX Application Thread] DEBUG FXGLApplication      - Registering font factories with UI factory
16:49:36.773 [FXGL Background Thread 2 ] INFO  UpdaterService       - Your current version:  21+dev-SNAPSHOT
16:49:36.774 [FXGL Background Thread 2 ] INFO  UpdaterService       - Latest stable version: 21.1
16:49:38.956 [FXGL Background Thread 3 ] DEBUG Engine               - Logging environment variables
16:49:38.956 [FXGL Background Thread 3 ] DEBUG Engine               - achievements: []
16:49:38.956 [FXGL Background Thread 3 ] DEBUG Engine               - actualHeight: 720.0
16:49:38.957 [FXGL Background Thread 3 ] DEBUG Engine               - actualHeightProperty: ReadOnlyDoubleProperty [value: 720.0]
16:49:38.957 [FXGL Background Thread 3 ] DEBUG Engine               - actualWidth: 1280.0
16:49:38.957 [FXGL Background Thread 3 ] DEBUG Engine               - actualWidthProperty: ReadOnlyDoubleProperty [value: 1280.0]
16:49:38.957 [FXGL Background Thread 3 ] DEBUG Engine               - appIcon: fxgl_icon.png
16:49:38.957 [FXGL Background Thread 3 ] DEBUG Engine               - applicationMode: DEVELOPER
16:49:38.957 [FXGL Background Thread 3 ] DEBUG Engine               - cSSList: [fxgl_dark.css]
16:49:38.957 [FXGL Background Thread 3 ] DEBUG Engine               - collisionDetectionStrategy: BRUTE_FORCE
16:49:38.957 [FXGL Background Thread 3 ] DEBUG Engine               - configClass: Optional.empty
16:49:38.957 [FXGL Background Thread 3 ] DEBUG Engine               - credits: []
16:49:38.960 [FXGL Background Thread 3 ] DEBUG Engine               - defaultCursor: CursorInfo(imageName=fxgl_default_cursor.png, hotspotX=7.0, hotspotY=6.0)
16:49:38.961 [FXGL Background Thread 3 ] DEBUG Engine               - devBBoxColorProperty: ObjectProperty [value: 0xff0000ff]
16:49:38.961 [FXGL Background Thread 3 ] DEBUG Engine               - devEnableDebugCameraProperty: BooleanProperty [value: false]
16:49:38.961 [FXGL Background Thread 3 ] DEBUG Engine               - devSensorColorProperty: ObjectProperty [value: 0xffff00ff]
16:49:38.961 [FXGL Background Thread 3 ] DEBUG Engine               - devShowBBoxProperty: BooleanProperty [value: false]
16:49:38.961 [FXGL Background Thread 3 ] DEBUG Engine               - devShowPositionProperty: BooleanProperty [value: false]
16:49:38.961 [FXGL Background Thread 3 ] DEBUG Engine               - enabledMenuItems: []
16:49:38.963 [FXGL Background Thread 3 ] DEBUG Engine               - engineServices: [class com.almasb.fxgl.app.services.FXGLAssetLoaderService, class com.almasb.fxgl.app.FXGLApplication$GameApplicationService, class com.almasb.fxgl.app.services.FXGLDialogService, class com.almasb.fxgl.app.services.IOTaskExecutorService, class com.almasb.fxgl.io.FileSystemService, class com.almasb.fxgl.localization.LocalizationService, class com.almasb.fxgl.app.services.SystemBundleService, class com.almasb.fxgl.profile.SaveLoadService, class com.almasb.fxgl.ui.FXGLUIFactoryServiceProvider, class com.almasb.fxgl.ui.FXGLDialogFactoryServiceProvider, class com.almasb.fxgl.audio.AudioPlayer, class com.almasb.fxgl.notification.impl.NotificationServiceProvider, class com.almasb.fxgl.achievement.AchievementService, class com.almasb.fxgl.cutscene.CutsceneService, class com.almasb.fxgl.minigames.MiniGameService, class com.almasb.fxgl.net.NetService, class com.almasb.fxgl.app.services.UpdaterService, class com.almasb.fxgl.dev.DevService]
16:49:38.963 [FXGL Background Thread 3 ] DEBUG Engine               - fontGame: Abel-Regular.ttf
16:49:38.963 [FXGL Background Thread 3 ] DEBUG Engine               - fontMono: TerminalLandMono-Regular.otf
16:49:38.963 [FXGL Background Thread 3 ] DEBUG Engine               - fontSizeScaleUI: 1.0
16:49:38.963 [FXGL Background Thread 3 ] DEBUG Engine               - fontText: Courier-Prime.ttf
16:49:38.963 [FXGL Background Thread 3 ] DEBUG Engine               - fontUI: VarelaRound-Regular.ttf
16:49:38.963 [FXGL Background Thread 3 ] DEBUG Engine               - fullScreen: BooleanProperty [value: false]
16:49:38.963 [FXGL Background Thread 3 ] DEBUG Engine               - gameDifficulty: MEDIUM
16:49:38.963 [FXGL Background Thread 3 ] DEBUG Engine               - gameDifficultyProperty: ObjectProperty [value: MEDIUM]
16:49:38.963 [FXGL Background Thread 3 ] DEBUG Engine               - globalMusicVolume: 0.5
16:49:38.963 [FXGL Background Thread 3 ] DEBUG Engine               - globalMusicVolumeProperty: DoubleProperty [value: 0.5]
16:49:38.963 [FXGL Background Thread 3 ] DEBUG Engine               - globalSoundVolume: 0.5
16:49:38.964 [FXGL Background Thread 3 ] DEBUG Engine               - globalSoundVolumeProperty: DoubleProperty [value: 0.5]
16:49:38.964 [FXGL Background Thread 3 ] DEBUG Engine               - height: 720
16:49:38.964 [FXGL Background Thread 3 ] DEBUG Engine               - is3D: false
16:49:38.964 [FXGL Background Thread 3 ] DEBUG Engine               - isAndroid: false
16:49:38.964 [FXGL Background Thread 3 ] DEBUG Engine               - isBrowser: false
16:49:38.964 [FXGL Background Thread 3 ] DEBUG Engine               - isClickFeedbackEnabled: false
16:49:38.964 [FXGL Background Thread 3 ] DEBUG Engine               - isCloseConfirmation: false
16:49:38.964 [FXGL Background Thread 3 ] DEBUG Engine               - isDesktop: true
16:49:38.964 [FXGL Background Thread 3 ] DEBUG Engine               - isDeveloperMenuEnabled: false
16:49:38.964 [FXGL Background Thread 3 ] DEBUG Engine               - isEmbedded: false
16:49:38.964 [FXGL Background Thread 3 ] DEBUG Engine               - isEntityPreloadEnabled: true
16:49:38.964 [FXGL Background Thread 3 ] DEBUG Engine               - isExperimentalTiledLargeMap: false
16:49:38.964 [FXGL Background Thread 3 ] DEBUG Engine               - isFileSystemWriteAllowed: true
16:49:38.964 [FXGL Background Thread 3 ] DEBUG Engine               - isFullScreenAllowed: false
16:49:38.965 [FXGL Background Thread 3 ] DEBUG Engine               - isFullScreenFromStart: false
16:49:38.965 [FXGL Background Thread 3 ] DEBUG Engine               - isGameMenuEnabled: false
16:49:38.965 [FXGL Background Thread 3 ] DEBUG Engine               - isIOS: false
16:49:38.965 [FXGL Background Thread 3 ] DEBUG Engine               - isIntroEnabled: false
16:49:38.965 [FXGL Background Thread 3 ] DEBUG Engine               - isLinux: false
16:49:38.965 [FXGL Background Thread 3 ] DEBUG Engine               - isMac: false
16:49:38.965 [FXGL Background Thread 3 ] DEBUG Engine               - isMainMenuEnabled: true
16:49:38.965 [FXGL Background Thread 3 ] DEBUG Engine               - isManualResizeEnabled: false
16:49:38.965 [FXGL Background Thread 3 ] DEBUG Engine               - isMobile: false
16:49:38.965 [FXGL Background Thread 3 ] DEBUG Engine               - isNative: false
16:49:38.965 [FXGL Background Thread 3 ] DEBUG Engine               - isPauseMusicWhenMinimized: true
16:49:38.965 [FXGL Background Thread 3 ] DEBUG Engine               - isPreserveResizeRatio: false
16:49:38.965 [FXGL Background Thread 3 ] DEBUG Engine               - isProfilingEnabled: false
16:49:38.965 [FXGL Background Thread 3 ] DEBUG Engine               - isScaleAffectedOnResize: true
16:49:38.965 [FXGL Background Thread 3 ] DEBUG Engine               - isSingleStep: false
16:49:38.965 [FXGL Background Thread 3 ] DEBUG Engine               - isUserProfileEnabled: false
16:49:38.966 [FXGL Background Thread 3 ] DEBUG Engine               - isWindows: true
16:49:38.966 [FXGL Background Thread 3 ] DEBUG Engine               - language: ObjectProperty [value: ENGLISH]
16:49:38.966 [FXGL Background Thread 3 ] DEBUG Engine               - menuKey: ESCAPE
16:49:38.966 [FXGL Background Thread 3 ] DEBUG Engine               - mouseSensitivity: 0.2
16:49:38.966 [FXGL Background Thread 3 ] DEBUG Engine               - notificationViewClass: class com.almasb.fxgl.notification.view.XboxNotificationView
16:49:38.966 [FXGL Background Thread 3 ] DEBUG Engine               - pixelsPerMeter: 50.0
16:49:38.966 [FXGL Background Thread 3 ] DEBUG Engine               - platform: WINDOWS
16:49:38.966 [FXGL Background Thread 3 ] DEBUG Engine               - prefHeightProperty: ReadOnlyDoubleProperty [value: 720.0]
16:49:38.966 [FXGL Background Thread 3 ] DEBUG Engine               - prefWidthProperty: ReadOnlyDoubleProperty [value: 1280.0]
16:49:38.966 [FXGL Background Thread 3 ] DEBUG Engine               - profileDir: profiles/
16:49:38.966 [FXGL Background Thread 3 ] DEBUG Engine               - profileName: StringProperty [value: DEFAULT]
16:49:38.966 [FXGL Background Thread 3 ] DEBUG Engine               - randomSeed: -1
16:49:38.966 [FXGL Background Thread 3 ] DEBUG Engine               - runtimeInfo: RuntimeInfo(platform=WINDOWS, version=21+dev-SNAPSHOT, build=26.03.2024 21.04)
16:49:38.966 [FXGL Background Thread 3 ] DEBUG Engine               - saveFileExt: sav
16:49:38.966 [FXGL Background Thread 3 ] DEBUG Engine               - scaledHeightProp$fxgl: DoubleProperty [bound, value: 720.0]
16:49:38.967 [FXGL Background Thread 3 ] DEBUG Engine               - scaledWidthProp$fxgl: DoubleProperty [bound, value: 1280.0]
16:49:38.967 [FXGL Background Thread 3 ] DEBUG Engine               - sceneFactory: org.example.core.GameApp$1@188a4687
16:49:38.967 [FXGL Background Thread 3 ] DEBUG Engine               - secondsIn24h: 60
16:49:38.967 [FXGL Background Thread 3 ] DEBUG Engine               - soundMenuBack: menu/back.wav
16:49:38.967 [FXGL Background Thread 3 ] DEBUG Engine               - soundMenuPress: menu/press.wav
16:49:38.967 [FXGL Background Thread 3 ] DEBUG Engine               - soundMenuSelect: menu/select.wav
16:49:38.967 [FXGL Background Thread 3 ] DEBUG Engine               - soundNotification: core/notification.wav
16:49:38.967 [FXGL Background Thread 3 ] DEBUG Engine               - stageStyle: DECORATED
16:49:38.968 [FXGL Background Thread 3 ] DEBUG Engine               - supportedLanguages: [ENGLISH, FRENCH, GERMAN, HUNGARIAN, RUSSIAN]
16:49:38.968 [FXGL Background Thread 3 ] DEBUG Engine               - ticksPerSecond: -1
16:49:38.968 [FXGL Background Thread 3 ] DEBUG Engine               - title: Prototype Game
16:49:38.968 [FXGL Background Thread 3 ] DEBUG Engine               - urlGithub: https://github.com/AlmasB/FXGL
16:49:38.968 [FXGL Background Thread 3 ] DEBUG Engine               - urlLeaderboard: http://fxgl-top.herokuapp.com/
16:49:38.968 [FXGL Background Thread 3 ] DEBUG Engine               - urlPOM: https://raw.githubusercontent.com/AlmasB/FXGL/release/README.md
16:49:38.968 [FXGL Background Thread 3 ] DEBUG Engine               - userAppClass: class org.example.core.GameApp
16:49:38.968 [FXGL Background Thread 3 ] DEBUG Engine               - version: 0.1.5
16:49:38.968 [FXGL Background Thread 3 ] DEBUG Engine               - versionCheckDays: 7
16:49:38.968 [FXGL Background Thread 3 ] DEBUG Engine               - width: 1280
16:49:38.968 [FXGL Background Thread 3 ] DEBUG Engine               - Logging services
16:49:38.968 [FXGL Background Thread 3 ] DEBUG Engine               - class com.almasb.fxgl.app.services.FXGLAssetLoaderService
16:49:38.968 [FXGL Background Thread 3 ] DEBUG Engine               - class com.almasb.fxgl.app.FXGLApplication$GameApplicationService
16:49:38.968 [FXGL Background Thread 3 ] DEBUG Engine               - class com.almasb.fxgl.app.services.FXGLDialogService
16:49:38.968 [FXGL Background Thread 3 ] DEBUG Engine               - class com.almasb.fxgl.app.services.IOTaskExecutorService
16:49:38.968 [FXGL Background Thread 3 ] DEBUG Engine               - class com.almasb.fxgl.io.FileSystemService
16:49:38.968 [FXGL Background Thread 3 ] DEBUG Engine               - class com.almasb.fxgl.localization.LocalizationService
16:49:38.969 [FXGL Background Thread 3 ] DEBUG Engine               - class com.almasb.fxgl.app.services.SystemBundleService
16:49:38.969 [FXGL Background Thread 3 ] DEBUG Engine               - class com.almasb.fxgl.profile.SaveLoadService
16:49:38.969 [FXGL Background Thread 3 ] DEBUG Engine               - class com.almasb.fxgl.ui.FXGLUIFactoryServiceProvider
16:49:38.969 [FXGL Background Thread 3 ] DEBUG Engine               - class com.almasb.fxgl.ui.FXGLDialogFactoryServiceProvider
16:49:38.969 [FXGL Background Thread 3 ] DEBUG Engine               - class com.almasb.fxgl.audio.AudioPlayer
16:49:38.969 [FXGL Background Thread 3 ] DEBUG Engine               - class com.almasb.fxgl.notification.impl.NotificationServiceProvider
16:49:38.969 [FXGL Background Thread 3 ] DEBUG Engine               - class com.almasb.fxgl.achievement.AchievementService
16:49:38.969 [FXGL Background Thread 3 ] DEBUG Engine               - class com.almasb.fxgl.cutscene.CutsceneService
16:49:38.969 [FXGL Background Thread 3 ] DEBUG Engine               - class com.almasb.fxgl.minigames.MiniGameService
16:49:38.969 [FXGL Background Thread 3 ] DEBUG Engine               - class com.almasb.fxgl.net.NetService
16:49:38.969 [FXGL Background Thread 3 ] DEBUG Engine               - class com.almasb.fxgl.app.services.UpdaterService
16:49:38.969 [FXGL Background Thread 3 ] DEBUG Engine               - class com.almasb.fxgl.dev.DevService
16:49:40.589 [JavaFX Application Thread] DEBUG PrimaryStageWindow   - Push state: RegisterScene
16:49:40.589 [JavaFX Application Thread] DEBUG Input                - Clearing active input actions
16:49:40.593 [JavaFX Application Thread] DEBUG GameApplicationServi - Removing overlay from LoginScene and adding to RegisterScene
16:49:40.593 [JavaFX Application Thread] DEBUG PrimaryStageWindow   - LoginScene -> RegisterScene
16:49:42.512 [JavaFX Application Thread] DEBUG PrimaryStageWindow   - Pop state: RegisterScene
16:49:42.512 [JavaFX Application Thread] DEBUG Input                - Clearing active input actions
16:49:42.513 [JavaFX Application Thread] DEBUG GameApplicationServi - Removing overlay from RegisterScene and adding to LoginScene
16:49:42.513 [JavaFX Application Thread] DEBUG PrimaryStageWindow   - LoginScene <- RegisterScene
16:49:43.577 [JavaFX Application Thread] DEBUG PrimaryStageWindow   - Push state: RegisterScene
16:49:43.578 [JavaFX Application Thread] DEBUG Input                - Clearing active input actions
16:49:43.579 [JavaFX Application Thread] DEBUG GameApplicationServi - Removing overlay from LoginScene and adding to RegisterScene
16:49:43.580 [JavaFX Application Thread] DEBUG PrimaryStageWindow   - LoginScene -> RegisterScene
16:49:45.803 [JavaFX Application Thread] DEBUG FXGLApplication      - Exiting FXGL
16:49:45.803 [JavaFX Application Thread] DEBUG LoopRunner           - Stopping loop
16:49:45.803 [JavaFX Application Thread] DEBUG SystemBundleService  - Saving FXGL system data
16:49:45.806 [JavaFX Application Thread] DEBUG FileSystemAccess     - Writing to: C:\Users\ginac\IdeaProjects\TheOnlyException3\system\fxgl.bundle
16:49:45.810 [JavaFX Application Thread] DEBUG Async                - Shutting down background threads
16:49:45.813 [JavaFX Application Thread] DEBUG PrimaryStageWindow   - Closing main window
16:49:45.842 [JavaFX Application Thread] DEBUG Logger               - Closing Logger
