00:16:30.786 [main                     ] DEBUG Logger               - Configured Logger
00:16:30.789 [main                     ] DEBUG GameApplication      - Logging settings
Title: Prototype Game
Version: 0.1.5
Width: 1280
Height: 720
Fullscreen: false
Intro: false
Profiling: false
Single step:false
App Mode: DEVELOPER
Menu Key: ESCAPE
Stage Style: DECORATED
Scene Factory: class org.example.core.GameApp$1

00:16:30.926 [JavaFX Application Thread] DEBUG FXGLApplication      - Initializing FXGL
00:16:30.928 [JavaFX Application Thread] INFO  Engine               - FXGL-21+dev-SNAPSHOT (26.03.2024 19.46) on WINDOWS (J:24 FX:21.0.1)
00:16:30.928 [JavaFX Application Thread] DEBUG Engine               - JRE Vendor Name: Oracle Corporation
00:16:30.929 [JavaFX Application Thread] DEBUG Engine               - Running on OS: Windows 11 version 10.0
00:16:30.929 [JavaFX Application Thread] DEBUG Engine               - Architecture: amd64
00:16:30.929 [JavaFX Application Thread] INFO  Engine               - Source code and latest versions at: https://github.com/AlmasB/FXGL
00:16:30.929 [JavaFX Application Thread] INFO  Engine               -       Ask questions and discuss at: https://github.com/AlmasB/FXGL/discussions
00:16:30.929 [JavaFX Application Thread] INFO  Engine               -              Join the FXGL chat at: https://gitter.im/AlmasB/FXGL
00:16:31.019 [JavaFX Application Thread] DEBUG PrimaryStageWindow   - Creating a JavaFX scene
00:16:31.049 [JavaFX Application Thread] DEBUG PrimaryStageWindow   - Target settings size: 1280.0 x 720.0
00:16:31.049 [JavaFX Application Thread] DEBUG PrimaryStageWindow   - Scaled scene size:    1280.0 x 720.0
00:16:31.049 [JavaFX Application Thread] DEBUG PrimaryStageWindow   - Scaled ratio: (1.0, 1.0)
00:16:31.050 [JavaFX Application Thread] DEBUG PrimaryStageWindow   - Set initial scene to FXGLStartupScene
00:16:31.053 [JavaFX Application Thread] DEBUG PrimaryStageWindow   - Opening main window
00:16:31.134 [JavaFX Application Thread] DEBUG PrimaryStageWindow   - Window border size: (16.0, 39.0)
00:16:31.135 [JavaFX Application Thread] DEBUG PrimaryStageWindow   - Scaled size: 1280.0 x 720.0
00:16:31.135 [JavaFX Application Thread] DEBUG PrimaryStageWindow   - Scaled ratio: (1.0, 1.0)
00:16:31.135 [JavaFX Application Thread] DEBUG PrimaryStageWindow   - Scene size: 1280.0 x 720.0
00:16:31.135 [JavaFX Application Thread] DEBUG PrimaryStageWindow   - Stage size: 1296.0 x 759.0
00:16:31.141 [FXGL Background Thread 1 ] DEBUG Engine               - Initializing environment variables
00:16:31.188 [FXGL Background Thread 1 ] DEBUG FXGLAssetLoaderServi - User app class for loading assets: class org.example.core.GameApp
00:16:31.188 [FXGL Background Thread 1 ] DEBUG GameApplicationServi - Applying CSS: fxgl_dark.css
00:16:31.190 [FXGL Background Thread 1 ] DEBUG FXGLAssetLoaderServi - Loading from file system: jar:file:/C:/Users/primzcm/.m2/repository/com/github/almasb/fxgl/fxgl/21.1/fxgl-21.1.jar!/fxglassets/ui/css/fxgl_dark.css
00:16:31.228 [FXGL Background Thread 1 ] DEBUG GameApplicationServi - Initializing application scenes
00:16:31.249 [FXGL Background Thread 1 ] DEBUG GameWorld            - Game world initialized
00:16:31.288 [FXGL Background Thread 1 ] DEBUG PhysicsWorld         - Physics world initialized: appHeight=720, physics.ppm=50.0
00:16:31.288 [FXGL Background Thread 1 ] DEBUG PhysicsWorld         - Using strategy: BRUTE_FORCE
00:16:31.292 [FXGL Background Thread 1 ] DEBUG GameScene            - Game scene initialized: 1280x720
00:16:31.487 [FXGL Background Thread 1 ] DEBUG GameApplicationServi - Application scenes initialized
00:16:31.498 [FXGL Background Thread 1 ] DEBUG SystemBundleService  - Loading FXGL system data
00:16:31.501 [FXGL Background Thread 1 ] DEBUG FileSystemAccess     - Reading from: F:\my files\School\2nd year 2nd sem\TheOnlyException\system\fxgl.bundle
00:16:31.506 [FXGL Background Thread 1 ] DEBUG SystemBundleService  - Bundle FXGL: {}
00:16:31.506 [FXGL Background Thread 1 ] DEBUG UpdaterService       - Checking for updates
00:16:31.511 [FXGL Background Thread 4 ] DEBUG FXGLApplication      - Loading fonts
00:16:31.511 [FXGL Background Thread 4 ] DEBUG FXGLAssetLoaderServi - Loading from file system: jar:file:/C:/Users/primzcm/.m2/repository/com/github/almasb/fxgl/fxgl/21.1/fxgl-21.1.jar!/fxglassets/ui/fonts/VarelaRound-Regular.ttf
00:16:31.511 [FXGL Background Thread 1 ] DEBUG FXGLApplication      - Loading default localization
00:16:31.511 [FXGL Background Thread 1 ] DEBUG FXGLAssetLoaderServi - Loading from file system: jar:file:/C:/Users/primzcm/.m2/repository/com/github/almasb/fxgl/fxgl/21.1/fxgl-21.1.jar!/fxglassets/languages/english.lang
00:16:31.513 [FXGL Background Thread 4 ] DEBUG FXGLAssetLoaderServi - Loading from file system: jar:file:/C:/Users/primzcm/.m2/repository/com/github/almasb/fxgl/fxgl/21.1/fxgl-21.1.jar!/fxglassets/ui/fonts/Abel-Regular.ttf
00:16:31.516 [FXGL Background Thread 4 ] DEBUG FXGLAssetLoaderServi - Loading from file system: jar:file:/C:/Users/primzcm/.m2/repository/com/github/almasb/fxgl/fxgl/21.1/fxgl-21.1.jar!/fxglassets/ui/fonts/TerminalLandMono-Regular.otf
00:16:31.518 [FXGL Background Thread 4 ] DEBUG FXGLAssetLoaderServi - Loading from file system: jar:file:/C:/Users/primzcm/.m2/repository/com/github/almasb/fxgl/fxgl/21.1/fxgl-21.1.jar!/fxglassets/ui/fonts/Courier-Prime.ttf
00:16:31.523 [JavaFX Application Thread] DEBUG FXGLApplication      - Registering font factories with UI factory
00:16:31.531 [FXGL Background Thread 1 ] INFO  FXGLApplication      - FXGL initialization took: 0.390 sec
00:16:31.539 [JavaFX Application Thread] DEBUG Input                - Registered new binding: action0 - A
00:16:31.540 [JavaFX Application Thread] DEBUG Input                - Registered new binding: action1 - D
00:16:31.540 [JavaFX Application Thread] DEBUG Input                - Registered new binding: action2 - W
00:16:31.540 [JavaFX Application Thread] DEBUG Input                - Registered new binding: action3 - S
00:16:31.541 [JavaFX Application Thread] DEBUG Input                - Registered new binding: action4 - Esc
00:16:31.541 [JavaFX Application Thread] DEBUG FXGLAssetLoaderServi - Loading from file system: jar:file:/C:/Users/primzcm/.m2/repository/com/github/almasb/fxgl/fxgl/21.1/fxgl-21.1.jar!/fxglassets/textures/fxgl_icon.png
00:16:31.626 [JavaFX Application Thread] DEBUG FXGLAssetLoaderServi - Loading from file system: jar:file:/C:/Users/primzcm/.m2/repository/com/github/almasb/fxgl/fxgl/21.1/fxgl-21.1.jar!/fxglassets/textures/fxgl_default_cursor.png
00:16:31.629 [JavaFX Application Thread] DEBUG Input                - Registered new binding: Screenshot - CTRL+8
00:16:31.630 [JavaFX Application Thread] DEBUG Input                - Registered new binding: System info dump - CTRL+9
00:16:31.631 [JavaFX Application Thread] DEBUG Input                - Registered new binding: Restart - CTRL+R
00:16:31.633 [JavaFX Application Thread] DEBUG Input                - Registered new binding: Toggle Debug Camera - CTRL+7
00:16:31.637 [JavaFX Application Thread] DEBUG LoopRunner           - Starting loop
00:16:31.637 [JavaFX Application Thread] DEBUG LoopRunner           - Initializing JavaFX AnimationTimerLoop
00:16:31.640 [JavaFX Application Thread] DEBUG Input                - Clearing active input actions
00:16:31.646 [JavaFX Application Thread] DEBUG GameApplicationServi - Removing overlay from FXGLStartupScene and adding to FXGLMainMenuDummyScene
00:16:31.646 [JavaFX Application Thread] DEBUG PrimaryStageWindow   - FXGLStartupScene -> FXGLMainMenuDummyScene
00:16:31.646 [JavaFX Application Thread] DEBUG PrimaryStageWindow   - Push state: LoginScene
00:16:31.647 [JavaFX Application Thread] DEBUG Input                - Clearing active input actions
00:16:31.658 [JavaFX Application Thread] DEBUG GameApplicationServi - Removing overlay from FXGLMainMenuDummyScene and adding to LoginScene
00:16:31.659 [JavaFX Application Thread] DEBUG PrimaryStageWindow   - FXGLMainMenuDummyScene -> LoginScene
00:16:31.939 [FXGL Background Thread 2 ] INFO  UpdaterService       - Your current version:  21+dev-SNAPSHOT
00:16:31.939 [FXGL Background Thread 2 ] INFO  UpdaterService       - Latest stable version: 21.1
00:16:34.510 [FXGL Background Thread 3 ] DEBUG Engine               - Logging environment variables
00:16:34.510 [FXGL Background Thread 3 ] DEBUG Engine               - achievements: []
00:16:34.510 [FXGL Background Thread 3 ] DEBUG Engine               - actualHeight: 720.0
00:16:34.510 [FXGL Background Thread 3 ] DEBUG Engine               - actualHeightProperty: ReadOnlyDoubleProperty [value: 720.0]
00:16:34.510 [FXGL Background Thread 3 ] DEBUG Engine               - actualWidth: 1280.0
00:16:34.510 [FXGL Background Thread 3 ] DEBUG Engine               - actualWidthProperty: ReadOnlyDoubleProperty [value: 1280.0]
00:16:34.510 [FXGL Background Thread 3 ] DEBUG Engine               - appIcon: fxgl_icon.png
00:16:34.510 [FXGL Background Thread 3 ] DEBUG Engine               - applicationMode: DEVELOPER
00:16:34.511 [FXGL Background Thread 3 ] DEBUG Engine               - cSSList: [fxgl_dark.css]
00:16:34.511 [FXGL Background Thread 3 ] DEBUG Engine               - collisionDetectionStrategy: BRUTE_FORCE
00:16:34.511 [FXGL Background Thread 3 ] DEBUG Engine               - configClass: Optional.empty
00:16:34.511 [FXGL Background Thread 3 ] DEBUG Engine               - credits: []
00:16:34.513 [FXGL Background Thread 3 ] DEBUG Engine               - defaultCursor: CursorInfo(imageName=fxgl_default_cursor.png, hotspotX=7.0, hotspotY=6.0)
00:16:34.513 [FXGL Background Thread 3 ] DEBUG Engine               - devBBoxColorProperty: ObjectProperty [value: 0xff0000ff]
00:16:34.513 [FXGL Background Thread 3 ] DEBUG Engine               - devEnableDebugCameraProperty: BooleanProperty [value: false]
00:16:34.513 [FXGL Background Thread 3 ] DEBUG Engine               - devSensorColorProperty: ObjectProperty [value: 0xffff00ff]
00:16:34.513 [FXGL Background Thread 3 ] DEBUG Engine               - devShowBBoxProperty: BooleanProperty [value: false]
00:16:34.513 [FXGL Background Thread 3 ] DEBUG Engine               - devShowPositionProperty: BooleanProperty [value: false]
00:16:34.513 [FXGL Background Thread 3 ] DEBUG Engine               - enabledMenuItems: []
00:16:34.513 [FXGL Background Thread 3 ] DEBUG Engine               - engineServices: [class com.almasb.fxgl.app.services.FXGLAssetLoaderService, class com.almasb.fxgl.app.FXGLApplication$GameApplicationService, class com.almasb.fxgl.app.services.FXGLDialogService, class com.almasb.fxgl.app.services.IOTaskExecutorService, class com.almasb.fxgl.io.FileSystemService, class com.almasb.fxgl.localization.LocalizationService, class com.almasb.fxgl.app.services.SystemBundleService, class com.almasb.fxgl.profile.SaveLoadService, class com.almasb.fxgl.ui.FXGLUIFactoryServiceProvider, class com.almasb.fxgl.ui.FXGLDialogFactoryServiceProvider, class com.almasb.fxgl.audio.AudioPlayer, class com.almasb.fxgl.notification.impl.NotificationServiceProvider, class com.almasb.fxgl.achievement.AchievementService, class com.almasb.fxgl.cutscene.CutsceneService, class com.almasb.fxgl.minigames.MiniGameService, class com.almasb.fxgl.net.NetService, class com.almasb.fxgl.app.services.UpdaterService, class com.almasb.fxgl.dev.DevService]
00:16:34.513 [FXGL Background Thread 3 ] DEBUG Engine               - fontGame: Abel-Regular.ttf
00:16:34.513 [FXGL Background Thread 3 ] DEBUG Engine               - fontMono: TerminalLandMono-Regular.otf
00:16:34.513 [FXGL Background Thread 3 ] DEBUG Engine               - fontSizeScaleUI: 1.0
00:16:34.513 [FXGL Background Thread 3 ] DEBUG Engine               - fontText: Courier-Prime.ttf
00:16:34.513 [FXGL Background Thread 3 ] DEBUG Engine               - fontUI: VarelaRound-Regular.ttf
00:16:34.514 [FXGL Background Thread 3 ] DEBUG Engine               - fullScreen: BooleanProperty [value: false]
00:16:34.514 [FXGL Background Thread 3 ] DEBUG Engine               - gameDifficulty: MEDIUM
00:16:34.514 [FXGL Background Thread 3 ] DEBUG Engine               - gameDifficultyProperty: ObjectProperty [value: MEDIUM]
00:16:34.514 [FXGL Background Thread 3 ] DEBUG Engine               - globalMusicVolume: 0.5
00:16:34.514 [FXGL Background Thread 3 ] DEBUG Engine               - globalMusicVolumeProperty: DoubleProperty [value: 0.5]
00:16:34.514 [FXGL Background Thread 3 ] DEBUG Engine               - globalSoundVolume: 0.5
00:16:34.514 [FXGL Background Thread 3 ] DEBUG Engine               - globalSoundVolumeProperty: DoubleProperty [value: 0.5]
00:16:34.514 [FXGL Background Thread 3 ] DEBUG Engine               - height: 720
00:16:34.514 [FXGL Background Thread 3 ] DEBUG Engine               - is3D: false
00:16:34.514 [FXGL Background Thread 3 ] DEBUG Engine               - isAndroid: false
00:16:34.514 [FXGL Background Thread 3 ] DEBUG Engine               - isBrowser: false
00:16:34.514 [FXGL Background Thread 3 ] DEBUG Engine               - isClickFeedbackEnabled: false
00:16:34.515 [FXGL Background Thread 3 ] DEBUG Engine               - isCloseConfirmation: false
00:16:34.515 [FXGL Background Thread 3 ] DEBUG Engine               - isDesktop: true
00:16:34.515 [FXGL Background Thread 3 ] DEBUG Engine               - isDeveloperMenuEnabled: false
00:16:34.515 [FXGL Background Thread 3 ] DEBUG Engine               - isEmbedded: false
00:16:34.515 [FXGL Background Thread 3 ] DEBUG Engine               - isEntityPreloadEnabled: true
00:16:34.515 [FXGL Background Thread 3 ] DEBUG Engine               - isExperimentalTiledLargeMap: false
00:16:34.515 [FXGL Background Thread 3 ] DEBUG Engine               - isFileSystemWriteAllowed: true
00:16:34.515 [FXGL Background Thread 3 ] DEBUG Engine               - isFullScreenAllowed: false
00:16:34.515 [FXGL Background Thread 3 ] DEBUG Engine               - isFullScreenFromStart: false
00:16:34.515 [FXGL Background Thread 3 ] DEBUG Engine               - isGameMenuEnabled: false
00:16:34.515 [FXGL Background Thread 3 ] DEBUG Engine               - isIOS: false
00:16:34.515 [FXGL Background Thread 3 ] DEBUG Engine               - isIntroEnabled: false
00:16:34.515 [FXGL Background Thread 3 ] DEBUG Engine               - isLinux: false
00:16:34.515 [FXGL Background Thread 3 ] DEBUG Engine               - isMac: false
00:16:34.515 [FXGL Background Thread 3 ] DEBUG Engine               - isMainMenuEnabled: true
00:16:34.515 [FXGL Background Thread 3 ] DEBUG Engine               - isManualResizeEnabled: false
00:16:34.515 [FXGL Background Thread 3 ] DEBUG Engine               - isMobile: false
00:16:34.515 [FXGL Background Thread 3 ] DEBUG Engine               - isNative: false
00:16:34.515 [FXGL Background Thread 3 ] DEBUG Engine               - isPauseMusicWhenMinimized: true
00:16:34.515 [FXGL Background Thread 3 ] DEBUG Engine               - isPreserveResizeRatio: false
00:16:34.515 [FXGL Background Thread 3 ] DEBUG Engine               - isProfilingEnabled: false
00:16:34.515 [FXGL Background Thread 3 ] DEBUG Engine               - isScaleAffectedOnResize: true
00:16:34.515 [FXGL Background Thread 3 ] DEBUG Engine               - isSingleStep: false
00:16:34.515 [FXGL Background Thread 3 ] DEBUG Engine               - isUserProfileEnabled: false
00:16:34.515 [FXGL Background Thread 3 ] DEBUG Engine               - isWindows: true
00:16:34.515 [FXGL Background Thread 3 ] DEBUG Engine               - language: ObjectProperty [value: ENGLISH]
00:16:34.515 [FXGL Background Thread 3 ] DEBUG Engine               - menuKey: ESCAPE
00:16:34.515 [FXGL Background Thread 3 ] DEBUG Engine               - mouseSensitivity: 0.2
00:16:34.515 [FXGL Background Thread 3 ] DEBUG Engine               - notificationViewClass: class com.almasb.fxgl.notification.view.XboxNotificationView
00:16:34.515 [FXGL Background Thread 3 ] DEBUG Engine               - pixelsPerMeter: 50.0
00:16:34.516 [FXGL Background Thread 3 ] DEBUG Engine               - platform: WINDOWS
00:16:34.516 [FXGL Background Thread 3 ] DEBUG Engine               - prefHeightProperty: ReadOnlyDoubleProperty [value: 720.0]
00:16:34.516 [FXGL Background Thread 3 ] DEBUG Engine               - prefWidthProperty: ReadOnlyDoubleProperty [value: 1280.0]
00:16:34.516 [FXGL Background Thread 3 ] DEBUG Engine               - profileDir: profiles/
00:16:34.516 [FXGL Background Thread 3 ] DEBUG Engine               - profileName: StringProperty [value: DEFAULT]
00:16:34.516 [FXGL Background Thread 3 ] DEBUG Engine               - randomSeed: -1
00:16:34.516 [FXGL Background Thread 3 ] DEBUG Engine               - runtimeInfo: RuntimeInfo(platform=WINDOWS, version=21+dev-SNAPSHOT, build=26.03.2024 19.46)
00:16:34.516 [FXGL Background Thread 3 ] DEBUG Engine               - saveFileExt: sav
00:16:34.516 [FXGL Background Thread 3 ] DEBUG Engine               - scaledHeightProp$fxgl: DoubleProperty [bound, value: 720.0]
00:16:34.516 [FXGL Background Thread 3 ] DEBUG Engine               - scaledWidthProp$fxgl: DoubleProperty [bound, value: 1280.0]
00:16:34.516 [FXGL Background Thread 3 ] DEBUG Engine               - sceneFactory: org.example.core.GameApp$1@21695fd4
00:16:34.516 [FXGL Background Thread 3 ] DEBUG Engine               - secondsIn24h: 60
00:16:34.516 [FXGL Background Thread 3 ] DEBUG Engine               - soundMenuBack: menu/back.wav
00:16:34.516 [FXGL Background Thread 3 ] DEBUG Engine               - soundMenuPress: menu/press.wav
00:16:34.516 [FXGL Background Thread 3 ] DEBUG Engine               - soundMenuSelect: menu/select.wav
00:16:34.516 [FXGL Background Thread 3 ] DEBUG Engine               - soundNotification: core/notification.wav
00:16:34.516 [FXGL Background Thread 3 ] DEBUG Engine               - stageStyle: DECORATED
00:16:34.516 [FXGL Background Thread 3 ] DEBUG Engine               - supportedLanguages: [ENGLISH, FRENCH, GERMAN, HUNGARIAN, RUSSIAN]
00:16:34.516 [FXGL Background Thread 3 ] DEBUG Engine               - ticksPerSecond: -1
00:16:34.516 [FXGL Background Thread 3 ] DEBUG Engine               - title: Prototype Game
00:16:34.516 [FXGL Background Thread 3 ] DEBUG Engine               - urlGithub: https://github.com/AlmasB/FXGL
00:16:34.517 [FXGL Background Thread 3 ] DEBUG Engine               - urlLeaderboard: http://fxgl-top.herokuapp.com/
00:16:34.517 [FXGL Background Thread 3 ] DEBUG Engine               - urlPOM: https://raw.githubusercontent.com/AlmasB/FXGL/release/README.md
00:16:34.517 [FXGL Background Thread 3 ] DEBUG Engine               - userAppClass: class org.example.core.GameApp
00:16:34.517 [FXGL Background Thread 3 ] DEBUG Engine               - version: 0.1.5
00:16:34.517 [FXGL Background Thread 3 ] DEBUG Engine               - versionCheckDays: 7
00:16:34.517 [FXGL Background Thread 3 ] DEBUG Engine               - width: 1280
00:16:34.517 [FXGL Background Thread 3 ] DEBUG Engine               - Logging services
00:16:34.517 [FXGL Background Thread 3 ] DEBUG Engine               - class com.almasb.fxgl.app.services.FXGLAssetLoaderService
00:16:34.517 [FXGL Background Thread 3 ] DEBUG Engine               - class com.almasb.fxgl.app.FXGLApplication$GameApplicationService
00:16:34.517 [FXGL Background Thread 3 ] DEBUG Engine               - class com.almasb.fxgl.app.services.FXGLDialogService
00:16:34.517 [FXGL Background Thread 3 ] DEBUG Engine               - class com.almasb.fxgl.app.services.IOTaskExecutorService
00:16:34.517 [FXGL Background Thread 3 ] DEBUG Engine               - class com.almasb.fxgl.io.FileSystemService
00:16:34.517 [FXGL Background Thread 3 ] DEBUG Engine               - class com.almasb.fxgl.localization.LocalizationService
00:16:34.517 [FXGL Background Thread 3 ] DEBUG Engine               - class com.almasb.fxgl.app.services.SystemBundleService
00:16:34.517 [FXGL Background Thread 3 ] DEBUG Engine               - class com.almasb.fxgl.profile.SaveLoadService
00:16:34.517 [FXGL Background Thread 3 ] DEBUG Engine               - class com.almasb.fxgl.ui.FXGLUIFactoryServiceProvider
00:16:34.517 [FXGL Background Thread 3 ] DEBUG Engine               - class com.almasb.fxgl.ui.FXGLDialogFactoryServiceProvider
00:16:34.517 [FXGL Background Thread 3 ] DEBUG Engine               - class com.almasb.fxgl.audio.AudioPlayer
00:16:34.517 [FXGL Background Thread 3 ] DEBUG Engine               - class com.almasb.fxgl.notification.impl.NotificationServiceProvider
00:16:34.517 [FXGL Background Thread 3 ] DEBUG Engine               - class com.almasb.fxgl.achievement.AchievementService
00:16:34.517 [FXGL Background Thread 3 ] DEBUG Engine               - class com.almasb.fxgl.cutscene.CutsceneService
00:16:34.517 [FXGL Background Thread 3 ] DEBUG Engine               - class com.almasb.fxgl.minigames.MiniGameService
00:16:34.517 [FXGL Background Thread 3 ] DEBUG Engine               - class com.almasb.fxgl.net.NetService
00:16:34.517 [FXGL Background Thread 3 ] DEBUG Engine               - class com.almasb.fxgl.app.services.UpdaterService
00:16:34.517 [FXGL Background Thread 3 ] DEBUG Engine               - class com.almasb.fxgl.dev.DevService
00:16:34.521 [JavaFX Application Thread] DEBUG GameWorld            - Game world initialized
00:16:34.521 [JavaFX Application Thread] DEBUG PhysicsWorld         - Physics world initialized: appHeight=720, physics.ppm=50.0
00:16:34.521 [JavaFX Application Thread] DEBUG PhysicsWorld         - Using strategy: BRUTE_FORCE
00:16:34.521 [JavaFX Application Thread] DEBUG GameScene            - Game scene initialized: 1280x720
00:16:34.549 [JavaFX Application Thread] DEBUG PrimaryStageWindow   - Push state: MainMenuScene
00:16:34.592 [JavaFX Application Thread] DEBUG Input                - Clearing active input actions
00:16:34.593 [JavaFX Application Thread] DEBUG GameApplicationServi - Removing overlay from LoginScene and adding to MainMenuScene
00:16:34.594 [JavaFX Application Thread] DEBUG PrimaryStageWindow   - LoginScene -> MainMenuScene
00:16:34.594 [JavaFX Application Thread] DEBUG GameWorld            - Game world initialized
00:16:34.594 [JavaFX Application Thread] DEBUG PhysicsWorld         - Physics world initialized: appHeight=720, physics.ppm=50.0
00:16:34.594 [JavaFX Application Thread] DEBUG PhysicsWorld         - Using strategy: BRUTE_FORCE
00:16:34.595 [JavaFX Application Thread] DEBUG GameScene            - Game scene initialized: 1280x720
00:16:34.605 [JavaFX Application Thread] DEBUG PrimaryStageWindow   - Push state: MainMenuScene
00:16:34.641 [JavaFX Application Thread] DEBUG Input                - Clearing active input actions
00:16:34.643 [JavaFX Application Thread] DEBUG GameApplicationServi - Removing overlay from MainMenuScene and adding to MainMenuScene
00:16:34.643 [JavaFX Application Thread] DEBUG PrimaryStageWindow   - MainMenuScene -> MainMenuScene
00:16:35.331 [JavaFX Application Thread] DEBUG GameApplicationServi - Starting new game
00:16:35.331 [JavaFX Application Thread] DEBUG PrimaryStageWindow   - Pop state: MainMenuScene
00:16:35.331 [JavaFX Application Thread] DEBUG Input                - Clearing active input actions
00:16:35.331 [JavaFX Application Thread] DEBUG GameApplicationServi - Removing overlay from MainMenuScene and adding to MainMenuScene
00:16:35.333 [JavaFX Application Thread] DEBUG PrimaryStageWindow   - MainMenuScene <- MainMenuScene
00:16:35.397 [JavaFX Application Thread] DEBUG PrimaryStageWindow   - Pop state: MainMenuScene
00:16:35.397 [JavaFX Application Thread] DEBUG Input                - Clearing active input actions
00:16:35.397 [JavaFX Application Thread] DEBUG GameApplicationServi - Removing overlay from MainMenuScene and adding to LoginScene
00:16:35.398 [JavaFX Application Thread] DEBUG PrimaryStageWindow   - LoginScene <- MainMenuScene
00:16:35.452 [JavaFX Application Thread] DEBUG PrimaryStageWindow   - Pop state: LoginScene
00:16:35.452 [JavaFX Application Thread] DEBUG Input                - Clearing active input actions
00:16:35.452 [JavaFX Application Thread] DEBUG GameApplicationServi - Removing overlay from LoginScene and adding to FXGLMainMenuDummyScene
00:16:35.452 [JavaFX Application Thread] DEBUG PrimaryStageWindow   - FXGLMainMenuDummyScene <- LoginScene
00:16:35.453 [JavaFX Application Thread] DEBUG Input                - Clearing active input actions
00:16:35.462 [JavaFX Application Thread] DEBUG GameApplicationServi - Removing overlay from FXGLMainMenuDummyScene and adding to FXGLLoadingScene
00:16:35.463 [JavaFX Application Thread] DEBUG PrimaryStageWindow   - FXGLMainMenuDummyScene -> FXGLLoadingScene
00:16:35.463 [JavaFX Application Thread] DEBUG GameApplicationServi - Clearing previous game
00:16:35.463 [JavaFX Application Thread] DEBUG GameScene            - Clearing game scene
00:16:35.463 [JavaFX Application Thread] DEBUG GameWorld            - Clearing game world
00:16:35.463 [JavaFX Application Thread] DEBUG PhysicsWorld         - Clearing physics world
00:16:35.463 [FXGL Background Thread 2 ] DEBUG FXGLApplication      - Initializing game
00:16:35.473 [FXGL Background Thread 2 ] DEBUG FXGLAssetLoaderServi - Loading from file system: file:/F:/my%20files/School/2nd%20year%202nd%20sem/TheOnlyException/Test/target/classes/assets/textures/worlda.png
00:16:35.538 [FXGL Background Thread 2 ] DEBUG FXGLAssetLoaderServi - Loading from file system: file:/F:/my%20files/School/2nd%20year%202nd%20sem/TheOnlyException/Test/target/classes/assets/textures/player-scaled.png
00:16:35.579 [FXGL Background Thread 2 ] INFO  FXGLApplication      - Game initialization took: 0.115 sec
00:16:35.585 [JavaFX Application Thread] DEBUG Input                - Clearing active input actions
00:16:35.590 [JavaFX Application Thread] DEBUG GameApplicationServi - Removing overlay from FXGLLoadingScene and adding to GameScene
00:16:35.590 [JavaFX Application Thread] DEBUG PrimaryStageWindow   - FXGLLoadingScene -> GameScene
00:16:36.004 [JavaFX Application Thread] DEBUG FXGLAssetLoaderServi - Loading from file system: file:/F:/my%20files/School/2nd%20year%202nd%20sem/TheOnlyException/Test/target/classes/assets/textures/MaggotWalk-scaled-recolored.png
00:16:36.008 [JavaFX Application Thread] DEBUG FXGLAssetLoaderServi - Loading from file system: file:/F:/my%20files/School/2nd%20year%202nd%20sem/TheOnlyException/Test/target/classes/assets/textures/BeetleMove-scaled-recolored.png
00:16:36.009 [JavaFX Application Thread] DEBUG FXGLAssetLoaderServi - Loading from file system: file:/F:/my%20files/School/2nd%20year%202nd%20sem/TheOnlyException/Test/target/classes/assets/textures/MantisMove-scaled-recolored.png
00:16:36.011 [JavaFX Application Thread] DEBUG FXGLAssetLoaderServi - Loading from file system: file:/F:/my%20files/School/2nd%20year%202nd%20sem/TheOnlyException/Test/target/classes/assets/textures/BeeMove-scaled-recolored.png
00:16:36.014 [JavaFX Application Thread] DEBUG FXGLAssetLoaderServi - Loading from file system: file:/F:/my%20files/School/2nd%20year%202nd%20sem/TheOnlyException/Test/target/classes/assets/textures/GiantFly-recolored.png
00:16:36.016 [JavaFX Application Thread] DEBUG FXGLAssetLoaderServi - Loading from file system: file:/F:/my%20files/School/2nd%20year%202nd%20sem/TheOnlyException/Test/target/classes/assets/textures/DragonFly-recolored.png
00:16:40.108 [JavaFX Application Thread] DEBUG FXGLAssetLoaderServi - Loading from file system: file:/F:/my%20files/School/2nd%20year%202nd%20sem/TheOnlyException/Test/target/classes/assets/textures/memorychip.png
00:16:40.366 [JavaFX Application Thread] DEBUG FXGLAssetLoaderServi - Loading from file system: file:/F:/my%20files/School/2nd%20year%202nd%20sem/TheOnlyException/Test/target/classes/assets/textures/systemrestore.png
00:16:40.381 [JavaFX Application Thread] DEBUG FXGLAssetLoaderServi - Loading from file system: file:/F:/my%20files/School/2nd%20year%202nd%20sem/TheOnlyException/Test/target/classes/assets/textures/shortcircuit.png
00:16:40.400 [JavaFX Application Thread] WARN  FXGLAssetLoaderServi - Asset "/assets/textures/gun.png" was not found!
00:16:40.400 [JavaFX Application Thread] WARN  FXGLAssetLoaderServi - Failed to load IMAGE
00:16:40.409 [JavaFX Application Thread] DEBUG FXGLAssetLoaderServi - Loading from file system: file:/F:/my%20files/School/2nd%20year%202nd%20sem/TheOnlyException/Test/target/classes/assets/textures/firewallshield.png
00:16:40.427 [JavaFX Application Thread] DEBUG PrimaryStageWindow   - Push state: DialogSubScene
00:16:40.427 [JavaFX Application Thread] DEBUG Input                - Clearing active input actions
00:16:40.428 [JavaFX Application Thread] DEBUG GameApplicationServi - Removing overlay from GameScene and adding to DialogSubScene
00:16:40.428 [JavaFX Application Thread] DEBUG PrimaryStageWindow   - GameScene -> DialogSubScene
00:16:42.272 [JavaFX Application Thread] DEBUG PrimaryStageWindow   - Pop state: DialogSubScene
00:16:42.272 [JavaFX Application Thread] DEBUG Input                - Clearing active input actions
00:16:42.273 [JavaFX Application Thread] DEBUG GameApplicationServi - Removing overlay from DialogSubScene and adding to GameScene
00:16:42.273 [JavaFX Application Thread] DEBUG PrimaryStageWindow   - GameScene <- DialogSubScene
00:16:44.171 [JavaFX Application Thread] DEBUG FXGLAssetLoaderServi - Loading from file system: file:/F:/my%20files/School/2nd%20year%202nd%20sem/TheOnlyException/Test/target/classes/assets/textures/realtimedefense.png
00:16:44.191 [JavaFX Application Thread] DEBUG FXGLAssetLoaderServi - Loading from file system: file:/F:/my%20files/School/2nd%20year%202nd%20sem/TheOnlyException/Test/target/classes/assets/textures/datawipe.png
00:16:44.207 [JavaFX Application Thread] WARN  FXGLAssetLoaderServi - Asset "/assets/textures/gun.png" was not found!
00:16:44.207 [JavaFX Application Thread] WARN  FXGLAssetLoaderServi - Failed to load IMAGE
00:16:44.208 [JavaFX Application Thread] DEBUG PrimaryStageWindow   - Push state: DialogSubScene
00:16:44.208 [JavaFX Application Thread] DEBUG Input                - Clearing active input actions
00:16:44.208 [JavaFX Application Thread] DEBUG GameApplicationServi - Removing overlay from GameScene and adding to DialogSubScene
00:16:44.208 [JavaFX Application Thread] DEBUG PrimaryStageWindow   - GameScene -> DialogSubScene
00:16:45.743 [JavaFX Application Thread] DEBUG PrimaryStageWindow   - Pop state: DialogSubScene
00:16:45.743 [JavaFX Application Thread] DEBUG Input                - Clearing active input actions
00:16:45.743 [JavaFX Application Thread] DEBUG GameApplicationServi - Removing overlay from DialogSubScene and adding to GameScene
00:16:45.743 [JavaFX Application Thread] DEBUG PrimaryStageWindow   - GameScene <- DialogSubScene
00:16:45.747 [JavaFX Application Thread] WARN  FXGLAssetLoaderServi - Asset "/assets/textures/particles/spark.png" was not found!
00:16:45.748 [JavaFX Application Thread] WARN  FXGLAssetLoaderServi - Failed to load RESIZABLE_IMAGE
00:16:50.421 [JavaFX Application Thread] WARN  FXGLAssetLoaderServi - Asset "/assets/textures/gun.png" was not found!
00:16:50.422 [JavaFX Application Thread] WARN  FXGLAssetLoaderServi - Failed to load IMAGE
00:16:50.422 [JavaFX Application Thread] DEBUG FXGLAssetLoaderServi - Loading from file system: file:/F:/my%20files/School/2nd%20year%202nd%20sem/TheOnlyException/Test/target/classes/assets/textures/smolderprotocol.png
00:16:50.451 [JavaFX Application Thread] DEBUG PrimaryStageWindow   - Push state: DialogSubScene
00:16:50.451 [JavaFX Application Thread] DEBUG Input                - Clearing active input actions
00:16:50.451 [JavaFX Application Thread] DEBUG GameApplicationServi - Removing overlay from GameScene and adding to DialogSubScene
00:16:50.451 [JavaFX Application Thread] DEBUG PrimaryStageWindow   - GameScene -> DialogSubScene
00:16:51.467 [JavaFX Application Thread] DEBUG PrimaryStageWindow   - Pop state: DialogSubScene
00:16:51.467 [JavaFX Application Thread] DEBUG Input                - Clearing active input actions
00:16:51.468 [JavaFX Application Thread] DEBUG GameApplicationServi - Removing overlay from DialogSubScene and adding to GameScene
00:16:51.468 [JavaFX Application Thread] DEBUG PrimaryStageWindow   - GameScene <- DialogSubScene
00:16:52.019 [JavaFX Application Thread] DEBUG FXGLAssetLoaderServi - Loading from file system: file:/F:/my%20files/School/2nd%20year%202nd%20sem/TheOnlyException/Test/target/classes/assets/textures/smolder.png
00:16:59.693 [JavaFX Application Thread] DEBUG PrimaryStageWindow   - Push state: DialogSubScene
00:16:59.693 [JavaFX Application Thread] DEBUG Input                - Clearing active input actions
00:16:59.694 [JavaFX Application Thread] DEBUG GameApplicationServi - Removing overlay from GameScene and adding to DialogSubScene
00:16:59.694 [JavaFX Application Thread] DEBUG PrimaryStageWindow   - GameScene -> DialogSubScene
00:17:09.573 [JavaFX Application Thread] DEBUG PrimaryStageWindow   - Pop state: DialogSubScene
00:17:09.573 [JavaFX Application Thread] DEBUG Input                - Clearing active input actions
00:17:09.573 [JavaFX Application Thread] DEBUG GameApplicationServi - Removing overlay from DialogSubScene and adding to GameScene
00:17:09.573 [JavaFX Application Thread] DEBUG PrimaryStageWindow   - GameScene <- DialogSubScene
00:17:09.947 [JavaFX Application Thread] WARN  FXGLAssetLoaderServi - Asset "/assets/textures/particles/spark.png" was not found!
00:17:09.947 [JavaFX Application Thread] WARN  FXGLAssetLoaderServi - Failed to load RESIZABLE_IMAGE
00:17:11.276 [JavaFX Application Thread] WARN  FXGLAssetLoaderServi - Asset "/assets/textures/gun.png" was not found!
00:17:11.276 [JavaFX Application Thread] WARN  FXGLAssetLoaderServi - Failed to load IMAGE
00:17:11.276 [JavaFX Application Thread] DEBUG PrimaryStageWindow   - Push state: DialogSubScene
00:17:11.276 [JavaFX Application Thread] DEBUG Input                - Clearing active input actions
00:17:11.277 [JavaFX Application Thread] DEBUG GameApplicationServi - Removing overlay from GameScene and adding to DialogSubScene
00:17:11.277 [JavaFX Application Thread] DEBUG PrimaryStageWindow   - GameScene -> DialogSubScene
00:17:13.976 [JavaFX Application Thread] DEBUG PrimaryStageWindow   - Pop state: DialogSubScene
00:17:13.976 [JavaFX Application Thread] DEBUG Input                - Clearing active input actions
00:17:13.977 [JavaFX Application Thread] DEBUG GameApplicationServi - Removing overlay from DialogSubScene and adding to GameScene
00:17:13.977 [JavaFX Application Thread] DEBUG PrimaryStageWindow   - GameScene <- DialogSubScene
00:17:14.997 [JavaFX Application Thread] DEBUG FXGLAssetLoaderServi - Loading from file system: file:/F:/my%20files/School/2nd%20year%202nd%20sem/TheOnlyException/Test/target/classes/assets/textures/datawipemine.png
00:17:19.161 [JavaFX Application Thread] DEBUG FXGLAssetLoaderServi - Loading from file system: file:/F:/my%20files/School/2nd%20year%202nd%20sem/TheOnlyException/Test/target/classes/assets/textures/datawipeexplosion.png
00:17:19.163 [JavaFX Application Thread] WARN  FXGLAssetLoaderServi - Asset "/assets/textures/orange_particle.png" was not found!
00:17:19.163 [JavaFX Application Thread] WARN  FXGLAssetLoaderServi - Failed to load IMAGE
00:17:19.708 [JavaFX Application Thread] DEBUG PrimaryStageWindow   - Push state: DialogSubScene
00:17:19.709 [JavaFX Application Thread] DEBUG Input                - Clearing active input actions
00:17:19.709 [JavaFX Application Thread] DEBUG GameApplicationServi - Removing overlay from GameScene and adding to DialogSubScene
00:17:19.709 [JavaFX Application Thread] DEBUG PrimaryStageWindow   - GameScene -> DialogSubScene
00:17:22.607 [JavaFX Application Thread] DEBUG FXGLApplication      - Exiting FXGL
00:17:22.607 [JavaFX Application Thread] DEBUG LoopRunner           - Stopping loop
00:17:22.607 [JavaFX Application Thread] DEBUG SystemBundleService  - Saving FXGL system data
00:17:22.608 [JavaFX Application Thread] DEBUG FileSystemAccess     - Writing to: F:\my files\School\2nd year 2nd sem\TheOnlyException\system\fxgl.bundle
00:17:23.026 [JavaFX Application Thread] DEBUG Async                - Shutting down background threads
00:17:23.026 [JavaFX Application Thread] DEBUG PrimaryStageWindow   - Closing main window
00:17:23.040 [JavaFX Application Thread] DEBUG Logger               - Closing Logger
