14:10:48.505 [main                     ] DEBUG Logger               - Configured Logger
14:10:48.510 [main                     ] DEBUG GameApplication      - Logging settings
Title: Prototype Game
Version: 0.1.5
Width: 1280
Height: 720
Fullscreen: false
Intro: false
Profiling: false
Single step:false
App Mode: DEVELOPER
Menu Key: ESCAPE
Stage Style: DECORATED
Scene Factory: class org.example.core.GameApp$1

14:10:48.768 [JavaFX Application Thread] DEBUG FXGLApplication      - Initializing FXGL
14:10:48.772 [JavaFX Application Thread] INFO  Engine               - FXGL-21+dev-SNAPSHOT (26.03.2024 21.04) on WINDOWS (J:24 FX:21.0.1)
14:10:48.773 [JavaFX Application Thread] DEBUG Engine               - JRE Vendor Name: Oracle Corporation
14:10:48.773 [JavaFX Application Thread] DEBUG Engine               - Running on OS: Windows 11 version 10.0
14:10:48.773 [JavaFX Application Thread] DEBUG Engine               - Architecture: amd64
14:10:48.773 [JavaFX Application Thread] INFO  Engine               - Source code and latest versions at: https://github.com/AlmasB/FXGL
14:10:48.774 [JavaFX Application Thread] INFO  Engine               -       Ask questions and discuss at: https://github.com/AlmasB/FXGL/discussions
14:10:48.774 [JavaFX Application Thread] INFO  Engine               -              Join the FXGL chat at: https://gitter.im/AlmasB/FXGL
14:10:49.026 [JavaFX Application Thread] DEBUG PrimaryStageWindow   - Creating a JavaFX scene
14:10:49.109 [JavaFX Application Thread] DEBUG PrimaryStageWindow   - Target settings size: 1280.0 x 720.0
14:10:49.110 [JavaFX Application Thread] DEBUG PrimaryStageWindow   - Scaled scene size:    1280.0 x 720.0
14:10:49.110 [JavaFX Application Thread] DEBUG PrimaryStageWindow   - Scaled ratio: (1.0, 1.0)
14:10:49.111 [JavaFX Application Thread] DEBUG PrimaryStageWindow   - Set initial scene to FXGLStartupScene
14:10:49.118 [JavaFX Application Thread] DEBUG PrimaryStageWindow   - Opening main window
14:10:49.285 [JavaFX Application Thread] DEBUG PrimaryStageWindow   - Window border size: (14.4000244140625, 37.5999755859375)
14:10:49.285 [JavaFX Application Thread] DEBUG PrimaryStageWindow   - Scaled size: 1280.0 x 720.0
14:10:49.285 [JavaFX Application Thread] DEBUG PrimaryStageWindow   - Scaled ratio: (1.0, 1.0)
14:10:49.286 [JavaFX Application Thread] DEBUG PrimaryStageWindow   - Scene size: 1280.0 x 720.0
14:10:49.286 [JavaFX Application Thread] DEBUG PrimaryStageWindow   - Stage size: 1294.4000244140625 x 757.5999755859375
14:10:49.313 [FXGL Background Thread 1 ] DEBUG Engine               - Initializing environment variables
14:10:49.389 [FXGL Background Thread 1 ] DEBUG FXGLAssetLoaderServi - User app class for loading assets: class org.example.core.GameApp
14:10:49.389 [FXGL Background Thread 1 ] DEBUG GameApplicationServi - Applying CSS: fxgl_dark.css
14:10:49.390 [FXGL Background Thread 1 ] DEBUG FXGLAssetLoaderServi - Loading from file system: jar:file:/C:/Users/ginac/.m2/repository/com/github/AlmasB/FXGL/fxgl/21.1/fxgl-21.1.jar!/fxglassets/ui/css/fxgl_dark.css
14:10:49.470 [FXGL Background Thread 1 ] DEBUG GameApplicationServi - Initializing application scenes
14:10:49.538 [FXGL Background Thread 1 ] DEBUG GameWorld            - Game world initialized
14:10:49.654 [FXGL Background Thread 1 ] DEBUG PhysicsWorld         - Physics world initialized: appHeight=720, physics.ppm=50.0
14:10:49.654 [FXGL Background Thread 1 ] DEBUG PhysicsWorld         - Using strategy: BRUTE_FORCE
14:10:49.660 [FXGL Background Thread 1 ] DEBUG GameScene            - Game scene initialized: 1280x720
14:10:50.153 [FXGL Background Thread 1 ] DEBUG GameApplicationServi - Application scenes initialized
14:10:50.184 [FXGL Background Thread 1 ] DEBUG SystemBundleService  - Loading FXGL system data
14:10:50.187 [FXGL Background Thread 1 ] DEBUG FileSystemAccess     - Reading from: C:\Users\ginac\IdeaProjects\TheOnlyException3\system\fxgl.bundle
14:10:50.191 [FXGL Background Thread 1 ] DEBUG SystemBundleService  - Bundle FXGL: {}
14:10:50.191 [FXGL Background Thread 1 ] DEBUG UpdaterService       - Checking for updates
14:10:50.201 [FXGL Background Thread 1 ] DEBUG FXGLApplication      - Loading default localization
14:10:50.202 [FXGL Background Thread 1 ] DEBUG FXGLAssetLoaderServi - Loading from file system: jar:file:/C:/Users/ginac/.m2/repository/com/github/AlmasB/FXGL/fxgl/21.1/fxgl-21.1.jar!/fxglassets/languages/english.lang
14:10:50.207 [FXGL Background Thread 4 ] DEBUG FXGLApplication      - Loading fonts
14:10:50.207 [FXGL Background Thread 4 ] DEBUG FXGLAssetLoaderServi - Loading from file system: jar:file:/C:/Users/ginac/.m2/repository/com/github/AlmasB/FXGL/fxgl-samples/21.1/fxgl-samples-21.1.jar!/assets/ui/fonts/VarelaRound-Regular.ttf
14:10:50.220 [FXGL Background Thread 4 ] DEBUG FXGLAssetLoaderServi - Loading from file system: jar:file:/C:/Users/ginac/.m2/repository/com/github/AlmasB/FXGL/fxgl/21.1/fxgl-21.1.jar!/fxglassets/ui/fonts/Abel-Regular.ttf
14:10:50.230 [FXGL Background Thread 4 ] DEBUG FXGLAssetLoaderServi - Loading from file system: jar:file:/C:/Users/ginac/.m2/repository/com/github/AlmasB/FXGL/fxgl/21.1/fxgl-21.1.jar!/fxglassets/ui/fonts/TerminalLandMono-Regular.otf
14:10:50.242 [FXGL Background Thread 4 ] DEBUG FXGLAssetLoaderServi - Loading from file system: jar:file:/C:/Users/ginac/.m2/repository/com/github/AlmasB/FXGL/fxgl/21.1/fxgl-21.1.jar!/fxglassets/ui/fonts/Courier-Prime.ttf
14:10:50.261 [FXGL Background Thread 1 ] INFO  FXGLApplication      - FXGL initialization took: 0.948 sec
14:10:50.262 [JavaFX Application Thread] DEBUG FXGLApplication      - Registering font factories with UI factory
14:10:50.280 [JavaFX Application Thread] DEBUG Input                - Registered new binding: action0 - A
14:10:50.281 [JavaFX Application Thread] DEBUG Input                - Registered new binding: action1 - D
14:10:50.283 [JavaFX Application Thread] DEBUG Input                - Registered new binding: action2 - W
14:10:50.287 [JavaFX Application Thread] DEBUG Input                - Registered new binding: action3 - S
14:10:50.288 [JavaFX Application Thread] DEBUG FXGLAssetLoaderServi - Loading from file system: jar:file:/C:/Users/ginac/.m2/repository/com/github/AlmasB/FXGL/fxgl/21.1/fxgl-21.1.jar!/fxglassets/textures/fxgl_icon.png
14:10:50.424 [JavaFX Application Thread] DEBUG FXGLAssetLoaderServi - Loading from file system: jar:file:/C:/Users/ginac/.m2/repository/com/github/AlmasB/FXGL/fxgl/21.1/fxgl-21.1.jar!/fxglassets/textures/fxgl_default_cursor.png
14:10:50.429 [JavaFX Application Thread] DEBUG Input                - Registered new binding: Screenshot - CTRL+8
14:10:50.429 [JavaFX Application Thread] DEBUG Input                - Registered new binding: System info dump - CTRL+9
14:10:50.430 [JavaFX Application Thread] DEBUG Input                - Registered new binding: Restart - CTRL+R
14:10:50.431 [JavaFX Application Thread] DEBUG Input                - Registered new binding: Toggle Debug Camera - CTRL+7
14:10:50.437 [JavaFX Application Thread] DEBUG LoopRunner           - Starting loop
14:10:50.437 [JavaFX Application Thread] DEBUG LoopRunner           - Initializing JavaFX AnimationTimerLoop
14:10:50.441 [JavaFX Application Thread] DEBUG Input                - Clearing active input actions
14:10:50.449 [JavaFX Application Thread] DEBUG GameApplicationServi - Removing overlay from FXGLStartupScene and adding to FXGLMainMenuDummyScene
14:10:50.450 [JavaFX Application Thread] DEBUG PrimaryStageWindow   - FXGLStartupScene -> FXGLMainMenuDummyScene
14:10:50.450 [JavaFX Application Thread] DEBUG PrimaryStageWindow   - Push state: LoginScene
14:10:50.451 [JavaFX Application Thread] DEBUG Input                - Clearing active input actions
14:10:50.498 [JavaFX Application Thread] DEBUG GameApplicationServi - Removing overlay from FXGLMainMenuDummyScene and adding to LoginScene
14:10:50.499 [JavaFX Application Thread] DEBUG PrimaryStageWindow   - FXGLMainMenuDummyScene -> LoginScene
14:10:51.602 [FXGL Background Thread 2 ] INFO  UpdaterService       - Your current version:  21+dev-SNAPSHOT
14:10:51.602 [FXGL Background Thread 2 ] INFO  UpdaterService       - Latest stable version: 21.1
14:10:53.198 [FXGL Background Thread 3 ] DEBUG Engine               - Logging environment variables
14:10:53.198 [FXGL Background Thread 3 ] DEBUG Engine               - achievements: []
14:10:53.198 [FXGL Background Thread 3 ] DEBUG Engine               - actualHeight: 720.0
14:10:53.200 [FXGL Background Thread 3 ] DEBUG Engine               - actualHeightProperty: ReadOnlyDoubleProperty [value: 720.0]
14:10:53.200 [FXGL Background Thread 3 ] DEBUG Engine               - actualWidth: 1280.0
14:10:53.200 [FXGL Background Thread 3 ] DEBUG Engine               - actualWidthProperty: ReadOnlyDoubleProperty [value: 1280.0]
14:10:53.200 [FXGL Background Thread 3 ] DEBUG Engine               - appIcon: fxgl_icon.png
14:10:53.200 [FXGL Background Thread 3 ] DEBUG Engine               - applicationMode: DEVELOPER
14:10:53.200 [FXGL Background Thread 3 ] DEBUG Engine               - cSSList: [fxgl_dark.css]
14:10:53.200 [FXGL Background Thread 3 ] DEBUG Engine               - collisionDetectionStrategy: BRUTE_FORCE
14:10:53.200 [FXGL Background Thread 3 ] DEBUG Engine               - configClass: Optional.empty
14:10:53.200 [FXGL Background Thread 3 ] DEBUG Engine               - credits: []
14:10:53.203 [FXGL Background Thread 3 ] DEBUG Engine               - defaultCursor: CursorInfo(imageName=fxgl_default_cursor.png, hotspotX=7.0, hotspotY=6.0)
14:10:53.204 [FXGL Background Thread 3 ] DEBUG Engine               - devBBoxColorProperty: ObjectProperty [value: 0xff0000ff]
14:10:53.204 [FXGL Background Thread 3 ] DEBUG Engine               - devEnableDebugCameraProperty: BooleanProperty [value: false]
14:10:53.204 [FXGL Background Thread 3 ] DEBUG Engine               - devSensorColorProperty: ObjectProperty [value: 0xffff00ff]
14:10:53.204 [FXGL Background Thread 3 ] DEBUG Engine               - devShowBBoxProperty: BooleanProperty [value: false]
14:10:53.204 [FXGL Background Thread 3 ] DEBUG Engine               - devShowPositionProperty: BooleanProperty [value: false]
14:10:53.205 [FXGL Background Thread 3 ] DEBUG Engine               - enabledMenuItems: []
14:10:53.205 [FXGL Background Thread 3 ] DEBUG Engine               - engineServices: [class com.almasb.fxgl.app.services.FXGLAssetLoaderService, class com.almasb.fxgl.app.FXGLApplication$GameApplicationService, class com.almasb.fxgl.app.services.FXGLDialogService, class com.almasb.fxgl.app.services.IOTaskExecutorService, class com.almasb.fxgl.io.FileSystemService, class com.almasb.fxgl.localization.LocalizationService, class com.almasb.fxgl.app.services.SystemBundleService, class com.almasb.fxgl.profile.SaveLoadService, class com.almasb.fxgl.ui.FXGLUIFactoryServiceProvider, class com.almasb.fxgl.ui.FXGLDialogFactoryServiceProvider, class com.almasb.fxgl.audio.AudioPlayer, class com.almasb.fxgl.notification.impl.NotificationServiceProvider, class com.almasb.fxgl.achievement.AchievementService, class com.almasb.fxgl.cutscene.CutsceneService, class com.almasb.fxgl.minigames.MiniGameService, class com.almasb.fxgl.net.NetService, class com.almasb.fxgl.app.services.UpdaterService, class com.almasb.fxgl.dev.DevService]
14:10:53.205 [FXGL Background Thread 3 ] DEBUG Engine               - fontGame: Abel-Regular.ttf
14:10:53.205 [FXGL Background Thread 3 ] DEBUG Engine               - fontMono: TerminalLandMono-Regular.otf
14:10:53.205 [FXGL Background Thread 3 ] DEBUG Engine               - fontSizeScaleUI: 1.0
14:10:53.205 [FXGL Background Thread 3 ] DEBUG Engine               - fontText: Courier-Prime.ttf
14:10:53.205 [FXGL Background Thread 3 ] DEBUG Engine               - fontUI: VarelaRound-Regular.ttf
14:10:53.205 [FXGL Background Thread 3 ] DEBUG Engine               - fullScreen: BooleanProperty [value: false]
14:10:53.205 [FXGL Background Thread 3 ] DEBUG Engine               - gameDifficulty: MEDIUM
14:10:53.205 [FXGL Background Thread 3 ] DEBUG Engine               - gameDifficultyProperty: ObjectProperty [value: MEDIUM]
14:10:53.206 [FXGL Background Thread 3 ] DEBUG Engine               - globalMusicVolume: 0.5
14:10:53.206 [FXGL Background Thread 3 ] DEBUG Engine               - globalMusicVolumeProperty: DoubleProperty [value: 0.5]
14:10:53.206 [FXGL Background Thread 3 ] DEBUG Engine               - globalSoundVolume: 0.5
14:10:53.206 [FXGL Background Thread 3 ] DEBUG Engine               - globalSoundVolumeProperty: DoubleProperty [value: 0.5]
14:10:53.206 [FXGL Background Thread 3 ] DEBUG Engine               - height: 720
14:10:53.206 [FXGL Background Thread 3 ] DEBUG Engine               - is3D: false
14:10:53.206 [FXGL Background Thread 3 ] DEBUG Engine               - isAndroid: false
14:10:53.206 [FXGL Background Thread 3 ] DEBUG Engine               - isBrowser: false
14:10:53.206 [FXGL Background Thread 3 ] DEBUG Engine               - isClickFeedbackEnabled: false
14:10:53.206 [FXGL Background Thread 3 ] DEBUG Engine               - isCloseConfirmation: false
14:10:53.207 [FXGL Background Thread 3 ] DEBUG Engine               - isDesktop: true
14:10:53.207 [FXGL Background Thread 3 ] DEBUG Engine               - isDeveloperMenuEnabled: false
14:10:53.207 [FXGL Background Thread 3 ] DEBUG Engine               - isEmbedded: false
14:10:53.207 [FXGL Background Thread 3 ] DEBUG Engine               - isEntityPreloadEnabled: true
14:10:53.207 [FXGL Background Thread 3 ] DEBUG Engine               - isExperimentalTiledLargeMap: false
14:10:53.207 [FXGL Background Thread 3 ] DEBUG Engine               - isFileSystemWriteAllowed: true
14:10:53.207 [FXGL Background Thread 3 ] DEBUG Engine               - isFullScreenAllowed: false
14:10:53.207 [FXGL Background Thread 3 ] DEBUG Engine               - isFullScreenFromStart: false
14:10:53.207 [FXGL Background Thread 3 ] DEBUG Engine               - isGameMenuEnabled: false
14:10:53.207 [FXGL Background Thread 3 ] DEBUG Engine               - isIOS: false
14:10:53.207 [FXGL Background Thread 3 ] DEBUG Engine               - isIntroEnabled: false
14:10:53.207 [FXGL Background Thread 3 ] DEBUG Engine               - isLinux: false
14:10:53.207 [FXGL Background Thread 3 ] DEBUG Engine               - isMac: false
14:10:53.207 [FXGL Background Thread 3 ] DEBUG Engine               - isMainMenuEnabled: true
14:10:53.207 [FXGL Background Thread 3 ] DEBUG Engine               - isManualResizeEnabled: false
14:10:53.207 [FXGL Background Thread 3 ] DEBUG Engine               - isMobile: false
14:10:53.207 [FXGL Background Thread 3 ] DEBUG Engine               - isNative: false
14:10:53.207 [FXGL Background Thread 3 ] DEBUG Engine               - isPauseMusicWhenMinimized: true
14:10:53.209 [FXGL Background Thread 3 ] DEBUG Engine               - isPreserveResizeRatio: false
14:10:53.209 [FXGL Background Thread 3 ] DEBUG Engine               - isProfilingEnabled: false
14:10:53.209 [FXGL Background Thread 3 ] DEBUG Engine               - isScaleAffectedOnResize: true
14:10:53.209 [FXGL Background Thread 3 ] DEBUG Engine               - isSingleStep: false
14:10:53.209 [FXGL Background Thread 3 ] DEBUG Engine               - isUserProfileEnabled: false
14:10:53.209 [FXGL Background Thread 3 ] DEBUG Engine               - isWindows: true
14:10:53.209 [FXGL Background Thread 3 ] DEBUG Engine               - language: ObjectProperty [value: ENGLISH]
14:10:53.209 [FXGL Background Thread 3 ] DEBUG Engine               - menuKey: ESCAPE
14:10:53.209 [FXGL Background Thread 3 ] DEBUG Engine               - mouseSensitivity: 0.2
14:10:53.209 [FXGL Background Thread 3 ] DEBUG Engine               - notificationViewClass: class com.almasb.fxgl.notification.view.XboxNotificationView
14:10:53.209 [FXGL Background Thread 3 ] DEBUG Engine               - pixelsPerMeter: 50.0
14:10:53.209 [FXGL Background Thread 3 ] DEBUG Engine               - platform: WINDOWS
14:10:53.209 [FXGL Background Thread 3 ] DEBUG Engine               - prefHeightProperty: ReadOnlyDoubleProperty [value: 720.0]
14:10:53.209 [FXGL Background Thread 3 ] DEBUG Engine               - prefWidthProperty: ReadOnlyDoubleProperty [value: 1280.0]
14:10:53.210 [FXGL Background Thread 3 ] DEBUG Engine               - profileDir: profiles/
14:10:53.210 [FXGL Background Thread 3 ] DEBUG Engine               - profileName: StringProperty [value: DEFAULT]
14:10:53.210 [FXGL Background Thread 3 ] DEBUG Engine               - randomSeed: -1
14:10:53.210 [FXGL Background Thread 3 ] DEBUG Engine               - runtimeInfo: RuntimeInfo(platform=WINDOWS, version=21+dev-SNAPSHOT, build=26.03.2024 21.04)
14:10:53.210 [FXGL Background Thread 3 ] DEBUG Engine               - saveFileExt: sav
14:10:53.210 [FXGL Background Thread 3 ] DEBUG Engine               - scaledHeightProp$fxgl: DoubleProperty [bound, value: 720.0]
14:10:53.210 [FXGL Background Thread 3 ] DEBUG Engine               - scaledWidthProp$fxgl: DoubleProperty [bound, value: 1280.0]
14:10:53.210 [FXGL Background Thread 3 ] DEBUG Engine               - sceneFactory: org.example.core.GameApp$1@2a385b11
14:10:53.210 [FXGL Background Thread 3 ] DEBUG Engine               - secondsIn24h: 60
14:10:53.210 [FXGL Background Thread 3 ] DEBUG Engine               - soundMenuBack: menu/back.wav
14:10:53.210 [FXGL Background Thread 3 ] DEBUG Engine               - soundMenuPress: menu/press.wav
14:10:53.210 [FXGL Background Thread 3 ] DEBUG Engine               - soundMenuSelect: menu/select.wav
14:10:53.210 [FXGL Background Thread 3 ] DEBUG Engine               - soundNotification: core/notification.wav
14:10:53.210 [FXGL Background Thread 3 ] DEBUG Engine               - stageStyle: DECORATED
14:10:53.210 [FXGL Background Thread 3 ] DEBUG Engine               - supportedLanguages: [ENGLISH, FRENCH, GERMAN, HUNGARIAN, RUSSIAN]
14:10:53.210 [FXGL Background Thread 3 ] DEBUG Engine               - ticksPerSecond: -1
14:10:53.210 [FXGL Background Thread 3 ] DEBUG Engine               - title: Prototype Game
14:10:53.211 [FXGL Background Thread 3 ] DEBUG Engine               - urlGithub: https://github.com/AlmasB/FXGL
14:10:53.211 [FXGL Background Thread 3 ] DEBUG Engine               - urlLeaderboard: http://fxgl-top.herokuapp.com/
14:10:53.211 [FXGL Background Thread 3 ] DEBUG Engine               - urlPOM: https://raw.githubusercontent.com/AlmasB/FXGL/release/README.md
14:10:53.211 [FXGL Background Thread 3 ] DEBUG Engine               - userAppClass: class org.example.core.GameApp
14:10:53.211 [FXGL Background Thread 3 ] DEBUG Engine               - version: 0.1.5
14:10:53.211 [FXGL Background Thread 3 ] DEBUG Engine               - versionCheckDays: 7
14:10:53.211 [FXGL Background Thread 3 ] DEBUG Engine               - width: 1280
14:10:53.211 [FXGL Background Thread 3 ] DEBUG Engine               - Logging services
14:10:53.212 [FXGL Background Thread 3 ] DEBUG Engine               - class com.almasb.fxgl.app.services.FXGLAssetLoaderService
14:10:53.212 [FXGL Background Thread 3 ] DEBUG Engine               - class com.almasb.fxgl.app.FXGLApplication$GameApplicationService
14:10:53.212 [FXGL Background Thread 3 ] DEBUG Engine               - class com.almasb.fxgl.app.services.FXGLDialogService
14:10:53.212 [FXGL Background Thread 3 ] DEBUG Engine               - class com.almasb.fxgl.app.services.IOTaskExecutorService
14:10:53.212 [FXGL Background Thread 3 ] DEBUG Engine               - class com.almasb.fxgl.io.FileSystemService
14:10:53.212 [FXGL Background Thread 3 ] DEBUG Engine               - class com.almasb.fxgl.localization.LocalizationService
14:10:53.214 [FXGL Background Thread 3 ] DEBUG Engine               - class com.almasb.fxgl.app.services.SystemBundleService
14:10:53.214 [FXGL Background Thread 3 ] DEBUG Engine               - class com.almasb.fxgl.profile.SaveLoadService
14:10:53.214 [FXGL Background Thread 3 ] DEBUG Engine               - class com.almasb.fxgl.ui.FXGLUIFactoryServiceProvider
14:10:53.214 [FXGL Background Thread 3 ] DEBUG Engine               - class com.almasb.fxgl.ui.FXGLDialogFactoryServiceProvider
14:10:53.214 [FXGL Background Thread 3 ] DEBUG Engine               - class com.almasb.fxgl.audio.AudioPlayer
14:10:53.214 [FXGL Background Thread 3 ] DEBUG Engine               - class com.almasb.fxgl.notification.impl.NotificationServiceProvider
14:10:53.214 [FXGL Background Thread 3 ] DEBUG Engine               - class com.almasb.fxgl.achievement.AchievementService
14:10:53.214 [FXGL Background Thread 3 ] DEBUG Engine               - class com.almasb.fxgl.cutscene.CutsceneService
14:10:53.214 [FXGL Background Thread 3 ] DEBUG Engine               - class com.almasb.fxgl.minigames.MiniGameService
14:10:53.214 [FXGL Background Thread 3 ] DEBUG Engine               - class com.almasb.fxgl.net.NetService
14:10:53.214 [FXGL Background Thread 3 ] DEBUG Engine               - class com.almasb.fxgl.app.services.UpdaterService
14:10:53.214 [FXGL Background Thread 3 ] DEBUG Engine               - class com.almasb.fxgl.dev.DevService
14:10:57.372 [JavaFX Application Thread] DEBUG GameWorld            - Game world initialized
14:10:57.372 [JavaFX Application Thread] DEBUG PhysicsWorld         - Physics world initialized: appHeight=720, physics.ppm=50.0
14:10:57.372 [JavaFX Application Thread] DEBUG PhysicsWorld         - Using strategy: BRUTE_FORCE
14:10:57.375 [JavaFX Application Thread] DEBUG GameScene            - Game scene initialized: 1280x720
14:10:57.455 [JavaFX Application Thread] DEBUG PrimaryStageWindow   - Push state: MainMenuScene
14:10:57.473 [JavaFX Application Thread] DEBUG Input                - Clearing active input actions
14:10:57.479 [JavaFX Application Thread] DEBUG GameApplicationServi - Removing overlay from LoginScene and adding to MainMenuScene
14:10:57.480 [JavaFX Application Thread] DEBUG PrimaryStageWindow   - LoginScene -> MainMenuScene
14:10:57.483 [JavaFX Application Thread] DEBUG GameWorld            - Game world initialized
14:10:57.484 [JavaFX Application Thread] DEBUG PhysicsWorld         - Physics world initialized: appHeight=720, physics.ppm=50.0
14:10:57.484 [JavaFX Application Thread] DEBUG PhysicsWorld         - Using strategy: BRUTE_FORCE
14:10:57.485 [JavaFX Application Thread] DEBUG GameScene            - Game scene initialized: 1280x720
14:10:57.541 [JavaFX Application Thread] DEBUG PrimaryStageWindow   - Push state: MainMenuScene
14:10:57.590 [JavaFX Application Thread] DEBUG Input                - Clearing active input actions
14:10:57.594 [JavaFX Application Thread] DEBUG GameApplicationServi - Removing overlay from MainMenuScene and adding to MainMenuScene
14:10:57.594 [JavaFX Application Thread] DEBUG PrimaryStageWindow   - MainMenuScene -> MainMenuScene
14:10:58.730 [JavaFX Application Thread] DEBUG GameApplicationServi - Starting new game
14:10:58.731 [JavaFX Application Thread] DEBUG PrimaryStageWindow   - Pop state: MainMenuScene
14:10:58.731 [JavaFX Application Thread] DEBUG Input                - Clearing active input actions
14:10:58.733 [JavaFX Application Thread] DEBUG GameApplicationServi - Removing overlay from MainMenuScene and adding to MainMenuScene
14:10:58.734 [JavaFX Application Thread] DEBUG PrimaryStageWindow   - MainMenuScene <- MainMenuScene
14:10:58.734 [JavaFX Application Thread] DEBUG PrimaryStageWindow   - Pop state: MainMenuScene
14:10:58.734 [JavaFX Application Thread] DEBUG Input                - Clearing active input actions
14:10:58.735 [JavaFX Application Thread] DEBUG GameApplicationServi - Removing overlay from MainMenuScene and adding to LoginScene
14:10:58.735 [JavaFX Application Thread] DEBUG PrimaryStageWindow   - LoginScene <- MainMenuScene
14:10:58.945 [JavaFX Application Thread] DEBUG PrimaryStageWindow   - Pop state: LoginScene
14:10:58.945 [JavaFX Application Thread] DEBUG Input                - Clearing active input actions
14:10:58.946 [JavaFX Application Thread] DEBUG GameApplicationServi - Removing overlay from LoginScene and adding to FXGLMainMenuDummyScene
14:10:58.947 [JavaFX Application Thread] DEBUG PrimaryStageWindow   - FXGLMainMenuDummyScene <- LoginScene
14:10:58.947 [JavaFX Application Thread] DEBUG Input                - Clearing active input actions
14:10:58.978 [JavaFX Application Thread] DEBUG GameApplicationServi - Removing overlay from FXGLMainMenuDummyScene and adding to FXGLLoadingScene
14:10:58.978 [JavaFX Application Thread] DEBUG PrimaryStageWindow   - FXGLMainMenuDummyScene -> FXGLLoadingScene
14:10:58.978 [JavaFX Application Thread] DEBUG GameApplicationServi - Clearing previous game
14:10:58.978 [JavaFX Application Thread] DEBUG GameScene            - Clearing game scene
14:10:58.978 [JavaFX Application Thread] DEBUG GameWorld            - Clearing game world
14:10:58.979 [JavaFX Application Thread] DEBUG PhysicsWorld         - Clearing physics world
14:10:58.982 [FXGL Background Thread 2 ] DEBUG FXGLApplication      - Initializing game
14:10:59.025 [FXGL Background Thread 2 ] DEBUG FXGLAssetLoaderServi - Loading from file system: file:/C:/Users/ginac/IdeaProjects/TheOnlyException3/Test/target/classes/assets/textures/dasd.png
14:10:59.097 [FXGL Background Thread 2 ] DEBUG FXGLAssetLoaderServi - Loading from file system: file:/C:/Users/ginac/IdeaProjects/TheOnlyException3/Test/target/classes/assets/textures/player-scaled.png
14:10:59.446 [FXGL Background Thread 2 ] INFO  FXGLApplication      - Game initialization took: 0.464 sec
14:10:59.451 [JavaFX Application Thread] DEBUG Input                - Clearing active input actions
14:10:59.489 [JavaFX Application Thread] DEBUG GameApplicationServi - Removing overlay from FXGLLoadingScene and adding to GameScene
14:10:59.489 [JavaFX Application Thread] DEBUG PrimaryStageWindow   - FXGLLoadingScene -> GameScene
14:11:00.005 [JavaFX Application Thread] DEBUG FXGLAssetLoaderServi - Loading from file system: file:/C:/Users/ginac/IdeaProjects/TheOnlyException3/Test/target/classes/assets/textures/MaggotWalk-scaled.png
14:11:00.021 [JavaFX Application Thread] DEBUG FXGLAssetLoaderServi - Loading from file system: file:/C:/Users/ginac/IdeaProjects/TheOnlyException3/Test/target/classes/assets/textures/BeetleMove-scaled.png
14:11:00.036 [JavaFX Application Thread] DEBUG FXGLAssetLoaderServi - Loading from file system: file:/C:/Users/ginac/IdeaProjects/TheOnlyException3/Test/target/classes/assets/textures/MantisMove-scaled.png
14:11:00.041 [JavaFX Application Thread] DEBUG FXGLAssetLoaderServi - Loading from file system: file:/C:/Users/ginac/IdeaProjects/TheOnlyException3/Test/target/classes/assets/textures/BeeMove-scaled.png
14:11:00.044 [JavaFX Application Thread] DEBUG FXGLAssetLoaderServi - Loading from file system: file:/C:/Users/ginac/IdeaProjects/TheOnlyException3/Test/target/classes/assets/textures/GiantFly.png
14:11:00.047 [JavaFX Application Thread] DEBUG FXGLAssetLoaderServi - Loading from file system: file:/C:/Users/ginac/IdeaProjects/TheOnlyException3/Test/target/classes/assets/textures/DragonFly.png
14:11:06.947 [JavaFX Application Thread] DEBUG PrimaryStageWindow   - Push state: DialogSubScene
14:11:06.947 [JavaFX Application Thread] DEBUG Input                - Clearing active input actions
14:11:06.950 [JavaFX Application Thread] DEBUG GameApplicationServi - Removing overlay from GameScene and adding to DialogSubScene
14:11:06.951 [JavaFX Application Thread] DEBUG PrimaryStageWindow   - GameScene -> DialogSubScene
14:11:08.045 [JavaFX Application Thread] DEBUG PrimaryStageWindow   - Pop state: DialogSubScene
14:11:08.045 [JavaFX Application Thread] DEBUG Input                - Clearing active input actions
14:11:08.049 [JavaFX Application Thread] DEBUG GameApplicationServi - Removing overlay from DialogSubScene and adding to GameScene
14:11:08.049 [JavaFX Application Thread] DEBUG PrimaryStageWindow   - GameScene <- DialogSubScene
14:11:10.993 [JavaFX Application Thread] DEBUG PrimaryStageWindow   - Push state: DialogSubScene
14:11:10.993 [JavaFX Application Thread] DEBUG Input                - Clearing active input actions
14:11:10.994 [JavaFX Application Thread] DEBUG GameApplicationServi - Removing overlay from GameScene and adding to DialogSubScene
14:11:10.994 [JavaFX Application Thread] DEBUG PrimaryStageWindow   - GameScene -> DialogSubScene
14:11:11.948 [JavaFX Application Thread] DEBUG PrimaryStageWindow   - Pop state: DialogSubScene
14:11:11.948 [JavaFX Application Thread] DEBUG Input                - Clearing active input actions
14:11:11.948 [JavaFX Application Thread] DEBUG GameApplicationServi - Removing overlay from DialogSubScene and adding to GameScene
14:11:11.949 [JavaFX Application Thread] DEBUG PrimaryStageWindow   - GameScene <- DialogSubScene
14:11:25.934 [JavaFX Application Thread] DEBUG PrimaryStageWindow   - Push state: DialogSubScene
14:11:25.934 [JavaFX Application Thread] DEBUG Input                - Clearing active input actions
14:11:25.934 [JavaFX Application Thread] DEBUG GameApplicationServi - Removing overlay from GameScene and adding to DialogSubScene
14:11:25.935 [JavaFX Application Thread] DEBUG PrimaryStageWindow   - GameScene -> DialogSubScene
14:11:27.252 [JavaFX Application Thread] DEBUG PrimaryStageWindow   - Pop state: DialogSubScene
14:11:27.252 [JavaFX Application Thread] DEBUG Input                - Clearing active input actions
14:11:27.252 [JavaFX Application Thread] DEBUG GameApplicationServi - Removing overlay from DialogSubScene and adding to GameScene
14:11:27.253 [JavaFX Application Thread] DEBUG PrimaryStageWindow   - GameScene <- DialogSubScene
14:11:39.918 [JavaFX Application Thread] DEBUG PrimaryStageWindow   - Push state: DialogSubScene
14:11:39.919 [JavaFX Application Thread] DEBUG Input                - Clearing active input actions
14:11:39.919 [JavaFX Application Thread] DEBUG GameApplicationServi - Removing overlay from GameScene and adding to DialogSubScene
14:11:39.919 [JavaFX Application Thread] DEBUG PrimaryStageWindow   - GameScene -> DialogSubScene
14:11:41.348 [JavaFX Application Thread] DEBUG PrimaryStageWindow   - Pop state: DialogSubScene
14:11:41.348 [JavaFX Application Thread] DEBUG Input                - Clearing active input actions
14:11:41.348 [JavaFX Application Thread] DEBUG GameApplicationServi - Removing overlay from DialogSubScene and adding to GameScene
14:11:41.348 [JavaFX Application Thread] DEBUG PrimaryStageWindow   - GameScene <- DialogSubScene
14:11:46.198 [JavaFX Application Thread] WARN  FXGLAssetLoaderServi - Asset "/assets/textures/green_particle.png" was not found!
14:11:46.199 [JavaFX Application Thread] WARN  FXGLAssetLoaderServi - Failed to load IMAGE
14:11:49.373 [JavaFX Application Thread] DEBUG LoopRunner           - Pausing loop
14:12:00.877 [JavaFX Application Thread] DEBUG LoopRunner           - Resuming loop
14:12:00.879 [JavaFX Application Thread] DEBUG GameWorld            - Game world initialized
14:12:00.881 [JavaFX Application Thread] DEBUG PhysicsWorld         - Physics world initialized: appHeight=720, physics.ppm=50.0
14:12:00.881 [JavaFX Application Thread] DEBUG PhysicsWorld         - Using strategy: BRUTE_FORCE
14:12:00.882 [JavaFX Application Thread] DEBUG GameScene            - Game scene initialized: 1280x720
14:12:00.906 [JavaFX Application Thread] DEBUG PrimaryStageWindow   - Push state: MainMenuScene
14:12:00.922 [JavaFX Application Thread] DEBUG Input                - Clearing active input actions
14:12:00.928 [JavaFX Application Thread] DEBUG GameApplicationServi - Removing overlay from GameScene and adding to MainMenuScene
14:12:00.929 [JavaFX Application Thread] DEBUG PrimaryStageWindow   - GameScene -> MainMenuScene
14:12:03.329 [JavaFX Application Thread] DEBUG PrimaryStageWindow   - Pop state: MainMenuScene
14:12:03.329 [JavaFX Application Thread] DEBUG Input                - Clearing active input actions
14:12:03.331 [JavaFX Application Thread] DEBUG GameApplicationServi - Removing overlay from MainMenuScene and adding to GameScene
14:12:03.331 [JavaFX Application Thread] DEBUG PrimaryStageWindow   - GameScene <- MainMenuScene
14:12:03.374 [JavaFX Application Thread] DEBUG PrimaryStageWindow   - Push state: LoginScene
14:12:03.374 [JavaFX Application Thread] DEBUG Input                - Clearing active input actions
14:12:03.377 [JavaFX Application Thread] DEBUG GameApplicationServi - Removing overlay from GameScene and adding to LoginScene
14:12:03.377 [JavaFX Application Thread] DEBUG PrimaryStageWindow   - GameScene -> LoginScene
14:12:05.548 [JavaFX Application Thread] DEBUG FXGLApplication      - Exiting FXGL
14:12:05.548 [JavaFX Application Thread] DEBUG LoopRunner           - Stopping loop
14:12:05.548 [JavaFX Application Thread] DEBUG SystemBundleService  - Saving FXGL system data
14:12:05.551 [JavaFX Application Thread] DEBUG FileSystemAccess     - Writing to: C:\Users\ginac\IdeaProjects\TheOnlyException3\system\fxgl.bundle
14:12:05.563 [JavaFX Application Thread] DEBUG Async                - Shutting down background threads
14:12:05.564 [JavaFX Application Thread] DEBUG PrimaryStageWindow   - Closing main window
14:12:05.593 [JavaFX Application Thread] DEBUG Logger               - Closing Logger
