10:47:08.757 [main                     ] DEBUG Logger               - Configured Logger
10:47:08.762 [main                     ] DEBUG GameApplication      - Logging settings
Title: Prototype
Version: 0.1.5
Width: 1280
Height: 720
Fullscreen: false
Intro: false
Profiling: false
Single step:false
App Mode: DEVELOPER
Menu Key: ESCAPE
Stage Style: DECORATED
Scene Factory: class org.example.GameApp$1

10:47:09.083 [JavaFX Application Thread] DEBUG FXGLApplication      - Initializing FXGL
10:47:09.085 [JavaFX Application Thread] INFO  Engine               - FXGL-17+dev-SNAPSHOT (23.08.2022 11.12) on WINDOWS (J:24 FX:18)
10:47:09.086 [JavaFX Application Thread] DEBUG Engine               - JRE Vendor Name: Oracle Corporation
10:47:09.086 [JavaFX Application Thread] DEBUG Engine               - Running on OS: Windows 11 version 10.0
10:47:09.086 [JavaFX Application Thread] DEBUG Engine               - Architecture: amd64
10:47:09.086 [JavaFX Application Thread] INFO  Engine               - Source code and latest versions at: https://github.com/AlmasB/FXGL
10:47:09.086 [JavaFX Application Thread] INFO  Engine               -       Ask questions and discuss at: https://github.com/AlmasB/FXGL/discussions
10:47:09.086 [JavaFX Application Thread] INFO  Engine               -              Join the FXGL chat at: https://gitter.im/AlmasB/FXGL
10:47:09.166 [JavaFX Application Thread] DEBUG PrimaryStageWindow   - Creating a JavaFX scene
10:47:09.212 [JavaFX Application Thread] DEBUG PrimaryStageWindow   - Target settings size: 1280.0 x 720.0
10:47:09.212 [JavaFX Application Thread] DEBUG PrimaryStageWindow   - Scaled scene size:    1280.0 x 720.0
10:47:09.212 [JavaFX Application Thread] DEBUG PrimaryStageWindow   - Scaled ratio: (1.0, 1.0)
10:47:09.213 [JavaFX Application Thread] DEBUG PrimaryStageWindow   - Set initial scene to FXGLStartupScene
10:47:09.223 [JavaFX Application Thread] DEBUG PrimaryStageWindow   - Opening main window
10:47:09.340 [JavaFX Application Thread] DEBUG PrimaryStageWindow   - Window border size: (16.0, 39.0)
10:47:09.340 [JavaFX Application Thread] DEBUG PrimaryStageWindow   - Scaled size: 1280.0 x 720.0
10:47:09.340 [JavaFX Application Thread] DEBUG PrimaryStageWindow   - Scaled ratio: (1.0, 1.0)
10:47:09.340 [JavaFX Application Thread] DEBUG PrimaryStageWindow   - Scene size: 1280.0 x 720.0
10:47:09.340 [JavaFX Application Thread] DEBUG PrimaryStageWindow   - Stage size: 1296.0 x 759.0
10:47:09.345 [FXGL Background Thread 1 ] DEBUG Engine               - Initializing environment variables
10:47:09.373 [FXGL Background Thread 1 ] DEBUG FXGLAssetLoaderServi - User app class for loading assets: class org.example.GameApp
10:47:09.373 [FXGL Background Thread 1 ] DEBUG GameApplicationServi - Applying CSS: fxgl_dark.css
10:47:09.374 [FXGL Background Thread 1 ] DEBUG FXGLAssetLoaderServi - Loading from file system: jar:file:/C:/Users/primzcm/.m2/repository/com/github/almasb/fxgl/fxgl/17.2/fxgl-17.2.jar!/fxglassets/ui/css/fxgl_dark.css
10:47:09.404 [FXGL Background Thread 1 ] DEBUG GameApplicationServi - Initializing application scenes
10:47:09.433 [FXGL Background Thread 1 ] DEBUG GameWorld            - Game world initialized
10:47:09.474 [FXGL Background Thread 1 ] DEBUG PhysicsWorld         - Physics world initialized: appHeight=720, physics.ppm=50.0
10:47:09.474 [FXGL Background Thread 1 ] DEBUG PhysicsWorld         - Using strategy: BRUTE_FORCE
10:47:09.476 [FXGL Background Thread 1 ] DEBUG GameScene            - Game scene initialized: 1280x720
10:47:09.495 [FXGL Background Thread 1 ] DEBUG FXGL.DefaultMenu     - createMenuBodyGameMenu()
10:47:09.502 [FXGL Background Thread 1 ] DEBUG FXGL.DefaultMenu     - createOptionsMenu()
10:47:09.510 [FXGL Background Thread 1 ] DEBUG FXGLAssetLoaderServi - Loading from file system: jar:file:/C:/Users/primzcm/.m2/repository/com/github/almasb/fxgl/fxgl/17.2/fxgl-17.2.jar!/fxglassets/textures/particles/smoke.png
10:47:09.574 [FXGL Background Thread 1 ] DEBUG FXGLAssetLoaderServi - Loading from file system: jar:file:/C:/Users/primzcm/.m2/repository/com/github/almasb/fxgl/fxgl/17.2/fxgl-17.2.jar!/fxglassets/textures/particles/trace_horizontal.png
10:47:09.595 [FXGL Background Thread 1 ] DEBUG GameApplicationServi - Application scenes initialized
10:47:09.603 [FXGL Background Thread 1 ] DEBUG SystemBundleService  - Loading FXGL system data
10:47:09.604 [FXGL Background Thread 1 ] DEBUG FileSystemAccess     - Reading from: F:\my files\School\2nd year 2nd sem\TheOnlyException\system\fxgl.bundle
10:47:09.606 [FXGL Background Thread 1 ] DEBUG SystemBundleService  - Bundle FXGL: {}
10:47:09.606 [FXGL Background Thread 1 ] DEBUG UpdaterService       - Checking for updates
10:47:09.608 [FXGL Background Thread 4 ] DEBUG FXGLApplication      - Loading fonts
10:47:09.608 [FXGL Background Thread 4 ] DEBUG FXGLAssetLoaderServi - Loading from file system: jar:file:/C:/Users/primzcm/.m2/repository/com/github/almasb/fxgl/fxgl/17.2/fxgl-17.2.jar!/fxglassets/ui/fonts/VarelaRound-Regular.ttf
10:47:09.608 [FXGL Background Thread 1 ] DEBUG FXGLApplication      - Loading default localization
10:47:09.609 [FXGL Background Thread 1 ] DEBUG FXGLAssetLoaderServi - Loading from file system: jar:file:/C:/Users/primzcm/.m2/repository/com/github/almasb/fxgl/fxgl/17.2/fxgl-17.2.jar!/fxglassets/languages/english.lang
10:47:09.613 [FXGL Background Thread 4 ] DEBUG FXGLAssetLoaderServi - Loading from file system: jar:file:/C:/Users/primzcm/.m2/repository/com/github/almasb/fxgl/fxgl/17.2/fxgl-17.2.jar!/fxglassets/ui/fonts/Abel-Regular.ttf
10:47:09.616 [FXGL Background Thread 4 ] DEBUG FXGLAssetLoaderServi - Loading from file system: jar:file:/C:/Users/primzcm/.m2/repository/com/github/almasb/fxgl/fxgl/17.2/fxgl-17.2.jar!/fxglassets/ui/fonts/TerminalLandMono-Regular.otf
10:47:09.617 [FXGL Background Thread 4 ] DEBUG FXGLAssetLoaderServi - Loading from file system: jar:file:/C:/Users/primzcm/.m2/repository/com/github/almasb/fxgl/fxgl/17.2/fxgl-17.2.jar!/fxglassets/ui/fonts/Courier-Prime.ttf
10:47:09.623 [JavaFX Application Thread] DEBUG FXGLApplication      - Registering font factories with UI factory
10:47:09.631 [FXGL Background Thread 1 ] INFO  FXGLApplication      - FXGL initialization took: 0.287 sec
10:47:09.638 [JavaFX Application Thread] DEBUG Input                - Registered new binding: action0 - A
10:47:09.639 [JavaFX Application Thread] DEBUG Input                - Registered new binding: action1 - D
10:47:09.639 [JavaFX Application Thread] DEBUG Input                - Registered new binding: action2 - W
10:47:09.639 [JavaFX Application Thread] DEBUG Input                - Registered new binding: action3 - S
10:47:09.639 [JavaFX Application Thread] DEBUG FXGLAssetLoaderServi - Loading from file system: jar:file:/C:/Users/primzcm/.m2/repository/com/github/almasb/fxgl/fxgl/17.2/fxgl-17.2.jar!/fxglassets/textures/fxgl_icon.png
10:47:09.661 [JavaFX Application Thread] DEBUG FXGLAssetLoaderServi - Loading from file system: jar:file:/C:/Users/primzcm/.m2/repository/com/github/almasb/fxgl/fxgl/17.2/fxgl-17.2.jar!/fxglassets/textures/fxgl_default_cursor.png
10:47:09.663 [JavaFX Application Thread] DEBUG Input                - Registered new binding: Screenshot - CTRL+8
10:47:09.664 [JavaFX Application Thread] DEBUG Input                - Registered new binding: System info dump - CTRL+9
10:47:09.664 [JavaFX Application Thread] DEBUG Input                - Registered new binding: Restart - CTRL+R
10:47:09.665 [JavaFX Application Thread] DEBUG Input                - Registered new binding: Toggle Debug Camera - CTRL+7
10:47:09.667 [JavaFX Application Thread] DEBUG LoopRunner           - Starting loop
10:47:09.667 [JavaFX Application Thread] DEBUG LoopRunner           - Initializing JavaFX AnimationTimerLoop
10:47:09.672 [JavaFX Application Thread] DEBUG Input                - Clearing active input actions
10:47:09.677 [JavaFX Application Thread] DEBUG GameApplicationServi - Removing overlay from FXGLStartupScene and adding to FXGLMainMenuDummyScene
10:47:09.678 [JavaFX Application Thread] DEBUG PrimaryStageWindow   - FXGLStartupScene -> FXGLMainMenuDummyScene
10:47:09.678 [JavaFX Application Thread] DEBUG PrimaryStageWindow   - Push state: NameInputScene
10:47:09.678 [JavaFX Application Thread] DEBUG Input                - Clearing active input actions
10:47:09.687 [JavaFX Application Thread] DEBUG GameApplicationServi - Removing overlay from FXGLMainMenuDummyScene and adding to NameInputScene
10:47:09.687 [JavaFX Application Thread] DEBUG PrimaryStageWindow   - FXGLMainMenuDummyScene -> NameInputScene
10:47:09.931 [FXGL Background Thread 2 ] INFO  UpdaterService       - Your current version:  17+dev-SNAPSHOT
10:47:09.931 [FXGL Background Thread 2 ] INFO  UpdaterService       - Latest stable version: 21.1
10:47:12.608 [FXGL Background Thread 3 ] DEBUG Engine               - Logging environment variables
10:47:12.608 [FXGL Background Thread 3 ] DEBUG Engine               - achievements: []
10:47:12.608 [FXGL Background Thread 3 ] DEBUG Engine               - actualHeight: 720.0
10:47:12.608 [FXGL Background Thread 3 ] DEBUG Engine               - actualHeightProperty: ReadOnlyDoubleProperty [value: 720.0]
10:47:12.608 [FXGL Background Thread 3 ] DEBUG Engine               - actualWidth: 1280.0
10:47:12.608 [FXGL Background Thread 3 ] DEBUG Engine               - actualWidthProperty: ReadOnlyDoubleProperty [value: 1280.0]
10:47:12.608 [FXGL Background Thread 3 ] DEBUG Engine               - appIcon: fxgl_icon.png
10:47:12.608 [FXGL Background Thread 3 ] DEBUG Engine               - applicationMode: DEVELOPER
10:47:12.608 [FXGL Background Thread 3 ] DEBUG Engine               - cSSList: [fxgl_dark.css]
10:47:12.608 [FXGL Background Thread 3 ] DEBUG Engine               - collisionDetectionStrategy: BRUTE_FORCE
10:47:12.608 [FXGL Background Thread 3 ] DEBUG Engine               - configClass: Optional.empty
10:47:12.608 [FXGL Background Thread 3 ] DEBUG Engine               - credits: []
10:47:12.609 [FXGL Background Thread 3 ] DEBUG Engine               - defaultCursor: CursorInfo(imageName=fxgl_default_cursor.png, hotspotX=7.0, hotspotY=6.0)
10:47:12.609 [FXGL Background Thread 3 ] DEBUG Engine               - devBBoxColorProperty: ObjectProperty [value: 0xff0000ff]
10:47:12.609 [FXGL Background Thread 3 ] DEBUG Engine               - devEnableDebugCameraProperty: BooleanProperty [value: false]
10:47:12.609 [FXGL Background Thread 3 ] DEBUG Engine               - devSensorColorProperty: ObjectProperty [value: 0xffff00ff]
10:47:12.609 [FXGL Background Thread 3 ] DEBUG Engine               - devShowBBoxProperty: BooleanProperty [value: false]
10:47:12.609 [FXGL Background Thread 3 ] DEBUG Engine               - devShowPositionProperty: BooleanProperty [value: false]
10:47:12.609 [FXGL Background Thread 3 ] DEBUG Engine               - enabledMenuItems: []
10:47:12.609 [FXGL Background Thread 3 ] DEBUG Engine               - engineServices: [class com.almasb.fxgl.app.services.FXGLAssetLoaderService, class com.almasb.fxgl.app.FXGLApplication$GameApplicationService, class com.almasb.fxgl.app.services.FXGLDialogService, class com.almasb.fxgl.app.services.IOTaskExecutorService, class com.almasb.fxgl.io.FileSystemService, class com.almasb.fxgl.localization.LocalizationService, class com.almasb.fxgl.app.services.SystemBundleService, class com.almasb.fxgl.profile.SaveLoadService, class com.almasb.fxgl.ui.FXGLUIFactoryServiceProvider, class com.almasb.fxgl.ui.FXGLDialogFactoryServiceProvider, class com.almasb.fxgl.audio.AudioPlayer, class com.almasb.fxgl.notification.impl.NotificationServiceProvider, class com.almasb.fxgl.achievement.AchievementService, class com.almasb.fxgl.cutscene.CutsceneService, class com.almasb.fxgl.minigames.MiniGameService, class com.almasb.fxgl.net.NetService, class com.almasb.fxgl.app.services.UpdaterService, class com.almasb.fxgl.dev.DevService]
10:47:12.609 [FXGL Background Thread 3 ] DEBUG Engine               - fontGame: Abel-Regular.ttf
10:47:12.609 [FXGL Background Thread 3 ] DEBUG Engine               - fontMono: TerminalLandMono-Regular.otf
10:47:12.609 [FXGL Background Thread 3 ] DEBUG Engine               - fontText: Courier-Prime.ttf
10:47:12.609 [FXGL Background Thread 3 ] DEBUG Engine               - fontUI: VarelaRound-Regular.ttf
10:47:12.609 [FXGL Background Thread 3 ] DEBUG Engine               - fullScreen: BooleanProperty [value: false]
10:47:12.609 [FXGL Background Thread 3 ] DEBUG Engine               - gameDifficulty: MEDIUM
10:47:12.609 [FXGL Background Thread 3 ] DEBUG Engine               - gameDifficultyProperty: ObjectProperty [value: MEDIUM]
10:47:12.609 [FXGL Background Thread 3 ] DEBUG Engine               - globalMusicVolume: 0.5
10:47:12.609 [FXGL Background Thread 3 ] DEBUG Engine               - globalMusicVolumeProperty: DoubleProperty [value: 0.5]
10:47:12.609 [FXGL Background Thread 3 ] DEBUG Engine               - globalSoundVolume: 0.5
10:47:12.609 [FXGL Background Thread 3 ] DEBUG Engine               - globalSoundVolumeProperty: DoubleProperty [value: 0.5]
10:47:12.609 [FXGL Background Thread 3 ] DEBUG Engine               - height: 720
10:47:12.609 [FXGL Background Thread 3 ] DEBUG Engine               - is3D: false
10:47:12.609 [FXGL Background Thread 3 ] DEBUG Engine               - isAndroid: false
10:47:12.609 [FXGL Background Thread 3 ] DEBUG Engine               - isBrowser: false
10:47:12.609 [FXGL Background Thread 3 ] DEBUG Engine               - isClickFeedbackEnabled: false
10:47:12.609 [FXGL Background Thread 3 ] DEBUG Engine               - isCloseConfirmation: false
10:47:12.609 [FXGL Background Thread 3 ] DEBUG Engine               - isDesktop: true
10:47:12.609 [FXGL Background Thread 3 ] DEBUG Engine               - isDeveloperMenuEnabled: false
10:47:12.609 [FXGL Background Thread 3 ] DEBUG Engine               - isEmbedded: false
10:47:12.609 [FXGL Background Thread 3 ] DEBUG Engine               - isEntityPreloadEnabled: true
10:47:12.609 [FXGL Background Thread 3 ] DEBUG Engine               - isExperimentalTiledLargeMap: false
10:47:12.609 [FXGL Background Thread 3 ] DEBUG Engine               - isFileSystemWriteAllowed: true
10:47:12.609 [FXGL Background Thread 3 ] DEBUG Engine               - isFullScreenAllowed: false
10:47:12.609 [FXGL Background Thread 3 ] DEBUG Engine               - isFullScreenFromStart: false
10:47:12.609 [FXGL Background Thread 3 ] DEBUG Engine               - isGameMenuEnabled: true
10:47:12.610 [FXGL Background Thread 3 ] DEBUG Engine               - isIOS: false
10:47:12.610 [FXGL Background Thread 3 ] DEBUG Engine               - isIntroEnabled: false
10:47:12.610 [FXGL Background Thread 3 ] DEBUG Engine               - isLinux: false
10:47:12.610 [FXGL Background Thread 3 ] DEBUG Engine               - isMac: false
10:47:12.610 [FXGL Background Thread 3 ] DEBUG Engine               - isMainMenuEnabled: true
10:47:12.610 [FXGL Background Thread 3 ] DEBUG Engine               - isManualResizeEnabled: false
10:47:12.610 [FXGL Background Thread 3 ] DEBUG Engine               - isMobile: false
10:47:12.610 [FXGL Background Thread 3 ] DEBUG Engine               - isNative: false
10:47:12.610 [FXGL Background Thread 3 ] DEBUG Engine               - isPauseMusicWhenMinimized: true
10:47:12.610 [FXGL Background Thread 3 ] DEBUG Engine               - isPreserveResizeRatio: false
10:47:12.610 [FXGL Background Thread 3 ] DEBUG Engine               - isProfilingEnabled: false
10:47:12.610 [FXGL Background Thread 3 ] DEBUG Engine               - isScaleAffectedOnResize: true
10:47:12.610 [FXGL Background Thread 3 ] DEBUG Engine               - isSingleStep: false
10:47:12.610 [FXGL Background Thread 3 ] DEBUG Engine               - isUserProfileEnabled: false
10:47:12.610 [FXGL Background Thread 3 ] DEBUG Engine               - isWindows: true
10:47:12.610 [FXGL Background Thread 3 ] DEBUG Engine               - language: ObjectProperty [value: ENGLISH]
10:47:12.610 [FXGL Background Thread 3 ] DEBUG Engine               - menuKey: ESCAPE
10:47:12.610 [FXGL Background Thread 3 ] DEBUG Engine               - mouseSensitivity: 0.2
10:47:12.610 [FXGL Background Thread 3 ] DEBUG Engine               - notificationViewClass: class com.almasb.fxgl.notification.view.XboxNotificationView
10:47:12.610 [FXGL Background Thread 3 ] DEBUG Engine               - pixelsPerMeter: 50.0
10:47:12.610 [FXGL Background Thread 3 ] DEBUG Engine               - platform: WINDOWS
10:47:12.610 [FXGL Background Thread 3 ] DEBUG Engine               - prefHeightProperty: ReadOnlyDoubleProperty [value: 720.0]
10:47:12.610 [FXGL Background Thread 3 ] DEBUG Engine               - prefWidthProperty: ReadOnlyDoubleProperty [value: 1280.0]
10:47:12.610 [FXGL Background Thread 3 ] DEBUG Engine               - profileDir: profiles/
10:47:12.610 [FXGL Background Thread 3 ] DEBUG Engine               - profileName: StringProperty [value: DEFAULT]
10:47:12.610 [FXGL Background Thread 3 ] DEBUG Engine               - randomSeed: -1
10:47:12.611 [FXGL Background Thread 3 ] DEBUG Engine               - runtimeInfo: RuntimeInfo(platform=WINDOWS, version=17+dev-SNAPSHOT, build=23.08.2022 11.12)
10:47:12.611 [FXGL Background Thread 3 ] DEBUG Engine               - saveFileExt: sav
10:47:12.611 [FXGL Background Thread 3 ] DEBUG Engine               - scaledHeightProp$fxgl: DoubleProperty [bound, value: 720.0]
10:47:12.611 [FXGL Background Thread 3 ] DEBUG Engine               - scaledWidthProp$fxgl: DoubleProperty [bound, value: 1280.0]
10:47:12.611 [FXGL Background Thread 3 ] DEBUG Engine               - sceneFactory: org.example.GameApp$1@772024af
10:47:12.611 [FXGL Background Thread 3 ] DEBUG Engine               - secondsIn24h: 60
10:47:12.611 [FXGL Background Thread 3 ] DEBUG Engine               - soundMenuBack: menu/back.wav
10:47:12.611 [FXGL Background Thread 3 ] DEBUG Engine               - soundMenuPress: menu/press.wav
10:47:12.611 [FXGL Background Thread 3 ] DEBUG Engine               - soundMenuSelect: menu/select.wav
10:47:12.611 [FXGL Background Thread 3 ] DEBUG Engine               - soundNotification: core/notification.wav
10:47:12.611 [FXGL Background Thread 3 ] DEBUG Engine               - stageStyle: DECORATED
10:47:12.611 [FXGL Background Thread 3 ] DEBUG Engine               - supportedLanguages: [ENGLISH, FRENCH, GERMAN, HUNGARIAN, RUSSIAN]
10:47:12.611 [FXGL Background Thread 3 ] DEBUG Engine               - ticksPerSecond: -1
10:47:12.611 [FXGL Background Thread 3 ] DEBUG Engine               - title: Prototype
10:47:12.611 [FXGL Background Thread 3 ] DEBUG Engine               - urlGithub: https://github.com/AlmasB/FXGL
10:47:12.611 [FXGL Background Thread 3 ] DEBUG Engine               - urlLeaderboard: http://fxgl-top.herokuapp.com/
10:47:12.611 [FXGL Background Thread 3 ] DEBUG Engine               - urlPOM: https://raw.githubusercontent.com/AlmasB/FXGL/release/README.md
10:47:12.611 [FXGL Background Thread 3 ] DEBUG Engine               - userAppClass: class org.example.GameApp
10:47:12.611 [FXGL Background Thread 3 ] DEBUG Engine               - version: 0.1.5
10:47:12.611 [FXGL Background Thread 3 ] DEBUG Engine               - versionCheckDays: 7
10:47:12.611 [FXGL Background Thread 3 ] DEBUG Engine               - width: 1280
10:47:12.611 [FXGL Background Thread 3 ] DEBUG Engine               - Logging services
10:47:12.611 [FXGL Background Thread 3 ] DEBUG Engine               - class com.almasb.fxgl.app.services.FXGLAssetLoaderService
10:47:12.611 [FXGL Background Thread 3 ] DEBUG Engine               - class com.almasb.fxgl.app.FXGLApplication$GameApplicationService
10:47:12.611 [FXGL Background Thread 3 ] DEBUG Engine               - class com.almasb.fxgl.app.services.FXGLDialogService
10:47:12.611 [FXGL Background Thread 3 ] DEBUG Engine               - class com.almasb.fxgl.app.services.IOTaskExecutorService
10:47:12.611 [FXGL Background Thread 3 ] DEBUG Engine               - class com.almasb.fxgl.io.FileSystemService
10:47:12.611 [FXGL Background Thread 3 ] DEBUG Engine               - class com.almasb.fxgl.localization.LocalizationService
10:47:12.611 [FXGL Background Thread 3 ] DEBUG Engine               - class com.almasb.fxgl.app.services.SystemBundleService
10:47:12.611 [FXGL Background Thread 3 ] DEBUG Engine               - class com.almasb.fxgl.profile.SaveLoadService
10:47:12.611 [FXGL Background Thread 3 ] DEBUG Engine               - class com.almasb.fxgl.ui.FXGLUIFactoryServiceProvider
10:47:12.611 [FXGL Background Thread 3 ] DEBUG Engine               - class com.almasb.fxgl.ui.FXGLDialogFactoryServiceProvider
10:47:12.611 [FXGL Background Thread 3 ] DEBUG Engine               - class com.almasb.fxgl.audio.AudioPlayer
10:47:12.611 [FXGL Background Thread 3 ] DEBUG Engine               - class com.almasb.fxgl.notification.impl.NotificationServiceProvider
10:47:12.611 [FXGL Background Thread 3 ] DEBUG Engine               - class com.almasb.fxgl.achievement.AchievementService
10:47:12.611 [FXGL Background Thread 3 ] DEBUG Engine               - class com.almasb.fxgl.cutscene.CutsceneService
10:47:12.611 [FXGL Background Thread 3 ] DEBUG Engine               - class com.almasb.fxgl.minigames.MiniGameService
10:47:12.611 [FXGL Background Thread 3 ] DEBUG Engine               - class com.almasb.fxgl.net.NetService
10:47:12.611 [FXGL Background Thread 3 ] DEBUG Engine               - class com.almasb.fxgl.app.services.UpdaterService
10:47:12.611 [FXGL Background Thread 3 ] DEBUG Engine               - class com.almasb.fxgl.dev.DevService
10:47:22.908 [JavaFX Application Thread] DEBUG FXGLApplication      - Exiting FXGL
10:47:22.908 [JavaFX Application Thread] DEBUG LoopRunner           - Stopping loop
10:47:22.909 [JavaFX Application Thread] DEBUG SystemBundleService  - Saving FXGL system data
10:47:22.910 [JavaFX Application Thread] DEBUG FileSystemAccess     - Writing to: F:\my files\School\2nd year 2nd sem\TheOnlyException\system\fxgl.bundle
10:47:22.958 [JavaFX Application Thread] DEBUG Async                - Shutting down background threads
10:47:22.958 [JavaFX Application Thread] DEBUG PrimaryStageWindow   - Closing main window
10:47:22.992 [JavaFX Application Thread] DEBUG Logger               - Closing Logger
