16:57:19.785 [main                     ] DEBUG Logger               - Configured Logger
16:57:19.797 [main                     ] DEBUG GameApplication      - Logging settings
Title: Prototype
Version: 0.1.5
Width: 1280
Height: 720
Fullscreen: false
Intro: false
Profiling: false
Single step:false
App Mode: DEVELOPER
Menu Key: ESCAPE
Stage Style: DECORATED
Scene Factory: class com.almasb.fxgl.app.scene.SceneFactory

16:57:20.371 [JavaFX Application Thread] DEBUG FXGLApplication      - Initializing FXGL
16:57:20.376 [JavaFX Application Thread] INFO  Engine               - FXGL-17+dev-SNAPSHOT (01.09.2022 03.33) on WINDOWS (J:24 FX:18)
16:57:20.376 [JavaFX Application Thread] DEBUG Engine               - JRE Vendor Name: Oracle Corporation
16:57:20.377 [JavaFX Application Thread] DEBUG Engine               - Running on OS: Windows 10 version 10.0
16:57:20.377 [JavaFX Application Thread] DEBUG Engine               - Architecture: amd64
16:57:20.377 [JavaFX Application Thread] INFO  Engine               - Source code and latest versions at: https://github.com/AlmasB/FXGL
16:57:20.377 [JavaFX Application Thread] INFO  Engine               -       Ask questions and discuss at: https://github.com/AlmasB/FXGL/discussions
16:57:20.377 [JavaFX Application Thread] INFO  Engine               -              Join the FXGL chat at: https://gitter.im/AlmasB/FXGL
16:57:20.564 [JavaFX Application Thread] DEBUG PrimaryStageWindow   - Creating a JavaFX scene
16:57:20.652 [JavaFX Application Thread] DEBUG PrimaryStageWindow   - Target settings size: 1280.0 x 720.0
16:57:20.652 [JavaFX Application Thread] DEBUG PrimaryStageWindow   - Scaled scene size:    1280.0 x 720.0
16:57:20.652 [JavaFX Application Thread] DEBUG PrimaryStageWindow   - Scaled ratio: (1.0, 1.0)
16:57:20.654 [JavaFX Application Thread] DEBUG PrimaryStageWindow   - Set initial scene to FXGLStartupScene
16:57:20.668 [JavaFX Application Thread] DEBUG PrimaryStageWindow   - Opening main window
16:57:20.785 [JavaFX Application Thread] DEBUG PrimaryStageWindow   - Window border size: (16.0, 39.0)
16:57:20.786 [JavaFX Application Thread] DEBUG PrimaryStageWindow   - Scaled size: 1280.0 x 720.0
16:57:20.786 [JavaFX Application Thread] DEBUG PrimaryStageWindow   - Scaled ratio: (1.0, 1.0)
16:57:20.786 [JavaFX Application Thread] DEBUG PrimaryStageWindow   - Scene size: 1280.0 x 720.0
16:57:20.786 [JavaFX Application Thread] DEBUG PrimaryStageWindow   - Stage size: 1296.0 x 759.0
16:57:20.799 [FXGL Background Thread 1 ] DEBUG Engine               - Initializing environment variables
16:57:20.918 [FXGL Background Thread 1 ] DEBUG FXGLAssetLoaderServi - User app class for loading assets: class org.example.GameApp
16:57:20.918 [FXGL Background Thread 1 ] DEBUG GameApplicationServi - Applying CSS: fxgl_dark.css
16:57:20.919 [FXGL Background Thread 1 ] DEBUG FXGLAssetLoaderServi - Loading from file system: jar:file:/C:/Users/jcmer/.m2/repository/com/github/AlmasB/FXGL/fxgl/17.2/fxgl-17.2.jar!/fxglassets/ui/css/fxgl_dark.css
16:57:21.003 [FXGL Background Thread 1 ] DEBUG GameApplicationServi - Initializing application scenes
16:57:21.112 [FXGL Background Thread 1 ] DEBUG GameWorld            - Game world initialized
16:57:21.204 [FXGL Background Thread 1 ] DEBUG PhysicsWorld         - Physics world initialized: appHeight=720, physics.ppm=50.0
16:57:21.205 [FXGL Background Thread 1 ] DEBUG PhysicsWorld         - Using strategy: BRUTE_FORCE
16:57:21.210 [FXGL Background Thread 1 ] DEBUG GameScene            - Game scene initialized: 1280x720
16:57:21.228 [FXGL Background Thread 1 ] DEBUG FXGL.DefaultMenu     - createMenuBodyGameMenu()
16:57:21.254 [FXGL Background Thread 1 ] DEBUG FXGL.DefaultMenu     - createOptionsMenu()
16:57:21.284 [FXGL Background Thread 1 ] DEBUG FXGLAssetLoaderServi - Loading from file system: jar:file:/C:/Users/jcmer/.m2/repository/com/github/AlmasB/FXGL/fxgl/17.2/fxgl-17.2.jar!/fxglassets/textures/particles/smoke.png
16:57:21.424 [FXGL Background Thread 1 ] DEBUG FXGLAssetLoaderServi - Loading from file system: jar:file:/C:/Users/jcmer/.m2/repository/com/github/AlmasB/FXGL/fxgl/17.2/fxgl-17.2.jar!/fxglassets/textures/particles/trace_horizontal.png
16:57:21.461 [FXGL Background Thread 1 ] DEBUG GameApplicationServi - Application scenes initialized
16:57:21.481 [FXGL Background Thread 1 ] DEBUG SystemBundleService  - Loading FXGL system data
16:57:21.487 [FXGL Background Thread 1 ] DEBUG FileSystemAccess     - Reading from: C:\Users\jcmer\IdeaProjects\TheOnlyException-4-26\system\fxgl.bundle
16:57:21.496 [FXGL Background Thread 1 ] DEBUG SystemBundleService  - Bundle FXGL: {}
16:57:21.496 [FXGL Background Thread 1 ] DEBUG UpdaterService       - Checking for updates
16:57:21.504 [FXGL Background Thread 4 ] DEBUG FXGLApplication      - Loading fonts
16:57:21.505 [FXGL Background Thread 4 ] DEBUG FXGLAssetLoaderServi - Loading from file system: jar:file:/C:/Users/jcmer/.m2/repository/com/github/AlmasB/FXGL/fxgl-samples/17.2/fxgl-samples-17.2.jar!/assets/ui/fonts/VarelaRound-Regular.ttf
16:57:21.505 [FXGL Background Thread 1 ] DEBUG FXGLApplication      - Loading default localization
16:57:21.506 [FXGL Background Thread 1 ] DEBUG FXGLAssetLoaderServi - Loading from file system: jar:file:/C:/Users/jcmer/.m2/repository/com/github/AlmasB/FXGL/fxgl/17.2/fxgl-17.2.jar!/fxglassets/languages/english.lang
16:57:21.568 [FXGL Background Thread 4 ] DEBUG FXGLAssetLoaderServi - Loading from file system: jar:file:/C:/Users/jcmer/.m2/repository/com/github/AlmasB/FXGL/fxgl/17.2/fxgl-17.2.jar!/fxglassets/ui/fonts/Abel-Regular.ttf
16:57:21.571 [FXGL Background Thread 1 ] INFO  FXGLApplication      - FXGL initialization took: 0.772 sec
16:57:21.586 [FXGL Background Thread 4 ] DEBUG FXGLAssetLoaderServi - Loading from file system: jar:file:/C:/Users/jcmer/.m2/repository/com/github/AlmasB/FXGL/fxgl/17.2/fxgl-17.2.jar!/fxglassets/ui/fonts/TerminalLandMono-Regular.otf
16:57:21.586 [JavaFX Application Thread] DEBUG Input                - Registered new binding: action0 - A
16:57:21.587 [JavaFX Application Thread] DEBUG Input                - Registered new binding: action1 - D
16:57:21.587 [JavaFX Application Thread] DEBUG Input                - Registered new binding: action2 - W
16:57:21.588 [JavaFX Application Thread] DEBUG Input                - Registered new binding: action3 - S
16:57:21.588 [JavaFX Application Thread] DEBUG FXGLAssetLoaderServi - Loading from file system: jar:file:/C:/Users/jcmer/.m2/repository/com/github/AlmasB/FXGL/fxgl/17.2/fxgl-17.2.jar!/fxglassets/textures/fxgl_icon.png
16:57:21.610 [FXGL Background Thread 4 ] DEBUG FXGLAssetLoaderServi - Loading from file system: jar:file:/C:/Users/jcmer/.m2/repository/com/github/AlmasB/FXGL/fxgl/17.2/fxgl-17.2.jar!/fxglassets/ui/fonts/Courier-Prime.ttf
16:57:21.642 [JavaFX Application Thread] DEBUG FXGLAssetLoaderServi - Loading from file system: jar:file:/C:/Users/jcmer/.m2/repository/com/github/AlmasB/FXGL/fxgl/17.2/fxgl-17.2.jar!/fxglassets/textures/fxgl_default_cursor.png
16:57:21.646 [JavaFX Application Thread] DEBUG Input                - Registered new binding: Screenshot - CTRL+8
16:57:21.648 [JavaFX Application Thread] DEBUG Input                - Registered new binding: System info dump - CTRL+9
16:57:21.649 [JavaFX Application Thread] DEBUG Input                - Registered new binding: Restart - CTRL+R
16:57:21.651 [JavaFX Application Thread] DEBUG Input                - Registered new binding: Toggle Debug Camera - CTRL+7
16:57:21.656 [JavaFX Application Thread] DEBUG LoopRunner           - Starting loop
16:57:21.656 [JavaFX Application Thread] DEBUG LoopRunner           - Initializing JavaFX AnimationTimerLoop
16:57:21.659 [JavaFX Application Thread] DEBUG GameApplicationServi - Starting new game
16:57:21.659 [JavaFX Application Thread] DEBUG Input                - Clearing active input actions
16:57:21.676 [JavaFX Application Thread] DEBUG GameApplicationServi - Removing overlay from FXGLStartupScene and adding to FXGLLoadingScene
16:57:21.676 [JavaFX Application Thread] DEBUG PrimaryStageWindow   - FXGLStartupScene -> FXGLLoadingScene
16:57:21.676 [JavaFX Application Thread] DEBUG GameApplicationServi - Clearing previous game
16:57:21.676 [JavaFX Application Thread] DEBUG GameScene            - Clearing game scene
16:57:21.676 [JavaFX Application Thread] DEBUG GameWorld            - Clearing game world
16:57:21.676 [JavaFX Application Thread] DEBUG PhysicsWorld         - Clearing physics world
16:57:21.678 [JavaFX Application Thread] DEBUG FXGLApplication      - Registering font factories with UI factory
16:57:21.678 [FXGL Background Thread 4 ] DEBUG FXGLApplication      - Initializing game
16:57:21.681 [FXGL Background Thread 4 ] DEBUG Input                - Clearing active input actions
16:57:21.704 [FXGL Background Thread 4 ] DEBUG FXGLAssetLoaderServi - Loading from file system: file:/C:/Users/jcmer/IdeaProjects/TheOnlyException-4-26/TheOnlyException-4-26/Test/target/classes/assets/textures/dasd.png
16:57:21.765 [FXGL Background Thread 4 ] DEBUG FXGLAssetLoaderServi - Loading from file system: file:/C:/Users/jcmer/IdeaProjects/TheOnlyException-4-26/TheOnlyException-4-26/Test/target/classes/assets/textures/player-scaled.png
16:57:21.889 [FXGL Background Thread 4 ] INFO  FXGLApplication      - Game initialization took: 0.211 sec
16:57:21.894 [JavaFX Application Thread] DEBUG Input                - Clearing active input actions
16:57:21.906 [JavaFX Application Thread] DEBUG GameApplicationServi - Removing overlay from FXGLLoadingScene and adding to GameScene
16:57:21.906 [JavaFX Application Thread] DEBUG PrimaryStageWindow   - FXGLLoadingScene -> GameScene
16:57:22.550 [FXGL Background Thread 2 ] INFO  UpdaterService       - Your current version:  17+dev-SNAPSHOT
16:57:22.550 [FXGL Background Thread 2 ] INFO  UpdaterService       - Latest stable version: 21.1
16:57:22.838 [JavaFX Application Thread] DEBUG FXGLAssetLoaderServi - Loading from file system: file:/C:/Users/jcmer/IdeaProjects/TheOnlyException-4-26/TheOnlyException-4-26/Test/target/classes/assets/textures/MaggotWalk-scaled.png
16:57:23.841 [JavaFX Application Thread] DEBUG FXGLAssetLoaderServi - Loading from file system: file:/C:/Users/jcmer/IdeaProjects/TheOnlyException-4-26/TheOnlyException-4-26/Test/target/classes/assets/textures/BeetleMove-scaled.png
16:57:24.503 [FXGL Background Thread 3 ] DEBUG Engine               - Logging environment variables
16:57:24.503 [FXGL Background Thread 3 ] DEBUG Engine               - achievements: []
16:57:24.503 [FXGL Background Thread 3 ] DEBUG Engine               - actualHeight: 720.0
16:57:24.504 [FXGL Background Thread 3 ] DEBUG Engine               - actualHeightProperty: ReadOnlyDoubleProperty [value: 720.0]
16:57:24.504 [FXGL Background Thread 3 ] DEBUG Engine               - actualWidth: 1280.0
16:57:24.504 [FXGL Background Thread 3 ] DEBUG Engine               - actualWidthProperty: ReadOnlyDoubleProperty [value: 1280.0]
16:57:24.504 [FXGL Background Thread 3 ] DEBUG Engine               - appIcon: fxgl_icon.png
16:57:24.504 [FXGL Background Thread 3 ] DEBUG Engine               - applicationMode: DEVELOPER
16:57:24.504 [FXGL Background Thread 3 ] DEBUG Engine               - cSSList: [fxgl_dark.css]
16:57:24.504 [FXGL Background Thread 3 ] DEBUG Engine               - collisionDetectionStrategy: BRUTE_FORCE
16:57:24.504 [FXGL Background Thread 3 ] DEBUG Engine               - configClass: Optional.empty
16:57:24.504 [FXGL Background Thread 3 ] DEBUG Engine               - credits: []
16:57:24.504 [FXGL Background Thread 3 ] DEBUG Engine               - defaultCursor: CursorInfo(imageName=fxgl_default_cursor.png, hotspotX=7.0, hotspotY=6.0)
16:57:24.504 [FXGL Background Thread 3 ] DEBUG Engine               - devBBoxColorProperty: ObjectProperty [value: 0xff0000ff]
16:57:24.504 [FXGL Background Thread 3 ] DEBUG Engine               - devEnableDebugCameraProperty: BooleanProperty [value: false]
16:57:24.505 [FXGL Background Thread 3 ] DEBUG Engine               - devSensorColorProperty: ObjectProperty [value: 0xffff00ff]
16:57:24.505 [FXGL Background Thread 3 ] DEBUG Engine               - devShowBBoxProperty: BooleanProperty [value: false]
16:57:24.505 [FXGL Background Thread 3 ] DEBUG Engine               - devShowPositionProperty: BooleanProperty [value: false]
16:57:24.505 [FXGL Background Thread 3 ] DEBUG Engine               - enabledMenuItems: []
16:57:24.505 [FXGL Background Thread 3 ] DEBUG Engine               - engineServices: [class com.almasb.fxgl.app.services.FXGLAssetLoaderService, class com.almasb.fxgl.app.FXGLApplication$GameApplicationService, class com.almasb.fxgl.app.services.FXGLDialogService, class com.almasb.fxgl.app.services.IOTaskExecutorService, class com.almasb.fxgl.io.FileSystemService, class com.almasb.fxgl.localization.LocalizationService, class com.almasb.fxgl.app.services.SystemBundleService, class com.almasb.fxgl.profile.SaveLoadService, class com.almasb.fxgl.ui.FXGLUIFactoryServiceProvider, class com.almasb.fxgl.ui.FXGLDialogFactoryServiceProvider, class com.almasb.fxgl.audio.AudioPlayer, class com.almasb.fxgl.notification.impl.NotificationServiceProvider, class com.almasb.fxgl.achievement.AchievementService, class com.almasb.fxgl.cutscene.CutsceneService, class com.almasb.fxgl.minigames.MiniGameService, class com.almasb.fxgl.net.NetService, class com.almasb.fxgl.app.services.UpdaterService, class com.almasb.fxgl.dev.DevService]
16:57:24.505 [FXGL Background Thread 3 ] DEBUG Engine               - fontGame: Abel-Regular.ttf
16:57:24.505 [FXGL Background Thread 3 ] DEBUG Engine               - fontMono: TerminalLandMono-Regular.otf
16:57:24.505 [FXGL Background Thread 3 ] DEBUG Engine               - fontText: Courier-Prime.ttf
16:57:24.505 [FXGL Background Thread 3 ] DEBUG Engine               - fontUI: VarelaRound-Regular.ttf
16:57:24.505 [FXGL Background Thread 3 ] DEBUG Engine               - fullScreen: BooleanProperty [value: false]
16:57:24.505 [FXGL Background Thread 3 ] DEBUG Engine               - gameDifficulty: MEDIUM
16:57:24.505 [FXGL Background Thread 3 ] DEBUG Engine               - gameDifficultyProperty: ObjectProperty [value: MEDIUM]
16:57:24.505 [FXGL Background Thread 3 ] DEBUG Engine               - globalMusicVolume: 0.5
16:57:24.505 [FXGL Background Thread 3 ] DEBUG Engine               - globalMusicVolumeProperty: DoubleProperty [value: 0.5]
16:57:24.505 [FXGL Background Thread 3 ] DEBUG Engine               - globalSoundVolume: 0.5
16:57:24.505 [FXGL Background Thread 3 ] DEBUG Engine               - globalSoundVolumeProperty: DoubleProperty [value: 0.5]
16:57:24.505 [FXGL Background Thread 3 ] DEBUG Engine               - height: 720
16:57:24.505 [FXGL Background Thread 3 ] DEBUG Engine               - is3D: false
16:57:24.506 [FXGL Background Thread 3 ] DEBUG Engine               - isAndroid: false
16:57:24.506 [FXGL Background Thread 3 ] DEBUG Engine               - isBrowser: false
16:57:24.506 [FXGL Background Thread 3 ] DEBUG Engine               - isClickFeedbackEnabled: false
16:57:24.506 [FXGL Background Thread 3 ] DEBUG Engine               - isCloseConfirmation: false
16:57:24.506 [FXGL Background Thread 3 ] DEBUG Engine               - isDesktop: true
16:57:24.506 [FXGL Background Thread 3 ] DEBUG Engine               - isDeveloperMenuEnabled: false
16:57:24.506 [FXGL Background Thread 3 ] DEBUG Engine               - isEmbedded: false
16:57:24.506 [FXGL Background Thread 3 ] DEBUG Engine               - isEntityPreloadEnabled: true
16:57:24.506 [FXGL Background Thread 3 ] DEBUG Engine               - isExperimentalTiledLargeMap: false
16:57:24.506 [FXGL Background Thread 3 ] DEBUG Engine               - isFileSystemWriteAllowed: true
16:57:24.506 [FXGL Background Thread 3 ] DEBUG Engine               - isFullScreenAllowed: false
16:57:24.506 [FXGL Background Thread 3 ] DEBUG Engine               - isFullScreenFromStart: false
16:57:24.506 [FXGL Background Thread 3 ] DEBUG Engine               - isGameMenuEnabled: true
16:57:24.506 [FXGL Background Thread 3 ] DEBUG Engine               - isIOS: false
16:57:24.506 [FXGL Background Thread 3 ] DEBUG Engine               - isIntroEnabled: false
16:57:24.506 [FXGL Background Thread 3 ] DEBUG Engine               - isLinux: false
16:57:24.506 [FXGL Background Thread 3 ] DEBUG Engine               - isMac: false
16:57:24.506 [FXGL Background Thread 3 ] DEBUG Engine               - isMainMenuEnabled: false
16:57:24.506 [FXGL Background Thread 3 ] DEBUG Engine               - isManualResizeEnabled: false
16:57:24.507 [FXGL Background Thread 3 ] DEBUG Engine               - isMobile: false
16:57:24.507 [FXGL Background Thread 3 ] DEBUG Engine               - isNative: false
16:57:24.507 [FXGL Background Thread 3 ] DEBUG Engine               - isPauseMusicWhenMinimized: true
16:57:24.507 [FXGL Background Thread 3 ] DEBUG Engine               - isPreserveResizeRatio: false
16:57:24.507 [FXGL Background Thread 3 ] DEBUG Engine               - isProfilingEnabled: false
16:57:24.507 [FXGL Background Thread 3 ] DEBUG Engine               - isScaleAffectedOnResize: true
16:57:24.507 [FXGL Background Thread 3 ] DEBUG Engine               - isSingleStep: false
16:57:24.507 [FXGL Background Thread 3 ] DEBUG Engine               - isUserProfileEnabled: false
16:57:24.507 [FXGL Background Thread 3 ] DEBUG Engine               - isWindows: true
16:57:24.507 [FXGL Background Thread 3 ] DEBUG Engine               - language: ObjectProperty [value: ENGLISH]
16:57:24.507 [FXGL Background Thread 3 ] DEBUG Engine               - menuKey: ESCAPE
16:57:24.507 [FXGL Background Thread 3 ] DEBUG Engine               - mouseSensitivity: 0.2
16:57:24.507 [FXGL Background Thread 3 ] DEBUG Engine               - notificationViewClass: class com.almasb.fxgl.notification.view.XboxNotificationView
16:57:24.507 [FXGL Background Thread 3 ] DEBUG Engine               - pixelsPerMeter: 50.0
16:57:24.507 [FXGL Background Thread 3 ] DEBUG Engine               - platform: WINDOWS
16:57:24.507 [FXGL Background Thread 3 ] DEBUG Engine               - prefHeightProperty: ReadOnlyDoubleProperty [value: 720.0]
16:57:24.507 [FXGL Background Thread 3 ] DEBUG Engine               - prefWidthProperty: ReadOnlyDoubleProperty [value: 1280.0]
16:57:24.507 [FXGL Background Thread 3 ] DEBUG Engine               - profileDir: profiles/
16:57:24.507 [FXGL Background Thread 3 ] DEBUG Engine               - profileName: StringProperty [value: DEFAULT]
16:57:24.508 [FXGL Background Thread 3 ] DEBUG Engine               - randomSeed: -1
16:57:24.508 [FXGL Background Thread 3 ] DEBUG Engine               - runtimeInfo: RuntimeInfo(platform=WINDOWS, version=17+dev-SNAPSHOT, build=01.09.2022 03.33)
16:57:24.508 [FXGL Background Thread 3 ] DEBUG Engine               - saveFileExt: sav
16:57:24.508 [FXGL Background Thread 3 ] DEBUG Engine               - scaledHeightProp$fxgl: DoubleProperty [bound, value: 720.0]
16:57:24.508 [FXGL Background Thread 3 ] DEBUG Engine               - scaledWidthProp$fxgl: DoubleProperty [bound, value: 1280.0]
16:57:24.508 [FXGL Background Thread 3 ] DEBUG Engine               - sceneFactory: com.almasb.fxgl.app.scene.SceneFactory@398ff175
16:57:24.508 [FXGL Background Thread 3 ] DEBUG Engine               - secondsIn24h: 60
16:57:24.508 [FXGL Background Thread 3 ] DEBUG Engine               - soundMenuBack: menu/back.wav
16:57:24.508 [FXGL Background Thread 3 ] DEBUG Engine               - soundMenuPress: menu/press.wav
16:57:24.508 [FXGL Background Thread 3 ] DEBUG Engine               - soundMenuSelect: menu/select.wav
16:57:24.508 [FXGL Background Thread 3 ] DEBUG Engine               - soundNotification: core/notification.wav
16:57:24.508 [FXGL Background Thread 3 ] DEBUG Engine               - stageStyle: DECORATED
16:57:24.508 [FXGL Background Thread 3 ] DEBUG Engine               - supportedLanguages: [ENGLISH, FRENCH, GERMAN, HUNGARIAN, RUSSIAN]
16:57:24.508 [FXGL Background Thread 3 ] DEBUG Engine               - ticksPerSecond: -1
16:57:24.508 [FXGL Background Thread 3 ] DEBUG Engine               - title: Prototype
16:57:24.509 [FXGL Background Thread 3 ] DEBUG Engine               - urlGithub: https://github.com/AlmasB/FXGL
16:57:24.509 [FXGL Background Thread 3 ] DEBUG Engine               - urlLeaderboard: http://fxgl-top.herokuapp.com/
16:57:24.509 [FXGL Background Thread 3 ] DEBUG Engine               - urlPOM: https://raw.githubusercontent.com/AlmasB/FXGL/release/README.md
16:57:24.509 [FXGL Background Thread 3 ] DEBUG Engine               - userAppClass: class org.example.GameApp
16:57:24.509 [FXGL Background Thread 3 ] DEBUG Engine               - version: 0.1.5
16:57:24.509 [FXGL Background Thread 3 ] DEBUG Engine               - versionCheckDays: 7
16:57:24.509 [FXGL Background Thread 3 ] DEBUG Engine               - width: 1280
16:57:24.509 [FXGL Background Thread 3 ] DEBUG Engine               - Logging services
16:57:24.509 [FXGL Background Thread 3 ] DEBUG Engine               - class com.almasb.fxgl.app.services.FXGLAssetLoaderService
16:57:24.509 [FXGL Background Thread 3 ] DEBUG Engine               - class com.almasb.fxgl.app.FXGLApplication$GameApplicationService
16:57:24.509 [FXGL Background Thread 3 ] DEBUG Engine               - class com.almasb.fxgl.app.services.FXGLDialogService
16:57:24.509 [FXGL Background Thread 3 ] DEBUG Engine               - class com.almasb.fxgl.app.services.IOTaskExecutorService
16:57:24.510 [FXGL Background Thread 3 ] DEBUG Engine               - class com.almasb.fxgl.io.FileSystemService
16:57:24.510 [FXGL Background Thread 3 ] DEBUG Engine               - class com.almasb.fxgl.localization.LocalizationService
16:57:24.510 [FXGL Background Thread 3 ] DEBUG Engine               - class com.almasb.fxgl.app.services.SystemBundleService
16:57:24.510 [FXGL Background Thread 3 ] DEBUG Engine               - class com.almasb.fxgl.profile.SaveLoadService
16:57:24.510 [FXGL Background Thread 3 ] DEBUG Engine               - class com.almasb.fxgl.ui.FXGLUIFactoryServiceProvider
16:57:24.510 [FXGL Background Thread 3 ] DEBUG Engine               - class com.almasb.fxgl.ui.FXGLDialogFactoryServiceProvider
16:57:24.510 [FXGL Background Thread 3 ] DEBUG Engine               - class com.almasb.fxgl.audio.AudioPlayer
16:57:24.510 [FXGL Background Thread 3 ] DEBUG Engine               - class com.almasb.fxgl.notification.impl.NotificationServiceProvider
16:57:24.510 [FXGL Background Thread 3 ] DEBUG Engine               - class com.almasb.fxgl.achievement.AchievementService
16:57:24.510 [FXGL Background Thread 3 ] DEBUG Engine               - class com.almasb.fxgl.cutscene.CutsceneService
16:57:24.510 [FXGL Background Thread 3 ] DEBUG Engine               - class com.almasb.fxgl.minigames.MiniGameService
16:57:24.510 [FXGL Background Thread 3 ] DEBUG Engine               - class com.almasb.fxgl.net.NetService
16:57:24.510 [FXGL Background Thread 3 ] DEBUG Engine               - class com.almasb.fxgl.app.services.UpdaterService
16:57:24.510 [FXGL Background Thread 3 ] DEBUG Engine               - class com.almasb.fxgl.dev.DevService
16:57:24.783 [JavaFX Application Thread] DEBUG FXGLAssetLoaderServi - Loading from file system: file:/C:/Users/jcmer/IdeaProjects/TheOnlyException-4-26/TheOnlyException-4-26/Test/target/classes/assets/textures/MantisMove-scaled.png
16:57:26.719 [JavaFX Application Thread] DEBUG FXGLAssetLoaderServi - Loading from file system: file:/C:/Users/jcmer/IdeaProjects/TheOnlyException-4-26/TheOnlyException-4-26/Test/target/classes/assets/textures/lightning_strike.png
16:57:32.479 [JavaFX Application Thread] DEBUG LoopRunner           - Pausing loop
16:57:32.490 [JavaFX Application Thread] DEBUG PrimaryStageWindow   - Push state: DialogSubScene
16:57:32.490 [JavaFX Application Thread] DEBUG Input                - Clearing active input actions
16:57:32.501 [JavaFX Application Thread] DEBUG GameApplicationServi - Removing overlay from GameScene and adding to DialogSubScene
16:57:32.502 [JavaFX Application Thread] DEBUG PrimaryStageWindow   - GameScene -> DialogSubScene
16:57:33.370 [JavaFX Application Thread] DEBUG FXGLApplication      - Exiting FXGL
16:57:33.370 [JavaFX Application Thread] DEBUG LoopRunner           - Stopping loop
16:57:33.370 [JavaFX Application Thread] DEBUG SystemBundleService  - Saving FXGL system data
16:57:33.372 [JavaFX Application Thread] DEBUG FileSystemAccess     - Writing to: C:\Users\jcmer\IdeaProjects\TheOnlyException-4-26\system\fxgl.bundle
16:57:33.375 [JavaFX Application Thread] DEBUG Async                - Shutting down background threads
16:57:33.375 [JavaFX Application Thread] DEBUG PrimaryStageWindow   - Closing main window
16:57:33.393 [JavaFX Application Thread] DEBUG Logger               - Closing Logger
