20:05:54.004 [main                     ] DEBUG Logger               - Configured Logger
20:05:54.008 [main                     ] DEBUG GameApplication      - Logging settings
Title: Prototype Game
Version: 0.1.5
Width: 1280
Height: 720
Fullscreen: false
Intro: false
Profiling: false
Single step:false
App Mode: DEVELOPER
Menu Key: ESCAPE
Stage Style: DECORATED
Scene Factory: class org.example.core.GameApp$1

20:05:54.133 [JavaFX Application Thread] DEBUG FXGLApplication      - Initializing FXGL
20:05:54.135 [JavaFX Application Thread] INFO  Engine               - FXGL-21+dev-SNAPSHOT (26.03.2024 19.46) on WINDOWS (J:24 FX:21.0.1)
20:05:54.135 [JavaFX Application Thread] DEBUG Engine               - JRE Vendor Name: Oracle Corporation
20:05:54.135 [JavaFX Application Thread] DEBUG Engine               - Running on OS: Windows 11 version 10.0
20:05:54.135 [JavaFX Application Thread] DEBUG Engine               - Architecture: amd64
20:05:54.135 [JavaFX Application Thread] INFO  Engine               - Source code and latest versions at: https://github.com/AlmasB/FXGL
20:05:54.135 [JavaFX Application Thread] INFO  Engine               -       Ask questions and discuss at: https://github.com/AlmasB/FXGL/discussions
20:05:54.136 [JavaFX Application Thread] INFO  Engine               -              Join the FXGL chat at: https://gitter.im/AlmasB/FXGL
20:05:54.221 [JavaFX Application Thread] DEBUG PrimaryStageWindow   - Creating a JavaFX scene
20:05:54.249 [JavaFX Application Thread] DEBUG PrimaryStageWindow   - Target settings size: 1280.0 x 720.0
20:05:54.249 [JavaFX Application Thread] DEBUG PrimaryStageWindow   - Scaled scene size:    1280.0 x 720.0
20:05:54.249 [JavaFX Application Thread] DEBUG PrimaryStageWindow   - Scaled ratio: (1.0, 1.0)
20:05:54.250 [JavaFX Application Thread] DEBUG PrimaryStageWindow   - Set initial scene to FXGLStartupScene
20:05:54.253 [JavaFX Application Thread] DEBUG PrimaryStageWindow   - Opening main window
20:05:54.327 [JavaFX Application Thread] DEBUG PrimaryStageWindow   - Window border size: (16.0, 39.0)
20:05:54.327 [JavaFX Application Thread] DEBUG PrimaryStageWindow   - Scaled size: 1280.0 x 720.0
20:05:54.327 [JavaFX Application Thread] DEBUG PrimaryStageWindow   - Scaled ratio: (1.0, 1.0)
20:05:54.327 [JavaFX Application Thread] DEBUG PrimaryStageWindow   - Scene size: 1280.0 x 720.0
20:05:54.327 [JavaFX Application Thread] DEBUG PrimaryStageWindow   - Stage size: 1296.0 x 759.0
20:05:54.333 [FXGL Background Thread 1 ] DEBUG Engine               - Initializing environment variables
20:05:54.377 [FXGL Background Thread 1 ] DEBUG FXGLAssetLoaderServi - User app class for loading assets: class org.example.core.GameApp
20:05:54.377 [FXGL Background Thread 1 ] DEBUG GameApplicationServi - Applying CSS: fxgl_dark.css
20:05:54.378 [FXGL Background Thread 1 ] DEBUG FXGLAssetLoaderServi - Loading from file system: jar:file:/C:/Users/primzcm/.m2/repository/com/github/almasb/fxgl/fxgl/21.1/fxgl-21.1.jar!/fxglassets/ui/css/fxgl_dark.css
20:05:54.412 [FXGL Background Thread 1 ] DEBUG GameApplicationServi - Initializing application scenes
20:05:54.431 [FXGL Background Thread 1 ] DEBUG GameWorld            - Game world initialized
20:05:54.474 [FXGL Background Thread 1 ] DEBUG PhysicsWorld         - Physics world initialized: appHeight=720, physics.ppm=50.0
20:05:54.474 [FXGL Background Thread 1 ] DEBUG PhysicsWorld         - Using strategy: BRUTE_FORCE
20:05:54.477 [FXGL Background Thread 1 ] DEBUG GameScene            - Game scene initialized: 1280x720
20:05:54.669 [FXGL Background Thread 1 ] DEBUG GameApplicationServi - Application scenes initialized
20:05:54.682 [FXGL Background Thread 1 ] DEBUG SystemBundleService  - Loading FXGL system data
20:05:54.685 [FXGL Background Thread 1 ] DEBUG FileSystemAccess     - Reading from: F:\my files\School\2nd year 2nd sem\TheOnlyException\system\fxgl.bundle
20:05:54.689 [FXGL Background Thread 1 ] DEBUG SystemBundleService  - Bundle FXGL: {}
20:05:54.690 [FXGL Background Thread 1 ] DEBUG UpdaterService       - Checking for updates
20:05:54.695 [FXGL Background Thread 4 ] DEBUG FXGLApplication      - Loading fonts
20:05:54.695 [FXGL Background Thread 4 ] DEBUG FXGLAssetLoaderServi - Loading from file system: jar:file:/C:/Users/primzcm/.m2/repository/com/github/almasb/fxgl/fxgl/21.1/fxgl-21.1.jar!/fxglassets/ui/fonts/VarelaRound-Regular.ttf
20:05:54.695 [FXGL Background Thread 1 ] DEBUG FXGLApplication      - Loading default localization
20:05:54.697 [FXGL Background Thread 1 ] DEBUG FXGLAssetLoaderServi - Loading from file system: jar:file:/C:/Users/primzcm/.m2/repository/com/github/almasb/fxgl/fxgl/21.1/fxgl-21.1.jar!/fxglassets/languages/english.lang
20:05:54.699 [FXGL Background Thread 4 ] DEBUG FXGLAssetLoaderServi - Loading from file system: jar:file:/C:/Users/primzcm/.m2/repository/com/github/almasb/fxgl/fxgl/21.1/fxgl-21.1.jar!/fxglassets/ui/fonts/Abel-Regular.ttf
20:05:54.701 [FXGL Background Thread 4 ] DEBUG FXGLAssetLoaderServi - Loading from file system: jar:file:/C:/Users/primzcm/.m2/repository/com/github/almasb/fxgl/fxgl/21.1/fxgl-21.1.jar!/fxglassets/ui/fonts/TerminalLandMono-Regular.otf
20:05:54.703 [FXGL Background Thread 4 ] DEBUG FXGLAssetLoaderServi - Loading from file system: jar:file:/C:/Users/primzcm/.m2/repository/com/github/almasb/fxgl/fxgl/21.1/fxgl-21.1.jar!/fxglassets/ui/fonts/Courier-Prime.ttf
20:05:54.707 [JavaFX Application Thread] DEBUG FXGLApplication      - Registering font factories with UI factory
20:05:54.720 [FXGL Background Thread 1 ] INFO  FXGLApplication      - FXGL initialization took: 0.387 sec
20:05:54.729 [JavaFX Application Thread] DEBUG Input                - Registered new binding: action0 - A
20:05:54.730 [JavaFX Application Thread] DEBUG Input                - Registered new binding: action1 - D
20:05:54.730 [JavaFX Application Thread] DEBUG Input                - Registered new binding: action2 - W
20:05:54.730 [JavaFX Application Thread] DEBUG Input                - Registered new binding: action3 - S
20:05:54.731 [JavaFX Application Thread] DEBUG FXGLAssetLoaderServi - Loading from file system: jar:file:/C:/Users/primzcm/.m2/repository/com/github/almasb/fxgl/fxgl/21.1/fxgl-21.1.jar!/fxglassets/textures/fxgl_icon.png
20:05:54.787 [JavaFX Application Thread] DEBUG FXGLAssetLoaderServi - Loading from file system: jar:file:/C:/Users/primzcm/.m2/repository/com/github/almasb/fxgl/fxgl/21.1/fxgl-21.1.jar!/fxglassets/textures/fxgl_default_cursor.png
20:05:54.790 [JavaFX Application Thread] DEBUG Input                - Registered new binding: Screenshot - CTRL+8
20:05:54.790 [JavaFX Application Thread] DEBUG Input                - Registered new binding: System info dump - CTRL+9
20:05:54.790 [JavaFX Application Thread] DEBUG Input                - Registered new binding: Restart - CTRL+R
20:05:54.798 [JavaFX Application Thread] DEBUG Input                - Registered new binding: Toggle Debug Camera - CTRL+7
20:05:54.802 [JavaFX Application Thread] DEBUG LoopRunner           - Starting loop
20:05:54.802 [JavaFX Application Thread] DEBUG LoopRunner           - Initializing JavaFX AnimationTimerLoop
20:05:54.805 [JavaFX Application Thread] DEBUG Input                - Clearing active input actions
20:05:54.810 [JavaFX Application Thread] DEBUG GameApplicationServi - Removing overlay from FXGLStartupScene and adding to FXGLMainMenuDummyScene
20:05:54.810 [JavaFX Application Thread] DEBUG PrimaryStageWindow   - FXGLStartupScene -> FXGLMainMenuDummyScene
20:05:54.810 [JavaFX Application Thread] DEBUG PrimaryStageWindow   - Push state: LoginScene
20:05:54.811 [JavaFX Application Thread] DEBUG Input                - Clearing active input actions
20:05:54.835 [JavaFX Application Thread] DEBUG GameApplicationServi - Removing overlay from FXGLMainMenuDummyScene and adding to LoginScene
20:05:54.836 [JavaFX Application Thread] DEBUG PrimaryStageWindow   - FXGLMainMenuDummyScene -> LoginScene
20:05:55.075 [FXGL Background Thread 2 ] INFO  UpdaterService       - Your current version:  21+dev-SNAPSHOT
20:05:55.075 [FXGL Background Thread 2 ] INFO  UpdaterService       - Latest stable version: 21.1
20:05:57.694 [FXGL Background Thread 3 ] DEBUG Engine               - Logging environment variables
20:05:57.694 [FXGL Background Thread 3 ] DEBUG Engine               - achievements: []
20:05:57.694 [FXGL Background Thread 3 ] DEBUG Engine               - actualHeight: 720.0
20:05:57.695 [FXGL Background Thread 3 ] DEBUG Engine               - actualHeightProperty: ReadOnlyDoubleProperty [value: 720.0]
20:05:57.695 [FXGL Background Thread 3 ] DEBUG Engine               - actualWidth: 1280.0
20:05:57.695 [FXGL Background Thread 3 ] DEBUG Engine               - actualWidthProperty: ReadOnlyDoubleProperty [value: 1280.0]
20:05:57.695 [FXGL Background Thread 3 ] DEBUG Engine               - appIcon: fxgl_icon.png
20:05:57.695 [FXGL Background Thread 3 ] DEBUG Engine               - applicationMode: DEVELOPER
20:05:57.695 [FXGL Background Thread 3 ] DEBUG Engine               - cSSList: [fxgl_dark.css]
20:05:57.695 [FXGL Background Thread 3 ] DEBUG Engine               - collisionDetectionStrategy: BRUTE_FORCE
20:05:57.695 [FXGL Background Thread 3 ] DEBUG Engine               - configClass: Optional.empty
20:05:57.695 [FXGL Background Thread 3 ] DEBUG Engine               - credits: []
20:05:57.698 [FXGL Background Thread 3 ] DEBUG Engine               - defaultCursor: CursorInfo(imageName=fxgl_default_cursor.png, hotspotX=7.0, hotspotY=6.0)
20:05:57.698 [FXGL Background Thread 3 ] DEBUG Engine               - devBBoxColorProperty: ObjectProperty [value: 0xff0000ff]
20:05:57.698 [FXGL Background Thread 3 ] DEBUG Engine               - devEnableDebugCameraProperty: BooleanProperty [value: false]
20:05:57.698 [FXGL Background Thread 3 ] DEBUG Engine               - devSensorColorProperty: ObjectProperty [value: 0xffff00ff]
20:05:57.698 [FXGL Background Thread 3 ] DEBUG Engine               - devShowBBoxProperty: BooleanProperty [value: false]
20:05:57.698 [FXGL Background Thread 3 ] DEBUG Engine               - devShowPositionProperty: BooleanProperty [value: false]
20:05:57.698 [FXGL Background Thread 3 ] DEBUG Engine               - enabledMenuItems: []
20:05:57.698 [FXGL Background Thread 3 ] DEBUG Engine               - engineServices: [class com.almasb.fxgl.app.services.FXGLAssetLoaderService, class com.almasb.fxgl.app.FXGLApplication$GameApplicationService, class com.almasb.fxgl.app.services.FXGLDialogService, class com.almasb.fxgl.app.services.IOTaskExecutorService, class com.almasb.fxgl.io.FileSystemService, class com.almasb.fxgl.localization.LocalizationService, class com.almasb.fxgl.app.services.SystemBundleService, class com.almasb.fxgl.profile.SaveLoadService, class com.almasb.fxgl.ui.FXGLUIFactoryServiceProvider, class com.almasb.fxgl.ui.FXGLDialogFactoryServiceProvider, class com.almasb.fxgl.audio.AudioPlayer, class com.almasb.fxgl.notification.impl.NotificationServiceProvider, class com.almasb.fxgl.achievement.AchievementService, class com.almasb.fxgl.cutscene.CutsceneService, class com.almasb.fxgl.minigames.MiniGameService, class com.almasb.fxgl.net.NetService, class com.almasb.fxgl.app.services.UpdaterService, class com.almasb.fxgl.dev.DevService]
20:05:57.699 [FXGL Background Thread 3 ] DEBUG Engine               - fontGame: Abel-Regular.ttf
20:05:57.699 [FXGL Background Thread 3 ] DEBUG Engine               - fontMono: TerminalLandMono-Regular.otf
20:05:57.699 [FXGL Background Thread 3 ] DEBUG Engine               - fontSizeScaleUI: 1.0
20:05:57.699 [FXGL Background Thread 3 ] DEBUG Engine               - fontText: Courier-Prime.ttf
20:05:57.699 [FXGL Background Thread 3 ] DEBUG Engine               - fontUI: VarelaRound-Regular.ttf
20:05:57.699 [FXGL Background Thread 3 ] DEBUG Engine               - fullScreen: BooleanProperty [value: false]
20:05:57.699 [FXGL Background Thread 3 ] DEBUG Engine               - gameDifficulty: MEDIUM
20:05:57.699 [FXGL Background Thread 3 ] DEBUG Engine               - gameDifficultyProperty: ObjectProperty [value: MEDIUM]
20:05:57.699 [FXGL Background Thread 3 ] DEBUG Engine               - globalMusicVolume: 0.5
20:05:57.699 [FXGL Background Thread 3 ] DEBUG Engine               - globalMusicVolumeProperty: DoubleProperty [value: 0.5]
20:05:57.699 [FXGL Background Thread 3 ] DEBUG Engine               - globalSoundVolume: 0.5
20:05:57.699 [FXGL Background Thread 3 ] DEBUG Engine               - globalSoundVolumeProperty: DoubleProperty [value: 0.5]
20:05:57.699 [FXGL Background Thread 3 ] DEBUG Engine               - height: 720
20:05:57.699 [FXGL Background Thread 3 ] DEBUG Engine               - is3D: false
20:05:57.699 [FXGL Background Thread 3 ] DEBUG Engine               - isAndroid: false
20:05:57.699 [FXGL Background Thread 3 ] DEBUG Engine               - isBrowser: false
20:05:57.699 [FXGL Background Thread 3 ] DEBUG Engine               - isClickFeedbackEnabled: false
20:05:57.699 [FXGL Background Thread 3 ] DEBUG Engine               - isCloseConfirmation: false
20:05:57.699 [FXGL Background Thread 3 ] DEBUG Engine               - isDesktop: true
20:05:57.700 [FXGL Background Thread 3 ] DEBUG Engine               - isDeveloperMenuEnabled: false
20:05:57.700 [FXGL Background Thread 3 ] DEBUG Engine               - isEmbedded: false
20:05:57.700 [FXGL Background Thread 3 ] DEBUG Engine               - isEntityPreloadEnabled: true
20:05:57.700 [FXGL Background Thread 3 ] DEBUG Engine               - isExperimentalTiledLargeMap: false
20:05:57.700 [FXGL Background Thread 3 ] DEBUG Engine               - isFileSystemWriteAllowed: true
20:05:57.700 [FXGL Background Thread 3 ] DEBUG Engine               - isFullScreenAllowed: false
20:05:57.700 [FXGL Background Thread 3 ] DEBUG Engine               - isFullScreenFromStart: false
20:05:57.700 [FXGL Background Thread 3 ] DEBUG Engine               - isGameMenuEnabled: false
20:05:57.700 [FXGL Background Thread 3 ] DEBUG Engine               - isIOS: false
20:05:57.700 [FXGL Background Thread 3 ] DEBUG Engine               - isIntroEnabled: false
20:05:57.700 [FXGL Background Thread 3 ] DEBUG Engine               - isLinux: false
20:05:57.700 [FXGL Background Thread 3 ] DEBUG Engine               - isMac: false
20:05:57.700 [FXGL Background Thread 3 ] DEBUG Engine               - isMainMenuEnabled: true
20:05:57.700 [FXGL Background Thread 3 ] DEBUG Engine               - isManualResizeEnabled: false
20:05:57.700 [FXGL Background Thread 3 ] DEBUG Engine               - isMobile: false
20:05:57.700 [FXGL Background Thread 3 ] DEBUG Engine               - isNative: false
20:05:57.700 [FXGL Background Thread 3 ] DEBUG Engine               - isPauseMusicWhenMinimized: true
20:05:57.700 [FXGL Background Thread 3 ] DEBUG Engine               - isPreserveResizeRatio: false
20:05:57.700 [FXGL Background Thread 3 ] DEBUG Engine               - isProfilingEnabled: false
20:05:57.700 [FXGL Background Thread 3 ] DEBUG Engine               - isScaleAffectedOnResize: true
20:05:57.700 [FXGL Background Thread 3 ] DEBUG Engine               - isSingleStep: false
20:05:57.700 [FXGL Background Thread 3 ] DEBUG Engine               - isUserProfileEnabled: false
20:05:57.700 [FXGL Background Thread 3 ] DEBUG Engine               - isWindows: true
20:05:57.700 [FXGL Background Thread 3 ] DEBUG Engine               - language: ObjectProperty [value: ENGLISH]
20:05:57.701 [FXGL Background Thread 3 ] DEBUG Engine               - menuKey: ESCAPE
20:05:57.701 [FXGL Background Thread 3 ] DEBUG Engine               - mouseSensitivity: 0.2
20:05:57.701 [FXGL Background Thread 3 ] DEBUG Engine               - notificationViewClass: class com.almasb.fxgl.notification.view.XboxNotificationView
20:05:57.701 [FXGL Background Thread 3 ] DEBUG Engine               - pixelsPerMeter: 50.0
20:05:57.701 [FXGL Background Thread 3 ] DEBUG Engine               - platform: WINDOWS
20:05:57.701 [FXGL Background Thread 3 ] DEBUG Engine               - prefHeightProperty: ReadOnlyDoubleProperty [value: 720.0]
20:05:57.701 [FXGL Background Thread 3 ] DEBUG Engine               - prefWidthProperty: ReadOnlyDoubleProperty [value: 1280.0]
20:05:57.701 [FXGL Background Thread 3 ] DEBUG Engine               - profileDir: profiles/
20:05:57.701 [FXGL Background Thread 3 ] DEBUG Engine               - profileName: StringProperty [value: DEFAULT]
20:05:57.701 [FXGL Background Thread 3 ] DEBUG Engine               - randomSeed: -1
20:05:57.701 [FXGL Background Thread 3 ] DEBUG Engine               - runtimeInfo: RuntimeInfo(platform=WINDOWS, version=21+dev-SNAPSHOT, build=26.03.2024 19.46)
20:05:57.701 [FXGL Background Thread 3 ] DEBUG Engine               - saveFileExt: sav
20:05:57.701 [FXGL Background Thread 3 ] DEBUG Engine               - scaledHeightProp$fxgl: DoubleProperty [bound, value: 720.0]
20:05:57.701 [FXGL Background Thread 3 ] DEBUG Engine               - scaledWidthProp$fxgl: DoubleProperty [bound, value: 1280.0]
20:05:57.701 [FXGL Background Thread 3 ] DEBUG Engine               - sceneFactory: org.example.core.GameApp$1@1803908b
20:05:57.701 [FXGL Background Thread 3 ] DEBUG Engine               - secondsIn24h: 60
20:05:57.701 [FXGL Background Thread 3 ] DEBUG Engine               - soundMenuBack: menu/back.wav
20:05:57.701 [FXGL Background Thread 3 ] DEBUG Engine               - soundMenuPress: menu/press.wav
20:05:57.701 [FXGL Background Thread 3 ] DEBUG Engine               - soundMenuSelect: menu/select.wav
20:05:57.701 [FXGL Background Thread 3 ] DEBUG Engine               - soundNotification: core/notification.wav
20:05:57.701 [FXGL Background Thread 3 ] DEBUG Engine               - stageStyle: DECORATED
20:05:57.701 [FXGL Background Thread 3 ] DEBUG Engine               - supportedLanguages: [ENGLISH, FRENCH, GERMAN, HUNGARIAN, RUSSIAN]
20:05:57.701 [FXGL Background Thread 3 ] DEBUG Engine               - ticksPerSecond: -1
20:05:57.701 [FXGL Background Thread 3 ] DEBUG Engine               - title: Prototype Game
20:05:57.702 [FXGL Background Thread 3 ] DEBUG Engine               - urlGithub: https://github.com/AlmasB/FXGL
20:05:57.702 [FXGL Background Thread 3 ] DEBUG Engine               - urlLeaderboard: http://fxgl-top.herokuapp.com/
20:05:57.702 [FXGL Background Thread 3 ] DEBUG Engine               - urlPOM: https://raw.githubusercontent.com/AlmasB/FXGL/release/README.md
20:05:57.702 [FXGL Background Thread 3 ] DEBUG Engine               - userAppClass: class org.example.core.GameApp
20:05:57.702 [FXGL Background Thread 3 ] DEBUG Engine               - version: 0.1.5
20:05:57.702 [FXGL Background Thread 3 ] DEBUG Engine               - versionCheckDays: 7
20:05:57.702 [FXGL Background Thread 3 ] DEBUG Engine               - width: 1280
20:05:57.702 [FXGL Background Thread 3 ] DEBUG Engine               - Logging services
20:05:57.702 [FXGL Background Thread 3 ] DEBUG Engine               - class com.almasb.fxgl.app.services.FXGLAssetLoaderService
20:05:57.702 [FXGL Background Thread 3 ] DEBUG Engine               - class com.almasb.fxgl.app.FXGLApplication$GameApplicationService
20:05:57.702 [FXGL Background Thread 3 ] DEBUG Engine               - class com.almasb.fxgl.app.services.FXGLDialogService
20:05:57.702 [FXGL Background Thread 3 ] DEBUG Engine               - class com.almasb.fxgl.app.services.IOTaskExecutorService
20:05:57.702 [FXGL Background Thread 3 ] DEBUG Engine               - class com.almasb.fxgl.io.FileSystemService
20:05:57.702 [FXGL Background Thread 3 ] DEBUG Engine               - class com.almasb.fxgl.localization.LocalizationService
20:05:57.702 [FXGL Background Thread 3 ] DEBUG Engine               - class com.almasb.fxgl.app.services.SystemBundleService
20:05:57.702 [FXGL Background Thread 3 ] DEBUG Engine               - class com.almasb.fxgl.profile.SaveLoadService
20:05:57.702 [FXGL Background Thread 3 ] DEBUG Engine               - class com.almasb.fxgl.ui.FXGLUIFactoryServiceProvider
20:05:57.702 [FXGL Background Thread 3 ] DEBUG Engine               - class com.almasb.fxgl.ui.FXGLDialogFactoryServiceProvider
20:05:57.702 [FXGL Background Thread 3 ] DEBUG Engine               - class com.almasb.fxgl.audio.AudioPlayer
20:05:57.702 [FXGL Background Thread 3 ] DEBUG Engine               - class com.almasb.fxgl.notification.impl.NotificationServiceProvider
20:05:57.702 [FXGL Background Thread 3 ] DEBUG Engine               - class com.almasb.fxgl.achievement.AchievementService
20:05:57.702 [FXGL Background Thread 3 ] DEBUG Engine               - class com.almasb.fxgl.cutscene.CutsceneService
20:05:57.702 [FXGL Background Thread 3 ] DEBUG Engine               - class com.almasb.fxgl.minigames.MiniGameService
20:05:57.702 [FXGL Background Thread 3 ] DEBUG Engine               - class com.almasb.fxgl.net.NetService
20:05:57.702 [FXGL Background Thread 3 ] DEBUG Engine               - class com.almasb.fxgl.app.services.UpdaterService
20:05:57.702 [FXGL Background Thread 3 ] DEBUG Engine               - class com.almasb.fxgl.dev.DevService
20:05:57.836 [JavaFX Application Thread] DEBUG GameWorld            - Game world initialized
20:05:57.837 [JavaFX Application Thread] DEBUG PhysicsWorld         - Physics world initialized: appHeight=720, physics.ppm=50.0
20:05:57.837 [JavaFX Application Thread] DEBUG PhysicsWorld         - Using strategy: BRUTE_FORCE
20:05:57.838 [JavaFX Application Thread] DEBUG GameScene            - Game scene initialized: 1280x720
20:05:57.860 [JavaFX Application Thread] DEBUG PrimaryStageWindow   - Push state: MainMenuScene
20:05:57.863 [JavaFX Application Thread] DEBUG Input                - Clearing active input actions
20:05:57.865 [JavaFX Application Thread] DEBUG GameApplicationServi - Removing overlay from LoginScene and adding to MainMenuScene
20:05:57.865 [JavaFX Application Thread] DEBUG PrimaryStageWindow   - LoginScene -> MainMenuScene
20:05:57.865 [JavaFX Application Thread] DEBUG GameWorld            - Game world initialized
20:05:57.867 [JavaFX Application Thread] DEBUG PhysicsWorld         - Physics world initialized: appHeight=720, physics.ppm=50.0
20:05:57.867 [JavaFX Application Thread] DEBUG PhysicsWorld         - Using strategy: BRUTE_FORCE
20:05:57.868 [JavaFX Application Thread] DEBUG GameScene            - Game scene initialized: 1280x720
20:05:57.879 [JavaFX Application Thread] DEBUG PrimaryStageWindow   - Push state: MainMenuScene
20:05:57.891 [JavaFX Application Thread] DEBUG Input                - Clearing active input actions
20:05:57.892 [JavaFX Application Thread] DEBUG GameApplicationServi - Removing overlay from MainMenuScene and adding to MainMenuScene
20:05:57.892 [JavaFX Application Thread] DEBUG PrimaryStageWindow   - MainMenuScene -> MainMenuScene
20:05:58.447 [JavaFX Application Thread] DEBUG GameApplicationServi - Starting new game
20:05:58.447 [JavaFX Application Thread] DEBUG PrimaryStageWindow   - Pop state: MainMenuScene
20:05:58.447 [JavaFX Application Thread] DEBUG Input                - Clearing active input actions
20:05:58.448 [JavaFX Application Thread] DEBUG GameApplicationServi - Removing overlay from MainMenuScene and adding to MainMenuScene
20:05:58.448 [JavaFX Application Thread] DEBUG PrimaryStageWindow   - MainMenuScene <- MainMenuScene
20:05:58.448 [JavaFX Application Thread] DEBUG PrimaryStageWindow   - Pop state: MainMenuScene
20:05:58.448 [JavaFX Application Thread] DEBUG Input                - Clearing active input actions
20:05:58.449 [JavaFX Application Thread] DEBUG GameApplicationServi - Removing overlay from MainMenuScene and adding to LoginScene
20:05:58.449 [JavaFX Application Thread] DEBUG PrimaryStageWindow   - LoginScene <- MainMenuScene
20:05:58.467 [JavaFX Application Thread] DEBUG PrimaryStageWindow   - Pop state: LoginScene
20:05:58.467 [JavaFX Application Thread] DEBUG Input                - Clearing active input actions
20:05:58.467 [JavaFX Application Thread] DEBUG GameApplicationServi - Removing overlay from LoginScene and adding to FXGLMainMenuDummyScene
20:05:58.467 [JavaFX Application Thread] DEBUG PrimaryStageWindow   - FXGLMainMenuDummyScene <- LoginScene
20:05:58.468 [JavaFX Application Thread] DEBUG Input                - Clearing active input actions
20:05:58.478 [JavaFX Application Thread] DEBUG GameApplicationServi - Removing overlay from FXGLMainMenuDummyScene and adding to FXGLLoadingScene
20:05:58.478 [JavaFX Application Thread] DEBUG PrimaryStageWindow   - FXGLMainMenuDummyScene -> FXGLLoadingScene
20:05:58.478 [JavaFX Application Thread] DEBUG GameApplicationServi - Clearing previous game
20:05:58.478 [JavaFX Application Thread] DEBUG GameScene            - Clearing game scene
20:05:58.478 [JavaFX Application Thread] DEBUG GameWorld            - Clearing game world
20:05:58.478 [JavaFX Application Thread] DEBUG PhysicsWorld         - Clearing physics world
20:05:58.479 [FXGL Background Thread 2 ] DEBUG FXGLApplication      - Initializing game
20:05:58.490 [FXGL Background Thread 2 ] DEBUG FXGLAssetLoaderServi - Loading from file system: file:/F:/my%20files/School/2nd%20year%202nd%20sem/TheOnlyException/Test/target/classes/assets/textures/worlda.png
20:05:58.567 [FXGL Background Thread 2 ] DEBUG FXGLAssetLoaderServi - Loading from file system: file:/F:/my%20files/School/2nd%20year%202nd%20sem/TheOnlyException/Test/target/classes/assets/textures/player-scaled.png
20:05:58.615 [FXGL Background Thread 2 ] INFO  FXGLApplication      - Game initialization took: 0.135 sec
20:05:58.617 [JavaFX Application Thread] DEBUG Input                - Clearing active input actions
20:05:58.625 [JavaFX Application Thread] DEBUG GameApplicationServi - Removing overlay from FXGLLoadingScene and adding to GameScene
20:05:58.625 [JavaFX Application Thread] DEBUG PrimaryStageWindow   - FXGLLoadingScene -> GameScene
20:06:00.180 [JavaFX Application Thread] DEBUG FXGLAssetLoaderServi - Loading from file system: file:/F:/my%20files/School/2nd%20year%202nd%20sem/TheOnlyException/Test/target/classes/assets/textures/MaggotWalk-scaled.png
20:06:00.185 [JavaFX Application Thread] DEBUG FXGLAssetLoaderServi - Loading from file system: file:/F:/my%20files/School/2nd%20year%202nd%20sem/TheOnlyException/Test/target/classes/assets/textures/BeetleMove-scaled.png
20:06:00.186 [JavaFX Application Thread] DEBUG FXGLAssetLoaderServi - Loading from file system: file:/F:/my%20files/School/2nd%20year%202nd%20sem/TheOnlyException/Test/target/classes/assets/textures/MantisMove-scaled.png
20:06:00.189 [JavaFX Application Thread] DEBUG FXGLAssetLoaderServi - Loading from file system: file:/F:/my%20files/School/2nd%20year%202nd%20sem/TheOnlyException/Test/target/classes/assets/textures/BeeMove-scaled.png
20:06:00.191 [JavaFX Application Thread] DEBUG FXGLAssetLoaderServi - Loading from file system: file:/F:/my%20files/School/2nd%20year%202nd%20sem/TheOnlyException/Test/target/classes/assets/textures/GiantFly.png
20:06:00.192 [JavaFX Application Thread] DEBUG FXGLAssetLoaderServi - Loading from file system: file:/F:/my%20files/School/2nd%20year%202nd%20sem/TheOnlyException/Test/target/classes/assets/textures/DragonFly.png
20:06:07.053 [JavaFX Application Thread] DEBUG FXGLAssetLoaderServi - Loading from file system: file:/F:/my%20files/School/2nd%20year%202nd%20sem/TheOnlyException/Test/target/classes/assets/textures/systemrestore.png
20:06:07.069 [JavaFX Application Thread] DEBUG FXGLAssetLoaderServi - Loading from file system: file:/F:/my%20files/School/2nd%20year%202nd%20sem/TheOnlyException/Test/target/classes/assets/textures/smolderprotocol.png
20:06:07.097 [JavaFX Application Thread] DEBUG FXGLAssetLoaderServi - Loading from file system: file:/F:/my%20files/School/2nd%20year%202nd%20sem/TheOnlyException/Test/target/classes/assets/textures/realtimedefense.png
20:06:07.117 [JavaFX Application Thread] WARN  FXGLAssetLoaderServi - Asset "/assets/textures/gun.png" was not found!
20:06:07.117 [JavaFX Application Thread] WARN  FXGLAssetLoaderServi - Failed to load IMAGE
20:06:07.125 [JavaFX Application Thread] DEBUG PrimaryStageWindow   - Push state: DialogSubScene
20:06:07.125 [JavaFX Application Thread] DEBUG Input                - Clearing active input actions
20:06:07.127 [JavaFX Application Thread] DEBUG GameApplicationServi - Removing overlay from GameScene and adding to DialogSubScene
20:06:07.128 [JavaFX Application Thread] DEBUG PrimaryStageWindow   - GameScene -> DialogSubScene
20:06:09.307 [JavaFX Application Thread] DEBUG PrimaryStageWindow   - Pop state: DialogSubScene
20:06:09.307 [JavaFX Application Thread] DEBUG Input                - Clearing active input actions
20:06:09.307 [JavaFX Application Thread] DEBUG GameApplicationServi - Removing overlay from DialogSubScene and adding to GameScene
20:06:09.307 [JavaFX Application Thread] DEBUG PrimaryStageWindow   - GameScene <- DialogSubScene
20:06:12.907 [JavaFX Application Thread] DEBUG FXGLAssetLoaderServi - Loading from file system: file:/F:/my%20files/School/2nd%20year%202nd%20sem/TheOnlyException/Test/target/classes/assets/textures/firewallshield.png
20:06:12.925 [JavaFX Application Thread] WARN  FXGLAssetLoaderServi - Asset "/assets/textures/gun.png" was not found!
20:06:12.925 [JavaFX Application Thread] WARN  FXGLAssetLoaderServi - Failed to load IMAGE
20:06:12.925 [JavaFX Application Thread] DEBUG FXGLAssetLoaderServi - Loading from file system: file:/F:/my%20files/School/2nd%20year%202nd%20sem/TheOnlyException/Test/target/classes/assets/textures/datawipe.png
20:06:12.940 [JavaFX Application Thread] DEBUG PrimaryStageWindow   - Push state: DialogSubScene
20:06:12.940 [JavaFX Application Thread] DEBUG Input                - Clearing active input actions
20:06:12.941 [JavaFX Application Thread] DEBUG GameApplicationServi - Removing overlay from GameScene and adding to DialogSubScene
20:06:12.941 [JavaFX Application Thread] DEBUG PrimaryStageWindow   - GameScene -> DialogSubScene
20:06:14.317 [JavaFX Application Thread] DEBUG PrimaryStageWindow   - Pop state: DialogSubScene
20:06:14.317 [JavaFX Application Thread] DEBUG Input                - Clearing active input actions
20:06:14.318 [JavaFX Application Thread] DEBUG GameApplicationServi - Removing overlay from DialogSubScene and adding to GameScene
20:06:14.318 [JavaFX Application Thread] DEBUG PrimaryStageWindow   - GameScene <- DialogSubScene
20:06:23.433 [JavaFX Application Thread] WARN  FXGLAssetLoaderServi - Asset "/assets/textures/gun.png" was not found!
20:06:23.434 [JavaFX Application Thread] WARN  FXGLAssetLoaderServi - Failed to load IMAGE
20:06:23.435 [JavaFX Application Thread] DEBUG PrimaryStageWindow   - Push state: DialogSubScene
20:06:23.435 [JavaFX Application Thread] DEBUG Input                - Clearing active input actions
20:06:23.435 [JavaFX Application Thread] DEBUG GameApplicationServi - Removing overlay from GameScene and adding to DialogSubScene
20:06:23.435 [JavaFX Application Thread] DEBUG PrimaryStageWindow   - GameScene -> DialogSubScene
20:06:26.345 [JavaFX Application Thread] DEBUG PrimaryStageWindow   - Pop state: DialogSubScene
20:06:26.345 [JavaFX Application Thread] DEBUG Input                - Clearing active input actions
20:06:26.346 [JavaFX Application Thread] DEBUG GameApplicationServi - Removing overlay from DialogSubScene and adding to GameScene
20:06:26.346 [JavaFX Application Thread] DEBUG PrimaryStageWindow   - GameScene <- DialogSubScene
20:06:32.476 [JavaFX Application Thread] WARN  FXGLAssetLoaderServi - Asset "/assets/textures/gun.png" was not found!
20:06:32.476 [JavaFX Application Thread] WARN  FXGLAssetLoaderServi - Failed to load IMAGE
20:06:32.477 [JavaFX Application Thread] DEBUG PrimaryStageWindow   - Push state: DialogSubScene
20:06:32.477 [JavaFX Application Thread] DEBUG Input                - Clearing active input actions
20:06:32.477 [JavaFX Application Thread] DEBUG GameApplicationServi - Removing overlay from GameScene and adding to DialogSubScene
20:06:32.477 [JavaFX Application Thread] DEBUG PrimaryStageWindow   - GameScene -> DialogSubScene
20:06:34.389 [JavaFX Application Thread] DEBUG PrimaryStageWindow   - Pop state: DialogSubScene
20:06:34.390 [JavaFX Application Thread] DEBUG Input                - Clearing active input actions
20:06:34.390 [JavaFX Application Thread] DEBUG GameApplicationServi - Removing overlay from DialogSubScene and adding to GameScene
20:06:34.390 [JavaFX Application Thread] DEBUG PrimaryStageWindow   - GameScene <- DialogSubScene
20:06:39.951 [JavaFX Application Thread] WARN  FXGLAssetLoaderServi - Asset "/assets/textures/gun.png" was not found!
20:06:39.951 [JavaFX Application Thread] WARN  FXGLAssetLoaderServi - Failed to load IMAGE
20:06:39.952 [JavaFX Application Thread] DEBUG FXGLAssetLoaderServi - Loading from file system: file:/F:/my%20files/School/2nd%20year%202nd%20sem/TheOnlyException/Test/target/classes/assets/textures/shortcircuit.png
20:06:39.971 [JavaFX Application Thread] DEBUG PrimaryStageWindow   - Push state: DialogSubScene
20:06:39.971 [JavaFX Application Thread] DEBUG Input                - Clearing active input actions
20:06:39.971 [JavaFX Application Thread] DEBUG GameApplicationServi - Removing overlay from GameScene and adding to DialogSubScene
20:06:39.971 [JavaFX Application Thread] DEBUG PrimaryStageWindow   - GameScene -> DialogSubScene
20:06:45.485 [JavaFX Application Thread] DEBUG PrimaryStageWindow   - Pop state: DialogSubScene
20:06:45.485 [JavaFX Application Thread] DEBUG Input                - Clearing active input actions
20:06:45.485 [JavaFX Application Thread] DEBUG GameApplicationServi - Removing overlay from DialogSubScene and adding to GameScene
20:06:45.485 [JavaFX Application Thread] DEBUG PrimaryStageWindow   - GameScene <- DialogSubScene
20:06:58.635 [JavaFX Application Thread] WARN  FXGLAssetLoaderServi - Asset "/assets/textures/gun.png" was not found!
20:06:58.635 [JavaFX Application Thread] WARN  FXGLAssetLoaderServi - Failed to load IMAGE
20:06:58.636 [JavaFX Application Thread] DEBUG PrimaryStageWindow   - Push state: DialogSubScene
20:06:58.636 [JavaFX Application Thread] DEBUG Input                - Clearing active input actions
20:06:58.636 [JavaFX Application Thread] DEBUG GameApplicationServi - Removing overlay from GameScene and adding to DialogSubScene
20:06:58.636 [JavaFX Application Thread] DEBUG PrimaryStageWindow   - GameScene -> DialogSubScene
20:07:00.954 [JavaFX Application Thread] DEBUG PrimaryStageWindow   - Pop state: DialogSubScene
20:07:00.954 [JavaFX Application Thread] DEBUG Input                - Clearing active input actions
20:07:00.955 [JavaFX Application Thread] DEBUG GameApplicationServi - Removing overlay from DialogSubScene and adding to GameScene
20:07:00.955 [JavaFX Application Thread] DEBUG PrimaryStageWindow   - GameScene <- DialogSubScene
20:07:21.858 [JavaFX Application Thread] WARN  FXGLAssetLoaderServi - Asset "/assets/textures/gun.png" was not found!
20:07:21.859 [JavaFX Application Thread] WARN  FXGLAssetLoaderServi - Failed to load IMAGE
20:07:21.859 [JavaFX Application Thread] DEBUG PrimaryStageWindow   - Push state: DialogSubScene
20:07:21.859 [JavaFX Application Thread] DEBUG Input                - Clearing active input actions
20:07:21.859 [JavaFX Application Thread] DEBUG GameApplicationServi - Removing overlay from GameScene and adding to DialogSubScene
20:07:21.859 [JavaFX Application Thread] DEBUG PrimaryStageWindow   - GameScene -> DialogSubScene
20:07:42.542 [JavaFX Application Thread] DEBUG PrimaryStageWindow   - Pop state: DialogSubScene
20:07:42.542 [JavaFX Application Thread] DEBUG Input                - Clearing active input actions
20:07:42.542 [JavaFX Application Thread] DEBUG GameApplicationServi - Removing overlay from DialogSubScene and adding to GameScene
20:07:42.542 [JavaFX Application Thread] DEBUG PrimaryStageWindow   - GameScene <- DialogSubScene
20:07:42.546 [JavaFX Application Thread] WARN  FXGLAssetLoaderServi - Asset "/assets/textures/particles/spark.png" was not found!
20:07:42.547 [JavaFX Application Thread] WARN  FXGLAssetLoaderServi - Failed to load RESIZABLE_IMAGE
20:07:45.599 [JavaFX Application Thread] DEBUG FXGLApplication      - Exiting FXGL
20:07:45.599 [JavaFX Application Thread] DEBUG LoopRunner           - Stopping loop
20:07:45.599 [JavaFX Application Thread] DEBUG SystemBundleService  - Saving FXGL system data
20:07:45.600 [JavaFX Application Thread] DEBUG FileSystemAccess     - Writing to: F:\my files\School\2nd year 2nd sem\TheOnlyException\system\fxgl.bundle
20:07:46.031 [JavaFX Application Thread] DEBUG Async                - Shutting down background threads
20:07:46.031 [JavaFX Application Thread] DEBUG PrimaryStageWindow   - Closing main window
20:07:46.047 [JavaFX Application Thread] DEBUG Logger               - Closing Logger
