01:01:38.169 [main                     ] DEBUG Logger               - Configured Logger
01:01:38.201 [main                     ] DEBUG GameApplication      - Logging settings
Title: Prototype
Version: 0.1.5
Width: 1280
Height: 720
Fullscreen: false
Intro: false
Profiling: false
Single step:false
App Mode: DEVELOPER
Menu Key: ESCAPE
Stage Style: DECORATED
Scene Factory: class org.example.GameApp$1

01:01:39.987 [JavaFX Application Thread] DEBUG FXGLApplication      - Initializing FXGL
01:01:40.001 [JavaFX Application Thread] INFO  Engine               - FXGL-17+dev-SNAPSHOT (01.09.2022 03.33) on WINDOWS (J:24 FX:18)
01:01:40.002 [JavaFX Application Thread] DEBUG Engine               - JRE Vendor Name: Oracle Corporation
01:01:40.003 [JavaFX Application Thread] DEBUG Engine               - Running on OS: Windows 11 version 10.0
01:01:40.003 [JavaFX Application Thread] DEBUG Engine               - Architecture: amd64
01:01:40.004 [JavaFX Application Thread] INFO  Engine               - Source code and latest versions at: https://github.com/AlmasB/FXGL
01:01:40.004 [JavaFX Application Thread] INFO  Engine               -       Ask questions and discuss at: https://github.com/AlmasB/FXGL/discussions
01:01:40.004 [JavaFX Application Thread] INFO  Engine               -              Join the FXGL chat at: https://gitter.im/AlmasB/FXGL
01:01:40.517 [JavaFX Application Thread] DEBUG PrimaryStageWindow   - Creating a JavaFX scene
01:01:40.517 [JavaFX Application Thread] DEBUG PrimaryStageWindow   - Target size > screen size
01:01:40.707 [JavaFX Application Thread] DEBUG PrimaryStageWindow   - Target settings size: 1280.0 x 720.0
01:01:40.707 [JavaFX Application Thread] DEBUG PrimaryStageWindow   - Scaled scene size:    1169.0 x 671.0
01:01:40.708 [JavaFX Application Thread] DEBUG PrimaryStageWindow   - Scaled ratio: (0.91328125, 0.9319444444444445)
01:01:40.713 [JavaFX Application Thread] DEBUG PrimaryStageWindow   - Set initial scene to FXGLStartupScene
01:01:40.751 [JavaFX Application Thread] DEBUG PrimaryStageWindow   - Opening main window
01:01:41.015 [JavaFX Application Thread] DEBUG PrimaryStageWindow   - Window border size: (15.0, 37.66668701171875)
01:01:41.015 [JavaFX Application Thread] DEBUG PrimaryStageWindow   - Scaled size: 1169.0 x 671.0
01:01:41.016 [JavaFX Application Thread] DEBUG PrimaryStageWindow   - Scaled ratio: (0.91328125, 0.9319444444444445)
01:01:41.016 [JavaFX Application Thread] DEBUG PrimaryStageWindow   - Scene size: 1169.0 x 671.0
01:01:41.016 [JavaFX Application Thread] DEBUG PrimaryStageWindow   - Stage size: 1184.0 x 708.6666870117188
01:01:41.047 [FXGL Background Thread 1 ] DEBUG Engine               - Initializing environment variables
01:01:41.220 [FXGL Background Thread 1 ] DEBUG FXGLAssetLoaderServi - User app class for loading assets: class org.example.GameApp
01:01:41.222 [FXGL Background Thread 1 ] DEBUG GameApplicationServi - Applying CSS: fxgl_dark.css
01:01:41.226 [FXGL Background Thread 1 ] DEBUG FXGLAssetLoaderServi - Loading from file system: jar:file:/C:/Users/ginac/.m2/repository/com/github/AlmasB/FXGL/fxgl/17.2/fxgl-17.2.jar!/fxglassets/ui/css/fxgl_dark.css
01:01:41.547 [FXGL Background Thread 1 ] DEBUG GameApplicationServi - Initializing application scenes
01:01:41.762 [FXGL Background Thread 1 ] DEBUG GameWorld            - Game world initialized
01:01:42.008 [FXGL Background Thread 1 ] DEBUG PhysicsWorld         - Physics world initialized: appHeight=720, physics.ppm=50.0
01:01:42.009 [FXGL Background Thread 1 ] DEBUG PhysicsWorld         - Using strategy: BRUTE_FORCE
01:01:42.019 [FXGL Background Thread 1 ] DEBUG GameScene            - Game scene initialized: 1280x720
01:01:42.144 [FXGL Background Thread 1 ] DEBUG FXGL.DefaultMenu     - createMenuBodyGameMenu()
01:01:42.191 [JavaFX Application Thread] DEBUG FXGLApplication      - Exiting FXGL
01:01:42.191 [JavaFX Application Thread] DEBUG LoopRunner           - Stopping loop
01:01:42.192 [JavaFX Application Thread] DEBUG LoopRunner           - Initializing JavaFX AnimationTimerLoop
01:01:42.199 [JavaFX Application Thread] DEBUG SystemBundleService  - Saving FXGL system data
01:01:42.201 [JavaFX Application Thread] DEBUG LoopRunner           - Stopping loop
01:01:42.207 [JavaFX Application Thread] FATAL FXGLApplication      - Uncaught Exception:
kotlin.UninitializedPropertyAccessException: lateinit property bundle has not been initialized
	at com.almasb.fxgl.app.services.SystemBundleService.getBundle$fxgl(SystemBundleService.kt:27)
	at com.almasb.fxgl.app.services.SystemBundleService.saveSystemData(SystemBundleService.kt:66)
	at com.almasb.fxgl.app.services.SystemBundleService.onExit(SystemBundleService.kt:49)
	at com.almasb.fxgl.app.Engine.stopLoopAndExitServices(Engine.kt:162)
	at com.almasb.fxgl.app.FXGLApplication.exitFXGL(FXGLApplication.kt:297)
	at com.almasb.fxgl.dsl.FXGL$Companion$controller$1.exit(FXGL.kt:150)
	at com.almasb.fxgl.app.FXGLApplication$GameApplicationService$onInit$2.invoke(FXGLApplication.kt:406)
	at com.almasb.fxgl.app.FXGLApplication$GameApplicationService$onInit$2.invoke(FXGLApplication.kt:400)
	at com.almasb.fxgl.app.PrimaryStageWindow.initStage$lambda-2$lambda-0(MainWindow.kt:392)
	at com.sun.javafx.event.CompositeEventHandler.dispatchBubblingEvent(CompositeEventHandler.java:86)
	at com.sun.javafx.event.EventHandlerManager.dispatchBubblingEvent(EventHandlerManager.java:234)
	at com.sun.javafx.event.EventHandlerManager.dispatchBubblingEvent(EventHandlerManager.java:191)
	at com.sun.javafx.event.CompositeEventDispatcher.dispatchBubblingEvent(CompositeEventDispatcher.java:59)
	at com.sun.javafx.event.BasicEventDispatcher.dispatchEvent(BasicEventDispatcher.java:58)
	at com.sun.javafx.event.EventDispatchChainImpl.dispatchEvent(EventDispatchChainImpl.java:114)
	at com.sun.javafx.event.EventUtil.fireEventImpl(EventUtil.java:74)
	at com.sun.javafx.event.EventUtil.fireEvent(EventUtil.java:54)
	at javafx.event.Event.fireEvent(Event.java:198)
	at com.sun.javafx.stage.WindowPeerListener.closing(WindowPeerListener.java:93)
	at com.sun.javafx.tk.quantum.GlassWindowEventHandler.run(GlassWindowEventHandler.java:147)
	at com.sun.javafx.tk.quantum.GlassWindowEventHandler.run(GlassWindowEventHandler.java:40)
	at java.base/java.security.AccessController.doPrivileged(AccessController.java:138)
	at com.sun.javafx.tk.quantum.GlassWindowEventHandler.lambda$handleWindowEvent$4(GlassWindowEventHandler.java:178)
	at com.sun.javafx.tk.quantum.QuantumToolkit.runWithoutRenderLock(QuantumToolkit.java:424)
	at com.sun.javafx.tk.quantum.GlassWindowEventHandler.handleWindowEvent(GlassWindowEventHandler.java:176)
	at com.sun.glass.ui.Window.handleWindowEvent(Window.java:1248)
	at com.sun.glass.ui.Window.notifyClose(Window.java:1153)
	at com.sun.glass.ui.win.WinApplication._runLoop(Native Method)
	at com.sun.glass.ui.win.WinApplication.lambda$runLoop$3(WinApplication.java:184)
	at java.base/java.lang.Thread.run(Thread.java:1447)

01:01:42.208 [JavaFX Application Thread] FATAL FXGLApplication      - Application will now exit
01:01:42.215 [FXGL Background Thread 1 ] DEBUG FXGL.DefaultMenu     - createOptionsMenu()
01:01:42.270 [FXGL Background Thread 1 ] DEBUG FXGLAssetLoaderServi - Loading from file system: jar:file:/C:/Users/ginac/.m2/repository/com/github/AlmasB/FXGL/fxgl/17.2/fxgl-17.2.jar!/fxglassets/textures/particles/smoke.png
01:01:42.283 [JavaFX Application Thread] DEBUG PrimaryStageWindow   - Push state: ErrorSubScene
01:01:42.283 [JavaFX Application Thread] DEBUG Input                - Clearing active input actions
01:01:42.323 [JavaFX Application Thread] DEBUG GameApplicationServi - Removing overlay from FXGLStartupScene and adding to ErrorSubScene
01:01:42.324 [JavaFX Application Thread] DEBUG PrimaryStageWindow   - FXGLStartupScene -> ErrorSubScene
01:01:42.707 [FXGL Background Thread 1 ] DEBUG FXGLAssetLoaderServi - Loading from file system: jar:file:/C:/Users/ginac/.m2/repository/com/github/AlmasB/FXGL/fxgl/17.2/fxgl-17.2.jar!/fxglassets/textures/particles/trace_horizontal.png
01:01:42.783 [FXGL Background Thread 1 ] DEBUG GameApplicationServi - Application scenes initialized
01:01:42.831 [FXGL Background Thread 1 ] DEBUG SystemBundleService  - Loading FXGL system data
01:01:42.837 [FXGL Background Thread 1 ] DEBUG FileSystemAccess     - Reading from: C:\Users\ginac\IdeaProjects\TheOnlyException\system\fxgl.bundle
01:01:42.854 [FXGL Background Thread 1 ] DEBUG SystemBundleService  - Bundle FXGL: {}
01:01:42.855 [FXGL Background Thread 1 ] DEBUG UpdaterService       - Checking for updates
01:01:42.891 [FXGL Background Thread 1 ] DEBUG FXGLApplication      - Loading default localization
01:01:42.895 [FXGL Background Thread 1 ] DEBUG FXGLAssetLoaderServi - Loading from file system: jar:file:/C:/Users/ginac/.m2/repository/com/github/AlmasB/FXGL/fxgl/17.2/fxgl-17.2.jar!/fxglassets/languages/english.lang
01:01:42.935 [FXGL Background Thread 4 ] DEBUG FXGLApplication      - Loading fonts
01:01:42.937 [FXGL Background Thread 4 ] DEBUG FXGLAssetLoaderServi - Loading from file system: jar:file:/C:/Users/ginac/.m2/repository/com/github/AlmasB/FXGL/fxgl-samples/17.2/fxgl-samples-17.2.jar!/assets/ui/fonts/VarelaRound-Regular.ttf
01:01:43.015 [FXGL Background Thread 4 ] DEBUG FXGLAssetLoaderServi - Loading from file system: jar:file:/C:/Users/ginac/.m2/repository/com/github/AlmasB/FXGL/fxgl/17.2/fxgl-17.2.jar!/fxglassets/ui/fonts/Abel-Regular.ttf
01:01:43.040 [FXGL Background Thread 4 ] DEBUG FXGLAssetLoaderServi - Loading from file system: jar:file:/C:/Users/ginac/.m2/repository/com/github/AlmasB/FXGL/fxgl/17.2/fxgl-17.2.jar!/fxglassets/ui/fonts/TerminalLandMono-Regular.otf
01:01:43.063 [FXGL Background Thread 4 ] DEBUG FXGLAssetLoaderServi - Loading from file system: jar:file:/C:/Users/ginac/.m2/repository/com/github/AlmasB/FXGL/fxgl/17.2/fxgl-17.2.jar!/fxglassets/ui/fonts/Courier-Prime.ttf
01:01:43.071 [FXGL Background Thread 1 ] INFO  FXGLApplication      - FXGL initialization took: 2.023 sec
01:01:43.698 [JavaFX Application Thread] DEBUG Input                - Clearing active input actions
01:01:43.721 [JavaFX Application Thread] DEBUG Input                - Registered new binding: action0 - A
01:01:43.724 [JavaFX Application Thread] DEBUG Input                - Registered new binding: action1 - D
01:01:43.726 [JavaFX Application Thread] DEBUG Input                - Registered new binding: action2 - W
01:01:43.728 [JavaFX Application Thread] DEBUG Input                - Registered new binding: action3 - S
01:01:43.731 [JavaFX Application Thread] DEBUG FXGLAssetLoaderServi - Loading from file system: jar:file:/C:/Users/ginac/.m2/repository/com/github/AlmasB/FXGL/fxgl/17.2/fxgl-17.2.jar!/fxglassets/textures/fxgl_icon.png
01:01:43.796 [JavaFX Application Thread] DEBUG FXGLAssetLoaderServi - Loading from file system: jar:file:/C:/Users/ginac/.m2/repository/com/github/AlmasB/FXGL/fxgl/17.2/fxgl-17.2.jar!/fxglassets/textures/fxgl_default_cursor.png
01:01:43.806 [JavaFX Application Thread] DEBUG Input                - Registered new binding: Screenshot - CTRL+8
01:01:43.808 [JavaFX Application Thread] DEBUG Input                - Registered new binding: System info dump - CTRL+9
01:01:43.811 [JavaFX Application Thread] DEBUG Input                - Registered new binding: Restart - CTRL+R
01:01:43.813 [JavaFX Application Thread] DEBUG Input                - Registered new binding: Toggle Debug Camera - CTRL+7
01:01:43.828 [JavaFX Application Thread] DEBUG LoopRunner           - Starting loop
01:01:43.832 [JavaFX Application Thread] DEBUG PrimaryStageWindow   - Pop state: ErrorSubScene
01:01:43.833 [JavaFX Application Thread] DEBUG Input                - Clearing active input actions
01:01:43.835 [JavaFX Application Thread] DEBUG GameApplicationServi - Removing overlay from ErrorSubScene and adding to FXGLStartupScene
01:01:43.836 [JavaFX Application Thread] DEBUG PrimaryStageWindow   - FXGLStartupScene <- ErrorSubScene
01:01:43.838 [JavaFX Application Thread] DEBUG Input                - Clearing active input actions
01:01:43.868 [JavaFX Application Thread] DEBUG GameApplicationServi - Removing overlay from FXGLStartupScene and adding to FXGLMainMenuDummyScene
01:01:43.869 [JavaFX Application Thread] DEBUG PrimaryStageWindow   - FXGLStartupScene -> FXGLMainMenuDummyScene
01:01:43.869 [JavaFX Application Thread] DEBUG PrimaryStageWindow   - Push state: NameInputScene
01:01:43.869 [JavaFX Application Thread] DEBUG Input                - Clearing active input actions
01:01:43.885 [JavaFX Application Thread] DEBUG GameApplicationServi - Removing overlay from FXGLMainMenuDummyScene and adding to NameInputScene
01:01:43.886 [JavaFX Application Thread] DEBUG PrimaryStageWindow   - FXGLMainMenuDummyScene -> NameInputScene
01:01:43.898 [JavaFX Application Thread] DEBUG FXGLApplication      - Registering font factories with UI factory
01:01:44.804 [FXGL Background Thread 2 ] INFO  UpdaterService       - Your current version:  17+dev-SNAPSHOT
01:01:44.805 [FXGL Background Thread 2 ] INFO  UpdaterService       - Latest stable version: 21.1
01:01:45.877 [FXGL Background Thread 3 ] DEBUG Engine               - Logging environment variables
01:01:45.878 [FXGL Background Thread 3 ] DEBUG Engine               - achievements: []
01:01:45.879 [FXGL Background Thread 3 ] DEBUG Engine               - actualHeight: 671.0
01:01:45.879 [FXGL Background Thread 3 ] DEBUG Engine               - actualHeightProperty: ReadOnlyDoubleProperty [value: 671.0]
01:01:45.880 [FXGL Background Thread 3 ] DEBUG Engine               - actualWidth: 1169.0
01:01:45.880 [FXGL Background Thread 3 ] DEBUG Engine               - actualWidthProperty: ReadOnlyDoubleProperty [value: 1169.0]
01:01:45.880 [FXGL Background Thread 3 ] DEBUG Engine               - appIcon: fxgl_icon.png
01:01:45.880 [FXGL Background Thread 3 ] DEBUG Engine               - applicationMode: DEVELOPER
01:01:45.880 [FXGL Background Thread 3 ] DEBUG Engine               - cSSList: [fxgl_dark.css]
01:01:45.880 [FXGL Background Thread 3 ] DEBUG Engine               - collisionDetectionStrategy: BRUTE_FORCE
01:01:45.882 [FXGL Background Thread 3 ] DEBUG Engine               - configClass: Optional.empty
01:01:45.882 [FXGL Background Thread 3 ] DEBUG Engine               - credits: []
01:01:45.883 [FXGL Background Thread 3 ] DEBUG Engine               - defaultCursor: CursorInfo(imageName=fxgl_default_cursor.png, hotspotX=7.0, hotspotY=6.0)
01:01:45.883 [FXGL Background Thread 3 ] DEBUG Engine               - devBBoxColorProperty: ObjectProperty [value: 0xff0000ff]
01:01:45.884 [FXGL Background Thread 3 ] DEBUG Engine               - devEnableDebugCameraProperty: BooleanProperty [value: false]
01:01:45.884 [FXGL Background Thread 3 ] DEBUG Engine               - devSensorColorProperty: ObjectProperty [value: 0xffff00ff]
01:01:45.884 [FXGL Background Thread 3 ] DEBUG Engine               - devShowBBoxProperty: BooleanProperty [value: false]
01:01:45.884 [FXGL Background Thread 3 ] DEBUG Engine               - devShowPositionProperty: BooleanProperty [value: false]
01:01:45.885 [FXGL Background Thread 3 ] DEBUG Engine               - enabledMenuItems: []
01:01:45.885 [FXGL Background Thread 3 ] DEBUG Engine               - engineServices: [class com.almasb.fxgl.app.services.FXGLAssetLoaderService, class com.almasb.fxgl.app.FXGLApplication$GameApplicationService, class com.almasb.fxgl.app.services.FXGLDialogService, class com.almasb.fxgl.app.services.IOTaskExecutorService, class com.almasb.fxgl.io.FileSystemService, class com.almasb.fxgl.localization.LocalizationService, class com.almasb.fxgl.app.services.SystemBundleService, class com.almasb.fxgl.profile.SaveLoadService, class com.almasb.fxgl.ui.FXGLUIFactoryServiceProvider, class com.almasb.fxgl.ui.FXGLDialogFactoryServiceProvider, class com.almasb.fxgl.audio.AudioPlayer, class com.almasb.fxgl.notification.impl.NotificationServiceProvider, class com.almasb.fxgl.achievement.AchievementService, class com.almasb.fxgl.cutscene.CutsceneService, class com.almasb.fxgl.minigames.MiniGameService, class com.almasb.fxgl.net.NetService, class com.almasb.fxgl.app.services.UpdaterService, class com.almasb.fxgl.dev.DevService]
01:01:45.885 [FXGL Background Thread 3 ] DEBUG Engine               - fontGame: Abel-Regular.ttf
01:01:45.885 [FXGL Background Thread 3 ] DEBUG Engine               - fontMono: TerminalLandMono-Regular.otf
01:01:45.885 [FXGL Background Thread 3 ] DEBUG Engine               - fontText: Courier-Prime.ttf
01:01:45.886 [FXGL Background Thread 3 ] DEBUG Engine               - fontUI: VarelaRound-Regular.ttf
01:01:45.886 [FXGL Background Thread 3 ] DEBUG Engine               - fullScreen: BooleanProperty [value: false]
01:01:45.886 [FXGL Background Thread 3 ] DEBUG Engine               - gameDifficulty: MEDIUM
01:01:45.886 [FXGL Background Thread 3 ] DEBUG Engine               - gameDifficultyProperty: ObjectProperty [value: MEDIUM]
01:01:45.886 [FXGL Background Thread 3 ] DEBUG Engine               - globalMusicVolume: 0.5
01:01:45.887 [FXGL Background Thread 3 ] DEBUG Engine               - globalMusicVolumeProperty: DoubleProperty [value: 0.5]
01:01:45.887 [FXGL Background Thread 3 ] DEBUG Engine               - globalSoundVolume: 0.5
01:01:45.887 [FXGL Background Thread 3 ] DEBUG Engine               - globalSoundVolumeProperty: DoubleProperty [value: 0.5]
01:01:45.887 [FXGL Background Thread 3 ] DEBUG Engine               - height: 720
01:01:45.888 [FXGL Background Thread 3 ] DEBUG Engine               - is3D: false
01:01:45.888 [FXGL Background Thread 3 ] DEBUG Engine               - isAndroid: false
01:01:45.888 [FXGL Background Thread 3 ] DEBUG Engine               - isBrowser: false
01:01:45.888 [FXGL Background Thread 3 ] DEBUG Engine               - isClickFeedbackEnabled: false
01:01:45.888 [FXGL Background Thread 3 ] DEBUG Engine               - isCloseConfirmation: false
01:01:45.889 [FXGL Background Thread 3 ] DEBUG Engine               - isDesktop: true
01:01:45.889 [FXGL Background Thread 3 ] DEBUG Engine               - isDeveloperMenuEnabled: false
01:01:45.889 [FXGL Background Thread 3 ] DEBUG Engine               - isEmbedded: false
01:01:45.889 [FXGL Background Thread 3 ] DEBUG Engine               - isEntityPreloadEnabled: true
01:01:45.889 [FXGL Background Thread 3 ] DEBUG Engine               - isExperimentalTiledLargeMap: false
01:01:45.891 [FXGL Background Thread 3 ] DEBUG Engine               - isFileSystemWriteAllowed: true
01:01:45.892 [FXGL Background Thread 3 ] DEBUG Engine               - isFullScreenAllowed: false
01:01:45.892 [FXGL Background Thread 3 ] DEBUG Engine               - isFullScreenFromStart: false
01:01:45.892 [FXGL Background Thread 3 ] DEBUG Engine               - isGameMenuEnabled: true
01:01:45.892 [FXGL Background Thread 3 ] DEBUG Engine               - isIOS: false
01:01:45.892 [FXGL Background Thread 3 ] DEBUG Engine               - isIntroEnabled: false
01:01:45.893 [FXGL Background Thread 3 ] DEBUG Engine               - isLinux: false
01:01:45.893 [FXGL Background Thread 3 ] DEBUG Engine               - isMac: false
01:01:45.893 [FXGL Background Thread 3 ] DEBUG Engine               - isMainMenuEnabled: true
01:01:45.893 [FXGL Background Thread 3 ] DEBUG Engine               - isManualResizeEnabled: false
01:01:45.893 [FXGL Background Thread 3 ] DEBUG Engine               - isMobile: false
01:01:45.893 [FXGL Background Thread 3 ] DEBUG Engine               - isNative: false
01:01:45.893 [FXGL Background Thread 3 ] DEBUG Engine               - isPauseMusicWhenMinimized: true
01:01:45.894 [FXGL Background Thread 3 ] DEBUG Engine               - isPreserveResizeRatio: false
01:01:45.894 [FXGL Background Thread 3 ] DEBUG Engine               - isProfilingEnabled: false
01:01:45.894 [FXGL Background Thread 3 ] DEBUG Engine               - isScaleAffectedOnResize: true
01:01:45.894 [FXGL Background Thread 3 ] DEBUG Engine               - isSingleStep: false
01:01:45.894 [FXGL Background Thread 3 ] DEBUG Engine               - isUserProfileEnabled: false
01:01:45.894 [FXGL Background Thread 3 ] DEBUG Engine               - isWindows: true
01:01:45.895 [FXGL Background Thread 3 ] DEBUG Engine               - language: ObjectProperty [value: ENGLISH]
01:01:45.895 [FXGL Background Thread 3 ] DEBUG Engine               - menuKey: ESCAPE
01:01:45.895 [FXGL Background Thread 3 ] DEBUG Engine               - mouseSensitivity: 0.2
01:01:45.895 [FXGL Background Thread 3 ] DEBUG Engine               - notificationViewClass: class com.almasb.fxgl.notification.view.XboxNotificationView
01:01:45.895 [FXGL Background Thread 3 ] DEBUG Engine               - pixelsPerMeter: 50.0
01:01:45.896 [FXGL Background Thread 3 ] DEBUG Engine               - platform: WINDOWS
01:01:45.896 [FXGL Background Thread 3 ] DEBUG Engine               - prefHeightProperty: ReadOnlyDoubleProperty [value: 720.0]
01:01:45.896 [FXGL Background Thread 3 ] DEBUG Engine               - prefWidthProperty: ReadOnlyDoubleProperty [value: 1280.0]
01:01:45.896 [FXGL Background Thread 3 ] DEBUG Engine               - profileDir: profiles/
01:01:45.896 [FXGL Background Thread 3 ] DEBUG Engine               - profileName: StringProperty [value: DEFAULT]
01:01:45.896 [FXGL Background Thread 3 ] DEBUG Engine               - randomSeed: -1
01:01:45.897 [FXGL Background Thread 3 ] DEBUG Engine               - runtimeInfo: RuntimeInfo(platform=WINDOWS, version=17+dev-SNAPSHOT, build=01.09.2022 03.33)
01:01:45.897 [FXGL Background Thread 3 ] DEBUG Engine               - saveFileExt: sav
01:01:45.897 [FXGL Background Thread 3 ] DEBUG Engine               - scaledHeightProp$fxgl: DoubleProperty [bound, value: 671.0]
01:01:45.897 [FXGL Background Thread 3 ] DEBUG Engine               - scaledWidthProp$fxgl: DoubleProperty [bound, value: 1169.0]
01:01:45.898 [FXGL Background Thread 3 ] DEBUG Engine               - sceneFactory: org.example.GameApp$1@6cc9f62c
01:01:45.898 [FXGL Background Thread 3 ] DEBUG Engine               - secondsIn24h: 60
01:01:45.898 [FXGL Background Thread 3 ] DEBUG Engine               - soundMenuBack: menu/back.wav
01:01:45.898 [FXGL Background Thread 3 ] DEBUG Engine               - soundMenuPress: menu/press.wav
01:01:45.898 [FXGL Background Thread 3 ] DEBUG Engine               - soundMenuSelect: menu/select.wav
01:01:45.898 [FXGL Background Thread 3 ] DEBUG Engine               - soundNotification: core/notification.wav
01:01:45.899 [FXGL Background Thread 3 ] DEBUG Engine               - stageStyle: DECORATED
01:01:45.899 [FXGL Background Thread 3 ] DEBUG Engine               - supportedLanguages: [ENGLISH, FRENCH, GERMAN, HUNGARIAN, RUSSIAN]
01:01:45.899 [FXGL Background Thread 3 ] DEBUG Engine               - ticksPerSecond: -1
01:01:45.899 [FXGL Background Thread 3 ] DEBUG Engine               - title: Prototype
01:01:45.899 [FXGL Background Thread 3 ] DEBUG Engine               - urlGithub: https://github.com/AlmasB/FXGL
01:01:45.899 [FXGL Background Thread 3 ] DEBUG Engine               - urlLeaderboard: http://fxgl-top.herokuapp.com/
01:01:45.900 [FXGL Background Thread 3 ] DEBUG Engine               - urlPOM: https://raw.githubusercontent.com/AlmasB/FXGL/release/README.md
01:01:45.900 [FXGL Background Thread 3 ] DEBUG Engine               - userAppClass: class org.example.GameApp
01:01:45.900 [FXGL Background Thread 3 ] DEBUG Engine               - version: 0.1.5
01:01:45.900 [FXGL Background Thread 3 ] DEBUG Engine               - versionCheckDays: 7
01:01:45.900 [FXGL Background Thread 3 ] DEBUG Engine               - width: 1280
01:01:45.900 [FXGL Background Thread 3 ] DEBUG Engine               - Logging services
01:01:45.900 [FXGL Background Thread 3 ] DEBUG Engine               - class com.almasb.fxgl.app.services.FXGLAssetLoaderService
01:01:45.900 [FXGL Background Thread 3 ] DEBUG Engine               - class com.almasb.fxgl.app.FXGLApplication$GameApplicationService
01:01:45.902 [FXGL Background Thread 3 ] DEBUG Engine               - class com.almasb.fxgl.app.services.FXGLDialogService
01:01:45.902 [FXGL Background Thread 3 ] DEBUG Engine               - class com.almasb.fxgl.app.services.IOTaskExecutorService
01:01:45.902 [FXGL Background Thread 3 ] DEBUG Engine               - class com.almasb.fxgl.io.FileSystemService
01:01:45.902 [FXGL Background Thread 3 ] DEBUG Engine               - class com.almasb.fxgl.localization.LocalizationService
01:01:45.902 [FXGL Background Thread 3 ] DEBUG Engine               - class com.almasb.fxgl.app.services.SystemBundleService
01:01:45.902 [FXGL Background Thread 3 ] DEBUG Engine               - class com.almasb.fxgl.profile.SaveLoadService
01:01:45.902 [FXGL Background Thread 3 ] DEBUG Engine               - class com.almasb.fxgl.ui.FXGLUIFactoryServiceProvider
01:01:45.902 [FXGL Background Thread 3 ] DEBUG Engine               - class com.almasb.fxgl.ui.FXGLDialogFactoryServiceProvider
01:01:45.902 [FXGL Background Thread 3 ] DEBUG Engine               - class com.almasb.fxgl.audio.AudioPlayer
01:01:45.903 [FXGL Background Thread 3 ] DEBUG Engine               - class com.almasb.fxgl.notification.impl.NotificationServiceProvider
01:01:45.903 [FXGL Background Thread 3 ] DEBUG Engine               - class com.almasb.fxgl.achievement.AchievementService
01:01:45.903 [FXGL Background Thread 3 ] DEBUG Engine               - class com.almasb.fxgl.cutscene.CutsceneService
01:01:45.903 [FXGL Background Thread 3 ] DEBUG Engine               - class com.almasb.fxgl.minigames.MiniGameService
01:01:45.903 [FXGL Background Thread 3 ] DEBUG Engine               - class com.almasb.fxgl.net.NetService
01:01:45.903 [FXGL Background Thread 3 ] DEBUG Engine               - class com.almasb.fxgl.app.services.UpdaterService
01:01:45.903 [FXGL Background Thread 3 ] DEBUG Engine               - class com.almasb.fxgl.dev.DevService
01:01:50.352 [JavaFX Application Thread] DEBUG Menu                 - fireNewGame()
01:01:50.352 [JavaFX Application Thread] DEBUG GameApplicationServi - Starting new game
01:01:50.353 [JavaFX Application Thread] DEBUG PrimaryStageWindow   - Pop state: NameInputScene
01:01:50.353 [JavaFX Application Thread] DEBUG Input                - Clearing active input actions
01:01:50.354 [JavaFX Application Thread] DEBUG GameApplicationServi - Removing overlay from NameInputScene and adding to FXGLMainMenuDummyScene
01:01:50.355 [JavaFX Application Thread] DEBUG PrimaryStageWindow   - FXGLMainMenuDummyScene <- NameInputScene
01:01:50.356 [JavaFX Application Thread] DEBUG Input                - Clearing active input actions
01:01:50.368 [JavaFX Application Thread] DEBUG GameApplicationServi - Removing overlay from FXGLMainMenuDummyScene and adding to FXGLLoadingScene
01:01:50.369 [JavaFX Application Thread] DEBUG PrimaryStageWindow   - FXGLMainMenuDummyScene -> FXGLLoadingScene
01:01:50.369 [JavaFX Application Thread] DEBUG GameApplicationServi - Clearing previous game
01:01:50.369 [JavaFX Application Thread] DEBUG GameScene            - Clearing game scene
01:01:50.369 [JavaFX Application Thread] DEBUG GameWorld            - Clearing game world
01:01:50.369 [JavaFX Application Thread] DEBUG PhysicsWorld         - Clearing physics world
01:01:50.375 [FXGL Background Thread 2 ] DEBUG FXGLApplication      - Initializing game
01:01:50.410 [FXGL Background Thread 2 ] DEBUG Input                - Clearing active input actions
01:01:50.433 [FXGL Background Thread 2 ] DEBUG FXGLAssetLoaderServi - Loading from file system: file:/C:/Users/ginac/IdeaProjects/TheOnlyException/Test/target/classes/assets/textures/dasd.png
01:01:50.516 [FXGL Background Thread 2 ] DEBUG FXGLAssetLoaderServi - Loading from file system: file:/C:/Users/ginac/IdeaProjects/TheOnlyException/Test/target/classes/assets/textures/player-scaled.png
01:01:50.683 [FXGL Background Thread 2 ] INFO  FXGLApplication      - Game initialization took: 0.309 sec
01:01:50.685 [JavaFX Application Thread] DEBUG Input                - Clearing active input actions
01:01:50.710 [JavaFX Application Thread] DEBUG GameApplicationServi - Removing overlay from FXGLLoadingScene and adding to GameScene
01:01:50.711 [JavaFX Application Thread] DEBUG PrimaryStageWindow   - FXGLLoadingScene -> GameScene
01:01:51.731 [JavaFX Application Thread] DEBUG FXGLAssetLoaderServi - Loading from file system: file:/C:/Users/ginac/IdeaProjects/TheOnlyException/Test/target/classes/assets/textures/MaggotWalk-scaled.png
01:01:52.636 [JavaFX Application Thread] DEBUG FXGLAssetLoaderServi - Loading from file system: file:/C:/Users/ginac/IdeaProjects/TheOnlyException/Test/target/classes/assets/textures/BeetleMove-scaled.png
01:01:53.533 [JavaFX Application Thread] DEBUG FXGLAssetLoaderServi - Loading from file system: file:/C:/Users/ginac/IdeaProjects/TheOnlyException/Test/target/classes/assets/textures/MantisMove-scaled.png
01:02:07.629 [JavaFX Application Thread] DEBUG LoopRunner           - Pausing loop
01:02:07.635 [JavaFX Application Thread] DEBUG PrimaryStageWindow   - Push state: DialogSubScene
01:02:07.635 [JavaFX Application Thread] DEBUG Input                - Clearing active input actions
01:02:07.637 [JavaFX Application Thread] DEBUG GameApplicationServi - Removing overlay from GameScene and adding to DialogSubScene
01:02:07.638 [JavaFX Application Thread] DEBUG PrimaryStageWindow   - GameScene -> DialogSubScene
01:02:09.303 [JavaFX Application Thread] DEBUG PrimaryStageWindow   - Pop state: DialogSubScene
01:02:09.304 [JavaFX Application Thread] DEBUG Input                - Clearing active input actions
01:02:09.305 [JavaFX Application Thread] DEBUG GameApplicationServi - Removing overlay from DialogSubScene and adding to GameScene
01:02:09.306 [JavaFX Application Thread] DEBUG PrimaryStageWindow   - GameScene <- DialogSubScene
01:02:09.312 [JavaFX Application Thread] DEBUG Input                - Clearing active input actions
01:02:09.313 [JavaFX Application Thread] DEBUG Input                - Clearing active input actions
01:02:09.320 [JavaFX Application Thread] DEBUG GameApplicationServi - Removing overlay from GameScene and adding to FXGLMainMenuDummyScene
01:02:09.321 [JavaFX Application Thread] DEBUG PrimaryStageWindow   - GameScene -> FXGLMainMenuDummyScene
01:02:09.321 [JavaFX Application Thread] DEBUG PrimaryStageWindow   - Push state: NameInputScene
01:02:09.321 [JavaFX Application Thread] DEBUG Input                - Clearing active input actions
01:02:09.327 [JavaFX Application Thread] DEBUG GameApplicationServi - Removing overlay from FXGLMainMenuDummyScene and adding to NameInputScene
01:02:09.327 [JavaFX Application Thread] DEBUG PrimaryStageWindow   - FXGLMainMenuDummyScene -> NameInputScene
01:02:10.767 [JavaFX Application Thread] DEBUG Menu                 - fireNewGame()
01:02:10.768 [JavaFX Application Thread] DEBUG GameApplicationServi - Starting new game
01:02:10.768 [JavaFX Application Thread] DEBUG PrimaryStageWindow   - Pop state: NameInputScene
01:02:10.768 [JavaFX Application Thread] DEBUG Input                - Clearing active input actions
01:02:10.769 [JavaFX Application Thread] DEBUG GameApplicationServi - Removing overlay from NameInputScene and adding to FXGLMainMenuDummyScene
01:02:10.770 [JavaFX Application Thread] DEBUG PrimaryStageWindow   - FXGLMainMenuDummyScene <- NameInputScene
01:02:10.770 [JavaFX Application Thread] DEBUG Input                - Clearing active input actions
01:02:10.778 [JavaFX Application Thread] DEBUG GameApplicationServi - Removing overlay from FXGLMainMenuDummyScene and adding to FXGLLoadingScene
01:02:10.778 [JavaFX Application Thread] DEBUG PrimaryStageWindow   - FXGLMainMenuDummyScene -> FXGLLoadingScene
01:02:10.778 [JavaFX Application Thread] DEBUG GameApplicationServi - Clearing previous game
01:02:10.778 [JavaFX Application Thread] DEBUG GameScene            - Clearing game scene
01:02:10.778 [JavaFX Application Thread] DEBUG GameWorld            - Clearing game world
01:02:10.780 [JavaFX Application Thread] DEBUG PhysicsWorld         - Clearing physics world
01:02:10.781 [FXGL Background Thread 2 ] DEBUG FXGLApplication      - Initializing game
01:02:10.781 [FXGL Background Thread 2 ] DEBUG Input                - Clearing active input actions
01:02:10.799 [FXGL Background Thread 2 ] INFO  FXGLApplication      - Game initialization took: 0.018 sec
01:02:10.800 [JavaFX Application Thread] DEBUG Input                - Clearing active input actions
01:02:10.810 [JavaFX Application Thread] DEBUG GameApplicationServi - Removing overlay from FXGLLoadingScene and adding to GameScene
01:02:10.811 [JavaFX Application Thread] DEBUG PrimaryStageWindow   - FXGLLoadingScene -> GameScene
01:02:27.787 [JavaFX Application Thread] DEBUG FXGLApplication      - Exiting FXGL
01:02:27.787 [JavaFX Application Thread] DEBUG Async                - Shutting down background threads
01:02:27.787 [JavaFX Application Thread] DEBUG PrimaryStageWindow   - Closing main window
01:02:27.844 [JavaFX Application Thread] DEBUG Logger               - Closing Logger
