13:40:59.076 [main                     ] DEBUG Logger               - Configured Logger
13:40:59.082 [main                     ] DEBUG GameApplication      - Logging settings
Title: Prototype Game
Version: 0.1.5
Width: 1280
Height: 720
Fullscreen: false
Intro: false
Profiling: false
Single step:false
App Mode: DEVELOPER
Menu Key: ESCAPE
Stage Style: DECORATED
Scene Factory: class org.example.core.GameApp$1

13:40:59.298 [JavaFX Application Thread] DEBUG FXGLApplication      - Initializing FXGL
13:40:59.302 [JavaFX Application Thread] INFO  Engine               - FXGL-21+dev-SNAPSHOT (26.03.2024 21.04) on WINDOWS (J:24 FX:21.0.1)
13:40:59.303 [JavaFX Application Thread] DEBUG Engine               - JRE Vendor Name: Oracle Corporation
13:40:59.303 [JavaFX Application Thread] DEBUG Engine               - Running on OS: Windows 11 version 10.0
13:40:59.303 [JavaFX Application Thread] DEBUG Engine               - Architecture: amd64
13:40:59.303 [JavaFX Application Thread] INFO  Engine               - Source code and latest versions at: https://github.com/AlmasB/FXGL
13:40:59.303 [JavaFX Application Thread] INFO  Engine               -       Ask questions and discuss at: https://github.com/AlmasB/FXGL/discussions
13:40:59.304 [JavaFX Application Thread] INFO  Engine               -              Join the FXGL chat at: https://gitter.im/AlmasB/FXGL
13:40:59.542 [JavaFX Application Thread] DEBUG PrimaryStageWindow   - Creating a JavaFX scene
13:40:59.628 [JavaFX Application Thread] DEBUG PrimaryStageWindow   - Target settings size: 1280.0 x 720.0
13:40:59.628 [JavaFX Application Thread] DEBUG PrimaryStageWindow   - Scaled scene size:    1280.0 x 720.0
13:40:59.628 [JavaFX Application Thread] DEBUG PrimaryStageWindow   - Scaled ratio: (1.0, 1.0)
13:40:59.630 [JavaFX Application Thread] DEBUG PrimaryStageWindow   - Set initial scene to FXGLStartupScene
13:40:59.636 [JavaFX Application Thread] DEBUG PrimaryStageWindow   - Opening main window
13:40:59.800 [JavaFX Application Thread] DEBUG PrimaryStageWindow   - Window border size: (14.4000244140625, 37.5999755859375)
13:40:59.801 [JavaFX Application Thread] DEBUG PrimaryStageWindow   - Scaled size: 1280.0 x 720.0
13:40:59.801 [JavaFX Application Thread] DEBUG PrimaryStageWindow   - Scaled ratio: (1.0, 1.0)
13:40:59.801 [JavaFX Application Thread] DEBUG PrimaryStageWindow   - Scene size: 1280.0 x 720.0
13:40:59.801 [JavaFX Application Thread] DEBUG PrimaryStageWindow   - Stage size: 1294.4000244140625 x 757.5999755859375
13:40:59.815 [FXGL Background Thread 1 ] DEBUG Engine               - Initializing environment variables
13:40:59.895 [FXGL Background Thread 1 ] DEBUG FXGLAssetLoaderServi - User app class for loading assets: class org.example.core.GameApp
13:40:59.895 [FXGL Background Thread 1 ] DEBUG GameApplicationServi - Applying CSS: fxgl_dark.css
13:40:59.896 [FXGL Background Thread 1 ] DEBUG FXGLAssetLoaderServi - Loading from file system: jar:file:/C:/Users/ginac/.m2/repository/com/github/AlmasB/FXGL/fxgl/21.1/fxgl-21.1.jar!/fxglassets/ui/css/fxgl_dark.css
13:40:59.972 [FXGL Background Thread 1 ] DEBUG GameApplicationServi - Initializing application scenes
13:41:00.031 [FXGL Background Thread 1 ] DEBUG GameWorld            - Game world initialized
13:41:00.140 [FXGL Background Thread 1 ] DEBUG PhysicsWorld         - Physics world initialized: appHeight=720, physics.ppm=50.0
13:41:00.140 [FXGL Background Thread 1 ] DEBUG PhysicsWorld         - Using strategy: BRUTE_FORCE
13:41:00.147 [FXGL Background Thread 1 ] DEBUG GameScene            - Game scene initialized: 1280x720
13:41:00.576 [FXGL Background Thread 1 ] DEBUG GameApplicationServi - Application scenes initialized
13:41:00.616 [FXGL Background Thread 1 ] DEBUG SystemBundleService  - Loading FXGL system data
13:41:00.627 [FXGL Background Thread 1 ] DEBUG FileSystemAccess     - Reading from: C:\Users\ginac\IdeaProjects\TheOnlyException3\system\fxgl.bundle
13:41:00.635 [FXGL Background Thread 1 ] DEBUG SystemBundleService  - Bundle FXGL: {}
13:41:00.635 [FXGL Background Thread 1 ] DEBUG UpdaterService       - Checking for updates
13:41:00.643 [FXGL Background Thread 4 ] DEBUG FXGLApplication      - Loading fonts
13:41:00.644 [FXGL Background Thread 4 ] DEBUG FXGLAssetLoaderServi - Loading from file system: jar:file:/C:/Users/ginac/.m2/repository/com/github/AlmasB/FXGL/fxgl-samples/21.1/fxgl-samples-21.1.jar!/assets/ui/fonts/VarelaRound-Regular.ttf
13:41:00.645 [FXGL Background Thread 1 ] DEBUG FXGLApplication      - Loading default localization
13:41:00.646 [FXGL Background Thread 1 ] DEBUG FXGLAssetLoaderServi - Loading from file system: jar:file:/C:/Users/ginac/.m2/repository/com/github/AlmasB/FXGL/fxgl/21.1/fxgl-21.1.jar!/fxglassets/languages/english.lang
13:41:00.663 [FXGL Background Thread 4 ] DEBUG FXGLAssetLoaderServi - Loading from file system: jar:file:/C:/Users/ginac/.m2/repository/com/github/AlmasB/FXGL/fxgl/21.1/fxgl-21.1.jar!/fxglassets/ui/fonts/Abel-Regular.ttf
13:41:00.677 [FXGL Background Thread 4 ] DEBUG FXGLAssetLoaderServi - Loading from file system: jar:file:/C:/Users/ginac/.m2/repository/com/github/AlmasB/FXGL/fxgl/21.1/fxgl-21.1.jar!/fxglassets/ui/fonts/TerminalLandMono-Regular.otf
13:41:00.693 [FXGL Background Thread 4 ] DEBUG FXGLAssetLoaderServi - Loading from file system: jar:file:/C:/Users/ginac/.m2/repository/com/github/AlmasB/FXGL/fxgl/21.1/fxgl-21.1.jar!/fxglassets/ui/fonts/Courier-Prime.ttf
13:41:00.749 [JavaFX Application Thread] DEBUG FXGLApplication      - Registering font factories with UI factory
13:41:00.797 [FXGL Background Thread 1 ] INFO  FXGLApplication      - FXGL initialization took: 0.980 sec
13:41:00.857 [JavaFX Application Thread] DEBUG Input                - Registered new binding: action0 - A
13:41:00.857 [JavaFX Application Thread] DEBUG Input                - Registered new binding: action1 - D
13:41:00.858 [JavaFX Application Thread] DEBUG Input                - Registered new binding: action2 - W
13:41:00.859 [JavaFX Application Thread] DEBUG Input                - Registered new binding: action3 - S
13:41:00.860 [JavaFX Application Thread] DEBUG FXGLAssetLoaderServi - Loading from file system: jar:file:/C:/Users/ginac/.m2/repository/com/github/AlmasB/FXGL/fxgl/21.1/fxgl-21.1.jar!/fxglassets/textures/fxgl_icon.png
13:41:00.968 [JavaFX Application Thread] DEBUG FXGLAssetLoaderServi - Loading from file system: jar:file:/C:/Users/ginac/.m2/repository/com/github/AlmasB/FXGL/fxgl/21.1/fxgl-21.1.jar!/fxglassets/textures/fxgl_default_cursor.png
13:41:00.975 [JavaFX Application Thread] DEBUG Input                - Registered new binding: Screenshot - CTRL+8
13:41:00.976 [JavaFX Application Thread] DEBUG Input                - Registered new binding: System info dump - CTRL+9
13:41:00.977 [JavaFX Application Thread] DEBUG Input                - Registered new binding: Restart - CTRL+R
13:41:00.977 [JavaFX Application Thread] DEBUG Input                - Registered new binding: Toggle Debug Camera - CTRL+7
13:41:00.983 [JavaFX Application Thread] DEBUG LoopRunner           - Starting loop
13:41:00.983 [JavaFX Application Thread] DEBUG LoopRunner           - Initializing JavaFX AnimationTimerLoop
13:41:00.988 [JavaFX Application Thread] DEBUG Input                - Clearing active input actions
13:41:01.001 [JavaFX Application Thread] DEBUG GameApplicationServi - Removing overlay from FXGLStartupScene and adding to FXGLMainMenuDummyScene
13:41:01.002 [JavaFX Application Thread] DEBUG PrimaryStageWindow   - FXGLStartupScene -> FXGLMainMenuDummyScene
13:41:01.002 [JavaFX Application Thread] DEBUG PrimaryStageWindow   - Push state: LoginScene
13:41:01.003 [JavaFX Application Thread] DEBUG Input                - Clearing active input actions
13:41:01.068 [JavaFX Application Thread] DEBUG GameApplicationServi - Removing overlay from FXGLMainMenuDummyScene and adding to LoginScene
13:41:01.068 [JavaFX Application Thread] DEBUG PrimaryStageWindow   - FXGLMainMenuDummyScene -> LoginScene
13:41:01.490 [FXGL Background Thread 2 ] INFO  UpdaterService       - Your current version:  21+dev-SNAPSHOT
13:41:01.491 [FXGL Background Thread 2 ] INFO  UpdaterService       - Latest stable version: 21.1
13:41:03.641 [FXGL Background Thread 3 ] DEBUG Engine               - Logging environment variables
13:41:03.641 [FXGL Background Thread 3 ] DEBUG Engine               - achievements: []
13:41:03.643 [FXGL Background Thread 3 ] DEBUG Engine               - actualHeight: 720.0
13:41:03.643 [FXGL Background Thread 3 ] DEBUG Engine               - actualHeightProperty: ReadOnlyDoubleProperty [value: 720.0]
13:41:03.643 [FXGL Background Thread 3 ] DEBUG Engine               - actualWidth: 1280.0
13:41:03.643 [FXGL Background Thread 3 ] DEBUG Engine               - actualWidthProperty: ReadOnlyDoubleProperty [value: 1280.0]
13:41:03.643 [FXGL Background Thread 3 ] DEBUG Engine               - appIcon: fxgl_icon.png
13:41:03.643 [FXGL Background Thread 3 ] DEBUG Engine               - applicationMode: DEVELOPER
13:41:03.643 [FXGL Background Thread 3 ] DEBUG Engine               - cSSList: [fxgl_dark.css]
13:41:03.643 [FXGL Background Thread 3 ] DEBUG Engine               - collisionDetectionStrategy: BRUTE_FORCE
13:41:03.643 [FXGL Background Thread 3 ] DEBUG Engine               - configClass: Optional.empty
13:41:03.643 [FXGL Background Thread 3 ] DEBUG Engine               - credits: []
13:41:03.646 [FXGL Background Thread 3 ] DEBUG Engine               - defaultCursor: CursorInfo(imageName=fxgl_default_cursor.png, hotspotX=7.0, hotspotY=6.0)
13:41:03.646 [FXGL Background Thread 3 ] DEBUG Engine               - devBBoxColorProperty: ObjectProperty [value: 0xff0000ff]
13:41:03.646 [FXGL Background Thread 3 ] DEBUG Engine               - devEnableDebugCameraProperty: BooleanProperty [value: false]
13:41:03.646 [FXGL Background Thread 3 ] DEBUG Engine               - devSensorColorProperty: ObjectProperty [value: 0xffff00ff]
13:41:03.646 [FXGL Background Thread 3 ] DEBUG Engine               - devShowBBoxProperty: BooleanProperty [value: false]
13:41:03.646 [FXGL Background Thread 3 ] DEBUG Engine               - devShowPositionProperty: BooleanProperty [value: false]
13:41:03.646 [FXGL Background Thread 3 ] DEBUG Engine               - enabledMenuItems: []
13:41:03.647 [FXGL Background Thread 3 ] DEBUG Engine               - engineServices: [class com.almasb.fxgl.app.services.FXGLAssetLoaderService, class com.almasb.fxgl.app.FXGLApplication$GameApplicationService, class com.almasb.fxgl.app.services.FXGLDialogService, class com.almasb.fxgl.app.services.IOTaskExecutorService, class com.almasb.fxgl.io.FileSystemService, class com.almasb.fxgl.localization.LocalizationService, class com.almasb.fxgl.app.services.SystemBundleService, class com.almasb.fxgl.profile.SaveLoadService, class com.almasb.fxgl.ui.FXGLUIFactoryServiceProvider, class com.almasb.fxgl.ui.FXGLDialogFactoryServiceProvider, class com.almasb.fxgl.audio.AudioPlayer, class com.almasb.fxgl.notification.impl.NotificationServiceProvider, class com.almasb.fxgl.achievement.AchievementService, class com.almasb.fxgl.cutscene.CutsceneService, class com.almasb.fxgl.minigames.MiniGameService, class com.almasb.fxgl.net.NetService, class com.almasb.fxgl.app.services.UpdaterService, class com.almasb.fxgl.dev.DevService]
13:41:03.647 [FXGL Background Thread 3 ] DEBUG Engine               - fontGame: Abel-Regular.ttf
13:41:03.647 [FXGL Background Thread 3 ] DEBUG Engine               - fontMono: TerminalLandMono-Regular.otf
13:41:03.647 [FXGL Background Thread 3 ] DEBUG Engine               - fontSizeScaleUI: 1.0
13:41:03.647 [FXGL Background Thread 3 ] DEBUG Engine               - fontText: Courier-Prime.ttf
13:41:03.647 [FXGL Background Thread 3 ] DEBUG Engine               - fontUI: VarelaRound-Regular.ttf
13:41:03.647 [FXGL Background Thread 3 ] DEBUG Engine               - fullScreen: BooleanProperty [value: false]
13:41:03.647 [FXGL Background Thread 3 ] DEBUG Engine               - gameDifficulty: MEDIUM
13:41:03.647 [FXGL Background Thread 3 ] DEBUG Engine               - gameDifficultyProperty: ObjectProperty [value: MEDIUM]
13:41:03.647 [FXGL Background Thread 3 ] DEBUG Engine               - globalMusicVolume: 0.5
13:41:03.647 [FXGL Background Thread 3 ] DEBUG Engine               - globalMusicVolumeProperty: DoubleProperty [value: 0.5]
13:41:03.647 [FXGL Background Thread 3 ] DEBUG Engine               - globalSoundVolume: 0.5
13:41:03.647 [FXGL Background Thread 3 ] DEBUG Engine               - globalSoundVolumeProperty: DoubleProperty [value: 0.5]
13:41:03.647 [FXGL Background Thread 3 ] DEBUG Engine               - height: 720
13:41:03.647 [FXGL Background Thread 3 ] DEBUG Engine               - is3D: false
13:41:03.647 [FXGL Background Thread 3 ] DEBUG Engine               - isAndroid: false
13:41:03.648 [FXGL Background Thread 3 ] DEBUG Engine               - isBrowser: false
13:41:03.648 [FXGL Background Thread 3 ] DEBUG Engine               - isClickFeedbackEnabled: false
13:41:03.648 [FXGL Background Thread 3 ] DEBUG Engine               - isCloseConfirmation: false
13:41:03.648 [FXGL Background Thread 3 ] DEBUG Engine               - isDesktop: true
13:41:03.648 [FXGL Background Thread 3 ] DEBUG Engine               - isDeveloperMenuEnabled: false
13:41:03.648 [FXGL Background Thread 3 ] DEBUG Engine               - isEmbedded: false
13:41:03.648 [FXGL Background Thread 3 ] DEBUG Engine               - isEntityPreloadEnabled: true
13:41:03.648 [FXGL Background Thread 3 ] DEBUG Engine               - isExperimentalTiledLargeMap: false
13:41:03.648 [FXGL Background Thread 3 ] DEBUG Engine               - isFileSystemWriteAllowed: true
13:41:03.648 [FXGL Background Thread 3 ] DEBUG Engine               - isFullScreenAllowed: false
13:41:03.648 [FXGL Background Thread 3 ] DEBUG Engine               - isFullScreenFromStart: false
13:41:03.648 [FXGL Background Thread 3 ] DEBUG Engine               - isGameMenuEnabled: false
13:41:03.648 [FXGL Background Thread 3 ] DEBUG Engine               - isIOS: false
13:41:03.648 [FXGL Background Thread 3 ] DEBUG Engine               - isIntroEnabled: false
13:41:03.648 [FXGL Background Thread 3 ] DEBUG Engine               - isLinux: false
13:41:03.648 [FXGL Background Thread 3 ] DEBUG Engine               - isMac: false
13:41:03.648 [FXGL Background Thread 3 ] DEBUG Engine               - isMainMenuEnabled: true
13:41:03.649 [FXGL Background Thread 3 ] DEBUG Engine               - isManualResizeEnabled: false
13:41:03.649 [FXGL Background Thread 3 ] DEBUG Engine               - isMobile: false
13:41:03.649 [FXGL Background Thread 3 ] DEBUG Engine               - isNative: false
13:41:03.649 [FXGL Background Thread 3 ] DEBUG Engine               - isPauseMusicWhenMinimized: true
13:41:03.649 [FXGL Background Thread 3 ] DEBUG Engine               - isPreserveResizeRatio: false
13:41:03.649 [FXGL Background Thread 3 ] DEBUG Engine               - isProfilingEnabled: false
13:41:03.649 [FXGL Background Thread 3 ] DEBUG Engine               - isScaleAffectedOnResize: true
13:41:03.649 [FXGL Background Thread 3 ] DEBUG Engine               - isSingleStep: false
13:41:03.649 [FXGL Background Thread 3 ] DEBUG Engine               - isUserProfileEnabled: false
13:41:03.649 [FXGL Background Thread 3 ] DEBUG Engine               - isWindows: true
13:41:03.649 [FXGL Background Thread 3 ] DEBUG Engine               - language: ObjectProperty [value: ENGLISH]
13:41:03.649 [FXGL Background Thread 3 ] DEBUG Engine               - menuKey: ESCAPE
13:41:03.649 [FXGL Background Thread 3 ] DEBUG Engine               - mouseSensitivity: 0.2
13:41:03.649 [FXGL Background Thread 3 ] DEBUG Engine               - notificationViewClass: class com.almasb.fxgl.notification.view.XboxNotificationView
13:41:03.649 [FXGL Background Thread 3 ] DEBUG Engine               - pixelsPerMeter: 50.0
13:41:03.649 [FXGL Background Thread 3 ] DEBUG Engine               - platform: WINDOWS
13:41:03.649 [FXGL Background Thread 3 ] DEBUG Engine               - prefHeightProperty: ReadOnlyDoubleProperty [value: 720.0]
13:41:03.649 [FXGL Background Thread 3 ] DEBUG Engine               - prefWidthProperty: ReadOnlyDoubleProperty [value: 1280.0]
13:41:03.649 [FXGL Background Thread 3 ] DEBUG Engine               - profileDir: profiles/
13:41:03.649 [FXGL Background Thread 3 ] DEBUG Engine               - profileName: StringProperty [value: DEFAULT]
13:41:03.649 [FXGL Background Thread 3 ] DEBUG Engine               - randomSeed: -1
13:41:03.650 [FXGL Background Thread 3 ] DEBUG Engine               - runtimeInfo: RuntimeInfo(platform=WINDOWS, version=21+dev-SNAPSHOT, build=26.03.2024 21.04)
13:41:03.650 [FXGL Background Thread 3 ] DEBUG Engine               - saveFileExt: sav
13:41:03.650 [FXGL Background Thread 3 ] DEBUG Engine               - scaledHeightProp$fxgl: DoubleProperty [bound, value: 720.0]
13:41:03.650 [FXGL Background Thread 3 ] DEBUG Engine               - scaledWidthProp$fxgl: DoubleProperty [bound, value: 1280.0]
13:41:03.650 [FXGL Background Thread 3 ] DEBUG Engine               - sceneFactory: org.example.core.GameApp$1@d844943
13:41:03.650 [FXGL Background Thread 3 ] DEBUG Engine               - secondsIn24h: 60
13:41:03.650 [FXGL Background Thread 3 ] DEBUG Engine               - soundMenuBack: menu/back.wav
13:41:03.650 [FXGL Background Thread 3 ] DEBUG Engine               - soundMenuPress: menu/press.wav
13:41:03.650 [FXGL Background Thread 3 ] DEBUG Engine               - soundMenuSelect: menu/select.wav
13:41:03.650 [FXGL Background Thread 3 ] DEBUG Engine               - soundNotification: core/notification.wav
13:41:03.650 [FXGL Background Thread 3 ] DEBUG Engine               - stageStyle: DECORATED
13:41:03.650 [FXGL Background Thread 3 ] DEBUG Engine               - supportedLanguages: [ENGLISH, FRENCH, GERMAN, HUNGARIAN, RUSSIAN]
13:41:03.650 [FXGL Background Thread 3 ] DEBUG Engine               - ticksPerSecond: -1
13:41:03.650 [FXGL Background Thread 3 ] DEBUG Engine               - title: Prototype Game
13:41:03.650 [FXGL Background Thread 3 ] DEBUG Engine               - urlGithub: https://github.com/AlmasB/FXGL
13:41:03.650 [FXGL Background Thread 3 ] DEBUG Engine               - urlLeaderboard: http://fxgl-top.herokuapp.com/
13:41:03.650 [FXGL Background Thread 3 ] DEBUG Engine               - urlPOM: https://raw.githubusercontent.com/AlmasB/FXGL/release/README.md
13:41:03.650 [FXGL Background Thread 3 ] DEBUG Engine               - userAppClass: class org.example.core.GameApp
13:41:03.650 [FXGL Background Thread 3 ] DEBUG Engine               - version: 0.1.5
13:41:03.652 [FXGL Background Thread 3 ] DEBUG Engine               - versionCheckDays: 7
13:41:03.652 [FXGL Background Thread 3 ] DEBUG Engine               - width: 1280
13:41:03.652 [FXGL Background Thread 3 ] DEBUG Engine               - Logging services
13:41:03.652 [FXGL Background Thread 3 ] DEBUG Engine               - class com.almasb.fxgl.app.services.FXGLAssetLoaderService
13:41:03.652 [FXGL Background Thread 3 ] DEBUG Engine               - class com.almasb.fxgl.app.FXGLApplication$GameApplicationService
13:41:03.652 [FXGL Background Thread 3 ] DEBUG Engine               - class com.almasb.fxgl.app.services.FXGLDialogService
13:41:03.652 [FXGL Background Thread 3 ] DEBUG Engine               - class com.almasb.fxgl.app.services.IOTaskExecutorService
13:41:03.652 [FXGL Background Thread 3 ] DEBUG Engine               - class com.almasb.fxgl.io.FileSystemService
13:41:03.652 [FXGL Background Thread 3 ] DEBUG Engine               - class com.almasb.fxgl.localization.LocalizationService
13:41:03.652 [FXGL Background Thread 3 ] DEBUG Engine               - class com.almasb.fxgl.app.services.SystemBundleService
13:41:03.652 [FXGL Background Thread 3 ] DEBUG Engine               - class com.almasb.fxgl.profile.SaveLoadService
13:41:03.652 [FXGL Background Thread 3 ] DEBUG Engine               - class com.almasb.fxgl.ui.FXGLUIFactoryServiceProvider
13:41:03.652 [FXGL Background Thread 3 ] DEBUG Engine               - class com.almasb.fxgl.ui.FXGLDialogFactoryServiceProvider
13:41:03.652 [FXGL Background Thread 3 ] DEBUG Engine               - class com.almasb.fxgl.audio.AudioPlayer
13:41:03.652 [FXGL Background Thread 3 ] DEBUG Engine               - class com.almasb.fxgl.notification.impl.NotificationServiceProvider
13:41:03.652 [FXGL Background Thread 3 ] DEBUG Engine               - class com.almasb.fxgl.achievement.AchievementService
13:41:03.652 [FXGL Background Thread 3 ] DEBUG Engine               - class com.almasb.fxgl.cutscene.CutsceneService
13:41:03.652 [FXGL Background Thread 3 ] DEBUG Engine               - class com.almasb.fxgl.minigames.MiniGameService
13:41:03.652 [FXGL Background Thread 3 ] DEBUG Engine               - class com.almasb.fxgl.net.NetService
13:41:03.652 [FXGL Background Thread 3 ] DEBUG Engine               - class com.almasb.fxgl.app.services.UpdaterService
13:41:03.652 [FXGL Background Thread 3 ] DEBUG Engine               - class com.almasb.fxgl.dev.DevService
13:41:05.597 [JavaFX Application Thread] DEBUG GameWorld            - Game world initialized
13:41:05.600 [JavaFX Application Thread] DEBUG PhysicsWorld         - Physics world initialized: appHeight=720, physics.ppm=50.0
13:41:05.600 [JavaFX Application Thread] DEBUG PhysicsWorld         - Using strategy: BRUTE_FORCE
13:41:05.602 [JavaFX Application Thread] DEBUG GameScene            - Game scene initialized: 1280x720
13:41:05.683 [JavaFX Application Thread] DEBUG PrimaryStageWindow   - Push state: MainMenuScene
13:41:05.700 [JavaFX Application Thread] DEBUG Input                - Clearing active input actions
13:41:05.705 [JavaFX Application Thread] DEBUG GameApplicationServi - Removing overlay from LoginScene and adding to MainMenuScene
13:41:05.705 [JavaFX Application Thread] DEBUG PrimaryStageWindow   - LoginScene -> MainMenuScene
13:41:05.714 [JavaFX Application Thread] DEBUG GameWorld            - Game world initialized
13:41:05.715 [JavaFX Application Thread] DEBUG PhysicsWorld         - Physics world initialized: appHeight=720, physics.ppm=50.0
13:41:05.715 [JavaFX Application Thread] DEBUG PhysicsWorld         - Using strategy: BRUTE_FORCE
13:41:05.718 [JavaFX Application Thread] DEBUG GameScene            - Game scene initialized: 1280x720
13:41:05.767 [JavaFX Application Thread] DEBUG PrimaryStageWindow   - Push state: MainMenuScene
13:41:05.783 [JavaFX Application Thread] DEBUG Input                - Clearing active input actions
13:41:05.785 [JavaFX Application Thread] DEBUG GameApplicationServi - Removing overlay from MainMenuScene and adding to MainMenuScene
13:41:05.785 [JavaFX Application Thread] DEBUG PrimaryStageWindow   - MainMenuScene -> MainMenuScene
13:41:07.441 [JavaFX Application Thread] DEBUG GameApplicationServi - Starting new game
13:41:07.443 [JavaFX Application Thread] DEBUG PrimaryStageWindow   - Pop state: MainMenuScene
13:41:07.443 [JavaFX Application Thread] DEBUG Input                - Clearing active input actions
13:41:07.445 [JavaFX Application Thread] DEBUG GameApplicationServi - Removing overlay from MainMenuScene and adding to MainMenuScene
13:41:07.445 [JavaFX Application Thread] DEBUG PrimaryStageWindow   - MainMenuScene <- MainMenuScene
13:41:07.445 [JavaFX Application Thread] DEBUG PrimaryStageWindow   - Pop state: MainMenuScene
13:41:07.445 [JavaFX Application Thread] DEBUG Input                - Clearing active input actions
13:41:07.446 [JavaFX Application Thread] DEBUG GameApplicationServi - Removing overlay from MainMenuScene and adding to LoginScene
13:41:07.446 [JavaFX Application Thread] DEBUG PrimaryStageWindow   - LoginScene <- MainMenuScene
13:41:07.566 [JavaFX Application Thread] DEBUG PrimaryStageWindow   - Pop state: LoginScene
13:41:07.566 [JavaFX Application Thread] DEBUG Input                - Clearing active input actions
13:41:07.567 [JavaFX Application Thread] DEBUG GameApplicationServi - Removing overlay from LoginScene and adding to FXGLMainMenuDummyScene
13:41:07.567 [JavaFX Application Thread] DEBUG PrimaryStageWindow   - FXGLMainMenuDummyScene <- LoginScene
13:41:07.568 [JavaFX Application Thread] DEBUG Input                - Clearing active input actions
13:41:07.606 [JavaFX Application Thread] DEBUG GameApplicationServi - Removing overlay from FXGLMainMenuDummyScene and adding to FXGLLoadingScene
13:41:07.607 [JavaFX Application Thread] DEBUG PrimaryStageWindow   - FXGLMainMenuDummyScene -> FXGLLoadingScene
13:41:07.607 [JavaFX Application Thread] DEBUG GameApplicationServi - Clearing previous game
13:41:07.607 [JavaFX Application Thread] DEBUG GameScene            - Clearing game scene
13:41:07.607 [JavaFX Application Thread] DEBUG GameWorld            - Clearing game world
13:41:07.608 [JavaFX Application Thread] DEBUG PhysicsWorld         - Clearing physics world
13:41:07.615 [FXGL Background Thread 2 ] DEBUG FXGLApplication      - Initializing game
13:41:07.656 [FXGL Background Thread 2 ] DEBUG FXGLAssetLoaderServi - Loading from file system: file:/C:/Users/ginac/IdeaProjects/TheOnlyException3/Test/target/classes/assets/textures/dasd.png
13:41:07.736 [FXGL Background Thread 2 ] DEBUG FXGLAssetLoaderServi - Loading from file system: file:/C:/Users/ginac/IdeaProjects/TheOnlyException3/Test/target/classes/assets/textures/player-scaled.png
13:41:07.910 [FXGL Background Thread 2 ] INFO  FXGLApplication      - Game initialization took: 0.295 sec
13:41:07.912 [JavaFX Application Thread] DEBUG Input                - Clearing active input actions
13:41:07.932 [JavaFX Application Thread] DEBUG GameApplicationServi - Removing overlay from FXGLLoadingScene and adding to GameScene
13:41:07.933 [JavaFX Application Thread] DEBUG PrimaryStageWindow   - FXGLLoadingScene -> GameScene
13:41:08.333 [JavaFX Application Thread] DEBUG FXGLAssetLoaderServi - Loading from file system: file:/C:/Users/ginac/IdeaProjects/TheOnlyException3/Test/target/classes/assets/textures/MaggotWalk-scaled.png
13:41:08.346 [JavaFX Application Thread] DEBUG FXGLAssetLoaderServi - Loading from file system: file:/C:/Users/ginac/IdeaProjects/TheOnlyException3/Test/target/classes/assets/textures/BeetleMove-scaled.png
13:41:08.351 [JavaFX Application Thread] DEBUG FXGLAssetLoaderServi - Loading from file system: file:/C:/Users/ginac/IdeaProjects/TheOnlyException3/Test/target/classes/assets/textures/MantisMove-scaled.png
13:41:08.356 [JavaFX Application Thread] DEBUG FXGLAssetLoaderServi - Loading from file system: file:/C:/Users/ginac/IdeaProjects/TheOnlyException3/Test/target/classes/assets/textures/BeeMove-scaled.png
13:41:08.359 [JavaFX Application Thread] DEBUG FXGLAssetLoaderServi - Loading from file system: file:/C:/Users/ginac/IdeaProjects/TheOnlyException3/Test/target/classes/assets/textures/GiantFly.png
13:41:08.364 [JavaFX Application Thread] DEBUG FXGLAssetLoaderServi - Loading from file system: file:/C:/Users/ginac/IdeaProjects/TheOnlyException3/Test/target/classes/assets/textures/DragonFly.png
13:41:13.005 [JavaFX Application Thread] DEBUG PrimaryStageWindow   - Push state: DialogSubScene
13:41:13.006 [JavaFX Application Thread] DEBUG Input                - Clearing active input actions
13:41:13.010 [JavaFX Application Thread] DEBUG GameApplicationServi - Removing overlay from GameScene and adding to DialogSubScene
13:41:13.010 [JavaFX Application Thread] DEBUG PrimaryStageWindow   - GameScene -> DialogSubScene
13:41:14.082 [JavaFX Application Thread] DEBUG PrimaryStageWindow   - Pop state: DialogSubScene
13:41:14.082 [JavaFX Application Thread] DEBUG Input                - Clearing active input actions
13:41:14.083 [JavaFX Application Thread] DEBUG GameApplicationServi - Removing overlay from DialogSubScene and adding to GameScene
13:41:14.083 [JavaFX Application Thread] DEBUG PrimaryStageWindow   - GameScene <- DialogSubScene
13:41:15.450 [JavaFX Application Thread] DEBUG FXGLApplication      - Exiting FXGL
13:41:15.451 [JavaFX Application Thread] DEBUG LoopRunner           - Stopping loop
13:41:15.451 [JavaFX Application Thread] DEBUG SystemBundleService  - Saving FXGL system data
13:41:15.453 [JavaFX Application Thread] DEBUG FileSystemAccess     - Writing to: C:\Users\ginac\IdeaProjects\TheOnlyException3\system\fxgl.bundle
13:41:15.458 [JavaFX Application Thread] DEBUG Async                - Shutting down background threads
13:41:15.458 [JavaFX Application Thread] DEBUG PrimaryStageWindow   - Closing main window
13:41:15.488 [JavaFX Application Thread] DEBUG Logger               - Closing Logger
