20:30:15.370 [main                     ] DEBUG Logger               - Configured Logger
20:30:15.374 [main                     ] DEBUG GameApplication      - Logging settings
Title: Prototype
Version: 0.1
Width: 800
Height: 600
Fullscreen: false
Intro: false
Profiling: false
Single step:false
App Mode: DEVELOPER
Menu Key: ESCAPE
Stage Style: DECORATED
Scene Factory: class com.almasb.fxgl.app.scene.SceneFactory

20:30:15.691 [JavaFX Application Thread] DEBUG FXGLApplication      - Initializing FXGL
20:30:15.693 [JavaFX Application Thread] INFO  Engine               - FXGL-17+dev-SNAPSHOT (23.08.2022 11.12) on WINDOWS (J:24 FX:18)
20:30:15.694 [JavaFX Application Thread] DEBUG Engine               - JRE Vendor Name: Oracle Corporation
20:30:15.694 [JavaFX Application Thread] DEBUG Engine               - Running on OS: Windows 11 version 10.0
20:30:15.694 [JavaFX Application Thread] DEBUG Engine               - Architecture: amd64
20:30:15.694 [JavaFX Application Thread] INFO  Engine               - Source code and latest versions at: https://github.com/AlmasB/FXGL
20:30:15.694 [JavaFX Application Thread] INFO  Engine               -       Ask questions and discuss at: https://github.com/AlmasB/FXGL/discussions
20:30:15.694 [JavaFX Application Thread] INFO  Engine               -              Join the FXGL chat at: https://gitter.im/AlmasB/FXGL
20:30:15.772 [JavaFX Application Thread] DEBUG PrimaryStageWindow   - Creating a JavaFX scene
20:30:15.805 [JavaFX Application Thread] DEBUG PrimaryStageWindow   - Target settings size: 800.0 x 600.0
20:30:15.806 [JavaFX Application Thread] DEBUG PrimaryStageWindow   - Scaled scene size:    800.0 x 600.0
20:30:15.806 [JavaFX Application Thread] DEBUG PrimaryStageWindow   - Scaled ratio: (1.0, 1.0)
20:30:15.806 [JavaFX Application Thread] DEBUG PrimaryStageWindow   - Set initial scene to FXGLStartupScene
20:30:15.812 [JavaFX Application Thread] DEBUG PrimaryStageWindow   - Opening main window
20:30:15.898 [JavaFX Application Thread] DEBUG PrimaryStageWindow   - Window border size: (16.0, 39.0)
20:30:15.898 [JavaFX Application Thread] DEBUG PrimaryStageWindow   - Scaled size: 800.0 x 600.0
20:30:15.898 [JavaFX Application Thread] DEBUG PrimaryStageWindow   - Scaled ratio: (1.0, 1.0)
20:30:15.898 [JavaFX Application Thread] DEBUG PrimaryStageWindow   - Scene size: 800.0 x 600.0
20:30:15.898 [JavaFX Application Thread] DEBUG PrimaryStageWindow   - Stage size: 816.0 x 639.0
20:30:15.902 [FXGL Background Thread 1 ] DEBUG Engine               - Initializing environment variables
20:30:15.932 [FXGL Background Thread 1 ] DEBUG FXGLAssetLoaderServi - User app class for loading assets: class org.example.GameApp
20:30:15.932 [FXGL Background Thread 1 ] DEBUG GameApplicationServi - Applying CSS: fxgl_dark.css
20:30:15.932 [FXGL Background Thread 1 ] DEBUG FXGLAssetLoaderServi - Loading from file system: jar:file:/C:/Users/primzcm/.m2/repository/com/github/almasb/fxgl/fxgl/17.2/fxgl-17.2.jar!/fxglassets/ui/css/fxgl_dark.css
20:30:15.965 [FXGL Background Thread 1 ] DEBUG GameApplicationServi - Initializing application scenes
20:30:15.992 [FXGL Background Thread 1 ] DEBUG GameWorld            - Game world initialized
20:30:16.032 [FXGL Background Thread 1 ] DEBUG PhysicsWorld         - Physics world initialized: appHeight=600, physics.ppm=50.0
20:30:16.032 [FXGL Background Thread 1 ] DEBUG PhysicsWorld         - Using strategy: BRUTE_FORCE
20:30:16.034 [FXGL Background Thread 1 ] DEBUG GameScene            - Game scene initialized: 800x600
20:30:16.042 [FXGL Background Thread 1 ] DEBUG FXGL.DefaultMenu     - createMenuBodyGameMenu()
20:30:16.052 [FXGL Background Thread 1 ] DEBUG FXGL.DefaultMenu     - createOptionsMenu()
20:30:16.060 [FXGL Background Thread 1 ] DEBUG FXGLAssetLoaderServi - Loading from file system: jar:file:/C:/Users/primzcm/.m2/repository/com/github/almasb/fxgl/fxgl/17.2/fxgl-17.2.jar!/fxglassets/textures/particles/smoke.png
20:30:16.129 [FXGL Background Thread 1 ] DEBUG FXGLAssetLoaderServi - Loading from file system: jar:file:/C:/Users/primzcm/.m2/repository/com/github/almasb/fxgl/fxgl/17.2/fxgl-17.2.jar!/fxglassets/textures/particles/trace_horizontal.png
20:30:16.153 [FXGL Background Thread 1 ] DEBUG GameApplicationServi - Application scenes initialized
20:30:16.161 [FXGL Background Thread 1 ] DEBUG SystemBundleService  - Loading FXGL system data
20:30:16.161 [FXGL Background Thread 1 ] DEBUG FileSystemAccess     - Reading from: F:\my files\School\2nd year 2nd sem\TheOnlyException\system\fxgl.bundle
20:30:16.163 [FXGL Background Thread 1 ] DEBUG SystemBundleService  - Bundle FXGL: {}
20:30:16.163 [FXGL Background Thread 1 ] DEBUG UpdaterService       - Checking for updates
20:30:16.166 [FXGL Background Thread 4 ] DEBUG FXGLApplication      - Loading fonts
20:30:16.166 [FXGL Background Thread 4 ] DEBUG FXGLAssetLoaderServi - Loading from file system: jar:file:/C:/Users/primzcm/.m2/repository/com/github/almasb/fxgl/fxgl/17.2/fxgl-17.2.jar!/fxglassets/ui/fonts/VarelaRound-Regular.ttf
20:30:16.166 [FXGL Background Thread 1 ] DEBUG FXGLApplication      - Loading default localization
20:30:16.167 [FXGL Background Thread 1 ] DEBUG FXGLAssetLoaderServi - Loading from file system: jar:file:/C:/Users/primzcm/.m2/repository/com/github/almasb/fxgl/fxgl/17.2/fxgl-17.2.jar!/fxglassets/languages/english.lang
20:30:16.172 [FXGL Background Thread 4 ] DEBUG FXGLAssetLoaderServi - Loading from file system: jar:file:/C:/Users/primzcm/.m2/repository/com/github/almasb/fxgl/fxgl/17.2/fxgl-17.2.jar!/fxglassets/ui/fonts/Abel-Regular.ttf
20:30:16.175 [FXGL Background Thread 4 ] DEBUG FXGLAssetLoaderServi - Loading from file system: jar:file:/C:/Users/primzcm/.m2/repository/com/github/almasb/fxgl/fxgl/17.2/fxgl-17.2.jar!/fxglassets/ui/fonts/TerminalLandMono-Regular.otf
20:30:16.177 [FXGL Background Thread 4 ] DEBUG FXGLAssetLoaderServi - Loading from file system: jar:file:/C:/Users/primzcm/.m2/repository/com/github/almasb/fxgl/fxgl/17.2/fxgl-17.2.jar!/fxglassets/ui/fonts/Courier-Prime.ttf
20:30:16.180 [JavaFX Application Thread] DEBUG FXGLApplication      - Registering font factories with UI factory
20:30:16.182 [FXGL Background Thread 1 ] INFO  FXGLApplication      - FXGL initialization took: 0.280 sec
20:30:16.190 [JavaFX Application Thread] DEBUG Input                - Registered new binding: action0 - A
20:30:16.190 [JavaFX Application Thread] DEBUG Input                - Registered new binding: action1 - D
20:30:16.190 [JavaFX Application Thread] DEBUG Input                - Registered new binding: action2 - W
20:30:16.191 [JavaFX Application Thread] DEBUG Input                - Registered new binding: action3 - S
20:30:16.191 [JavaFX Application Thread] DEBUG FXGLAssetLoaderServi - Loading from file system: jar:file:/C:/Users/primzcm/.m2/repository/com/github/almasb/fxgl/fxgl/17.2/fxgl-17.2.jar!/fxglassets/textures/fxgl_icon.png
20:30:16.208 [JavaFX Application Thread] DEBUG FXGLAssetLoaderServi - Loading from file system: jar:file:/C:/Users/primzcm/.m2/repository/com/github/almasb/fxgl/fxgl/17.2/fxgl-17.2.jar!/fxglassets/textures/fxgl_default_cursor.png
20:30:16.210 [JavaFX Application Thread] DEBUG Input                - Registered new binding: Screenshot - CTRL+8
20:30:16.214 [JavaFX Application Thread] DEBUG Input                - Registered new binding: System info dump - CTRL+9
20:30:16.215 [JavaFX Application Thread] DEBUG Input                - Registered new binding: Restart - CTRL+R
20:30:16.216 [JavaFX Application Thread] DEBUG Input                - Registered new binding: Toggle Debug Camera - CTRL+7
20:30:16.222 [JavaFX Application Thread] DEBUG LoopRunner           - Starting loop
20:30:16.222 [JavaFX Application Thread] DEBUG LoopRunner           - Initializing JavaFX AnimationTimerLoop
20:30:16.224 [JavaFX Application Thread] DEBUG GameApplicationServi - Starting new game
20:30:16.225 [JavaFX Application Thread] DEBUG Input                - Clearing active input actions
20:30:16.235 [JavaFX Application Thread] DEBUG GameApplicationServi - Removing overlay from FXGLStartupScene and adding to FXGLLoadingScene
20:30:16.235 [JavaFX Application Thread] DEBUG PrimaryStageWindow   - FXGLStartupScene -> FXGLLoadingScene
20:30:16.236 [JavaFX Application Thread] DEBUG GameApplicationServi - Clearing previous game
20:30:16.236 [JavaFX Application Thread] DEBUG GameScene            - Clearing game scene
20:30:16.236 [JavaFX Application Thread] DEBUG GameWorld            - Clearing game world
20:30:16.236 [JavaFX Application Thread] DEBUG PhysicsWorld         - Clearing physics world
20:30:16.237 [FXGL Background Thread 1 ] DEBUG FXGLApplication      - Initializing game
20:30:16.255 [FXGL Background Thread 1 ] INFO  FXGLApplication      - Game initialization took: 0.018 sec
20:30:16.268 [JavaFX Application Thread] DEBUG Input                - Clearing active input actions
20:30:16.272 [JavaFX Application Thread] DEBUG GameApplicationServi - Removing overlay from FXGLLoadingScene and adding to GameScene
20:30:16.272 [JavaFX Application Thread] DEBUG PrimaryStageWindow   - FXGLLoadingScene -> GameScene
20:30:16.489 [FXGL Background Thread 2 ] INFO  UpdaterService       - Your current version:  17+dev-SNAPSHOT
20:30:16.489 [FXGL Background Thread 2 ] INFO  UpdaterService       - Latest stable version: 21.1
20:30:18.357 [JavaFX Application Thread] DEBUG FXGLApplication      - Exiting FXGL
20:30:18.357 [JavaFX Application Thread] DEBUG LoopRunner           - Stopping loop
20:30:18.357 [JavaFX Application Thread] DEBUG SystemBundleService  - Saving FXGL system data
20:30:18.358 [JavaFX Application Thread] DEBUG FileSystemAccess     - Writing to: F:\my files\School\2nd year 2nd sem\TheOnlyException\system\fxgl.bundle
20:30:18.360 [JavaFX Application Thread] DEBUG Async                - Shutting down background threads
20:30:18.361 [JavaFX Application Thread] DEBUG PrimaryStageWindow   - Closing main window
20:30:18.372 [JavaFX Application Thread] DEBUG Logger               - Closing Logger
