23:29:18.867 [main                     ] DEBUG Logger               - Configured Logger
23:29:18.870 [main                     ] DEBUG GameApplication      - Logging settings
Title: Prototype Game
Version: 0.1.5
Width: 1280
Height: 720
Fullscreen: false
Intro: false
Profiling: false
Single step:false
App Mode: DEVELOPER
Menu Key: ESCAPE
Stage Style: DECORATED
Scene Factory: class org.example.core.GameApp$1

23:29:18.987 [JavaFX Application Thread] DEBUG FXGLApplication      - Initializing FXGL
23:29:18.990 [JavaFX Application Thread] INFO  Engine               - FXGL-21+dev-SNAPSHOT (26.03.2024 19.46) on WINDOWS (J:24 FX:21.0.1)
23:29:18.990 [JavaFX Application Thread] DEBUG Engine               - JRE Vendor Name: Oracle Corporation
23:29:18.990 [JavaFX Application Thread] DEBUG Engine               - Running on OS: Windows 11 version 10.0
23:29:18.990 [JavaFX Application Thread] DEBUG Engine               - Architecture: amd64
23:29:18.991 [JavaFX Application Thread] INFO  Engine               - Source code and latest versions at: https://github.com/AlmasB/FXGL
23:29:18.991 [JavaFX Application Thread] INFO  Engine               -       Ask questions and discuss at: https://github.com/AlmasB/FXGL/discussions
23:29:18.991 [JavaFX Application Thread] INFO  Engine               -              Join the FXGL chat at: https://gitter.im/AlmasB/FXGL
23:29:19.076 [JavaFX Application Thread] DEBUG PrimaryStageWindow   - Creating a JavaFX scene
23:29:19.105 [JavaFX Application Thread] DEBUG PrimaryStageWindow   - Target settings size: 1280.0 x 720.0
23:29:19.105 [JavaFX Application Thread] DEBUG PrimaryStageWindow   - Scaled scene size:    1280.0 x 720.0
23:29:19.105 [JavaFX Application Thread] DEBUG PrimaryStageWindow   - Scaled ratio: (1.0, 1.0)
23:29:19.106 [JavaFX Application Thread] DEBUG PrimaryStageWindow   - Set initial scene to FXGLStartupScene
23:29:19.109 [JavaFX Application Thread] DEBUG PrimaryStageWindow   - Opening main window
23:29:19.193 [JavaFX Application Thread] DEBUG PrimaryStageWindow   - Window border size: (16.0, 39.0)
23:29:19.193 [JavaFX Application Thread] DEBUG PrimaryStageWindow   - Scaled size: 1280.0 x 720.0
23:29:19.193 [JavaFX Application Thread] DEBUG PrimaryStageWindow   - Scaled ratio: (1.0, 1.0)
23:29:19.193 [JavaFX Application Thread] DEBUG PrimaryStageWindow   - Scene size: 1280.0 x 720.0
23:29:19.193 [JavaFX Application Thread] DEBUG PrimaryStageWindow   - Stage size: 1296.0 x 759.0
23:29:19.199 [FXGL Background Thread 1 ] DEBUG Engine               - Initializing environment variables
23:29:19.247 [FXGL Background Thread 1 ] DEBUG FXGLAssetLoaderServi - User app class for loading assets: class org.example.core.GameApp
23:29:19.247 [FXGL Background Thread 1 ] DEBUG GameApplicationServi - Applying CSS: fxgl_dark.css
23:29:19.247 [FXGL Background Thread 1 ] DEBUG FXGLAssetLoaderServi - Loading from file system: jar:file:/C:/Users/primzcm/.m2/repository/com/github/almasb/fxgl/fxgl/21.1/fxgl-21.1.jar!/fxglassets/ui/css/fxgl_dark.css
23:29:19.283 [FXGL Background Thread 1 ] DEBUG GameApplicationServi - Initializing application scenes
23:29:19.303 [FXGL Background Thread 1 ] DEBUG GameWorld            - Game world initialized
23:29:19.344 [FXGL Background Thread 1 ] DEBUG PhysicsWorld         - Physics world initialized: appHeight=720, physics.ppm=50.0
23:29:19.344 [FXGL Background Thread 1 ] DEBUG PhysicsWorld         - Using strategy: BRUTE_FORCE
23:29:19.347 [FXGL Background Thread 1 ] DEBUG GameScene            - Game scene initialized: 1280x720
23:29:19.538 [FXGL Background Thread 1 ] DEBUG GameApplicationServi - Application scenes initialized
23:29:19.550 [FXGL Background Thread 1 ] DEBUG SystemBundleService  - Loading FXGL system data
23:29:19.553 [FXGL Background Thread 1 ] DEBUG FileSystemAccess     - Reading from: F:\my files\School\2nd year 2nd sem\TheOnlyException\system\fxgl.bundle
23:29:19.558 [FXGL Background Thread 1 ] DEBUG SystemBundleService  - Bundle FXGL: {}
23:29:19.558 [FXGL Background Thread 1 ] DEBUG UpdaterService       - Checking for updates
23:29:19.563 [FXGL Background Thread 4 ] DEBUG FXGLApplication      - Loading fonts
23:29:19.563 [FXGL Background Thread 4 ] DEBUG FXGLAssetLoaderServi - Loading from file system: jar:file:/C:/Users/primzcm/.m2/repository/com/github/almasb/fxgl/fxgl/21.1/fxgl-21.1.jar!/fxglassets/ui/fonts/VarelaRound-Regular.ttf
23:29:19.564 [FXGL Background Thread 1 ] DEBUG FXGLApplication      - Loading default localization
23:29:19.564 [FXGL Background Thread 1 ] DEBUG FXGLAssetLoaderServi - Loading from file system: jar:file:/C:/Users/primzcm/.m2/repository/com/github/almasb/fxgl/fxgl/21.1/fxgl-21.1.jar!/fxglassets/languages/english.lang
23:29:19.566 [FXGL Background Thread 4 ] DEBUG FXGLAssetLoaderServi - Loading from file system: jar:file:/C:/Users/primzcm/.m2/repository/com/github/almasb/fxgl/fxgl/21.1/fxgl-21.1.jar!/fxglassets/ui/fonts/Abel-Regular.ttf
23:29:19.567 [FXGL Background Thread 4 ] DEBUG FXGLAssetLoaderServi - Loading from file system: jar:file:/C:/Users/primzcm/.m2/repository/com/github/almasb/fxgl/fxgl/21.1/fxgl-21.1.jar!/fxglassets/ui/fonts/TerminalLandMono-Regular.otf
23:29:19.569 [FXGL Background Thread 4 ] DEBUG FXGLAssetLoaderServi - Loading from file system: jar:file:/C:/Users/primzcm/.m2/repository/com/github/almasb/fxgl/fxgl/21.1/fxgl-21.1.jar!/fxglassets/ui/fonts/Courier-Prime.ttf
23:29:19.573 [JavaFX Application Thread] DEBUG FXGLApplication      - Registering font factories with UI factory
23:29:19.583 [FXGL Background Thread 1 ] INFO  FXGLApplication      - FXGL initialization took: 0.383 sec
23:29:19.590 [JavaFX Application Thread] DEBUG Input                - Registered new binding: action0 - A
23:29:19.590 [JavaFX Application Thread] DEBUG Input                - Registered new binding: action1 - D
23:29:19.591 [JavaFX Application Thread] DEBUG Input                - Registered new binding: action2 - W
23:29:19.591 [JavaFX Application Thread] DEBUG Input                - Registered new binding: action3 - S
23:29:19.592 [JavaFX Application Thread] DEBUG Input                - Registered new binding: action4 - Esc
23:29:19.592 [JavaFX Application Thread] DEBUG FXGLAssetLoaderServi - Loading from file system: jar:file:/C:/Users/primzcm/.m2/repository/com/github/almasb/fxgl/fxgl/21.1/fxgl-21.1.jar!/fxglassets/textures/fxgl_icon.png
23:29:19.651 [JavaFX Application Thread] DEBUG FXGLAssetLoaderServi - Loading from file system: jar:file:/C:/Users/primzcm/.m2/repository/com/github/almasb/fxgl/fxgl/21.1/fxgl-21.1.jar!/fxglassets/textures/fxgl_default_cursor.png
23:29:19.655 [JavaFX Application Thread] DEBUG Input                - Registered new binding: Screenshot - CTRL+8
23:29:19.656 [JavaFX Application Thread] DEBUG Input                - Registered new binding: System info dump - CTRL+9
23:29:19.657 [JavaFX Application Thread] DEBUG Input                - Registered new binding: Restart - CTRL+R
23:29:19.657 [JavaFX Application Thread] DEBUG Input                - Registered new binding: Toggle Debug Camera - CTRL+7
23:29:19.661 [JavaFX Application Thread] DEBUG LoopRunner           - Starting loop
23:29:19.661 [JavaFX Application Thread] DEBUG LoopRunner           - Initializing JavaFX AnimationTimerLoop
23:29:19.664 [JavaFX Application Thread] DEBUG Input                - Clearing active input actions
23:29:19.669 [JavaFX Application Thread] DEBUG GameApplicationServi - Removing overlay from FXGLStartupScene and adding to FXGLMainMenuDummyScene
23:29:19.669 [JavaFX Application Thread] DEBUG PrimaryStageWindow   - FXGLStartupScene -> FXGLMainMenuDummyScene
23:29:19.669 [JavaFX Application Thread] DEBUG PrimaryStageWindow   - Push state: LoginScene
23:29:19.670 [JavaFX Application Thread] DEBUG Input                - Clearing active input actions
23:29:19.681 [JavaFX Application Thread] DEBUG GameApplicationServi - Removing overlay from FXGLMainMenuDummyScene and adding to LoginScene
23:29:19.682 [JavaFX Application Thread] DEBUG PrimaryStageWindow   - FXGLMainMenuDummyScene -> LoginScene
23:29:19.855 [JavaFX Application Thread] DEBUG FXGLApplication      - Exiting FXGL
23:29:19.855 [JavaFX Application Thread] DEBUG LoopRunner           - Stopping loop
23:29:19.855 [JavaFX Application Thread] DEBUG SystemBundleService  - Saving FXGL system data
23:29:19.857 [JavaFX Application Thread] DEBUG FileSystemAccess     - Writing to: F:\my files\School\2nd year 2nd sem\TheOnlyException\system\fxgl.bundle
23:29:19.926 [JavaFX Application Thread] DEBUG Async                - Shutting down background threads
23:29:19.927 [JavaFX Application Thread] DEBUG PrimaryStageWindow   - Closing main window
23:29:19.955 [FXGL Background Thread 2 ] INFO  UpdaterService       - Your current version:  21+dev-SNAPSHOT
23:29:19.955 [FXGL Background Thread 2 ] INFO  UpdaterService       - Latest stable version: 21.1
23:29:19.982 [JavaFX Application Thread] DEBUG Logger               - Closing Logger
