08:54:11.961 [main                     ] DEBUG Logger               - Configured Logger
08:54:11.967 [main                     ] DEBUG GameApplication      - Logging settings
Title: Prototype Game
Version: 0.1.5
Width: 1280
Height: 720
Fullscreen: false
Intro: false
Profiling: false
Single step:false
App Mode: DEVELOPER
Menu Key: ESCAPE
Stage Style: DECORATED
Scene Factory: class org.example.core.GameApp$1

08:54:12.796 [JavaFX Application Thread] DEBUG FXGLApplication      - Initializing FXGL
08:54:12.800 [JavaFX Application Thread] INFO  Engine               - FXGL-21+dev-SNAPSHOT (26.03.2024 21.04) on WINDOWS (J:24 FX:21.0.1)
08:54:12.801 [JavaFX Application Thread] DEBUG Engine               - JRE Vendor Name: Oracle Corporation
08:54:12.801 [JavaFX Application Thread] DEBUG Engine               - Running on OS: Windows 11 version 10.0
08:54:12.801 [JavaFX Application Thread] DEBUG Engine               - Architecture: amd64
08:54:12.801 [JavaFX Application Thread] INFO  Engine               - Source code and latest versions at: https://github.com/AlmasB/FXGL
08:54:12.801 [JavaFX Application Thread] INFO  Engine               -       Ask questions and discuss at: https://github.com/AlmasB/FXGL/discussions
08:54:12.801 [JavaFX Application Thread] INFO  Engine               -              Join the FXGL chat at: https://gitter.im/AlmasB/FXGL
08:54:13.102 [JavaFX Application Thread] DEBUG PrimaryStageWindow   - Creating a JavaFX scene
08:54:13.230 [JavaFX Application Thread] DEBUG PrimaryStageWindow   - Target settings size: 1280.0 x 720.0
08:54:13.230 [JavaFX Application Thread] DEBUG PrimaryStageWindow   - Scaled scene size:    1280.0 x 720.0
08:54:13.231 [JavaFX Application Thread] DEBUG PrimaryStageWindow   - Scaled ratio: (1.0, 1.0)
08:54:13.232 [JavaFX Application Thread] DEBUG PrimaryStageWindow   - Set initial scene to FXGLStartupScene
08:54:13.241 [JavaFX Application Thread] DEBUG PrimaryStageWindow   - Opening main window
08:54:13.429 [JavaFX Application Thread] DEBUG PrimaryStageWindow   - Window border size: (14.4000244140625, 37.5999755859375)
08:54:13.429 [JavaFX Application Thread] DEBUG PrimaryStageWindow   - Scaled size: 1280.0 x 720.0
08:54:13.430 [JavaFX Application Thread] DEBUG PrimaryStageWindow   - Scaled ratio: (1.0, 1.0)
08:54:13.430 [JavaFX Application Thread] DEBUG PrimaryStageWindow   - Scene size: 1280.0 x 720.0
08:54:13.430 [JavaFX Application Thread] DEBUG PrimaryStageWindow   - Stage size: 1294.4000244140625 x 757.5999755859375
08:54:13.454 [FXGL Background Thread 1 ] DEBUG Engine               - Initializing environment variables
08:54:13.544 [FXGL Background Thread 1 ] DEBUG FXGLAssetLoaderServi - User app class for loading assets: class org.example.core.GameApp
08:54:13.545 [FXGL Background Thread 1 ] DEBUG GameApplicationServi - Applying CSS: fxgl_dark.css
08:54:13.547 [FXGL Background Thread 1 ] DEBUG FXGLAssetLoaderServi - Loading from file system: jar:file:/C:/Users/ginac/.m2/repository/com/github/AlmasB/FXGL/fxgl/21.1/fxgl-21.1.jar!/fxglassets/ui/css/fxgl_dark.css
08:54:13.614 [FXGL Background Thread 1 ] DEBUG GameApplicationServi - Initializing application scenes
08:54:13.676 [FXGL Background Thread 1 ] DEBUG GameWorld            - Game world initialized
08:54:13.791 [FXGL Background Thread 1 ] DEBUG PhysicsWorld         - Physics world initialized: appHeight=720, physics.ppm=50.0
08:54:13.792 [FXGL Background Thread 1 ] DEBUG PhysicsWorld         - Using strategy: BRUTE_FORCE
08:54:13.797 [FXGL Background Thread 1 ] DEBUG GameScene            - Game scene initialized: 1280x720
08:54:14.246 [FXGL Background Thread 1 ] DEBUG GameApplicationServi - Application scenes initialized
08:54:14.274 [FXGL Background Thread 1 ] DEBUG SystemBundleService  - Loading FXGL system data
08:54:14.276 [FXGL Background Thread 1 ] DEBUG FileSystemAccess     - Reading from: C:\Users\ginac\IdeaProjects\TheOnlyException3\system\fxgl.bundle
08:54:14.281 [FXGL Background Thread 1 ] DEBUG SystemBundleService  - Bundle FXGL: {}
08:54:14.281 [FXGL Background Thread 1 ] DEBUG UpdaterService       - Checking for updates
08:54:14.292 [FXGL Background Thread 1 ] DEBUG FXGLApplication      - Loading default localization
08:54:14.292 [FXGL Background Thread 1 ] DEBUG FXGLAssetLoaderServi - Loading from file system: jar:file:/C:/Users/ginac/.m2/repository/com/github/AlmasB/FXGL/fxgl/21.1/fxgl-21.1.jar!/fxglassets/languages/english.lang
08:54:14.292 [FXGL Background Thread 4 ] DEBUG FXGLApplication      - Loading fonts
08:54:14.293 [FXGL Background Thread 4 ] DEBUG FXGLAssetLoaderServi - Loading from file system: jar:file:/C:/Users/ginac/.m2/repository/com/github/AlmasB/FXGL/fxgl-samples/21.1/fxgl-samples-21.1.jar!/assets/ui/fonts/VarelaRound-Regular.ttf
08:54:14.314 [FXGL Background Thread 4 ] DEBUG FXGLAssetLoaderServi - Loading from file system: jar:file:/C:/Users/ginac/.m2/repository/com/github/AlmasB/FXGL/fxgl/21.1/fxgl-21.1.jar!/fxglassets/ui/fonts/Abel-Regular.ttf
08:54:14.326 [FXGL Background Thread 4 ] DEBUG FXGLAssetLoaderServi - Loading from file system: jar:file:/C:/Users/ginac/.m2/repository/com/github/AlmasB/FXGL/fxgl/21.1/fxgl-21.1.jar!/fxglassets/ui/fonts/TerminalLandMono-Regular.otf
08:54:14.339 [FXGL Background Thread 4 ] DEBUG FXGLAssetLoaderServi - Loading from file system: jar:file:/C:/Users/ginac/.m2/repository/com/github/AlmasB/FXGL/fxgl/21.1/fxgl-21.1.jar!/fxglassets/ui/fonts/Courier-Prime.ttf
08:54:14.350 [FXGL Background Thread 1 ] INFO  FXGLApplication      - FXGL initialization took: 0.896 sec
08:54:14.372 [JavaFX Application Thread] DEBUG Input                - Registered new binding: action0 - A
08:54:14.373 [JavaFX Application Thread] DEBUG Input                - Registered new binding: action1 - D
08:54:14.374 [JavaFX Application Thread] DEBUG Input                - Registered new binding: action2 - W
08:54:14.375 [JavaFX Application Thread] DEBUG Input                - Registered new binding: action3 - S
08:54:14.381 [JavaFX Application Thread] DEBUG FXGLAssetLoaderServi - Loading from file system: jar:file:/C:/Users/ginac/.m2/repository/com/github/AlmasB/FXGL/fxgl/21.1/fxgl-21.1.jar!/fxglassets/textures/fxgl_icon.png
08:54:14.533 [JavaFX Application Thread] DEBUG FXGLAssetLoaderServi - Loading from file system: jar:file:/C:/Users/ginac/.m2/repository/com/github/AlmasB/FXGL/fxgl/21.1/fxgl-21.1.jar!/fxglassets/textures/fxgl_default_cursor.png
08:54:14.538 [JavaFX Application Thread] DEBUG Input                - Registered new binding: Screenshot - CTRL+8
08:54:14.540 [JavaFX Application Thread] DEBUG Input                - Registered new binding: System info dump - CTRL+9
08:54:14.540 [JavaFX Application Thread] DEBUG Input                - Registered new binding: Restart - CTRL+R
08:54:14.543 [JavaFX Application Thread] DEBUG Input                - Registered new binding: Toggle Debug Camera - CTRL+7
08:54:14.553 [JavaFX Application Thread] DEBUG LoopRunner           - Starting loop
08:54:14.553 [JavaFX Application Thread] DEBUG LoopRunner           - Initializing JavaFX AnimationTimerLoop
08:54:14.563 [JavaFX Application Thread] DEBUG Input                - Clearing active input actions
08:54:14.580 [JavaFX Application Thread] DEBUG GameApplicationServi - Removing overlay from FXGLStartupScene and adding to FXGLMainMenuDummyScene
08:54:14.581 [JavaFX Application Thread] DEBUG PrimaryStageWindow   - FXGLStartupScene -> FXGLMainMenuDummyScene
08:54:14.581 [JavaFX Application Thread] DEBUG PrimaryStageWindow   - Push state: LoginScene
08:54:14.581 [JavaFX Application Thread] DEBUG Input                - Clearing active input actions
08:54:14.613 [JavaFX Application Thread] DEBUG GameApplicationServi - Removing overlay from FXGLMainMenuDummyScene and adding to LoginScene
08:54:14.614 [JavaFX Application Thread] DEBUG PrimaryStageWindow   - FXGLMainMenuDummyScene -> LoginScene
08:54:14.614 [JavaFX Application Thread] DEBUG FXGLApplication      - Registering font factories with UI factory
08:54:15.309 [FXGL Background Thread 2 ] INFO  UpdaterService       - Your current version:  21+dev-SNAPSHOT
08:54:15.310 [FXGL Background Thread 2 ] INFO  UpdaterService       - Latest stable version: 21.1
08:54:17.288 [FXGL Background Thread 3 ] DEBUG Engine               - Logging environment variables
08:54:17.288 [FXGL Background Thread 3 ] DEBUG Engine               - achievements: []
08:54:17.288 [FXGL Background Thread 3 ] DEBUG Engine               - actualHeight: 720.0
08:54:17.288 [FXGL Background Thread 3 ] DEBUG Engine               - actualHeightProperty: ReadOnlyDoubleProperty [value: 720.0]
08:54:17.289 [FXGL Background Thread 3 ] DEBUG Engine               - actualWidth: 1280.0
08:54:17.289 [FXGL Background Thread 3 ] DEBUG Engine               - actualWidthProperty: ReadOnlyDoubleProperty [value: 1280.0]
08:54:17.289 [FXGL Background Thread 3 ] DEBUG Engine               - appIcon: fxgl_icon.png
08:54:17.289 [FXGL Background Thread 3 ] DEBUG Engine               - applicationMode: DEVELOPER
08:54:17.289 [FXGL Background Thread 3 ] DEBUG Engine               - cSSList: [fxgl_dark.css]
08:54:17.289 [FXGL Background Thread 3 ] DEBUG Engine               - collisionDetectionStrategy: BRUTE_FORCE
08:54:17.289 [FXGL Background Thread 3 ] DEBUG Engine               - configClass: Optional.empty
08:54:17.289 [FXGL Background Thread 3 ] DEBUG Engine               - credits: []
08:54:17.294 [FXGL Background Thread 3 ] DEBUG Engine               - defaultCursor: CursorInfo(imageName=fxgl_default_cursor.png, hotspotX=7.0, hotspotY=6.0)
08:54:17.294 [FXGL Background Thread 3 ] DEBUG Engine               - devBBoxColorProperty: ObjectProperty [value: 0xff0000ff]
08:54:17.294 [FXGL Background Thread 3 ] DEBUG Engine               - devEnableDebugCameraProperty: BooleanProperty [value: false]
08:54:17.294 [FXGL Background Thread 3 ] DEBUG Engine               - devSensorColorProperty: ObjectProperty [value: 0xffff00ff]
08:54:17.294 [FXGL Background Thread 3 ] DEBUG Engine               - devShowBBoxProperty: BooleanProperty [value: false]
08:54:17.294 [FXGL Background Thread 3 ] DEBUG Engine               - devShowPositionProperty: BooleanProperty [value: false]
08:54:17.294 [FXGL Background Thread 3 ] DEBUG Engine               - enabledMenuItems: []
08:54:17.295 [FXGL Background Thread 3 ] DEBUG Engine               - engineServices: [class com.almasb.fxgl.app.services.FXGLAssetLoaderService, class com.almasb.fxgl.app.FXGLApplication$GameApplicationService, class com.almasb.fxgl.app.services.FXGLDialogService, class com.almasb.fxgl.app.services.IOTaskExecutorService, class com.almasb.fxgl.io.FileSystemService, class com.almasb.fxgl.localization.LocalizationService, class com.almasb.fxgl.app.services.SystemBundleService, class com.almasb.fxgl.profile.SaveLoadService, class com.almasb.fxgl.ui.FXGLUIFactoryServiceProvider, class com.almasb.fxgl.ui.FXGLDialogFactoryServiceProvider, class com.almasb.fxgl.audio.AudioPlayer, class com.almasb.fxgl.notification.impl.NotificationServiceProvider, class com.almasb.fxgl.achievement.AchievementService, class com.almasb.fxgl.cutscene.CutsceneService, class com.almasb.fxgl.minigames.MiniGameService, class com.almasb.fxgl.net.NetService, class com.almasb.fxgl.app.services.UpdaterService, class com.almasb.fxgl.dev.DevService]
08:54:17.295 [FXGL Background Thread 3 ] DEBUG Engine               - fontGame: Abel-Regular.ttf
08:54:17.295 [FXGL Background Thread 3 ] DEBUG Engine               - fontMono: TerminalLandMono-Regular.otf
08:54:17.295 [FXGL Background Thread 3 ] DEBUG Engine               - fontSizeScaleUI: 1.0
08:54:17.295 [FXGL Background Thread 3 ] DEBUG Engine               - fontText: Courier-Prime.ttf
08:54:17.295 [FXGL Background Thread 3 ] DEBUG Engine               - fontUI: VarelaRound-Regular.ttf
08:54:17.295 [FXGL Background Thread 3 ] DEBUG Engine               - fullScreen: BooleanProperty [value: false]
08:54:17.295 [FXGL Background Thread 3 ] DEBUG Engine               - gameDifficulty: MEDIUM
08:54:17.295 [FXGL Background Thread 3 ] DEBUG Engine               - gameDifficultyProperty: ObjectProperty [value: MEDIUM]
08:54:17.295 [FXGL Background Thread 3 ] DEBUG Engine               - globalMusicVolume: 0.5
08:54:17.295 [FXGL Background Thread 3 ] DEBUG Engine               - globalMusicVolumeProperty: DoubleProperty [value: 0.5]
08:54:17.295 [FXGL Background Thread 3 ] DEBUG Engine               - globalSoundVolume: 0.5
08:54:17.295 [FXGL Background Thread 3 ] DEBUG Engine               - globalSoundVolumeProperty: DoubleProperty [value: 0.5]
08:54:17.295 [FXGL Background Thread 3 ] DEBUG Engine               - height: 720
08:54:17.296 [FXGL Background Thread 3 ] DEBUG Engine               - is3D: false
08:54:17.296 [FXGL Background Thread 3 ] DEBUG Engine               - isAndroid: false
08:54:17.296 [FXGL Background Thread 3 ] DEBUG Engine               - isBrowser: false
08:54:17.296 [FXGL Background Thread 3 ] DEBUG Engine               - isClickFeedbackEnabled: false
08:54:17.296 [FXGL Background Thread 3 ] DEBUG Engine               - isCloseConfirmation: false
08:54:17.296 [FXGL Background Thread 3 ] DEBUG Engine               - isDesktop: true
08:54:17.296 [FXGL Background Thread 3 ] DEBUG Engine               - isDeveloperMenuEnabled: false
08:54:17.296 [FXGL Background Thread 3 ] DEBUG Engine               - isEmbedded: false
08:54:17.296 [FXGL Background Thread 3 ] DEBUG Engine               - isEntityPreloadEnabled: true
08:54:17.296 [FXGL Background Thread 3 ] DEBUG Engine               - isExperimentalTiledLargeMap: false
08:54:17.296 [FXGL Background Thread 3 ] DEBUG Engine               - isFileSystemWriteAllowed: true
08:54:17.296 [FXGL Background Thread 3 ] DEBUG Engine               - isFullScreenAllowed: false
08:54:17.296 [FXGL Background Thread 3 ] DEBUG Engine               - isFullScreenFromStart: false
08:54:17.296 [FXGL Background Thread 3 ] DEBUG Engine               - isGameMenuEnabled: false
08:54:17.296 [FXGL Background Thread 3 ] DEBUG Engine               - isIOS: false
08:54:17.297 [FXGL Background Thread 3 ] DEBUG Engine               - isIntroEnabled: false
08:54:17.297 [FXGL Background Thread 3 ] DEBUG Engine               - isLinux: false
08:54:17.297 [FXGL Background Thread 3 ] DEBUG Engine               - isMac: false
08:54:17.297 [FXGL Background Thread 3 ] DEBUG Engine               - isMainMenuEnabled: true
08:54:17.297 [FXGL Background Thread 3 ] DEBUG Engine               - isManualResizeEnabled: false
08:54:17.297 [FXGL Background Thread 3 ] DEBUG Engine               - isMobile: false
08:54:17.297 [FXGL Background Thread 3 ] DEBUG Engine               - isNative: false
08:54:17.297 [FXGL Background Thread 3 ] DEBUG Engine               - isPauseMusicWhenMinimized: true
08:54:17.297 [FXGL Background Thread 3 ] DEBUG Engine               - isPreserveResizeRatio: false
08:54:17.297 [FXGL Background Thread 3 ] DEBUG Engine               - isProfilingEnabled: false
08:54:17.297 [FXGL Background Thread 3 ] DEBUG Engine               - isScaleAffectedOnResize: true
08:54:17.297 [FXGL Background Thread 3 ] DEBUG Engine               - isSingleStep: false
08:54:17.297 [FXGL Background Thread 3 ] DEBUG Engine               - isUserProfileEnabled: false
08:54:17.297 [FXGL Background Thread 3 ] DEBUG Engine               - isWindows: true
08:54:17.298 [FXGL Background Thread 3 ] DEBUG Engine               - language: ObjectProperty [value: ENGLISH]
08:54:17.298 [FXGL Background Thread 3 ] DEBUG Engine               - menuKey: ESCAPE
08:54:17.298 [FXGL Background Thread 3 ] DEBUG Engine               - mouseSensitivity: 0.2
08:54:17.298 [FXGL Background Thread 3 ] DEBUG Engine               - notificationViewClass: class com.almasb.fxgl.notification.view.XboxNotificationView
08:54:17.298 [FXGL Background Thread 3 ] DEBUG Engine               - pixelsPerMeter: 50.0
08:54:17.298 [FXGL Background Thread 3 ] DEBUG Engine               - platform: WINDOWS
08:54:17.298 [FXGL Background Thread 3 ] DEBUG Engine               - prefHeightProperty: ReadOnlyDoubleProperty [value: 720.0]
08:54:17.298 [FXGL Background Thread 3 ] DEBUG Engine               - prefWidthProperty: ReadOnlyDoubleProperty [value: 1280.0]
08:54:17.298 [FXGL Background Thread 3 ] DEBUG Engine               - profileDir: profiles/
08:54:17.298 [FXGL Background Thread 3 ] DEBUG Engine               - profileName: StringProperty [value: DEFAULT]
08:54:17.298 [FXGL Background Thread 3 ] DEBUG Engine               - randomSeed: -1
08:54:17.298 [FXGL Background Thread 3 ] DEBUG Engine               - runtimeInfo: RuntimeInfo(platform=WINDOWS, version=21+dev-SNAPSHOT, build=26.03.2024 21.04)
08:54:17.298 [FXGL Background Thread 3 ] DEBUG Engine               - saveFileExt: sav
08:54:17.298 [FXGL Background Thread 3 ] DEBUG Engine               - scaledHeightProp$fxgl: DoubleProperty [bound, value: 720.0]
08:54:17.298 [FXGL Background Thread 3 ] DEBUG Engine               - scaledWidthProp$fxgl: DoubleProperty [bound, value: 1280.0]
08:54:17.299 [FXGL Background Thread 3 ] DEBUG Engine               - sceneFactory: org.example.core.GameApp$1@275edbf7
08:54:17.299 [FXGL Background Thread 3 ] DEBUG Engine               - secondsIn24h: 60
08:54:17.299 [FXGL Background Thread 3 ] DEBUG Engine               - soundMenuBack: menu/back.wav
08:54:17.299 [FXGL Background Thread 3 ] DEBUG Engine               - soundMenuPress: menu/press.wav
08:54:17.299 [FXGL Background Thread 3 ] DEBUG Engine               - soundMenuSelect: menu/select.wav
08:54:17.299 [FXGL Background Thread 3 ] DEBUG Engine               - soundNotification: core/notification.wav
08:54:17.299 [FXGL Background Thread 3 ] DEBUG Engine               - stageStyle: DECORATED
08:54:17.299 [FXGL Background Thread 3 ] DEBUG Engine               - supportedLanguages: [ENGLISH, FRENCH, GERMAN, HUNGARIAN, RUSSIAN]
08:54:17.299 [FXGL Background Thread 3 ] DEBUG Engine               - ticksPerSecond: -1
08:54:17.299 [FXGL Background Thread 3 ] DEBUG Engine               - title: Prototype Game
08:54:17.299 [FXGL Background Thread 3 ] DEBUG Engine               - urlGithub: https://github.com/AlmasB/FXGL
08:54:17.299 [FXGL Background Thread 3 ] DEBUG Engine               - urlLeaderboard: http://fxgl-top.herokuapp.com/
08:54:17.299 [FXGL Background Thread 3 ] DEBUG Engine               - urlPOM: https://raw.githubusercontent.com/AlmasB/FXGL/release/README.md
08:54:17.299 [FXGL Background Thread 3 ] DEBUG Engine               - userAppClass: class org.example.core.GameApp
08:54:17.299 [FXGL Background Thread 3 ] DEBUG Engine               - version: 0.1.5
08:54:17.299 [FXGL Background Thread 3 ] DEBUG Engine               - versionCheckDays: 7
08:54:17.299 [FXGL Background Thread 3 ] DEBUG Engine               - width: 1280
08:54:17.299 [FXGL Background Thread 3 ] DEBUG Engine               - Logging services
08:54:17.299 [FXGL Background Thread 3 ] DEBUG Engine               - class com.almasb.fxgl.app.services.FXGLAssetLoaderService
08:54:17.299 [FXGL Background Thread 3 ] DEBUG Engine               - class com.almasb.fxgl.app.FXGLApplication$GameApplicationService
08:54:17.299 [FXGL Background Thread 3 ] DEBUG Engine               - class com.almasb.fxgl.app.services.FXGLDialogService
08:54:17.299 [FXGL Background Thread 3 ] DEBUG Engine               - class com.almasb.fxgl.app.services.IOTaskExecutorService
08:54:17.299 [FXGL Background Thread 3 ] DEBUG Engine               - class com.almasb.fxgl.io.FileSystemService
08:54:17.299 [FXGL Background Thread 3 ] DEBUG Engine               - class com.almasb.fxgl.localization.LocalizationService
08:54:17.299 [FXGL Background Thread 3 ] DEBUG Engine               - class com.almasb.fxgl.app.services.SystemBundleService
08:54:17.301 [FXGL Background Thread 3 ] DEBUG Engine               - class com.almasb.fxgl.profile.SaveLoadService
08:54:17.301 [FXGL Background Thread 3 ] DEBUG Engine               - class com.almasb.fxgl.ui.FXGLUIFactoryServiceProvider
08:54:17.301 [FXGL Background Thread 3 ] DEBUG Engine               - class com.almasb.fxgl.ui.FXGLDialogFactoryServiceProvider
08:54:17.301 [FXGL Background Thread 3 ] DEBUG Engine               - class com.almasb.fxgl.audio.AudioPlayer
08:54:17.301 [FXGL Background Thread 3 ] DEBUG Engine               - class com.almasb.fxgl.notification.impl.NotificationServiceProvider
08:54:17.301 [FXGL Background Thread 3 ] DEBUG Engine               - class com.almasb.fxgl.achievement.AchievementService
08:54:17.301 [FXGL Background Thread 3 ] DEBUG Engine               - class com.almasb.fxgl.cutscene.CutsceneService
08:54:17.301 [FXGL Background Thread 3 ] DEBUG Engine               - class com.almasb.fxgl.minigames.MiniGameService
08:54:17.301 [FXGL Background Thread 3 ] DEBUG Engine               - class com.almasb.fxgl.net.NetService
08:54:17.301 [FXGL Background Thread 3 ] DEBUG Engine               - class com.almasb.fxgl.app.services.UpdaterService
08:54:17.301 [FXGL Background Thread 3 ] DEBUG Engine               - class com.almasb.fxgl.dev.DevService
08:54:19.246 [JavaFX Application Thread] DEBUG GameWorld            - Game world initialized
08:54:19.250 [JavaFX Application Thread] DEBUG PhysicsWorld         - Physics world initialized: appHeight=720, physics.ppm=50.0
08:54:19.250 [JavaFX Application Thread] DEBUG PhysicsWorld         - Using strategy: BRUTE_FORCE
08:54:19.252 [JavaFX Application Thread] DEBUG GameScene            - Game scene initialized: 1280x720
08:54:19.304 [JavaFX Application Thread] DEBUG PrimaryStageWindow   - Push state: MainMenuScene
08:54:19.330 [JavaFX Application Thread] DEBUG Input                - Clearing active input actions
08:54:19.336 [JavaFX Application Thread] DEBUG GameApplicationServi - Removing overlay from LoginScene and adding to MainMenuScene
08:54:19.336 [JavaFX Application Thread] DEBUG PrimaryStageWindow   - LoginScene -> MainMenuScene
08:54:19.356 [JavaFX Application Thread] DEBUG GameWorld            - Game world initialized
08:54:19.357 [JavaFX Application Thread] DEBUG PhysicsWorld         - Physics world initialized: appHeight=720, physics.ppm=50.0
08:54:19.357 [JavaFX Application Thread] DEBUG PhysicsWorld         - Using strategy: BRUTE_FORCE
08:54:19.360 [JavaFX Application Thread] DEBUG GameScene            - Game scene initialized: 1280x720
08:54:19.397 [JavaFX Application Thread] DEBUG PrimaryStageWindow   - Push state: MainMenuScene
08:54:19.423 [JavaFX Application Thread] DEBUG Input                - Clearing active input actions
08:54:19.425 [JavaFX Application Thread] DEBUG GameApplicationServi - Removing overlay from MainMenuScene and adding to MainMenuScene
08:54:19.425 [JavaFX Application Thread] DEBUG PrimaryStageWindow   - MainMenuScene -> MainMenuScene
08:54:20.271 [JavaFX Application Thread] DEBUG GameApplicationServi - Starting new game
08:54:20.272 [JavaFX Application Thread] DEBUG PrimaryStageWindow   - Pop state: MainMenuScene
08:54:20.272 [JavaFX Application Thread] DEBUG Input                - Clearing active input actions
08:54:20.274 [JavaFX Application Thread] DEBUG GameApplicationServi - Removing overlay from MainMenuScene and adding to MainMenuScene
08:54:20.274 [JavaFX Application Thread] DEBUG PrimaryStageWindow   - MainMenuScene <- MainMenuScene
08:54:20.274 [JavaFX Application Thread] DEBUG PrimaryStageWindow   - Pop state: MainMenuScene
08:54:20.274 [JavaFX Application Thread] DEBUG Input                - Clearing active input actions
08:54:20.276 [JavaFX Application Thread] DEBUG GameApplicationServi - Removing overlay from MainMenuScene and adding to LoginScene
08:54:20.277 [JavaFX Application Thread] DEBUG PrimaryStageWindow   - LoginScene <- MainMenuScene
08:54:20.365 [JavaFX Application Thread] DEBUG PrimaryStageWindow   - Pop state: LoginScene
08:54:20.365 [JavaFX Application Thread] DEBUG Input                - Clearing active input actions
08:54:20.365 [JavaFX Application Thread] DEBUG GameApplicationServi - Removing overlay from LoginScene and adding to FXGLMainMenuDummyScene
08:54:20.366 [JavaFX Application Thread] DEBUG PrimaryStageWindow   - FXGLMainMenuDummyScene <- LoginScene
08:54:20.366 [JavaFX Application Thread] DEBUG Input                - Clearing active input actions
08:54:20.384 [JavaFX Application Thread] DEBUG GameApplicationServi - Removing overlay from FXGLMainMenuDummyScene and adding to FXGLLoadingScene
08:54:20.385 [JavaFX Application Thread] DEBUG PrimaryStageWindow   - FXGLMainMenuDummyScene -> FXGLLoadingScene
08:54:20.385 [JavaFX Application Thread] DEBUG GameApplicationServi - Clearing previous game
08:54:20.385 [JavaFX Application Thread] DEBUG GameScene            - Clearing game scene
08:54:20.385 [JavaFX Application Thread] DEBUG GameWorld            - Clearing game world
08:54:20.385 [JavaFX Application Thread] DEBUG PhysicsWorld         - Clearing physics world
08:54:20.405 [FXGL Background Thread 2 ] DEBUG FXGLApplication      - Initializing game
08:54:20.475 [FXGL Background Thread 2 ] DEBUG FXGLAssetLoaderServi - Loading from file system: file:/C:/Users/ginac/IdeaProjects/TheOnlyException3/Test/target/classes/assets/textures/dasd.png
08:54:20.564 [FXGL Background Thread 2 ] DEBUG FXGLAssetLoaderServi - Loading from file system: file:/C:/Users/ginac/IdeaProjects/TheOnlyException3/Test/target/classes/assets/textures/player-scaled.png
08:54:20.714 [FXGL Background Thread 2 ] INFO  FXGLApplication      - Game initialization took: 0.309 sec
08:54:20.728 [JavaFX Application Thread] DEBUG Input                - Clearing active input actions
08:54:20.743 [JavaFX Application Thread] DEBUG GameApplicationServi - Removing overlay from FXGLLoadingScene and adding to GameScene
08:54:20.744 [JavaFX Application Thread] DEBUG PrimaryStageWindow   - FXGLLoadingScene -> GameScene
08:54:21.056 [JavaFX Application Thread] DEBUG FXGLAssetLoaderServi - Loading from file system: file:/C:/Users/ginac/IdeaProjects/TheOnlyException3/Test/target/classes/assets/textures/MaggotWalk-scaled.png
08:54:21.066 [JavaFX Application Thread] DEBUG FXGLAssetLoaderServi - Loading from file system: file:/C:/Users/ginac/IdeaProjects/TheOnlyException3/Test/target/classes/assets/textures/BeetleMove-scaled.png
08:54:21.069 [JavaFX Application Thread] DEBUG FXGLAssetLoaderServi - Loading from file system: file:/C:/Users/ginac/IdeaProjects/TheOnlyException3/Test/target/classes/assets/textures/MantisMove-scaled.png
08:54:21.073 [JavaFX Application Thread] DEBUG FXGLAssetLoaderServi - Loading from file system: file:/C:/Users/ginac/IdeaProjects/TheOnlyException3/Test/target/classes/assets/textures/BeeMove-scaled.png
08:54:21.076 [JavaFX Application Thread] DEBUG FXGLAssetLoaderServi - Loading from file system: file:/C:/Users/ginac/IdeaProjects/TheOnlyException3/Test/target/classes/assets/textures/GiantFly.png
08:54:21.080 [JavaFX Application Thread] DEBUG FXGLAssetLoaderServi - Loading from file system: file:/C:/Users/ginac/IdeaProjects/TheOnlyException3/Test/target/classes/assets/textures/DragonFly.png
08:54:23.672 [JavaFX Application Thread] DEBUG PrimaryStageWindow   - Push state: DialogSubScene
08:54:23.672 [JavaFX Application Thread] DEBUG Input                - Clearing active input actions
08:54:23.675 [JavaFX Application Thread] DEBUG GameApplicationServi - Removing overlay from GameScene and adding to DialogSubScene
08:54:23.675 [JavaFX Application Thread] DEBUG PrimaryStageWindow   - GameScene -> DialogSubScene
08:54:25.780 [JavaFX Application Thread] DEBUG PrimaryStageWindow   - Pop state: DialogSubScene
08:54:25.780 [JavaFX Application Thread] DEBUG Input                - Clearing active input actions
08:54:25.781 [JavaFX Application Thread] DEBUG GameApplicationServi - Removing overlay from DialogSubScene and adding to GameScene
08:54:25.781 [JavaFX Application Thread] DEBUG PrimaryStageWindow   - GameScene <- DialogSubScene
08:54:29.013 [JavaFX Application Thread] DEBUG PrimaryStageWindow   - Push state: DialogSubScene
08:54:29.014 [JavaFX Application Thread] DEBUG Input                - Clearing active input actions
08:54:29.017 [JavaFX Application Thread] DEBUG GameApplicationServi - Removing overlay from GameScene and adding to DialogSubScene
08:54:29.021 [JavaFX Application Thread] DEBUG PrimaryStageWindow   - GameScene -> DialogSubScene
08:54:30.041 [JavaFX Application Thread] DEBUG PrimaryStageWindow   - Pop state: DialogSubScene
08:54:30.041 [JavaFX Application Thread] DEBUG Input                - Clearing active input actions
08:54:30.042 [JavaFX Application Thread] DEBUG GameApplicationServi - Removing overlay from DialogSubScene and adding to GameScene
08:54:30.042 [JavaFX Application Thread] DEBUG PrimaryStageWindow   - GameScene <- DialogSubScene
08:54:37.166 [JavaFX Application Thread] DEBUG PrimaryStageWindow   - Push state: DialogSubScene
08:54:37.166 [JavaFX Application Thread] DEBUG Input                - Clearing active input actions
08:54:37.167 [JavaFX Application Thread] DEBUG GameApplicationServi - Removing overlay from GameScene and adding to DialogSubScene
08:54:37.167 [JavaFX Application Thread] DEBUG PrimaryStageWindow   - GameScene -> DialogSubScene
08:54:37.995 [JavaFX Application Thread] DEBUG PrimaryStageWindow   - Pop state: DialogSubScene
08:54:37.995 [JavaFX Application Thread] DEBUG Input                - Clearing active input actions
08:54:37.995 [JavaFX Application Thread] DEBUG GameApplicationServi - Removing overlay from DialogSubScene and adding to GameScene
08:54:37.995 [JavaFX Application Thread] DEBUG PrimaryStageWindow   - GameScene <- DialogSubScene
08:54:41.983 [JavaFX Application Thread] DEBUG PrimaryStageWindow   - Push state: DialogSubScene
08:54:41.983 [JavaFX Application Thread] DEBUG Input                - Clearing active input actions
08:54:41.984 [JavaFX Application Thread] DEBUG GameApplicationServi - Removing overlay from GameScene and adding to DialogSubScene
08:54:41.984 [JavaFX Application Thread] DEBUG PrimaryStageWindow   - GameScene -> DialogSubScene
08:54:43.011 [JavaFX Application Thread] DEBUG PrimaryStageWindow   - Pop state: DialogSubScene
08:54:43.011 [JavaFX Application Thread] DEBUG Input                - Clearing active input actions
08:54:43.011 [JavaFX Application Thread] DEBUG GameApplicationServi - Removing overlay from DialogSubScene and adding to GameScene
08:54:43.011 [JavaFX Application Thread] DEBUG PrimaryStageWindow   - GameScene <- DialogSubScene
08:54:48.942 [JavaFX Application Thread] DEBUG PrimaryStageWindow   - Push state: DialogSubScene
08:54:48.942 [JavaFX Application Thread] DEBUG Input                - Clearing active input actions
08:54:48.943 [JavaFX Application Thread] DEBUG GameApplicationServi - Removing overlay from GameScene and adding to DialogSubScene
08:54:48.943 [JavaFX Application Thread] DEBUG PrimaryStageWindow   - GameScene -> DialogSubScene
08:54:49.756 [JavaFX Application Thread] DEBUG PrimaryStageWindow   - Pop state: DialogSubScene
08:54:49.756 [JavaFX Application Thread] DEBUG Input                - Clearing active input actions
08:54:49.756 [JavaFX Application Thread] DEBUG GameApplicationServi - Removing overlay from DialogSubScene and adding to GameScene
08:54:49.756 [JavaFX Application Thread] DEBUG PrimaryStageWindow   - GameScene <- DialogSubScene
08:54:57.710 [JavaFX Application Thread] DEBUG PrimaryStageWindow   - Push state: DialogSubScene
08:54:57.710 [JavaFX Application Thread] DEBUG Input                - Clearing active input actions
08:54:57.711 [JavaFX Application Thread] DEBUG GameApplicationServi - Removing overlay from GameScene and adding to DialogSubScene
08:54:57.711 [JavaFX Application Thread] DEBUG PrimaryStageWindow   - GameScene -> DialogSubScene
08:54:58.543 [JavaFX Application Thread] DEBUG PrimaryStageWindow   - Pop state: DialogSubScene
08:54:58.543 [JavaFX Application Thread] DEBUG Input                - Clearing active input actions
08:54:58.543 [JavaFX Application Thread] DEBUG GameApplicationServi - Removing overlay from DialogSubScene and adding to GameScene
08:54:58.544 [JavaFX Application Thread] DEBUG PrimaryStageWindow   - GameScene <- DialogSubScene
08:55:05.315 [JavaFX Application Thread] DEBUG FXGLApplication      - Exiting FXGL
08:55:05.315 [JavaFX Application Thread] DEBUG LoopRunner           - Stopping loop
08:55:05.315 [JavaFX Application Thread] DEBUG SystemBundleService  - Saving FXGL system data
08:55:05.319 [JavaFX Application Thread] DEBUG FileSystemAccess     - Writing to: C:\Users\ginac\IdeaProjects\TheOnlyException3\system\fxgl.bundle
08:55:05.324 [JavaFX Application Thread] DEBUG Async                - Shutting down background threads
08:55:05.324 [JavaFX Application Thread] DEBUG PrimaryStageWindow   - Closing main window
08:55:05.347 [JavaFX Application Thread] DEBUG Logger               - Closing Logger
