00:58:59.962 [main                     ] DEBUG Logger               - Configured Logger
00:58:59.974 [main                     ] DEBUG GameApplication      - Logging settings
Title: Prototype
Version: 0.1.5
Width: 1280
Height: 720
Fullscreen: false
Intro: false
Profiling: false
Single step:false
App Mode: DEVELOPER
Menu Key: ESCAPE
Stage Style: DECORATED
Scene Factory: class org.example.GameApp$1

00:59:01.385 [JavaFX Application Thread] DEBUG FXGLApplication      - Initializing FXGL
00:59:01.396 [JavaFX Application Thread] INFO  Engine               - FXGL-17+dev-SNAPSHOT (01.09.2022 03.33) on WINDOWS (J:24 FX:18)
00:59:01.397 [JavaFX Application Thread] DEBUG Engine               - JRE Vendor Name: Oracle Corporation
00:59:01.397 [JavaFX Application Thread] DEBUG Engine               - Running on OS: Windows 11 version 10.0
00:59:01.398 [JavaFX Application Thread] DEBUG Engine               - Architecture: amd64
00:59:01.398 [JavaFX Application Thread] INFO  Engine               - Source code and latest versions at: https://github.com/AlmasB/FXGL
00:59:01.398 [JavaFX Application Thread] INFO  Engine               -       Ask questions and discuss at: https://github.com/AlmasB/FXGL/discussions
00:59:01.399 [JavaFX Application Thread] INFO  Engine               -              Join the FXGL chat at: https://gitter.im/AlmasB/FXGL
00:59:01.871 [JavaFX Application Thread] DEBUG PrimaryStageWindow   - Creating a JavaFX scene
00:59:01.871 [JavaFX Application Thread] DEBUG PrimaryStageWindow   - Target size > screen size
00:59:02.040 [JavaFX Application Thread] DEBUG PrimaryStageWindow   - Target settings size: 1280.0 x 720.0
00:59:02.041 [JavaFX Application Thread] DEBUG PrimaryStageWindow   - Scaled scene size:    1169.0 x 671.0
00:59:02.041 [JavaFX Application Thread] DEBUG PrimaryStageWindow   - Scaled ratio: (0.91328125, 0.9319444444444445)
00:59:02.044 [JavaFX Application Thread] DEBUG PrimaryStageWindow   - Set initial scene to FXGLStartupScene
00:59:02.076 [JavaFX Application Thread] DEBUG PrimaryStageWindow   - Opening main window
00:59:02.405 [JavaFX Application Thread] DEBUG PrimaryStageWindow   - Window border size: (15.0, 37.66668701171875)
00:59:02.406 [JavaFX Application Thread] DEBUG PrimaryStageWindow   - Scaled size: 1169.0 x 671.0
00:59:02.406 [JavaFX Application Thread] DEBUG PrimaryStageWindow   - Scaled ratio: (0.91328125, 0.9319444444444445)
00:59:02.406 [JavaFX Application Thread] DEBUG PrimaryStageWindow   - Scene size: 1169.0 x 671.0
00:59:02.407 [JavaFX Application Thread] DEBUG PrimaryStageWindow   - Stage size: 1184.0 x 708.6666870117188
00:59:02.436 [FXGL Background Thread 1 ] DEBUG Engine               - Initializing environment variables
00:59:02.595 [FXGL Background Thread 1 ] DEBUG FXGLAssetLoaderServi - User app class for loading assets: class org.example.GameApp
00:59:02.596 [FXGL Background Thread 1 ] DEBUG GameApplicationServi - Applying CSS: fxgl_dark.css
00:59:02.601 [FXGL Background Thread 1 ] DEBUG FXGLAssetLoaderServi - Loading from file system: jar:file:/C:/Users/ginac/.m2/repository/com/github/AlmasB/FXGL/fxgl/17.2/fxgl-17.2.jar!/fxglassets/ui/css/fxgl_dark.css
00:59:02.821 [FXGL Background Thread 1 ] DEBUG GameApplicationServi - Initializing application scenes
00:59:02.984 [FXGL Background Thread 1 ] DEBUG GameWorld            - Game world initialized
00:59:03.145 [FXGL Background Thread 1 ] DEBUG PhysicsWorld         - Physics world initialized: appHeight=720, physics.ppm=50.0
00:59:03.146 [FXGL Background Thread 1 ] DEBUG PhysicsWorld         - Using strategy: BRUTE_FORCE
00:59:03.156 [FXGL Background Thread 1 ] DEBUG GameScene            - Game scene initialized: 1280x720
00:59:03.248 [FXGL Background Thread 1 ] DEBUG FXGL.DefaultMenu     - createMenuBodyGameMenu()
00:59:03.289 [FXGL Background Thread 1 ] DEBUG FXGL.DefaultMenu     - createOptionsMenu()
00:59:03.323 [FXGL Background Thread 1 ] DEBUG FXGLAssetLoaderServi - Loading from file system: jar:file:/C:/Users/ginac/.m2/repository/com/github/AlmasB/FXGL/fxgl/17.2/fxgl-17.2.jar!/fxglassets/textures/particles/smoke.png
00:59:03.609 [FXGL Background Thread 1 ] DEBUG FXGLAssetLoaderServi - Loading from file system: jar:file:/C:/Users/ginac/.m2/repository/com/github/AlmasB/FXGL/fxgl/17.2/fxgl-17.2.jar!/fxglassets/textures/particles/trace_horizontal.png
00:59:03.656 [FXGL Background Thread 1 ] DEBUG GameApplicationServi - Application scenes initialized
00:59:03.688 [FXGL Background Thread 1 ] DEBUG SystemBundleService  - Loading FXGL system data
00:59:03.693 [FXGL Background Thread 1 ] DEBUG FileSystemAccess     - Reading from: C:\Users\ginac\IdeaProjects\TheOnlyException\system\fxgl.bundle
00:59:03.699 [FXGL Background Thread 1 ] DEBUG SystemBundleService  - Bundle FXGL: {}
00:59:03.699 [FXGL Background Thread 1 ] DEBUG UpdaterService       - Checking for updates
00:59:03.709 [FXGL Background Thread 4 ] DEBUG FXGLApplication      - Loading fonts
00:59:03.710 [FXGL Background Thread 4 ] DEBUG FXGLAssetLoaderServi - Loading from file system: jar:file:/C:/Users/ginac/.m2/repository/com/github/AlmasB/FXGL/fxgl-samples/17.2/fxgl-samples-17.2.jar!/assets/ui/fonts/VarelaRound-Regular.ttf
00:59:03.710 [FXGL Background Thread 1 ] DEBUG FXGLApplication      - Loading default localization
00:59:03.712 [FXGL Background Thread 1 ] DEBUG FXGLAssetLoaderServi - Loading from file system: jar:file:/C:/Users/ginac/.m2/repository/com/github/AlmasB/FXGL/fxgl/17.2/fxgl-17.2.jar!/fxglassets/languages/english.lang
00:59:03.740 [FXGL Background Thread 4 ] DEBUG FXGLAssetLoaderServi - Loading from file system: jar:file:/C:/Users/ginac/.m2/repository/com/github/AlmasB/FXGL/fxgl/17.2/fxgl-17.2.jar!/fxglassets/ui/fonts/Abel-Regular.ttf
00:59:03.756 [FXGL Background Thread 4 ] DEBUG FXGLAssetLoaderServi - Loading from file system: jar:file:/C:/Users/ginac/.m2/repository/com/github/AlmasB/FXGL/fxgl/17.2/fxgl-17.2.jar!/fxglassets/ui/fonts/TerminalLandMono-Regular.otf
00:59:03.774 [FXGL Background Thread 4 ] DEBUG FXGLAssetLoaderServi - Loading from file system: jar:file:/C:/Users/ginac/.m2/repository/com/github/AlmasB/FXGL/fxgl/17.2/fxgl-17.2.jar!/fxglassets/ui/fonts/Courier-Prime.ttf
00:59:03.781 [FXGL Background Thread 1 ] INFO  FXGLApplication      - FXGL initialization took: 1.345 sec
00:59:03.805 [JavaFX Application Thread] DEBUG Input                - Registered new binding: action0 - A
00:59:03.806 [JavaFX Application Thread] DEBUG Input                - Registered new binding: action1 - D
00:59:03.807 [JavaFX Application Thread] DEBUG Input                - Registered new binding: action2 - W
00:59:03.808 [JavaFX Application Thread] DEBUG Input                - Registered new binding: action3 - S
00:59:03.809 [JavaFX Application Thread] DEBUG FXGLAssetLoaderServi - Loading from file system: jar:file:/C:/Users/ginac/.m2/repository/com/github/AlmasB/FXGL/fxgl/17.2/fxgl-17.2.jar!/fxglassets/textures/fxgl_icon.png
00:59:03.854 [JavaFX Application Thread] DEBUG FXGLAssetLoaderServi - Loading from file system: jar:file:/C:/Users/ginac/.m2/repository/com/github/AlmasB/FXGL/fxgl/17.2/fxgl-17.2.jar!/fxglassets/textures/fxgl_default_cursor.png
00:59:03.861 [JavaFX Application Thread] DEBUG Input                - Registered new binding: Screenshot - CTRL+8
00:59:03.863 [JavaFX Application Thread] DEBUG Input                - Registered new binding: System info dump - CTRL+9
00:59:03.865 [JavaFX Application Thread] DEBUG Input                - Registered new binding: Restart - CTRL+R
00:59:03.887 [JavaFX Application Thread] DEBUG Input                - Registered new binding: Toggle Debug Camera - CTRL+7
00:59:03.905 [JavaFX Application Thread] DEBUG LoopRunner           - Starting loop
00:59:03.906 [JavaFX Application Thread] DEBUG LoopRunner           - Initializing JavaFX AnimationTimerLoop
00:59:03.917 [JavaFX Application Thread] DEBUG Input                - Clearing active input actions
00:59:03.934 [JavaFX Application Thread] DEBUG GameApplicationServi - Removing overlay from FXGLStartupScene and adding to FXGLMainMenuDummyScene
00:59:03.935 [JavaFX Application Thread] DEBUG PrimaryStageWindow   - FXGLStartupScene -> FXGLMainMenuDummyScene
00:59:03.935 [JavaFX Application Thread] DEBUG PrimaryStageWindow   - Push state: NameInputScene
00:59:03.936 [JavaFX Application Thread] DEBUG Input                - Clearing active input actions
00:59:03.960 [JavaFX Application Thread] DEBUG GameApplicationServi - Removing overlay from FXGLMainMenuDummyScene and adding to NameInputScene
00:59:03.961 [JavaFX Application Thread] DEBUG PrimaryStageWindow   - FXGLMainMenuDummyScene -> NameInputScene
00:59:03.963 [JavaFX Application Thread] DEBUG FXGLApplication      - Registering font factories with UI factory
00:59:05.339 [FXGL Background Thread 2 ] INFO  UpdaterService       - Your current version:  17+dev-SNAPSHOT
00:59:05.340 [FXGL Background Thread 2 ] INFO  UpdaterService       - Latest stable version: 21.1
00:59:06.706 [FXGL Background Thread 3 ] DEBUG Engine               - Logging environment variables
00:59:06.707 [FXGL Background Thread 3 ] DEBUG Engine               - achievements: []
00:59:06.707 [FXGL Background Thread 3 ] DEBUG Engine               - actualHeight: 671.0
00:59:06.708 [FXGL Background Thread 3 ] DEBUG Engine               - actualHeightProperty: ReadOnlyDoubleProperty [value: 671.0]
00:59:06.708 [FXGL Background Thread 3 ] DEBUG Engine               - actualWidth: 1169.0
00:59:06.708 [FXGL Background Thread 3 ] DEBUG Engine               - actualWidthProperty: ReadOnlyDoubleProperty [value: 1169.0]
00:59:06.708 [FXGL Background Thread 3 ] DEBUG Engine               - appIcon: fxgl_icon.png
00:59:06.708 [FXGL Background Thread 3 ] DEBUG Engine               - applicationMode: DEVELOPER
00:59:06.709 [FXGL Background Thread 3 ] DEBUG Engine               - cSSList: [fxgl_dark.css]
00:59:06.709 [FXGL Background Thread 3 ] DEBUG Engine               - collisionDetectionStrategy: BRUTE_FORCE
00:59:06.709 [FXGL Background Thread 3 ] DEBUG Engine               - configClass: Optional.empty
00:59:06.709 [FXGL Background Thread 3 ] DEBUG Engine               - credits: []
00:59:06.710 [FXGL Background Thread 3 ] DEBUG Engine               - defaultCursor: CursorInfo(imageName=fxgl_default_cursor.png, hotspotX=7.0, hotspotY=6.0)
00:59:06.711 [FXGL Background Thread 3 ] DEBUG Engine               - devBBoxColorProperty: ObjectProperty [value: 0xff0000ff]
00:59:06.711 [FXGL Background Thread 3 ] DEBUG Engine               - devEnableDebugCameraProperty: BooleanProperty [value: false]
00:59:06.711 [FXGL Background Thread 3 ] DEBUG Engine               - devSensorColorProperty: ObjectProperty [value: 0xffff00ff]
00:59:06.712 [FXGL Background Thread 3 ] DEBUG Engine               - devShowBBoxProperty: BooleanProperty [value: false]
00:59:06.712 [FXGL Background Thread 3 ] DEBUG Engine               - devShowPositionProperty: BooleanProperty [value: false]
00:59:06.712 [FXGL Background Thread 3 ] DEBUG Engine               - enabledMenuItems: []
00:59:06.712 [FXGL Background Thread 3 ] DEBUG Engine               - engineServices: [class com.almasb.fxgl.app.services.FXGLAssetLoaderService, class com.almasb.fxgl.app.FXGLApplication$GameApplicationService, class com.almasb.fxgl.app.services.FXGLDialogService, class com.almasb.fxgl.app.services.IOTaskExecutorService, class com.almasb.fxgl.io.FileSystemService, class com.almasb.fxgl.localization.LocalizationService, class com.almasb.fxgl.app.services.SystemBundleService, class com.almasb.fxgl.profile.SaveLoadService, class com.almasb.fxgl.ui.FXGLUIFactoryServiceProvider, class com.almasb.fxgl.ui.FXGLDialogFactoryServiceProvider, class com.almasb.fxgl.audio.AudioPlayer, class com.almasb.fxgl.notification.impl.NotificationServiceProvider, class com.almasb.fxgl.achievement.AchievementService, class com.almasb.fxgl.cutscene.CutsceneService, class com.almasb.fxgl.minigames.MiniGameService, class com.almasb.fxgl.net.NetService, class com.almasb.fxgl.app.services.UpdaterService, class com.almasb.fxgl.dev.DevService]
00:59:06.712 [FXGL Background Thread 3 ] DEBUG Engine               - fontGame: Abel-Regular.ttf
00:59:06.713 [FXGL Background Thread 3 ] DEBUG Engine               - fontMono: TerminalLandMono-Regular.otf
00:59:06.713 [FXGL Background Thread 3 ] DEBUG Engine               - fontText: Courier-Prime.ttf
00:59:06.713 [FXGL Background Thread 3 ] DEBUG Engine               - fontUI: VarelaRound-Regular.ttf
00:59:06.713 [FXGL Background Thread 3 ] DEBUG Engine               - fullScreen: BooleanProperty [value: false]
00:59:06.713 [FXGL Background Thread 3 ] DEBUG Engine               - gameDifficulty: MEDIUM
00:59:06.714 [FXGL Background Thread 3 ] DEBUG Engine               - gameDifficultyProperty: ObjectProperty [value: MEDIUM]
00:59:06.714 [FXGL Background Thread 3 ] DEBUG Engine               - globalMusicVolume: 0.5
00:59:06.715 [FXGL Background Thread 3 ] DEBUG Engine               - globalMusicVolumeProperty: DoubleProperty [value: 0.5]
00:59:06.715 [FXGL Background Thread 3 ] DEBUG Engine               - globalSoundVolume: 0.5
00:59:06.715 [FXGL Background Thread 3 ] DEBUG Engine               - globalSoundVolumeProperty: DoubleProperty [value: 0.5]
00:59:06.715 [FXGL Background Thread 3 ] DEBUG Engine               - height: 720
00:59:06.715 [FXGL Background Thread 3 ] DEBUG Engine               - is3D: false
00:59:06.715 [FXGL Background Thread 3 ] DEBUG Engine               - isAndroid: false
00:59:06.715 [FXGL Background Thread 3 ] DEBUG Engine               - isBrowser: false
00:59:06.716 [FXGL Background Thread 3 ] DEBUG Engine               - isClickFeedbackEnabled: false
00:59:06.716 [FXGL Background Thread 3 ] DEBUG Engine               - isCloseConfirmation: false
00:59:06.716 [FXGL Background Thread 3 ] DEBUG Engine               - isDesktop: true
00:59:06.716 [FXGL Background Thread 3 ] DEBUG Engine               - isDeveloperMenuEnabled: false
00:59:06.716 [FXGL Background Thread 3 ] DEBUG Engine               - isEmbedded: false
00:59:06.716 [FXGL Background Thread 3 ] DEBUG Engine               - isEntityPreloadEnabled: true
00:59:06.717 [FXGL Background Thread 3 ] DEBUG Engine               - isExperimentalTiledLargeMap: false
00:59:06.717 [FXGL Background Thread 3 ] DEBUG Engine               - isFileSystemWriteAllowed: true
00:59:06.717 [FXGL Background Thread 3 ] DEBUG Engine               - isFullScreenAllowed: false
00:59:06.717 [FXGL Background Thread 3 ] DEBUG Engine               - isFullScreenFromStart: false
00:59:06.717 [FXGL Background Thread 3 ] DEBUG Engine               - isGameMenuEnabled: true
00:59:06.718 [FXGL Background Thread 3 ] DEBUG Engine               - isIOS: false
00:59:06.718 [FXGL Background Thread 3 ] DEBUG Engine               - isIntroEnabled: false
00:59:06.718 [FXGL Background Thread 3 ] DEBUG Engine               - isLinux: false
00:59:06.718 [FXGL Background Thread 3 ] DEBUG Engine               - isMac: false
00:59:06.718 [FXGL Background Thread 3 ] DEBUG Engine               - isMainMenuEnabled: true
00:59:06.718 [FXGL Background Thread 3 ] DEBUG Engine               - isManualResizeEnabled: false
00:59:06.719 [FXGL Background Thread 3 ] DEBUG Engine               - isMobile: false
00:59:06.719 [FXGL Background Thread 3 ] DEBUG Engine               - isNative: false
00:59:06.719 [FXGL Background Thread 3 ] DEBUG Engine               - isPauseMusicWhenMinimized: true
00:59:06.719 [FXGL Background Thread 3 ] DEBUG Engine               - isPreserveResizeRatio: false
00:59:06.719 [FXGL Background Thread 3 ] DEBUG Engine               - isProfilingEnabled: false
00:59:06.720 [FXGL Background Thread 3 ] DEBUG Engine               - isScaleAffectedOnResize: true
00:59:06.720 [FXGL Background Thread 3 ] DEBUG Engine               - isSingleStep: false
00:59:06.720 [FXGL Background Thread 3 ] DEBUG Engine               - isUserProfileEnabled: false
00:59:06.720 [FXGL Background Thread 3 ] DEBUG Engine               - isWindows: true
00:59:06.720 [FXGL Background Thread 3 ] DEBUG Engine               - language: ObjectProperty [value: ENGLISH]
00:59:06.720 [FXGL Background Thread 3 ] DEBUG Engine               - menuKey: ESCAPE
00:59:06.721 [FXGL Background Thread 3 ] DEBUG Engine               - mouseSensitivity: 0.2
00:59:06.721 [FXGL Background Thread 3 ] DEBUG Engine               - notificationViewClass: class com.almasb.fxgl.notification.view.XboxNotificationView
00:59:06.721 [FXGL Background Thread 3 ] DEBUG Engine               - pixelsPerMeter: 50.0
00:59:06.721 [FXGL Background Thread 3 ] DEBUG Engine               - platform: WINDOWS
00:59:06.721 [FXGL Background Thread 3 ] DEBUG Engine               - prefHeightProperty: ReadOnlyDoubleProperty [value: 720.0]
00:59:06.721 [FXGL Background Thread 3 ] DEBUG Engine               - prefWidthProperty: ReadOnlyDoubleProperty [value: 1280.0]
00:59:06.721 [FXGL Background Thread 3 ] DEBUG Engine               - profileDir: profiles/
00:59:06.723 [FXGL Background Thread 3 ] DEBUG Engine               - profileName: StringProperty [value: DEFAULT]
00:59:06.723 [FXGL Background Thread 3 ] DEBUG Engine               - randomSeed: -1
00:59:06.723 [FXGL Background Thread 3 ] DEBUG Engine               - runtimeInfo: RuntimeInfo(platform=WINDOWS, version=17+dev-SNAPSHOT, build=01.09.2022 03.33)
00:59:06.724 [FXGL Background Thread 3 ] DEBUG Engine               - saveFileExt: sav
00:59:06.724 [FXGL Background Thread 3 ] DEBUG Engine               - scaledHeightProp$fxgl: DoubleProperty [bound, value: 671.0]
00:59:06.724 [FXGL Background Thread 3 ] DEBUG Engine               - scaledWidthProp$fxgl: DoubleProperty [bound, value: 1169.0]
00:59:06.724 [FXGL Background Thread 3 ] DEBUG Engine               - sceneFactory: org.example.GameApp$1@73dd8e48
00:59:06.724 [FXGL Background Thread 3 ] DEBUG Engine               - secondsIn24h: 60
00:59:06.725 [FXGL Background Thread 3 ] DEBUG Engine               - soundMenuBack: menu/back.wav
00:59:06.725 [FXGL Background Thread 3 ] DEBUG Engine               - soundMenuPress: menu/press.wav
00:59:06.725 [FXGL Background Thread 3 ] DEBUG Engine               - soundMenuSelect: menu/select.wav
00:59:06.725 [FXGL Background Thread 3 ] DEBUG Engine               - soundNotification: core/notification.wav
00:59:06.725 [FXGL Background Thread 3 ] DEBUG Engine               - stageStyle: DECORATED
00:59:06.725 [FXGL Background Thread 3 ] DEBUG Engine               - supportedLanguages: [ENGLISH, FRENCH, GERMAN, HUNGARIAN, RUSSIAN]
00:59:06.725 [FXGL Background Thread 3 ] DEBUG Engine               - ticksPerSecond: -1
00:59:06.725 [FXGL Background Thread 3 ] DEBUG Engine               - title: Prototype
00:59:06.725 [FXGL Background Thread 3 ] DEBUG Engine               - urlGithub: https://github.com/AlmasB/FXGL
00:59:06.725 [FXGL Background Thread 3 ] DEBUG Engine               - urlLeaderboard: http://fxgl-top.herokuapp.com/
00:59:06.726 [FXGL Background Thread 3 ] DEBUG Engine               - urlPOM: https://raw.githubusercontent.com/AlmasB/FXGL/release/README.md
00:59:06.726 [FXGL Background Thread 3 ] DEBUG Engine               - userAppClass: class org.example.GameApp
00:59:06.726 [FXGL Background Thread 3 ] DEBUG Engine               - version: 0.1.5
00:59:06.726 [FXGL Background Thread 3 ] DEBUG Engine               - versionCheckDays: 7
00:59:06.726 [FXGL Background Thread 3 ] DEBUG Engine               - width: 1280
00:59:06.726 [FXGL Background Thread 3 ] DEBUG Engine               - Logging services
00:59:06.727 [FXGL Background Thread 3 ] DEBUG Engine               - class com.almasb.fxgl.app.services.FXGLAssetLoaderService
00:59:06.727 [FXGL Background Thread 3 ] DEBUG Engine               - class com.almasb.fxgl.app.FXGLApplication$GameApplicationService
00:59:06.727 [FXGL Background Thread 3 ] DEBUG Engine               - class com.almasb.fxgl.app.services.FXGLDialogService
00:59:06.727 [FXGL Background Thread 3 ] DEBUG Engine               - class com.almasb.fxgl.app.services.IOTaskExecutorService
00:59:06.727 [FXGL Background Thread 3 ] DEBUG Engine               - class com.almasb.fxgl.io.FileSystemService
00:59:06.727 [FXGL Background Thread 3 ] DEBUG Engine               - class com.almasb.fxgl.localization.LocalizationService
00:59:06.727 [FXGL Background Thread 3 ] DEBUG Engine               - class com.almasb.fxgl.app.services.SystemBundleService
00:59:06.728 [FXGL Background Thread 3 ] DEBUG Engine               - class com.almasb.fxgl.profile.SaveLoadService
00:59:06.728 [FXGL Background Thread 3 ] DEBUG Engine               - class com.almasb.fxgl.ui.FXGLUIFactoryServiceProvider
00:59:06.728 [FXGL Background Thread 3 ] DEBUG Engine               - class com.almasb.fxgl.ui.FXGLDialogFactoryServiceProvider
00:59:06.728 [FXGL Background Thread 3 ] DEBUG Engine               - class com.almasb.fxgl.audio.AudioPlayer
00:59:06.729 [FXGL Background Thread 3 ] DEBUG Engine               - class com.almasb.fxgl.notification.impl.NotificationServiceProvider
00:59:06.729 [FXGL Background Thread 3 ] DEBUG Engine               - class com.almasb.fxgl.achievement.AchievementService
00:59:06.729 [FXGL Background Thread 3 ] DEBUG Engine               - class com.almasb.fxgl.cutscene.CutsceneService
00:59:06.729 [FXGL Background Thread 3 ] DEBUG Engine               - class com.almasb.fxgl.minigames.MiniGameService
00:59:06.729 [FXGL Background Thread 3 ] DEBUG Engine               - class com.almasb.fxgl.net.NetService
00:59:06.729 [FXGL Background Thread 3 ] DEBUG Engine               - class com.almasb.fxgl.app.services.UpdaterService
00:59:06.730 [FXGL Background Thread 3 ] DEBUG Engine               - class com.almasb.fxgl.dev.DevService
00:59:11.267 [JavaFX Application Thread] DEBUG Menu                 - fireNewGame()
00:59:11.268 [JavaFX Application Thread] DEBUG GameApplicationServi - Starting new game
00:59:11.268 [JavaFX Application Thread] DEBUG PrimaryStageWindow   - Pop state: NameInputScene
00:59:11.268 [JavaFX Application Thread] DEBUG Input                - Clearing active input actions
00:59:11.271 [JavaFX Application Thread] DEBUG GameApplicationServi - Removing overlay from NameInputScene and adding to FXGLMainMenuDummyScene
00:59:11.272 [JavaFX Application Thread] DEBUG PrimaryStageWindow   - FXGLMainMenuDummyScene <- NameInputScene
00:59:11.273 [JavaFX Application Thread] DEBUG Input                - Clearing active input actions
00:59:11.293 [JavaFX Application Thread] DEBUG GameApplicationServi - Removing overlay from FXGLMainMenuDummyScene and adding to FXGLLoadingScene
00:59:11.293 [JavaFX Application Thread] DEBUG PrimaryStageWindow   - FXGLMainMenuDummyScene -> FXGLLoadingScene
00:59:11.293 [JavaFX Application Thread] DEBUG GameApplicationServi - Clearing previous game
00:59:11.293 [JavaFX Application Thread] DEBUG GameScene            - Clearing game scene
00:59:11.293 [JavaFX Application Thread] DEBUG GameWorld            - Clearing game world
00:59:11.293 [JavaFX Application Thread] DEBUG PhysicsWorld         - Clearing physics world
00:59:11.298 [FXGL Background Thread 2 ] DEBUG FXGLApplication      - Initializing game
00:59:11.343 [FXGL Background Thread 2 ] DEBUG FXGLAssetLoaderServi - Loading from file system: file:/C:/Users/ginac/IdeaProjects/TheOnlyException/Test/target/classes/assets/textures/dasd.png
00:59:11.413 [FXGL Background Thread 2 ] DEBUG FXGLAssetLoaderServi - Loading from file system: file:/C:/Users/ginac/IdeaProjects/TheOnlyException/Test/target/classes/assets/textures/player-scaled.png
00:59:11.541 [FXGL Background Thread 2 ] INFO  FXGLApplication      - Game initialization took: 0.243 sec
00:59:11.583 [JavaFX Application Thread] DEBUG Input                - Clearing active input actions
00:59:11.601 [JavaFX Application Thread] DEBUG GameApplicationServi - Removing overlay from FXGLLoadingScene and adding to GameScene
00:59:11.602 [JavaFX Application Thread] DEBUG PrimaryStageWindow   - FXGLLoadingScene -> GameScene
00:59:12.379 [JavaFX Application Thread] DEBUG FXGLAssetLoaderServi - Loading from file system: file:/C:/Users/ginac/IdeaProjects/TheOnlyException/Test/target/classes/assets/textures/MaggotWalk-scaled.png
00:59:12.908 [JavaFX Application Thread] DEBUG FXGLAssetLoaderServi - Loading from file system: file:/C:/Users/ginac/IdeaProjects/TheOnlyException/Test/target/classes/assets/textures/BeetleMove-scaled.png
00:59:13.468 [JavaFX Application Thread] DEBUG FXGLAssetLoaderServi - Loading from file system: file:/C:/Users/ginac/IdeaProjects/TheOnlyException/Test/target/classes/assets/textures/MantisMove-scaled.png
00:59:23.275 [JavaFX Application Thread] DEBUG LoopRunner           - Pausing loop
00:59:23.281 [JavaFX Application Thread] DEBUG PrimaryStageWindow   - Push state: DialogSubScene
00:59:23.281 [JavaFX Application Thread] DEBUG Input                - Clearing active input actions
00:59:23.283 [JavaFX Application Thread] DEBUG GameApplicationServi - Removing overlay from GameScene and adding to DialogSubScene
00:59:23.284 [JavaFX Application Thread] DEBUG PrimaryStageWindow   - GameScene -> DialogSubScene
00:59:24.791 [JavaFX Application Thread] DEBUG PrimaryStageWindow   - Pop state: DialogSubScene
00:59:24.792 [JavaFX Application Thread] DEBUG Input                - Clearing active input actions
00:59:24.793 [JavaFX Application Thread] DEBUG GameApplicationServi - Removing overlay from DialogSubScene and adding to GameScene
00:59:24.793 [JavaFX Application Thread] DEBUG PrimaryStageWindow   - GameScene <- DialogSubScene
00:59:24.800 [JavaFX Application Thread] DEBUG Input                - Clearing active input actions
00:59:24.817 [JavaFX Application Thread] DEBUG GameApplicationServi - Removing overlay from GameScene and adding to FXGLMainMenuDummyScene
00:59:24.818 [JavaFX Application Thread] DEBUG PrimaryStageWindow   - GameScene -> FXGLMainMenuDummyScene
00:59:24.818 [JavaFX Application Thread] DEBUG PrimaryStageWindow   - Push state: NameInputScene
00:59:24.818 [JavaFX Application Thread] DEBUG Input                - Clearing active input actions
00:59:24.824 [JavaFX Application Thread] DEBUG GameApplicationServi - Removing overlay from FXGLMainMenuDummyScene and adding to NameInputScene
00:59:24.825 [JavaFX Application Thread] DEBUG PrimaryStageWindow   - FXGLMainMenuDummyScene -> NameInputScene
00:59:26.311 [JavaFX Application Thread] DEBUG Menu                 - fireNewGame()
00:59:26.311 [JavaFX Application Thread] DEBUG GameApplicationServi - Starting new game
00:59:26.311 [JavaFX Application Thread] DEBUG PrimaryStageWindow   - Pop state: NameInputScene
00:59:26.311 [JavaFX Application Thread] DEBUG Input                - Clearing active input actions
00:59:26.312 [JavaFX Application Thread] DEBUG GameApplicationServi - Removing overlay from NameInputScene and adding to FXGLMainMenuDummyScene
00:59:26.312 [JavaFX Application Thread] DEBUG PrimaryStageWindow   - FXGLMainMenuDummyScene <- NameInputScene
00:59:26.312 [JavaFX Application Thread] DEBUG Input                - Clearing active input actions
00:59:26.321 [JavaFX Application Thread] DEBUG GameApplicationServi - Removing overlay from FXGLMainMenuDummyScene and adding to FXGLLoadingScene
00:59:26.322 [JavaFX Application Thread] DEBUG PrimaryStageWindow   - FXGLMainMenuDummyScene -> FXGLLoadingScene
00:59:26.322 [JavaFX Application Thread] DEBUG GameApplicationServi - Clearing previous game
00:59:26.322 [JavaFX Application Thread] DEBUG GameScene            - Clearing game scene
00:59:26.322 [JavaFX Application Thread] DEBUG GameWorld            - Clearing game world
00:59:26.323 [JavaFX Application Thread] DEBUG PhysicsWorld         - Clearing physics world
00:59:26.324 [FXGL Background Thread 2 ] DEBUG FXGLApplication      - Initializing game
00:59:26.338 [FXGL Background Thread 2 ] INFO  FXGLApplication      - Game initialization took: 0.013 sec
00:59:26.340 [JavaFX Application Thread] DEBUG Input                - Clearing active input actions
00:59:26.355 [JavaFX Application Thread] DEBUG GameApplicationServi - Removing overlay from FXGLLoadingScene and adding to GameScene
00:59:26.356 [JavaFX Application Thread] DEBUG PrimaryStageWindow   - FXGLLoadingScene -> GameScene
00:59:29.814 [JavaFX Application Thread] DEBUG FXGLApplication      - Exiting FXGL
00:59:29.815 [JavaFX Application Thread] DEBUG LoopRunner           - Stopping loop
00:59:29.815 [JavaFX Application Thread] DEBUG SystemBundleService  - Saving FXGL system data
00:59:29.819 [JavaFX Application Thread] DEBUG FileSystemAccess     - Writing to: C:\Users\ginac\IdeaProjects\TheOnlyException\system\fxgl.bundle
00:59:29.823 [JavaFX Application Thread] DEBUG Async                - Shutting down background threads
00:59:29.824 [JavaFX Application Thread] DEBUG PrimaryStageWindow   - Closing main window
00:59:29.889 [JavaFX Application Thread] DEBUG Logger               - Closing Logger
