19:43:13.094 [main                     ] DEBUG Logger               - Configured Logger
19:43:13.097 [main                     ] DEBUG GameApplication      - Logging settings
Title: Prototype Game
Version: 0.1.5
Width: 1280
Height: 720
Fullscreen: false
Intro: false
Profiling: false
Single step:false
App Mode: DEVELOPER
Menu Key: ESCAPE
Stage Style: DECORATED
Scene Factory: class org.example.core.GameApp$1

19:43:13.211 [JavaFX Application Thread] DEBUG FXGLApplication      - Initializing FXGL
19:43:13.213 [JavaFX Application Thread] INFO  Engine               - FXGL-21+dev-SNAPSHOT (26.03.2024 19.46) on WINDOWS (J:24 FX:21.0.1)
19:43:13.214 [JavaFX Application Thread] DEBUG Engine               - JRE Vendor Name: Oracle Corporation
19:43:13.214 [JavaFX Application Thread] DEBUG Engine               - Running on OS: Windows 11 version 10.0
19:43:13.214 [JavaFX Application Thread] DEBUG Engine               - Architecture: amd64
19:43:13.214 [JavaFX Application Thread] INFO  Engine               - Source code and latest versions at: https://github.com/AlmasB/FXGL
19:43:13.214 [JavaFX Application Thread] INFO  Engine               -       Ask questions and discuss at: https://github.com/AlmasB/FXGL/discussions
19:43:13.214 [JavaFX Application Thread] INFO  Engine               -              Join the FXGL chat at: https://gitter.im/AlmasB/FXGL
19:43:13.299 [JavaFX Application Thread] DEBUG PrimaryStageWindow   - Creating a JavaFX scene
19:43:13.327 [JavaFX Application Thread] DEBUG PrimaryStageWindow   - Target settings size: 1280.0 x 720.0
19:43:13.327 [JavaFX Application Thread] DEBUG PrimaryStageWindow   - Scaled scene size:    1280.0 x 720.0
19:43:13.327 [JavaFX Application Thread] DEBUG PrimaryStageWindow   - Scaled ratio: (1.0, 1.0)
19:43:13.329 [JavaFX Application Thread] DEBUG PrimaryStageWindow   - Set initial scene to FXGLStartupScene
19:43:13.332 [JavaFX Application Thread] DEBUG PrimaryStageWindow   - Opening main window
19:43:13.406 [JavaFX Application Thread] DEBUG PrimaryStageWindow   - Window border size: (16.0, 39.0)
19:43:13.406 [JavaFX Application Thread] DEBUG PrimaryStageWindow   - Scaled size: 1280.0 x 720.0
19:43:13.406 [JavaFX Application Thread] DEBUG PrimaryStageWindow   - Scaled ratio: (1.0, 1.0)
19:43:13.406 [JavaFX Application Thread] DEBUG PrimaryStageWindow   - Scene size: 1280.0 x 720.0
19:43:13.406 [JavaFX Application Thread] DEBUG PrimaryStageWindow   - Stage size: 1296.0 x 759.0
19:43:13.411 [FXGL Background Thread 1 ] DEBUG Engine               - Initializing environment variables
19:43:13.457 [FXGL Background Thread 1 ] DEBUG FXGLAssetLoaderServi - User app class for loading assets: class org.example.core.GameApp
19:43:13.457 [FXGL Background Thread 1 ] DEBUG GameApplicationServi - Applying CSS: fxgl_dark.css
19:43:13.457 [FXGL Background Thread 1 ] DEBUG FXGLAssetLoaderServi - Loading from file system: jar:file:/C:/Users/primzcm/.m2/repository/com/github/almasb/fxgl/fxgl/21.1/fxgl-21.1.jar!/fxglassets/ui/css/fxgl_dark.css
19:43:13.495 [FXGL Background Thread 1 ] DEBUG GameApplicationServi - Initializing application scenes
19:43:13.513 [FXGL Background Thread 1 ] DEBUG GameWorld            - Game world initialized
19:43:13.553 [FXGL Background Thread 1 ] DEBUG PhysicsWorld         - Physics world initialized: appHeight=720, physics.ppm=50.0
19:43:13.553 [FXGL Background Thread 1 ] DEBUG PhysicsWorld         - Using strategy: BRUTE_FORCE
19:43:13.556 [FXGL Background Thread 1 ] DEBUG GameScene            - Game scene initialized: 1280x720
19:43:13.743 [FXGL Background Thread 1 ] DEBUG GameApplicationServi - Application scenes initialized
19:43:13.755 [FXGL Background Thread 1 ] DEBUG SystemBundleService  - Loading FXGL system data
19:43:13.758 [FXGL Background Thread 1 ] DEBUG FileSystemAccess     - Reading from: F:\my files\School\2nd year 2nd sem\TheOnlyException\system\fxgl.bundle
19:43:13.762 [FXGL Background Thread 1 ] DEBUG SystemBundleService  - Bundle FXGL: {}
19:43:13.762 [FXGL Background Thread 1 ] DEBUG UpdaterService       - Checking for updates
19:43:13.767 [FXGL Background Thread 4 ] DEBUG FXGLApplication      - Loading fonts
19:43:13.767 [FXGL Background Thread 4 ] DEBUG FXGLAssetLoaderServi - Loading from file system: jar:file:/C:/Users/primzcm/.m2/repository/com/github/almasb/fxgl/fxgl/21.1/fxgl-21.1.jar!/fxglassets/ui/fonts/VarelaRound-Regular.ttf
19:43:13.768 [FXGL Background Thread 1 ] DEBUG FXGLApplication      - Loading default localization
19:43:13.768 [FXGL Background Thread 1 ] DEBUG FXGLAssetLoaderServi - Loading from file system: jar:file:/C:/Users/primzcm/.m2/repository/com/github/almasb/fxgl/fxgl/21.1/fxgl-21.1.jar!/fxglassets/languages/english.lang
19:43:13.769 [FXGL Background Thread 4 ] DEBUG FXGLAssetLoaderServi - Loading from file system: jar:file:/C:/Users/primzcm/.m2/repository/com/github/almasb/fxgl/fxgl/21.1/fxgl-21.1.jar!/fxglassets/ui/fonts/Abel-Regular.ttf
19:43:13.772 [FXGL Background Thread 4 ] DEBUG FXGLAssetLoaderServi - Loading from file system: jar:file:/C:/Users/primzcm/.m2/repository/com/github/almasb/fxgl/fxgl/21.1/fxgl-21.1.jar!/fxglassets/ui/fonts/TerminalLandMono-Regular.otf
19:43:13.775 [FXGL Background Thread 4 ] DEBUG FXGLAssetLoaderServi - Loading from file system: jar:file:/C:/Users/primzcm/.m2/repository/com/github/almasb/fxgl/fxgl/21.1/fxgl-21.1.jar!/fxglassets/ui/fonts/Courier-Prime.ttf
19:43:13.779 [JavaFX Application Thread] DEBUG FXGLApplication      - Registering font factories with UI factory
19:43:13.789 [FXGL Background Thread 1 ] INFO  FXGLApplication      - FXGL initialization took: 0.377 sec
19:43:13.796 [JavaFX Application Thread] DEBUG Input                - Registered new binding: action0 - A
19:43:13.796 [JavaFX Application Thread] DEBUG Input                - Registered new binding: action1 - D
19:43:13.796 [JavaFX Application Thread] DEBUG Input                - Registered new binding: action2 - W
19:43:13.797 [JavaFX Application Thread] DEBUG Input                - Registered new binding: action3 - S
19:43:13.797 [JavaFX Application Thread] DEBUG FXGLAssetLoaderServi - Loading from file system: jar:file:/C:/Users/primzcm/.m2/repository/com/github/almasb/fxgl/fxgl/21.1/fxgl-21.1.jar!/fxglassets/textures/fxgl_icon.png
19:43:13.839 [JavaFX Application Thread] DEBUG FXGLAssetLoaderServi - Loading from file system: jar:file:/C:/Users/primzcm/.m2/repository/com/github/almasb/fxgl/fxgl/21.1/fxgl-21.1.jar!/fxglassets/textures/fxgl_default_cursor.png
19:43:13.843 [JavaFX Application Thread] DEBUG Input                - Registered new binding: Screenshot - CTRL+8
19:43:13.844 [JavaFX Application Thread] DEBUG Input                - Registered new binding: System info dump - CTRL+9
19:43:13.844 [JavaFX Application Thread] DEBUG Input                - Registered new binding: Restart - CTRL+R
19:43:13.845 [JavaFX Application Thread] DEBUG Input                - Registered new binding: Toggle Debug Camera - CTRL+7
19:43:13.849 [JavaFX Application Thread] DEBUG LoopRunner           - Starting loop
19:43:13.849 [JavaFX Application Thread] DEBUG LoopRunner           - Initializing JavaFX AnimationTimerLoop
19:43:13.861 [JavaFX Application Thread] DEBUG Input                - Clearing active input actions
19:43:13.867 [JavaFX Application Thread] DEBUG GameApplicationServi - Removing overlay from FXGLStartupScene and adding to FXGLMainMenuDummyScene
19:43:13.867 [JavaFX Application Thread] DEBUG PrimaryStageWindow   - FXGLStartupScene -> FXGLMainMenuDummyScene
19:43:13.867 [JavaFX Application Thread] DEBUG PrimaryStageWindow   - Push state: LoginScene
19:43:13.869 [JavaFX Application Thread] DEBUG Input                - Clearing active input actions
19:43:13.897 [JavaFX Application Thread] DEBUG GameApplicationServi - Removing overlay from FXGLMainMenuDummyScene and adding to LoginScene
19:43:13.897 [JavaFX Application Thread] DEBUG PrimaryStageWindow   - FXGLMainMenuDummyScene -> LoginScene
19:43:14.455 [FXGL Background Thread 2 ] INFO  UpdaterService       - Your current version:  21+dev-SNAPSHOT
19:43:14.455 [FXGL Background Thread 2 ] INFO  UpdaterService       - Latest stable version: 21.1
19:43:16.766 [FXGL Background Thread 3 ] DEBUG Engine               - Logging environment variables
19:43:16.766 [FXGL Background Thread 3 ] DEBUG Engine               - achievements: []
19:43:16.766 [FXGL Background Thread 3 ] DEBUG Engine               - actualHeight: 720.0
19:43:16.766 [FXGL Background Thread 3 ] DEBUG Engine               - actualHeightProperty: ReadOnlyDoubleProperty [value: 720.0]
19:43:16.766 [FXGL Background Thread 3 ] DEBUG Engine               - actualWidth: 1280.0
19:43:16.766 [FXGL Background Thread 3 ] DEBUG Engine               - actualWidthProperty: ReadOnlyDoubleProperty [value: 1280.0]
19:43:16.766 [FXGL Background Thread 3 ] DEBUG Engine               - appIcon: fxgl_icon.png
19:43:16.766 [FXGL Background Thread 3 ] DEBUG Engine               - applicationMode: DEVELOPER
19:43:16.766 [FXGL Background Thread 3 ] DEBUG Engine               - cSSList: [fxgl_dark.css]
19:43:16.766 [FXGL Background Thread 3 ] DEBUG Engine               - collisionDetectionStrategy: BRUTE_FORCE
19:43:16.766 [FXGL Background Thread 3 ] DEBUG Engine               - configClass: Optional.empty
19:43:16.766 [FXGL Background Thread 3 ] DEBUG Engine               - credits: []
19:43:16.767 [FXGL Background Thread 3 ] DEBUG Engine               - defaultCursor: CursorInfo(imageName=fxgl_default_cursor.png, hotspotX=7.0, hotspotY=6.0)
19:43:16.767 [FXGL Background Thread 3 ] DEBUG Engine               - devBBoxColorProperty: ObjectProperty [value: 0xff0000ff]
19:43:16.767 [FXGL Background Thread 3 ] DEBUG Engine               - devEnableDebugCameraProperty: BooleanProperty [value: false]
19:43:16.767 [FXGL Background Thread 3 ] DEBUG Engine               - devSensorColorProperty: ObjectProperty [value: 0xffff00ff]
19:43:16.767 [FXGL Background Thread 3 ] DEBUG Engine               - devShowBBoxProperty: BooleanProperty [value: false]
19:43:16.767 [FXGL Background Thread 3 ] DEBUG Engine               - devShowPositionProperty: BooleanProperty [value: false]
19:43:16.769 [FXGL Background Thread 3 ] DEBUG Engine               - enabledMenuItems: []
19:43:16.769 [FXGL Background Thread 3 ] DEBUG Engine               - engineServices: [class com.almasb.fxgl.app.services.FXGLAssetLoaderService, class com.almasb.fxgl.app.FXGLApplication$GameApplicationService, class com.almasb.fxgl.app.services.FXGLDialogService, class com.almasb.fxgl.app.services.IOTaskExecutorService, class com.almasb.fxgl.io.FileSystemService, class com.almasb.fxgl.localization.LocalizationService, class com.almasb.fxgl.app.services.SystemBundleService, class com.almasb.fxgl.profile.SaveLoadService, class com.almasb.fxgl.ui.FXGLUIFactoryServiceProvider, class com.almasb.fxgl.ui.FXGLDialogFactoryServiceProvider, class com.almasb.fxgl.audio.AudioPlayer, class com.almasb.fxgl.notification.impl.NotificationServiceProvider, class com.almasb.fxgl.achievement.AchievementService, class com.almasb.fxgl.cutscene.CutsceneService, class com.almasb.fxgl.minigames.MiniGameService, class com.almasb.fxgl.net.NetService, class com.almasb.fxgl.app.services.UpdaterService, class com.almasb.fxgl.dev.DevService]
19:43:16.769 [FXGL Background Thread 3 ] DEBUG Engine               - fontGame: Abel-Regular.ttf
19:43:16.769 [FXGL Background Thread 3 ] DEBUG Engine               - fontMono: TerminalLandMono-Regular.otf
19:43:16.769 [FXGL Background Thread 3 ] DEBUG Engine               - fontSizeScaleUI: 1.0
19:43:16.769 [FXGL Background Thread 3 ] DEBUG Engine               - fontText: Courier-Prime.ttf
19:43:16.769 [FXGL Background Thread 3 ] DEBUG Engine               - fontUI: VarelaRound-Regular.ttf
19:43:16.769 [FXGL Background Thread 3 ] DEBUG Engine               - fullScreen: BooleanProperty [value: false]
19:43:16.769 [FXGL Background Thread 3 ] DEBUG Engine               - gameDifficulty: MEDIUM
19:43:16.769 [FXGL Background Thread 3 ] DEBUG Engine               - gameDifficultyProperty: ObjectProperty [value: MEDIUM]
19:43:16.769 [FXGL Background Thread 3 ] DEBUG Engine               - globalMusicVolume: 0.5
19:43:16.769 [FXGL Background Thread 3 ] DEBUG Engine               - globalMusicVolumeProperty: DoubleProperty [value: 0.5]
19:43:16.769 [FXGL Background Thread 3 ] DEBUG Engine               - globalSoundVolume: 0.5
19:43:16.769 [FXGL Background Thread 3 ] DEBUG Engine               - globalSoundVolumeProperty: DoubleProperty [value: 0.5]
19:43:16.769 [FXGL Background Thread 3 ] DEBUG Engine               - height: 720
19:43:16.769 [FXGL Background Thread 3 ] DEBUG Engine               - is3D: false
19:43:16.769 [FXGL Background Thread 3 ] DEBUG Engine               - isAndroid: false
19:43:16.769 [FXGL Background Thread 3 ] DEBUG Engine               - isBrowser: false
19:43:16.769 [FXGL Background Thread 3 ] DEBUG Engine               - isClickFeedbackEnabled: false
19:43:16.769 [FXGL Background Thread 3 ] DEBUG Engine               - isCloseConfirmation: false
19:43:16.769 [FXGL Background Thread 3 ] DEBUG Engine               - isDesktop: true
19:43:16.769 [FXGL Background Thread 3 ] DEBUG Engine               - isDeveloperMenuEnabled: false
19:43:16.769 [FXGL Background Thread 3 ] DEBUG Engine               - isEmbedded: false
19:43:16.769 [FXGL Background Thread 3 ] DEBUG Engine               - isEntityPreloadEnabled: true
19:43:16.769 [FXGL Background Thread 3 ] DEBUG Engine               - isExperimentalTiledLargeMap: false
19:43:16.769 [FXGL Background Thread 3 ] DEBUG Engine               - isFileSystemWriteAllowed: true
19:43:16.769 [FXGL Background Thread 3 ] DEBUG Engine               - isFullScreenAllowed: false
19:43:16.769 [FXGL Background Thread 3 ] DEBUG Engine               - isFullScreenFromStart: false
19:43:16.769 [FXGL Background Thread 3 ] DEBUG Engine               - isGameMenuEnabled: false
19:43:16.770 [FXGL Background Thread 3 ] DEBUG Engine               - isIOS: false
19:43:16.770 [FXGL Background Thread 3 ] DEBUG Engine               - isIntroEnabled: false
19:43:16.770 [FXGL Background Thread 3 ] DEBUG Engine               - isLinux: false
19:43:16.770 [FXGL Background Thread 3 ] DEBUG Engine               - isMac: false
19:43:16.770 [FXGL Background Thread 3 ] DEBUG Engine               - isMainMenuEnabled: true
19:43:16.770 [FXGL Background Thread 3 ] DEBUG Engine               - isManualResizeEnabled: false
19:43:16.770 [FXGL Background Thread 3 ] DEBUG Engine               - isMobile: false
19:43:16.770 [FXGL Background Thread 3 ] DEBUG Engine               - isNative: false
19:43:16.770 [FXGL Background Thread 3 ] DEBUG Engine               - isPauseMusicWhenMinimized: true
19:43:16.770 [FXGL Background Thread 3 ] DEBUG Engine               - isPreserveResizeRatio: false
19:43:16.770 [FXGL Background Thread 3 ] DEBUG Engine               - isProfilingEnabled: false
19:43:16.770 [FXGL Background Thread 3 ] DEBUG Engine               - isScaleAffectedOnResize: true
19:43:16.770 [FXGL Background Thread 3 ] DEBUG Engine               - isSingleStep: false
19:43:16.770 [FXGL Background Thread 3 ] DEBUG Engine               - isUserProfileEnabled: false
19:43:16.770 [FXGL Background Thread 3 ] DEBUG Engine               - isWindows: true
19:43:16.770 [FXGL Background Thread 3 ] DEBUG Engine               - language: ObjectProperty [value: ENGLISH]
19:43:16.770 [FXGL Background Thread 3 ] DEBUG Engine               - menuKey: ESCAPE
19:43:16.770 [FXGL Background Thread 3 ] DEBUG Engine               - mouseSensitivity: 0.2
19:43:16.770 [FXGL Background Thread 3 ] DEBUG Engine               - notificationViewClass: class com.almasb.fxgl.notification.view.XboxNotificationView
19:43:16.770 [FXGL Background Thread 3 ] DEBUG Engine               - pixelsPerMeter: 50.0
19:43:16.770 [FXGL Background Thread 3 ] DEBUG Engine               - platform: WINDOWS
19:43:16.770 [FXGL Background Thread 3 ] DEBUG Engine               - prefHeightProperty: ReadOnlyDoubleProperty [value: 720.0]
19:43:16.770 [FXGL Background Thread 3 ] DEBUG Engine               - prefWidthProperty: ReadOnlyDoubleProperty [value: 1280.0]
19:43:16.770 [FXGL Background Thread 3 ] DEBUG Engine               - profileDir: profiles/
19:43:16.770 [FXGL Background Thread 3 ] DEBUG Engine               - profileName: StringProperty [value: DEFAULT]
19:43:16.770 [FXGL Background Thread 3 ] DEBUG Engine               - randomSeed: -1
19:43:16.770 [FXGL Background Thread 3 ] DEBUG Engine               - runtimeInfo: RuntimeInfo(platform=WINDOWS, version=21+dev-SNAPSHOT, build=26.03.2024 19.46)
19:43:16.770 [FXGL Background Thread 3 ] DEBUG Engine               - saveFileExt: sav
19:43:16.770 [FXGL Background Thread 3 ] DEBUG Engine               - scaledHeightProp$fxgl: DoubleProperty [bound, value: 720.0]
19:43:16.770 [FXGL Background Thread 3 ] DEBUG Engine               - scaledWidthProp$fxgl: DoubleProperty [bound, value: 1280.0]
19:43:16.770 [FXGL Background Thread 3 ] DEBUG Engine               - sceneFactory: org.example.core.GameApp$1@753da59f
19:43:16.770 [FXGL Background Thread 3 ] DEBUG Engine               - secondsIn24h: 60
19:43:16.770 [FXGL Background Thread 3 ] DEBUG Engine               - soundMenuBack: menu/back.wav
19:43:16.770 [FXGL Background Thread 3 ] DEBUG Engine               - soundMenuPress: menu/press.wav
19:43:16.770 [FXGL Background Thread 3 ] DEBUG Engine               - soundMenuSelect: menu/select.wav
19:43:16.770 [FXGL Background Thread 3 ] DEBUG Engine               - soundNotification: core/notification.wav
19:43:16.771 [FXGL Background Thread 3 ] DEBUG Engine               - stageStyle: DECORATED
19:43:16.771 [FXGL Background Thread 3 ] DEBUG Engine               - supportedLanguages: [ENGLISH, FRENCH, GERMAN, HUNGARIAN, RUSSIAN]
19:43:16.771 [FXGL Background Thread 3 ] DEBUG Engine               - ticksPerSecond: -1
19:43:16.771 [FXGL Background Thread 3 ] DEBUG Engine               - title: Prototype Game
19:43:16.771 [FXGL Background Thread 3 ] DEBUG Engine               - urlGithub: https://github.com/AlmasB/FXGL
19:43:16.771 [FXGL Background Thread 3 ] DEBUG Engine               - urlLeaderboard: http://fxgl-top.herokuapp.com/
19:43:16.771 [FXGL Background Thread 3 ] DEBUG Engine               - urlPOM: https://raw.githubusercontent.com/AlmasB/FXGL/release/README.md
19:43:16.771 [FXGL Background Thread 3 ] DEBUG Engine               - userAppClass: class org.example.core.GameApp
19:43:16.771 [FXGL Background Thread 3 ] DEBUG Engine               - version: 0.1.5
19:43:16.771 [FXGL Background Thread 3 ] DEBUG Engine               - versionCheckDays: 7
19:43:16.771 [FXGL Background Thread 3 ] DEBUG Engine               - width: 1280
19:43:16.771 [FXGL Background Thread 3 ] DEBUG Engine               - Logging services
19:43:16.771 [FXGL Background Thread 3 ] DEBUG Engine               - class com.almasb.fxgl.app.services.FXGLAssetLoaderService
19:43:16.771 [FXGL Background Thread 3 ] DEBUG Engine               - class com.almasb.fxgl.app.FXGLApplication$GameApplicationService
19:43:16.771 [FXGL Background Thread 3 ] DEBUG Engine               - class com.almasb.fxgl.app.services.FXGLDialogService
19:43:16.771 [FXGL Background Thread 3 ] DEBUG Engine               - class com.almasb.fxgl.app.services.IOTaskExecutorService
19:43:16.771 [FXGL Background Thread 3 ] DEBUG Engine               - class com.almasb.fxgl.io.FileSystemService
19:43:16.771 [FXGL Background Thread 3 ] DEBUG Engine               - class com.almasb.fxgl.localization.LocalizationService
19:43:16.771 [FXGL Background Thread 3 ] DEBUG Engine               - class com.almasb.fxgl.app.services.SystemBundleService
19:43:16.771 [FXGL Background Thread 3 ] DEBUG Engine               - class com.almasb.fxgl.profile.SaveLoadService
19:43:16.771 [FXGL Background Thread 3 ] DEBUG Engine               - class com.almasb.fxgl.ui.FXGLUIFactoryServiceProvider
19:43:16.771 [FXGL Background Thread 3 ] DEBUG Engine               - class com.almasb.fxgl.ui.FXGLDialogFactoryServiceProvider
19:43:16.771 [FXGL Background Thread 3 ] DEBUG Engine               - class com.almasb.fxgl.audio.AudioPlayer
19:43:16.771 [FXGL Background Thread 3 ] DEBUG Engine               - class com.almasb.fxgl.notification.impl.NotificationServiceProvider
19:43:16.771 [FXGL Background Thread 3 ] DEBUG Engine               - class com.almasb.fxgl.achievement.AchievementService
19:43:16.771 [FXGL Background Thread 3 ] DEBUG Engine               - class com.almasb.fxgl.cutscene.CutsceneService
19:43:16.771 [FXGL Background Thread 3 ] DEBUG Engine               - class com.almasb.fxgl.minigames.MiniGameService
19:43:16.771 [FXGL Background Thread 3 ] DEBUG Engine               - class com.almasb.fxgl.net.NetService
19:43:16.771 [FXGL Background Thread 3 ] DEBUG Engine               - class com.almasb.fxgl.app.services.UpdaterService
19:43:16.771 [FXGL Background Thread 3 ] DEBUG Engine               - class com.almasb.fxgl.dev.DevService
19:43:17.857 [JavaFX Application Thread] DEBUG GameWorld            - Game world initialized
19:43:17.857 [JavaFX Application Thread] DEBUG PhysicsWorld         - Physics world initialized: appHeight=720, physics.ppm=50.0
19:43:17.857 [JavaFX Application Thread] DEBUG PhysicsWorld         - Using strategy: BRUTE_FORCE
19:43:17.859 [JavaFX Application Thread] DEBUG GameScene            - Game scene initialized: 1280x720
19:43:17.877 [JavaFX Application Thread] DEBUG PrimaryStageWindow   - Push state: MainMenuScene
19:43:17.881 [JavaFX Application Thread] DEBUG Input                - Clearing active input actions
19:43:17.883 [JavaFX Application Thread] DEBUG GameApplicationServi - Removing overlay from LoginScene and adding to MainMenuScene
19:43:17.883 [JavaFX Application Thread] DEBUG PrimaryStageWindow   - LoginScene -> MainMenuScene
19:43:17.883 [JavaFX Application Thread] DEBUG GameWorld            - Game world initialized
19:43:17.884 [JavaFX Application Thread] DEBUG PhysicsWorld         - Physics world initialized: appHeight=720, physics.ppm=50.0
19:43:17.884 [JavaFX Application Thread] DEBUG PhysicsWorld         - Using strategy: BRUTE_FORCE
19:43:17.885 [JavaFX Application Thread] DEBUG GameScene            - Game scene initialized: 1280x720
19:43:17.894 [JavaFX Application Thread] DEBUG PrimaryStageWindow   - Push state: MainMenuScene
19:43:17.902 [JavaFX Application Thread] DEBUG Input                - Clearing active input actions
19:43:17.903 [JavaFX Application Thread] DEBUG GameApplicationServi - Removing overlay from MainMenuScene and adding to MainMenuScene
19:43:17.903 [JavaFX Application Thread] DEBUG PrimaryStageWindow   - MainMenuScene -> MainMenuScene
19:43:19.010 [JavaFX Application Thread] DEBUG GameApplicationServi - Starting new game
19:43:19.010 [JavaFX Application Thread] DEBUG PrimaryStageWindow   - Pop state: MainMenuScene
19:43:19.010 [JavaFX Application Thread] DEBUG Input                - Clearing active input actions
19:43:19.011 [JavaFX Application Thread] DEBUG GameApplicationServi - Removing overlay from MainMenuScene and adding to MainMenuScene
19:43:19.011 [JavaFX Application Thread] DEBUG PrimaryStageWindow   - MainMenuScene <- MainMenuScene
19:43:19.011 [JavaFX Application Thread] DEBUG PrimaryStageWindow   - Pop state: MainMenuScene
19:43:19.011 [JavaFX Application Thread] DEBUG Input                - Clearing active input actions
19:43:19.011 [JavaFX Application Thread] DEBUG GameApplicationServi - Removing overlay from MainMenuScene and adding to LoginScene
19:43:19.011 [JavaFX Application Thread] DEBUG PrimaryStageWindow   - LoginScene <- MainMenuScene
19:43:19.047 [JavaFX Application Thread] DEBUG PrimaryStageWindow   - Pop state: LoginScene
19:43:19.047 [JavaFX Application Thread] DEBUG Input                - Clearing active input actions
19:43:19.049 [JavaFX Application Thread] DEBUG GameApplicationServi - Removing overlay from LoginScene and adding to FXGLMainMenuDummyScene
19:43:19.049 [JavaFX Application Thread] DEBUG PrimaryStageWindow   - FXGLMainMenuDummyScene <- LoginScene
19:43:19.049 [JavaFX Application Thread] DEBUG Input                - Clearing active input actions
19:43:19.059 [JavaFX Application Thread] DEBUG GameApplicationServi - Removing overlay from FXGLMainMenuDummyScene and adding to FXGLLoadingScene
19:43:19.059 [JavaFX Application Thread] DEBUG PrimaryStageWindow   - FXGLMainMenuDummyScene -> FXGLLoadingScene
19:43:19.059 [JavaFX Application Thread] DEBUG GameApplicationServi - Clearing previous game
19:43:19.059 [JavaFX Application Thread] DEBUG GameScene            - Clearing game scene
19:43:19.059 [JavaFX Application Thread] DEBUG GameWorld            - Clearing game world
19:43:19.059 [JavaFX Application Thread] DEBUG PhysicsWorld         - Clearing physics world
19:43:19.061 [FXGL Background Thread 2 ] DEBUG FXGLApplication      - Initializing game
19:43:19.073 [FXGL Background Thread 2 ] DEBUG FXGLAssetLoaderServi - Loading from file system: file:/F:/my%20files/School/2nd%20year%202nd%20sem/TheOnlyException/Test/target/classes/assets/textures/worlda.png
19:43:19.139 [FXGL Background Thread 2 ] DEBUG FXGLAssetLoaderServi - Loading from file system: file:/F:/my%20files/School/2nd%20year%202nd%20sem/TheOnlyException/Test/target/classes/assets/textures/player-scaled.png
19:43:19.181 [FXGL Background Thread 2 ] INFO  FXGLApplication      - Game initialization took: 0.121 sec
19:43:19.184 [JavaFX Application Thread] DEBUG Input                - Clearing active input actions
19:43:19.192 [JavaFX Application Thread] DEBUG GameApplicationServi - Removing overlay from FXGLLoadingScene and adding to GameScene
19:43:19.192 [JavaFX Application Thread] DEBUG PrimaryStageWindow   - FXGLLoadingScene -> GameScene
19:43:19.586 [JavaFX Application Thread] DEBUG FXGLAssetLoaderServi - Loading from file system: file:/F:/my%20files/School/2nd%20year%202nd%20sem/TheOnlyException/Test/target/classes/assets/textures/MaggotWalk-scaled.png
19:43:19.592 [JavaFX Application Thread] DEBUG FXGLAssetLoaderServi - Loading from file system: file:/F:/my%20files/School/2nd%20year%202nd%20sem/TheOnlyException/Test/target/classes/assets/textures/BeetleMove-scaled.png
19:43:19.594 [JavaFX Application Thread] DEBUG FXGLAssetLoaderServi - Loading from file system: file:/F:/my%20files/School/2nd%20year%202nd%20sem/TheOnlyException/Test/target/classes/assets/textures/MantisMove-scaled.png
19:43:19.595 [JavaFX Application Thread] DEBUG FXGLAssetLoaderServi - Loading from file system: file:/F:/my%20files/School/2nd%20year%202nd%20sem/TheOnlyException/Test/target/classes/assets/textures/BeeMove-scaled.png
19:43:19.597 [JavaFX Application Thread] DEBUG FXGLAssetLoaderServi - Loading from file system: file:/F:/my%20files/School/2nd%20year%202nd%20sem/TheOnlyException/Test/target/classes/assets/textures/GiantFly.png
19:43:19.598 [JavaFX Application Thread] DEBUG FXGLAssetLoaderServi - Loading from file system: file:/F:/my%20files/School/2nd%20year%202nd%20sem/TheOnlyException/Test/target/classes/assets/textures/DragonFly.png
19:43:24.098 [JavaFX Application Thread] DEBUG FXGLAssetLoaderServi - Loading from file system: file:/F:/my%20files/School/2nd%20year%202nd%20sem/TheOnlyException/Test/target/classes/assets/textures/realtimedefense.png
19:43:24.117 [JavaFX Application Thread] DEBUG FXGLAssetLoaderServi - Loading from file system: file:/F:/my%20files/School/2nd%20year%202nd%20sem/TheOnlyException/Test/target/classes/assets/textures/datawipe.png
19:43:24.132 [JavaFX Application Thread] DEBUG FXGLAssetLoaderServi - Loading from file system: file:/F:/my%20files/School/2nd%20year%202nd%20sem/TheOnlyException/Test/target/classes/assets/textures/shortcircuit.png
19:43:24.152 [JavaFX Application Thread] DEBUG FXGLAssetLoaderServi - Loading from file system: file:/F:/my%20files/School/2nd%20year%202nd%20sem/TheOnlyException/Test/target/classes/assets/textures/firewallshield.png
19:43:24.169 [JavaFX Application Thread] DEBUG PrimaryStageWindow   - Push state: DialogSubScene
19:43:24.169 [JavaFX Application Thread] DEBUG Input                - Clearing active input actions
19:43:24.170 [JavaFX Application Thread] DEBUG GameApplicationServi - Removing overlay from GameScene and adding to DialogSubScene
19:43:24.170 [JavaFX Application Thread] DEBUG PrimaryStageWindow   - GameScene -> DialogSubScene
19:43:31.679 [JavaFX Application Thread] DEBUG PrimaryStageWindow   - Pop state: DialogSubScene
19:43:31.679 [JavaFX Application Thread] DEBUG Input                - Clearing active input actions
19:43:31.679 [JavaFX Application Thread] DEBUG GameApplicationServi - Removing overlay from DialogSubScene and adding to GameScene
19:43:31.679 [JavaFX Application Thread] DEBUG PrimaryStageWindow   - GameScene <- DialogSubScene
19:43:31.680 [JavaFX Application Thread] DEBUG FXGLAssetLoaderServi - Loading from file system: file:/F:/my%20files/School/2nd%20year%202nd%20sem/TheOnlyException/Test/target/classes/assets/textures/realtimedefenseaura.png
19:43:42.994 [JavaFX Application Thread] DEBUG FXGLAssetLoaderServi - Loading from file system: file:/F:/my%20files/School/2nd%20year%202nd%20sem/TheOnlyException/Test/target/classes/assets/textures/systemrestore.png
19:43:43.009 [JavaFX Application Thread] DEBUG PrimaryStageWindow   - Push state: DialogSubScene
19:43:43.009 [JavaFX Application Thread] DEBUG Input                - Clearing active input actions
19:43:43.010 [JavaFX Application Thread] DEBUG GameApplicationServi - Removing overlay from GameScene and adding to DialogSubScene
19:43:43.010 [JavaFX Application Thread] DEBUG PrimaryStageWindow   - GameScene -> DialogSubScene
19:43:46.747 [JavaFX Application Thread] DEBUG FXGLApplication      - Exiting FXGL
19:43:46.747 [JavaFX Application Thread] DEBUG LoopRunner           - Stopping loop
19:43:46.747 [JavaFX Application Thread] DEBUG SystemBundleService  - Saving FXGL system data
19:43:46.749 [JavaFX Application Thread] DEBUG FileSystemAccess     - Writing to: F:\my files\School\2nd year 2nd sem\TheOnlyException\system\fxgl.bundle
19:43:46.812 [JavaFX Application Thread] DEBUG Async                - Shutting down background threads
19:43:46.812 [JavaFX Application Thread] DEBUG PrimaryStageWindow   - Closing main window
19:43:46.822 [JavaFX Application Thread] DEBUG Logger               - Closing Logger
