14:48:28.494 [main                     ] DEBUG Logger               - Configured Logger
14:48:28.500 [main                     ] DEBUG GameApplication      - Logging settings
Title: Prototype Game
Version: 0.1.5
Width: 1280
Height: 720
Fullscreen: false
Intro: false
Profiling: false
Single step:false
App Mode: DEVELOPER
Menu Key: ESCAPE
Stage Style: DECORATED
Scene Factory: class org.example.core.GameApp$1

14:48:28.833 [JavaFX Application Thread] DEBUG FXGLApplication      - Initializing FXGL
14:48:28.835 [JavaFX Application Thread] INFO  Engine               - FXGL-21+dev-SNAPSHOT (26.03.2024 19.46) on WINDOWS (J:24 FX:21.0.1)
14:48:28.835 [JavaFX Application Thread] DEBUG Engine               - JRE Vendor Name: Oracle Corporation
14:48:28.836 [JavaFX Application Thread] DEBUG Engine               - Running on OS: Windows 11 version 10.0
14:48:28.836 [JavaFX Application Thread] DEBUG Engine               - Architecture: amd64
14:48:28.836 [JavaFX Application Thread] INFO  Engine               - Source code and latest versions at: https://github.com/AlmasB/FXGL
14:48:28.836 [JavaFX Application Thread] INFO  Engine               -       Ask questions and discuss at: https://github.com/AlmasB/FXGL/discussions
14:48:28.836 [JavaFX Application Thread] INFO  Engine               -              Join the FXGL chat at: https://gitter.im/AlmasB/FXGL
14:48:28.933 [JavaFX Application Thread] DEBUG PrimaryStageWindow   - Creating a JavaFX scene
14:48:28.971 [JavaFX Application Thread] DEBUG PrimaryStageWindow   - Target settings size: 1280.0 x 720.0
14:48:28.971 [JavaFX Application Thread] DEBUG PrimaryStageWindow   - Scaled scene size:    1280.0 x 720.0
14:48:28.971 [JavaFX Application Thread] DEBUG PrimaryStageWindow   - Scaled ratio: (1.0, 1.0)
14:48:28.972 [JavaFX Application Thread] DEBUG PrimaryStageWindow   - Set initial scene to FXGLStartupScene
14:48:28.975 [JavaFX Application Thread] DEBUG PrimaryStageWindow   - Opening main window
14:48:29.050 [JavaFX Application Thread] DEBUG PrimaryStageWindow   - Window border size: (16.0, 39.0)
14:48:29.050 [JavaFX Application Thread] DEBUG PrimaryStageWindow   - Scaled size: 1280.0 x 720.0
14:48:29.050 [JavaFX Application Thread] DEBUG PrimaryStageWindow   - Scaled ratio: (1.0, 1.0)
14:48:29.051 [JavaFX Application Thread] DEBUG PrimaryStageWindow   - Scene size: 1280.0 x 720.0
14:48:29.051 [JavaFX Application Thread] DEBUG PrimaryStageWindow   - Stage size: 1296.0 x 759.0
14:48:29.058 [FXGL Background Thread 1 ] DEBUG Engine               - Initializing environment variables
14:48:29.111 [FXGL Background Thread 1 ] DEBUG FXGLAssetLoaderServi - User app class for loading assets: class org.example.core.GameApp
14:48:29.111 [FXGL Background Thread 1 ] DEBUG GameApplicationServi - Applying CSS: fxgl_dark.css
14:48:29.111 [FXGL Background Thread 1 ] DEBUG FXGLAssetLoaderServi - Loading from file system: jar:file:/C:/Users/primzcm/.m2/repository/com/github/almasb/fxgl/fxgl/21.1/fxgl-21.1.jar!/fxglassets/ui/css/fxgl_dark.css
14:48:29.150 [FXGL Background Thread 1 ] DEBUG GameApplicationServi - Initializing application scenes
14:48:29.177 [FXGL Background Thread 1 ] DEBUG GameWorld            - Game world initialized
14:48:29.216 [FXGL Background Thread 1 ] DEBUG PhysicsWorld         - Physics world initialized: appHeight=720, physics.ppm=50.0
14:48:29.216 [FXGL Background Thread 1 ] DEBUG PhysicsWorld         - Using strategy: BRUTE_FORCE
14:48:29.218 [FXGL Background Thread 1 ] DEBUG GameScene            - Game scene initialized: 1280x720
14:48:29.226 [FXGL Background Thread 1 ] DEBUG FXGL.DefaultMenu     - createMenuBodyGameMenu()
14:48:29.240 [FXGL Background Thread 1 ] DEBUG FXGL.DefaultMenu     - createOptionsMenu()
14:48:29.249 [FXGL Background Thread 1 ] DEBUG FXGLAssetLoaderServi - Loading from file system: jar:file:/C:/Users/primzcm/.m2/repository/com/github/almasb/fxgl/fxgl/21.1/fxgl-21.1.jar!/fxglassets/textures/particles/smoke.png
14:48:29.330 [FXGL Background Thread 1 ] DEBUG FXGLAssetLoaderServi - Loading from file system: jar:file:/C:/Users/primzcm/.m2/repository/com/github/almasb/fxgl/fxgl/21.1/fxgl-21.1.jar!/fxglassets/textures/particles/trace_horizontal.png
14:48:29.354 [FXGL Background Thread 1 ] DEBUG GameApplicationServi - Application scenes initialized
14:48:29.365 [FXGL Background Thread 1 ] DEBUG SystemBundleService  - Loading FXGL system data
14:48:29.368 [FXGL Background Thread 1 ] DEBUG FileSystemAccess     - Reading from: F:\my files\School\2nd year 2nd sem\TheOnlyException\system\fxgl.bundle
14:48:29.374 [FXGL Background Thread 1 ] DEBUG SystemBundleService  - Bundle FXGL: {}
14:48:29.374 [FXGL Background Thread 1 ] DEBUG UpdaterService       - Checking for updates
14:48:29.378 [FXGL Background Thread 4 ] DEBUG FXGLApplication      - Loading fonts
14:48:29.378 [FXGL Background Thread 4 ] DEBUG FXGLAssetLoaderServi - Loading from file system: jar:file:/C:/Users/primzcm/.m2/repository/com/github/almasb/fxgl/fxgl/21.1/fxgl-21.1.jar!/fxglassets/ui/fonts/VarelaRound-Regular.ttf
14:48:29.378 [FXGL Background Thread 1 ] DEBUG FXGLApplication      - Loading default localization
14:48:29.379 [FXGL Background Thread 1 ] DEBUG FXGLAssetLoaderServi - Loading from file system: jar:file:/C:/Users/primzcm/.m2/repository/com/github/almasb/fxgl/fxgl/21.1/fxgl-21.1.jar!/fxglassets/languages/english.lang
14:48:29.400 [FXGL Background Thread 1 ] INFO  FXGLApplication      - FXGL initialization took: 0.342 sec
14:48:29.404 [FXGL Background Thread 4 ] DEBUG FXGLAssetLoaderServi - Loading from file system: jar:file:/C:/Users/primzcm/.m2/repository/com/github/almasb/fxgl/fxgl/21.1/fxgl-21.1.jar!/fxglassets/ui/fonts/Abel-Regular.ttf
14:48:29.406 [FXGL Background Thread 4 ] DEBUG FXGLAssetLoaderServi - Loading from file system: jar:file:/C:/Users/primzcm/.m2/repository/com/github/almasb/fxgl/fxgl/21.1/fxgl-21.1.jar!/fxglassets/ui/fonts/TerminalLandMono-Regular.otf
14:48:29.408 [FXGL Background Thread 4 ] DEBUG FXGLAssetLoaderServi - Loading from file system: jar:file:/C:/Users/primzcm/.m2/repository/com/github/almasb/fxgl/fxgl/21.1/fxgl-21.1.jar!/fxglassets/ui/fonts/Courier-Prime.ttf
14:48:29.409 [JavaFX Application Thread] DEBUG Input                - Registered new binding: action0 - A
14:48:29.410 [JavaFX Application Thread] DEBUG Input                - Registered new binding: action1 - D
14:48:29.410 [JavaFX Application Thread] DEBUG Input                - Registered new binding: action2 - W
14:48:29.411 [JavaFX Application Thread] DEBUG Input                - Registered new binding: action3 - S
14:48:29.411 [JavaFX Application Thread] DEBUG FXGLAssetLoaderServi - Loading from file system: jar:file:/C:/Users/primzcm/.m2/repository/com/github/almasb/fxgl/fxgl/21.1/fxgl-21.1.jar!/fxglassets/textures/fxgl_icon.png
14:48:29.428 [JavaFX Application Thread] DEBUG FXGLAssetLoaderServi - Loading from file system: jar:file:/C:/Users/primzcm/.m2/repository/com/github/almasb/fxgl/fxgl/21.1/fxgl-21.1.jar!/fxglassets/textures/fxgl_default_cursor.png
14:48:29.431 [JavaFX Application Thread] DEBUG Input                - Registered new binding: Screenshot - CTRL+8
14:48:29.432 [JavaFX Application Thread] DEBUG Input                - Registered new binding: System info dump - CTRL+9
14:48:29.432 [JavaFX Application Thread] DEBUG Input                - Registered new binding: Restart - CTRL+R
14:48:29.433 [JavaFX Application Thread] DEBUG Input                - Registered new binding: Toggle Debug Camera - CTRL+7
14:48:29.436 [JavaFX Application Thread] DEBUG LoopRunner           - Starting loop
14:48:29.436 [JavaFX Application Thread] DEBUG LoopRunner           - Initializing JavaFX AnimationTimerLoop
14:48:29.438 [JavaFX Application Thread] DEBUG Input                - Clearing active input actions
14:48:29.444 [JavaFX Application Thread] DEBUG GameApplicationServi - Removing overlay from FXGLStartupScene and adding to FXGLMainMenuDummyScene
14:48:29.444 [JavaFX Application Thread] DEBUG PrimaryStageWindow   - FXGLStartupScene -> FXGLMainMenuDummyScene
14:48:29.444 [JavaFX Application Thread] DEBUG PrimaryStageWindow   - Push state: NameInputScene
14:48:29.621 [JavaFX Application Thread] DEBUG Input                - Clearing active input actions
14:48:29.627 [JavaFX Application Thread] DEBUG GameApplicationServi - Removing overlay from FXGLMainMenuDummyScene and adding to NameInputScene
14:48:29.627 [JavaFX Application Thread] DEBUG PrimaryStageWindow   - FXGLMainMenuDummyScene -> NameInputScene
14:48:29.629 [JavaFX Application Thread] DEBUG FXGLApplication      - Registering font factories with UI factory
14:48:29.831 [FXGL Background Thread 2 ] INFO  UpdaterService       - Your current version:  21+dev-SNAPSHOT
14:48:29.832 [FXGL Background Thread 2 ] INFO  UpdaterService       - Latest stable version: 21.1
14:48:32.273 [JavaFX Application Thread] DEBUG GameWorld            - Game world initialized
14:48:32.273 [JavaFX Application Thread] DEBUG PhysicsWorld         - Physics world initialized: appHeight=720, physics.ppm=50.0
14:48:32.273 [JavaFX Application Thread] DEBUG PhysicsWorld         - Using strategy: BRUTE_FORCE
14:48:32.274 [JavaFX Application Thread] DEBUG GameScene            - Game scene initialized: 1280x720
14:48:32.286 [JavaFX Application Thread] DEBUG PrimaryStageWindow   - Push state: MainMenuScene
14:48:32.288 [JavaFX Application Thread] DEBUG Input                - Clearing active input actions
14:48:32.291 [JavaFX Application Thread] DEBUG GameApplicationServi - Removing overlay from NameInputScene and adding to MainMenuScene
14:48:32.291 [JavaFX Application Thread] DEBUG PrimaryStageWindow   - NameInputScene -> MainMenuScene
14:48:32.377 [FXGL Background Thread 3 ] DEBUG Engine               - Logging environment variables
14:48:32.377 [FXGL Background Thread 3 ] DEBUG Engine               - achievements: []
14:48:32.378 [FXGL Background Thread 3 ] DEBUG Engine               - actualHeight: 720.0
14:48:32.378 [FXGL Background Thread 3 ] DEBUG Engine               - actualHeightProperty: ReadOnlyDoubleProperty [value: 720.0]
14:48:32.378 [FXGL Background Thread 3 ] DEBUG Engine               - actualWidth: 1280.0
14:48:32.378 [FXGL Background Thread 3 ] DEBUG Engine               - actualWidthProperty: ReadOnlyDoubleProperty [value: 1280.0]
14:48:32.378 [FXGL Background Thread 3 ] DEBUG Engine               - appIcon: fxgl_icon.png
14:48:32.378 [FXGL Background Thread 3 ] DEBUG Engine               - applicationMode: DEVELOPER
14:48:32.378 [FXGL Background Thread 3 ] DEBUG Engine               - cSSList: [fxgl_dark.css]
14:48:32.378 [FXGL Background Thread 3 ] DEBUG Engine               - collisionDetectionStrategy: BRUTE_FORCE
14:48:32.378 [FXGL Background Thread 3 ] DEBUG Engine               - configClass: Optional.empty
14:48:32.378 [FXGL Background Thread 3 ] DEBUG Engine               - credits: []
14:48:32.378 [FXGL Background Thread 3 ] DEBUG Engine               - defaultCursor: CursorInfo(imageName=fxgl_default_cursor.png, hotspotX=7.0, hotspotY=6.0)
14:48:32.378 [FXGL Background Thread 3 ] DEBUG Engine               - devBBoxColorProperty: ObjectProperty [value: 0xff0000ff]
14:48:32.380 [FXGL Background Thread 3 ] DEBUG Engine               - devEnableDebugCameraProperty: BooleanProperty [value: false]
14:48:32.380 [FXGL Background Thread 3 ] DEBUG Engine               - devSensorColorProperty: ObjectProperty [value: 0xffff00ff]
14:48:32.380 [FXGL Background Thread 3 ] DEBUG Engine               - devShowBBoxProperty: BooleanProperty [value: false]
14:48:32.380 [FXGL Background Thread 3 ] DEBUG Engine               - devShowPositionProperty: BooleanProperty [value: false]
14:48:32.380 [FXGL Background Thread 3 ] DEBUG Engine               - enabledMenuItems: []
14:48:32.380 [FXGL Background Thread 3 ] DEBUG Engine               - engineServices: [class com.almasb.fxgl.app.services.FXGLAssetLoaderService, class com.almasb.fxgl.app.FXGLApplication$GameApplicationService, class com.almasb.fxgl.app.services.FXGLDialogService, class com.almasb.fxgl.app.services.IOTaskExecutorService, class com.almasb.fxgl.io.FileSystemService, class com.almasb.fxgl.localization.LocalizationService, class com.almasb.fxgl.app.services.SystemBundleService, class com.almasb.fxgl.profile.SaveLoadService, class com.almasb.fxgl.ui.FXGLUIFactoryServiceProvider, class com.almasb.fxgl.ui.FXGLDialogFactoryServiceProvider, class com.almasb.fxgl.audio.AudioPlayer, class com.almasb.fxgl.notification.impl.NotificationServiceProvider, class com.almasb.fxgl.achievement.AchievementService, class com.almasb.fxgl.cutscene.CutsceneService, class com.almasb.fxgl.minigames.MiniGameService, class com.almasb.fxgl.net.NetService, class com.almasb.fxgl.app.services.UpdaterService, class com.almasb.fxgl.dev.DevService]
14:48:32.380 [FXGL Background Thread 3 ] DEBUG Engine               - fontGame: Abel-Regular.ttf
14:48:32.380 [FXGL Background Thread 3 ] DEBUG Engine               - fontMono: TerminalLandMono-Regular.otf
14:48:32.380 [FXGL Background Thread 3 ] DEBUG Engine               - fontSizeScaleUI: 1.0
14:48:32.380 [FXGL Background Thread 3 ] DEBUG Engine               - fontText: Courier-Prime.ttf
14:48:32.380 [FXGL Background Thread 3 ] DEBUG Engine               - fontUI: VarelaRound-Regular.ttf
14:48:32.380 [FXGL Background Thread 3 ] DEBUG Engine               - fullScreen: BooleanProperty [value: false]
14:48:32.380 [FXGL Background Thread 3 ] DEBUG Engine               - gameDifficulty: MEDIUM
14:48:32.381 [FXGL Background Thread 3 ] DEBUG Engine               - gameDifficultyProperty: ObjectProperty [value: MEDIUM]
14:48:32.381 [FXGL Background Thread 3 ] DEBUG Engine               - globalMusicVolume: 0.5
14:48:32.381 [FXGL Background Thread 3 ] DEBUG Engine               - globalMusicVolumeProperty: DoubleProperty [value: 0.5]
14:48:32.381 [FXGL Background Thread 3 ] DEBUG Engine               - globalSoundVolume: 0.5
14:48:32.381 [FXGL Background Thread 3 ] DEBUG Engine               - globalSoundVolumeProperty: DoubleProperty [value: 0.5]
14:48:32.381 [FXGL Background Thread 3 ] DEBUG Engine               - height: 720
14:48:32.381 [FXGL Background Thread 3 ] DEBUG Engine               - is3D: false
14:48:32.381 [FXGL Background Thread 3 ] DEBUG Engine               - isAndroid: false
14:48:32.381 [FXGL Background Thread 3 ] DEBUG Engine               - isBrowser: false
14:48:32.381 [FXGL Background Thread 3 ] DEBUG Engine               - isClickFeedbackEnabled: false
14:48:32.381 [FXGL Background Thread 3 ] DEBUG Engine               - isCloseConfirmation: false
14:48:32.382 [FXGL Background Thread 3 ] DEBUG Engine               - isDesktop: true
14:48:32.382 [FXGL Background Thread 3 ] DEBUG Engine               - isDeveloperMenuEnabled: false
14:48:32.382 [FXGL Background Thread 3 ] DEBUG Engine               - isEmbedded: false
14:48:32.382 [FXGL Background Thread 3 ] DEBUG Engine               - isEntityPreloadEnabled: true
14:48:32.382 [FXGL Background Thread 3 ] DEBUG Engine               - isExperimentalTiledLargeMap: false
14:48:32.382 [FXGL Background Thread 3 ] DEBUG Engine               - isFileSystemWriteAllowed: true
14:48:32.382 [FXGL Background Thread 3 ] DEBUG Engine               - isFullScreenAllowed: false
14:48:32.382 [FXGL Background Thread 3 ] DEBUG Engine               - isFullScreenFromStart: false
14:48:32.382 [FXGL Background Thread 3 ] DEBUG Engine               - isGameMenuEnabled: true
14:48:32.382 [FXGL Background Thread 3 ] DEBUG Engine               - isIOS: false
14:48:32.382 [FXGL Background Thread 3 ] DEBUG Engine               - isIntroEnabled: false
14:48:32.382 [FXGL Background Thread 3 ] DEBUG Engine               - isLinux: false
14:48:32.382 [FXGL Background Thread 3 ] DEBUG Engine               - isMac: false
14:48:32.382 [FXGL Background Thread 3 ] DEBUG Engine               - isMainMenuEnabled: true
14:48:32.382 [FXGL Background Thread 3 ] DEBUG Engine               - isManualResizeEnabled: false
14:48:32.382 [FXGL Background Thread 3 ] DEBUG Engine               - isMobile: false
14:48:32.383 [FXGL Background Thread 3 ] DEBUG Engine               - isNative: false
14:48:32.383 [FXGL Background Thread 3 ] DEBUG Engine               - isPauseMusicWhenMinimized: true
14:48:32.383 [FXGL Background Thread 3 ] DEBUG Engine               - isPreserveResizeRatio: false
14:48:32.383 [FXGL Background Thread 3 ] DEBUG Engine               - isProfilingEnabled: false
14:48:32.383 [FXGL Background Thread 3 ] DEBUG Engine               - isScaleAffectedOnResize: true
14:48:32.383 [FXGL Background Thread 3 ] DEBUG Engine               - isSingleStep: false
14:48:32.383 [FXGL Background Thread 3 ] DEBUG Engine               - isUserProfileEnabled: false
14:48:32.383 [FXGL Background Thread 3 ] DEBUG Engine               - isWindows: true
14:48:32.383 [FXGL Background Thread 3 ] DEBUG Engine               - language: ObjectProperty [value: ENGLISH]
14:48:32.383 [FXGL Background Thread 3 ] DEBUG Engine               - menuKey: ESCAPE
14:48:32.383 [FXGL Background Thread 3 ] DEBUG Engine               - mouseSensitivity: 0.2
14:48:32.383 [FXGL Background Thread 3 ] DEBUG Engine               - notificationViewClass: class com.almasb.fxgl.notification.view.XboxNotificationView
14:48:32.383 [FXGL Background Thread 3 ] DEBUG Engine               - pixelsPerMeter: 50.0
14:48:32.383 [FXGL Background Thread 3 ] DEBUG Engine               - platform: WINDOWS
14:48:32.383 [FXGL Background Thread 3 ] DEBUG Engine               - prefHeightProperty: ReadOnlyDoubleProperty [value: 720.0]
14:48:32.383 [FXGL Background Thread 3 ] DEBUG Engine               - prefWidthProperty: ReadOnlyDoubleProperty [value: 1280.0]
14:48:32.383 [FXGL Background Thread 3 ] DEBUG Engine               - profileDir: profiles/
14:48:32.383 [FXGL Background Thread 3 ] DEBUG Engine               - profileName: StringProperty [value: DEFAULT]
14:48:32.383 [FXGL Background Thread 3 ] DEBUG Engine               - randomSeed: -1
14:48:32.384 [FXGL Background Thread 3 ] DEBUG Engine               - runtimeInfo: RuntimeInfo(platform=WINDOWS, version=21+dev-SNAPSHOT, build=26.03.2024 19.46)
14:48:32.384 [FXGL Background Thread 3 ] DEBUG Engine               - saveFileExt: sav
14:48:32.384 [FXGL Background Thread 3 ] DEBUG Engine               - scaledHeightProp$fxgl: DoubleProperty [bound, value: 720.0]
14:48:32.384 [FXGL Background Thread 3 ] DEBUG Engine               - scaledWidthProp$fxgl: DoubleProperty [bound, value: 1280.0]
14:48:32.384 [FXGL Background Thread 3 ] DEBUG Engine               - sceneFactory: org.example.core.GameApp$1@5a26e930
14:48:32.384 [FXGL Background Thread 3 ] DEBUG Engine               - secondsIn24h: 60
14:48:32.384 [FXGL Background Thread 3 ] DEBUG Engine               - soundMenuBack: menu/back.wav
14:48:32.384 [FXGL Background Thread 3 ] DEBUG Engine               - soundMenuPress: menu/press.wav
14:48:32.384 [FXGL Background Thread 3 ] DEBUG Engine               - soundMenuSelect: menu/select.wav
14:48:32.384 [FXGL Background Thread 3 ] DEBUG Engine               - soundNotification: core/notification.wav
14:48:32.384 [FXGL Background Thread 3 ] DEBUG Engine               - stageStyle: DECORATED
14:48:32.384 [FXGL Background Thread 3 ] DEBUG Engine               - supportedLanguages: [ENGLISH, FRENCH, GERMAN, HUNGARIAN, RUSSIAN]
14:48:32.384 [FXGL Background Thread 3 ] DEBUG Engine               - ticksPerSecond: -1
14:48:32.384 [FXGL Background Thread 3 ] DEBUG Engine               - title: Prototype Game
14:48:32.384 [FXGL Background Thread 3 ] DEBUG Engine               - urlGithub: https://github.com/AlmasB/FXGL
14:48:32.384 [FXGL Background Thread 3 ] DEBUG Engine               - urlLeaderboard: http://fxgl-top.herokuapp.com/
14:48:32.384 [FXGL Background Thread 3 ] DEBUG Engine               - urlPOM: https://raw.githubusercontent.com/AlmasB/FXGL/release/README.md
14:48:32.384 [FXGL Background Thread 3 ] DEBUG Engine               - userAppClass: class org.example.core.GameApp
14:48:32.384 [FXGL Background Thread 3 ] DEBUG Engine               - version: 0.1.5
14:48:32.384 [FXGL Background Thread 3 ] DEBUG Engine               - versionCheckDays: 7
14:48:32.384 [FXGL Background Thread 3 ] DEBUG Engine               - width: 1280
14:48:32.384 [FXGL Background Thread 3 ] DEBUG Engine               - Logging services
14:48:32.384 [FXGL Background Thread 3 ] DEBUG Engine               - class com.almasb.fxgl.app.services.FXGLAssetLoaderService
14:48:32.384 [FXGL Background Thread 3 ] DEBUG Engine               - class com.almasb.fxgl.app.FXGLApplication$GameApplicationService
14:48:32.384 [FXGL Background Thread 3 ] DEBUG Engine               - class com.almasb.fxgl.app.services.FXGLDialogService
14:48:32.384 [FXGL Background Thread 3 ] DEBUG Engine               - class com.almasb.fxgl.app.services.IOTaskExecutorService
14:48:32.384 [FXGL Background Thread 3 ] DEBUG Engine               - class com.almasb.fxgl.io.FileSystemService
14:48:32.385 [FXGL Background Thread 3 ] DEBUG Engine               - class com.almasb.fxgl.localization.LocalizationService
14:48:32.385 [FXGL Background Thread 3 ] DEBUG Engine               - class com.almasb.fxgl.app.services.SystemBundleService
14:48:32.385 [FXGL Background Thread 3 ] DEBUG Engine               - class com.almasb.fxgl.profile.SaveLoadService
14:48:32.385 [FXGL Background Thread 3 ] DEBUG Engine               - class com.almasb.fxgl.ui.FXGLUIFactoryServiceProvider
14:48:32.385 [FXGL Background Thread 3 ] DEBUG Engine               - class com.almasb.fxgl.ui.FXGLDialogFactoryServiceProvider
14:48:32.385 [FXGL Background Thread 3 ] DEBUG Engine               - class com.almasb.fxgl.audio.AudioPlayer
14:48:32.385 [FXGL Background Thread 3 ] DEBUG Engine               - class com.almasb.fxgl.notification.impl.NotificationServiceProvider
14:48:32.385 [FXGL Background Thread 3 ] DEBUG Engine               - class com.almasb.fxgl.achievement.AchievementService
14:48:32.385 [FXGL Background Thread 3 ] DEBUG Engine               - class com.almasb.fxgl.cutscene.CutsceneService
14:48:32.385 [FXGL Background Thread 3 ] DEBUG Engine               - class com.almasb.fxgl.minigames.MiniGameService
14:48:32.385 [FXGL Background Thread 3 ] DEBUG Engine               - class com.almasb.fxgl.net.NetService
14:48:32.385 [FXGL Background Thread 3 ] DEBUG Engine               - class com.almasb.fxgl.app.services.UpdaterService
14:48:32.385 [FXGL Background Thread 3 ] DEBUG Engine               - class com.almasb.fxgl.dev.DevService
14:48:33.346 [JavaFX Application Thread] DEBUG GameApplicationServi - Starting new game
14:48:33.347 [JavaFX Application Thread] DEBUG PrimaryStageWindow   - Pop state: MainMenuScene
14:48:33.347 [JavaFX Application Thread] DEBUG Input                - Clearing active input actions
14:48:33.347 [JavaFX Application Thread] DEBUG GameApplicationServi - Removing overlay from MainMenuScene and adding to NameInputScene
14:48:33.348 [JavaFX Application Thread] DEBUG PrimaryStageWindow   - NameInputScene <- MainMenuScene
14:48:33.348 [JavaFX Application Thread] DEBUG PrimaryStageWindow   - Pop state: NameInputScene
14:48:33.348 [JavaFX Application Thread] DEBUG Input                - Clearing active input actions
14:48:33.348 [JavaFX Application Thread] DEBUG GameApplicationServi - Removing overlay from NameInputScene and adding to FXGLMainMenuDummyScene
14:48:33.348 [JavaFX Application Thread] DEBUG PrimaryStageWindow   - FXGLMainMenuDummyScene <- NameInputScene
14:48:33.348 [JavaFX Application Thread] DEBUG Input                - Clearing active input actions
14:48:33.354 [JavaFX Application Thread] DEBUG GameApplicationServi - Removing overlay from FXGLMainMenuDummyScene and adding to FXGLLoadingScene
14:48:33.354 [JavaFX Application Thread] DEBUG PrimaryStageWindow   - FXGLMainMenuDummyScene -> FXGLLoadingScene
14:48:33.354 [JavaFX Application Thread] DEBUG GameApplicationServi - Clearing previous game
14:48:33.354 [JavaFX Application Thread] DEBUG GameScene            - Clearing game scene
14:48:33.354 [JavaFX Application Thread] DEBUG GameWorld            - Clearing game world
14:48:33.354 [JavaFX Application Thread] DEBUG PhysicsWorld         - Clearing physics world
14:48:33.356 [FXGL Background Thread 2 ] DEBUG FXGLApplication      - Initializing game
14:48:33.373 [FXGL Background Thread 2 ] DEBUG FXGLAssetLoaderServi - Loading from file system: file:/F:/my%20files/School/2nd%20year%202nd%20sem/TheOnlyException/Test/target/classes/assets/textures/dasd.png
14:48:33.393 [FXGL Background Thread 2 ] DEBUG FXGLAssetLoaderServi - Loading from file system: file:/F:/my%20files/School/2nd%20year%202nd%20sem/TheOnlyException/Test/target/classes/assets/textures/player-scaled.png
14:48:33.457 [FXGL Background Thread 2 ] INFO  FXGLApplication      - Game initialization took: 0.101 sec
14:48:33.460 [JavaFX Application Thread] DEBUG Input                - Clearing active input actions
14:48:33.465 [JavaFX Application Thread] DEBUG GameApplicationServi - Removing overlay from FXGLLoadingScene and adding to GameScene
14:48:33.465 [JavaFX Application Thread] DEBUG PrimaryStageWindow   - FXGLLoadingScene -> GameScene
14:48:33.985 [JavaFX Application Thread] DEBUG FXGLAssetLoaderServi - Loading from file system: file:/F:/my%20files/School/2nd%20year%202nd%20sem/TheOnlyException/Test/target/classes/assets/textures/MaggotWalk-scaled.png
14:48:34.433 [JavaFX Application Thread] DEBUG FXGLAssetLoaderServi - Loading from file system: file:/F:/my%20files/School/2nd%20year%202nd%20sem/TheOnlyException/Test/target/classes/assets/textures/BeetleMove-scaled.png
14:48:34.436 [JavaFX Application Thread] DEBUG FXGLAssetLoaderServi - Loading from file system: file:/F:/my%20files/School/2nd%20year%202nd%20sem/TheOnlyException/Test/target/classes/assets/textures/DragonFly.png
14:48:34.654 [JavaFX Application Thread] DEBUG FXGLAssetLoaderServi - Loading from file system: file:/F:/my%20files/School/2nd%20year%202nd%20sem/TheOnlyException/Test/target/classes/assets/textures/BeeMove-scaled.png
14:48:34.878 [JavaFX Application Thread] DEBUG FXGLAssetLoaderServi - Loading from file system: file:/F:/my%20files/School/2nd%20year%202nd%20sem/TheOnlyException/Test/target/classes/assets/textures/MantisMove-scaled.png
14:48:36.930 [JavaFX Application Thread] DEBUG FXGLAssetLoaderServi - Loading from file system: file:/F:/my%20files/School/2nd%20year%202nd%20sem/TheOnlyException/Test/target/classes/assets/textures/GiantFly.png
14:48:38.998 [JavaFX Application Thread] DEBUG PrimaryStageWindow   - Push state: DialogSubScene
14:48:38.998 [JavaFX Application Thread] DEBUG Input                - Clearing active input actions
14:48:39.000 [JavaFX Application Thread] DEBUG GameApplicationServi - Removing overlay from GameScene and adding to DialogSubScene
14:48:39.000 [JavaFX Application Thread] DEBUG PrimaryStageWindow   - GameScene -> DialogSubScene
14:48:40.848 [JavaFX Application Thread] DEBUG PrimaryStageWindow   - Pop state: DialogSubScene
14:48:40.848 [JavaFX Application Thread] DEBUG Input                - Clearing active input actions
14:48:40.848 [JavaFX Application Thread] DEBUG GameApplicationServi - Removing overlay from DialogSubScene and adding to GameScene
14:48:40.850 [JavaFX Application Thread] DEBUG PrimaryStageWindow   - GameScene <- DialogSubScene
14:48:43.383 [JavaFX Application Thread] DEBUG PrimaryStageWindow   - Push state: DialogSubScene
14:48:43.383 [JavaFX Application Thread] DEBUG Input                - Clearing active input actions
14:48:43.384 [JavaFX Application Thread] DEBUG GameApplicationServi - Removing overlay from GameScene and adding to DialogSubScene
14:48:43.384 [JavaFX Application Thread] DEBUG PrimaryStageWindow   - GameScene -> DialogSubScene
14:48:44.156 [JavaFX Application Thread] DEBUG PrimaryStageWindow   - Pop state: DialogSubScene
14:48:44.156 [JavaFX Application Thread] DEBUG Input                - Clearing active input actions
14:48:44.156 [JavaFX Application Thread] DEBUG GameApplicationServi - Removing overlay from DialogSubScene and adding to GameScene
14:48:44.156 [JavaFX Application Thread] DEBUG PrimaryStageWindow   - GameScene <- DialogSubScene
14:48:45.551 [JavaFX Application Thread] WARN  FXGLAssetLoaderServi - Asset "/assets/textures/green_particle.png" was not found!
14:48:45.551 [JavaFX Application Thread] WARN  FXGLAssetLoaderServi - Failed to load IMAGE
14:48:47.855 [JavaFX Application Thread] DEBUG PrimaryStageWindow   - Push state: DialogSubScene
14:48:47.855 [JavaFX Application Thread] DEBUG Input                - Clearing active input actions
14:48:47.855 [JavaFX Application Thread] DEBUG GameApplicationServi - Removing overlay from GameScene and adding to DialogSubScene
14:48:47.855 [JavaFX Application Thread] DEBUG PrimaryStageWindow   - GameScene -> DialogSubScene
14:48:48.620 [JavaFX Application Thread] DEBUG PrimaryStageWindow   - Pop state: DialogSubScene
14:48:48.620 [JavaFX Application Thread] DEBUG Input                - Clearing active input actions
14:48:48.620 [JavaFX Application Thread] DEBUG GameApplicationServi - Removing overlay from DialogSubScene and adding to GameScene
14:48:48.620 [JavaFX Application Thread] DEBUG PrimaryStageWindow   - GameScene <- DialogSubScene
14:48:51.284 [JavaFX Application Thread] WARN  FXGLAssetLoaderServi - Asset "/assets/textures/green_particle.png" was not found!
14:48:51.284 [JavaFX Application Thread] WARN  FXGLAssetLoaderServi - Failed to load IMAGE
14:48:53.765 [JavaFX Application Thread] DEBUG FXGLAssetLoaderServi - Loading from file system: file:/F:/my%20files/School/2nd%20year%202nd%20sem/TheOnlyException/Test/target/classes/assets/textures/lightning_strike.png
14:48:53.878 [JavaFX Application Thread] DEBUG PrimaryStageWindow   - Push state: DialogSubScene
14:48:53.878 [JavaFX Application Thread] DEBUG Input                - Clearing active input actions
14:48:53.878 [JavaFX Application Thread] DEBUG GameApplicationServi - Removing overlay from GameScene and adding to DialogSubScene
14:48:53.878 [JavaFX Application Thread] DEBUG PrimaryStageWindow   - GameScene -> DialogSubScene
14:48:54.548 [JavaFX Application Thread] DEBUG PrimaryStageWindow   - Pop state: DialogSubScene
14:48:54.548 [JavaFX Application Thread] DEBUG Input                - Clearing active input actions
14:48:54.548 [JavaFX Application Thread] DEBUG GameApplicationServi - Removing overlay from DialogSubScene and adding to GameScene
14:48:54.548 [JavaFX Application Thread] DEBUG PrimaryStageWindow   - GameScene <- DialogSubScene
14:48:56.898 [JavaFX Application Thread] WARN  FXGLAssetLoaderServi - Asset "/assets/textures/green_particle.png" was not found!
14:48:56.898 [JavaFX Application Thread] WARN  FXGLAssetLoaderServi - Failed to load IMAGE
14:49:01.478 [JavaFX Application Thread] WARN  FXGLAssetLoaderServi - Asset "/assets/textures/orange_particle.png" was not found!
14:49:01.478 [JavaFX Application Thread] WARN  FXGLAssetLoaderServi - Failed to load IMAGE
14:49:01.873 [JavaFX Application Thread] WARN  FXGLAssetLoaderServi - Asset "/assets/textures/green_particle.png" was not found!
14:49:01.873 [JavaFX Application Thread] WARN  FXGLAssetLoaderServi - Failed to load IMAGE
14:49:03.490 [JavaFX Application Thread] WARN  FXGLAssetLoaderServi - Asset "/assets/textures/orange_particle.png" was not found!
14:49:03.490 [JavaFX Application Thread] WARN  FXGLAssetLoaderServi - Failed to load IMAGE
14:49:05.488 [JavaFX Application Thread] WARN  FXGLAssetLoaderServi - Asset "/assets/textures/orange_particle.png" was not found!
14:49:05.488 [JavaFX Application Thread] WARN  FXGLAssetLoaderServi - Failed to load IMAGE
14:49:06.662 [JavaFX Application Thread] DEBUG LoopRunner           - Pausing loop
14:49:07.683 [JavaFX Application Thread] DEBUG LoopRunner           - Resuming loop
14:49:07.683 [JavaFX Application Thread] DEBUG GameWorld            - Game world initialized
14:49:07.684 [JavaFX Application Thread] DEBUG PhysicsWorld         - Physics world initialized: appHeight=720, physics.ppm=50.0
14:49:07.684 [JavaFX Application Thread] DEBUG PhysicsWorld         - Using strategy: BRUTE_FORCE
14:49:07.684 [JavaFX Application Thread] DEBUG GameScene            - Game scene initialized: 1280x720
14:49:07.688 [JavaFX Application Thread] DEBUG PrimaryStageWindow   - Push state: MainMenuScene
14:49:07.691 [JavaFX Application Thread] DEBUG Input                - Clearing active input actions
14:49:07.693 [JavaFX Application Thread] DEBUG GameApplicationServi - Removing overlay from GameScene and adding to MainMenuScene
14:49:07.693 [JavaFX Application Thread] DEBUG PrimaryStageWindow   - GameScene -> MainMenuScene
14:49:08.842 [JavaFX Application Thread] DEBUG GameApplicationServi - Starting new game
14:49:08.843 [JavaFX Application Thread] DEBUG PrimaryStageWindow   - Pop state: MainMenuScene
14:49:08.843 [JavaFX Application Thread] DEBUG Input                - Clearing active input actions
14:49:08.843 [JavaFX Application Thread] DEBUG GameApplicationServi - Removing overlay from MainMenuScene and adding to GameScene
14:49:08.843 [JavaFX Application Thread] DEBUG PrimaryStageWindow   - GameScene <- MainMenuScene
14:49:08.843 [JavaFX Application Thread] DEBUG Input                - Clearing active input actions
14:49:08.847 [JavaFX Application Thread] DEBUG GameApplicationServi - Removing overlay from GameScene and adding to FXGLLoadingScene
14:49:08.847 [JavaFX Application Thread] DEBUG PrimaryStageWindow   - GameScene -> FXGLLoadingScene
14:49:08.847 [JavaFX Application Thread] DEBUG GameApplicationServi - Clearing previous game
14:49:08.847 [JavaFX Application Thread] DEBUG GameScene            - Clearing game scene
14:49:08.847 [JavaFX Application Thread] DEBUG GameWorld            - Clearing game world
14:49:08.848 [JavaFX Application Thread] DEBUG PhysicsWorld         - Clearing physics world
14:49:08.848 [FXGL Background Thread 2 ] DEBUG FXGLApplication      - Initializing game
14:49:08.869 [FXGL Background Thread 2 ] INFO  FXGLApplication      - Game initialization took: 0.021 sec
14:49:08.873 [JavaFX Application Thread] DEBUG Input                - Clearing active input actions
14:49:08.876 [JavaFX Application Thread] DEBUG GameApplicationServi - Removing overlay from FXGLLoadingScene and adding to GameScene
14:49:08.877 [JavaFX Application Thread] DEBUG PrimaryStageWindow   - FXGLLoadingScene -> GameScene
14:49:10.598 [JavaFX Application Thread] DEBUG PrimaryStageWindow   - Push state: DialogSubScene
14:49:10.598 [JavaFX Application Thread] DEBUG Input                - Clearing active input actions
14:49:10.598 [JavaFX Application Thread] DEBUG GameApplicationServi - Removing overlay from GameScene and adding to DialogSubScene
14:49:10.598 [JavaFX Application Thread] DEBUG PrimaryStageWindow   - GameScene -> DialogSubScene
14:49:11.104 [JavaFX Application Thread] DEBUG PrimaryStageWindow   - Pop state: DialogSubScene
14:49:11.104 [JavaFX Application Thread] DEBUG Input                - Clearing active input actions
14:49:11.104 [JavaFX Application Thread] DEBUG GameApplicationServi - Removing overlay from DialogSubScene and adding to GameScene
14:49:11.104 [JavaFX Application Thread] DEBUG PrimaryStageWindow   - GameScene <- DialogSubScene
14:49:12.703 [JavaFX Application Thread] DEBUG PrimaryStageWindow   - Push state: DialogSubScene
14:49:12.703 [JavaFX Application Thread] DEBUG Input                - Clearing active input actions
14:49:12.703 [JavaFX Application Thread] DEBUG GameApplicationServi - Removing overlay from GameScene and adding to DialogSubScene
14:49:12.703 [JavaFX Application Thread] DEBUG PrimaryStageWindow   - GameScene -> DialogSubScene
14:49:13.354 [JavaFX Application Thread] DEBUG PrimaryStageWindow   - Pop state: DialogSubScene
14:49:13.354 [JavaFX Application Thread] DEBUG Input                - Clearing active input actions
14:49:13.355 [JavaFX Application Thread] DEBUG GameApplicationServi - Removing overlay from DialogSubScene and adding to GameScene
14:49:13.355 [JavaFX Application Thread] DEBUG PrimaryStageWindow   - GameScene <- DialogSubScene
14:49:17.571 [JavaFX Application Thread] DEBUG FXGLApplication      - Exiting FXGL
14:49:17.572 [JavaFX Application Thread] DEBUG LoopRunner           - Stopping loop
14:49:17.572 [JavaFX Application Thread] DEBUG SystemBundleService  - Saving FXGL system data
14:49:17.573 [JavaFX Application Thread] DEBUG FileSystemAccess     - Writing to: F:\my files\School\2nd year 2nd sem\TheOnlyException\system\fxgl.bundle
14:49:17.988 [JavaFX Application Thread] DEBUG Async                - Shutting down background threads
14:49:17.989 [JavaFX Application Thread] DEBUG PrimaryStageWindow   - Closing main window
14:49:18.002 [JavaFX Application Thread] DEBUG Logger               - Closing Logger
