18:41:14.056 [main                     ] DEBUG Logger               - Configured Logger
18:41:14.065 [main                     ] DEBUG GameApplication      - Logging settings
Title: Prototype Game
Version: 0.1.5
Width: 1280
Height: 720
Fullscreen: false
Intro: false
Profiling: false
Single step:false
App Mode: DEVELOPER
Menu Key: ESCAPE
Stage Style: DECORATED
Scene Factory: class org.example.core.GameApp$1

18:41:14.396 [JavaFX Application Thread] DEBUG FXGLApplication      - Initializing FXGL
18:41:14.398 [JavaFX Application Thread] INFO  Engine               - FXGL-21+dev-SNAPSHOT (26.03.2024 19.46) on WINDOWS (J:24 FX:21.0.1)
18:41:14.398 [JavaFX Application Thread] DEBUG Engine               - JRE Vendor Name: Oracle Corporation
18:41:14.398 [JavaFX Application Thread] DEBUG Engine               - Running on OS: Windows 11 version 10.0
18:41:14.398 [JavaFX Application Thread] DEBUG Engine               - Architecture: amd64
18:41:14.398 [JavaFX Application Thread] INFO  Engine               - Source code and latest versions at: https://github.com/AlmasB/FXGL
18:41:14.398 [JavaFX Application Thread] INFO  Engine               -       Ask questions and discuss at: https://github.com/AlmasB/FXGL/discussions
18:41:14.398 [JavaFX Application Thread] INFO  Engine               -              Join the FXGL chat at: https://gitter.im/AlmasB/FXGL
18:41:14.482 [JavaFX Application Thread] DEBUG PrimaryStageWindow   - Creating a JavaFX scene
18:41:14.519 [JavaFX Application Thread] DEBUG PrimaryStageWindow   - Target settings size: 1280.0 x 720.0
18:41:14.519 [JavaFX Application Thread] DEBUG PrimaryStageWindow   - Scaled scene size:    1280.0 x 720.0
18:41:14.519 [JavaFX Application Thread] DEBUG PrimaryStageWindow   - Scaled ratio: (1.0, 1.0)
18:41:14.520 [JavaFX Application Thread] DEBUG PrimaryStageWindow   - Set initial scene to FXGLStartupScene
18:41:14.523 [JavaFX Application Thread] DEBUG PrimaryStageWindow   - Opening main window
18:41:14.596 [JavaFX Application Thread] DEBUG PrimaryStageWindow   - Window border size: (16.0, 39.0)
18:41:14.596 [JavaFX Application Thread] DEBUG PrimaryStageWindow   - Scaled size: 1280.0 x 720.0
18:41:14.596 [JavaFX Application Thread] DEBUG PrimaryStageWindow   - Scaled ratio: (1.0, 1.0)
18:41:14.596 [JavaFX Application Thread] DEBUG PrimaryStageWindow   - Scene size: 1280.0 x 720.0
18:41:14.596 [JavaFX Application Thread] DEBUG PrimaryStageWindow   - Stage size: 1296.0 x 759.0
18:41:14.602 [FXGL Background Thread 1 ] DEBUG Engine               - Initializing environment variables
18:41:14.646 [FXGL Background Thread 1 ] DEBUG FXGLAssetLoaderServi - User app class for loading assets: class org.example.core.GameApp
18:41:14.646 [FXGL Background Thread 1 ] DEBUG GameApplicationServi - Applying CSS: fxgl_dark.css
18:41:14.646 [FXGL Background Thread 1 ] DEBUG FXGLAssetLoaderServi - Loading from file system: jar:file:/C:/Users/primzcm/.m2/repository/com/github/almasb/fxgl/fxgl/21.1/fxgl-21.1.jar!/fxglassets/ui/css/fxgl_dark.css
18:41:14.681 [FXGL Background Thread 1 ] DEBUG GameApplicationServi - Initializing application scenes
18:41:14.710 [FXGL Background Thread 1 ] DEBUG GameWorld            - Game world initialized
18:41:14.748 [FXGL Background Thread 1 ] DEBUG PhysicsWorld         - Physics world initialized: appHeight=720, physics.ppm=50.0
18:41:14.748 [FXGL Background Thread 1 ] DEBUG PhysicsWorld         - Using strategy: BRUTE_FORCE
18:41:14.750 [FXGL Background Thread 1 ] DEBUG GameScene            - Game scene initialized: 1280x720
18:41:14.758 [FXGL Background Thread 1 ] DEBUG FXGL.DefaultMenu     - createMenuBodyGameMenu()
18:41:14.770 [FXGL Background Thread 1 ] DEBUG FXGL.DefaultMenu     - createOptionsMenu()
18:41:14.777 [FXGL Background Thread 1 ] DEBUG FXGLAssetLoaderServi - Loading from file system: jar:file:/C:/Users/primzcm/.m2/repository/com/github/almasb/fxgl/fxgl/21.1/fxgl-21.1.jar!/fxglassets/textures/particles/smoke.png
18:41:14.847 [FXGL Background Thread 1 ] DEBUG FXGLAssetLoaderServi - Loading from file system: jar:file:/C:/Users/primzcm/.m2/repository/com/github/almasb/fxgl/fxgl/21.1/fxgl-21.1.jar!/fxglassets/textures/particles/trace_horizontal.png
18:41:14.869 [FXGL Background Thread 1 ] DEBUG GameApplicationServi - Application scenes initialized
18:41:14.878 [FXGL Background Thread 1 ] DEBUG SystemBundleService  - Loading FXGL system data
18:41:14.880 [FXGL Background Thread 1 ] DEBUG FileSystemAccess     - Reading from: F:\my files\School\2nd year 2nd sem\TheOnlyException\system\fxgl.bundle
18:41:14.886 [FXGL Background Thread 1 ] DEBUG SystemBundleService  - Bundle FXGL: {}
18:41:14.886 [FXGL Background Thread 1 ] DEBUG UpdaterService       - Checking for updates
18:41:14.888 [FXGL Background Thread 4 ] DEBUG FXGLApplication      - Loading fonts
18:41:14.889 [FXGL Background Thread 4 ] DEBUG FXGLAssetLoaderServi - Loading from file system: jar:file:/C:/Users/primzcm/.m2/repository/com/github/almasb/fxgl/fxgl/21.1/fxgl-21.1.jar!/fxglassets/ui/fonts/VarelaRound-Regular.ttf
18:41:14.889 [FXGL Background Thread 1 ] DEBUG FXGLApplication      - Loading default localization
18:41:14.889 [FXGL Background Thread 1 ] DEBUG FXGLAssetLoaderServi - Loading from file system: jar:file:/C:/Users/primzcm/.m2/repository/com/github/almasb/fxgl/fxgl/21.1/fxgl-21.1.jar!/fxglassets/languages/english.lang
18:41:14.911 [FXGL Background Thread 4 ] DEBUG FXGLAssetLoaderServi - Loading from file system: jar:file:/C:/Users/primzcm/.m2/repository/com/github/almasb/fxgl/fxgl/21.1/fxgl-21.1.jar!/fxglassets/ui/fonts/Abel-Regular.ttf
18:41:14.913 [FXGL Background Thread 4 ] DEBUG FXGLAssetLoaderServi - Loading from file system: jar:file:/C:/Users/primzcm/.m2/repository/com/github/almasb/fxgl/fxgl/21.1/fxgl-21.1.jar!/fxglassets/ui/fonts/TerminalLandMono-Regular.otf
18:41:14.916 [FXGL Background Thread 4 ] DEBUG FXGLAssetLoaderServi - Loading from file system: jar:file:/C:/Users/primzcm/.m2/repository/com/github/almasb/fxgl/fxgl/21.1/fxgl-21.1.jar!/fxglassets/ui/fonts/Courier-Prime.ttf
18:41:14.916 [FXGL Background Thread 1 ] INFO  FXGLApplication      - FXGL initialization took: 0.313 sec
18:41:14.924 [JavaFX Application Thread] DEBUG Input                - Registered new binding: action0 - A
18:41:14.924 [JavaFX Application Thread] DEBUG Input                - Registered new binding: action1 - D
18:41:14.924 [JavaFX Application Thread] DEBUG Input                - Registered new binding: action2 - W
18:41:14.925 [JavaFX Application Thread] DEBUG Input                - Registered new binding: action3 - S
18:41:14.925 [JavaFX Application Thread] DEBUG FXGLAssetLoaderServi - Loading from file system: jar:file:/C:/Users/primzcm/.m2/repository/com/github/almasb/fxgl/fxgl/21.1/fxgl-21.1.jar!/fxglassets/textures/fxgl_icon.png
18:41:14.941 [JavaFX Application Thread] DEBUG FXGLAssetLoaderServi - Loading from file system: jar:file:/C:/Users/primzcm/.m2/repository/com/github/almasb/fxgl/fxgl/21.1/fxgl-21.1.jar!/fxglassets/textures/fxgl_default_cursor.png
18:41:14.943 [JavaFX Application Thread] DEBUG Input                - Registered new binding: Screenshot - CTRL+8
18:41:14.943 [JavaFX Application Thread] DEBUG Input                - Registered new binding: System info dump - CTRL+9
18:41:14.943 [JavaFX Application Thread] DEBUG Input                - Registered new binding: Restart - CTRL+R
18:41:14.944 [JavaFX Application Thread] DEBUG Input                - Registered new binding: Toggle Debug Camera - CTRL+7
18:41:14.946 [JavaFX Application Thread] DEBUG LoopRunner           - Starting loop
18:41:14.946 [JavaFX Application Thread] DEBUG LoopRunner           - Initializing JavaFX AnimationTimerLoop
18:41:14.948 [JavaFX Application Thread] DEBUG Input                - Clearing active input actions
18:41:14.953 [JavaFX Application Thread] DEBUG GameApplicationServi - Removing overlay from FXGLStartupScene and adding to FXGLMainMenuDummyScene
18:41:14.953 [JavaFX Application Thread] DEBUG PrimaryStageWindow   - FXGLStartupScene -> FXGLMainMenuDummyScene
18:41:14.954 [JavaFX Application Thread] DEBUG PrimaryStageWindow   - Push state: NameInputScene
18:41:15.122 [JavaFX Application Thread] DEBUG Input                - Clearing active input actions
18:41:15.128 [JavaFX Application Thread] DEBUG GameApplicationServi - Removing overlay from FXGLMainMenuDummyScene and adding to NameInputScene
18:41:15.128 [JavaFX Application Thread] DEBUG PrimaryStageWindow   - FXGLMainMenuDummyScene -> NameInputScene
18:41:15.128 [JavaFX Application Thread] DEBUG FXGLApplication      - Registering font factories with UI factory
18:41:15.220 [FXGL Background Thread 2 ] INFO  UpdaterService       - Your current version:  21+dev-SNAPSHOT
18:41:15.220 [FXGL Background Thread 2 ] INFO  UpdaterService       - Latest stable version: 21.1
18:41:17.889 [FXGL Background Thread 3 ] DEBUG Engine               - Logging environment variables
18:41:17.890 [FXGL Background Thread 3 ] DEBUG Engine               - achievements: []
18:41:17.890 [FXGL Background Thread 3 ] DEBUG Engine               - actualHeight: 720.0
18:41:17.891 [FXGL Background Thread 3 ] DEBUG Engine               - actualHeightProperty: ReadOnlyDoubleProperty [value: 720.0]
18:41:17.891 [FXGL Background Thread 3 ] DEBUG Engine               - actualWidth: 1280.0
18:41:17.891 [FXGL Background Thread 3 ] DEBUG Engine               - actualWidthProperty: ReadOnlyDoubleProperty [value: 1280.0]
18:41:17.891 [FXGL Background Thread 3 ] DEBUG Engine               - appIcon: fxgl_icon.png
18:41:17.891 [FXGL Background Thread 3 ] DEBUG Engine               - applicationMode: DEVELOPER
18:41:17.891 [FXGL Background Thread 3 ] DEBUG Engine               - cSSList: [fxgl_dark.css]
18:41:17.891 [FXGL Background Thread 3 ] DEBUG Engine               - collisionDetectionStrategy: BRUTE_FORCE
18:41:17.891 [FXGL Background Thread 3 ] DEBUG Engine               - configClass: Optional.empty
18:41:17.891 [FXGL Background Thread 3 ] DEBUG Engine               - credits: []
18:41:17.892 [FXGL Background Thread 3 ] DEBUG Engine               - defaultCursor: CursorInfo(imageName=fxgl_default_cursor.png, hotspotX=7.0, hotspotY=6.0)
18:41:17.892 [FXGL Background Thread 3 ] DEBUG Engine               - devBBoxColorProperty: ObjectProperty [value: 0xff0000ff]
18:41:17.892 [FXGL Background Thread 3 ] DEBUG Engine               - devEnableDebugCameraProperty: BooleanProperty [value: false]
18:41:17.892 [FXGL Background Thread 3 ] DEBUG Engine               - devSensorColorProperty: ObjectProperty [value: 0xffff00ff]
18:41:17.892 [FXGL Background Thread 3 ] DEBUG Engine               - devShowBBoxProperty: BooleanProperty [value: false]
18:41:17.893 [FXGL Background Thread 3 ] DEBUG Engine               - devShowPositionProperty: BooleanProperty [value: false]
18:41:17.893 [FXGL Background Thread 3 ] DEBUG Engine               - enabledMenuItems: []
18:41:17.893 [FXGL Background Thread 3 ] DEBUG Engine               - engineServices: [class com.almasb.fxgl.app.services.FXGLAssetLoaderService, class com.almasb.fxgl.app.FXGLApplication$GameApplicationService, class com.almasb.fxgl.app.services.FXGLDialogService, class com.almasb.fxgl.app.services.IOTaskExecutorService, class com.almasb.fxgl.io.FileSystemService, class com.almasb.fxgl.localization.LocalizationService, class com.almasb.fxgl.app.services.SystemBundleService, class com.almasb.fxgl.profile.SaveLoadService, class com.almasb.fxgl.ui.FXGLUIFactoryServiceProvider, class com.almasb.fxgl.ui.FXGLDialogFactoryServiceProvider, class com.almasb.fxgl.audio.AudioPlayer, class com.almasb.fxgl.notification.impl.NotificationServiceProvider, class com.almasb.fxgl.achievement.AchievementService, class com.almasb.fxgl.cutscene.CutsceneService, class com.almasb.fxgl.minigames.MiniGameService, class com.almasb.fxgl.net.NetService, class com.almasb.fxgl.app.services.UpdaterService, class com.almasb.fxgl.dev.DevService]
18:41:17.893 [FXGL Background Thread 3 ] DEBUG Engine               - fontGame: Abel-Regular.ttf
18:41:17.893 [FXGL Background Thread 3 ] DEBUG Engine               - fontMono: TerminalLandMono-Regular.otf
18:41:17.893 [FXGL Background Thread 3 ] DEBUG Engine               - fontSizeScaleUI: 1.0
18:41:17.893 [FXGL Background Thread 3 ] DEBUG Engine               - fontText: Courier-Prime.ttf
18:41:17.893 [FXGL Background Thread 3 ] DEBUG Engine               - fontUI: VarelaRound-Regular.ttf
18:41:17.893 [FXGL Background Thread 3 ] DEBUG Engine               - fullScreen: BooleanProperty [value: false]
18:41:17.893 [FXGL Background Thread 3 ] DEBUG Engine               - gameDifficulty: MEDIUM
18:41:17.893 [FXGL Background Thread 3 ] DEBUG Engine               - gameDifficultyProperty: ObjectProperty [value: MEDIUM]
18:41:17.893 [FXGL Background Thread 3 ] DEBUG Engine               - globalMusicVolume: 0.5
18:41:17.893 [FXGL Background Thread 3 ] DEBUG Engine               - globalMusicVolumeProperty: DoubleProperty [value: 0.5]
18:41:17.893 [FXGL Background Thread 3 ] DEBUG Engine               - globalSoundVolume: 0.5
18:41:17.893 [FXGL Background Thread 3 ] DEBUG Engine               - globalSoundVolumeProperty: DoubleProperty [value: 0.5]
18:41:17.893 [FXGL Background Thread 3 ] DEBUG Engine               - height: 720
18:41:17.893 [FXGL Background Thread 3 ] DEBUG Engine               - is3D: false
18:41:17.893 [FXGL Background Thread 3 ] DEBUG Engine               - isAndroid: false
18:41:17.893 [FXGL Background Thread 3 ] DEBUG Engine               - isBrowser: false
18:41:17.893 [FXGL Background Thread 3 ] DEBUG Engine               - isClickFeedbackEnabled: false
18:41:17.893 [FXGL Background Thread 3 ] DEBUG Engine               - isCloseConfirmation: false
18:41:17.893 [FXGL Background Thread 3 ] DEBUG Engine               - isDesktop: true
18:41:17.893 [FXGL Background Thread 3 ] DEBUG Engine               - isDeveloperMenuEnabled: false
18:41:17.893 [FXGL Background Thread 3 ] DEBUG Engine               - isEmbedded: false
18:41:17.893 [FXGL Background Thread 3 ] DEBUG Engine               - isEntityPreloadEnabled: true
18:41:17.893 [FXGL Background Thread 3 ] DEBUG Engine               - isExperimentalTiledLargeMap: false
18:41:17.893 [FXGL Background Thread 3 ] DEBUG Engine               - isFileSystemWriteAllowed: true
18:41:17.893 [FXGL Background Thread 3 ] DEBUG Engine               - isFullScreenAllowed: false
18:41:17.893 [FXGL Background Thread 3 ] DEBUG Engine               - isFullScreenFromStart: false
18:41:17.893 [FXGL Background Thread 3 ] DEBUG Engine               - isGameMenuEnabled: true
18:41:17.893 [FXGL Background Thread 3 ] DEBUG Engine               - isIOS: false
18:41:17.893 [FXGL Background Thread 3 ] DEBUG Engine               - isIntroEnabled: false
18:41:17.893 [FXGL Background Thread 3 ] DEBUG Engine               - isLinux: false
18:41:17.893 [FXGL Background Thread 3 ] DEBUG Engine               - isMac: false
18:41:17.893 [FXGL Background Thread 3 ] DEBUG Engine               - isMainMenuEnabled: true
18:41:17.893 [FXGL Background Thread 3 ] DEBUG Engine               - isManualResizeEnabled: false
18:41:17.893 [FXGL Background Thread 3 ] DEBUG Engine               - isMobile: false
18:41:17.893 [FXGL Background Thread 3 ] DEBUG Engine               - isNative: false
18:41:17.894 [FXGL Background Thread 3 ] DEBUG Engine               - isPauseMusicWhenMinimized: true
18:41:17.894 [FXGL Background Thread 3 ] DEBUG Engine               - isPreserveResizeRatio: false
18:41:17.894 [FXGL Background Thread 3 ] DEBUG Engine               - isProfilingEnabled: false
18:41:17.894 [FXGL Background Thread 3 ] DEBUG Engine               - isScaleAffectedOnResize: true
18:41:17.894 [FXGL Background Thread 3 ] DEBUG Engine               - isSingleStep: false
18:41:17.894 [FXGL Background Thread 3 ] DEBUG Engine               - isUserProfileEnabled: false
18:41:17.894 [FXGL Background Thread 3 ] DEBUG Engine               - isWindows: true
18:41:17.894 [FXGL Background Thread 3 ] DEBUG Engine               - language: ObjectProperty [value: ENGLISH]
18:41:17.894 [FXGL Background Thread 3 ] DEBUG Engine               - menuKey: ESCAPE
18:41:17.894 [FXGL Background Thread 3 ] DEBUG Engine               - mouseSensitivity: 0.2
18:41:17.894 [FXGL Background Thread 3 ] DEBUG Engine               - notificationViewClass: class com.almasb.fxgl.notification.view.XboxNotificationView
18:41:17.894 [FXGL Background Thread 3 ] DEBUG Engine               - pixelsPerMeter: 50.0
18:41:17.894 [FXGL Background Thread 3 ] DEBUG Engine               - platform: WINDOWS
18:41:17.894 [FXGL Background Thread 3 ] DEBUG Engine               - prefHeightProperty: ReadOnlyDoubleProperty [value: 720.0]
18:41:17.894 [FXGL Background Thread 3 ] DEBUG Engine               - prefWidthProperty: ReadOnlyDoubleProperty [value: 1280.0]
18:41:17.894 [FXGL Background Thread 3 ] DEBUG Engine               - profileDir: profiles/
18:41:17.895 [FXGL Background Thread 3 ] DEBUG Engine               - profileName: StringProperty [value: DEFAULT]
18:41:17.895 [FXGL Background Thread 3 ] DEBUG Engine               - randomSeed: -1
18:41:17.895 [FXGL Background Thread 3 ] DEBUG Engine               - runtimeInfo: RuntimeInfo(platform=WINDOWS, version=21+dev-SNAPSHOT, build=26.03.2024 19.46)
18:41:17.895 [FXGL Background Thread 3 ] DEBUG Engine               - saveFileExt: sav
18:41:17.895 [FXGL Background Thread 3 ] DEBUG Engine               - scaledHeightProp$fxgl: DoubleProperty [bound, value: 720.0]
18:41:17.895 [FXGL Background Thread 3 ] DEBUG Engine               - scaledWidthProp$fxgl: DoubleProperty [bound, value: 1280.0]
18:41:17.895 [FXGL Background Thread 3 ] DEBUG Engine               - sceneFactory: org.example.core.GameApp$1@a5a89f3
18:41:17.895 [FXGL Background Thread 3 ] DEBUG Engine               - secondsIn24h: 60
18:41:17.895 [FXGL Background Thread 3 ] DEBUG Engine               - soundMenuBack: menu/back.wav
18:41:17.895 [FXGL Background Thread 3 ] DEBUG Engine               - soundMenuPress: menu/press.wav
18:41:17.895 [FXGL Background Thread 3 ] DEBUG Engine               - soundMenuSelect: menu/select.wav
18:41:17.895 [FXGL Background Thread 3 ] DEBUG Engine               - soundNotification: core/notification.wav
18:41:17.895 [FXGL Background Thread 3 ] DEBUG Engine               - stageStyle: DECORATED
18:41:17.895 [FXGL Background Thread 3 ] DEBUG Engine               - supportedLanguages: [ENGLISH, FRENCH, GERMAN, HUNGARIAN, RUSSIAN]
18:41:17.895 [FXGL Background Thread 3 ] DEBUG Engine               - ticksPerSecond: -1
18:41:17.895 [FXGL Background Thread 3 ] DEBUG Engine               - title: Prototype Game
18:41:17.895 [FXGL Background Thread 3 ] DEBUG Engine               - urlGithub: https://github.com/AlmasB/FXGL
18:41:17.895 [FXGL Background Thread 3 ] DEBUG Engine               - urlLeaderboard: http://fxgl-top.herokuapp.com/
18:41:17.895 [FXGL Background Thread 3 ] DEBUG Engine               - urlPOM: https://raw.githubusercontent.com/AlmasB/FXGL/release/README.md
18:41:17.895 [FXGL Background Thread 3 ] DEBUG Engine               - userAppClass: class org.example.core.GameApp
18:41:17.895 [FXGL Background Thread 3 ] DEBUG Engine               - version: 0.1.5
18:41:17.895 [FXGL Background Thread 3 ] DEBUG Engine               - versionCheckDays: 7
18:41:17.895 [FXGL Background Thread 3 ] DEBUG Engine               - width: 1280
18:41:17.895 [FXGL Background Thread 3 ] DEBUG Engine               - Logging services
18:41:17.895 [FXGL Background Thread 3 ] DEBUG Engine               - class com.almasb.fxgl.app.services.FXGLAssetLoaderService
18:41:17.895 [FXGL Background Thread 3 ] DEBUG Engine               - class com.almasb.fxgl.app.FXGLApplication$GameApplicationService
18:41:17.895 [FXGL Background Thread 3 ] DEBUG Engine               - class com.almasb.fxgl.app.services.FXGLDialogService
18:41:17.895 [FXGL Background Thread 3 ] DEBUG Engine               - class com.almasb.fxgl.app.services.IOTaskExecutorService
18:41:17.895 [FXGL Background Thread 3 ] DEBUG Engine               - class com.almasb.fxgl.io.FileSystemService
18:41:17.895 [FXGL Background Thread 3 ] DEBUG Engine               - class com.almasb.fxgl.localization.LocalizationService
18:41:17.895 [FXGL Background Thread 3 ] DEBUG Engine               - class com.almasb.fxgl.app.services.SystemBundleService
18:41:17.895 [FXGL Background Thread 3 ] DEBUG Engine               - class com.almasb.fxgl.profile.SaveLoadService
18:41:17.895 [FXGL Background Thread 3 ] DEBUG Engine               - class com.almasb.fxgl.ui.FXGLUIFactoryServiceProvider
18:41:17.895 [FXGL Background Thread 3 ] DEBUG Engine               - class com.almasb.fxgl.ui.FXGLDialogFactoryServiceProvider
18:41:17.895 [FXGL Background Thread 3 ] DEBUG Engine               - class com.almasb.fxgl.audio.AudioPlayer
18:41:17.895 [FXGL Background Thread 3 ] DEBUG Engine               - class com.almasb.fxgl.notification.impl.NotificationServiceProvider
18:41:17.896 [FXGL Background Thread 3 ] DEBUG Engine               - class com.almasb.fxgl.achievement.AchievementService
18:41:17.896 [FXGL Background Thread 3 ] DEBUG Engine               - class com.almasb.fxgl.cutscene.CutsceneService
18:41:17.896 [FXGL Background Thread 3 ] DEBUG Engine               - class com.almasb.fxgl.minigames.MiniGameService
18:41:17.896 [FXGL Background Thread 3 ] DEBUG Engine               - class com.almasb.fxgl.net.NetService
18:41:17.896 [FXGL Background Thread 3 ] DEBUG Engine               - class com.almasb.fxgl.app.services.UpdaterService
18:41:17.896 [FXGL Background Thread 3 ] DEBUG Engine               - class com.almasb.fxgl.dev.DevService
18:41:21.485 [JavaFX Application Thread] DEBUG GameWorld            - Game world initialized
18:41:21.486 [JavaFX Application Thread] DEBUG PhysicsWorld         - Physics world initialized: appHeight=720, physics.ppm=50.0
18:41:21.486 [JavaFX Application Thread] DEBUG PhysicsWorld         - Using strategy: BRUTE_FORCE
18:41:21.488 [JavaFX Application Thread] DEBUG GameScene            - Game scene initialized: 1280x720
18:41:21.514 [JavaFX Application Thread] DEBUG PrimaryStageWindow   - Push state: MainMenuScene
18:41:21.519 [JavaFX Application Thread] DEBUG Input                - Clearing active input actions
18:41:21.522 [JavaFX Application Thread] DEBUG GameApplicationServi - Removing overlay from NameInputScene and adding to MainMenuScene
18:41:21.522 [JavaFX Application Thread] DEBUG PrimaryStageWindow   - NameInputScene -> MainMenuScene
18:41:22.250 [JavaFX Application Thread] DEBUG GameApplicationServi - Starting new game
18:41:22.251 [JavaFX Application Thread] DEBUG PrimaryStageWindow   - Pop state: MainMenuScene
18:41:22.251 [JavaFX Application Thread] DEBUG Input                - Clearing active input actions
18:41:22.252 [JavaFX Application Thread] DEBUG GameApplicationServi - Removing overlay from MainMenuScene and adding to NameInputScene
18:41:22.252 [JavaFX Application Thread] DEBUG PrimaryStageWindow   - NameInputScene <- MainMenuScene
18:41:22.253 [JavaFX Application Thread] DEBUG PrimaryStageWindow   - Pop state: NameInputScene
18:41:22.253 [JavaFX Application Thread] DEBUG Input                - Clearing active input actions
18:41:22.253 [JavaFX Application Thread] DEBUG GameApplicationServi - Removing overlay from NameInputScene and adding to FXGLMainMenuDummyScene
18:41:22.253 [JavaFX Application Thread] DEBUG PrimaryStageWindow   - FXGLMainMenuDummyScene <- NameInputScene
18:41:22.253 [JavaFX Application Thread] DEBUG Input                - Clearing active input actions
18:41:22.261 [JavaFX Application Thread] DEBUG GameApplicationServi - Removing overlay from FXGLMainMenuDummyScene and adding to FXGLLoadingScene
18:41:22.261 [JavaFX Application Thread] DEBUG PrimaryStageWindow   - FXGLMainMenuDummyScene -> FXGLLoadingScene
18:41:22.261 [JavaFX Application Thread] DEBUG GameApplicationServi - Clearing previous game
18:41:22.261 [JavaFX Application Thread] DEBUG GameScene            - Clearing game scene
18:41:22.261 [JavaFX Application Thread] DEBUG GameWorld            - Clearing game world
18:41:22.261 [JavaFX Application Thread] DEBUG PhysicsWorld         - Clearing physics world
18:41:22.263 [FXGL Background Thread 2 ] DEBUG FXGLApplication      - Initializing game
18:41:22.280 [FXGL Background Thread 2 ] DEBUG FXGLAssetLoaderServi - Loading from file system: file:/F:/my%20files/School/2nd%20year%202nd%20sem/TheOnlyException/Test/target/classes/assets/textures/dasd.png
18:41:22.305 [FXGL Background Thread 2 ] DEBUG FXGLAssetLoaderServi - Loading from file system: file:/F:/my%20files/School/2nd%20year%202nd%20sem/TheOnlyException/Test/target/classes/assets/textures/player-scaled.png
18:41:22.361 [FXGL Background Thread 2 ] INFO  FXGLApplication      - Game initialization took: 0.098 sec
18:41:22.367 [JavaFX Application Thread] DEBUG Input                - Clearing active input actions
18:41:22.373 [JavaFX Application Thread] DEBUG GameApplicationServi - Removing overlay from FXGLLoadingScene and adding to GameScene
18:41:22.373 [JavaFX Application Thread] DEBUG PrimaryStageWindow   - FXGLLoadingScene -> GameScene
18:41:22.826 [JavaFX Application Thread] DEBUG FXGLAssetLoaderServi - Loading from file system: file:/F:/my%20files/School/2nd%20year%202nd%20sem/TheOnlyException/Test/target/classes/assets/textures/MaggotWalk-scaled.png
18:41:22.832 [JavaFX Application Thread] DEBUG FXGLAssetLoaderServi - Loading from file system: file:/F:/my%20files/School/2nd%20year%202nd%20sem/TheOnlyException/Test/target/classes/assets/textures/BeetleMove-scaled.png
18:41:22.833 [JavaFX Application Thread] DEBUG FXGLAssetLoaderServi - Loading from file system: file:/F:/my%20files/School/2nd%20year%202nd%20sem/TheOnlyException/Test/target/classes/assets/textures/MantisMove-scaled.png
18:41:22.835 [JavaFX Application Thread] DEBUG FXGLAssetLoaderServi - Loading from file system: file:/F:/my%20files/School/2nd%20year%202nd%20sem/TheOnlyException/Test/target/classes/assets/textures/BeeMove-scaled.png
18:41:22.837 [JavaFX Application Thread] DEBUG FXGLAssetLoaderServi - Loading from file system: file:/F:/my%20files/School/2nd%20year%202nd%20sem/TheOnlyException/Test/target/classes/assets/textures/GiantFly.png
18:41:22.838 [JavaFX Application Thread] DEBUG FXGLAssetLoaderServi - Loading from file system: file:/F:/my%20files/School/2nd%20year%202nd%20sem/TheOnlyException/Test/target/classes/assets/textures/DragonFly.png
18:41:26.616 [JavaFX Application Thread] DEBUG PrimaryStageWindow   - Push state: DialogSubScene
18:41:26.616 [JavaFX Application Thread] DEBUG Input                - Clearing active input actions
18:41:26.617 [JavaFX Application Thread] DEBUG GameApplicationServi - Removing overlay from GameScene and adding to DialogSubScene
18:41:26.618 [JavaFX Application Thread] DEBUG PrimaryStageWindow   - GameScene -> DialogSubScene
18:41:27.600 [JavaFX Application Thread] DEBUG PrimaryStageWindow   - Pop state: DialogSubScene
18:41:27.600 [JavaFX Application Thread] DEBUG Input                - Clearing active input actions
18:41:27.600 [JavaFX Application Thread] DEBUG GameApplicationServi - Removing overlay from DialogSubScene and adding to GameScene
18:41:27.600 [JavaFX Application Thread] DEBUG PrimaryStageWindow   - GameScene <- DialogSubScene
18:41:29.038 [JavaFX Application Thread] DEBUG PrimaryStageWindow   - Push state: DialogSubScene
18:41:29.038 [JavaFX Application Thread] DEBUG Input                - Clearing active input actions
18:41:29.039 [JavaFX Application Thread] DEBUG GameApplicationServi - Removing overlay from GameScene and adding to DialogSubScene
18:41:29.039 [JavaFX Application Thread] DEBUG PrimaryStageWindow   - GameScene -> DialogSubScene
18:41:29.749 [JavaFX Application Thread] DEBUG PrimaryStageWindow   - Pop state: DialogSubScene
18:41:29.749 [JavaFX Application Thread] DEBUG Input                - Clearing active input actions
18:41:29.749 [JavaFX Application Thread] DEBUG GameApplicationServi - Removing overlay from DialogSubScene and adding to GameScene
18:41:29.749 [JavaFX Application Thread] DEBUG PrimaryStageWindow   - GameScene <- DialogSubScene
18:41:34.595 [JavaFX Application Thread] WARN  FXGLAssetLoaderServi - Asset "/assets/textures/green_particle.png" was not found!
18:41:34.595 [JavaFX Application Thread] WARN  FXGLAssetLoaderServi - Failed to load IMAGE
18:41:35.435 [JavaFX Application Thread] DEBUG PrimaryStageWindow   - Push state: DialogSubScene
18:41:35.435 [JavaFX Application Thread] DEBUG Input                - Clearing active input actions
18:41:35.435 [JavaFX Application Thread] DEBUG GameApplicationServi - Removing overlay from GameScene and adding to DialogSubScene
18:41:35.435 [JavaFX Application Thread] DEBUG PrimaryStageWindow   - GameScene -> DialogSubScene
18:41:36.019 [JavaFX Application Thread] DEBUG PrimaryStageWindow   - Pop state: DialogSubScene
18:41:36.019 [JavaFX Application Thread] DEBUG Input                - Clearing active input actions
18:41:36.019 [JavaFX Application Thread] DEBUG GameApplicationServi - Removing overlay from DialogSubScene and adding to GameScene
18:41:36.020 [JavaFX Application Thread] DEBUG PrimaryStageWindow   - GameScene <- DialogSubScene
18:41:40.033 [JavaFX Application Thread] WARN  FXGLAssetLoaderServi - Asset "/assets/textures/green_particle.png" was not found!
18:41:40.033 [JavaFX Application Thread] WARN  FXGLAssetLoaderServi - Failed to load IMAGE
18:41:40.316 [JavaFX Application Thread] DEBUG PrimaryStageWindow   - Push state: DialogSubScene
18:41:40.316 [JavaFX Application Thread] DEBUG Input                - Clearing active input actions
18:41:40.317 [JavaFX Application Thread] DEBUG GameApplicationServi - Removing overlay from GameScene and adding to DialogSubScene
18:41:40.317 [JavaFX Application Thread] DEBUG PrimaryStageWindow   - GameScene -> DialogSubScene
18:41:40.823 [JavaFX Application Thread] DEBUG PrimaryStageWindow   - Pop state: DialogSubScene
18:41:40.823 [JavaFX Application Thread] DEBUG Input                - Clearing active input actions
18:41:40.824 [JavaFX Application Thread] DEBUG GameApplicationServi - Removing overlay from DialogSubScene and adding to GameScene
18:41:40.824 [JavaFX Application Thread] DEBUG PrimaryStageWindow   - GameScene <- DialogSubScene
18:41:45.539 [JavaFX Application Thread] WARN  FXGLAssetLoaderServi - Asset "/assets/textures/green_particle.png" was not found!
18:41:45.539 [JavaFX Application Thread] WARN  FXGLAssetLoaderServi - Failed to load IMAGE
18:41:46.025 [JavaFX Application Thread] DEBUG PrimaryStageWindow   - Push state: DialogSubScene
18:41:46.025 [JavaFX Application Thread] DEBUG Input                - Clearing active input actions
18:41:46.025 [JavaFX Application Thread] DEBUG GameApplicationServi - Removing overlay from GameScene and adding to DialogSubScene
18:41:46.025 [JavaFX Application Thread] DEBUG PrimaryStageWindow   - GameScene -> DialogSubScene
18:41:46.616 [JavaFX Application Thread] DEBUG PrimaryStageWindow   - Pop state: DialogSubScene
18:41:46.616 [JavaFX Application Thread] DEBUG Input                - Clearing active input actions
18:41:46.617 [JavaFX Application Thread] DEBUG GameApplicationServi - Removing overlay from DialogSubScene and adding to GameScene
18:41:46.617 [JavaFX Application Thread] DEBUG PrimaryStageWindow   - GameScene <- DialogSubScene
18:41:48.330 [JavaFX Application Thread] WARN  FXGLAssetLoaderServi - Asset "/assets/textures/orange_particle.png" was not found!
18:41:48.330 [JavaFX Application Thread] WARN  FXGLAssetLoaderServi - Failed to load IMAGE
18:41:50.269 [JavaFX Application Thread] WARN  FXGLAssetLoaderServi - Asset "/assets/textures/orange_particle.png" was not found!
18:41:50.269 [JavaFX Application Thread] WARN  FXGLAssetLoaderServi - Failed to load IMAGE
18:41:50.979 [JavaFX Application Thread] WARN  FXGLAssetLoaderServi - Asset "/assets/textures/green_particle.png" was not found!
18:41:50.979 [JavaFX Application Thread] WARN  FXGLAssetLoaderServi - Failed to load IMAGE
18:41:52.268 [JavaFX Application Thread] WARN  FXGLAssetLoaderServi - Asset "/assets/textures/orange_particle.png" was not found!
18:41:52.268 [JavaFX Application Thread] WARN  FXGLAssetLoaderServi - Failed to load IMAGE
18:41:54.274 [JavaFX Application Thread] WARN  FXGLAssetLoaderServi - Asset "/assets/textures/orange_particle.png" was not found!
18:41:54.274 [JavaFX Application Thread] WARN  FXGLAssetLoaderServi - Failed to load IMAGE
18:41:55.984 [JavaFX Application Thread] WARN  FXGLAssetLoaderServi - Asset "/assets/textures/green_particle.png" was not found!
18:41:55.984 [JavaFX Application Thread] WARN  FXGLAssetLoaderServi - Failed to load IMAGE
18:41:56.274 [JavaFX Application Thread] WARN  FXGLAssetLoaderServi - Asset "/assets/textures/orange_particle.png" was not found!
18:41:56.274 [JavaFX Application Thread] WARN  FXGLAssetLoaderServi - Failed to load IMAGE
18:41:57.442 [JavaFX Application Thread] DEBUG PrimaryStageWindow   - Push state: DialogSubScene
18:41:57.443 [JavaFX Application Thread] DEBUG Input                - Clearing active input actions
18:41:57.443 [JavaFX Application Thread] DEBUG GameApplicationServi - Removing overlay from GameScene and adding to DialogSubScene
18:41:57.443 [JavaFX Application Thread] DEBUG PrimaryStageWindow   - GameScene -> DialogSubScene
18:41:58.203 [JavaFX Application Thread] DEBUG PrimaryStageWindow   - Pop state: DialogSubScene
18:41:58.203 [JavaFX Application Thread] DEBUG Input                - Clearing active input actions
18:41:58.203 [JavaFX Application Thread] DEBUG GameApplicationServi - Removing overlay from DialogSubScene and adding to GameScene
18:41:58.203 [JavaFX Application Thread] DEBUG PrimaryStageWindow   - GameScene <- DialogSubScene
18:41:59.042 [JavaFX Application Thread] WARN  FXGLAssetLoaderServi - Asset "/assets/textures/orange_particle.png" was not found!
18:41:59.042 [JavaFX Application Thread] WARN  FXGLAssetLoaderServi - Failed to load IMAGE
18:42:00.626 [JavaFX Application Thread] WARN  FXGLAssetLoaderServi - Asset "/assets/textures/orange_particle.png" was not found!
18:42:00.626 [JavaFX Application Thread] WARN  FXGLAssetLoaderServi - Failed to load IMAGE
18:42:01.164 [JavaFX Application Thread] WARN  FXGLAssetLoaderServi - Asset "/assets/textures/green_particle.png" was not found!
18:42:01.164 [JavaFX Application Thread] WARN  FXGLAssetLoaderServi - Failed to load IMAGE
18:42:02.450 [JavaFX Application Thread] WARN  FXGLAssetLoaderServi - Asset "/assets/textures/orange_particle.png" was not found!
18:42:02.450 [JavaFX Application Thread] WARN  FXGLAssetLoaderServi - Failed to load IMAGE
18:42:04.450 [JavaFX Application Thread] WARN  FXGLAssetLoaderServi - Asset "/assets/textures/orange_particle.png" was not found!
18:42:04.450 [JavaFX Application Thread] WARN  FXGLAssetLoaderServi - Failed to load IMAGE
18:42:06.146 [JavaFX Application Thread] WARN  FXGLAssetLoaderServi - Asset "/assets/textures/green_particle.png" was not found!
18:42:06.146 [JavaFX Application Thread] WARN  FXGLAssetLoaderServi - Failed to load IMAGE
18:42:06.462 [JavaFX Application Thread] WARN  FXGLAssetLoaderServi - Asset "/assets/textures/orange_particle.png" was not found!
18:42:06.462 [JavaFX Application Thread] WARN  FXGLAssetLoaderServi - Failed to load IMAGE
18:42:08.467 [JavaFX Application Thread] WARN  FXGLAssetLoaderServi - Asset "/assets/textures/orange_particle.png" was not found!
18:42:08.467 [JavaFX Application Thread] WARN  FXGLAssetLoaderServi - Failed to load IMAGE
18:42:10.473 [JavaFX Application Thread] WARN  FXGLAssetLoaderServi - Asset "/assets/textures/orange_particle.png" was not found!
18:42:10.473 [JavaFX Application Thread] WARN  FXGLAssetLoaderServi - Failed to load IMAGE
18:42:11.160 [JavaFX Application Thread] WARN  FXGLAssetLoaderServi - Asset "/assets/textures/green_particle.png" was not found!
18:42:11.160 [JavaFX Application Thread] WARN  FXGLAssetLoaderServi - Failed to load IMAGE
18:42:12.478 [JavaFX Application Thread] WARN  FXGLAssetLoaderServi - Asset "/assets/textures/orange_particle.png" was not found!
18:42:12.478 [JavaFX Application Thread] WARN  FXGLAssetLoaderServi - Failed to load IMAGE
18:42:13.234 [JavaFX Application Thread] DEBUG PrimaryStageWindow   - Push state: DialogSubScene
18:42:13.235 [JavaFX Application Thread] DEBUG Input                - Clearing active input actions
18:42:13.235 [JavaFX Application Thread] DEBUG GameApplicationServi - Removing overlay from GameScene and adding to DialogSubScene
18:42:13.235 [JavaFX Application Thread] DEBUG PrimaryStageWindow   - GameScene -> DialogSubScene
18:42:13.746 [JavaFX Application Thread] DEBUG PrimaryStageWindow   - Pop state: DialogSubScene
18:42:13.746 [JavaFX Application Thread] DEBUG Input                - Clearing active input actions
18:42:13.747 [JavaFX Application Thread] DEBUG GameApplicationServi - Removing overlay from DialogSubScene and adding to GameScene
18:42:13.747 [JavaFX Application Thread] DEBUG PrimaryStageWindow   - GameScene <- DialogSubScene
18:42:14.988 [JavaFX Application Thread] WARN  FXGLAssetLoaderServi - Asset "/assets/textures/orange_particle.png" was not found!
18:42:14.988 [JavaFX Application Thread] WARN  FXGLAssetLoaderServi - Failed to load IMAGE
18:42:16.674 [JavaFX Application Thread] WARN  FXGLAssetLoaderServi - Asset "/assets/textures/green_particle.png" was not found!
18:42:16.674 [JavaFX Application Thread] WARN  FXGLAssetLoaderServi - Failed to load IMAGE
18:42:16.994 [JavaFX Application Thread] WARN  FXGLAssetLoaderServi - Asset "/assets/textures/orange_particle.png" was not found!
18:42:16.994 [JavaFX Application Thread] WARN  FXGLAssetLoaderServi - Failed to load IMAGE
18:42:19.004 [JavaFX Application Thread] WARN  FXGLAssetLoaderServi - Asset "/assets/textures/orange_particle.png" was not found!
18:42:19.004 [JavaFX Application Thread] WARN  FXGLAssetLoaderServi - Failed to load IMAGE
18:42:21.008 [JavaFX Application Thread] WARN  FXGLAssetLoaderServi - Asset "/assets/textures/orange_particle.png" was not found!
18:42:21.008 [JavaFX Application Thread] WARN  FXGLAssetLoaderServi - Failed to load IMAGE
18:42:21.679 [JavaFX Application Thread] WARN  FXGLAssetLoaderServi - Asset "/assets/textures/green_particle.png" was not found!
18:42:21.680 [JavaFX Application Thread] WARN  FXGLAssetLoaderServi - Failed to load IMAGE
18:42:23.011 [JavaFX Application Thread] WARN  FXGLAssetLoaderServi - Asset "/assets/textures/orange_particle.png" was not found!
18:42:23.011 [JavaFX Application Thread] WARN  FXGLAssetLoaderServi - Failed to load IMAGE
18:42:25.019 [JavaFX Application Thread] WARN  FXGLAssetLoaderServi - Asset "/assets/textures/orange_particle.png" was not found!
18:42:25.019 [JavaFX Application Thread] WARN  FXGLAssetLoaderServi - Failed to load IMAGE
18:42:26.685 [JavaFX Application Thread] WARN  FXGLAssetLoaderServi - Asset "/assets/textures/green_particle.png" was not found!
18:42:26.685 [JavaFX Application Thread] WARN  FXGLAssetLoaderServi - Failed to load IMAGE
18:42:27.024 [JavaFX Application Thread] WARN  FXGLAssetLoaderServi - Asset "/assets/textures/orange_particle.png" was not found!
18:42:27.024 [JavaFX Application Thread] WARN  FXGLAssetLoaderServi - Failed to load IMAGE
18:42:29.026 [JavaFX Application Thread] WARN  FXGLAssetLoaderServi - Asset "/assets/textures/orange_particle.png" was not found!
18:42:29.026 [JavaFX Application Thread] WARN  FXGLAssetLoaderServi - Failed to load IMAGE
18:42:30.130 [JavaFX Application Thread] DEBUG PrimaryStageWindow   - Push state: DialogSubScene
18:42:30.130 [JavaFX Application Thread] DEBUG Input                - Clearing active input actions
18:42:30.131 [JavaFX Application Thread] DEBUG GameApplicationServi - Removing overlay from GameScene and adding to DialogSubScene
18:42:30.131 [JavaFX Application Thread] DEBUG PrimaryStageWindow   - GameScene -> DialogSubScene
18:42:30.744 [JavaFX Application Thread] DEBUG PrimaryStageWindow   - Pop state: DialogSubScene
18:42:30.744 [JavaFX Application Thread] DEBUG Input                - Clearing active input actions
18:42:30.745 [JavaFX Application Thread] DEBUG GameApplicationServi - Removing overlay from DialogSubScene and adding to GameScene
18:42:30.745 [JavaFX Application Thread] DEBUG PrimaryStageWindow   - GameScene <- DialogSubScene
18:42:31.619 [JavaFX Application Thread] WARN  FXGLAssetLoaderServi - Asset "/assets/textures/orange_particle.png" was not found!
18:42:31.619 [JavaFX Application Thread] WARN  FXGLAssetLoaderServi - Failed to load IMAGE
18:42:32.257 [JavaFX Application Thread] WARN  FXGLAssetLoaderServi - Asset "/assets/textures/green_particle.png" was not found!
18:42:32.257 [JavaFX Application Thread] WARN  FXGLAssetLoaderServi - Failed to load IMAGE
18:42:33.569 [JavaFX Application Thread] WARN  FXGLAssetLoaderServi - Asset "/assets/textures/orange_particle.png" was not found!
18:42:33.569 [JavaFX Application Thread] WARN  FXGLAssetLoaderServi - Failed to load IMAGE
18:42:35.570 [JavaFX Application Thread] WARN  FXGLAssetLoaderServi - Asset "/assets/textures/orange_particle.png" was not found!
18:42:35.570 [JavaFX Application Thread] WARN  FXGLAssetLoaderServi - Failed to load IMAGE
18:42:37.218 [JavaFX Application Thread] WARN  FXGLAssetLoaderServi - Asset "/assets/textures/green_particle.png" was not found!
18:42:37.218 [JavaFX Application Thread] WARN  FXGLAssetLoaderServi - Failed to load IMAGE
18:42:37.571 [JavaFX Application Thread] WARN  FXGLAssetLoaderServi - Asset "/assets/textures/orange_particle.png" was not found!
18:42:37.571 [JavaFX Application Thread] WARN  FXGLAssetLoaderServi - Failed to load IMAGE
18:42:39.578 [JavaFX Application Thread] WARN  FXGLAssetLoaderServi - Asset "/assets/textures/orange_particle.png" was not found!
18:42:39.578 [JavaFX Application Thread] WARN  FXGLAssetLoaderServi - Failed to load IMAGE
18:42:41.582 [JavaFX Application Thread] WARN  FXGLAssetLoaderServi - Asset "/assets/textures/orange_particle.png" was not found!
18:42:41.582 [JavaFX Application Thread] WARN  FXGLAssetLoaderServi - Failed to load IMAGE
18:42:42.223 [JavaFX Application Thread] WARN  FXGLAssetLoaderServi - Asset "/assets/textures/green_particle.png" was not found!
18:42:42.223 [JavaFX Application Thread] WARN  FXGLAssetLoaderServi - Failed to load IMAGE
18:42:43.586 [JavaFX Application Thread] WARN  FXGLAssetLoaderServi - Asset "/assets/textures/orange_particle.png" was not found!
18:42:43.586 [JavaFX Application Thread] WARN  FXGLAssetLoaderServi - Failed to load IMAGE
18:42:45.593 [JavaFX Application Thread] WARN  FXGLAssetLoaderServi - Asset "/assets/textures/orange_particle.png" was not found!
18:42:45.593 [JavaFX Application Thread] WARN  FXGLAssetLoaderServi - Failed to load IMAGE
18:42:47.227 [JavaFX Application Thread] WARN  FXGLAssetLoaderServi - Asset "/assets/textures/green_particle.png" was not found!
18:42:47.227 [JavaFX Application Thread] WARN  FXGLAssetLoaderServi - Failed to load IMAGE
18:42:47.598 [JavaFX Application Thread] WARN  FXGLAssetLoaderServi - Asset "/assets/textures/orange_particle.png" was not found!
18:42:47.598 [JavaFX Application Thread] WARN  FXGLAssetLoaderServi - Failed to load IMAGE
18:42:49.602 [JavaFX Application Thread] WARN  FXGLAssetLoaderServi - Asset "/assets/textures/orange_particle.png" was not found!
18:42:49.602 [JavaFX Application Thread] WARN  FXGLAssetLoaderServi - Failed to load IMAGE
18:42:51.608 [JavaFX Application Thread] WARN  FXGLAssetLoaderServi - Asset "/assets/textures/orange_particle.png" was not found!
18:42:51.608 [JavaFX Application Thread] WARN  FXGLAssetLoaderServi - Failed to load IMAGE
18:42:52.226 [JavaFX Application Thread] WARN  FXGLAssetLoaderServi - Asset "/assets/textures/green_particle.png" was not found!
18:42:52.226 [JavaFX Application Thread] WARN  FXGLAssetLoaderServi - Failed to load IMAGE
18:42:53.613 [JavaFX Application Thread] WARN  FXGLAssetLoaderServi - Asset "/assets/textures/orange_particle.png" was not found!
18:42:53.613 [JavaFX Application Thread] WARN  FXGLAssetLoaderServi - Failed to load IMAGE
18:42:55.618 [JavaFX Application Thread] WARN  FXGLAssetLoaderServi - Asset "/assets/textures/orange_particle.png" was not found!
18:42:55.618 [JavaFX Application Thread] WARN  FXGLAssetLoaderServi - Failed to load IMAGE
18:42:56.506 [JavaFX Application Thread] DEBUG PrimaryStageWindow   - Push state: DialogSubScene
18:42:56.506 [JavaFX Application Thread] DEBUG Input                - Clearing active input actions
18:42:56.507 [JavaFX Application Thread] DEBUG GameApplicationServi - Removing overlay from GameScene and adding to DialogSubScene
18:42:56.507 [JavaFX Application Thread] DEBUG PrimaryStageWindow   - GameScene -> DialogSubScene
18:42:57.016 [JavaFX Application Thread] DEBUG PrimaryStageWindow   - Pop state: DialogSubScene
18:42:57.016 [JavaFX Application Thread] DEBUG Input                - Clearing active input actions
18:42:57.016 [JavaFX Application Thread] DEBUG GameApplicationServi - Removing overlay from DialogSubScene and adding to GameScene
18:42:57.016 [JavaFX Application Thread] DEBUG PrimaryStageWindow   - GameScene <- DialogSubScene
18:42:57.740 [JavaFX Application Thread] WARN  FXGLAssetLoaderServi - Asset "/assets/textures/green_particle.png" was not found!
18:42:57.740 [JavaFX Application Thread] WARN  FXGLAssetLoaderServi - Failed to load IMAGE
18:42:58.129 [JavaFX Application Thread] WARN  FXGLAssetLoaderServi - Asset "/assets/textures/orange_particle.png" was not found!
18:42:58.129 [JavaFX Application Thread] WARN  FXGLAssetLoaderServi - Failed to load IMAGE
18:43:00.131 [JavaFX Application Thread] WARN  FXGLAssetLoaderServi - Asset "/assets/textures/orange_particle.png" was not found!
18:43:00.131 [JavaFX Application Thread] WARN  FXGLAssetLoaderServi - Failed to load IMAGE
18:43:02.139 [JavaFX Application Thread] WARN  FXGLAssetLoaderServi - Asset "/assets/textures/orange_particle.png" was not found!
18:43:02.139 [JavaFX Application Thread] WARN  FXGLAssetLoaderServi - Failed to load IMAGE
18:43:02.744 [JavaFX Application Thread] WARN  FXGLAssetLoaderServi - Asset "/assets/textures/green_particle.png" was not found!
18:43:02.744 [JavaFX Application Thread] WARN  FXGLAssetLoaderServi - Failed to load IMAGE
18:43:04.144 [JavaFX Application Thread] WARN  FXGLAssetLoaderServi - Asset "/assets/textures/orange_particle.png" was not found!
18:43:04.144 [JavaFX Application Thread] WARN  FXGLAssetLoaderServi - Failed to load IMAGE
18:43:06.155 [JavaFX Application Thread] WARN  FXGLAssetLoaderServi - Asset "/assets/textures/orange_particle.png" was not found!
18:43:06.155 [JavaFX Application Thread] WARN  FXGLAssetLoaderServi - Failed to load IMAGE
18:43:07.760 [JavaFX Application Thread] WARN  FXGLAssetLoaderServi - Asset "/assets/textures/green_particle.png" was not found!
18:43:07.760 [JavaFX Application Thread] WARN  FXGLAssetLoaderServi - Failed to load IMAGE
18:43:08.162 [JavaFX Application Thread] WARN  FXGLAssetLoaderServi - Asset "/assets/textures/orange_particle.png" was not found!
18:43:08.162 [JavaFX Application Thread] WARN  FXGLAssetLoaderServi - Failed to load IMAGE
18:43:10.176 [JavaFX Application Thread] WARN  FXGLAssetLoaderServi - Asset "/assets/textures/orange_particle.png" was not found!
18:43:10.176 [JavaFX Application Thread] WARN  FXGLAssetLoaderServi - Failed to load IMAGE
18:43:12.175 [JavaFX Application Thread] WARN  FXGLAssetLoaderServi - Asset "/assets/textures/orange_particle.png" was not found!
18:43:12.175 [JavaFX Application Thread] WARN  FXGLAssetLoaderServi - Failed to load IMAGE
18:43:12.770 [JavaFX Application Thread] WARN  FXGLAssetLoaderServi - Asset "/assets/textures/green_particle.png" was not found!
18:43:12.770 [JavaFX Application Thread] WARN  FXGLAssetLoaderServi - Failed to load IMAGE
18:43:14.178 [JavaFX Application Thread] WARN  FXGLAssetLoaderServi - Asset "/assets/textures/orange_particle.png" was not found!
18:43:14.178 [JavaFX Application Thread] WARN  FXGLAssetLoaderServi - Failed to load IMAGE
18:43:16.185 [JavaFX Application Thread] WARN  FXGLAssetLoaderServi - Asset "/assets/textures/orange_particle.png" was not found!
18:43:16.185 [JavaFX Application Thread] WARN  FXGLAssetLoaderServi - Failed to load IMAGE
18:43:17.774 [JavaFX Application Thread] WARN  FXGLAssetLoaderServi - Asset "/assets/textures/green_particle.png" was not found!
18:43:17.774 [JavaFX Application Thread] WARN  FXGLAssetLoaderServi - Failed to load IMAGE
18:43:18.190 [JavaFX Application Thread] WARN  FXGLAssetLoaderServi - Asset "/assets/textures/orange_particle.png" was not found!
18:43:18.190 [JavaFX Application Thread] WARN  FXGLAssetLoaderServi - Failed to load IMAGE
18:43:20.194 [JavaFX Application Thread] WARN  FXGLAssetLoaderServi - Asset "/assets/textures/orange_particle.png" was not found!
18:43:20.194 [JavaFX Application Thread] WARN  FXGLAssetLoaderServi - Failed to load IMAGE
18:43:22.202 [JavaFX Application Thread] WARN  FXGLAssetLoaderServi - Asset "/assets/textures/orange_particle.png" was not found!
18:43:22.202 [JavaFX Application Thread] WARN  FXGLAssetLoaderServi - Failed to load IMAGE
18:43:22.777 [JavaFX Application Thread] WARN  FXGLAssetLoaderServi - Asset "/assets/textures/green_particle.png" was not found!
18:43:22.777 [JavaFX Application Thread] WARN  FXGLAssetLoaderServi - Failed to load IMAGE
18:43:24.206 [JavaFX Application Thread] WARN  FXGLAssetLoaderServi - Asset "/assets/textures/orange_particle.png" was not found!
18:43:24.206 [JavaFX Application Thread] WARN  FXGLAssetLoaderServi - Failed to load IMAGE
18:43:25.663 [JavaFX Application Thread] DEBUG LoopRunner           - Pausing loop
18:43:27.982 [JavaFX Application Thread] DEBUG LoopRunner           - Resuming loop
18:43:27.982 [JavaFX Application Thread] DEBUG GameWorld            - Game world initialized
18:43:27.984 [JavaFX Application Thread] DEBUG PhysicsWorld         - Physics world initialized: appHeight=720, physics.ppm=50.0
18:43:27.984 [JavaFX Application Thread] DEBUG PhysicsWorld         - Using strategy: BRUTE_FORCE
18:43:27.984 [JavaFX Application Thread] DEBUG GameScene            - Game scene initialized: 1280x720
18:43:27.988 [JavaFX Application Thread] DEBUG PrimaryStageWindow   - Push state: MainMenuScene
18:43:27.991 [JavaFX Application Thread] DEBUG Input                - Clearing active input actions
18:43:27.992 [JavaFX Application Thread] DEBUG GameApplicationServi - Removing overlay from GameScene and adding to MainMenuScene
18:43:27.992 [JavaFX Application Thread] DEBUG PrimaryStageWindow   - GameScene -> MainMenuScene
18:43:28.744 [JavaFX Application Thread] DEBUG GameApplicationServi - Starting new game
18:43:28.744 [JavaFX Application Thread] DEBUG PrimaryStageWindow   - Pop state: MainMenuScene
18:43:28.744 [JavaFX Application Thread] DEBUG Input                - Clearing active input actions
18:43:28.744 [JavaFX Application Thread] DEBUG GameApplicationServi - Removing overlay from MainMenuScene and adding to GameScene
18:43:28.744 [JavaFX Application Thread] DEBUG PrimaryStageWindow   - GameScene <- MainMenuScene
18:43:28.744 [JavaFX Application Thread] DEBUG Input                - Clearing active input actions
18:43:28.746 [JavaFX Application Thread] DEBUG GameApplicationServi - Removing overlay from GameScene and adding to FXGLLoadingScene
18:43:28.746 [JavaFX Application Thread] DEBUG PrimaryStageWindow   - GameScene -> FXGLLoadingScene
18:43:28.746 [JavaFX Application Thread] DEBUG GameApplicationServi - Clearing previous game
18:43:28.746 [JavaFX Application Thread] DEBUG GameScene            - Clearing game scene
18:43:28.746 [JavaFX Application Thread] DEBUG GameWorld            - Clearing game world
18:43:28.747 [JavaFX Application Thread] DEBUG PhysicsWorld         - Clearing physics world
18:43:28.747 [FXGL Background Thread 5 ] DEBUG FXGLApplication      - Initializing game
18:43:28.750 [FXGL Background Thread 5 ] INFO  FXGLApplication      - Game initialization took: 0.003 sec
18:43:28.750 [JavaFX Application Thread] DEBUG Input                - Clearing active input actions
18:43:28.752 [JavaFX Application Thread] DEBUG GameApplicationServi - Removing overlay from FXGLLoadingScene and adding to GameScene
18:43:28.752 [JavaFX Application Thread] DEBUG PrimaryStageWindow   - FXGLLoadingScene -> GameScene
18:43:29.987 [JavaFX Application Thread] DEBUG FXGLApplication      - Exiting FXGL
18:43:29.987 [JavaFX Application Thread] DEBUG LoopRunner           - Stopping loop
18:43:29.987 [JavaFX Application Thread] DEBUG SystemBundleService  - Saving FXGL system data
18:43:29.989 [JavaFX Application Thread] DEBUG FileSystemAccess     - Writing to: F:\my files\School\2nd year 2nd sem\TheOnlyException\system\fxgl.bundle
18:43:30.397 [JavaFX Application Thread] DEBUG Async                - Shutting down background threads
18:43:30.397 [JavaFX Application Thread] DEBUG PrimaryStageWindow   - Closing main window
18:43:30.412 [JavaFX Application Thread] DEBUG Logger               - Closing Logger
