00:23:39.865 [main                     ] DEBUG Logger               - Configured Logger
00:23:39.868 [main                     ] DEBUG GameApplication      - Logging settings
Title: Prototype Game
Version: 0.1.5
Width: 1280
Height: 720
Fullscreen: false
Intro: false
Profiling: false
Single step:false
App Mode: DEVELOPER
Menu Key: ESCAPE
Stage Style: DECORATED
Scene Factory: class org.example.core.GameApp$1

00:23:39.988 [JavaFX Application Thread] DEBUG FXGLApplication      - Initializing FXGL
00:23:39.990 [JavaFX Application Thread] INFO  Engine               - FXGL-21+dev-SNAPSHOT (26.03.2024 19.46) on WINDOWS (J:24 FX:21.0.1)
00:23:39.990 [JavaFX Application Thread] DEBUG Engine               - JRE Vendor Name: Oracle Corporation
00:23:39.992 [JavaFX Application Thread] DEBUG Engine               - Running on OS: Windows 11 version 10.0
00:23:39.992 [JavaFX Application Thread] DEBUG Engine               - Architecture: amd64
00:23:39.992 [JavaFX Application Thread] INFO  Engine               - Source code and latest versions at: https://github.com/AlmasB/FXGL
00:23:39.992 [JavaFX Application Thread] INFO  Engine               -       Ask questions and discuss at: https://github.com/AlmasB/FXGL/discussions
00:23:39.992 [JavaFX Application Thread] INFO  Engine               -              Join the FXGL chat at: https://gitter.im/AlmasB/FXGL
00:23:40.081 [JavaFX Application Thread] DEBUG PrimaryStageWindow   - Creating a JavaFX scene
00:23:40.110 [JavaFX Application Thread] DEBUG PrimaryStageWindow   - Target settings size: 1280.0 x 720.0
00:23:40.110 [JavaFX Application Thread] DEBUG PrimaryStageWindow   - Scaled scene size:    1280.0 x 720.0
00:23:40.110 [JavaFX Application Thread] DEBUG PrimaryStageWindow   - Scaled ratio: (1.0, 1.0)
00:23:40.111 [JavaFX Application Thread] DEBUG PrimaryStageWindow   - Set initial scene to FXGLStartupScene
00:23:40.113 [JavaFX Application Thread] DEBUG PrimaryStageWindow   - Opening main window
00:23:40.230 [JavaFX Application Thread] DEBUG PrimaryStageWindow   - Window border size: (16.0, 39.0)
00:23:40.231 [JavaFX Application Thread] DEBUG PrimaryStageWindow   - Scaled size: 1280.0 x 720.0
00:23:40.231 [JavaFX Application Thread] DEBUG PrimaryStageWindow   - Scaled ratio: (1.0, 1.0)
00:23:40.231 [JavaFX Application Thread] DEBUG PrimaryStageWindow   - Scene size: 1280.0 x 720.0
00:23:40.231 [JavaFX Application Thread] DEBUG PrimaryStageWindow   - Stage size: 1296.0 x 759.0
00:23:40.237 [FXGL Background Thread 1 ] DEBUG Engine               - Initializing environment variables
00:23:40.286 [FXGL Background Thread 1 ] DEBUG FXGLAssetLoaderServi - User app class for loading assets: class org.example.core.GameApp
00:23:40.286 [FXGL Background Thread 1 ] DEBUG GameApplicationServi - Applying CSS: fxgl_dark.css
00:23:40.286 [FXGL Background Thread 1 ] DEBUG FXGLAssetLoaderServi - Loading from file system: jar:file:/C:/Users/primzcm/.m2/repository/com/github/almasb/fxgl/fxgl/21.1/fxgl-21.1.jar!/fxglassets/ui/css/fxgl_dark.css
00:23:40.324 [FXGL Background Thread 1 ] DEBUG GameApplicationServi - Initializing application scenes
00:23:40.344 [FXGL Background Thread 1 ] DEBUG GameWorld            - Game world initialized
00:23:40.385 [FXGL Background Thread 1 ] DEBUG PhysicsWorld         - Physics world initialized: appHeight=720, physics.ppm=50.0
00:23:40.385 [FXGL Background Thread 1 ] DEBUG PhysicsWorld         - Using strategy: BRUTE_FORCE
00:23:40.388 [FXGL Background Thread 1 ] DEBUG GameScene            - Game scene initialized: 1280x720
00:23:40.587 [FXGL Background Thread 1 ] DEBUG GameApplicationServi - Application scenes initialized
00:23:40.599 [FXGL Background Thread 1 ] DEBUG SystemBundleService  - Loading FXGL system data
00:23:40.602 [FXGL Background Thread 1 ] DEBUG FileSystemAccess     - Reading from: F:\my files\School\2nd year 2nd sem\TheOnlyException\system\fxgl.bundle
00:23:40.607 [FXGL Background Thread 1 ] DEBUG SystemBundleService  - Bundle FXGL: {}
00:23:40.607 [FXGL Background Thread 1 ] DEBUG UpdaterService       - Checking for updates
00:23:40.612 [FXGL Background Thread 4 ] DEBUG FXGLApplication      - Loading fonts
00:23:40.612 [FXGL Background Thread 4 ] DEBUG FXGLAssetLoaderServi - Loading from file system: jar:file:/C:/Users/primzcm/.m2/repository/com/github/almasb/fxgl/fxgl/21.1/fxgl-21.1.jar!/fxglassets/ui/fonts/VarelaRound-Regular.ttf
00:23:40.613 [FXGL Background Thread 1 ] DEBUG FXGLApplication      - Loading default localization
00:23:40.613 [FXGL Background Thread 1 ] DEBUG FXGLAssetLoaderServi - Loading from file system: jar:file:/C:/Users/primzcm/.m2/repository/com/github/almasb/fxgl/fxgl/21.1/fxgl-21.1.jar!/fxglassets/languages/english.lang
00:23:40.615 [FXGL Background Thread 4 ] DEBUG FXGLAssetLoaderServi - Loading from file system: jar:file:/C:/Users/primzcm/.m2/repository/com/github/almasb/fxgl/fxgl/21.1/fxgl-21.1.jar!/fxglassets/ui/fonts/Abel-Regular.ttf
00:23:40.617 [FXGL Background Thread 4 ] DEBUG FXGLAssetLoaderServi - Loading from file system: jar:file:/C:/Users/primzcm/.m2/repository/com/github/almasb/fxgl/fxgl/21.1/fxgl-21.1.jar!/fxglassets/ui/fonts/TerminalLandMono-Regular.otf
00:23:40.619 [FXGL Background Thread 4 ] DEBUG FXGLAssetLoaderServi - Loading from file system: jar:file:/C:/Users/primzcm/.m2/repository/com/github/almasb/fxgl/fxgl/21.1/fxgl-21.1.jar!/fxglassets/ui/fonts/Courier-Prime.ttf
00:23:40.625 [JavaFX Application Thread] DEBUG FXGLApplication      - Registering font factories with UI factory
00:23:40.632 [FXGL Background Thread 1 ] INFO  FXGLApplication      - FXGL initialization took: 0.395 sec
00:23:40.644 [JavaFX Application Thread] DEBUG Input                - Registered new binding: action0 - A
00:23:40.644 [JavaFX Application Thread] DEBUG Input                - Registered new binding: action1 - D
00:23:40.644 [JavaFX Application Thread] DEBUG Input                - Registered new binding: action2 - W
00:23:40.644 [JavaFX Application Thread] DEBUG Input                - Registered new binding: action3 - S
00:23:40.645 [JavaFX Application Thread] DEBUG Input                - Registered new binding: action4 - Esc
00:23:40.645 [JavaFX Application Thread] DEBUG FXGLAssetLoaderServi - Loading from file system: jar:file:/C:/Users/primzcm/.m2/repository/com/github/almasb/fxgl/fxgl/21.1/fxgl-21.1.jar!/fxglassets/textures/fxgl_icon.png
00:23:40.700 [JavaFX Application Thread] DEBUG FXGLAssetLoaderServi - Loading from file system: jar:file:/C:/Users/primzcm/.m2/repository/com/github/almasb/fxgl/fxgl/21.1/fxgl-21.1.jar!/fxglassets/textures/fxgl_default_cursor.png
00:23:40.703 [JavaFX Application Thread] DEBUG Input                - Registered new binding: Screenshot - CTRL+8
00:23:40.704 [JavaFX Application Thread] DEBUG Input                - Registered new binding: System info dump - CTRL+9
00:23:40.704 [JavaFX Application Thread] DEBUG Input                - Registered new binding: Restart - CTRL+R
00:23:40.705 [JavaFX Application Thread] DEBUG Input                - Registered new binding: Toggle Debug Camera - CTRL+7
00:23:40.715 [JavaFX Application Thread] DEBUG LoopRunner           - Starting loop
00:23:40.715 [JavaFX Application Thread] DEBUG LoopRunner           - Initializing JavaFX AnimationTimerLoop
00:23:40.719 [JavaFX Application Thread] DEBUG Input                - Clearing active input actions
00:23:40.728 [JavaFX Application Thread] DEBUG GameApplicationServi - Removing overlay from FXGLStartupScene and adding to FXGLMainMenuDummyScene
00:23:40.728 [JavaFX Application Thread] DEBUG PrimaryStageWindow   - FXGLStartupScene -> FXGLMainMenuDummyScene
00:23:40.729 [JavaFX Application Thread] DEBUG PrimaryStageWindow   - Push state: LoginScene
00:23:40.729 [JavaFX Application Thread] DEBUG Input                - Clearing active input actions
00:23:40.745 [JavaFX Application Thread] DEBUG GameApplicationServi - Removing overlay from FXGLMainMenuDummyScene and adding to LoginScene
00:23:40.746 [JavaFX Application Thread] DEBUG PrimaryStageWindow   - FXGLMainMenuDummyScene -> LoginScene
00:23:41.004 [FXGL Background Thread 2 ] INFO  UpdaterService       - Your current version:  21+dev-SNAPSHOT
00:23:41.004 [FXGL Background Thread 2 ] INFO  UpdaterService       - Latest stable version: 21.1
00:23:43.213 [JavaFX Application Thread] DEBUG GameWorld            - Game world initialized
00:23:43.214 [JavaFX Application Thread] DEBUG PhysicsWorld         - Physics world initialized: appHeight=720, physics.ppm=50.0
00:23:43.214 [JavaFX Application Thread] DEBUG PhysicsWorld         - Using strategy: BRUTE_FORCE
00:23:43.215 [JavaFX Application Thread] DEBUG GameScene            - Game scene initialized: 1280x720
00:23:43.243 [JavaFX Application Thread] DEBUG PrimaryStageWindow   - Push state: MainMenuScene
00:23:43.278 [JavaFX Application Thread] DEBUG Input                - Clearing active input actions
00:23:43.279 [JavaFX Application Thread] DEBUG GameApplicationServi - Removing overlay from LoginScene and adding to MainMenuScene
00:23:43.280 [JavaFX Application Thread] DEBUG PrimaryStageWindow   - LoginScene -> MainMenuScene
00:23:43.280 [JavaFX Application Thread] DEBUG GameWorld            - Game world initialized
00:23:43.280 [JavaFX Application Thread] DEBUG PhysicsWorld         - Physics world initialized: appHeight=720, physics.ppm=50.0
00:23:43.280 [JavaFX Application Thread] DEBUG PhysicsWorld         - Using strategy: BRUTE_FORCE
00:23:43.281 [JavaFX Application Thread] DEBUG GameScene            - Game scene initialized: 1280x720
00:23:43.292 [JavaFX Application Thread] DEBUG PrimaryStageWindow   - Push state: MainMenuScene
00:23:43.329 [JavaFX Application Thread] DEBUG Input                - Clearing active input actions
00:23:43.330 [JavaFX Application Thread] DEBUG GameApplicationServi - Removing overlay from MainMenuScene and adding to MainMenuScene
00:23:43.330 [JavaFX Application Thread] DEBUG PrimaryStageWindow   - MainMenuScene -> MainMenuScene
00:23:43.611 [FXGL Background Thread 3 ] DEBUG Engine               - Logging environment variables
00:23:43.611 [FXGL Background Thread 3 ] DEBUG Engine               - achievements: []
00:23:43.611 [FXGL Background Thread 3 ] DEBUG Engine               - actualHeight: 720.0
00:23:43.612 [FXGL Background Thread 3 ] DEBUG Engine               - actualHeightProperty: ReadOnlyDoubleProperty [value: 720.0]
00:23:43.612 [FXGL Background Thread 3 ] DEBUG Engine               - actualWidth: 1280.0
00:23:43.612 [FXGL Background Thread 3 ] DEBUG Engine               - actualWidthProperty: ReadOnlyDoubleProperty [value: 1280.0]
00:23:43.612 [FXGL Background Thread 3 ] DEBUG Engine               - appIcon: fxgl_icon.png
00:23:43.612 [FXGL Background Thread 3 ] DEBUG Engine               - applicationMode: DEVELOPER
00:23:43.612 [FXGL Background Thread 3 ] DEBUG Engine               - cSSList: [fxgl_dark.css]
00:23:43.612 [FXGL Background Thread 3 ] DEBUG Engine               - collisionDetectionStrategy: BRUTE_FORCE
00:23:43.612 [FXGL Background Thread 3 ] DEBUG Engine               - configClass: Optional.empty
00:23:43.612 [FXGL Background Thread 3 ] DEBUG Engine               - credits: []
00:23:43.613 [FXGL Background Thread 3 ] DEBUG Engine               - defaultCursor: CursorInfo(imageName=fxgl_default_cursor.png, hotspotX=7.0, hotspotY=6.0)
00:23:43.614 [FXGL Background Thread 3 ] DEBUG Engine               - devBBoxColorProperty: ObjectProperty [value: 0xff0000ff]
00:23:43.614 [FXGL Background Thread 3 ] DEBUG Engine               - devEnableDebugCameraProperty: BooleanProperty [value: false]
00:23:43.614 [FXGL Background Thread 3 ] DEBUG Engine               - devSensorColorProperty: ObjectProperty [value: 0xffff00ff]
00:23:43.614 [FXGL Background Thread 3 ] DEBUG Engine               - devShowBBoxProperty: BooleanProperty [value: false]
00:23:43.614 [FXGL Background Thread 3 ] DEBUG Engine               - devShowPositionProperty: BooleanProperty [value: false]
00:23:43.614 [FXGL Background Thread 3 ] DEBUG Engine               - enabledMenuItems: []
00:23:43.614 [FXGL Background Thread 3 ] DEBUG Engine               - engineServices: [class com.almasb.fxgl.app.services.FXGLAssetLoaderService, class com.almasb.fxgl.app.FXGLApplication$GameApplicationService, class com.almasb.fxgl.app.services.FXGLDialogService, class com.almasb.fxgl.app.services.IOTaskExecutorService, class com.almasb.fxgl.io.FileSystemService, class com.almasb.fxgl.localization.LocalizationService, class com.almasb.fxgl.app.services.SystemBundleService, class com.almasb.fxgl.profile.SaveLoadService, class com.almasb.fxgl.ui.FXGLUIFactoryServiceProvider, class com.almasb.fxgl.ui.FXGLDialogFactoryServiceProvider, class com.almasb.fxgl.audio.AudioPlayer, class com.almasb.fxgl.notification.impl.NotificationServiceProvider, class com.almasb.fxgl.achievement.AchievementService, class com.almasb.fxgl.cutscene.CutsceneService, class com.almasb.fxgl.minigames.MiniGameService, class com.almasb.fxgl.net.NetService, class com.almasb.fxgl.app.services.UpdaterService, class com.almasb.fxgl.dev.DevService]
00:23:43.614 [FXGL Background Thread 3 ] DEBUG Engine               - fontGame: Abel-Regular.ttf
00:23:43.614 [FXGL Background Thread 3 ] DEBUG Engine               - fontMono: TerminalLandMono-Regular.otf
00:23:43.614 [FXGL Background Thread 3 ] DEBUG Engine               - fontSizeScaleUI: 1.0
00:23:43.614 [FXGL Background Thread 3 ] DEBUG Engine               - fontText: Courier-Prime.ttf
00:23:43.614 [FXGL Background Thread 3 ] DEBUG Engine               - fontUI: VarelaRound-Regular.ttf
00:23:43.614 [FXGL Background Thread 3 ] DEBUG Engine               - fullScreen: BooleanProperty [value: false]
00:23:43.614 [FXGL Background Thread 3 ] DEBUG Engine               - gameDifficulty: MEDIUM
00:23:43.614 [FXGL Background Thread 3 ] DEBUG Engine               - gameDifficultyProperty: ObjectProperty [value: MEDIUM]
00:23:43.614 [FXGL Background Thread 3 ] DEBUG Engine               - globalMusicVolume: 0.5
00:23:43.614 [FXGL Background Thread 3 ] DEBUG Engine               - globalMusicVolumeProperty: DoubleProperty [value: 0.5]
00:23:43.614 [FXGL Background Thread 3 ] DEBUG Engine               - globalSoundVolume: 0.5
00:23:43.614 [FXGL Background Thread 3 ] DEBUG Engine               - globalSoundVolumeProperty: DoubleProperty [value: 0.5]
00:23:43.614 [FXGL Background Thread 3 ] DEBUG Engine               - height: 720
00:23:43.614 [FXGL Background Thread 3 ] DEBUG Engine               - is3D: false
00:23:43.614 [FXGL Background Thread 3 ] DEBUG Engine               - isAndroid: false
00:23:43.614 [FXGL Background Thread 3 ] DEBUG Engine               - isBrowser: false
00:23:43.614 [FXGL Background Thread 3 ] DEBUG Engine               - isClickFeedbackEnabled: false
00:23:43.614 [FXGL Background Thread 3 ] DEBUG Engine               - isCloseConfirmation: false
00:23:43.614 [FXGL Background Thread 3 ] DEBUG Engine               - isDesktop: true
00:23:43.614 [FXGL Background Thread 3 ] DEBUG Engine               - isDeveloperMenuEnabled: false
00:23:43.614 [FXGL Background Thread 3 ] DEBUG Engine               - isEmbedded: false
00:23:43.614 [FXGL Background Thread 3 ] DEBUG Engine               - isEntityPreloadEnabled: true
00:23:43.614 [FXGL Background Thread 3 ] DEBUG Engine               - isExperimentalTiledLargeMap: false
00:23:43.615 [FXGL Background Thread 3 ] DEBUG Engine               - isFileSystemWriteAllowed: true
00:23:43.615 [FXGL Background Thread 3 ] DEBUG Engine               - isFullScreenAllowed: false
00:23:43.615 [FXGL Background Thread 3 ] DEBUG Engine               - isFullScreenFromStart: false
00:23:43.615 [FXGL Background Thread 3 ] DEBUG Engine               - isGameMenuEnabled: false
00:23:43.615 [FXGL Background Thread 3 ] DEBUG Engine               - isIOS: false
00:23:43.615 [FXGL Background Thread 3 ] DEBUG Engine               - isIntroEnabled: false
00:23:43.615 [FXGL Background Thread 3 ] DEBUG Engine               - isLinux: false
00:23:43.615 [FXGL Background Thread 3 ] DEBUG Engine               - isMac: false
00:23:43.615 [FXGL Background Thread 3 ] DEBUG Engine               - isMainMenuEnabled: true
00:23:43.615 [FXGL Background Thread 3 ] DEBUG Engine               - isManualResizeEnabled: false
00:23:43.615 [FXGL Background Thread 3 ] DEBUG Engine               - isMobile: false
00:23:43.615 [FXGL Background Thread 3 ] DEBUG Engine               - isNative: false
00:23:43.615 [FXGL Background Thread 3 ] DEBUG Engine               - isPauseMusicWhenMinimized: true
00:23:43.615 [FXGL Background Thread 3 ] DEBUG Engine               - isPreserveResizeRatio: false
00:23:43.615 [FXGL Background Thread 3 ] DEBUG Engine               - isProfilingEnabled: false
00:23:43.615 [FXGL Background Thread 3 ] DEBUG Engine               - isScaleAffectedOnResize: true
00:23:43.615 [FXGL Background Thread 3 ] DEBUG Engine               - isSingleStep: false
00:23:43.615 [FXGL Background Thread 3 ] DEBUG Engine               - isUserProfileEnabled: false
00:23:43.615 [FXGL Background Thread 3 ] DEBUG Engine               - isWindows: true
00:23:43.615 [FXGL Background Thread 3 ] DEBUG Engine               - language: ObjectProperty [value: ENGLISH]
00:23:43.615 [FXGL Background Thread 3 ] DEBUG Engine               - menuKey: ESCAPE
00:23:43.615 [FXGL Background Thread 3 ] DEBUG Engine               - mouseSensitivity: 0.2
00:23:43.615 [FXGL Background Thread 3 ] DEBUG Engine               - notificationViewClass: class com.almasb.fxgl.notification.view.XboxNotificationView
00:23:43.615 [FXGL Background Thread 3 ] DEBUG Engine               - pixelsPerMeter: 50.0
00:23:43.615 [FXGL Background Thread 3 ] DEBUG Engine               - platform: WINDOWS
00:23:43.615 [FXGL Background Thread 3 ] DEBUG Engine               - prefHeightProperty: ReadOnlyDoubleProperty [value: 720.0]
00:23:43.615 [FXGL Background Thread 3 ] DEBUG Engine               - prefWidthProperty: ReadOnlyDoubleProperty [value: 1280.0]
00:23:43.615 [FXGL Background Thread 3 ] DEBUG Engine               - profileDir: profiles/
00:23:43.615 [FXGL Background Thread 3 ] DEBUG Engine               - profileName: StringProperty [value: DEFAULT]
00:23:43.615 [FXGL Background Thread 3 ] DEBUG Engine               - randomSeed: -1
00:23:43.616 [FXGL Background Thread 3 ] DEBUG Engine               - runtimeInfo: RuntimeInfo(platform=WINDOWS, version=21+dev-SNAPSHOT, build=26.03.2024 19.46)
00:23:43.616 [FXGL Background Thread 3 ] DEBUG Engine               - saveFileExt: sav
00:23:43.616 [FXGL Background Thread 3 ] DEBUG Engine               - scaledHeightProp$fxgl: DoubleProperty [bound, value: 720.0]
00:23:43.616 [FXGL Background Thread 3 ] DEBUG Engine               - scaledWidthProp$fxgl: DoubleProperty [bound, value: 1280.0]
00:23:43.616 [FXGL Background Thread 3 ] DEBUG Engine               - sceneFactory: org.example.core.GameApp$1@18f01f3e
00:23:43.616 [FXGL Background Thread 3 ] DEBUG Engine               - secondsIn24h: 60
00:23:43.616 [FXGL Background Thread 3 ] DEBUG Engine               - soundMenuBack: menu/back.wav
00:23:43.616 [FXGL Background Thread 3 ] DEBUG Engine               - soundMenuPress: menu/press.wav
00:23:43.616 [FXGL Background Thread 3 ] DEBUG Engine               - soundMenuSelect: menu/select.wav
00:23:43.616 [FXGL Background Thread 3 ] DEBUG Engine               - soundNotification: core/notification.wav
00:23:43.616 [FXGL Background Thread 3 ] DEBUG Engine               - stageStyle: DECORATED
00:23:43.616 [FXGL Background Thread 3 ] DEBUG Engine               - supportedLanguages: [ENGLISH, FRENCH, GERMAN, HUNGARIAN, RUSSIAN]
00:23:43.616 [FXGL Background Thread 3 ] DEBUG Engine               - ticksPerSecond: -1
00:23:43.616 [FXGL Background Thread 3 ] DEBUG Engine               - title: Prototype Game
00:23:43.616 [FXGL Background Thread 3 ] DEBUG Engine               - urlGithub: https://github.com/AlmasB/FXGL
00:23:43.616 [FXGL Background Thread 3 ] DEBUG Engine               - urlLeaderboard: http://fxgl-top.herokuapp.com/
00:23:43.616 [FXGL Background Thread 3 ] DEBUG Engine               - urlPOM: https://raw.githubusercontent.com/AlmasB/FXGL/release/README.md
00:23:43.616 [FXGL Background Thread 3 ] DEBUG Engine               - userAppClass: class org.example.core.GameApp
00:23:43.616 [FXGL Background Thread 3 ] DEBUG Engine               - version: 0.1.5
00:23:43.616 [FXGL Background Thread 3 ] DEBUG Engine               - versionCheckDays: 7
00:23:43.616 [FXGL Background Thread 3 ] DEBUG Engine               - width: 1280
00:23:43.616 [FXGL Background Thread 3 ] DEBUG Engine               - Logging services
00:23:43.616 [FXGL Background Thread 3 ] DEBUG Engine               - class com.almasb.fxgl.app.services.FXGLAssetLoaderService
00:23:43.616 [FXGL Background Thread 3 ] DEBUG Engine               - class com.almasb.fxgl.app.FXGLApplication$GameApplicationService
00:23:43.616 [FXGL Background Thread 3 ] DEBUG Engine               - class com.almasb.fxgl.app.services.FXGLDialogService
00:23:43.616 [FXGL Background Thread 3 ] DEBUG Engine               - class com.almasb.fxgl.app.services.IOTaskExecutorService
00:23:43.616 [FXGL Background Thread 3 ] DEBUG Engine               - class com.almasb.fxgl.io.FileSystemService
00:23:43.616 [FXGL Background Thread 3 ] DEBUG Engine               - class com.almasb.fxgl.localization.LocalizationService
00:23:43.616 [FXGL Background Thread 3 ] DEBUG Engine               - class com.almasb.fxgl.app.services.SystemBundleService
00:23:43.616 [FXGL Background Thread 3 ] DEBUG Engine               - class com.almasb.fxgl.profile.SaveLoadService
00:23:43.616 [FXGL Background Thread 3 ] DEBUG Engine               - class com.almasb.fxgl.ui.FXGLUIFactoryServiceProvider
00:23:43.616 [FXGL Background Thread 3 ] DEBUG Engine               - class com.almasb.fxgl.ui.FXGLDialogFactoryServiceProvider
00:23:43.616 [FXGL Background Thread 3 ] DEBUG Engine               - class com.almasb.fxgl.audio.AudioPlayer
00:23:43.616 [FXGL Background Thread 3 ] DEBUG Engine               - class com.almasb.fxgl.notification.impl.NotificationServiceProvider
00:23:43.616 [FXGL Background Thread 3 ] DEBUG Engine               - class com.almasb.fxgl.achievement.AchievementService
00:23:43.616 [FXGL Background Thread 3 ] DEBUG Engine               - class com.almasb.fxgl.cutscene.CutsceneService
00:23:43.616 [FXGL Background Thread 3 ] DEBUG Engine               - class com.almasb.fxgl.minigames.MiniGameService
00:23:43.617 [FXGL Background Thread 3 ] DEBUG Engine               - class com.almasb.fxgl.net.NetService
00:23:43.617 [FXGL Background Thread 3 ] DEBUG Engine               - class com.almasb.fxgl.app.services.UpdaterService
00:23:43.617 [FXGL Background Thread 3 ] DEBUG Engine               - class com.almasb.fxgl.dev.DevService
00:23:45.049 [JavaFX Application Thread] DEBUG GameApplicationServi - Starting new game
00:23:45.050 [JavaFX Application Thread] DEBUG PrimaryStageWindow   - Pop state: MainMenuScene
00:23:45.050 [JavaFX Application Thread] DEBUG Input                - Clearing active input actions
00:23:45.050 [JavaFX Application Thread] DEBUG GameApplicationServi - Removing overlay from MainMenuScene and adding to MainMenuScene
00:23:45.051 [JavaFX Application Thread] DEBUG PrimaryStageWindow   - MainMenuScene <- MainMenuScene
00:23:45.123 [JavaFX Application Thread] DEBUG PrimaryStageWindow   - Pop state: MainMenuScene
00:23:45.123 [JavaFX Application Thread] DEBUG Input                - Clearing active input actions
00:23:45.123 [JavaFX Application Thread] DEBUG GameApplicationServi - Removing overlay from MainMenuScene and adding to LoginScene
00:23:45.123 [JavaFX Application Thread] DEBUG PrimaryStageWindow   - LoginScene <- MainMenuScene
00:23:45.246 [JavaFX Application Thread] DEBUG PrimaryStageWindow   - Pop state: LoginScene
00:23:45.247 [JavaFX Application Thread] DEBUG Input                - Clearing active input actions
00:23:45.247 [JavaFX Application Thread] DEBUG GameApplicationServi - Removing overlay from LoginScene and adding to FXGLMainMenuDummyScene
00:23:45.247 [JavaFX Application Thread] DEBUG PrimaryStageWindow   - FXGLMainMenuDummyScene <- LoginScene
00:23:45.247 [JavaFX Application Thread] DEBUG Input                - Clearing active input actions
00:23:45.256 [JavaFX Application Thread] DEBUG GameApplicationServi - Removing overlay from FXGLMainMenuDummyScene and adding to FXGLLoadingScene
00:23:45.256 [JavaFX Application Thread] DEBUG PrimaryStageWindow   - FXGLMainMenuDummyScene -> FXGLLoadingScene
00:23:45.256 [JavaFX Application Thread] DEBUG GameApplicationServi - Clearing previous game
00:23:45.256 [JavaFX Application Thread] DEBUG GameScene            - Clearing game scene
00:23:45.256 [JavaFX Application Thread] DEBUG GameWorld            - Clearing game world
00:23:45.256 [JavaFX Application Thread] DEBUG PhysicsWorld         - Clearing physics world
00:23:45.258 [FXGL Background Thread 2 ] DEBUG FXGLApplication      - Initializing game
00:23:45.273 [FXGL Background Thread 2 ] DEBUG FXGLAssetLoaderServi - Loading from file system: file:/F:/my%20files/School/2nd%20year%202nd%20sem/TheOnlyException/Test/target/classes/assets/textures/worlda.png
00:23:45.365 [FXGL Background Thread 2 ] DEBUG FXGLAssetLoaderServi - Loading from file system: file:/F:/my%20files/School/2nd%20year%202nd%20sem/TheOnlyException/Test/target/classes/assets/textures/player-scaled.png
00:23:45.423 [FXGL Background Thread 2 ] INFO  FXGLApplication      - Game initialization took: 0.164 sec
00:23:45.423 [JavaFX Application Thread] DEBUG Input                - Clearing active input actions
00:23:45.428 [JavaFX Application Thread] DEBUG GameApplicationServi - Removing overlay from FXGLLoadingScene and adding to GameScene
00:23:45.428 [JavaFX Application Thread] DEBUG PrimaryStageWindow   - FXGLLoadingScene -> GameScene
00:23:45.971 [JavaFX Application Thread] DEBUG FXGLAssetLoaderServi - Loading from file system: file:/F:/my%20files/School/2nd%20year%202nd%20sem/TheOnlyException/Test/target/classes/assets/textures/MaggotWalk-scaled-recolored.png
00:23:45.978 [JavaFX Application Thread] DEBUG FXGLAssetLoaderServi - Loading from file system: file:/F:/my%20files/School/2nd%20year%202nd%20sem/TheOnlyException/Test/target/classes/assets/textures/BeetleMove-scaled-recolored.png
00:23:45.980 [JavaFX Application Thread] DEBUG FXGLAssetLoaderServi - Loading from file system: file:/F:/my%20files/School/2nd%20year%202nd%20sem/TheOnlyException/Test/target/classes/assets/textures/MantisMove-scaled-recolored.png
00:23:45.982 [JavaFX Application Thread] DEBUG FXGLAssetLoaderServi - Loading from file system: file:/F:/my%20files/School/2nd%20year%202nd%20sem/TheOnlyException/Test/target/classes/assets/textures/BeeMove-scaled-recolored.png
00:23:45.983 [JavaFX Application Thread] DEBUG FXGLAssetLoaderServi - Loading from file system: file:/F:/my%20files/School/2nd%20year%202nd%20sem/TheOnlyException/Test/target/classes/assets/textures/GiantFly-recolored.png
00:23:45.985 [JavaFX Application Thread] DEBUG FXGLAssetLoaderServi - Loading from file system: file:/F:/my%20files/School/2nd%20year%202nd%20sem/TheOnlyException/Test/target/classes/assets/textures/DragonFly-recolored.png
00:23:50.043 [JavaFX Application Thread] DEBUG FXGLAssetLoaderServi - Loading from file system: file:/F:/my%20files/School/2nd%20year%202nd%20sem/TheOnlyException/Test/target/classes/assets/textures/memorychip.png
00:23:51.502 [JavaFX Application Thread] DEBUG FXGLAssetLoaderServi - Loading from file system: file:/F:/my%20files/School/2nd%20year%202nd%20sem/TheOnlyException/Test/target/classes/assets/textures/systemrestore.png
00:23:51.517 [JavaFX Application Thread] DEBUG FXGLAssetLoaderServi - Loading from file system: file:/F:/my%20files/School/2nd%20year%202nd%20sem/TheOnlyException/Test/target/classes/assets/textures/shortcircuit.png
00:23:51.537 [JavaFX Application Thread] DEBUG FXGLAssetLoaderServi - Loading from file system: file:/F:/my%20files/School/2nd%20year%202nd%20sem/TheOnlyException/Test/target/classes/assets/textures/realtimedefense.png
00:23:51.556 [JavaFX Application Thread] WARN  FXGLAssetLoaderServi - Asset "/assets/textures/gun.png" was not found!
00:23:51.556 [JavaFX Application Thread] WARN  FXGLAssetLoaderServi - Failed to load IMAGE
00:23:51.565 [JavaFX Application Thread] DEBUG PrimaryStageWindow   - Push state: DialogSubScene
00:23:51.565 [JavaFX Application Thread] DEBUG Input                - Clearing active input actions
00:23:51.566 [JavaFX Application Thread] DEBUG GameApplicationServi - Removing overlay from GameScene and adding to DialogSubScene
00:23:51.566 [JavaFX Application Thread] DEBUG PrimaryStageWindow   - GameScene -> DialogSubScene
00:23:55.760 [JavaFX Application Thread] DEBUG PrimaryStageWindow   - Pop state: DialogSubScene
00:23:55.760 [JavaFX Application Thread] DEBUG Input                - Clearing active input actions
00:23:55.760 [JavaFX Application Thread] DEBUG GameApplicationServi - Removing overlay from DialogSubScene and adding to GameScene
00:23:55.760 [JavaFX Application Thread] DEBUG PrimaryStageWindow   - GameScene <- DialogSubScene
00:23:58.183 [JavaFX Application Thread] DEBUG FXGLAssetLoaderServi - Loading from file system: file:/F:/my%20files/School/2nd%20year%202nd%20sem/TheOnlyException/Test/target/classes/assets/textures/firewallshield.png
00:23:58.199 [JavaFX Application Thread] DEBUG FXGLAssetLoaderServi - Loading from file system: file:/F:/my%20files/School/2nd%20year%202nd%20sem/TheOnlyException/Test/target/classes/assets/textures/datawipe.png
00:23:58.215 [JavaFX Application Thread] WARN  FXGLAssetLoaderServi - Asset "/assets/textures/gun.png" was not found!
00:23:58.215 [JavaFX Application Thread] WARN  FXGLAssetLoaderServi - Failed to load IMAGE
00:23:58.215 [JavaFX Application Thread] DEBUG PrimaryStageWindow   - Push state: DialogSubScene
00:23:58.215 [JavaFX Application Thread] DEBUG Input                - Clearing active input actions
00:23:58.216 [JavaFX Application Thread] DEBUG GameApplicationServi - Removing overlay from GameScene and adding to DialogSubScene
00:23:58.216 [JavaFX Application Thread] DEBUG PrimaryStageWindow   - GameScene -> DialogSubScene
00:24:01.910 [JavaFX Application Thread] DEBUG PrimaryStageWindow   - Pop state: DialogSubScene
00:24:01.910 [JavaFX Application Thread] DEBUG Input                - Clearing active input actions
00:24:01.910 [JavaFX Application Thread] DEBUG GameApplicationServi - Removing overlay from DialogSubScene and adding to GameScene
00:24:01.910 [JavaFX Application Thread] DEBUG PrimaryStageWindow   - GameScene <- DialogSubScene
00:24:01.914 [JavaFX Application Thread] WARN  FXGLAssetLoaderServi - Asset "/assets/textures/particles/spark.png" was not found!
00:24:01.914 [JavaFX Application Thread] WARN  FXGLAssetLoaderServi - Failed to load RESIZABLE_IMAGE
00:24:04.393 [JavaFX Application Thread] DEBUG PrimaryStageWindow   - Push state: DialogSubScene
00:24:04.394 [JavaFX Application Thread] DEBUG Input                - Clearing active input actions
00:24:04.394 [JavaFX Application Thread] DEBUG GameApplicationServi - Removing overlay from GameScene and adding to DialogSubScene
00:24:04.394 [JavaFX Application Thread] DEBUG PrimaryStageWindow   - GameScene -> DialogSubScene
00:24:08.945 [JavaFX Application Thread] DEBUG PrimaryStageWindow   - Pop state: DialogSubScene
00:24:08.945 [JavaFX Application Thread] DEBUG Input                - Clearing active input actions
00:24:08.945 [JavaFX Application Thread] DEBUG GameApplicationServi - Removing overlay from DialogSubScene and adding to GameScene
00:24:08.945 [JavaFX Application Thread] DEBUG PrimaryStageWindow   - GameScene <- DialogSubScene
00:24:11.654 [JavaFX Application Thread] WARN  FXGLAssetLoaderServi - Asset "/assets/textures/gun.png" was not found!
00:24:11.654 [JavaFX Application Thread] WARN  FXGLAssetLoaderServi - Failed to load IMAGE
00:24:11.655 [JavaFX Application Thread] DEBUG FXGLAssetLoaderServi - Loading from file system: file:/F:/my%20files/School/2nd%20year%202nd%20sem/TheOnlyException/Test/target/classes/assets/textures/smolderprotocol.png
00:24:11.684 [JavaFX Application Thread] DEBUG PrimaryStageWindow   - Push state: DialogSubScene
00:24:11.684 [JavaFX Application Thread] DEBUG Input                - Clearing active input actions
00:24:11.684 [JavaFX Application Thread] DEBUG GameApplicationServi - Removing overlay from GameScene and adding to DialogSubScene
00:24:11.684 [JavaFX Application Thread] DEBUG PrimaryStageWindow   - GameScene -> DialogSubScene
00:24:14.812 [JavaFX Application Thread] DEBUG PrimaryStageWindow   - Pop state: DialogSubScene
00:24:14.812 [JavaFX Application Thread] DEBUG Input                - Clearing active input actions
00:24:14.813 [JavaFX Application Thread] DEBUG GameApplicationServi - Removing overlay from DialogSubScene and adding to GameScene
00:24:14.813 [JavaFX Application Thread] DEBUG PrimaryStageWindow   - GameScene <- DialogSubScene
00:24:14.969 [JavaFX Application Thread] DEBUG FXGLAssetLoaderServi - Loading from file system: file:/F:/my%20files/School/2nd%20year%202nd%20sem/TheOnlyException/Test/target/classes/assets/textures/smolder.png
00:24:17.057 [JavaFX Application Thread] WARN  FXGLAssetLoaderServi - Asset "/assets/textures/particles/spark.png" was not found!
00:24:17.057 [JavaFX Application Thread] WARN  FXGLAssetLoaderServi - Failed to load RESIZABLE_IMAGE
00:24:18.034 [JavaFX Application Thread] WARN  FXGLAssetLoaderServi - Asset "/assets/textures/gun.png" was not found!
00:24:18.034 [JavaFX Application Thread] WARN  FXGLAssetLoaderServi - Failed to load IMAGE
00:24:18.035 [JavaFX Application Thread] DEBUG PrimaryStageWindow   - Push state: DialogSubScene
00:24:18.035 [JavaFX Application Thread] DEBUG Input                - Clearing active input actions
00:24:18.035 [JavaFX Application Thread] DEBUG GameApplicationServi - Removing overlay from GameScene and adding to DialogSubScene
00:24:18.035 [JavaFX Application Thread] DEBUG PrimaryStageWindow   - GameScene -> DialogSubScene
00:24:19.480 [JavaFX Application Thread] DEBUG PrimaryStageWindow   - Pop state: DialogSubScene
00:24:19.480 [JavaFX Application Thread] DEBUG Input                - Clearing active input actions
00:24:19.481 [JavaFX Application Thread] DEBUG GameApplicationServi - Removing overlay from DialogSubScene and adding to GameScene
00:24:19.481 [JavaFX Application Thread] DEBUG PrimaryStageWindow   - GameScene <- DialogSubScene
00:24:19.481 [JavaFX Application Thread] DEBUG FXGLAssetLoaderServi - Loading from file system: file:/F:/my%20files/School/2nd%20year%202nd%20sem/TheOnlyException/Test/target/classes/assets/textures/realtimedefenseaura.png
00:24:28.952 [JavaFX Application Thread] DEBUG PrimaryStageWindow   - Push state: DialogSubScene
00:24:28.952 [JavaFX Application Thread] DEBUG Input                - Clearing active input actions
00:24:28.952 [JavaFX Application Thread] DEBUG GameApplicationServi - Removing overlay from GameScene and adding to DialogSubScene
00:24:28.952 [JavaFX Application Thread] DEBUG PrimaryStageWindow   - GameScene -> DialogSubScene
00:24:30.370 [JavaFX Application Thread] DEBUG PrimaryStageWindow   - Pop state: DialogSubScene
00:24:30.370 [JavaFX Application Thread] DEBUG Input                - Clearing active input actions
00:24:30.370 [JavaFX Application Thread] DEBUG GameApplicationServi - Removing overlay from DialogSubScene and adding to GameScene
00:24:30.370 [JavaFX Application Thread] DEBUG PrimaryStageWindow   - GameScene <- DialogSubScene
00:24:34.039 [JavaFX Application Thread] WARN  FXGLAssetLoaderServi - Asset "/assets/textures/particles/spark.png" was not found!
00:24:34.039 [JavaFX Application Thread] WARN  FXGLAssetLoaderServi - Failed to load RESIZABLE_IMAGE
00:24:41.959 [JavaFX Application Thread] WARN  FXGLAssetLoaderServi - Asset "/assets/textures/gun.png" was not found!
00:24:41.959 [JavaFX Application Thread] WARN  FXGLAssetLoaderServi - Failed to load IMAGE
00:24:41.960 [JavaFX Application Thread] DEBUG PrimaryStageWindow   - Push state: DialogSubScene
00:24:41.960 [JavaFX Application Thread] DEBUG Input                - Clearing active input actions
00:24:41.960 [JavaFX Application Thread] DEBUG GameApplicationServi - Removing overlay from GameScene and adding to DialogSubScene
00:24:41.960 [JavaFX Application Thread] DEBUG PrimaryStageWindow   - GameScene -> DialogSubScene
00:24:47.166 [JavaFX Application Thread] DEBUG PrimaryStageWindow   - Pop state: DialogSubScene
00:24:47.166 [JavaFX Application Thread] DEBUG Input                - Clearing active input actions
00:24:47.167 [JavaFX Application Thread] DEBUG GameApplicationServi - Removing overlay from DialogSubScene and adding to GameScene
00:24:47.167 [JavaFX Application Thread] DEBUG PrimaryStageWindow   - GameScene <- DialogSubScene
00:24:47.257 [JavaFX Application Thread] WARN  FXGLAssetLoaderServi - Asset "/assets/textures/particles/glassparticle.png" was not found!
00:24:47.257 [JavaFX Application Thread] WARN  FXGLAssetLoaderServi - Failed to load RESIZABLE_IMAGE
00:24:49.684 [JavaFX Application Thread] DEBUG FXGLAssetLoaderServi - Loading from file system: file:/F:/my%20files/School/2nd%20year%202nd%20sem/TheOnlyException/Test/target/classes/assets/textures/lightning_strike.png
00:24:51.473 [JavaFX Application Thread] WARN  FXGLAssetLoaderServi - Asset "/assets/textures/particles/spark.png" was not found!
00:24:51.473 [JavaFX Application Thread] WARN  FXGLAssetLoaderServi - Failed to load RESIZABLE_IMAGE
00:25:01.190 [JavaFX Application Thread] WARN  FXGLAssetLoaderServi - Asset "/assets/textures/gun.png" was not found!
00:25:01.190 [JavaFX Application Thread] WARN  FXGLAssetLoaderServi - Failed to load IMAGE
00:25:01.191 [JavaFX Application Thread] DEBUG PrimaryStageWindow   - Push state: DialogSubScene
00:25:01.191 [JavaFX Application Thread] DEBUG Input                - Clearing active input actions
00:25:01.191 [JavaFX Application Thread] DEBUG GameApplicationServi - Removing overlay from GameScene and adding to DialogSubScene
00:25:01.191 [JavaFX Application Thread] DEBUG PrimaryStageWindow   - GameScene -> DialogSubScene
00:25:02.869 [JavaFX Application Thread] DEBUG PrimaryStageWindow   - Pop state: DialogSubScene
00:25:02.869 [JavaFX Application Thread] DEBUG Input                - Clearing active input actions
00:25:02.870 [JavaFX Application Thread] DEBUG GameApplicationServi - Removing overlay from DialogSubScene and adding to GameScene
00:25:02.870 [JavaFX Application Thread] DEBUG PrimaryStageWindow   - GameScene <- DialogSubScene
00:25:03.119 [JavaFX Application Thread] WARN  FXGLAssetLoaderServi - Asset "/assets/textures/particles/glassparticle.png" was not found!
00:25:03.119 [JavaFX Application Thread] WARN  FXGLAssetLoaderServi - Failed to load RESIZABLE_IMAGE
00:25:07.234 [JavaFX Application Thread] WARN  FXGLAssetLoaderServi - Asset "/assets/textures/particles/spark.png" was not found!
00:25:07.235 [JavaFX Application Thread] WARN  FXGLAssetLoaderServi - Failed to load RESIZABLE_IMAGE
00:25:11.311 [JavaFX Application Thread] DEBUG FXGLApplication      - Exiting FXGL
00:25:11.311 [JavaFX Application Thread] DEBUG LoopRunner           - Stopping loop
00:25:11.311 [JavaFX Application Thread] DEBUG SystemBundleService  - Saving FXGL system data
00:25:11.313 [JavaFX Application Thread] DEBUG FileSystemAccess     - Writing to: F:\my files\School\2nd year 2nd sem\TheOnlyException\system\fxgl.bundle
00:25:11.383 [JavaFX Application Thread] DEBUG Async                - Shutting down background threads
00:25:11.383 [JavaFX Application Thread] DEBUG PrimaryStageWindow   - Closing main window
00:25:11.399 [JavaFX Application Thread] DEBUG Logger               - Closing Logger
