20:52:12.430 [main                     ] DEBUG Logger               - Configured Logger
20:52:12.433 [main                     ] DEBUG GameApplication      - Logging settings
Title: Prototype
Version: 0.1
Width: 1280
Height: 720
Fullscreen: false
Intro: false
Profiling: false
Single step:false
App Mode: DEVELOPER
Menu Key: ESCAPE
Stage Style: DECORATED
Scene Factory: class com.almasb.fxgl.app.scene.SceneFactory

20:52:12.720 [JavaFX Application Thread] DEBUG FXGLApplication      - Initializing FXGL
20:52:12.722 [JavaFX Application Thread] INFO  Engine               - FXGL-17+dev-SNAPSHOT (23.08.2022 11.12) on WINDOWS (J:24 FX:18)
20:52:12.723 [JavaFX Application Thread] DEBUG Engine               - JRE Vendor Name: Oracle Corporation
20:52:12.723 [JavaFX Application Thread] DEBUG Engine               - Running on OS: Windows 11 version 10.0
20:52:12.723 [JavaFX Application Thread] DEBUG Engine               - Architecture: amd64
20:52:12.723 [JavaFX Application Thread] INFO  Engine               - Source code and latest versions at: https://github.com/AlmasB/FXGL
20:52:12.723 [JavaFX Application Thread] INFO  Engine               -       Ask questions and discuss at: https://github.com/AlmasB/FXGL/discussions
20:52:12.723 [JavaFX Application Thread] INFO  Engine               -              Join the FXGL chat at: https://gitter.im/AlmasB/FXGL
20:52:12.800 [JavaFX Application Thread] DEBUG PrimaryStageWindow   - Creating a JavaFX scene
20:52:12.835 [JavaFX Application Thread] DEBUG PrimaryStageWindow   - Target settings size: 1280.0 x 720.0
20:52:12.835 [JavaFX Application Thread] DEBUG PrimaryStageWindow   - Scaled scene size:    1280.0 x 720.0
20:52:12.835 [JavaFX Application Thread] DEBUG PrimaryStageWindow   - Scaled ratio: (1.0, 1.0)
20:52:12.836 [JavaFX Application Thread] DEBUG PrimaryStageWindow   - Set initial scene to FXGLStartupScene
20:52:12.841 [JavaFX Application Thread] DEBUG PrimaryStageWindow   - Opening main window
20:52:12.916 [JavaFX Application Thread] DEBUG PrimaryStageWindow   - Window border size: (16.0, 39.0)
20:52:12.916 [JavaFX Application Thread] DEBUG PrimaryStageWindow   - Scaled size: 1280.0 x 720.0
20:52:12.916 [JavaFX Application Thread] DEBUG PrimaryStageWindow   - Scaled ratio: (1.0, 1.0)
20:52:12.916 [JavaFX Application Thread] DEBUG PrimaryStageWindow   - Scene size: 1280.0 x 720.0
20:52:12.916 [JavaFX Application Thread] DEBUG PrimaryStageWindow   - Stage size: 1296.0 x 759.0
20:52:12.920 [FXGL Background Thread 1 ] DEBUG Engine               - Initializing environment variables
20:52:12.947 [FXGL Background Thread 1 ] DEBUG FXGLAssetLoaderServi - User app class for loading assets: class org.example.GameApp
20:52:12.947 [FXGL Background Thread 1 ] DEBUG GameApplicationServi - Applying CSS: fxgl_dark.css
20:52:12.948 [FXGL Background Thread 1 ] DEBUG FXGLAssetLoaderServi - Loading from file system: jar:file:/C:/Users/primzcm/.m2/repository/com/github/almasb/fxgl/fxgl/17.2/fxgl-17.2.jar!/fxglassets/ui/css/fxgl_dark.css
20:52:12.980 [FXGL Background Thread 1 ] DEBUG GameApplicationServi - Initializing application scenes
20:52:13.008 [FXGL Background Thread 1 ] DEBUG GameWorld            - Game world initialized
20:52:13.048 [FXGL Background Thread 1 ] DEBUG PhysicsWorld         - Physics world initialized: appHeight=720, physics.ppm=50.0
20:52:13.049 [FXGL Background Thread 1 ] DEBUG PhysicsWorld         - Using strategy: BRUTE_FORCE
20:52:13.051 [FXGL Background Thread 1 ] DEBUG GameScene            - Game scene initialized: 1280x720
20:52:13.061 [FXGL Background Thread 1 ] DEBUG FXGL.DefaultMenu     - createMenuBodyGameMenu()
20:52:13.072 [FXGL Background Thread 1 ] DEBUG FXGL.DefaultMenu     - createOptionsMenu()
20:52:13.080 [FXGL Background Thread 1 ] DEBUG FXGLAssetLoaderServi - Loading from file system: jar:file:/C:/Users/primzcm/.m2/repository/com/github/almasb/fxgl/fxgl/17.2/fxgl-17.2.jar!/fxglassets/textures/particles/smoke.png
20:52:13.149 [FXGL Background Thread 1 ] DEBUG FXGLAssetLoaderServi - Loading from file system: jar:file:/C:/Users/primzcm/.m2/repository/com/github/almasb/fxgl/fxgl/17.2/fxgl-17.2.jar!/fxglassets/textures/particles/trace_horizontal.png
20:52:13.173 [FXGL Background Thread 1 ] DEBUG GameApplicationServi - Application scenes initialized
20:52:13.181 [FXGL Background Thread 1 ] DEBUG SystemBundleService  - Loading FXGL system data
20:52:13.182 [FXGL Background Thread 1 ] DEBUG FileSystemAccess     - Reading from: F:\my files\School\2nd year 2nd sem\TheOnlyException\system\fxgl.bundle
20:52:13.184 [FXGL Background Thread 1 ] DEBUG SystemBundleService  - Bundle FXGL: {}
20:52:13.184 [FXGL Background Thread 1 ] DEBUG UpdaterService       - Checking for updates
20:52:13.187 [FXGL Background Thread 4 ] DEBUG FXGLApplication      - Loading fonts
20:52:13.187 [FXGL Background Thread 4 ] DEBUG FXGLAssetLoaderServi - Loading from file system: jar:file:/C:/Users/primzcm/.m2/repository/com/github/almasb/fxgl/fxgl/17.2/fxgl-17.2.jar!/fxglassets/ui/fonts/VarelaRound-Regular.ttf
20:52:13.187 [FXGL Background Thread 1 ] DEBUG FXGLApplication      - Loading default localization
20:52:13.187 [FXGL Background Thread 1 ] DEBUG FXGLAssetLoaderServi - Loading from file system: jar:file:/C:/Users/primzcm/.m2/repository/com/github/almasb/fxgl/fxgl/17.2/fxgl-17.2.jar!/fxglassets/languages/english.lang
20:52:13.193 [FXGL Background Thread 4 ] DEBUG FXGLAssetLoaderServi - Loading from file system: jar:file:/C:/Users/primzcm/.m2/repository/com/github/almasb/fxgl/fxgl/17.2/fxgl-17.2.jar!/fxglassets/ui/fonts/Abel-Regular.ttf
20:52:13.194 [FXGL Background Thread 4 ] DEBUG FXGLAssetLoaderServi - Loading from file system: jar:file:/C:/Users/primzcm/.m2/repository/com/github/almasb/fxgl/fxgl/17.2/fxgl-17.2.jar!/fxglassets/ui/fonts/TerminalLandMono-Regular.otf
20:52:13.196 [FXGL Background Thread 4 ] DEBUG FXGLAssetLoaderServi - Loading from file system: jar:file:/C:/Users/primzcm/.m2/repository/com/github/almasb/fxgl/fxgl/17.2/fxgl-17.2.jar!/fxglassets/ui/fonts/Courier-Prime.ttf
20:52:13.200 [JavaFX Application Thread] DEBUG FXGLApplication      - Registering font factories with UI factory
20:52:13.204 [FXGL Background Thread 1 ] INFO  FXGLApplication      - FXGL initialization took: 0.283 sec
20:52:13.210 [JavaFX Application Thread] DEBUG Input                - Registered new binding: action0 - A
20:52:13.211 [JavaFX Application Thread] DEBUG Input                - Registered new binding: action1 - D
20:52:13.211 [JavaFX Application Thread] DEBUG Input                - Registered new binding: action2 - W
20:52:13.211 [JavaFX Application Thread] DEBUG Input                - Registered new binding: action3 - S
20:52:13.211 [JavaFX Application Thread] DEBUG FXGLAssetLoaderServi - Loading from file system: jar:file:/C:/Users/primzcm/.m2/repository/com/github/almasb/fxgl/fxgl/17.2/fxgl-17.2.jar!/fxglassets/textures/fxgl_icon.png
20:52:13.231 [JavaFX Application Thread] DEBUG FXGLAssetLoaderServi - Loading from file system: jar:file:/C:/Users/primzcm/.m2/repository/com/github/almasb/fxgl/fxgl/17.2/fxgl-17.2.jar!/fxglassets/textures/fxgl_default_cursor.png
20:52:13.235 [JavaFX Application Thread] DEBUG Input                - Registered new binding: Screenshot - CTRL+8
20:52:13.235 [JavaFX Application Thread] DEBUG Input                - Registered new binding: System info dump - CTRL+9
20:52:13.236 [JavaFX Application Thread] DEBUG Input                - Registered new binding: Restart - CTRL+R
20:52:13.237 [JavaFX Application Thread] DEBUG Input                - Registered new binding: Toggle Debug Camera - CTRL+7
20:52:13.241 [JavaFX Application Thread] DEBUG LoopRunner           - Starting loop
20:52:13.241 [JavaFX Application Thread] DEBUG LoopRunner           - Initializing JavaFX AnimationTimerLoop
20:52:13.244 [JavaFX Application Thread] DEBUG GameApplicationServi - Starting new game
20:52:13.244 [JavaFX Application Thread] DEBUG Input                - Clearing active input actions
20:52:13.253 [JavaFX Application Thread] DEBUG GameApplicationServi - Removing overlay from FXGLStartupScene and adding to FXGLLoadingScene
20:52:13.254 [JavaFX Application Thread] DEBUG PrimaryStageWindow   - FXGLStartupScene -> FXGLLoadingScene
20:52:13.254 [JavaFX Application Thread] DEBUG GameApplicationServi - Clearing previous game
20:52:13.254 [JavaFX Application Thread] DEBUG GameScene            - Clearing game scene
20:52:13.254 [JavaFX Application Thread] DEBUG GameWorld            - Clearing game world
20:52:13.254 [JavaFX Application Thread] DEBUG PhysicsWorld         - Clearing physics world
20:52:13.256 [FXGL Background Thread 1 ] DEBUG FXGLApplication      - Initializing game
20:52:13.280 [FXGL Background Thread 1 ] INFO  FXGLApplication      - Game initialization took: 0.024 sec
20:52:13.292 [JavaFX Application Thread] DEBUG Input                - Clearing active input actions
20:52:13.297 [JavaFX Application Thread] DEBUG GameApplicationServi - Removing overlay from FXGLLoadingScene and adding to GameScene
20:52:13.297 [JavaFX Application Thread] DEBUG PrimaryStageWindow   - FXGLLoadingScene -> GameScene
20:52:13.840 [FXGL Background Thread 2 ] INFO  UpdaterService       - Your current version:  17+dev-SNAPSHOT
20:52:13.840 [FXGL Background Thread 2 ] INFO  UpdaterService       - Latest stable version: 21.1
20:52:16.186 [FXGL Background Thread 3 ] DEBUG Engine               - Logging environment variables
20:52:16.186 [FXGL Background Thread 3 ] DEBUG Engine               - achievements: []
20:52:16.186 [FXGL Background Thread 3 ] DEBUG Engine               - actualHeight: 720.0
20:52:16.186 [FXGL Background Thread 3 ] DEBUG Engine               - actualHeightProperty: ReadOnlyDoubleProperty [value: 720.0]
20:52:16.186 [FXGL Background Thread 3 ] DEBUG Engine               - actualWidth: 1280.0
20:52:16.186 [FXGL Background Thread 3 ] DEBUG Engine               - actualWidthProperty: ReadOnlyDoubleProperty [value: 1280.0]
20:52:16.186 [FXGL Background Thread 3 ] DEBUG Engine               - appIcon: fxgl_icon.png
20:52:16.186 [FXGL Background Thread 3 ] DEBUG Engine               - applicationMode: DEVELOPER
20:52:16.186 [FXGL Background Thread 3 ] DEBUG Engine               - cSSList: [fxgl_dark.css]
20:52:16.186 [FXGL Background Thread 3 ] DEBUG Engine               - collisionDetectionStrategy: BRUTE_FORCE
20:52:16.186 [FXGL Background Thread 3 ] DEBUG Engine               - configClass: Optional.empty
20:52:16.186 [FXGL Background Thread 3 ] DEBUG Engine               - credits: []
20:52:16.186 [FXGL Background Thread 3 ] DEBUG Engine               - defaultCursor: CursorInfo(imageName=fxgl_default_cursor.png, hotspotX=7.0, hotspotY=6.0)
20:52:16.187 [FXGL Background Thread 3 ] DEBUG Engine               - devBBoxColorProperty: ObjectProperty [value: 0xff0000ff]
20:52:16.187 [FXGL Background Thread 3 ] DEBUG Engine               - devEnableDebugCameraProperty: BooleanProperty [value: false]
20:52:16.187 [FXGL Background Thread 3 ] DEBUG Engine               - devSensorColorProperty: ObjectProperty [value: 0xffff00ff]
20:52:16.187 [FXGL Background Thread 3 ] DEBUG Engine               - devShowBBoxProperty: BooleanProperty [value: false]
20:52:16.187 [FXGL Background Thread 3 ] DEBUG Engine               - devShowPositionProperty: BooleanProperty [value: false]
20:52:16.187 [FXGL Background Thread 3 ] DEBUG Engine               - enabledMenuItems: []
20:52:16.187 [FXGL Background Thread 3 ] DEBUG Engine               - engineServices: [class com.almasb.fxgl.app.services.FXGLAssetLoaderService, class com.almasb.fxgl.app.FXGLApplication$GameApplicationService, class com.almasb.fxgl.app.services.FXGLDialogService, class com.almasb.fxgl.app.services.IOTaskExecutorService, class com.almasb.fxgl.io.FileSystemService, class com.almasb.fxgl.localization.LocalizationService, class com.almasb.fxgl.app.services.SystemBundleService, class com.almasb.fxgl.profile.SaveLoadService, class com.almasb.fxgl.ui.FXGLUIFactoryServiceProvider, class com.almasb.fxgl.ui.FXGLDialogFactoryServiceProvider, class com.almasb.fxgl.audio.AudioPlayer, class com.almasb.fxgl.notification.impl.NotificationServiceProvider, class com.almasb.fxgl.achievement.AchievementService, class com.almasb.fxgl.cutscene.CutsceneService, class com.almasb.fxgl.minigames.MiniGameService, class com.almasb.fxgl.net.NetService, class com.almasb.fxgl.app.services.UpdaterService, class com.almasb.fxgl.dev.DevService]
20:52:16.187 [FXGL Background Thread 3 ] DEBUG Engine               - fontGame: Abel-Regular.ttf
20:52:16.187 [FXGL Background Thread 3 ] DEBUG Engine               - fontMono: TerminalLandMono-Regular.otf
20:52:16.187 [FXGL Background Thread 3 ] DEBUG Engine               - fontText: Courier-Prime.ttf
20:52:16.187 [FXGL Background Thread 3 ] DEBUG Engine               - fontUI: VarelaRound-Regular.ttf
20:52:16.187 [FXGL Background Thread 3 ] DEBUG Engine               - fullScreen: BooleanProperty [value: false]
20:52:16.187 [FXGL Background Thread 3 ] DEBUG Engine               - gameDifficulty: MEDIUM
20:52:16.187 [FXGL Background Thread 3 ] DEBUG Engine               - gameDifficultyProperty: ObjectProperty [value: MEDIUM]
20:52:16.187 [FXGL Background Thread 3 ] DEBUG Engine               - globalMusicVolume: 0.5
20:52:16.187 [FXGL Background Thread 3 ] DEBUG Engine               - globalMusicVolumeProperty: DoubleProperty [value: 0.5]
20:52:16.187 [FXGL Background Thread 3 ] DEBUG Engine               - globalSoundVolume: 0.5
20:52:16.187 [FXGL Background Thread 3 ] DEBUG Engine               - globalSoundVolumeProperty: DoubleProperty [value: 0.5]
20:52:16.187 [FXGL Background Thread 3 ] DEBUG Engine               - height: 720
20:52:16.187 [FXGL Background Thread 3 ] DEBUG Engine               - is3D: false
20:52:16.187 [FXGL Background Thread 3 ] DEBUG Engine               - isAndroid: false
20:52:16.187 [FXGL Background Thread 3 ] DEBUG Engine               - isBrowser: false
20:52:16.187 [FXGL Background Thread 3 ] DEBUG Engine               - isClickFeedbackEnabled: false
20:52:16.187 [FXGL Background Thread 3 ] DEBUG Engine               - isCloseConfirmation: false
20:52:16.187 [FXGL Background Thread 3 ] DEBUG Engine               - isDesktop: true
20:52:16.187 [FXGL Background Thread 3 ] DEBUG Engine               - isDeveloperMenuEnabled: false
20:52:16.187 [FXGL Background Thread 3 ] DEBUG Engine               - isEmbedded: false
20:52:16.187 [FXGL Background Thread 3 ] DEBUG Engine               - isEntityPreloadEnabled: true
20:52:16.187 [FXGL Background Thread 3 ] DEBUG Engine               - isExperimentalTiledLargeMap: false
20:52:16.187 [FXGL Background Thread 3 ] DEBUG Engine               - isFileSystemWriteAllowed: true
20:52:16.187 [FXGL Background Thread 3 ] DEBUG Engine               - isFullScreenAllowed: false
20:52:16.187 [FXGL Background Thread 3 ] DEBUG Engine               - isFullScreenFromStart: false
20:52:16.187 [FXGL Background Thread 3 ] DEBUG Engine               - isGameMenuEnabled: true
20:52:16.187 [FXGL Background Thread 3 ] DEBUG Engine               - isIOS: false
20:52:16.187 [FXGL Background Thread 3 ] DEBUG Engine               - isIntroEnabled: false
20:52:16.187 [FXGL Background Thread 3 ] DEBUG Engine               - isLinux: false
20:52:16.189 [FXGL Background Thread 3 ] DEBUG Engine               - isMac: false
20:52:16.189 [FXGL Background Thread 3 ] DEBUG Engine               - isMainMenuEnabled: false
20:52:16.189 [FXGL Background Thread 3 ] DEBUG Engine               - isManualResizeEnabled: false
20:52:16.189 [FXGL Background Thread 3 ] DEBUG Engine               - isMobile: false
20:52:16.189 [FXGL Background Thread 3 ] DEBUG Engine               - isNative: false
20:52:16.189 [FXGL Background Thread 3 ] DEBUG Engine               - isPauseMusicWhenMinimized: true
20:52:16.189 [FXGL Background Thread 3 ] DEBUG Engine               - isPreserveResizeRatio: false
20:52:16.189 [FXGL Background Thread 3 ] DEBUG Engine               - isProfilingEnabled: false
20:52:16.189 [FXGL Background Thread 3 ] DEBUG Engine               - isScaleAffectedOnResize: true
20:52:16.189 [FXGL Background Thread 3 ] DEBUG Engine               - isSingleStep: false
20:52:16.189 [FXGL Background Thread 3 ] DEBUG Engine               - isUserProfileEnabled: false
20:52:16.189 [FXGL Background Thread 3 ] DEBUG Engine               - isWindows: true
20:52:16.189 [FXGL Background Thread 3 ] DEBUG Engine               - language: ObjectProperty [value: ENGLISH]
20:52:16.189 [FXGL Background Thread 3 ] DEBUG Engine               - menuKey: ESCAPE
20:52:16.189 [FXGL Background Thread 3 ] DEBUG Engine               - mouseSensitivity: 0.2
20:52:16.189 [FXGL Background Thread 3 ] DEBUG Engine               - notificationViewClass: class com.almasb.fxgl.notification.view.XboxNotificationView
20:52:16.189 [FXGL Background Thread 3 ] DEBUG Engine               - pixelsPerMeter: 50.0
20:52:16.189 [FXGL Background Thread 3 ] DEBUG Engine               - platform: WINDOWS
20:52:16.189 [FXGL Background Thread 3 ] DEBUG Engine               - prefHeightProperty: ReadOnlyDoubleProperty [value: 720.0]
20:52:16.189 [FXGL Background Thread 3 ] DEBUG Engine               - prefWidthProperty: ReadOnlyDoubleProperty [value: 1280.0]
20:52:16.189 [FXGL Background Thread 3 ] DEBUG Engine               - profileDir: profiles/
20:52:16.189 [FXGL Background Thread 3 ] DEBUG Engine               - profileName: StringProperty [value: DEFAULT]
20:52:16.189 [FXGL Background Thread 3 ] DEBUG Engine               - randomSeed: -1
20:52:16.190 [FXGL Background Thread 3 ] DEBUG Engine               - runtimeInfo: RuntimeInfo(platform=WINDOWS, version=17+dev-SNAPSHOT, build=23.08.2022 11.12)
20:52:16.190 [FXGL Background Thread 3 ] DEBUG Engine               - saveFileExt: sav
20:52:16.190 [FXGL Background Thread 3 ] DEBUG Engine               - scaledHeightProp$fxgl: DoubleProperty [bound, value: 720.0]
20:52:16.190 [FXGL Background Thread 3 ] DEBUG Engine               - scaledWidthProp$fxgl: DoubleProperty [bound, value: 1280.0]
20:52:16.190 [FXGL Background Thread 3 ] DEBUG Engine               - sceneFactory: com.almasb.fxgl.app.scene.SceneFactory@39dc9e9f
20:52:16.190 [FXGL Background Thread 3 ] DEBUG Engine               - secondsIn24h: 60
20:52:16.190 [FXGL Background Thread 3 ] DEBUG Engine               - soundMenuBack: menu/back.wav
20:52:16.190 [FXGL Background Thread 3 ] DEBUG Engine               - soundMenuPress: menu/press.wav
20:52:16.190 [FXGL Background Thread 3 ] DEBUG Engine               - soundMenuSelect: menu/select.wav
20:52:16.190 [FXGL Background Thread 3 ] DEBUG Engine               - soundNotification: core/notification.wav
20:52:16.190 [FXGL Background Thread 3 ] DEBUG Engine               - stageStyle: DECORATED
20:52:16.190 [FXGL Background Thread 3 ] DEBUG Engine               - supportedLanguages: [ENGLISH, FRENCH, GERMAN, HUNGARIAN, RUSSIAN]
20:52:16.190 [FXGL Background Thread 3 ] DEBUG Engine               - ticksPerSecond: -1
20:52:16.190 [FXGL Background Thread 3 ] DEBUG Engine               - title: Prototype
20:52:16.190 [FXGL Background Thread 3 ] DEBUG Engine               - urlGithub: https://github.com/AlmasB/FXGL
20:52:16.190 [FXGL Background Thread 3 ] DEBUG Engine               - urlLeaderboard: http://fxgl-top.herokuapp.com/
20:52:16.190 [FXGL Background Thread 3 ] DEBUG Engine               - urlPOM: https://raw.githubusercontent.com/AlmasB/FXGL/release/README.md
20:52:16.190 [FXGL Background Thread 3 ] DEBUG Engine               - userAppClass: class org.example.GameApp
20:52:16.190 [FXGL Background Thread 3 ] DEBUG Engine               - version: 0.1
20:52:16.190 [FXGL Background Thread 3 ] DEBUG Engine               - versionCheckDays: 7
20:52:16.190 [FXGL Background Thread 3 ] DEBUG Engine               - width: 1280
20:52:16.190 [FXGL Background Thread 3 ] DEBUG Engine               - Logging services
20:52:16.190 [FXGL Background Thread 3 ] DEBUG Engine               - class com.almasb.fxgl.app.services.FXGLAssetLoaderService
20:52:16.190 [FXGL Background Thread 3 ] DEBUG Engine               - class com.almasb.fxgl.app.FXGLApplication$GameApplicationService
20:52:16.190 [FXGL Background Thread 3 ] DEBUG Engine               - class com.almasb.fxgl.app.services.FXGLDialogService
20:52:16.190 [FXGL Background Thread 3 ] DEBUG Engine               - class com.almasb.fxgl.app.services.IOTaskExecutorService
20:52:16.190 [FXGL Background Thread 3 ] DEBUG Engine               - class com.almasb.fxgl.io.FileSystemService
20:52:16.190 [FXGL Background Thread 3 ] DEBUG Engine               - class com.almasb.fxgl.localization.LocalizationService
20:52:16.190 [FXGL Background Thread 3 ] DEBUG Engine               - class com.almasb.fxgl.app.services.SystemBundleService
20:52:16.190 [FXGL Background Thread 3 ] DEBUG Engine               - class com.almasb.fxgl.profile.SaveLoadService
20:52:16.190 [FXGL Background Thread 3 ] DEBUG Engine               - class com.almasb.fxgl.ui.FXGLUIFactoryServiceProvider
20:52:16.190 [FXGL Background Thread 3 ] DEBUG Engine               - class com.almasb.fxgl.ui.FXGLDialogFactoryServiceProvider
20:52:16.190 [FXGL Background Thread 3 ] DEBUG Engine               - class com.almasb.fxgl.audio.AudioPlayer
20:52:16.190 [FXGL Background Thread 3 ] DEBUG Engine               - class com.almasb.fxgl.notification.impl.NotificationServiceProvider
20:52:16.190 [FXGL Background Thread 3 ] DEBUG Engine               - class com.almasb.fxgl.achievement.AchievementService
20:52:16.190 [FXGL Background Thread 3 ] DEBUG Engine               - class com.almasb.fxgl.cutscene.CutsceneService
20:52:16.190 [FXGL Background Thread 3 ] DEBUG Engine               - class com.almasb.fxgl.minigames.MiniGameService
20:52:16.190 [FXGL Background Thread 3 ] DEBUG Engine               - class com.almasb.fxgl.net.NetService
20:52:16.190 [FXGL Background Thread 3 ] DEBUG Engine               - class com.almasb.fxgl.app.services.UpdaterService
20:52:16.190 [FXGL Background Thread 3 ] DEBUG Engine               - class com.almasb.fxgl.dev.DevService
20:52:22.615 [JavaFX Application Thread] WARN  GameWorld            - Attempted to remove entity which is not active
20:52:27.494 [JavaFX Application Thread] WARN  GameWorld            - Attempted to remove entity which is not active
20:52:27.494 [JavaFX Application Thread] WARN  GameWorld            - Attempted to remove entity which is not active
20:52:27.494 [JavaFX Application Thread] WARN  GameWorld            - Attempted to remove entity which is not active
20:52:29.133 [JavaFX Application Thread] WARN  GameWorld            - Attempted to remove entity which is not active
20:52:29.255 [JavaFX Application Thread] WARN  GameWorld            - Attempted to remove entity which is not active
20:52:29.651 [JavaFX Application Thread] WARN  GameWorld            - Attempted to remove entity which is not active
20:52:29.655 [JavaFX Application Thread] WARN  GameWorld            - Attempted to remove entity which is not active
20:52:29.668 [JavaFX Application Thread] WARN  GameWorld            - Attempted to remove entity which is not active
20:52:30.656 [JavaFX Application Thread] WARN  GameWorld            - Attempted to remove entity which is not active
20:52:30.662 [JavaFX Application Thread] WARN  GameWorld            - Attempted to remove entity which is not active
20:52:30.674 [JavaFX Application Thread] WARN  GameWorld            - Attempted to remove entity which is not active
20:52:31.767 [JavaFX Application Thread] WARN  GameWorld            - Attempted to remove entity which is not active
20:52:31.847 [JavaFX Application Thread] WARN  GameWorld            - Attempted to remove entity which is not active
20:52:31.959 [JavaFX Application Thread] WARN  GameWorld            - Attempted to remove entity which is not active
20:52:32.903 [JavaFX Application Thread] WARN  GameWorld            - Attempted to remove entity which is not active
20:52:33.038 [JavaFX Application Thread] WARN  GameWorld            - Attempted to remove entity which is not active
20:52:33.063 [JavaFX Application Thread] WARN  GameWorld            - Attempted to remove entity which is not active
20:52:44.263 [JavaFX Application Thread] WARN  GameWorld            - Attempted to remove entity which is not active
20:52:44.415 [JavaFX Application Thread] WARN  GameWorld            - Attempted to remove entity which is not active
20:52:44.455 [JavaFX Application Thread] WARN  GameWorld            - Attempted to remove entity which is not active
20:52:49.871 [JavaFX Application Thread] WARN  GameWorld            - Attempted to remove entity which is not active
20:52:49.925 [JavaFX Application Thread] WARN  GameWorld            - Attempted to remove entity which is not active
20:52:53.871 [JavaFX Application Thread] WARN  GameWorld            - Attempted to remove entity which is not active
20:52:53.923 [JavaFX Application Thread] WARN  GameWorld            - Attempted to remove entity which is not active
20:52:54.029 [JavaFX Application Thread] WARN  GameWorld            - Attempted to remove entity which is not active
20:53:03.719 [JavaFX Application Thread] WARN  GameWorld            - Attempted to remove entity which is not active
20:53:11.267 [JavaFX Application Thread] DEBUG FXGLApplication      - Exiting FXGL
20:53:11.267 [JavaFX Application Thread] DEBUG LoopRunner           - Stopping loop
20:53:11.267 [JavaFX Application Thread] DEBUG SystemBundleService  - Saving FXGL system data
20:53:11.268 [JavaFX Application Thread] DEBUG FileSystemAccess     - Writing to: F:\my files\School\2nd year 2nd sem\TheOnlyException\system\fxgl.bundle
20:53:11.270 [JavaFX Application Thread] DEBUG Async                - Shutting down background threads
20:53:11.270 [JavaFX Application Thread] DEBUG PrimaryStageWindow   - Closing main window
20:53:11.282 [JavaFX Application Thread] DEBUG Logger               - Closing Logger
