22:38:34.417 [main                     ] DEBUG Logger               - Configured Logger
22:38:34.421 [main                     ] DEBUG GameApplication      - Logging settings
Title: Prototype Game
Version: 0.1.5
Width: 1280
Height: 720
Fullscreen: false
Intro: false
Profiling: false
Single step:false
App Mode: DEVELOPER
Menu Key: ESCAPE
Stage Style: DECORATED
Scene Factory: class org.example.core.GameApp$1

22:38:34.527 [JavaFX Application Thread] DEBUG FXGLApplication      - Initializing FXGL
22:38:34.529 [JavaFX Application Thread] INFO  Engine               - FXGL-21+dev-SNAPSHOT (26.03.2024 19.46) on WINDOWS (J:24 FX:21.0.1)
22:38:34.529 [JavaFX Application Thread] DEBUG Engine               - JRE Vendor Name: Oracle Corporation
22:38:34.529 [JavaFX Application Thread] DEBUG Engine               - Running on OS: Windows 11 version 10.0
22:38:34.529 [JavaFX Application Thread] DEBUG Engine               - Architecture: amd64
22:38:34.529 [JavaFX Application Thread] INFO  Engine               - Source code and latest versions at: https://github.com/AlmasB/FXGL
22:38:34.529 [JavaFX Application Thread] INFO  Engine               -       Ask questions and discuss at: https://github.com/AlmasB/FXGL/discussions
22:38:34.529 [JavaFX Application Thread] INFO  Engine               -              Join the FXGL chat at: https://gitter.im/AlmasB/FXGL
22:38:34.610 [JavaFX Application Thread] DEBUG PrimaryStageWindow   - Creating a JavaFX scene
22:38:34.637 [JavaFX Application Thread] DEBUG PrimaryStageWindow   - Target settings size: 1280.0 x 720.0
22:38:34.637 [JavaFX Application Thread] DEBUG PrimaryStageWindow   - Scaled scene size:    1280.0 x 720.0
22:38:34.637 [JavaFX Application Thread] DEBUG PrimaryStageWindow   - Scaled ratio: (1.0, 1.0)
22:38:34.639 [JavaFX Application Thread] DEBUG PrimaryStageWindow   - Set initial scene to FXGLStartupScene
22:38:34.641 [JavaFX Application Thread] DEBUG PrimaryStageWindow   - Opening main window
22:38:34.729 [JavaFX Application Thread] DEBUG PrimaryStageWindow   - Window border size: (16.0, 39.0)
22:38:34.730 [JavaFX Application Thread] DEBUG PrimaryStageWindow   - Scaled size: 1280.0 x 720.0
22:38:34.730 [JavaFX Application Thread] DEBUG PrimaryStageWindow   - Scaled ratio: (1.0, 1.0)
22:38:34.730 [JavaFX Application Thread] DEBUG PrimaryStageWindow   - Scene size: 1280.0 x 720.0
22:38:34.730 [JavaFX Application Thread] DEBUG PrimaryStageWindow   - Stage size: 1296.0 x 759.0
22:38:34.735 [FXGL Background Thread 1 ] DEBUG Engine               - Initializing environment variables
22:38:34.778 [FXGL Background Thread 1 ] DEBUG FXGLAssetLoaderServi - User app class for loading assets: class org.example.core.GameApp
22:38:34.778 [FXGL Background Thread 1 ] DEBUG GameApplicationServi - Applying CSS: fxgl_dark.css
22:38:34.779 [FXGL Background Thread 1 ] DEBUG FXGLAssetLoaderServi - Loading from file system: jar:file:/C:/Users/primzcm/.m2/repository/com/github/almasb/fxgl/fxgl/21.1/fxgl-21.1.jar!/fxglassets/ui/css/fxgl_dark.css
22:38:34.814 [FXGL Background Thread 1 ] DEBUG GameApplicationServi - Initializing application scenes
22:38:34.833 [FXGL Background Thread 1 ] DEBUG GameWorld            - Game world initialized
22:38:34.872 [FXGL Background Thread 1 ] DEBUG PhysicsWorld         - Physics world initialized: appHeight=720, physics.ppm=50.0
22:38:34.873 [FXGL Background Thread 1 ] DEBUG PhysicsWorld         - Using strategy: BRUTE_FORCE
22:38:34.875 [FXGL Background Thread 1 ] DEBUG GameScene            - Game scene initialized: 1280x720
22:38:35.055 [FXGL Background Thread 1 ] DEBUG GameApplicationServi - Application scenes initialized
22:38:35.065 [FXGL Background Thread 1 ] DEBUG SystemBundleService  - Loading FXGL system data
22:38:35.068 [FXGL Background Thread 1 ] DEBUG FileSystemAccess     - Reading from: F:\my files\School\2nd year 2nd sem\TheOnlyException\system\fxgl.bundle
22:38:35.072 [FXGL Background Thread 1 ] DEBUG SystemBundleService  - Bundle FXGL: {}
22:38:35.072 [FXGL Background Thread 1 ] DEBUG UpdaterService       - Checking for updates
22:38:35.076 [FXGL Background Thread 4 ] DEBUG FXGLApplication      - Loading fonts
22:38:35.077 [FXGL Background Thread 4 ] DEBUG FXGLAssetLoaderServi - Loading from file system: jar:file:/C:/Users/primzcm/.m2/repository/com/github/almasb/fxgl/fxgl/21.1/fxgl-21.1.jar!/fxglassets/ui/fonts/VarelaRound-Regular.ttf
22:38:35.077 [FXGL Background Thread 1 ] DEBUG FXGLApplication      - Loading default localization
22:38:35.077 [FXGL Background Thread 1 ] DEBUG FXGLAssetLoaderServi - Loading from file system: jar:file:/C:/Users/primzcm/.m2/repository/com/github/almasb/fxgl/fxgl/21.1/fxgl-21.1.jar!/fxglassets/languages/english.lang
22:38:35.079 [FXGL Background Thread 4 ] DEBUG FXGLAssetLoaderServi - Loading from file system: jar:file:/C:/Users/primzcm/.m2/repository/com/github/almasb/fxgl/fxgl/21.1/fxgl-21.1.jar!/fxglassets/ui/fonts/Abel-Regular.ttf
22:38:35.081 [FXGL Background Thread 4 ] DEBUG FXGLAssetLoaderServi - Loading from file system: jar:file:/C:/Users/primzcm/.m2/repository/com/github/almasb/fxgl/fxgl/21.1/fxgl-21.1.jar!/fxglassets/ui/fonts/TerminalLandMono-Regular.otf
22:38:35.083 [FXGL Background Thread 4 ] DEBUG FXGLAssetLoaderServi - Loading from file system: jar:file:/C:/Users/primzcm/.m2/repository/com/github/almasb/fxgl/fxgl/21.1/fxgl-21.1.jar!/fxglassets/ui/fonts/Courier-Prime.ttf
22:38:35.089 [JavaFX Application Thread] DEBUG FXGLApplication      - Registering font factories with UI factory
22:38:35.097 [FXGL Background Thread 1 ] INFO  FXGLApplication      - FXGL initialization took: 0.362 sec
22:38:35.104 [JavaFX Application Thread] DEBUG Input                - Registered new binding: action0 - A
22:38:35.104 [JavaFX Application Thread] DEBUG Input                - Registered new binding: action1 - D
22:38:35.104 [JavaFX Application Thread] DEBUG Input                - Registered new binding: action2 - W
22:38:35.105 [JavaFX Application Thread] DEBUG Input                - Registered new binding: action3 - S
22:38:35.105 [JavaFX Application Thread] DEBUG Input                - Registered new binding: action4 - Esc
22:38:35.105 [JavaFX Application Thread] DEBUG FXGLAssetLoaderServi - Loading from file system: jar:file:/C:/Users/primzcm/.m2/repository/com/github/almasb/fxgl/fxgl/21.1/fxgl-21.1.jar!/fxglassets/textures/fxgl_icon.png
22:38:35.163 [JavaFX Application Thread] DEBUG FXGLAssetLoaderServi - Loading from file system: jar:file:/C:/Users/primzcm/.m2/repository/com/github/almasb/fxgl/fxgl/21.1/fxgl-21.1.jar!/fxglassets/textures/fxgl_default_cursor.png
22:38:35.166 [JavaFX Application Thread] DEBUG Input                - Registered new binding: Screenshot - CTRL+8
22:38:35.167 [JavaFX Application Thread] DEBUG Input                - Registered new binding: System info dump - CTRL+9
22:38:35.167 [JavaFX Application Thread] DEBUG Input                - Registered new binding: Restart - CTRL+R
22:38:35.168 [JavaFX Application Thread] DEBUG Input                - Registered new binding: Toggle Debug Camera - CTRL+7
22:38:35.171 [JavaFX Application Thread] DEBUG LoopRunner           - Starting loop
22:38:35.171 [JavaFX Application Thread] DEBUG LoopRunner           - Initializing JavaFX AnimationTimerLoop
22:38:35.175 [JavaFX Application Thread] DEBUG Input                - Clearing active input actions
22:38:35.181 [JavaFX Application Thread] DEBUG GameApplicationServi - Removing overlay from FXGLStartupScene and adding to FXGLMainMenuDummyScene
22:38:35.181 [JavaFX Application Thread] DEBUG PrimaryStageWindow   - FXGLStartupScene -> FXGLMainMenuDummyScene
22:38:35.181 [JavaFX Application Thread] DEBUG PrimaryStageWindow   - Push state: LoginScene
22:38:35.182 [JavaFX Application Thread] DEBUG Input                - Clearing active input actions
22:38:35.194 [JavaFX Application Thread] DEBUG GameApplicationServi - Removing overlay from FXGLMainMenuDummyScene and adding to LoginScene
22:38:35.194 [JavaFX Application Thread] DEBUG PrimaryStageWindow   - FXGLMainMenuDummyScene -> LoginScene
22:38:35.443 [FXGL Background Thread 2 ] INFO  UpdaterService       - Your current version:  21+dev-SNAPSHOT
22:38:35.443 [FXGL Background Thread 2 ] INFO  UpdaterService       - Latest stable version: 21.1
22:38:38.076 [FXGL Background Thread 3 ] DEBUG Engine               - Logging environment variables
22:38:38.076 [FXGL Background Thread 3 ] DEBUG Engine               - achievements: []
22:38:38.076 [FXGL Background Thread 3 ] DEBUG Engine               - actualHeight: 720.0
22:38:38.076 [FXGL Background Thread 3 ] DEBUG Engine               - actualHeightProperty: ReadOnlyDoubleProperty [value: 720.0]
22:38:38.076 [FXGL Background Thread 3 ] DEBUG Engine               - actualWidth: 1280.0
22:38:38.076 [FXGL Background Thread 3 ] DEBUG Engine               - actualWidthProperty: ReadOnlyDoubleProperty [value: 1280.0]
22:38:38.076 [FXGL Background Thread 3 ] DEBUG Engine               - appIcon: fxgl_icon.png
22:38:38.076 [FXGL Background Thread 3 ] DEBUG Engine               - applicationMode: DEVELOPER
22:38:38.076 [FXGL Background Thread 3 ] DEBUG Engine               - cSSList: [fxgl_dark.css]
22:38:38.076 [FXGL Background Thread 3 ] DEBUG Engine               - collisionDetectionStrategy: BRUTE_FORCE
22:38:38.076 [FXGL Background Thread 3 ] DEBUG Engine               - configClass: Optional.empty
22:38:38.076 [FXGL Background Thread 3 ] DEBUG Engine               - credits: []
22:38:38.077 [FXGL Background Thread 3 ] DEBUG Engine               - defaultCursor: CursorInfo(imageName=fxgl_default_cursor.png, hotspotX=7.0, hotspotY=6.0)
22:38:38.077 [FXGL Background Thread 3 ] DEBUG Engine               - devBBoxColorProperty: ObjectProperty [value: 0xff0000ff]
22:38:38.077 [FXGL Background Thread 3 ] DEBUG Engine               - devEnableDebugCameraProperty: BooleanProperty [value: false]
22:38:38.077 [FXGL Background Thread 3 ] DEBUG Engine               - devSensorColorProperty: ObjectProperty [value: 0xffff00ff]
22:38:38.078 [FXGL Background Thread 3 ] DEBUG Engine               - devShowBBoxProperty: BooleanProperty [value: false]
22:38:38.078 [FXGL Background Thread 3 ] DEBUG Engine               - devShowPositionProperty: BooleanProperty [value: false]
22:38:38.078 [FXGL Background Thread 3 ] DEBUG Engine               - enabledMenuItems: []
22:38:38.078 [FXGL Background Thread 3 ] DEBUG Engine               - engineServices: [class com.almasb.fxgl.app.services.FXGLAssetLoaderService, class com.almasb.fxgl.app.FXGLApplication$GameApplicationService, class com.almasb.fxgl.app.services.FXGLDialogService, class com.almasb.fxgl.app.services.IOTaskExecutorService, class com.almasb.fxgl.io.FileSystemService, class com.almasb.fxgl.localization.LocalizationService, class com.almasb.fxgl.app.services.SystemBundleService, class com.almasb.fxgl.profile.SaveLoadService, class com.almasb.fxgl.ui.FXGLUIFactoryServiceProvider, class com.almasb.fxgl.ui.FXGLDialogFactoryServiceProvider, class com.almasb.fxgl.audio.AudioPlayer, class com.almasb.fxgl.notification.impl.NotificationServiceProvider, class com.almasb.fxgl.achievement.AchievementService, class com.almasb.fxgl.cutscene.CutsceneService, class com.almasb.fxgl.minigames.MiniGameService, class com.almasb.fxgl.net.NetService, class com.almasb.fxgl.app.services.UpdaterService, class com.almasb.fxgl.dev.DevService]
22:38:38.078 [FXGL Background Thread 3 ] DEBUG Engine               - fontGame: Abel-Regular.ttf
22:38:38.078 [FXGL Background Thread 3 ] DEBUG Engine               - fontMono: TerminalLandMono-Regular.otf
22:38:38.078 [FXGL Background Thread 3 ] DEBUG Engine               - fontSizeScaleUI: 1.0
22:38:38.078 [FXGL Background Thread 3 ] DEBUG Engine               - fontText: Courier-Prime.ttf
22:38:38.078 [FXGL Background Thread 3 ] DEBUG Engine               - fontUI: VarelaRound-Regular.ttf
22:38:38.078 [FXGL Background Thread 3 ] DEBUG Engine               - fullScreen: BooleanProperty [value: false]
22:38:38.078 [FXGL Background Thread 3 ] DEBUG Engine               - gameDifficulty: MEDIUM
22:38:38.078 [FXGL Background Thread 3 ] DEBUG Engine               - gameDifficultyProperty: ObjectProperty [value: MEDIUM]
22:38:38.078 [FXGL Background Thread 3 ] DEBUG Engine               - globalMusicVolume: 0.5
22:38:38.078 [FXGL Background Thread 3 ] DEBUG Engine               - globalMusicVolumeProperty: DoubleProperty [value: 0.5]
22:38:38.078 [FXGL Background Thread 3 ] DEBUG Engine               - globalSoundVolume: 0.5
22:38:38.078 [FXGL Background Thread 3 ] DEBUG Engine               - globalSoundVolumeProperty: DoubleProperty [value: 0.5]
22:38:38.078 [FXGL Background Thread 3 ] DEBUG Engine               - height: 720
22:38:38.078 [FXGL Background Thread 3 ] DEBUG Engine               - is3D: false
22:38:38.078 [FXGL Background Thread 3 ] DEBUG Engine               - isAndroid: false
22:38:38.078 [FXGL Background Thread 3 ] DEBUG Engine               - isBrowser: false
22:38:38.078 [FXGL Background Thread 3 ] DEBUG Engine               - isClickFeedbackEnabled: false
22:38:38.078 [FXGL Background Thread 3 ] DEBUG Engine               - isCloseConfirmation: false
22:38:38.078 [FXGL Background Thread 3 ] DEBUG Engine               - isDesktop: true
22:38:38.078 [FXGL Background Thread 3 ] DEBUG Engine               - isDeveloperMenuEnabled: false
22:38:38.078 [FXGL Background Thread 3 ] DEBUG Engine               - isEmbedded: false
22:38:38.078 [FXGL Background Thread 3 ] DEBUG Engine               - isEntityPreloadEnabled: true
22:38:38.078 [FXGL Background Thread 3 ] DEBUG Engine               - isExperimentalTiledLargeMap: false
22:38:38.078 [FXGL Background Thread 3 ] DEBUG Engine               - isFileSystemWriteAllowed: true
22:38:38.078 [FXGL Background Thread 3 ] DEBUG Engine               - isFullScreenAllowed: false
22:38:38.078 [FXGL Background Thread 3 ] DEBUG Engine               - isFullScreenFromStart: false
22:38:38.078 [FXGL Background Thread 3 ] DEBUG Engine               - isGameMenuEnabled: false
22:38:38.078 [FXGL Background Thread 3 ] DEBUG Engine               - isIOS: false
22:38:38.079 [FXGL Background Thread 3 ] DEBUG Engine               - isIntroEnabled: false
22:38:38.079 [FXGL Background Thread 3 ] DEBUG Engine               - isLinux: false
22:38:38.079 [FXGL Background Thread 3 ] DEBUG Engine               - isMac: false
22:38:38.079 [FXGL Background Thread 3 ] DEBUG Engine               - isMainMenuEnabled: true
22:38:38.079 [FXGL Background Thread 3 ] DEBUG Engine               - isManualResizeEnabled: false
22:38:38.079 [FXGL Background Thread 3 ] DEBUG Engine               - isMobile: false
22:38:38.079 [FXGL Background Thread 3 ] DEBUG Engine               - isNative: false
22:38:38.079 [FXGL Background Thread 3 ] DEBUG Engine               - isPauseMusicWhenMinimized: true
22:38:38.079 [FXGL Background Thread 3 ] DEBUG Engine               - isPreserveResizeRatio: false
22:38:38.079 [FXGL Background Thread 3 ] DEBUG Engine               - isProfilingEnabled: false
22:38:38.079 [FXGL Background Thread 3 ] DEBUG Engine               - isScaleAffectedOnResize: true
22:38:38.079 [FXGL Background Thread 3 ] DEBUG Engine               - isSingleStep: false
22:38:38.079 [FXGL Background Thread 3 ] DEBUG Engine               - isUserProfileEnabled: false
22:38:38.079 [FXGL Background Thread 3 ] DEBUG Engine               - isWindows: true
22:38:38.079 [FXGL Background Thread 3 ] DEBUG Engine               - language: ObjectProperty [value: ENGLISH]
22:38:38.079 [FXGL Background Thread 3 ] DEBUG Engine               - menuKey: ESCAPE
22:38:38.079 [FXGL Background Thread 3 ] DEBUG Engine               - mouseSensitivity: 0.2
22:38:38.079 [FXGL Background Thread 3 ] DEBUG Engine               - notificationViewClass: class com.almasb.fxgl.notification.view.XboxNotificationView
22:38:38.079 [FXGL Background Thread 3 ] DEBUG Engine               - pixelsPerMeter: 50.0
22:38:38.079 [FXGL Background Thread 3 ] DEBUG Engine               - platform: WINDOWS
22:38:38.079 [FXGL Background Thread 3 ] DEBUG Engine               - prefHeightProperty: ReadOnlyDoubleProperty [value: 720.0]
22:38:38.079 [FXGL Background Thread 3 ] DEBUG Engine               - prefWidthProperty: ReadOnlyDoubleProperty [value: 1280.0]
22:38:38.079 [FXGL Background Thread 3 ] DEBUG Engine               - profileDir: profiles/
22:38:38.079 [FXGL Background Thread 3 ] DEBUG Engine               - profileName: StringProperty [value: DEFAULT]
22:38:38.079 [FXGL Background Thread 3 ] DEBUG Engine               - randomSeed: -1
22:38:38.079 [FXGL Background Thread 3 ] DEBUG Engine               - runtimeInfo: RuntimeInfo(platform=WINDOWS, version=21+dev-SNAPSHOT, build=26.03.2024 19.46)
22:38:38.079 [FXGL Background Thread 3 ] DEBUG Engine               - saveFileExt: sav
22:38:38.080 [FXGL Background Thread 3 ] DEBUG Engine               - scaledHeightProp$fxgl: DoubleProperty [bound, value: 720.0]
22:38:38.080 [FXGL Background Thread 3 ] DEBUG Engine               - scaledWidthProp$fxgl: DoubleProperty [bound, value: 1280.0]
22:38:38.080 [FXGL Background Thread 3 ] DEBUG Engine               - sceneFactory: org.example.core.GameApp$1@3978901a
22:38:38.080 [FXGL Background Thread 3 ] DEBUG Engine               - secondsIn24h: 60
22:38:38.080 [FXGL Background Thread 3 ] DEBUG Engine               - soundMenuBack: menu/back.wav
22:38:38.080 [FXGL Background Thread 3 ] DEBUG Engine               - soundMenuPress: menu/press.wav
22:38:38.080 [FXGL Background Thread 3 ] DEBUG Engine               - soundMenuSelect: menu/select.wav
22:38:38.080 [FXGL Background Thread 3 ] DEBUG Engine               - soundNotification: core/notification.wav
22:38:38.080 [FXGL Background Thread 3 ] DEBUG Engine               - stageStyle: DECORATED
22:38:38.080 [FXGL Background Thread 3 ] DEBUG Engine               - supportedLanguages: [ENGLISH, FRENCH, GERMAN, HUNGARIAN, RUSSIAN]
22:38:38.080 [FXGL Background Thread 3 ] DEBUG Engine               - ticksPerSecond: -1
22:38:38.080 [FXGL Background Thread 3 ] DEBUG Engine               - title: Prototype Game
22:38:38.080 [FXGL Background Thread 3 ] DEBUG Engine               - urlGithub: https://github.com/AlmasB/FXGL
22:38:38.080 [FXGL Background Thread 3 ] DEBUG Engine               - urlLeaderboard: http://fxgl-top.herokuapp.com/
22:38:38.080 [FXGL Background Thread 3 ] DEBUG Engine               - urlPOM: https://raw.githubusercontent.com/AlmasB/FXGL/release/README.md
22:38:38.080 [FXGL Background Thread 3 ] DEBUG Engine               - userAppClass: class org.example.core.GameApp
22:38:38.080 [FXGL Background Thread 3 ] DEBUG Engine               - version: 0.1.5
22:38:38.080 [FXGL Background Thread 3 ] DEBUG Engine               - versionCheckDays: 7
22:38:38.080 [FXGL Background Thread 3 ] DEBUG Engine               - width: 1280
22:38:38.080 [FXGL Background Thread 3 ] DEBUG Engine               - Logging services
22:38:38.080 [FXGL Background Thread 3 ] DEBUG Engine               - class com.almasb.fxgl.app.services.FXGLAssetLoaderService
22:38:38.080 [FXGL Background Thread 3 ] DEBUG Engine               - class com.almasb.fxgl.app.FXGLApplication$GameApplicationService
22:38:38.080 [FXGL Background Thread 3 ] DEBUG Engine               - class com.almasb.fxgl.app.services.FXGLDialogService
22:38:38.080 [FXGL Background Thread 3 ] DEBUG Engine               - class com.almasb.fxgl.app.services.IOTaskExecutorService
22:38:38.080 [FXGL Background Thread 3 ] DEBUG Engine               - class com.almasb.fxgl.io.FileSystemService
22:38:38.080 [FXGL Background Thread 3 ] DEBUG Engine               - class com.almasb.fxgl.localization.LocalizationService
22:38:38.080 [FXGL Background Thread 3 ] DEBUG Engine               - class com.almasb.fxgl.app.services.SystemBundleService
22:38:38.080 [FXGL Background Thread 3 ] DEBUG Engine               - class com.almasb.fxgl.profile.SaveLoadService
22:38:38.080 [FXGL Background Thread 3 ] DEBUG Engine               - class com.almasb.fxgl.ui.FXGLUIFactoryServiceProvider
22:38:38.080 [FXGL Background Thread 3 ] DEBUG Engine               - class com.almasb.fxgl.ui.FXGLDialogFactoryServiceProvider
22:38:38.080 [FXGL Background Thread 3 ] DEBUG Engine               - class com.almasb.fxgl.audio.AudioPlayer
22:38:38.080 [FXGL Background Thread 3 ] DEBUG Engine               - class com.almasb.fxgl.notification.impl.NotificationServiceProvider
22:38:38.080 [FXGL Background Thread 3 ] DEBUG Engine               - class com.almasb.fxgl.achievement.AchievementService
22:38:38.080 [FXGL Background Thread 3 ] DEBUG Engine               - class com.almasb.fxgl.cutscene.CutsceneService
22:38:38.080 [FXGL Background Thread 3 ] DEBUG Engine               - class com.almasb.fxgl.minigames.MiniGameService
22:38:38.080 [FXGL Background Thread 3 ] DEBUG Engine               - class com.almasb.fxgl.net.NetService
22:38:38.080 [FXGL Background Thread 3 ] DEBUG Engine               - class com.almasb.fxgl.app.services.UpdaterService
22:38:38.080 [FXGL Background Thread 3 ] DEBUG Engine               - class com.almasb.fxgl.dev.DevService
22:38:38.209 [JavaFX Application Thread] DEBUG GameWorld            - Game world initialized
22:38:38.209 [JavaFX Application Thread] DEBUG PhysicsWorld         - Physics world initialized: appHeight=720, physics.ppm=50.0
22:38:38.209 [JavaFX Application Thread] DEBUG PhysicsWorld         - Using strategy: BRUTE_FORCE
22:38:38.210 [JavaFX Application Thread] DEBUG GameScene            - Game scene initialized: 1280x720
22:38:38.238 [JavaFX Application Thread] DEBUG PrimaryStageWindow   - Push state: MainMenuScene
22:38:38.271 [JavaFX Application Thread] DEBUG Input                - Clearing active input actions
22:38:38.273 [JavaFX Application Thread] DEBUG GameApplicationServi - Removing overlay from LoginScene and adding to MainMenuScene
22:38:38.273 [JavaFX Application Thread] DEBUG PrimaryStageWindow   - LoginScene -> MainMenuScene
22:38:38.273 [JavaFX Application Thread] DEBUG GameWorld            - Game world initialized
22:38:38.274 [JavaFX Application Thread] DEBUG PhysicsWorld         - Physics world initialized: appHeight=720, physics.ppm=50.0
22:38:38.274 [JavaFX Application Thread] DEBUG PhysicsWorld         - Using strategy: BRUTE_FORCE
22:38:38.274 [JavaFX Application Thread] DEBUG GameScene            - Game scene initialized: 1280x720
22:38:38.284 [JavaFX Application Thread] DEBUG PrimaryStageWindow   - Push state: MainMenuScene
22:38:38.313 [JavaFX Application Thread] DEBUG Input                - Clearing active input actions
22:38:38.316 [JavaFX Application Thread] DEBUG GameApplicationServi - Removing overlay from MainMenuScene and adding to MainMenuScene
22:38:38.316 [JavaFX Application Thread] DEBUG PrimaryStageWindow   - MainMenuScene -> MainMenuScene
22:38:39.116 [JavaFX Application Thread] DEBUG GameApplicationServi - Starting new game
22:38:39.116 [JavaFX Application Thread] DEBUG PrimaryStageWindow   - Pop state: MainMenuScene
22:38:39.116 [JavaFX Application Thread] DEBUG Input                - Clearing active input actions
22:38:39.117 [JavaFX Application Thread] DEBUG GameApplicationServi - Removing overlay from MainMenuScene and adding to MainMenuScene
22:38:39.117 [JavaFX Application Thread] DEBUG PrimaryStageWindow   - MainMenuScene <- MainMenuScene
22:38:39.160 [JavaFX Application Thread] DEBUG PrimaryStageWindow   - Pop state: MainMenuScene
22:38:39.160 [JavaFX Application Thread] DEBUG Input                - Clearing active input actions
22:38:39.161 [JavaFX Application Thread] DEBUG GameApplicationServi - Removing overlay from MainMenuScene and adding to LoginScene
22:38:39.161 [JavaFX Application Thread] DEBUG PrimaryStageWindow   - LoginScene <- MainMenuScene
22:38:39.206 [JavaFX Application Thread] DEBUG PrimaryStageWindow   - Pop state: LoginScene
22:38:39.206 [JavaFX Application Thread] DEBUG Input                - Clearing active input actions
22:38:39.206 [JavaFX Application Thread] DEBUG GameApplicationServi - Removing overlay from LoginScene and adding to FXGLMainMenuDummyScene
22:38:39.207 [JavaFX Application Thread] DEBUG PrimaryStageWindow   - FXGLMainMenuDummyScene <- LoginScene
22:38:39.207 [JavaFX Application Thread] DEBUG Input                - Clearing active input actions
22:38:39.217 [JavaFX Application Thread] DEBUG GameApplicationServi - Removing overlay from FXGLMainMenuDummyScene and adding to FXGLLoadingScene
22:38:39.217 [JavaFX Application Thread] DEBUG PrimaryStageWindow   - FXGLMainMenuDummyScene -> FXGLLoadingScene
22:38:39.217 [JavaFX Application Thread] DEBUG GameApplicationServi - Clearing previous game
22:38:39.217 [JavaFX Application Thread] DEBUG GameScene            - Clearing game scene
22:38:39.217 [JavaFX Application Thread] DEBUG GameWorld            - Clearing game world
22:38:39.217 [JavaFX Application Thread] DEBUG PhysicsWorld         - Clearing physics world
22:38:39.218 [FXGL Background Thread 2 ] DEBUG FXGLApplication      - Initializing game
22:38:39.228 [FXGL Background Thread 2 ] DEBUG FXGLAssetLoaderServi - Loading from file system: file:/F:/my%20files/School/2nd%20year%202nd%20sem/TheOnlyException/Test/target/classes/assets/textures/worlda.png
22:38:39.285 [FXGL Background Thread 2 ] DEBUG FXGLAssetLoaderServi - Loading from file system: file:/F:/my%20files/School/2nd%20year%202nd%20sem/TheOnlyException/Test/target/classes/assets/textures/player-scaled.png
22:38:39.326 [FXGL Background Thread 2 ] INFO  FXGLApplication      - Game initialization took: 0.107 sec
22:38:39.327 [JavaFX Application Thread] DEBUG Input                - Clearing active input actions
22:38:39.331 [JavaFX Application Thread] DEBUG GameApplicationServi - Removing overlay from FXGLLoadingScene and adding to GameScene
22:38:39.331 [JavaFX Application Thread] DEBUG PrimaryStageWindow   - FXGLLoadingScene -> GameScene
22:38:40.535 [JavaFX Application Thread] DEBUG FXGLAssetLoaderServi - Loading from file system: file:/F:/my%20files/School/2nd%20year%202nd%20sem/TheOnlyException/Test/target/classes/assets/textures/MaggotWalk-scaled.png
22:38:40.542 [JavaFX Application Thread] DEBUG FXGLAssetLoaderServi - Loading from file system: file:/F:/my%20files/School/2nd%20year%202nd%20sem/TheOnlyException/Test/target/classes/assets/textures/BeetleMove-scaled.png
22:38:40.543 [JavaFX Application Thread] DEBUG FXGLAssetLoaderServi - Loading from file system: file:/F:/my%20files/School/2nd%20year%202nd%20sem/TheOnlyException/Test/target/classes/assets/textures/MantisMove-scaled.png
22:38:40.545 [JavaFX Application Thread] DEBUG FXGLAssetLoaderServi - Loading from file system: file:/F:/my%20files/School/2nd%20year%202nd%20sem/TheOnlyException/Test/target/classes/assets/textures/BeeMove-scaled.png
22:38:40.547 [JavaFX Application Thread] DEBUG FXGLAssetLoaderServi - Loading from file system: file:/F:/my%20files/School/2nd%20year%202nd%20sem/TheOnlyException/Test/target/classes/assets/textures/GiantFly.png
22:38:40.548 [JavaFX Application Thread] DEBUG FXGLAssetLoaderServi - Loading from file system: file:/F:/my%20files/School/2nd%20year%202nd%20sem/TheOnlyException/Test/target/classes/assets/textures/DragonFly.png
22:38:51.012 [JavaFX Application Thread] DEBUG FXGLAssetLoaderServi - Loading from file system: file:/F:/my%20files/School/2nd%20year%202nd%20sem/TheOnlyException/Test/target/classes/assets/textures/shortcircuit.png
22:38:51.030 [JavaFX Application Thread] DEBUG FXGLAssetLoaderServi - Loading from file system: file:/F:/my%20files/School/2nd%20year%202nd%20sem/TheOnlyException/Test/target/classes/assets/textures/firewallshield.png
22:38:51.047 [JavaFX Application Thread] DEBUG FXGLAssetLoaderServi - Loading from file system: file:/F:/my%20files/School/2nd%20year%202nd%20sem/TheOnlyException/Test/target/classes/assets/textures/systemrestore.png
22:38:51.062 [JavaFX Application Thread] WARN  FXGLAssetLoaderServi - Asset "/assets/textures/gun.png" was not found!
22:38:51.062 [JavaFX Application Thread] WARN  FXGLAssetLoaderServi - Failed to load IMAGE
22:38:51.071 [JavaFX Application Thread] DEBUG PrimaryStageWindow   - Push state: DialogSubScene
22:38:51.071 [JavaFX Application Thread] DEBUG Input                - Clearing active input actions
22:38:51.072 [JavaFX Application Thread] DEBUG GameApplicationServi - Removing overlay from GameScene and adding to DialogSubScene
22:38:51.072 [JavaFX Application Thread] DEBUG PrimaryStageWindow   - GameScene -> DialogSubScene
22:38:53.260 [JavaFX Application Thread] DEBUG PrimaryStageWindow   - Pop state: DialogSubScene
22:38:53.260 [JavaFX Application Thread] DEBUG Input                - Clearing active input actions
22:38:53.261 [JavaFX Application Thread] DEBUG GameApplicationServi - Removing overlay from DialogSubScene and adding to GameScene
22:38:53.261 [JavaFX Application Thread] DEBUG PrimaryStageWindow   - GameScene <- DialogSubScene
22:38:54.772 [JavaFX Application Thread] WARN  FXGLAssetLoaderServi - Asset "/assets/textures/gun.png" was not found!
22:38:54.772 [JavaFX Application Thread] WARN  FXGLAssetLoaderServi - Failed to load IMAGE
22:38:54.773 [JavaFX Application Thread] DEBUG FXGLAssetLoaderServi - Loading from file system: file:/F:/my%20files/School/2nd%20year%202nd%20sem/TheOnlyException/Test/target/classes/assets/textures/realtimedefense.png
22:38:54.792 [JavaFX Application Thread] DEBUG FXGLAssetLoaderServi - Loading from file system: file:/F:/my%20files/School/2nd%20year%202nd%20sem/TheOnlyException/Test/target/classes/assets/textures/datawipe.png
22:38:54.808 [JavaFX Application Thread] DEBUG PrimaryStageWindow   - Push state: DialogSubScene
22:38:54.808 [JavaFX Application Thread] DEBUG Input                - Clearing active input actions
22:38:54.809 [JavaFX Application Thread] DEBUG GameApplicationServi - Removing overlay from GameScene and adding to DialogSubScene
22:38:54.809 [JavaFX Application Thread] DEBUG PrimaryStageWindow   - GameScene -> DialogSubScene
22:38:55.540 [JavaFX Application Thread] DEBUG PrimaryStageWindow   - Pop state: DialogSubScene
22:38:55.540 [JavaFX Application Thread] DEBUG Input                - Clearing active input actions
22:38:55.541 [JavaFX Application Thread] DEBUG GameApplicationServi - Removing overlay from DialogSubScene and adding to GameScene
22:38:55.541 [JavaFX Application Thread] DEBUG PrimaryStageWindow   - GameScene <- DialogSubScene
22:38:55.541 [JavaFX Application Thread] DEBUG FXGLAssetLoaderServi - Loading from file system: file:/F:/my%20files/School/2nd%20year%202nd%20sem/TheOnlyException/Test/target/classes/assets/textures/realtimedefenseaura.png
22:39:05.459 [JavaFX Application Thread] WARN  FXGLAssetLoaderServi - Asset "/assets/textures/gun.png" was not found!
22:39:05.459 [JavaFX Application Thread] WARN  FXGLAssetLoaderServi - Failed to load IMAGE
22:39:05.459 [JavaFX Application Thread] DEBUG PrimaryStageWindow   - Push state: DialogSubScene
22:39:05.459 [JavaFX Application Thread] DEBUG Input                - Clearing active input actions
22:39:05.460 [JavaFX Application Thread] DEBUG GameApplicationServi - Removing overlay from GameScene and adding to DialogSubScene
22:39:05.460 [JavaFX Application Thread] DEBUG PrimaryStageWindow   - GameScene -> DialogSubScene
22:39:06.426 [JavaFX Application Thread] DEBUG PrimaryStageWindow   - Pop state: DialogSubScene
22:39:06.426 [JavaFX Application Thread] DEBUG Input                - Clearing active input actions
22:39:06.426 [JavaFX Application Thread] DEBUG GameApplicationServi - Removing overlay from DialogSubScene and adding to GameScene
22:39:06.426 [JavaFX Application Thread] DEBUG PrimaryStageWindow   - GameScene <- DialogSubScene
22:39:16.869 [JavaFX Application Thread] DEBUG FXGLApplication      - Exiting FXGL
22:39:16.869 [JavaFX Application Thread] DEBUG LoopRunner           - Stopping loop
22:39:16.869 [JavaFX Application Thread] DEBUG SystemBundleService  - Saving FXGL system data
22:39:16.870 [JavaFX Application Thread] DEBUG FileSystemAccess     - Writing to: F:\my files\School\2nd year 2nd sem\TheOnlyException\system\fxgl.bundle
22:39:17.280 [JavaFX Application Thread] DEBUG Async                - Shutting down background threads
22:39:17.280 [JavaFX Application Thread] DEBUG PrimaryStageWindow   - Closing main window
22:39:17.295 [JavaFX Application Thread] DEBUG Logger               - Closing Logger
