19:25:50.086 [main                     ] DEBUG Logger               - Configured Logger
19:25:50.090 [main                     ] DEBUG GameApplication      - Logging settings
Title: Prototype Game
Version: 0.1.5
Width: 1280
Height: 720
Fullscreen: false
Intro: false
Profiling: false
Single step:false
App Mode: DEVELOPER
Menu Key: ESCAPE
Stage Style: DECORATED
Scene Factory: class org.example.core.GameApp$1

19:25:50.208 [JavaFX Application Thread] DEBUG FXGLApplication      - Initializing FXGL
19:25:50.210 [JavaFX Application Thread] INFO  Engine               - FXGL-21+dev-SNAPSHOT (26.03.2024 19.46) on WINDOWS (J:24 FX:21.0.1)
19:25:50.210 [JavaFX Application Thread] DEBUG Engine               - JRE Vendor Name: Oracle Corporation
19:25:50.210 [JavaFX Application Thread] DEBUG Engine               - Running on OS: Windows 11 version 10.0
19:25:50.210 [JavaFX Application Thread] DEBUG Engine               - Architecture: amd64
19:25:50.210 [JavaFX Application Thread] INFO  Engine               - Source code and latest versions at: https://github.com/AlmasB/FXGL
19:25:50.210 [JavaFX Application Thread] INFO  Engine               -       Ask questions and discuss at: https://github.com/AlmasB/FXGL/discussions
19:25:50.210 [JavaFX Application Thread] INFO  Engine               -              Join the FXGL chat at: https://gitter.im/AlmasB/FXGL
19:25:50.295 [JavaFX Application Thread] DEBUG PrimaryStageWindow   - Creating a JavaFX scene
19:25:50.322 [JavaFX Application Thread] DEBUG PrimaryStageWindow   - Target settings size: 1280.0 x 720.0
19:25:50.323 [JavaFX Application Thread] DEBUG PrimaryStageWindow   - Scaled scene size:    1280.0 x 720.0
19:25:50.323 [JavaFX Application Thread] DEBUG PrimaryStageWindow   - Scaled ratio: (1.0, 1.0)
19:25:50.323 [JavaFX Application Thread] DEBUG PrimaryStageWindow   - Set initial scene to FXGLStartupScene
19:25:50.326 [JavaFX Application Thread] DEBUG PrimaryStageWindow   - Opening main window
19:25:50.404 [JavaFX Application Thread] DEBUG PrimaryStageWindow   - Window border size: (16.0, 39.0)
19:25:50.404 [JavaFX Application Thread] DEBUG PrimaryStageWindow   - Scaled size: 1280.0 x 720.0
19:25:50.404 [JavaFX Application Thread] DEBUG PrimaryStageWindow   - Scaled ratio: (1.0, 1.0)
19:25:50.404 [JavaFX Application Thread] DEBUG PrimaryStageWindow   - Scene size: 1280.0 x 720.0
19:25:50.404 [JavaFX Application Thread] DEBUG PrimaryStageWindow   - Stage size: 1296.0 x 759.0
19:25:50.409 [FXGL Background Thread 1 ] DEBUG Engine               - Initializing environment variables
19:25:50.453 [FXGL Background Thread 1 ] DEBUG FXGLAssetLoaderServi - User app class for loading assets: class org.example.core.GameApp
19:25:50.454 [FXGL Background Thread 1 ] DEBUG GameApplicationServi - Applying CSS: fxgl_dark.css
19:25:50.454 [FXGL Background Thread 1 ] DEBUG FXGLAssetLoaderServi - Loading from file system: jar:file:/C:/Users/primzcm/.m2/repository/com/github/almasb/fxgl/fxgl/21.1/fxgl-21.1.jar!/fxglassets/ui/css/fxgl_dark.css
19:25:50.485 [FXGL Background Thread 1 ] DEBUG GameApplicationServi - Initializing application scenes
19:25:50.509 [FXGL Background Thread 1 ] DEBUG GameWorld            - Game world initialized
19:25:50.552 [FXGL Background Thread 1 ] DEBUG PhysicsWorld         - Physics world initialized: appHeight=720, physics.ppm=50.0
19:25:50.553 [FXGL Background Thread 1 ] DEBUG PhysicsWorld         - Using strategy: BRUTE_FORCE
19:25:50.556 [FXGL Background Thread 1 ] DEBUG GameScene            - Game scene initialized: 1280x720
19:25:50.767 [FXGL Background Thread 1 ] DEBUG GameApplicationServi - Application scenes initialized
19:25:50.779 [FXGL Background Thread 1 ] DEBUG SystemBundleService  - Loading FXGL system data
19:25:50.781 [FXGL Background Thread 1 ] DEBUG FileSystemAccess     - Reading from: F:\my files\School\2nd year 2nd sem\TheOnlyException\system\fxgl.bundle
19:25:50.789 [FXGL Background Thread 1 ] DEBUG SystemBundleService  - Bundle FXGL: {}
19:25:50.789 [FXGL Background Thread 1 ] DEBUG UpdaterService       - Checking for updates
19:25:50.795 [FXGL Background Thread 4 ] DEBUG FXGLApplication      - Loading fonts
19:25:50.796 [FXGL Background Thread 4 ] DEBUG FXGLAssetLoaderServi - Loading from file system: jar:file:/C:/Users/primzcm/.m2/repository/com/github/almasb/fxgl/fxgl/21.1/fxgl-21.1.jar!/fxglassets/ui/fonts/VarelaRound-Regular.ttf
19:25:50.796 [FXGL Background Thread 1 ] DEBUG FXGLApplication      - Loading default localization
19:25:50.797 [FXGL Background Thread 1 ] DEBUG FXGLAssetLoaderServi - Loading from file system: jar:file:/C:/Users/primzcm/.m2/repository/com/github/almasb/fxgl/fxgl/21.1/fxgl-21.1.jar!/fxglassets/languages/english.lang
19:25:50.799 [FXGL Background Thread 4 ] DEBUG FXGLAssetLoaderServi - Loading from file system: jar:file:/C:/Users/primzcm/.m2/repository/com/github/almasb/fxgl/fxgl/21.1/fxgl-21.1.jar!/fxglassets/ui/fonts/Abel-Regular.ttf
19:25:50.802 [FXGL Background Thread 4 ] DEBUG FXGLAssetLoaderServi - Loading from file system: jar:file:/C:/Users/primzcm/.m2/repository/com/github/almasb/fxgl/fxgl/21.1/fxgl-21.1.jar!/fxglassets/ui/fonts/TerminalLandMono-Regular.otf
19:25:50.804 [FXGL Background Thread 4 ] DEBUG FXGLAssetLoaderServi - Loading from file system: jar:file:/C:/Users/primzcm/.m2/repository/com/github/almasb/fxgl/fxgl/21.1/fxgl-21.1.jar!/fxglassets/ui/fonts/Courier-Prime.ttf
19:25:50.812 [JavaFX Application Thread] DEBUG FXGLApplication      - Registering font factories with UI factory
19:25:50.823 [FXGL Background Thread 1 ] INFO  FXGLApplication      - FXGL initialization took: 0.414 sec
19:25:50.834 [JavaFX Application Thread] DEBUG Input                - Registered new binding: action0 - A
19:25:50.835 [JavaFX Application Thread] DEBUG Input                - Registered new binding: action1 - D
19:25:50.835 [JavaFX Application Thread] DEBUG Input                - Registered new binding: action2 - W
19:25:50.836 [JavaFX Application Thread] DEBUG Input                - Registered new binding: action3 - S
19:25:50.836 [JavaFX Application Thread] DEBUG FXGLAssetLoaderServi - Loading from file system: jar:file:/C:/Users/primzcm/.m2/repository/com/github/almasb/fxgl/fxgl/21.1/fxgl-21.1.jar!/fxglassets/textures/fxgl_icon.png
19:25:50.895 [JavaFX Application Thread] DEBUG FXGLAssetLoaderServi - Loading from file system: jar:file:/C:/Users/primzcm/.m2/repository/com/github/almasb/fxgl/fxgl/21.1/fxgl-21.1.jar!/fxglassets/textures/fxgl_default_cursor.png
19:25:50.898 [JavaFX Application Thread] DEBUG Input                - Registered new binding: Screenshot - CTRL+8
19:25:50.898 [JavaFX Application Thread] DEBUG Input                - Registered new binding: System info dump - CTRL+9
19:25:50.899 [JavaFX Application Thread] DEBUG Input                - Registered new binding: Restart - CTRL+R
19:25:50.900 [JavaFX Application Thread] DEBUG Input                - Registered new binding: Toggle Debug Camera - CTRL+7
19:25:50.903 [JavaFX Application Thread] DEBUG LoopRunner           - Starting loop
19:25:50.903 [JavaFX Application Thread] DEBUG LoopRunner           - Initializing JavaFX AnimationTimerLoop
19:25:50.907 [JavaFX Application Thread] DEBUG Input                - Clearing active input actions
19:25:50.916 [JavaFX Application Thread] DEBUG GameApplicationServi - Removing overlay from FXGLStartupScene and adding to FXGLMainMenuDummyScene
19:25:50.916 [JavaFX Application Thread] DEBUG PrimaryStageWindow   - FXGLStartupScene -> FXGLMainMenuDummyScene
19:25:50.916 [JavaFX Application Thread] DEBUG PrimaryStageWindow   - Push state: LoginScene
19:25:50.919 [JavaFX Application Thread] DEBUG Input                - Clearing active input actions
19:25:50.966 [JavaFX Application Thread] DEBUG GameApplicationServi - Removing overlay from FXGLMainMenuDummyScene and adding to LoginScene
19:25:50.967 [JavaFX Application Thread] DEBUG PrimaryStageWindow   - FXGLMainMenuDummyScene -> LoginScene
19:25:51.273 [FXGL Background Thread 2 ] INFO  UpdaterService       - Your current version:  21+dev-SNAPSHOT
19:25:51.273 [FXGL Background Thread 2 ] INFO  UpdaterService       - Latest stable version: 21.1
19:25:53.794 [FXGL Background Thread 3 ] DEBUG Engine               - Logging environment variables
19:25:53.794 [FXGL Background Thread 3 ] DEBUG Engine               - achievements: []
19:25:53.794 [FXGL Background Thread 3 ] DEBUG Engine               - actualHeight: 720.0
19:25:53.794 [FXGL Background Thread 3 ] DEBUG Engine               - actualHeightProperty: ReadOnlyDoubleProperty [value: 720.0]
19:25:53.794 [FXGL Background Thread 3 ] DEBUG Engine               - actualWidth: 1280.0
19:25:53.794 [FXGL Background Thread 3 ] DEBUG Engine               - actualWidthProperty: ReadOnlyDoubleProperty [value: 1280.0]
19:25:53.794 [FXGL Background Thread 3 ] DEBUG Engine               - appIcon: fxgl_icon.png
19:25:53.794 [FXGL Background Thread 3 ] DEBUG Engine               - applicationMode: DEVELOPER
19:25:53.794 [FXGL Background Thread 3 ] DEBUG Engine               - cSSList: [fxgl_dark.css]
19:25:53.794 [FXGL Background Thread 3 ] DEBUG Engine               - collisionDetectionStrategy: BRUTE_FORCE
19:25:53.794 [FXGL Background Thread 3 ] DEBUG Engine               - configClass: Optional.empty
19:25:53.794 [FXGL Background Thread 3 ] DEBUG Engine               - credits: []
19:25:53.796 [FXGL Background Thread 3 ] DEBUG Engine               - defaultCursor: CursorInfo(imageName=fxgl_default_cursor.png, hotspotX=7.0, hotspotY=6.0)
19:25:53.796 [FXGL Background Thread 3 ] DEBUG Engine               - devBBoxColorProperty: ObjectProperty [value: 0xff0000ff]
19:25:53.796 [FXGL Background Thread 3 ] DEBUG Engine               - devEnableDebugCameraProperty: BooleanProperty [value: false]
19:25:53.796 [FXGL Background Thread 3 ] DEBUG Engine               - devSensorColorProperty: ObjectProperty [value: 0xffff00ff]
19:25:53.796 [FXGL Background Thread 3 ] DEBUG Engine               - devShowBBoxProperty: BooleanProperty [value: false]
19:25:53.796 [FXGL Background Thread 3 ] DEBUG Engine               - devShowPositionProperty: BooleanProperty [value: false]
19:25:53.796 [FXGL Background Thread 3 ] DEBUG Engine               - enabledMenuItems: []
19:25:53.796 [FXGL Background Thread 3 ] DEBUG Engine               - engineServices: [class com.almasb.fxgl.app.services.FXGLAssetLoaderService, class com.almasb.fxgl.app.FXGLApplication$GameApplicationService, class com.almasb.fxgl.app.services.FXGLDialogService, class com.almasb.fxgl.app.services.IOTaskExecutorService, class com.almasb.fxgl.io.FileSystemService, class com.almasb.fxgl.localization.LocalizationService, class com.almasb.fxgl.app.services.SystemBundleService, class com.almasb.fxgl.profile.SaveLoadService, class com.almasb.fxgl.ui.FXGLUIFactoryServiceProvider, class com.almasb.fxgl.ui.FXGLDialogFactoryServiceProvider, class com.almasb.fxgl.audio.AudioPlayer, class com.almasb.fxgl.notification.impl.NotificationServiceProvider, class com.almasb.fxgl.achievement.AchievementService, class com.almasb.fxgl.cutscene.CutsceneService, class com.almasb.fxgl.minigames.MiniGameService, class com.almasb.fxgl.net.NetService, class com.almasb.fxgl.app.services.UpdaterService, class com.almasb.fxgl.dev.DevService]
19:25:53.796 [FXGL Background Thread 3 ] DEBUG Engine               - fontGame: Abel-Regular.ttf
19:25:53.796 [FXGL Background Thread 3 ] DEBUG Engine               - fontMono: TerminalLandMono-Regular.otf
19:25:53.796 [FXGL Background Thread 3 ] DEBUG Engine               - fontSizeScaleUI: 1.0
19:25:53.796 [FXGL Background Thread 3 ] DEBUG Engine               - fontText: Courier-Prime.ttf
19:25:53.796 [FXGL Background Thread 3 ] DEBUG Engine               - fontUI: VarelaRound-Regular.ttf
19:25:53.796 [FXGL Background Thread 3 ] DEBUG Engine               - fullScreen: BooleanProperty [value: false]
19:25:53.796 [FXGL Background Thread 3 ] DEBUG Engine               - gameDifficulty: MEDIUM
19:25:53.796 [FXGL Background Thread 3 ] DEBUG Engine               - gameDifficultyProperty: ObjectProperty [value: MEDIUM]
19:25:53.796 [FXGL Background Thread 3 ] DEBUG Engine               - globalMusicVolume: 0.5
19:25:53.796 [FXGL Background Thread 3 ] DEBUG Engine               - globalMusicVolumeProperty: DoubleProperty [value: 0.5]
19:25:53.797 [FXGL Background Thread 3 ] DEBUG Engine               - globalSoundVolume: 0.5
19:25:53.797 [FXGL Background Thread 3 ] DEBUG Engine               - globalSoundVolumeProperty: DoubleProperty [value: 0.5]
19:25:53.797 [FXGL Background Thread 3 ] DEBUG Engine               - height: 720
19:25:53.797 [FXGL Background Thread 3 ] DEBUG Engine               - is3D: false
19:25:53.797 [FXGL Background Thread 3 ] DEBUG Engine               - isAndroid: false
19:25:53.797 [FXGL Background Thread 3 ] DEBUG Engine               - isBrowser: false
19:25:53.797 [FXGL Background Thread 3 ] DEBUG Engine               - isClickFeedbackEnabled: false
19:25:53.797 [FXGL Background Thread 3 ] DEBUG Engine               - isCloseConfirmation: false
19:25:53.797 [FXGL Background Thread 3 ] DEBUG Engine               - isDesktop: true
19:25:53.797 [FXGL Background Thread 3 ] DEBUG Engine               - isDeveloperMenuEnabled: false
19:25:53.797 [FXGL Background Thread 3 ] DEBUG Engine               - isEmbedded: false
19:25:53.797 [FXGL Background Thread 3 ] DEBUG Engine               - isEntityPreloadEnabled: true
19:25:53.797 [FXGL Background Thread 3 ] DEBUG Engine               - isExperimentalTiledLargeMap: false
19:25:53.797 [FXGL Background Thread 3 ] DEBUG Engine               - isFileSystemWriteAllowed: true
19:25:53.797 [FXGL Background Thread 3 ] DEBUG Engine               - isFullScreenAllowed: false
19:25:53.797 [FXGL Background Thread 3 ] DEBUG Engine               - isFullScreenFromStart: false
19:25:53.797 [FXGL Background Thread 3 ] DEBUG Engine               - isGameMenuEnabled: false
19:25:53.797 [FXGL Background Thread 3 ] DEBUG Engine               - isIOS: false
19:25:53.797 [FXGL Background Thread 3 ] DEBUG Engine               - isIntroEnabled: false
19:25:53.797 [FXGL Background Thread 3 ] DEBUG Engine               - isLinux: false
19:25:53.797 [FXGL Background Thread 3 ] DEBUG Engine               - isMac: false
19:25:53.797 [FXGL Background Thread 3 ] DEBUG Engine               - isMainMenuEnabled: true
19:25:53.797 [FXGL Background Thread 3 ] DEBUG Engine               - isManualResizeEnabled: false
19:25:53.797 [FXGL Background Thread 3 ] DEBUG Engine               - isMobile: false
19:25:53.797 [FXGL Background Thread 3 ] DEBUG Engine               - isNative: false
19:25:53.797 [FXGL Background Thread 3 ] DEBUG Engine               - isPauseMusicWhenMinimized: true
19:25:53.797 [FXGL Background Thread 3 ] DEBUG Engine               - isPreserveResizeRatio: false
19:25:53.797 [FXGL Background Thread 3 ] DEBUG Engine               - isProfilingEnabled: false
19:25:53.797 [FXGL Background Thread 3 ] DEBUG Engine               - isScaleAffectedOnResize: true
19:25:53.797 [FXGL Background Thread 3 ] DEBUG Engine               - isSingleStep: false
19:25:53.797 [FXGL Background Thread 3 ] DEBUG Engine               - isUserProfileEnabled: false
19:25:53.797 [FXGL Background Thread 3 ] DEBUG Engine               - isWindows: true
19:25:53.797 [FXGL Background Thread 3 ] DEBUG Engine               - language: ObjectProperty [value: ENGLISH]
19:25:53.797 [FXGL Background Thread 3 ] DEBUG Engine               - menuKey: ESCAPE
19:25:53.797 [FXGL Background Thread 3 ] DEBUG Engine               - mouseSensitivity: 0.2
19:25:53.797 [FXGL Background Thread 3 ] DEBUG Engine               - notificationViewClass: class com.almasb.fxgl.notification.view.XboxNotificationView
19:25:53.797 [FXGL Background Thread 3 ] DEBUG Engine               - pixelsPerMeter: 50.0
19:25:53.797 [FXGL Background Thread 3 ] DEBUG Engine               - platform: WINDOWS
19:25:53.797 [FXGL Background Thread 3 ] DEBUG Engine               - prefHeightProperty: ReadOnlyDoubleProperty [value: 720.0]
19:25:53.798 [FXGL Background Thread 3 ] DEBUG Engine               - prefWidthProperty: ReadOnlyDoubleProperty [value: 1280.0]
19:25:53.798 [FXGL Background Thread 3 ] DEBUG Engine               - profileDir: profiles/
19:25:53.798 [FXGL Background Thread 3 ] DEBUG Engine               - profileName: StringProperty [value: DEFAULT]
19:25:53.798 [FXGL Background Thread 3 ] DEBUG Engine               - randomSeed: -1
19:25:53.798 [FXGL Background Thread 3 ] DEBUG Engine               - runtimeInfo: RuntimeInfo(platform=WINDOWS, version=21+dev-SNAPSHOT, build=26.03.2024 19.46)
19:25:53.798 [FXGL Background Thread 3 ] DEBUG Engine               - saveFileExt: sav
19:25:53.798 [FXGL Background Thread 3 ] DEBUG Engine               - scaledHeightProp$fxgl: DoubleProperty [bound, value: 720.0]
19:25:53.798 [FXGL Background Thread 3 ] DEBUG Engine               - scaledWidthProp$fxgl: DoubleProperty [bound, value: 1280.0]
19:25:53.798 [FXGL Background Thread 3 ] DEBUG Engine               - sceneFactory: org.example.core.GameApp$1@4ab112eb
19:25:53.798 [FXGL Background Thread 3 ] DEBUG Engine               - secondsIn24h: 60
19:25:53.798 [FXGL Background Thread 3 ] DEBUG Engine               - soundMenuBack: menu/back.wav
19:25:53.798 [FXGL Background Thread 3 ] DEBUG Engine               - soundMenuPress: menu/press.wav
19:25:53.798 [FXGL Background Thread 3 ] DEBUG Engine               - soundMenuSelect: menu/select.wav
19:25:53.798 [FXGL Background Thread 3 ] DEBUG Engine               - soundNotification: core/notification.wav
19:25:53.798 [FXGL Background Thread 3 ] DEBUG Engine               - stageStyle: DECORATED
19:25:53.798 [FXGL Background Thread 3 ] DEBUG Engine               - supportedLanguages: [ENGLISH, FRENCH, GERMAN, HUNGARIAN, RUSSIAN]
19:25:53.798 [FXGL Background Thread 3 ] DEBUG Engine               - ticksPerSecond: -1
19:25:53.798 [FXGL Background Thread 3 ] DEBUG Engine               - title: Prototype Game
19:25:53.798 [FXGL Background Thread 3 ] DEBUG Engine               - urlGithub: https://github.com/AlmasB/FXGL
19:25:53.798 [FXGL Background Thread 3 ] DEBUG Engine               - urlLeaderboard: http://fxgl-top.herokuapp.com/
19:25:53.798 [FXGL Background Thread 3 ] DEBUG Engine               - urlPOM: https://raw.githubusercontent.com/AlmasB/FXGL/release/README.md
19:25:53.798 [FXGL Background Thread 3 ] DEBUG Engine               - userAppClass: class org.example.core.GameApp
19:25:53.798 [FXGL Background Thread 3 ] DEBUG Engine               - version: 0.1.5
19:25:53.798 [FXGL Background Thread 3 ] DEBUG Engine               - versionCheckDays: 7
19:25:53.798 [FXGL Background Thread 3 ] DEBUG Engine               - width: 1280
19:25:53.798 [FXGL Background Thread 3 ] DEBUG Engine               - Logging services
19:25:53.798 [FXGL Background Thread 3 ] DEBUG Engine               - class com.almasb.fxgl.app.services.FXGLAssetLoaderService
19:25:53.798 [FXGL Background Thread 3 ] DEBUG Engine               - class com.almasb.fxgl.app.FXGLApplication$GameApplicationService
19:25:53.798 [FXGL Background Thread 3 ] DEBUG Engine               - class com.almasb.fxgl.app.services.FXGLDialogService
19:25:53.798 [FXGL Background Thread 3 ] DEBUG Engine               - class com.almasb.fxgl.app.services.IOTaskExecutorService
19:25:53.798 [FXGL Background Thread 3 ] DEBUG Engine               - class com.almasb.fxgl.io.FileSystemService
19:25:53.798 [FXGL Background Thread 3 ] DEBUG Engine               - class com.almasb.fxgl.localization.LocalizationService
19:25:53.798 [FXGL Background Thread 3 ] DEBUG Engine               - class com.almasb.fxgl.app.services.SystemBundleService
19:25:53.798 [FXGL Background Thread 3 ] DEBUG Engine               - class com.almasb.fxgl.profile.SaveLoadService
19:25:53.798 [FXGL Background Thread 3 ] DEBUG Engine               - class com.almasb.fxgl.ui.FXGLUIFactoryServiceProvider
19:25:53.798 [FXGL Background Thread 3 ] DEBUG Engine               - class com.almasb.fxgl.ui.FXGLDialogFactoryServiceProvider
19:25:53.798 [FXGL Background Thread 3 ] DEBUG Engine               - class com.almasb.fxgl.audio.AudioPlayer
19:25:53.798 [FXGL Background Thread 3 ] DEBUG Engine               - class com.almasb.fxgl.notification.impl.NotificationServiceProvider
19:25:53.798 [FXGL Background Thread 3 ] DEBUG Engine               - class com.almasb.fxgl.achievement.AchievementService
19:25:53.798 [FXGL Background Thread 3 ] DEBUG Engine               - class com.almasb.fxgl.cutscene.CutsceneService
19:25:53.798 [FXGL Background Thread 3 ] DEBUG Engine               - class com.almasb.fxgl.minigames.MiniGameService
19:25:53.798 [FXGL Background Thread 3 ] DEBUG Engine               - class com.almasb.fxgl.net.NetService
19:25:53.798 [FXGL Background Thread 3 ] DEBUG Engine               - class com.almasb.fxgl.app.services.UpdaterService
19:25:53.798 [FXGL Background Thread 3 ] DEBUG Engine               - class com.almasb.fxgl.dev.DevService
19:25:54.010 [JavaFX Application Thread] DEBUG GameWorld            - Game world initialized
19:25:54.011 [JavaFX Application Thread] DEBUG PhysicsWorld         - Physics world initialized: appHeight=720, physics.ppm=50.0
19:25:54.011 [JavaFX Application Thread] DEBUG PhysicsWorld         - Using strategy: BRUTE_FORCE
19:25:54.011 [JavaFX Application Thread] DEBUG GameScene            - Game scene initialized: 1280x720
19:25:54.037 [JavaFX Application Thread] DEBUG PrimaryStageWindow   - Push state: MainMenuScene
19:25:54.042 [JavaFX Application Thread] DEBUG Input                - Clearing active input actions
19:25:54.044 [JavaFX Application Thread] DEBUG GameApplicationServi - Removing overlay from LoginScene and adding to MainMenuScene
19:25:54.045 [JavaFX Application Thread] DEBUG PrimaryStageWindow   - LoginScene -> MainMenuScene
19:25:54.045 [JavaFX Application Thread] DEBUG GameWorld            - Game world initialized
19:25:54.046 [JavaFX Application Thread] DEBUG PhysicsWorld         - Physics world initialized: appHeight=720, physics.ppm=50.0
19:25:54.046 [JavaFX Application Thread] DEBUG PhysicsWorld         - Using strategy: BRUTE_FORCE
19:25:54.047 [JavaFX Application Thread] DEBUG GameScene            - Game scene initialized: 1280x720
19:25:54.062 [JavaFX Application Thread] DEBUG PrimaryStageWindow   - Push state: MainMenuScene
19:25:54.070 [JavaFX Application Thread] DEBUG Input                - Clearing active input actions
19:25:54.072 [JavaFX Application Thread] DEBUG GameApplicationServi - Removing overlay from MainMenuScene and adding to MainMenuScene
19:25:54.072 [JavaFX Application Thread] DEBUG PrimaryStageWindow   - MainMenuScene -> MainMenuScene
19:25:54.669 [JavaFX Application Thread] DEBUG GameApplicationServi - Starting new game
19:25:54.670 [JavaFX Application Thread] DEBUG PrimaryStageWindow   - Pop state: MainMenuScene
19:25:54.670 [JavaFX Application Thread] DEBUG Input                - Clearing active input actions
19:25:54.670 [JavaFX Application Thread] DEBUG GameApplicationServi - Removing overlay from MainMenuScene and adding to MainMenuScene
19:25:54.670 [JavaFX Application Thread] DEBUG PrimaryStageWindow   - MainMenuScene <- MainMenuScene
19:25:54.671 [JavaFX Application Thread] DEBUG PrimaryStageWindow   - Pop state: MainMenuScene
19:25:54.671 [JavaFX Application Thread] DEBUG Input                - Clearing active input actions
19:25:54.671 [JavaFX Application Thread] DEBUG GameApplicationServi - Removing overlay from MainMenuScene and adding to LoginScene
19:25:54.671 [JavaFX Application Thread] DEBUG PrimaryStageWindow   - LoginScene <- MainMenuScene
19:25:54.785 [JavaFX Application Thread] DEBUG PrimaryStageWindow   - Pop state: LoginScene
19:25:54.786 [JavaFX Application Thread] DEBUG Input                - Clearing active input actions
19:25:54.786 [JavaFX Application Thread] DEBUG GameApplicationServi - Removing overlay from LoginScene and adding to FXGLMainMenuDummyScene
19:25:54.786 [JavaFX Application Thread] DEBUG PrimaryStageWindow   - FXGLMainMenuDummyScene <- LoginScene
19:25:54.786 [JavaFX Application Thread] DEBUG Input                - Clearing active input actions
19:25:54.808 [JavaFX Application Thread] DEBUG GameApplicationServi - Removing overlay from FXGLMainMenuDummyScene and adding to FXGLLoadingScene
19:25:54.808 [JavaFX Application Thread] DEBUG PrimaryStageWindow   - FXGLMainMenuDummyScene -> FXGLLoadingScene
19:25:54.808 [JavaFX Application Thread] DEBUG GameApplicationServi - Clearing previous game
19:25:54.808 [JavaFX Application Thread] DEBUG GameScene            - Clearing game scene
19:25:54.808 [JavaFX Application Thread] DEBUG GameWorld            - Clearing game world
19:25:54.808 [JavaFX Application Thread] DEBUG PhysicsWorld         - Clearing physics world
19:25:54.810 [FXGL Background Thread 2 ] DEBUG FXGLApplication      - Initializing game
19:25:54.824 [FXGL Background Thread 2 ] DEBUG FXGLAssetLoaderServi - Loading from file system: file:/F:/my%20files/School/2nd%20year%202nd%20sem/TheOnlyException/Test/target/classes/assets/textures/worlda.png
19:25:54.898 [FXGL Background Thread 2 ] DEBUG FXGLAssetLoaderServi - Loading from file system: file:/F:/my%20files/School/2nd%20year%202nd%20sem/TheOnlyException/Test/target/classes/assets/textures/player-scaled.png
19:25:54.971 [FXGL Background Thread 2 ] INFO  FXGLApplication      - Game initialization took: 0.161 sec
19:25:54.973 [JavaFX Application Thread] DEBUG Input                - Clearing active input actions
19:25:54.990 [JavaFX Application Thread] DEBUG GameApplicationServi - Removing overlay from FXGLLoadingScene and adding to GameScene
19:25:54.990 [JavaFX Application Thread] DEBUG PrimaryStageWindow   - FXGLLoadingScene -> GameScene
19:25:55.479 [JavaFX Application Thread] DEBUG FXGLAssetLoaderServi - Loading from file system: file:/F:/my%20files/School/2nd%20year%202nd%20sem/TheOnlyException/Test/target/classes/assets/textures/MaggotWalk-scaled.png
19:25:55.484 [JavaFX Application Thread] DEBUG FXGLAssetLoaderServi - Loading from file system: file:/F:/my%20files/School/2nd%20year%202nd%20sem/TheOnlyException/Test/target/classes/assets/textures/BeetleMove-scaled.png
19:25:55.485 [JavaFX Application Thread] DEBUG FXGLAssetLoaderServi - Loading from file system: file:/F:/my%20files/School/2nd%20year%202nd%20sem/TheOnlyException/Test/target/classes/assets/textures/MantisMove-scaled.png
19:25:55.487 [JavaFX Application Thread] DEBUG FXGLAssetLoaderServi - Loading from file system: file:/F:/my%20files/School/2nd%20year%202nd%20sem/TheOnlyException/Test/target/classes/assets/textures/BeeMove-scaled.png
19:25:55.488 [JavaFX Application Thread] DEBUG FXGLAssetLoaderServi - Loading from file system: file:/F:/my%20files/School/2nd%20year%202nd%20sem/TheOnlyException/Test/target/classes/assets/textures/GiantFly.png
19:25:55.490 [JavaFX Application Thread] DEBUG FXGLAssetLoaderServi - Loading from file system: file:/F:/my%20files/School/2nd%20year%202nd%20sem/TheOnlyException/Test/target/classes/assets/textures/DragonFly.png
19:25:58.650 [JavaFX Application Thread] DEBUG FXGLAssetLoaderServi - Loading from file system: file:/F:/my%20files/School/2nd%20year%202nd%20sem/TheOnlyException/Test/target/classes/assets/textures/smolderprotocol.png
19:25:58.678 [JavaFX Application Thread] DEBUG FXGLAssetLoaderServi - Loading from file system: file:/F:/my%20files/School/2nd%20year%202nd%20sem/TheOnlyException/Test/target/classes/assets/textures/realtimedefense.png
19:25:58.697 [JavaFX Application Thread] DEBUG FXGLAssetLoaderServi - Loading from file system: file:/F:/my%20files/School/2nd%20year%202nd%20sem/TheOnlyException/Test/target/classes/assets/textures/systemrestore.png
19:25:58.714 [JavaFX Application Thread] DEBUG FXGLAssetLoaderServi - Loading from file system: file:/F:/my%20files/School/2nd%20year%202nd%20sem/TheOnlyException/Test/target/classes/assets/textures/datawipe.png
19:25:58.730 [JavaFX Application Thread] DEBUG PrimaryStageWindow   - Push state: DialogSubScene
19:25:58.730 [JavaFX Application Thread] DEBUG Input                - Clearing active input actions
19:25:58.731 [JavaFX Application Thread] DEBUG GameApplicationServi - Removing overlay from GameScene and adding to DialogSubScene
19:25:58.732 [JavaFX Application Thread] DEBUG PrimaryStageWindow   - GameScene -> DialogSubScene
19:26:00.175 [JavaFX Application Thread] DEBUG PrimaryStageWindow   - Pop state: DialogSubScene
19:26:00.175 [JavaFX Application Thread] DEBUG Input                - Clearing active input actions
19:26:00.176 [JavaFX Application Thread] DEBUG GameApplicationServi - Removing overlay from DialogSubScene and adding to GameScene
19:26:00.176 [JavaFX Application Thread] DEBUG PrimaryStageWindow   - GameScene <- DialogSubScene
19:26:08.143 [JavaFX Application Thread] DEBUG FXGLAssetLoaderServi - Loading from file system: file:/F:/my%20files/School/2nd%20year%202nd%20sem/TheOnlyException/Test/target/classes/assets/textures/shortcircuit.png
19:26:08.160 [JavaFX Application Thread] DEBUG PrimaryStageWindow   - Push state: DialogSubScene
19:26:08.160 [JavaFX Application Thread] DEBUG Input                - Clearing active input actions
19:26:08.161 [JavaFX Application Thread] DEBUG GameApplicationServi - Removing overlay from GameScene and adding to DialogSubScene
19:26:08.161 [JavaFX Application Thread] DEBUG PrimaryStageWindow   - GameScene -> DialogSubScene
19:26:09.053 [JavaFX Application Thread] DEBUG PrimaryStageWindow   - Pop state: DialogSubScene
19:26:09.053 [JavaFX Application Thread] DEBUG Input                - Clearing active input actions
19:26:09.053 [JavaFX Application Thread] DEBUG GameApplicationServi - Removing overlay from DialogSubScene and adding to GameScene
19:26:09.053 [JavaFX Application Thread] DEBUG PrimaryStageWindow   - GameScene <- DialogSubScene
19:26:18.614 [JavaFX Application Thread] DEBUG PrimaryStageWindow   - Push state: DialogSubScene
19:26:18.615 [JavaFX Application Thread] DEBUG Input                - Clearing active input actions
19:26:18.615 [JavaFX Application Thread] DEBUG GameApplicationServi - Removing overlay from GameScene and adding to DialogSubScene
19:26:18.615 [JavaFX Application Thread] DEBUG PrimaryStageWindow   - GameScene -> DialogSubScene
19:26:19.559 [JavaFX Application Thread] DEBUG PrimaryStageWindow   - Pop state: DialogSubScene
19:26:19.559 [JavaFX Application Thread] DEBUG Input                - Clearing active input actions
19:26:19.559 [JavaFX Application Thread] DEBUG GameApplicationServi - Removing overlay from DialogSubScene and adding to GameScene
19:26:19.559 [JavaFX Application Thread] DEBUG PrimaryStageWindow   - GameScene <- DialogSubScene
19:26:24.583 [JavaFX Application Thread] DEBUG PrimaryStageWindow   - Push state: DialogSubScene
19:26:24.583 [JavaFX Application Thread] DEBUG Input                - Clearing active input actions
19:26:24.583 [JavaFX Application Thread] DEBUG GameApplicationServi - Removing overlay from GameScene and adding to DialogSubScene
19:26:24.583 [JavaFX Application Thread] DEBUG PrimaryStageWindow   - GameScene -> DialogSubScene
19:26:26.589 [JavaFX Application Thread] DEBUG PrimaryStageWindow   - Pop state: DialogSubScene
19:26:26.589 [JavaFX Application Thread] DEBUG Input                - Clearing active input actions
19:26:26.589 [JavaFX Application Thread] DEBUG GameApplicationServi - Removing overlay from DialogSubScene and adding to GameScene
19:26:26.589 [JavaFX Application Thread] DEBUG PrimaryStageWindow   - GameScene <- DialogSubScene
19:26:35.212 [JavaFX Application Thread] DEBUG FXGLAssetLoaderServi - Loading from file system: file:/F:/my%20files/School/2nd%20year%202nd%20sem/TheOnlyException/Test/target/classes/assets/textures/firewallshield.png
19:26:35.229 [JavaFX Application Thread] DEBUG PrimaryStageWindow   - Push state: DialogSubScene
19:26:35.229 [JavaFX Application Thread] DEBUG Input                - Clearing active input actions
19:26:35.230 [JavaFX Application Thread] DEBUG GameApplicationServi - Removing overlay from GameScene and adding to DialogSubScene
19:26:35.230 [JavaFX Application Thread] DEBUG PrimaryStageWindow   - GameScene -> DialogSubScene
19:26:35.913 [JavaFX Application Thread] DEBUG PrimaryStageWindow   - Pop state: DialogSubScene
19:26:35.913 [JavaFX Application Thread] DEBUG Input                - Clearing active input actions
19:26:35.913 [JavaFX Application Thread] DEBUG GameApplicationServi - Removing overlay from DialogSubScene and adding to GameScene
19:26:35.913 [JavaFX Application Thread] DEBUG PrimaryStageWindow   - GameScene <- DialogSubScene
19:26:37.900 [JavaFX Application Thread] DEBUG FXGLAssetLoaderServi - Loading from file system: file:/F:/my%20files/School/2nd%20year%202nd%20sem/TheOnlyException/Test/target/classes/assets/textures/datawipemine.png
19:26:42.870 [JavaFX Application Thread] DEBUG FXGLAssetLoaderServi - Loading from file system: file:/F:/my%20files/School/2nd%20year%202nd%20sem/TheOnlyException/Test/target/classes/assets/textures/datawipeexplosion.png
19:26:42.876 [JavaFX Application Thread] WARN  FXGLAssetLoaderServi - Asset "/assets/textures/orange_particle.png" was not found!
19:26:42.877 [JavaFX Application Thread] WARN  FXGLAssetLoaderServi - Failed to load IMAGE
19:26:44.886 [JavaFX Application Thread] WARN  FXGLAssetLoaderServi - Asset "/assets/textures/orange_particle.png" was not found!
19:26:44.886 [JavaFX Application Thread] WARN  FXGLAssetLoaderServi - Failed to load IMAGE
19:26:46.150 [JavaFX Application Thread] DEBUG PrimaryStageWindow   - Push state: DialogSubScene
19:26:46.150 [JavaFX Application Thread] DEBUG Input                - Clearing active input actions
19:26:46.151 [JavaFX Application Thread] DEBUG GameApplicationServi - Removing overlay from GameScene and adding to DialogSubScene
19:26:46.151 [JavaFX Application Thread] DEBUG PrimaryStageWindow   - GameScene -> DialogSubScene
19:26:47.295 [JavaFX Application Thread] DEBUG FXGLApplication      - Exiting FXGL
19:26:47.295 [JavaFX Application Thread] DEBUG LoopRunner           - Stopping loop
19:26:47.295 [JavaFX Application Thread] DEBUG SystemBundleService  - Saving FXGL system data
19:26:47.297 [JavaFX Application Thread] DEBUG FileSystemAccess     - Writing to: F:\my files\School\2nd year 2nd sem\TheOnlyException\system\fxgl.bundle
19:26:47.717 [JavaFX Application Thread] DEBUG Async                - Shutting down background threads
19:26:47.718 [JavaFX Application Thread] DEBUG PrimaryStageWindow   - Closing main window
19:26:47.734 [JavaFX Application Thread] DEBUG Logger               - Closing Logger
