11:40:30.654 [main                     ] DEBUG Logger               - Configured Logger
11:40:30.664 [main                     ] DEBUG GameApplication      - Logging settings
Title: Prototype Game
Version: 0.1.5
Width: 1280
Height: 720
Fullscreen: false
Intro: false
Profiling: false
Single step:false
App Mode: DEVELOPER
Menu Key: ESCAPE
Stage Style: DECORATED
Scene Factory: class org.example.GameApp$1

11:40:31.626 [JavaFX Application Thread] DEBUG FXGLApplication      - Initializing FXGL
11:40:31.632 [JavaFX Application Thread] INFO  Engine               - FXGL-17+dev-SNAPSHOT (01.09.2022 03.33) on WINDOWS (J:24 FX:18)
11:40:31.632 [JavaFX Application Thread] DEBUG Engine               - JRE Vendor Name: Oracle Corporation
11:40:31.633 [JavaFX Application Thread] DEBUG Engine               - Running on OS: Windows 11 version 10.0
11:40:31.633 [JavaFX Application Thread] DEBUG Engine               - Architecture: amd64
11:40:31.633 [JavaFX Application Thread] INFO  Engine               - Source code and latest versions at: https://github.com/AlmasB/FXGL
11:40:31.633 [JavaFX Application Thread] INFO  Engine               -       Ask questions and discuss at: https://github.com/AlmasB/FXGL/discussions
11:40:31.633 [JavaFX Application Thread] INFO  Engine               -              Join the FXGL chat at: https://gitter.im/AlmasB/FXGL
11:40:31.921 [JavaFX Application Thread] DEBUG PrimaryStageWindow   - Creating a JavaFX scene
11:40:31.921 [JavaFX Application Thread] DEBUG PrimaryStageWindow   - Target size > screen size
11:40:32.038 [JavaFX Application Thread] DEBUG PrimaryStageWindow   - Target settings size: 1280.0 x 720.0
11:40:32.039 [JavaFX Application Thread] DEBUG PrimaryStageWindow   - Scaled scene size:    1169.0 x 671.0
11:40:32.039 [JavaFX Application Thread] DEBUG PrimaryStageWindow   - Scaled ratio: (0.91328125, 0.9319444444444445)
11:40:32.041 [JavaFX Application Thread] DEBUG PrimaryStageWindow   - Set initial scene to FXGLStartupScene
11:40:32.059 [JavaFX Application Thread] DEBUG PrimaryStageWindow   - Opening main window
11:40:32.239 [JavaFX Application Thread] DEBUG PrimaryStageWindow   - Window border size: (15.0, 37.66668701171875)
11:40:32.240 [JavaFX Application Thread] DEBUG PrimaryStageWindow   - Scaled size: 1169.0 x 671.0
11:40:32.240 [JavaFX Application Thread] DEBUG PrimaryStageWindow   - Scaled ratio: (0.91328125, 0.9319444444444445)
11:40:32.241 [JavaFX Application Thread] DEBUG PrimaryStageWindow   - Scene size: 1169.0 x 671.0
11:40:32.241 [JavaFX Application Thread] DEBUG PrimaryStageWindow   - Stage size: 1184.0 x 708.6666870117188
11:40:32.261 [FXGL Background Thread 1 ] DEBUG Engine               - Initializing environment variables
11:40:32.363 [FXGL Background Thread 1 ] DEBUG FXGLAssetLoaderServi - User app class for loading assets: class org.example.GameApp
11:40:32.363 [FXGL Background Thread 1 ] DEBUG GameApplicationServi - Applying CSS: fxgl_dark.css
11:40:32.365 [FXGL Background Thread 1 ] DEBUG FXGLAssetLoaderServi - Loading from file system: jar:file:/C:/Users/ginac/.m2/repository/com/github/AlmasB/FXGL/fxgl/17.2/fxgl-17.2.jar!/fxglassets/ui/css/fxgl_dark.css
11:40:32.473 [FXGL Background Thread 1 ] DEBUG GameApplicationServi - Initializing application scenes
11:40:32.570 [FXGL Background Thread 1 ] DEBUG GameWorld            - Game world initialized
11:40:32.695 [FXGL Background Thread 1 ] DEBUG PhysicsWorld         - Physics world initialized: appHeight=720, physics.ppm=50.0
11:40:32.695 [FXGL Background Thread 1 ] DEBUG PhysicsWorld         - Using strategy: BRUTE_FORCE
11:40:32.701 [FXGL Background Thread 1 ] DEBUG GameScene            - Game scene initialized: 1280x720
11:40:32.726 [FXGL Background Thread 1 ] DEBUG FXGL.DefaultMenu     - createMenuBodyGameMenu()
11:40:32.761 [FXGL Background Thread 1 ] DEBUG FXGL.DefaultMenu     - createOptionsMenu()
11:40:32.779 [FXGL Background Thread 1 ] DEBUG FXGLAssetLoaderServi - Loading from file system: jar:file:/C:/Users/ginac/.m2/repository/com/github/AlmasB/FXGL/fxgl/17.2/fxgl-17.2.jar!/fxglassets/textures/particles/smoke.png
11:40:32.942 [FXGL Background Thread 1 ] DEBUG FXGLAssetLoaderServi - Loading from file system: jar:file:/C:/Users/ginac/.m2/repository/com/github/AlmasB/FXGL/fxgl/17.2/fxgl-17.2.jar!/fxglassets/textures/particles/trace_horizontal.png
11:40:32.983 [FXGL Background Thread 1 ] DEBUG GameApplicationServi - Application scenes initialized
11:40:33.004 [FXGL Background Thread 1 ] DEBUG SystemBundleService  - Loading FXGL system data
11:40:33.008 [FXGL Background Thread 1 ] DEBUG FileSystemAccess     - Reading from: C:\Users\ginac\IdeaProjects\TheOnlyException\system\fxgl.bundle
11:40:33.011 [FXGL Background Thread 1 ] DEBUG SystemBundleService  - Bundle FXGL: {}
11:40:33.011 [FXGL Background Thread 1 ] DEBUG UpdaterService       - Checking for updates
11:40:33.018 [FXGL Background Thread 4 ] DEBUG FXGLApplication      - Loading fonts
11:40:33.019 [FXGL Background Thread 4 ] DEBUG FXGLAssetLoaderServi - Loading from file system: jar:file:/C:/Users/ginac/.m2/repository/com/github/AlmasB/FXGL/fxgl-samples/17.2/fxgl-samples-17.2.jar!/assets/ui/fonts/VarelaRound-Regular.ttf
11:40:33.019 [FXGL Background Thread 1 ] DEBUG FXGLApplication      - Loading default localization
11:40:33.020 [FXGL Background Thread 1 ] DEBUG FXGLAssetLoaderServi - Loading from file system: jar:file:/C:/Users/ginac/.m2/repository/com/github/AlmasB/FXGL/fxgl/17.2/fxgl-17.2.jar!/fxglassets/languages/english.lang
11:40:33.041 [FXGL Background Thread 4 ] DEBUG FXGLAssetLoaderServi - Loading from file system: jar:file:/C:/Users/ginac/.m2/repository/com/github/AlmasB/FXGL/fxgl/17.2/fxgl-17.2.jar!/fxglassets/ui/fonts/Abel-Regular.ttf
11:40:33.053 [FXGL Background Thread 4 ] DEBUG FXGLAssetLoaderServi - Loading from file system: jar:file:/C:/Users/ginac/.m2/repository/com/github/AlmasB/FXGL/fxgl/17.2/fxgl-17.2.jar!/fxglassets/ui/fonts/TerminalLandMono-Regular.otf
11:40:33.063 [FXGL Background Thread 1 ] INFO  FXGLApplication      - FXGL initialization took: 0.801 sec
11:40:33.065 [FXGL Background Thread 4 ] DEBUG FXGLAssetLoaderServi - Loading from file system: jar:file:/C:/Users/ginac/.m2/repository/com/github/AlmasB/FXGL/fxgl/17.2/fxgl-17.2.jar!/fxglassets/ui/fonts/Courier-Prime.ttf
11:40:33.086 [JavaFX Application Thread] DEBUG Input                - Registered new binding: action0 - A
11:40:33.088 [JavaFX Application Thread] DEBUG Input                - Registered new binding: action1 - D
11:40:33.089 [JavaFX Application Thread] DEBUG Input                - Registered new binding: action2 - W
11:40:33.091 [JavaFX Application Thread] DEBUG Input                - Registered new binding: action3 - S
11:40:33.092 [JavaFX Application Thread] DEBUG FXGLAssetLoaderServi - Loading from file system: jar:file:/C:/Users/ginac/.m2/repository/com/github/AlmasB/FXGL/fxgl/17.2/fxgl-17.2.jar!/fxglassets/textures/fxgl_icon.png
11:40:33.138 [JavaFX Application Thread] DEBUG FXGLAssetLoaderServi - Loading from file system: jar:file:/C:/Users/ginac/.m2/repository/com/github/AlmasB/FXGL/fxgl/17.2/fxgl-17.2.jar!/fxglassets/textures/fxgl_default_cursor.png
11:40:33.143 [JavaFX Application Thread] DEBUG Input                - Registered new binding: Screenshot - CTRL+8
11:40:33.144 [JavaFX Application Thread] DEBUG Input                - Registered new binding: System info dump - CTRL+9
11:40:33.144 [JavaFX Application Thread] DEBUG Input                - Registered new binding: Restart - CTRL+R
11:40:33.158 [JavaFX Application Thread] DEBUG Input                - Registered new binding: Toggle Debug Camera - CTRL+7
11:40:33.166 [JavaFX Application Thread] DEBUG LoopRunner           - Starting loop
11:40:33.167 [JavaFX Application Thread] DEBUG LoopRunner           - Initializing JavaFX AnimationTimerLoop
11:40:33.176 [JavaFX Application Thread] DEBUG Input                - Clearing active input actions
11:40:33.188 [JavaFX Application Thread] DEBUG GameApplicationServi - Removing overlay from FXGLStartupScene and adding to FXGLMainMenuDummyScene
11:40:33.189 [JavaFX Application Thread] DEBUG PrimaryStageWindow   - FXGLStartupScene -> FXGLMainMenuDummyScene
11:40:33.190 [JavaFX Application Thread] DEBUG PrimaryStageWindow   - Push state: NameInputScene
11:40:33.782 [JavaFX Application Thread] DEBUG Input                - Clearing active input actions
11:40:33.801 [JavaFX Application Thread] DEBUG GameApplicationServi - Removing overlay from FXGLMainMenuDummyScene and adding to NameInputScene
11:40:33.802 [JavaFX Application Thread] DEBUG PrimaryStageWindow   - FXGLMainMenuDummyScene -> NameInputScene
11:40:33.808 [JavaFX Application Thread] DEBUG FXGLApplication      - Registering font factories with UI factory
11:40:34.661 [FXGL Background Thread 2 ] INFO  UpdaterService       - Your current version:  17+dev-SNAPSHOT
11:40:34.663 [FXGL Background Thread 2 ] INFO  UpdaterService       - Latest stable version: 21.1
11:40:36.017 [FXGL Background Thread 3 ] DEBUG Engine               - Logging environment variables
11:40:36.017 [FXGL Background Thread 3 ] DEBUG Engine               - achievements: []
11:40:36.018 [FXGL Background Thread 3 ] DEBUG Engine               - actualHeight: 671.0
11:40:36.018 [FXGL Background Thread 3 ] DEBUG Engine               - actualHeightProperty: ReadOnlyDoubleProperty [value: 671.0]
11:40:36.018 [FXGL Background Thread 3 ] DEBUG Engine               - actualWidth: 1169.0
11:40:36.018 [FXGL Background Thread 3 ] DEBUG Engine               - actualWidthProperty: ReadOnlyDoubleProperty [value: 1169.0]
11:40:36.018 [FXGL Background Thread 3 ] DEBUG Engine               - appIcon: fxgl_icon.png
11:40:36.018 [FXGL Background Thread 3 ] DEBUG Engine               - applicationMode: DEVELOPER
11:40:36.018 [FXGL Background Thread 3 ] DEBUG Engine               - cSSList: [fxgl_dark.css]
11:40:36.018 [FXGL Background Thread 3 ] DEBUG Engine               - collisionDetectionStrategy: BRUTE_FORCE
11:40:36.018 [FXGL Background Thread 3 ] DEBUG Engine               - configClass: Optional.empty
11:40:36.019 [FXGL Background Thread 3 ] DEBUG Engine               - credits: []
11:40:36.019 [FXGL Background Thread 3 ] DEBUG Engine               - defaultCursor: CursorInfo(imageName=fxgl_default_cursor.png, hotspotX=7.0, hotspotY=6.0)
11:40:36.019 [FXGL Background Thread 3 ] DEBUG Engine               - devBBoxColorProperty: ObjectProperty [value: 0xff0000ff]
11:40:36.019 [FXGL Background Thread 3 ] DEBUG Engine               - devEnableDebugCameraProperty: BooleanProperty [value: false]
11:40:36.019 [FXGL Background Thread 3 ] DEBUG Engine               - devSensorColorProperty: ObjectProperty [value: 0xffff00ff]
11:40:36.019 [FXGL Background Thread 3 ] DEBUG Engine               - devShowBBoxProperty: BooleanProperty [value: false]
11:40:36.019 [FXGL Background Thread 3 ] DEBUG Engine               - devShowPositionProperty: BooleanProperty [value: false]
11:40:36.019 [FXGL Background Thread 3 ] DEBUG Engine               - enabledMenuItems: []
11:40:36.019 [FXGL Background Thread 3 ] DEBUG Engine               - engineServices: [class com.almasb.fxgl.app.services.FXGLAssetLoaderService, class com.almasb.fxgl.app.FXGLApplication$GameApplicationService, class com.almasb.fxgl.app.services.FXGLDialogService, class com.almasb.fxgl.app.services.IOTaskExecutorService, class com.almasb.fxgl.io.FileSystemService, class com.almasb.fxgl.localization.LocalizationService, class com.almasb.fxgl.app.services.SystemBundleService, class com.almasb.fxgl.profile.SaveLoadService, class com.almasb.fxgl.ui.FXGLUIFactoryServiceProvider, class com.almasb.fxgl.ui.FXGLDialogFactoryServiceProvider, class com.almasb.fxgl.audio.AudioPlayer, class com.almasb.fxgl.notification.impl.NotificationServiceProvider, class com.almasb.fxgl.achievement.AchievementService, class com.almasb.fxgl.cutscene.CutsceneService, class com.almasb.fxgl.minigames.MiniGameService, class com.almasb.fxgl.net.NetService, class com.almasb.fxgl.app.services.UpdaterService, class com.almasb.fxgl.dev.DevService]
11:40:36.019 [FXGL Background Thread 3 ] DEBUG Engine               - fontGame: Abel-Regular.ttf
11:40:36.019 [FXGL Background Thread 3 ] DEBUG Engine               - fontMono: TerminalLandMono-Regular.otf
11:40:36.019 [FXGL Background Thread 3 ] DEBUG Engine               - fontText: Courier-Prime.ttf
11:40:36.020 [FXGL Background Thread 3 ] DEBUG Engine               - fontUI: VarelaRound-Regular.ttf
11:40:36.020 [FXGL Background Thread 3 ] DEBUG Engine               - fullScreen: BooleanProperty [value: false]
11:40:36.020 [FXGL Background Thread 3 ] DEBUG Engine               - gameDifficulty: MEDIUM
11:40:36.020 [FXGL Background Thread 3 ] DEBUG Engine               - gameDifficultyProperty: ObjectProperty [value: MEDIUM]
11:40:36.020 [FXGL Background Thread 3 ] DEBUG Engine               - globalMusicVolume: 0.5
11:40:36.020 [FXGL Background Thread 3 ] DEBUG Engine               - globalMusicVolumeProperty: DoubleProperty [value: 0.5]
11:40:36.020 [FXGL Background Thread 3 ] DEBUG Engine               - globalSoundVolume: 0.5
11:40:36.020 [FXGL Background Thread 3 ] DEBUG Engine               - globalSoundVolumeProperty: DoubleProperty [value: 0.5]
11:40:36.020 [FXGL Background Thread 3 ] DEBUG Engine               - height: 720
11:40:36.020 [FXGL Background Thread 3 ] DEBUG Engine               - is3D: false
11:40:36.020 [FXGL Background Thread 3 ] DEBUG Engine               - isAndroid: false
11:40:36.020 [FXGL Background Thread 3 ] DEBUG Engine               - isBrowser: false
11:40:36.020 [FXGL Background Thread 3 ] DEBUG Engine               - isClickFeedbackEnabled: false
11:40:36.020 [FXGL Background Thread 3 ] DEBUG Engine               - isCloseConfirmation: false
11:40:36.020 [FXGL Background Thread 3 ] DEBUG Engine               - isDesktop: true
11:40:36.020 [FXGL Background Thread 3 ] DEBUG Engine               - isDeveloperMenuEnabled: false
11:40:36.020 [FXGL Background Thread 3 ] DEBUG Engine               - isEmbedded: false
11:40:36.020 [FXGL Background Thread 3 ] DEBUG Engine               - isEntityPreloadEnabled: true
11:40:36.020 [FXGL Background Thread 3 ] DEBUG Engine               - isExperimentalTiledLargeMap: false
11:40:36.020 [FXGL Background Thread 3 ] DEBUG Engine               - isFileSystemWriteAllowed: true
11:40:36.020 [FXGL Background Thread 3 ] DEBUG Engine               - isFullScreenAllowed: false
11:40:36.020 [FXGL Background Thread 3 ] DEBUG Engine               - isFullScreenFromStart: false
11:40:36.020 [FXGL Background Thread 3 ] DEBUG Engine               - isGameMenuEnabled: true
11:40:36.020 [FXGL Background Thread 3 ] DEBUG Engine               - isIOS: false
11:40:36.020 [FXGL Background Thread 3 ] DEBUG Engine               - isIntroEnabled: false
11:40:36.020 [FXGL Background Thread 3 ] DEBUG Engine               - isLinux: false
11:40:36.022 [FXGL Background Thread 3 ] DEBUG Engine               - isMac: false
11:40:36.022 [FXGL Background Thread 3 ] DEBUG Engine               - isMainMenuEnabled: true
11:40:36.022 [FXGL Background Thread 3 ] DEBUG Engine               - isManualResizeEnabled: false
11:40:36.022 [FXGL Background Thread 3 ] DEBUG Engine               - isMobile: false
11:40:36.022 [FXGL Background Thread 3 ] DEBUG Engine               - isNative: false
11:40:36.022 [FXGL Background Thread 3 ] DEBUG Engine               - isPauseMusicWhenMinimized: true
11:40:36.022 [FXGL Background Thread 3 ] DEBUG Engine               - isPreserveResizeRatio: false
11:40:36.022 [FXGL Background Thread 3 ] DEBUG Engine               - isProfilingEnabled: false
11:40:36.022 [FXGL Background Thread 3 ] DEBUG Engine               - isScaleAffectedOnResize: true
11:40:36.022 [FXGL Background Thread 3 ] DEBUG Engine               - isSingleStep: false
11:40:36.022 [FXGL Background Thread 3 ] DEBUG Engine               - isUserProfileEnabled: false
11:40:36.022 [FXGL Background Thread 3 ] DEBUG Engine               - isWindows: true
11:40:36.022 [FXGL Background Thread 3 ] DEBUG Engine               - language: ObjectProperty [value: ENGLISH]
11:40:36.022 [FXGL Background Thread 3 ] DEBUG Engine               - menuKey: ESCAPE
11:40:36.022 [FXGL Background Thread 3 ] DEBUG Engine               - mouseSensitivity: 0.2
11:40:36.022 [FXGL Background Thread 3 ] DEBUG Engine               - notificationViewClass: class com.almasb.fxgl.notification.view.XboxNotificationView
11:40:36.022 [FXGL Background Thread 3 ] DEBUG Engine               - pixelsPerMeter: 50.0
11:40:36.022 [FXGL Background Thread 3 ] DEBUG Engine               - platform: WINDOWS
11:40:36.022 [FXGL Background Thread 3 ] DEBUG Engine               - prefHeightProperty: ReadOnlyDoubleProperty [value: 720.0]
11:40:36.022 [FXGL Background Thread 3 ] DEBUG Engine               - prefWidthProperty: ReadOnlyDoubleProperty [value: 1280.0]
11:40:36.023 [FXGL Background Thread 3 ] DEBUG Engine               - profileDir: profiles/
11:40:36.023 [FXGL Background Thread 3 ] DEBUG Engine               - profileName: StringProperty [value: DEFAULT]
11:40:36.023 [FXGL Background Thread 3 ] DEBUG Engine               - randomSeed: -1
11:40:36.023 [FXGL Background Thread 3 ] DEBUG Engine               - runtimeInfo: RuntimeInfo(platform=WINDOWS, version=17+dev-SNAPSHOT, build=01.09.2022 03.33)
11:40:36.023 [FXGL Background Thread 3 ] DEBUG Engine               - saveFileExt: sav
11:40:36.023 [FXGL Background Thread 3 ] DEBUG Engine               - scaledHeightProp$fxgl: DoubleProperty [bound, value: 671.0]
11:40:36.023 [FXGL Background Thread 3 ] DEBUG Engine               - scaledWidthProp$fxgl: DoubleProperty [bound, value: 1169.0]
11:40:36.023 [FXGL Background Thread 3 ] DEBUG Engine               - sceneFactory: org.example.GameApp$1@6670ac0e
11:40:36.023 [FXGL Background Thread 3 ] DEBUG Engine               - secondsIn24h: 60
11:40:36.023 [FXGL Background Thread 3 ] DEBUG Engine               - soundMenuBack: menu/back.wav
11:40:36.023 [FXGL Background Thread 3 ] DEBUG Engine               - soundMenuPress: menu/press.wav
11:40:36.023 [FXGL Background Thread 3 ] DEBUG Engine               - soundMenuSelect: menu/select.wav
11:40:36.023 [FXGL Background Thread 3 ] DEBUG Engine               - soundNotification: core/notification.wav
11:40:36.023 [FXGL Background Thread 3 ] DEBUG Engine               - stageStyle: DECORATED
11:40:36.023 [FXGL Background Thread 3 ] DEBUG Engine               - supportedLanguages: [ENGLISH, FRENCH, GERMAN, HUNGARIAN, RUSSIAN]
11:40:36.023 [FXGL Background Thread 3 ] DEBUG Engine               - ticksPerSecond: -1
11:40:36.023 [FXGL Background Thread 3 ] DEBUG Engine               - title: Prototype Game
11:40:36.024 [FXGL Background Thread 3 ] DEBUG Engine               - urlGithub: https://github.com/AlmasB/FXGL
11:40:36.024 [FXGL Background Thread 3 ] DEBUG Engine               - urlLeaderboard: http://fxgl-top.herokuapp.com/
11:40:36.024 [FXGL Background Thread 3 ] DEBUG Engine               - urlPOM: https://raw.githubusercontent.com/AlmasB/FXGL/release/README.md
11:40:36.024 [FXGL Background Thread 3 ] DEBUG Engine               - userAppClass: class org.example.GameApp
11:40:36.024 [FXGL Background Thread 3 ] DEBUG Engine               - version: 0.1.5
11:40:36.024 [FXGL Background Thread 3 ] DEBUG Engine               - versionCheckDays: 7
11:40:36.024 [FXGL Background Thread 3 ] DEBUG Engine               - width: 1280
11:40:36.024 [FXGL Background Thread 3 ] DEBUG Engine               - Logging services
11:40:36.024 [FXGL Background Thread 3 ] DEBUG Engine               - class com.almasb.fxgl.app.services.FXGLAssetLoaderService
11:40:36.024 [FXGL Background Thread 3 ] DEBUG Engine               - class com.almasb.fxgl.app.FXGLApplication$GameApplicationService
11:40:36.024 [FXGL Background Thread 3 ] DEBUG Engine               - class com.almasb.fxgl.app.services.FXGLDialogService
11:40:36.024 [FXGL Background Thread 3 ] DEBUG Engine               - class com.almasb.fxgl.app.services.IOTaskExecutorService
11:40:36.024 [FXGL Background Thread 3 ] DEBUG Engine               - class com.almasb.fxgl.io.FileSystemService
11:40:36.024 [FXGL Background Thread 3 ] DEBUG Engine               - class com.almasb.fxgl.localization.LocalizationService
11:40:36.025 [FXGL Background Thread 3 ] DEBUG Engine               - class com.almasb.fxgl.app.services.SystemBundleService
11:40:36.025 [FXGL Background Thread 3 ] DEBUG Engine               - class com.almasb.fxgl.profile.SaveLoadService
11:40:36.025 [FXGL Background Thread 3 ] DEBUG Engine               - class com.almasb.fxgl.ui.FXGLUIFactoryServiceProvider
11:40:36.025 [FXGL Background Thread 3 ] DEBUG Engine               - class com.almasb.fxgl.ui.FXGLDialogFactoryServiceProvider
11:40:36.025 [FXGL Background Thread 3 ] DEBUG Engine               - class com.almasb.fxgl.audio.AudioPlayer
11:40:36.025 [FXGL Background Thread 3 ] DEBUG Engine               - class com.almasb.fxgl.notification.impl.NotificationServiceProvider
11:40:36.025 [FXGL Background Thread 3 ] DEBUG Engine               - class com.almasb.fxgl.achievement.AchievementService
11:40:36.025 [FXGL Background Thread 3 ] DEBUG Engine               - class com.almasb.fxgl.cutscene.CutsceneService
11:40:36.025 [FXGL Background Thread 3 ] DEBUG Engine               - class com.almasb.fxgl.minigames.MiniGameService
11:40:36.025 [FXGL Background Thread 3 ] DEBUG Engine               - class com.almasb.fxgl.net.NetService
11:40:36.025 [FXGL Background Thread 3 ] DEBUG Engine               - class com.almasb.fxgl.app.services.UpdaterService
11:40:36.025 [FXGL Background Thread 3 ] DEBUG Engine               - class com.almasb.fxgl.dev.DevService
11:40:38.308 [JavaFX Application Thread] DEBUG GameWorld            - Game world initialized
11:40:38.312 [JavaFX Application Thread] DEBUG PhysicsWorld         - Physics world initialized: appHeight=720, physics.ppm=50.0
11:40:38.312 [JavaFX Application Thread] DEBUG PhysicsWorld         - Using strategy: BRUTE_FORCE
11:40:38.313 [JavaFX Application Thread] DEBUG GameScene            - Game scene initialized: 1280x720
11:40:38.416 [JavaFX Application Thread] DEBUG PrimaryStageWindow   - Push state: MainMenuScene
11:40:38.430 [JavaFX Application Thread] DEBUG Input                - Clearing active input actions
11:40:38.435 [JavaFX Application Thread] DEBUG GameApplicationServi - Removing overlay from NameInputScene and adding to MainMenuScene
11:40:38.436 [JavaFX Application Thread] DEBUG PrimaryStageWindow   - NameInputScene -> MainMenuScene
11:40:40.585 [JavaFX Application Thread] DEBUG GameApplicationServi - Starting new game
11:40:40.587 [JavaFX Application Thread] DEBUG PrimaryStageWindow   - Pop state: MainMenuScene
11:40:40.587 [JavaFX Application Thread] DEBUG Input                - Clearing active input actions
11:40:40.588 [JavaFX Application Thread] DEBUG GameApplicationServi - Removing overlay from MainMenuScene and adding to NameInputScene
11:40:40.588 [JavaFX Application Thread] DEBUG PrimaryStageWindow   - NameInputScene <- MainMenuScene
11:40:40.589 [JavaFX Application Thread] DEBUG PrimaryStageWindow   - Pop state: NameInputScene
11:40:40.589 [JavaFX Application Thread] DEBUG Input                - Clearing active input actions
11:40:40.589 [JavaFX Application Thread] DEBUG GameApplicationServi - Removing overlay from NameInputScene and adding to FXGLMainMenuDummyScene
11:40:40.590 [JavaFX Application Thread] DEBUG PrimaryStageWindow   - FXGLMainMenuDummyScene <- NameInputScene
11:40:40.590 [JavaFX Application Thread] DEBUG Input                - Clearing active input actions
11:40:40.602 [JavaFX Application Thread] DEBUG GameApplicationServi - Removing overlay from FXGLMainMenuDummyScene and adding to FXGLLoadingScene
11:40:40.602 [JavaFX Application Thread] DEBUG PrimaryStageWindow   - FXGLMainMenuDummyScene -> FXGLLoadingScene
11:40:40.602 [JavaFX Application Thread] DEBUG GameApplicationServi - Clearing previous game
11:40:40.603 [JavaFX Application Thread] DEBUG GameScene            - Clearing game scene
11:40:40.603 [JavaFX Application Thread] DEBUG GameWorld            - Clearing game world
11:40:40.603 [JavaFX Application Thread] DEBUG PhysicsWorld         - Clearing physics world
11:40:40.610 [FXGL Background Thread 2 ] DEBUG FXGLApplication      - Initializing game
11:40:40.642 [FXGL Background Thread 2 ] DEBUG FXGLAssetLoaderServi - Loading from file system: file:/C:/Users/ginac/IdeaProjects/TheOnlyException/Test/target/classes/assets/textures/dasd.png
11:40:40.679 [FXGL Background Thread 2 ] DEBUG FXGLAssetLoaderServi - Loading from file system: file:/C:/Users/ginac/IdeaProjects/TheOnlyException/Test/target/classes/assets/textures/player-scaled.png
11:40:40.849 [FXGL Background Thread 2 ] INFO  FXGLApplication      - Game initialization took: 0.239 sec
11:40:40.850 [JavaFX Application Thread] DEBUG Input                - Clearing active input actions
11:40:40.865 [JavaFX Application Thread] DEBUG GameApplicationServi - Removing overlay from FXGLLoadingScene and adding to GameScene
11:40:40.865 [JavaFX Application Thread] DEBUG PrimaryStageWindow   - FXGLLoadingScene -> GameScene
11:40:41.900 [JavaFX Application Thread] DEBUG FXGLAssetLoaderServi - Loading from file system: file:/C:/Users/ginac/IdeaProjects/TheOnlyException/Test/target/classes/assets/textures/MaggotWalk-scaled.png
11:40:42.977 [JavaFX Application Thread] DEBUG FXGLAssetLoaderServi - Loading from file system: file:/C:/Users/ginac/IdeaProjects/TheOnlyException/Test/target/classes/assets/textures/BeetleMove-scaled.png
11:40:44.009 [JavaFX Application Thread] DEBUG FXGLAssetLoaderServi - Loading from file system: file:/C:/Users/ginac/IdeaProjects/TheOnlyException/Test/target/classes/assets/textures/MantisMove-scaled.png
11:40:51.547 [JavaFX Application Thread] DEBUG PrimaryStageWindow   - Push state: DialogSubScene
11:40:51.547 [JavaFX Application Thread] DEBUG Input                - Clearing active input actions
11:40:51.551 [JavaFX Application Thread] DEBUG GameApplicationServi - Removing overlay from GameScene and adding to DialogSubScene
11:40:51.551 [JavaFX Application Thread] DEBUG PrimaryStageWindow   - GameScene -> DialogSubScene
11:40:52.903 [JavaFX Application Thread] DEBUG PrimaryStageWindow   - Pop state: DialogSubScene
11:40:52.903 [JavaFX Application Thread] DEBUG Input                - Clearing active input actions
11:40:52.904 [JavaFX Application Thread] DEBUG GameApplicationServi - Removing overlay from DialogSubScene and adding to GameScene
11:40:52.904 [JavaFX Application Thread] DEBUG PrimaryStageWindow   - GameScene <- DialogSubScene
11:40:55.451 [JavaFX Application Thread] DEBUG PrimaryStageWindow   - Push state: DialogSubScene
11:40:55.451 [JavaFX Application Thread] DEBUG Input                - Clearing active input actions
11:40:55.452 [JavaFX Application Thread] DEBUG GameApplicationServi - Removing overlay from GameScene and adding to DialogSubScene
11:40:55.452 [JavaFX Application Thread] DEBUG PrimaryStageWindow   - GameScene -> DialogSubScene
11:40:57.054 [JavaFX Application Thread] DEBUG FXGLApplication      - Exiting FXGL
11:40:57.054 [JavaFX Application Thread] DEBUG LoopRunner           - Stopping loop
11:40:57.054 [JavaFX Application Thread] DEBUG SystemBundleService  - Saving FXGL system data
11:40:57.056 [JavaFX Application Thread] DEBUG FileSystemAccess     - Writing to: C:\Users\ginac\IdeaProjects\TheOnlyException\system\fxgl.bundle
11:40:57.059 [JavaFX Application Thread] DEBUG Async                - Shutting down background threads
11:40:57.059 [JavaFX Application Thread] DEBUG PrimaryStageWindow   - Closing main window
11:40:57.083 [JavaFX Application Thread] DEBUG Logger               - Closing Logger
