19:54:36.115 [main                     ] DEBUG Logger               - Configured Logger
19:54:36.120 [main                     ] DEBUG GameApplication      - Logging settings
Title: Prototype Game
Version: 0.1.5
Width: 1280
Height: 720
Fullscreen: false
Intro: false
Profiling: false
Single step:false
App Mode: DEVELOPER
Menu Key: ESCAPE
Stage Style: DECORATED
Scene Factory: class org.example.core.GameApp$1

19:54:36.241 [JavaFX Application Thread] DEBUG FXGLApplication      - Initializing FXGL
19:54:36.244 [JavaFX Application Thread] INFO  Engine               - FXGL-21+dev-SNAPSHOT (26.03.2024 19.46) on WINDOWS (J:24 FX:21.0.1)
19:54:36.244 [JavaFX Application Thread] DEBUG Engine               - JRE Vendor Name: Oracle Corporation
19:54:36.244 [JavaFX Application Thread] DEBUG Engine               - Running on OS: Windows 11 version 10.0
19:54:36.244 [JavaFX Application Thread] DEBUG Engine               - Architecture: amd64
19:54:36.244 [JavaFX Application Thread] INFO  Engine               - Source code and latest versions at: https://github.com/AlmasB/FXGL
19:54:36.244 [JavaFX Application Thread] INFO  Engine               -       Ask questions and discuss at: https://github.com/AlmasB/FXGL/discussions
19:54:36.244 [JavaFX Application Thread] INFO  Engine               -              Join the FXGL chat at: https://gitter.im/AlmasB/FXGL
19:54:36.337 [JavaFX Application Thread] DEBUG PrimaryStageWindow   - Creating a JavaFX scene
19:54:36.365 [JavaFX Application Thread] DEBUG PrimaryStageWindow   - Target settings size: 1280.0 x 720.0
19:54:36.365 [JavaFX Application Thread] DEBUG PrimaryStageWindow   - Scaled scene size:    1280.0 x 720.0
19:54:36.365 [JavaFX Application Thread] DEBUG PrimaryStageWindow   - Scaled ratio: (1.0, 1.0)
19:54:36.366 [JavaFX Application Thread] DEBUG PrimaryStageWindow   - Set initial scene to FXGLStartupScene
19:54:36.369 [JavaFX Application Thread] DEBUG PrimaryStageWindow   - Opening main window
19:54:36.445 [JavaFX Application Thread] DEBUG PrimaryStageWindow   - Window border size: (16.0, 39.0)
19:54:36.445 [JavaFX Application Thread] DEBUG PrimaryStageWindow   - Scaled size: 1280.0 x 720.0
19:54:36.445 [JavaFX Application Thread] DEBUG PrimaryStageWindow   - Scaled ratio: (1.0, 1.0)
19:54:36.445 [JavaFX Application Thread] DEBUG PrimaryStageWindow   - Scene size: 1280.0 x 720.0
19:54:36.445 [JavaFX Application Thread] DEBUG PrimaryStageWindow   - Stage size: 1296.0 x 759.0
19:54:36.450 [FXGL Background Thread 1 ] DEBUG Engine               - Initializing environment variables
19:54:36.498 [FXGL Background Thread 1 ] DEBUG FXGLAssetLoaderServi - User app class for loading assets: class org.example.core.GameApp
19:54:36.498 [FXGL Background Thread 1 ] DEBUG GameApplicationServi - Applying CSS: fxgl_dark.css
19:54:36.499 [FXGL Background Thread 1 ] DEBUG FXGLAssetLoaderServi - Loading from file system: jar:file:/C:/Users/primzcm/.m2/repository/com/github/almasb/fxgl/fxgl/21.1/fxgl-21.1.jar!/fxglassets/ui/css/fxgl_dark.css
19:54:36.530 [FXGL Background Thread 1 ] DEBUG GameApplicationServi - Initializing application scenes
19:54:36.554 [FXGL Background Thread 1 ] DEBUG GameWorld            - Game world initialized
19:54:36.600 [FXGL Background Thread 1 ] DEBUG PhysicsWorld         - Physics world initialized: appHeight=720, physics.ppm=50.0
19:54:36.600 [FXGL Background Thread 1 ] DEBUG PhysicsWorld         - Using strategy: BRUTE_FORCE
19:54:36.602 [FXGL Background Thread 1 ] DEBUG GameScene            - Game scene initialized: 1280x720
19:54:36.799 [FXGL Background Thread 1 ] DEBUG GameApplicationServi - Application scenes initialized
19:54:36.812 [FXGL Background Thread 1 ] DEBUG SystemBundleService  - Loading FXGL system data
19:54:36.815 [FXGL Background Thread 1 ] DEBUG FileSystemAccess     - Reading from: F:\my files\School\2nd year 2nd sem\TheOnlyException\system\fxgl.bundle
19:54:36.821 [FXGL Background Thread 1 ] DEBUG SystemBundleService  - Bundle FXGL: {}
19:54:36.821 [FXGL Background Thread 1 ] DEBUG UpdaterService       - Checking for updates
19:54:36.827 [FXGL Background Thread 4 ] DEBUG FXGLApplication      - Loading fonts
19:54:36.827 [FXGL Background Thread 4 ] DEBUG FXGLAssetLoaderServi - Loading from file system: jar:file:/C:/Users/primzcm/.m2/repository/com/github/almasb/fxgl/fxgl/21.1/fxgl-21.1.jar!/fxglassets/ui/fonts/VarelaRound-Regular.ttf
19:54:36.827 [FXGL Background Thread 1 ] DEBUG FXGLApplication      - Loading default localization
19:54:36.829 [FXGL Background Thread 1 ] DEBUG FXGLAssetLoaderServi - Loading from file system: jar:file:/C:/Users/primzcm/.m2/repository/com/github/almasb/fxgl/fxgl/21.1/fxgl-21.1.jar!/fxglassets/languages/english.lang
19:54:36.831 [FXGL Background Thread 4 ] DEBUG FXGLAssetLoaderServi - Loading from file system: jar:file:/C:/Users/primzcm/.m2/repository/com/github/almasb/fxgl/fxgl/21.1/fxgl-21.1.jar!/fxglassets/ui/fonts/Abel-Regular.ttf
19:54:36.833 [FXGL Background Thread 4 ] DEBUG FXGLAssetLoaderServi - Loading from file system: jar:file:/C:/Users/primzcm/.m2/repository/com/github/almasb/fxgl/fxgl/21.1/fxgl-21.1.jar!/fxglassets/ui/fonts/TerminalLandMono-Regular.otf
19:54:36.835 [FXGL Background Thread 4 ] DEBUG FXGLAssetLoaderServi - Loading from file system: jar:file:/C:/Users/primzcm/.m2/repository/com/github/almasb/fxgl/fxgl/21.1/fxgl-21.1.jar!/fxglassets/ui/fonts/Courier-Prime.ttf
19:54:36.843 [JavaFX Application Thread] DEBUG FXGLApplication      - Registering font factories with UI factory
19:54:36.854 [FXGL Background Thread 1 ] INFO  FXGLApplication      - FXGL initialization took: 0.403 sec
19:54:36.861 [JavaFX Application Thread] DEBUG Input                - Registered new binding: action0 - A
19:54:36.861 [JavaFX Application Thread] DEBUG Input                - Registered new binding: action1 - D
19:54:36.862 [JavaFX Application Thread] DEBUG Input                - Registered new binding: action2 - W
19:54:36.862 [JavaFX Application Thread] DEBUG Input                - Registered new binding: action3 - S
19:54:36.863 [JavaFX Application Thread] DEBUG FXGLAssetLoaderServi - Loading from file system: jar:file:/C:/Users/primzcm/.m2/repository/com/github/almasb/fxgl/fxgl/21.1/fxgl-21.1.jar!/fxglassets/textures/fxgl_icon.png
19:54:36.938 [JavaFX Application Thread] DEBUG FXGLAssetLoaderServi - Loading from file system: jar:file:/C:/Users/primzcm/.m2/repository/com/github/almasb/fxgl/fxgl/21.1/fxgl-21.1.jar!/fxglassets/textures/fxgl_default_cursor.png
19:54:36.940 [JavaFX Application Thread] DEBUG Input                - Registered new binding: Screenshot - CTRL+8
19:54:36.941 [JavaFX Application Thread] DEBUG Input                - Registered new binding: System info dump - CTRL+9
19:54:36.941 [JavaFX Application Thread] DEBUG Input                - Registered new binding: Restart - CTRL+R
19:54:36.942 [JavaFX Application Thread] DEBUG Input                - Registered new binding: Toggle Debug Camera - CTRL+7
19:54:36.947 [JavaFX Application Thread] DEBUG LoopRunner           - Starting loop
19:54:36.947 [JavaFX Application Thread] DEBUG LoopRunner           - Initializing JavaFX AnimationTimerLoop
19:54:36.951 [JavaFX Application Thread] DEBUG Input                - Clearing active input actions
19:54:36.956 [JavaFX Application Thread] DEBUG GameApplicationServi - Removing overlay from FXGLStartupScene and adding to FXGLMainMenuDummyScene
19:54:36.956 [JavaFX Application Thread] DEBUG PrimaryStageWindow   - FXGLStartupScene -> FXGLMainMenuDummyScene
19:54:36.956 [JavaFX Application Thread] DEBUG PrimaryStageWindow   - Push state: LoginScene
19:54:36.957 [JavaFX Application Thread] DEBUG Input                - Clearing active input actions
19:54:36.983 [JavaFX Application Thread] DEBUG GameApplicationServi - Removing overlay from FXGLMainMenuDummyScene and adding to LoginScene
19:54:36.983 [JavaFX Application Thread] DEBUG PrimaryStageWindow   - FXGLMainMenuDummyScene -> LoginScene
19:54:37.322 [FXGL Background Thread 2 ] INFO  UpdaterService       - Your current version:  21+dev-SNAPSHOT
19:54:37.322 [FXGL Background Thread 2 ] INFO  UpdaterService       - Latest stable version: 21.1
19:54:39.827 [FXGL Background Thread 3 ] DEBUG Engine               - Logging environment variables
19:54:39.827 [FXGL Background Thread 3 ] DEBUG Engine               - achievements: []
19:54:39.827 [FXGL Background Thread 3 ] DEBUG Engine               - actualHeight: 720.0
19:54:39.827 [FXGL Background Thread 3 ] DEBUG Engine               - actualHeightProperty: ReadOnlyDoubleProperty [value: 720.0]
19:54:39.827 [FXGL Background Thread 3 ] DEBUG Engine               - actualWidth: 1280.0
19:54:39.827 [FXGL Background Thread 3 ] DEBUG Engine               - actualWidthProperty: ReadOnlyDoubleProperty [value: 1280.0]
19:54:39.827 [FXGL Background Thread 3 ] DEBUG Engine               - appIcon: fxgl_icon.png
19:54:39.827 [FXGL Background Thread 3 ] DEBUG Engine               - applicationMode: DEVELOPER
19:54:39.827 [FXGL Background Thread 3 ] DEBUG Engine               - cSSList: [fxgl_dark.css]
19:54:39.827 [FXGL Background Thread 3 ] DEBUG Engine               - collisionDetectionStrategy: BRUTE_FORCE
19:54:39.827 [FXGL Background Thread 3 ] DEBUG Engine               - configClass: Optional.empty
19:54:39.827 [FXGL Background Thread 3 ] DEBUG Engine               - credits: []
19:54:39.829 [FXGL Background Thread 3 ] DEBUG Engine               - defaultCursor: CursorInfo(imageName=fxgl_default_cursor.png, hotspotX=7.0, hotspotY=6.0)
19:54:39.829 [FXGL Background Thread 3 ] DEBUG Engine               - devBBoxColorProperty: ObjectProperty [value: 0xff0000ff]
19:54:39.829 [FXGL Background Thread 3 ] DEBUG Engine               - devEnableDebugCameraProperty: BooleanProperty [value: false]
19:54:39.829 [FXGL Background Thread 3 ] DEBUG Engine               - devSensorColorProperty: ObjectProperty [value: 0xffff00ff]
19:54:39.829 [FXGL Background Thread 3 ] DEBUG Engine               - devShowBBoxProperty: BooleanProperty [value: false]
19:54:39.829 [FXGL Background Thread 3 ] DEBUG Engine               - devShowPositionProperty: BooleanProperty [value: false]
19:54:39.829 [FXGL Background Thread 3 ] DEBUG Engine               - enabledMenuItems: []
19:54:39.829 [FXGL Background Thread 3 ] DEBUG Engine               - engineServices: [class com.almasb.fxgl.app.services.FXGLAssetLoaderService, class com.almasb.fxgl.app.FXGLApplication$GameApplicationService, class com.almasb.fxgl.app.services.FXGLDialogService, class com.almasb.fxgl.app.services.IOTaskExecutorService, class com.almasb.fxgl.io.FileSystemService, class com.almasb.fxgl.localization.LocalizationService, class com.almasb.fxgl.app.services.SystemBundleService, class com.almasb.fxgl.profile.SaveLoadService, class com.almasb.fxgl.ui.FXGLUIFactoryServiceProvider, class com.almasb.fxgl.ui.FXGLDialogFactoryServiceProvider, class com.almasb.fxgl.audio.AudioPlayer, class com.almasb.fxgl.notification.impl.NotificationServiceProvider, class com.almasb.fxgl.achievement.AchievementService, class com.almasb.fxgl.cutscene.CutsceneService, class com.almasb.fxgl.minigames.MiniGameService, class com.almasb.fxgl.net.NetService, class com.almasb.fxgl.app.services.UpdaterService, class com.almasb.fxgl.dev.DevService]
19:54:39.829 [FXGL Background Thread 3 ] DEBUG Engine               - fontGame: Abel-Regular.ttf
19:54:39.829 [FXGL Background Thread 3 ] DEBUG Engine               - fontMono: TerminalLandMono-Regular.otf
19:54:39.829 [FXGL Background Thread 3 ] DEBUG Engine               - fontSizeScaleUI: 1.0
19:54:39.829 [FXGL Background Thread 3 ] DEBUG Engine               - fontText: Courier-Prime.ttf
19:54:39.829 [FXGL Background Thread 3 ] DEBUG Engine               - fontUI: VarelaRound-Regular.ttf
19:54:39.829 [FXGL Background Thread 3 ] DEBUG Engine               - fullScreen: BooleanProperty [value: false]
19:54:39.829 [FXGL Background Thread 3 ] DEBUG Engine               - gameDifficulty: MEDIUM
19:54:39.829 [FXGL Background Thread 3 ] DEBUG Engine               - gameDifficultyProperty: ObjectProperty [value: MEDIUM]
19:54:39.829 [FXGL Background Thread 3 ] DEBUG Engine               - globalMusicVolume: 0.5
19:54:39.829 [FXGL Background Thread 3 ] DEBUG Engine               - globalMusicVolumeProperty: DoubleProperty [value: 0.5]
19:54:39.829 [FXGL Background Thread 3 ] DEBUG Engine               - globalSoundVolume: 0.5
19:54:39.829 [FXGL Background Thread 3 ] DEBUG Engine               - globalSoundVolumeProperty: DoubleProperty [value: 0.5]
19:54:39.829 [FXGL Background Thread 3 ] DEBUG Engine               - height: 720
19:54:39.829 [FXGL Background Thread 3 ] DEBUG Engine               - is3D: false
19:54:39.829 [FXGL Background Thread 3 ] DEBUG Engine               - isAndroid: false
19:54:39.829 [FXGL Background Thread 3 ] DEBUG Engine               - isBrowser: false
19:54:39.829 [FXGL Background Thread 3 ] DEBUG Engine               - isClickFeedbackEnabled: false
19:54:39.829 [FXGL Background Thread 3 ] DEBUG Engine               - isCloseConfirmation: false
19:54:39.829 [FXGL Background Thread 3 ] DEBUG Engine               - isDesktop: true
19:54:39.829 [FXGL Background Thread 3 ] DEBUG Engine               - isDeveloperMenuEnabled: false
19:54:39.829 [FXGL Background Thread 3 ] DEBUG Engine               - isEmbedded: false
19:54:39.829 [FXGL Background Thread 3 ] DEBUG Engine               - isEntityPreloadEnabled: true
19:54:39.829 [FXGL Background Thread 3 ] DEBUG Engine               - isExperimentalTiledLargeMap: false
19:54:39.829 [FXGL Background Thread 3 ] DEBUG Engine               - isFileSystemWriteAllowed: true
19:54:39.829 [FXGL Background Thread 3 ] DEBUG Engine               - isFullScreenAllowed: false
19:54:39.829 [FXGL Background Thread 3 ] DEBUG Engine               - isFullScreenFromStart: false
19:54:39.829 [FXGL Background Thread 3 ] DEBUG Engine               - isGameMenuEnabled: false
19:54:39.829 [FXGL Background Thread 3 ] DEBUG Engine               - isIOS: false
19:54:39.830 [FXGL Background Thread 3 ] DEBUG Engine               - isIntroEnabled: false
19:54:39.830 [FXGL Background Thread 3 ] DEBUG Engine               - isLinux: false
19:54:39.830 [FXGL Background Thread 3 ] DEBUG Engine               - isMac: false
19:54:39.830 [FXGL Background Thread 3 ] DEBUG Engine               - isMainMenuEnabled: true
19:54:39.830 [FXGL Background Thread 3 ] DEBUG Engine               - isManualResizeEnabled: false
19:54:39.830 [FXGL Background Thread 3 ] DEBUG Engine               - isMobile: false
19:54:39.830 [FXGL Background Thread 3 ] DEBUG Engine               - isNative: false
19:54:39.830 [FXGL Background Thread 3 ] DEBUG Engine               - isPauseMusicWhenMinimized: true
19:54:39.830 [FXGL Background Thread 3 ] DEBUG Engine               - isPreserveResizeRatio: false
19:54:39.830 [FXGL Background Thread 3 ] DEBUG Engine               - isProfilingEnabled: false
19:54:39.830 [FXGL Background Thread 3 ] DEBUG Engine               - isScaleAffectedOnResize: true
19:54:39.830 [FXGL Background Thread 3 ] DEBUG Engine               - isSingleStep: false
19:54:39.830 [FXGL Background Thread 3 ] DEBUG Engine               - isUserProfileEnabled: false
19:54:39.830 [FXGL Background Thread 3 ] DEBUG Engine               - isWindows: true
19:54:39.830 [FXGL Background Thread 3 ] DEBUG Engine               - language: ObjectProperty [value: ENGLISH]
19:54:39.830 [FXGL Background Thread 3 ] DEBUG Engine               - menuKey: ESCAPE
19:54:39.830 [FXGL Background Thread 3 ] DEBUG Engine               - mouseSensitivity: 0.2
19:54:39.830 [FXGL Background Thread 3 ] DEBUG Engine               - notificationViewClass: class com.almasb.fxgl.notification.view.XboxNotificationView
19:54:39.830 [FXGL Background Thread 3 ] DEBUG Engine               - pixelsPerMeter: 50.0
19:54:39.830 [FXGL Background Thread 3 ] DEBUG Engine               - platform: WINDOWS
19:54:39.830 [FXGL Background Thread 3 ] DEBUG Engine               - prefHeightProperty: ReadOnlyDoubleProperty [value: 720.0]
19:54:39.830 [FXGL Background Thread 3 ] DEBUG Engine               - prefWidthProperty: ReadOnlyDoubleProperty [value: 1280.0]
19:54:39.830 [FXGL Background Thread 3 ] DEBUG Engine               - profileDir: profiles/
19:54:39.830 [FXGL Background Thread 3 ] DEBUG Engine               - profileName: StringProperty [value: DEFAULT]
19:54:39.830 [FXGL Background Thread 3 ] DEBUG Engine               - randomSeed: -1
19:54:39.830 [FXGL Background Thread 3 ] DEBUG Engine               - runtimeInfo: RuntimeInfo(platform=WINDOWS, version=21+dev-SNAPSHOT, build=26.03.2024 19.46)
19:54:39.830 [FXGL Background Thread 3 ] DEBUG Engine               - saveFileExt: sav
19:54:39.830 [FXGL Background Thread 3 ] DEBUG Engine               - scaledHeightProp$fxgl: DoubleProperty [bound, value: 720.0]
19:54:39.830 [FXGL Background Thread 3 ] DEBUG Engine               - scaledWidthProp$fxgl: DoubleProperty [bound, value: 1280.0]
19:54:39.830 [FXGL Background Thread 3 ] DEBUG Engine               - sceneFactory: org.example.core.GameApp$1@d8dc811
19:54:39.830 [FXGL Background Thread 3 ] DEBUG Engine               - secondsIn24h: 60
19:54:39.830 [FXGL Background Thread 3 ] DEBUG Engine               - soundMenuBack: menu/back.wav
19:54:39.830 [FXGL Background Thread 3 ] DEBUG Engine               - soundMenuPress: menu/press.wav
19:54:39.830 [FXGL Background Thread 3 ] DEBUG Engine               - soundMenuSelect: menu/select.wav
19:54:39.831 [FXGL Background Thread 3 ] DEBUG Engine               - soundNotification: core/notification.wav
19:54:39.831 [FXGL Background Thread 3 ] DEBUG Engine               - stageStyle: DECORATED
19:54:39.831 [FXGL Background Thread 3 ] DEBUG Engine               - supportedLanguages: [ENGLISH, FRENCH, GERMAN, HUNGARIAN, RUSSIAN]
19:54:39.831 [FXGL Background Thread 3 ] DEBUG Engine               - ticksPerSecond: -1
19:54:39.831 [FXGL Background Thread 3 ] DEBUG Engine               - title: Prototype Game
19:54:39.831 [FXGL Background Thread 3 ] DEBUG Engine               - urlGithub: https://github.com/AlmasB/FXGL
19:54:39.831 [FXGL Background Thread 3 ] DEBUG Engine               - urlLeaderboard: http://fxgl-top.herokuapp.com/
19:54:39.831 [FXGL Background Thread 3 ] DEBUG Engine               - urlPOM: https://raw.githubusercontent.com/AlmasB/FXGL/release/README.md
19:54:39.831 [FXGL Background Thread 3 ] DEBUG Engine               - userAppClass: class org.example.core.GameApp
19:54:39.831 [FXGL Background Thread 3 ] DEBUG Engine               - version: 0.1.5
19:54:39.831 [FXGL Background Thread 3 ] DEBUG Engine               - versionCheckDays: 7
19:54:39.831 [FXGL Background Thread 3 ] DEBUG Engine               - width: 1280
19:54:39.831 [FXGL Background Thread 3 ] DEBUG Engine               - Logging services
19:54:39.831 [FXGL Background Thread 3 ] DEBUG Engine               - class com.almasb.fxgl.app.services.FXGLAssetLoaderService
19:54:39.831 [FXGL Background Thread 3 ] DEBUG Engine               - class com.almasb.fxgl.app.FXGLApplication$GameApplicationService
19:54:39.831 [FXGL Background Thread 3 ] DEBUG Engine               - class com.almasb.fxgl.app.services.FXGLDialogService
19:54:39.831 [FXGL Background Thread 3 ] DEBUG Engine               - class com.almasb.fxgl.app.services.IOTaskExecutorService
19:54:39.831 [FXGL Background Thread 3 ] DEBUG Engine               - class com.almasb.fxgl.io.FileSystemService
19:54:39.831 [FXGL Background Thread 3 ] DEBUG Engine               - class com.almasb.fxgl.localization.LocalizationService
19:54:39.831 [FXGL Background Thread 3 ] DEBUG Engine               - class com.almasb.fxgl.app.services.SystemBundleService
19:54:39.831 [FXGL Background Thread 3 ] DEBUG Engine               - class com.almasb.fxgl.profile.SaveLoadService
19:54:39.831 [FXGL Background Thread 3 ] DEBUG Engine               - class com.almasb.fxgl.ui.FXGLUIFactoryServiceProvider
19:54:39.831 [FXGL Background Thread 3 ] DEBUG Engine               - class com.almasb.fxgl.ui.FXGLDialogFactoryServiceProvider
19:54:39.831 [FXGL Background Thread 3 ] DEBUG Engine               - class com.almasb.fxgl.audio.AudioPlayer
19:54:39.831 [FXGL Background Thread 3 ] DEBUG Engine               - class com.almasb.fxgl.notification.impl.NotificationServiceProvider
19:54:39.831 [FXGL Background Thread 3 ] DEBUG Engine               - class com.almasb.fxgl.achievement.AchievementService
19:54:39.831 [FXGL Background Thread 3 ] DEBUG Engine               - class com.almasb.fxgl.cutscene.CutsceneService
19:54:39.831 [FXGL Background Thread 3 ] DEBUG Engine               - class com.almasb.fxgl.minigames.MiniGameService
19:54:39.831 [FXGL Background Thread 3 ] DEBUG Engine               - class com.almasb.fxgl.net.NetService
19:54:39.831 [FXGL Background Thread 3 ] DEBUG Engine               - class com.almasb.fxgl.app.services.UpdaterService
19:54:39.831 [FXGL Background Thread 3 ] DEBUG Engine               - class com.almasb.fxgl.dev.DevService
19:54:39.859 [JavaFX Application Thread] DEBUG GameWorld            - Game world initialized
19:54:39.859 [JavaFX Application Thread] DEBUG PhysicsWorld         - Physics world initialized: appHeight=720, physics.ppm=50.0
19:54:39.859 [JavaFX Application Thread] DEBUG PhysicsWorld         - Using strategy: BRUTE_FORCE
19:54:39.860 [JavaFX Application Thread] DEBUG GameScene            - Game scene initialized: 1280x720
19:54:39.877 [JavaFX Application Thread] DEBUG PrimaryStageWindow   - Push state: MainMenuScene
19:54:39.880 [JavaFX Application Thread] DEBUG Input                - Clearing active input actions
19:54:39.881 [JavaFX Application Thread] DEBUG GameApplicationServi - Removing overlay from LoginScene and adding to MainMenuScene
19:54:39.882 [JavaFX Application Thread] DEBUG PrimaryStageWindow   - LoginScene -> MainMenuScene
19:54:39.886 [JavaFX Application Thread] DEBUG GameWorld            - Game world initialized
19:54:39.887 [JavaFX Application Thread] DEBUG PhysicsWorld         - Physics world initialized: appHeight=720, physics.ppm=50.0
19:54:39.887 [JavaFX Application Thread] DEBUG PhysicsWorld         - Using strategy: BRUTE_FORCE
19:54:39.887 [JavaFX Application Thread] DEBUG GameScene            - Game scene initialized: 1280x720
19:54:39.901 [JavaFX Application Thread] DEBUG PrimaryStageWindow   - Push state: MainMenuScene
19:54:39.904 [JavaFX Application Thread] DEBUG Input                - Clearing active input actions
19:54:39.905 [JavaFX Application Thread] DEBUG GameApplicationServi - Removing overlay from MainMenuScene and adding to MainMenuScene
19:54:39.906 [JavaFX Application Thread] DEBUG PrimaryStageWindow   - MainMenuScene -> MainMenuScene
19:54:41.022 [JavaFX Application Thread] DEBUG GameApplicationServi - Starting new game
19:54:41.022 [JavaFX Application Thread] DEBUG PrimaryStageWindow   - Pop state: MainMenuScene
19:54:41.023 [JavaFX Application Thread] DEBUG Input                - Clearing active input actions
19:54:41.023 [JavaFX Application Thread] DEBUG GameApplicationServi - Removing overlay from MainMenuScene and adding to MainMenuScene
19:54:41.023 [JavaFX Application Thread] DEBUG PrimaryStageWindow   - MainMenuScene <- MainMenuScene
19:54:41.023 [JavaFX Application Thread] DEBUG PrimaryStageWindow   - Pop state: MainMenuScene
19:54:41.023 [JavaFX Application Thread] DEBUG Input                - Clearing active input actions
19:54:41.024 [JavaFX Application Thread] DEBUG GameApplicationServi - Removing overlay from MainMenuScene and adding to LoginScene
19:54:41.024 [JavaFX Application Thread] DEBUG PrimaryStageWindow   - LoginScene <- MainMenuScene
19:54:41.042 [JavaFX Application Thread] DEBUG PrimaryStageWindow   - Pop state: LoginScene
19:54:41.043 [JavaFX Application Thread] DEBUG Input                - Clearing active input actions
19:54:41.043 [JavaFX Application Thread] DEBUG GameApplicationServi - Removing overlay from LoginScene and adding to FXGLMainMenuDummyScene
19:54:41.043 [JavaFX Application Thread] DEBUG PrimaryStageWindow   - FXGLMainMenuDummyScene <- LoginScene
19:54:41.043 [JavaFX Application Thread] DEBUG Input                - Clearing active input actions
19:54:41.060 [JavaFX Application Thread] DEBUG GameApplicationServi - Removing overlay from FXGLMainMenuDummyScene and adding to FXGLLoadingScene
19:54:41.060 [JavaFX Application Thread] DEBUG PrimaryStageWindow   - FXGLMainMenuDummyScene -> FXGLLoadingScene
19:54:41.060 [JavaFX Application Thread] DEBUG GameApplicationServi - Clearing previous game
19:54:41.060 [JavaFX Application Thread] DEBUG GameScene            - Clearing game scene
19:54:41.060 [JavaFX Application Thread] DEBUG GameWorld            - Clearing game world
19:54:41.060 [JavaFX Application Thread] DEBUG PhysicsWorld         - Clearing physics world
19:54:41.061 [FXGL Background Thread 2 ] DEBUG FXGLApplication      - Initializing game
19:54:41.070 [FXGL Background Thread 2 ] DEBUG FXGLAssetLoaderServi - Loading from file system: file:/F:/my%20files/School/2nd%20year%202nd%20sem/TheOnlyException/Test/target/classes/assets/textures/worlda.png
19:54:41.144 [FXGL Background Thread 2 ] DEBUG FXGLAssetLoaderServi - Loading from file system: file:/F:/my%20files/School/2nd%20year%202nd%20sem/TheOnlyException/Test/target/classes/assets/textures/player-scaled.png
19:54:41.192 [FXGL Background Thread 2 ] INFO  FXGLApplication      - Game initialization took: 0.131 sec
19:54:41.196 [JavaFX Application Thread] DEBUG Input                - Clearing active input actions
19:54:41.206 [JavaFX Application Thread] DEBUG GameApplicationServi - Removing overlay from FXGLLoadingScene and adding to GameScene
19:54:41.206 [JavaFX Application Thread] DEBUG PrimaryStageWindow   - FXGLLoadingScene -> GameScene
19:54:41.665 [JavaFX Application Thread] DEBUG FXGLAssetLoaderServi - Loading from file system: file:/F:/my%20files/School/2nd%20year%202nd%20sem/TheOnlyException/Test/target/classes/assets/textures/MaggotWalk-scaled.png
19:54:41.669 [JavaFX Application Thread] DEBUG FXGLAssetLoaderServi - Loading from file system: file:/F:/my%20files/School/2nd%20year%202nd%20sem/TheOnlyException/Test/target/classes/assets/textures/BeetleMove-scaled.png
19:54:41.670 [JavaFX Application Thread] DEBUG FXGLAssetLoaderServi - Loading from file system: file:/F:/my%20files/School/2nd%20year%202nd%20sem/TheOnlyException/Test/target/classes/assets/textures/MantisMove-scaled.png
19:54:41.672 [JavaFX Application Thread] DEBUG FXGLAssetLoaderServi - Loading from file system: file:/F:/my%20files/School/2nd%20year%202nd%20sem/TheOnlyException/Test/target/classes/assets/textures/BeeMove-scaled.png
19:54:41.673 [JavaFX Application Thread] DEBUG FXGLAssetLoaderServi - Loading from file system: file:/F:/my%20files/School/2nd%20year%202nd%20sem/TheOnlyException/Test/target/classes/assets/textures/GiantFly.png
19:54:41.675 [JavaFX Application Thread] DEBUG FXGLAssetLoaderServi - Loading from file system: file:/F:/my%20files/School/2nd%20year%202nd%20sem/TheOnlyException/Test/target/classes/assets/textures/DragonFly.png
19:54:41.689 [JavaFX Application Thread] WARN  Entity               - Entity already has component: org.example.components.BulletComponent
19:54:41.689 [JavaFX Application Thread] WARN  Entity               - Entity already has component: org.example.components.BulletComponent
19:54:41.689 [JavaFX Application Thread] WARN  Entity               - Entity already has component: org.example.components.BulletComponent
19:54:41.690 [JavaFX Application Thread] DEBUG LoopRunner           - Stopping loop
19:54:41.690 [JavaFX Application Thread] FATAL FXGLApplication      - Uncaught Exception:
java.lang.NullPointerException: Parameter specified as non-null is null: method com.almasb.fxgl.entity.components.TransformComponent.translate, parameter vector
	at com.almasb.fxgl.entity.components.TransformComponent.translate(TransformComponent.kt)
	at com.almasb.fxgl.entity.Entity.translate(Entity.java:749)
	at org.example.components.BulletComponent.onUpdate(BulletComponent.java:29)
	at com.almasb.fxgl.entity.Entity$ComponentMap.update(Entity.java:60)
	at com.almasb.fxgl.entity.Entity.update(Entity.java:248)
	at com.almasb.fxgl.entity.GameWorld.onUpdate(GameWorld.kt:177)
	at com.almasb.fxgl.app.scene.GameScene.step(GameScene.kt:228)
	at com.almasb.fxgl.app.scene.GameScene.onUpdate(GameScene.kt:224)
	at com.almasb.fxgl.scene.Scene.update(Scene.kt:105)
	at com.almasb.fxgl.app.MainWindow$update$1.invoke(MainWindow.kt:121)
	at com.almasb.fxgl.app.MainWindow$update$1.invoke(MainWindow.kt:121)
	at com.almasb.fxgl.core.fsm.StateMachine.runOnActiveStates(StateMachine.kt:69)
	at com.almasb.fxgl.app.MainWindow.update(MainWindow.kt:121)
	at com.almasb.fxgl.app.FXGLApplication$GameApplicationService.onUpdate(FXGLApplication.kt:445)
	at com.almasb.fxgl.app.Engine.loop(Engine.kt:134)
	at com.almasb.fxgl.app.Engine.access$loop(Engine.kt:24)
	at com.almasb.fxgl.app.Engine$loop$1.invoke(Engine.kt:28)
	at com.almasb.fxgl.app.Engine$loop$1.invoke(Engine.kt:28)
	at com.almasb.fxgl.app.LoopRunner.frame(LoopRunner.kt:103)
	at com.almasb.fxgl.app.LoopRunner.access$frame(LoopRunner.kt:23)
	at com.almasb.fxgl.app.LoopRunner$impl$2$1.onTick(LoopRunner.kt:57)
	at com.almasb.fxgl.app.AnimationTimerLoop$timer$1.handle(LoopRunner.kt:137)
	at javafx.animation.AnimationTimer$AnimationTimerReceiver.lambda$handle$0(AnimationTimer.java:58)
	at java.base/java.security.AccessController.doPrivileged(AccessController.java:138)
	at javafx.animation.AnimationTimer$AnimationTimerReceiver.handle(AnimationTimer.java:57)
	at com.sun.scenario.animation.AbstractPrimaryTimer.timePulseImpl(AbstractPrimaryTimer.java:356)
	at com.sun.scenario.animation.AbstractPrimaryTimer$MainLoop.run(AbstractPrimaryTimer.java:266)
	at com.sun.javafx.tk.quantum.QuantumToolkit.pulse(QuantumToolkit.java:588)
	at com.sun.javafx.tk.quantum.QuantumToolkit.pulse(QuantumToolkit.java:572)
	at com.sun.javafx.tk.quantum.QuantumToolkit.pulseFromQueue(QuantumToolkit.java:565)
	at com.sun.javafx.tk.quantum.QuantumToolkit.lambda$runToolkit$11(QuantumToolkit.java:352)
	at com.sun.glass.ui.InvokeLaterDispatcher$Future.run(InvokeLaterDispatcher.java:95)
	at com.sun.glass.ui.win.WinApplication._runLoop(Native Method)
	at com.sun.glass.ui.win.WinApplication.lambda$runLoop$3(WinApplication.java:185)
	at java.base/java.lang.Thread.run(Thread.java:1447)

19:54:41.691 [JavaFX Application Thread] FATAL FXGLApplication      - Application will now exit
19:54:41.697 [JavaFX Application Thread] DEBUG PrimaryStageWindow   - Push state: ErrorSubScene
19:54:41.697 [JavaFX Application Thread] DEBUG Input                - Clearing active input actions
19:54:41.699 [JavaFX Application Thread] DEBUG GameApplicationServi - Removing overlay from GameScene and adding to ErrorSubScene
19:54:41.700 [JavaFX Application Thread] DEBUG PrimaryStageWindow   - GameScene -> ErrorSubScene
19:54:49.106 [JavaFX Application Thread] DEBUG FXGLApplication      - Exiting FXGL
19:54:49.106 [JavaFX Application Thread] DEBUG Async                - Shutting down background threads
19:54:49.106 [JavaFX Application Thread] DEBUG PrimaryStageWindow   - Closing main window
19:54:49.117 [JavaFX Application Thread] DEBUG Logger               - Closing Logger
