20:48:19.027 [main                     ] DEBUG Logger               - Configured Logger
20:48:19.032 [main                     ] DEBUG GameApplication      - Logging settings
Title: Prototype Game
Version: 0.1.5
Width: 1280
Height: 720
Fullscreen: false
Intro: false
Profiling: false
Single step:false
App Mode: DEVELOPER
Menu Key: ESCAPE
Stage Style: DECORATED
Scene Factory: class org.example.core.GameApp$1

20:48:19.368 [JavaFX Application Thread] DEBUG FXGLApplication      - Initializing FXGL
20:48:19.371 [JavaFX Application Thread] INFO  Engine               - FXGL-21+dev-SNAPSHOT (26.03.2024 19.46) on WINDOWS (J:24 FX:21.0.1)
20:48:19.371 [JavaFX Application Thread] DEBUG Engine               - JRE Vendor Name: Oracle Corporation
20:48:19.371 [JavaFX Application Thread] DEBUG Engine               - Running on OS: Windows 11 version 10.0
20:48:19.371 [JavaFX Application Thread] DEBUG Engine               - Architecture: amd64
20:48:19.371 [JavaFX Application Thread] INFO  Engine               - Source code and latest versions at: https://github.com/AlmasB/FXGL
20:48:19.371 [JavaFX Application Thread] INFO  Engine               -       Ask questions and discuss at: https://github.com/AlmasB/FXGL/discussions
20:48:19.371 [JavaFX Application Thread] INFO  Engine               -              Join the FXGL chat at: https://gitter.im/AlmasB/FXGL
20:48:19.482 [JavaFX Application Thread] DEBUG PrimaryStageWindow   - Creating a JavaFX scene
20:48:19.526 [JavaFX Application Thread] DEBUG PrimaryStageWindow   - Target settings size: 1280.0 x 720.0
20:48:19.527 [JavaFX Application Thread] DEBUG PrimaryStageWindow   - Scaled scene size:    1280.0 x 720.0
20:48:19.527 [JavaFX Application Thread] DEBUG PrimaryStageWindow   - Scaled ratio: (1.0, 1.0)
20:48:19.528 [JavaFX Application Thread] DEBUG PrimaryStageWindow   - Set initial scene to FXGLStartupScene
20:48:19.532 [JavaFX Application Thread] DEBUG PrimaryStageWindow   - Opening main window
20:48:19.629 [JavaFX Application Thread] DEBUG PrimaryStageWindow   - Window border size: (16.0, 39.0)
20:48:19.629 [JavaFX Application Thread] DEBUG PrimaryStageWindow   - Scaled size: 1280.0 x 720.0
20:48:19.629 [JavaFX Application Thread] DEBUG PrimaryStageWindow   - Scaled ratio: (1.0, 1.0)
20:48:19.629 [JavaFX Application Thread] DEBUG PrimaryStageWindow   - Scene size: 1280.0 x 720.0
20:48:19.629 [JavaFX Application Thread] DEBUG PrimaryStageWindow   - Stage size: 1296.0 x 759.0
20:48:19.636 [FXGL Background Thread 1 ] DEBUG Engine               - Initializing environment variables
20:48:19.685 [FXGL Background Thread 1 ] DEBUG FXGLAssetLoaderServi - User app class for loading assets: class org.example.core.GameApp
20:48:19.686 [FXGL Background Thread 1 ] DEBUG GameApplicationServi - Applying CSS: fxgl_dark.css
20:48:19.686 [FXGL Background Thread 1 ] DEBUG FXGLAssetLoaderServi - Loading from file system: jar:file:/C:/Users/primzcm/.m2/repository/com/github/almasb/fxgl/fxgl/21.1/fxgl-21.1.jar!/fxglassets/ui/css/fxgl_dark.css
20:48:19.723 [FXGL Background Thread 1 ] DEBUG GameApplicationServi - Initializing application scenes
20:48:19.755 [FXGL Background Thread 1 ] DEBUG GameWorld            - Game world initialized
20:48:19.793 [FXGL Background Thread 1 ] DEBUG PhysicsWorld         - Physics world initialized: appHeight=720, physics.ppm=50.0
20:48:19.794 [FXGL Background Thread 1 ] DEBUG PhysicsWorld         - Using strategy: BRUTE_FORCE
20:48:19.797 [FXGL Background Thread 1 ] DEBUG GameScene            - Game scene initialized: 1280x720
20:48:19.806 [FXGL Background Thread 1 ] DEBUG FXGL.DefaultMenu     - createMenuBodyGameMenu()
20:48:19.819 [FXGL Background Thread 1 ] DEBUG FXGL.DefaultMenu     - createOptionsMenu()
20:48:19.828 [FXGL Background Thread 1 ] DEBUG FXGLAssetLoaderServi - Loading from file system: jar:file:/C:/Users/primzcm/.m2/repository/com/github/almasb/fxgl/fxgl/21.1/fxgl-21.1.jar!/fxglassets/textures/particles/smoke.png
20:48:19.897 [FXGL Background Thread 1 ] DEBUG FXGLAssetLoaderServi - Loading from file system: jar:file:/C:/Users/primzcm/.m2/repository/com/github/almasb/fxgl/fxgl/21.1/fxgl-21.1.jar!/fxglassets/textures/particles/trace_horizontal.png
20:48:19.921 [FXGL Background Thread 1 ] DEBUG GameApplicationServi - Application scenes initialized
20:48:19.931 [FXGL Background Thread 1 ] DEBUG SystemBundleService  - Loading FXGL system data
20:48:19.934 [FXGL Background Thread 1 ] DEBUG FileSystemAccess     - Reading from: F:\my files\School\2nd year 2nd sem\TheOnlyException\system\fxgl.bundle
20:48:19.938 [FXGL Background Thread 1 ] DEBUG SystemBundleService  - Bundle FXGL: {}
20:48:19.939 [FXGL Background Thread 1 ] DEBUG UpdaterService       - Checking for updates
20:48:19.942 [FXGL Background Thread 4 ] DEBUG FXGLApplication      - Loading fonts
20:48:19.942 [FXGL Background Thread 4 ] DEBUG FXGLAssetLoaderServi - Loading from file system: jar:file:/C:/Users/primzcm/.m2/repository/com/github/almasb/fxgl/fxgl/21.1/fxgl-21.1.jar!/fxglassets/ui/fonts/VarelaRound-Regular.ttf
20:48:19.942 [FXGL Background Thread 1 ] DEBUG FXGLApplication      - Loading default localization
20:48:19.943 [FXGL Background Thread 1 ] DEBUG FXGLAssetLoaderServi - Loading from file system: jar:file:/C:/Users/primzcm/.m2/repository/com/github/almasb/fxgl/fxgl/21.1/fxgl-21.1.jar!/fxglassets/languages/english.lang
20:48:19.970 [FXGL Background Thread 1 ] INFO  FXGLApplication      - FXGL initialization took: 0.334 sec
20:48:19.972 [FXGL Background Thread 4 ] DEBUG FXGLAssetLoaderServi - Loading from file system: jar:file:/C:/Users/primzcm/.m2/repository/com/github/almasb/fxgl/fxgl/21.1/fxgl-21.1.jar!/fxglassets/ui/fonts/Abel-Regular.ttf
20:48:19.974 [FXGL Background Thread 4 ] DEBUG FXGLAssetLoaderServi - Loading from file system: jar:file:/C:/Users/primzcm/.m2/repository/com/github/almasb/fxgl/fxgl/21.1/fxgl-21.1.jar!/fxglassets/ui/fonts/TerminalLandMono-Regular.otf
20:48:19.976 [FXGL Background Thread 4 ] DEBUG FXGLAssetLoaderServi - Loading from file system: jar:file:/C:/Users/primzcm/.m2/repository/com/github/almasb/fxgl/fxgl/21.1/fxgl-21.1.jar!/fxglassets/ui/fonts/Courier-Prime.ttf
20:48:19.982 [JavaFX Application Thread] DEBUG Input                - Registered new binding: action0 - A
20:48:19.982 [JavaFX Application Thread] DEBUG Input                - Registered new binding: action1 - D
20:48:19.982 [JavaFX Application Thread] DEBUG Input                - Registered new binding: action2 - W
20:48:19.983 [JavaFX Application Thread] DEBUG Input                - Registered new binding: action3 - S
20:48:19.983 [JavaFX Application Thread] DEBUG FXGLAssetLoaderServi - Loading from file system: jar:file:/C:/Users/primzcm/.m2/repository/com/github/almasb/fxgl/fxgl/21.1/fxgl-21.1.jar!/fxglassets/textures/fxgl_icon.png
20:48:19.999 [JavaFX Application Thread] DEBUG FXGLAssetLoaderServi - Loading from file system: jar:file:/C:/Users/primzcm/.m2/repository/com/github/almasb/fxgl/fxgl/21.1/fxgl-21.1.jar!/fxglassets/textures/fxgl_default_cursor.png
20:48:20.001 [JavaFX Application Thread] DEBUG Input                - Registered new binding: Screenshot - CTRL+8
20:48:20.001 [JavaFX Application Thread] DEBUG Input                - Registered new binding: System info dump - CTRL+9
20:48:20.002 [JavaFX Application Thread] DEBUG Input                - Registered new binding: Restart - CTRL+R
20:48:20.002 [JavaFX Application Thread] DEBUG Input                - Registered new binding: Toggle Debug Camera - CTRL+7
20:48:20.005 [JavaFX Application Thread] DEBUG LoopRunner           - Starting loop
20:48:20.005 [JavaFX Application Thread] DEBUG LoopRunner           - Initializing JavaFX AnimationTimerLoop
20:48:20.009 [JavaFX Application Thread] DEBUG Input                - Clearing active input actions
20:48:20.015 [JavaFX Application Thread] DEBUG GameApplicationServi - Removing overlay from FXGLStartupScene and adding to FXGLMainMenuDummyScene
20:48:20.015 [JavaFX Application Thread] DEBUG PrimaryStageWindow   - FXGLStartupScene -> FXGLMainMenuDummyScene
20:48:20.015 [JavaFX Application Thread] DEBUG PrimaryStageWindow   - Push state: NameInputScene
20:48:20.188 [JavaFX Application Thread] DEBUG Input                - Clearing active input actions
20:48:20.194 [JavaFX Application Thread] DEBUG GameApplicationServi - Removing overlay from FXGLMainMenuDummyScene and adding to NameInputScene
20:48:20.195 [JavaFX Application Thread] DEBUG PrimaryStageWindow   - FXGLMainMenuDummyScene -> NameInputScene
20:48:20.195 [JavaFX Application Thread] DEBUG FXGLApplication      - Registering font factories with UI factory
20:48:20.282 [FXGL Background Thread 2 ] INFO  UpdaterService       - Your current version:  21+dev-SNAPSHOT
20:48:20.282 [FXGL Background Thread 2 ] INFO  UpdaterService       - Latest stable version: 21.1
20:48:22.651 [JavaFX Application Thread] DEBUG GameWorld            - Game world initialized
20:48:22.652 [JavaFX Application Thread] DEBUG PhysicsWorld         - Physics world initialized: appHeight=720, physics.ppm=50.0
20:48:22.652 [JavaFX Application Thread] DEBUG PhysicsWorld         - Using strategy: BRUTE_FORCE
20:48:22.653 [JavaFX Application Thread] DEBUG GameScene            - Game scene initialized: 1280x720
20:48:22.668 [JavaFX Application Thread] DEBUG PrimaryStageWindow   - Push state: MainMenuScene
20:48:22.671 [JavaFX Application Thread] DEBUG Input                - Clearing active input actions
20:48:22.674 [JavaFX Application Thread] DEBUG GameApplicationServi - Removing overlay from NameInputScene and adding to MainMenuScene
20:48:22.674 [JavaFX Application Thread] DEBUG PrimaryStageWindow   - NameInputScene -> MainMenuScene
20:48:22.941 [FXGL Background Thread 3 ] DEBUG Engine               - Logging environment variables
20:48:22.941 [FXGL Background Thread 3 ] DEBUG Engine               - achievements: []
20:48:22.941 [FXGL Background Thread 3 ] DEBUG Engine               - actualHeight: 720.0
20:48:22.941 [FXGL Background Thread 3 ] DEBUG Engine               - actualHeightProperty: ReadOnlyDoubleProperty [value: 720.0]
20:48:22.941 [FXGL Background Thread 3 ] DEBUG Engine               - actualWidth: 1280.0
20:48:22.941 [FXGL Background Thread 3 ] DEBUG Engine               - actualWidthProperty: ReadOnlyDoubleProperty [value: 1280.0]
20:48:22.941 [FXGL Background Thread 3 ] DEBUG Engine               - appIcon: fxgl_icon.png
20:48:22.941 [FXGL Background Thread 3 ] DEBUG Engine               - applicationMode: DEVELOPER
20:48:22.941 [FXGL Background Thread 3 ] DEBUG Engine               - cSSList: [fxgl_dark.css]
20:48:22.941 [FXGL Background Thread 3 ] DEBUG Engine               - collisionDetectionStrategy: BRUTE_FORCE
20:48:22.941 [FXGL Background Thread 3 ] DEBUG Engine               - configClass: Optional.empty
20:48:22.941 [FXGL Background Thread 3 ] DEBUG Engine               - credits: []
20:48:22.942 [FXGL Background Thread 3 ] DEBUG Engine               - defaultCursor: CursorInfo(imageName=fxgl_default_cursor.png, hotspotX=7.0, hotspotY=6.0)
20:48:22.942 [FXGL Background Thread 3 ] DEBUG Engine               - devBBoxColorProperty: ObjectProperty [value: 0xff0000ff]
20:48:22.942 [FXGL Background Thread 3 ] DEBUG Engine               - devEnableDebugCameraProperty: BooleanProperty [value: false]
20:48:22.942 [FXGL Background Thread 3 ] DEBUG Engine               - devSensorColorProperty: ObjectProperty [value: 0xffff00ff]
20:48:22.942 [FXGL Background Thread 3 ] DEBUG Engine               - devShowBBoxProperty: BooleanProperty [value: false]
20:48:22.942 [FXGL Background Thread 3 ] DEBUG Engine               - devShowPositionProperty: BooleanProperty [value: false]
20:48:22.942 [FXGL Background Thread 3 ] DEBUG Engine               - enabledMenuItems: []
20:48:22.942 [FXGL Background Thread 3 ] DEBUG Engine               - engineServices: [class com.almasb.fxgl.app.services.FXGLAssetLoaderService, class com.almasb.fxgl.app.FXGLApplication$GameApplicationService, class com.almasb.fxgl.app.services.FXGLDialogService, class com.almasb.fxgl.app.services.IOTaskExecutorService, class com.almasb.fxgl.io.FileSystemService, class com.almasb.fxgl.localization.LocalizationService, class com.almasb.fxgl.app.services.SystemBundleService, class com.almasb.fxgl.profile.SaveLoadService, class com.almasb.fxgl.ui.FXGLUIFactoryServiceProvider, class com.almasb.fxgl.ui.FXGLDialogFactoryServiceProvider, class com.almasb.fxgl.audio.AudioPlayer, class com.almasb.fxgl.notification.impl.NotificationServiceProvider, class com.almasb.fxgl.achievement.AchievementService, class com.almasb.fxgl.cutscene.CutsceneService, class com.almasb.fxgl.minigames.MiniGameService, class com.almasb.fxgl.net.NetService, class com.almasb.fxgl.app.services.UpdaterService, class com.almasb.fxgl.dev.DevService]
20:48:22.942 [FXGL Background Thread 3 ] DEBUG Engine               - fontGame: Abel-Regular.ttf
20:48:22.942 [FXGL Background Thread 3 ] DEBUG Engine               - fontMono: TerminalLandMono-Regular.otf
20:48:22.942 [FXGL Background Thread 3 ] DEBUG Engine               - fontSizeScaleUI: 1.0
20:48:22.942 [FXGL Background Thread 3 ] DEBUG Engine               - fontText: Courier-Prime.ttf
20:48:22.942 [FXGL Background Thread 3 ] DEBUG Engine               - fontUI: VarelaRound-Regular.ttf
20:48:22.942 [FXGL Background Thread 3 ] DEBUG Engine               - fullScreen: BooleanProperty [value: false]
20:48:22.942 [FXGL Background Thread 3 ] DEBUG Engine               - gameDifficulty: MEDIUM
20:48:22.942 [FXGL Background Thread 3 ] DEBUG Engine               - gameDifficultyProperty: ObjectProperty [value: MEDIUM]
20:48:22.942 [FXGL Background Thread 3 ] DEBUG Engine               - globalMusicVolume: 0.5
20:48:22.942 [FXGL Background Thread 3 ] DEBUG Engine               - globalMusicVolumeProperty: DoubleProperty [value: 0.5]
20:48:22.943 [FXGL Background Thread 3 ] DEBUG Engine               - globalSoundVolume: 0.5
20:48:22.943 [FXGL Background Thread 3 ] DEBUG Engine               - globalSoundVolumeProperty: DoubleProperty [value: 0.5]
20:48:22.943 [FXGL Background Thread 3 ] DEBUG Engine               - height: 720
20:48:22.943 [FXGL Background Thread 3 ] DEBUG Engine               - is3D: false
20:48:22.943 [FXGL Background Thread 3 ] DEBUG Engine               - isAndroid: false
20:48:22.943 [FXGL Background Thread 3 ] DEBUG Engine               - isBrowser: false
20:48:22.943 [FXGL Background Thread 3 ] DEBUG Engine               - isClickFeedbackEnabled: false
20:48:22.943 [FXGL Background Thread 3 ] DEBUG Engine               - isCloseConfirmation: false
20:48:22.943 [FXGL Background Thread 3 ] DEBUG Engine               - isDesktop: true
20:48:22.943 [FXGL Background Thread 3 ] DEBUG Engine               - isDeveloperMenuEnabled: false
20:48:22.943 [FXGL Background Thread 3 ] DEBUG Engine               - isEmbedded: false
20:48:22.943 [FXGL Background Thread 3 ] DEBUG Engine               - isEntityPreloadEnabled: true
20:48:22.943 [FXGL Background Thread 3 ] DEBUG Engine               - isExperimentalTiledLargeMap: false
20:48:22.943 [FXGL Background Thread 3 ] DEBUG Engine               - isFileSystemWriteAllowed: true
20:48:22.943 [FXGL Background Thread 3 ] DEBUG Engine               - isFullScreenAllowed: false
20:48:22.943 [FXGL Background Thread 3 ] DEBUG Engine               - isFullScreenFromStart: false
20:48:22.943 [FXGL Background Thread 3 ] DEBUG Engine               - isGameMenuEnabled: true
20:48:22.943 [FXGL Background Thread 3 ] DEBUG Engine               - isIOS: false
20:48:22.943 [FXGL Background Thread 3 ] DEBUG Engine               - isIntroEnabled: false
20:48:22.943 [FXGL Background Thread 3 ] DEBUG Engine               - isLinux: false
20:48:22.943 [FXGL Background Thread 3 ] DEBUG Engine               - isMac: false
20:48:22.943 [FXGL Background Thread 3 ] DEBUG Engine               - isMainMenuEnabled: true
20:48:22.943 [FXGL Background Thread 3 ] DEBUG Engine               - isManualResizeEnabled: false
20:48:22.943 [FXGL Background Thread 3 ] DEBUG Engine               - isMobile: false
20:48:22.943 [FXGL Background Thread 3 ] DEBUG Engine               - isNative: false
20:48:22.943 [FXGL Background Thread 3 ] DEBUG Engine               - isPauseMusicWhenMinimized: true
20:48:22.943 [FXGL Background Thread 3 ] DEBUG Engine               - isPreserveResizeRatio: false
20:48:22.944 [FXGL Background Thread 3 ] DEBUG Engine               - isProfilingEnabled: false
20:48:22.944 [FXGL Background Thread 3 ] DEBUG Engine               - isScaleAffectedOnResize: true
20:48:22.944 [FXGL Background Thread 3 ] DEBUG Engine               - isSingleStep: false
20:48:22.944 [FXGL Background Thread 3 ] DEBUG Engine               - isUserProfileEnabled: false
20:48:22.944 [FXGL Background Thread 3 ] DEBUG Engine               - isWindows: true
20:48:22.944 [FXGL Background Thread 3 ] DEBUG Engine               - language: ObjectProperty [value: ENGLISH]
20:48:22.944 [FXGL Background Thread 3 ] DEBUG Engine               - menuKey: ESCAPE
20:48:22.944 [FXGL Background Thread 3 ] DEBUG Engine               - mouseSensitivity: 0.2
20:48:22.944 [FXGL Background Thread 3 ] DEBUG Engine               - notificationViewClass: class com.almasb.fxgl.notification.view.XboxNotificationView
20:48:22.944 [FXGL Background Thread 3 ] DEBUG Engine               - pixelsPerMeter: 50.0
20:48:22.944 [FXGL Background Thread 3 ] DEBUG Engine               - platform: WINDOWS
20:48:22.944 [FXGL Background Thread 3 ] DEBUG Engine               - prefHeightProperty: ReadOnlyDoubleProperty [value: 720.0]
20:48:22.944 [FXGL Background Thread 3 ] DEBUG Engine               - prefWidthProperty: ReadOnlyDoubleProperty [value: 1280.0]
20:48:22.944 [FXGL Background Thread 3 ] DEBUG Engine               - profileDir: profiles/
20:48:22.944 [FXGL Background Thread 3 ] DEBUG Engine               - profileName: StringProperty [value: DEFAULT]
20:48:22.944 [FXGL Background Thread 3 ] DEBUG Engine               - randomSeed: -1
20:48:22.944 [FXGL Background Thread 3 ] DEBUG Engine               - runtimeInfo: RuntimeInfo(platform=WINDOWS, version=21+dev-SNAPSHOT, build=26.03.2024 19.46)
20:48:22.944 [FXGL Background Thread 3 ] DEBUG Engine               - saveFileExt: sav
20:48:22.944 [FXGL Background Thread 3 ] DEBUG Engine               - scaledHeightProp$fxgl: DoubleProperty [bound, value: 720.0]
20:48:22.944 [FXGL Background Thread 3 ] DEBUG Engine               - scaledWidthProp$fxgl: DoubleProperty [bound, value: 1280.0]
20:48:22.944 [FXGL Background Thread 3 ] DEBUG Engine               - sceneFactory: org.example.core.GameApp$1@7cf96236
20:48:22.944 [FXGL Background Thread 3 ] DEBUG Engine               - secondsIn24h: 60
20:48:22.944 [FXGL Background Thread 3 ] DEBUG Engine               - soundMenuBack: menu/back.wav
20:48:22.944 [FXGL Background Thread 3 ] DEBUG Engine               - soundMenuPress: menu/press.wav
20:48:22.944 [FXGL Background Thread 3 ] DEBUG Engine               - soundMenuSelect: menu/select.wav
20:48:22.944 [FXGL Background Thread 3 ] DEBUG Engine               - soundNotification: core/notification.wav
20:48:22.944 [FXGL Background Thread 3 ] DEBUG Engine               - stageStyle: DECORATED
20:48:22.944 [FXGL Background Thread 3 ] DEBUG Engine               - supportedLanguages: [ENGLISH, FRENCH, GERMAN, HUNGARIAN, RUSSIAN]
20:48:22.944 [FXGL Background Thread 3 ] DEBUG Engine               - ticksPerSecond: -1
20:48:22.944 [FXGL Background Thread 3 ] DEBUG Engine               - title: Prototype Game
20:48:22.944 [FXGL Background Thread 3 ] DEBUG Engine               - urlGithub: https://github.com/AlmasB/FXGL
20:48:22.944 [FXGL Background Thread 3 ] DEBUG Engine               - urlLeaderboard: http://fxgl-top.herokuapp.com/
20:48:22.944 [FXGL Background Thread 3 ] DEBUG Engine               - urlPOM: https://raw.githubusercontent.com/AlmasB/FXGL/release/README.md
20:48:22.944 [FXGL Background Thread 3 ] DEBUG Engine               - userAppClass: class org.example.core.GameApp
20:48:22.944 [FXGL Background Thread 3 ] DEBUG Engine               - version: 0.1.5
20:48:22.944 [FXGL Background Thread 3 ] DEBUG Engine               - versionCheckDays: 7
20:48:22.944 [FXGL Background Thread 3 ] DEBUG Engine               - width: 1280
20:48:22.944 [FXGL Background Thread 3 ] DEBUG Engine               - Logging services
20:48:22.944 [FXGL Background Thread 3 ] DEBUG Engine               - class com.almasb.fxgl.app.services.FXGLAssetLoaderService
20:48:22.944 [FXGL Background Thread 3 ] DEBUG Engine               - class com.almasb.fxgl.app.FXGLApplication$GameApplicationService
20:48:22.944 [FXGL Background Thread 3 ] DEBUG Engine               - class com.almasb.fxgl.app.services.FXGLDialogService
20:48:22.944 [FXGL Background Thread 3 ] DEBUG Engine               - class com.almasb.fxgl.app.services.IOTaskExecutorService
20:48:22.945 [FXGL Background Thread 3 ] DEBUG Engine               - class com.almasb.fxgl.io.FileSystemService
20:48:22.945 [FXGL Background Thread 3 ] DEBUG Engine               - class com.almasb.fxgl.localization.LocalizationService
20:48:22.945 [FXGL Background Thread 3 ] DEBUG Engine               - class com.almasb.fxgl.app.services.SystemBundleService
20:48:22.945 [FXGL Background Thread 3 ] DEBUG Engine               - class com.almasb.fxgl.profile.SaveLoadService
20:48:22.945 [FXGL Background Thread 3 ] DEBUG Engine               - class com.almasb.fxgl.ui.FXGLUIFactoryServiceProvider
20:48:22.945 [FXGL Background Thread 3 ] DEBUG Engine               - class com.almasb.fxgl.ui.FXGLDialogFactoryServiceProvider
20:48:22.945 [FXGL Background Thread 3 ] DEBUG Engine               - class com.almasb.fxgl.audio.AudioPlayer
20:48:22.945 [FXGL Background Thread 3 ] DEBUG Engine               - class com.almasb.fxgl.notification.impl.NotificationServiceProvider
20:48:22.945 [FXGL Background Thread 3 ] DEBUG Engine               - class com.almasb.fxgl.achievement.AchievementService
20:48:22.945 [FXGL Background Thread 3 ] DEBUG Engine               - class com.almasb.fxgl.cutscene.CutsceneService
20:48:22.945 [FXGL Background Thread 3 ] DEBUG Engine               - class com.almasb.fxgl.minigames.MiniGameService
20:48:22.945 [FXGL Background Thread 3 ] DEBUG Engine               - class com.almasb.fxgl.net.NetService
20:48:22.945 [FXGL Background Thread 3 ] DEBUG Engine               - class com.almasb.fxgl.app.services.UpdaterService
20:48:22.945 [FXGL Background Thread 3 ] DEBUG Engine               - class com.almasb.fxgl.dev.DevService
20:48:23.497 [JavaFX Application Thread] DEBUG GameApplicationServi - Starting new game
20:48:23.498 [JavaFX Application Thread] DEBUG PrimaryStageWindow   - Pop state: MainMenuScene
20:48:23.498 [JavaFX Application Thread] DEBUG Input                - Clearing active input actions
20:48:23.499 [JavaFX Application Thread] DEBUG GameApplicationServi - Removing overlay from MainMenuScene and adding to NameInputScene
20:48:23.499 [JavaFX Application Thread] DEBUG PrimaryStageWindow   - NameInputScene <- MainMenuScene
20:48:23.500 [JavaFX Application Thread] DEBUG PrimaryStageWindow   - Pop state: NameInputScene
20:48:23.500 [JavaFX Application Thread] DEBUG Input                - Clearing active input actions
20:48:23.500 [JavaFX Application Thread] DEBUG GameApplicationServi - Removing overlay from NameInputScene and adding to FXGLMainMenuDummyScene
20:48:23.500 [JavaFX Application Thread] DEBUG PrimaryStageWindow   - FXGLMainMenuDummyScene <- NameInputScene
20:48:23.501 [JavaFX Application Thread] DEBUG Input                - Clearing active input actions
20:48:23.506 [JavaFX Application Thread] DEBUG GameApplicationServi - Removing overlay from FXGLMainMenuDummyScene and adding to FXGLLoadingScene
20:48:23.506 [JavaFX Application Thread] DEBUG PrimaryStageWindow   - FXGLMainMenuDummyScene -> FXGLLoadingScene
20:48:23.506 [JavaFX Application Thread] DEBUG GameApplicationServi - Clearing previous game
20:48:23.506 [JavaFX Application Thread] DEBUG GameScene            - Clearing game scene
20:48:23.506 [JavaFX Application Thread] DEBUG GameWorld            - Clearing game world
20:48:23.506 [JavaFX Application Thread] DEBUG PhysicsWorld         - Clearing physics world
20:48:23.508 [FXGL Background Thread 2 ] DEBUG FXGLApplication      - Initializing game
20:48:23.522 [FXGL Background Thread 2 ] DEBUG FXGLAssetLoaderServi - Loading from file system: file:/F:/my%20files/School/2nd%20year%202nd%20sem/TheOnlyException/Test/target/classes/assets/textures/dasd.png
20:48:23.537 [FXGL Background Thread 2 ] DEBUG FXGLAssetLoaderServi - Loading from file system: file:/F:/my%20files/School/2nd%20year%202nd%20sem/TheOnlyException/Test/target/classes/assets/textures/player-scaled.png
20:48:23.594 [FXGL Background Thread 2 ] INFO  FXGLApplication      - Game initialization took: 0.087 sec
20:48:23.599 [JavaFX Application Thread] DEBUG Input                - Clearing active input actions
20:48:23.603 [JavaFX Application Thread] DEBUG GameApplicationServi - Removing overlay from FXGLLoadingScene and adding to GameScene
20:48:23.604 [JavaFX Application Thread] DEBUG PrimaryStageWindow   - FXGLLoadingScene -> GameScene
20:48:24.283 [JavaFX Application Thread] DEBUG FXGLAssetLoaderServi - Loading from file system: file:/F:/my%20files/School/2nd%20year%202nd%20sem/TheOnlyException/Test/target/classes/assets/textures/MaggotWalk-scaled.png
20:48:24.290 [JavaFX Application Thread] DEBUG FXGLAssetLoaderServi - Loading from file system: file:/F:/my%20files/School/2nd%20year%202nd%20sem/TheOnlyException/Test/target/classes/assets/textures/BeetleMove-scaled.png
20:48:24.291 [JavaFX Application Thread] DEBUG FXGLAssetLoaderServi - Loading from file system: file:/F:/my%20files/School/2nd%20year%202nd%20sem/TheOnlyException/Test/target/classes/assets/textures/MantisMove-scaled.png
20:48:24.293 [JavaFX Application Thread] DEBUG FXGLAssetLoaderServi - Loading from file system: file:/F:/my%20files/School/2nd%20year%202nd%20sem/TheOnlyException/Test/target/classes/assets/textures/BeeMove-scaled.png
20:48:24.295 [JavaFX Application Thread] DEBUG FXGLAssetLoaderServi - Loading from file system: file:/F:/my%20files/School/2nd%20year%202nd%20sem/TheOnlyException/Test/target/classes/assets/textures/GiantFly.png
20:48:24.296 [JavaFX Application Thread] DEBUG FXGLAssetLoaderServi - Loading from file system: file:/F:/my%20files/School/2nd%20year%202nd%20sem/TheOnlyException/Test/target/classes/assets/textures/DragonFly.png
20:48:31.120 [JavaFX Application Thread] DEBUG PrimaryStageWindow   - Push state: DialogSubScene
20:48:31.120 [JavaFX Application Thread] DEBUG Input                - Clearing active input actions
20:48:31.121 [JavaFX Application Thread] DEBUG GameApplicationServi - Removing overlay from GameScene and adding to DialogSubScene
20:48:31.121 [JavaFX Application Thread] DEBUG PrimaryStageWindow   - GameScene -> DialogSubScene
20:48:31.732 [JavaFX Application Thread] DEBUG PrimaryStageWindow   - Pop state: DialogSubScene
20:48:31.732 [JavaFX Application Thread] DEBUG Input                - Clearing active input actions
20:48:31.733 [JavaFX Application Thread] DEBUG GameApplicationServi - Removing overlay from DialogSubScene and adding to GameScene
20:48:31.733 [JavaFX Application Thread] DEBUG PrimaryStageWindow   - GameScene <- DialogSubScene
20:48:36.469 [JavaFX Application Thread] WARN  FXGLAssetLoaderServi - Asset "/assets/textures/green_particle.png" was not found!
20:48:36.469 [JavaFX Application Thread] WARN  FXGLAssetLoaderServi - Failed to load IMAGE
20:48:41.471 [JavaFX Application Thread] WARN  FXGLAssetLoaderServi - Asset "/assets/textures/green_particle.png" was not found!
20:48:41.472 [JavaFX Application Thread] WARN  FXGLAssetLoaderServi - Failed to load IMAGE
20:48:42.060 [JavaFX Application Thread] DEBUG PrimaryStageWindow   - Push state: DialogSubScene
20:48:42.060 [JavaFX Application Thread] DEBUG Input                - Clearing active input actions
20:48:42.061 [JavaFX Application Thread] DEBUG GameApplicationServi - Removing overlay from GameScene and adding to DialogSubScene
20:48:42.061 [JavaFX Application Thread] DEBUG PrimaryStageWindow   - GameScene -> DialogSubScene
20:48:43.311 [JavaFX Application Thread] DEBUG PrimaryStageWindow   - Pop state: DialogSubScene
20:48:43.311 [JavaFX Application Thread] DEBUG Input                - Clearing active input actions
20:48:43.311 [JavaFX Application Thread] DEBUG GameApplicationServi - Removing overlay from DialogSubScene and adding to GameScene
20:48:43.312 [JavaFX Application Thread] DEBUG PrimaryStageWindow   - GameScene <- DialogSubScene
20:48:46.707 [JavaFX Application Thread] WARN  FXGLAssetLoaderServi - Asset "/assets/textures/green_particle.png" was not found!
20:48:46.707 [JavaFX Application Thread] WARN  FXGLAssetLoaderServi - Failed to load IMAGE
20:48:48.636 [JavaFX Application Thread] DEBUG PrimaryStageWindow   - Push state: DialogSubScene
20:48:48.636 [JavaFX Application Thread] DEBUG Input                - Clearing active input actions
20:48:48.636 [JavaFX Application Thread] DEBUG GameApplicationServi - Removing overlay from GameScene and adding to DialogSubScene
20:48:48.636 [JavaFX Application Thread] DEBUG PrimaryStageWindow   - GameScene -> DialogSubScene
20:48:49.552 [JavaFX Application Thread] DEBUG PrimaryStageWindow   - Pop state: DialogSubScene
20:48:49.552 [JavaFX Application Thread] DEBUG Input                - Clearing active input actions
20:48:49.552 [JavaFX Application Thread] DEBUG GameApplicationServi - Removing overlay from DialogSubScene and adding to GameScene
20:48:49.552 [JavaFX Application Thread] DEBUG PrimaryStageWindow   - GameScene <- DialogSubScene
20:48:52.012 [JavaFX Application Thread] DEBUG PrimaryStageWindow   - Push state: DialogSubScene
20:48:52.012 [JavaFX Application Thread] DEBUG Input                - Clearing active input actions
20:48:52.012 [JavaFX Application Thread] DEBUG GameApplicationServi - Removing overlay from GameScene and adding to DialogSubScene
20:48:52.013 [JavaFX Application Thread] DEBUG PrimaryStageWindow   - GameScene -> DialogSubScene
20:48:52.643 [JavaFX Application Thread] DEBUG PrimaryStageWindow   - Pop state: DialogSubScene
20:48:52.643 [JavaFX Application Thread] DEBUG Input                - Clearing active input actions
20:48:52.644 [JavaFX Application Thread] DEBUG GameApplicationServi - Removing overlay from DialogSubScene and adding to GameScene
20:48:52.644 [JavaFX Application Thread] DEBUG PrimaryStageWindow   - GameScene <- DialogSubScene
20:48:53.099 [JavaFX Application Thread] WARN  FXGLAssetLoaderServi - Asset "/assets/textures/green_particle.png" was not found!
20:48:53.099 [JavaFX Application Thread] WARN  FXGLAssetLoaderServi - Failed to load IMAGE
20:48:57.661 [JavaFX Application Thread] DEBUG PrimaryStageWindow   - Push state: DialogSubScene
20:48:57.661 [JavaFX Application Thread] DEBUG Input                - Clearing active input actions
20:48:57.661 [JavaFX Application Thread] DEBUG GameApplicationServi - Removing overlay from GameScene and adding to DialogSubScene
20:48:57.661 [JavaFX Application Thread] DEBUG PrimaryStageWindow   - GameScene -> DialogSubScene
20:48:58.337 [JavaFX Application Thread] DEBUG PrimaryStageWindow   - Pop state: DialogSubScene
20:48:58.337 [JavaFX Application Thread] DEBUG Input                - Clearing active input actions
20:48:58.337 [JavaFX Application Thread] DEBUG GameApplicationServi - Removing overlay from DialogSubScene and adding to GameScene
20:48:58.337 [JavaFX Application Thread] DEBUG PrimaryStageWindow   - GameScene <- DialogSubScene
20:48:58.731 [JavaFX Application Thread] WARN  FXGLAssetLoaderServi - Asset "/assets/textures/green_particle.png" was not found!
20:48:58.732 [JavaFX Application Thread] WARN  FXGLAssetLoaderServi - Failed to load IMAGE
20:49:00.299 [JavaFX Application Thread] WARN  FXGLAssetLoaderServi - Asset "/assets/textures/orange_particle.png" was not found!
20:49:00.299 [JavaFX Application Thread] WARN  FXGLAssetLoaderServi - Failed to load IMAGE
20:49:02.298 [JavaFX Application Thread] WARN  FXGLAssetLoaderServi - Asset "/assets/textures/orange_particle.png" was not found!
20:49:02.298 [JavaFX Application Thread] WARN  FXGLAssetLoaderServi - Failed to load IMAGE
20:49:03.308 [JavaFX Application Thread] DEBUG PrimaryStageWindow   - Push state: DialogSubScene
20:49:03.308 [JavaFX Application Thread] DEBUG Input                - Clearing active input actions
20:49:03.309 [JavaFX Application Thread] DEBUG GameApplicationServi - Removing overlay from GameScene and adding to DialogSubScene
20:49:03.309 [JavaFX Application Thread] DEBUG PrimaryStageWindow   - GameScene -> DialogSubScene
20:49:03.856 [JavaFX Application Thread] DEBUG PrimaryStageWindow   - Pop state: DialogSubScene
20:49:03.856 [JavaFX Application Thread] DEBUG Input                - Clearing active input actions
20:49:03.856 [JavaFX Application Thread] DEBUG GameApplicationServi - Removing overlay from DialogSubScene and adding to GameScene
20:49:03.856 [JavaFX Application Thread] DEBUG PrimaryStageWindow   - GameScene <- DialogSubScene
20:49:04.291 [JavaFX Application Thread] WARN  FXGLAssetLoaderServi - Asset "/assets/textures/green_particle.png" was not found!
20:49:04.291 [JavaFX Application Thread] WARN  FXGLAssetLoaderServi - Failed to load IMAGE
20:49:04.843 [JavaFX Application Thread] WARN  FXGLAssetLoaderServi - Asset "/assets/textures/orange_particle.png" was not found!
20:49:04.843 [JavaFX Application Thread] WARN  FXGLAssetLoaderServi - Failed to load IMAGE
20:49:06.843 [JavaFX Application Thread] WARN  FXGLAssetLoaderServi - Asset "/assets/textures/orange_particle.png" was not found!
20:49:06.843 [JavaFX Application Thread] WARN  FXGLAssetLoaderServi - Failed to load IMAGE
20:49:08.852 [JavaFX Application Thread] WARN  FXGLAssetLoaderServi - Asset "/assets/textures/orange_particle.png" was not found!
20:49:08.852 [JavaFX Application Thread] WARN  FXGLAssetLoaderServi - Failed to load IMAGE
20:49:08.859 [JavaFX Application Thread] DEBUG FXGLAssetLoaderServi - Loading from file system: file:/F:/my%20files/School/2nd%20year%202nd%20sem/TheOnlyException/Test/target/classes/assets/textures/lightning_strike.png
20:49:09.306 [JavaFX Application Thread] WARN  FXGLAssetLoaderServi - Asset "/assets/textures/green_particle.png" was not found!
20:49:09.306 [JavaFX Application Thread] WARN  FXGLAssetLoaderServi - Failed to load IMAGE
20:49:10.858 [JavaFX Application Thread] WARN  FXGLAssetLoaderServi - Asset "/assets/textures/orange_particle.png" was not found!
20:49:10.858 [JavaFX Application Thread] WARN  FXGLAssetLoaderServi - Failed to load IMAGE
20:49:12.859 [JavaFX Application Thread] WARN  FXGLAssetLoaderServi - Asset "/assets/textures/orange_particle.png" was not found!
20:49:12.859 [JavaFX Application Thread] WARN  FXGLAssetLoaderServi - Failed to load IMAGE
20:49:14.227 [JavaFX Application Thread] DEBUG PrimaryStageWindow   - Push state: DialogSubScene
20:49:14.227 [JavaFX Application Thread] DEBUG Input                - Clearing active input actions
20:49:14.228 [JavaFX Application Thread] DEBUG GameApplicationServi - Removing overlay from GameScene and adding to DialogSubScene
20:49:14.228 [JavaFX Application Thread] DEBUG PrimaryStageWindow   - GameScene -> DialogSubScene
20:49:14.791 [JavaFX Application Thread] DEBUG PrimaryStageWindow   - Pop state: DialogSubScene
20:49:14.791 [JavaFX Application Thread] DEBUG Input                - Clearing active input actions
20:49:14.791 [JavaFX Application Thread] DEBUG GameApplicationServi - Removing overlay from DialogSubScene and adding to GameScene
20:49:14.791 [JavaFX Application Thread] DEBUG PrimaryStageWindow   - GameScene <- DialogSubScene
20:49:14.869 [JavaFX Application Thread] WARN  FXGLAssetLoaderServi - Asset "/assets/textures/green_particle.png" was not found!
20:49:14.869 [JavaFX Application Thread] WARN  FXGLAssetLoaderServi - Failed to load IMAGE
20:49:15.427 [JavaFX Application Thread] WARN  FXGLAssetLoaderServi - Asset "/assets/textures/orange_particle.png" was not found!
20:49:15.427 [JavaFX Application Thread] WARN  FXGLAssetLoaderServi - Failed to load IMAGE
20:49:17.433 [JavaFX Application Thread] WARN  FXGLAssetLoaderServi - Asset "/assets/textures/orange_particle.png" was not found!
20:49:17.433 [JavaFX Application Thread] WARN  FXGLAssetLoaderServi - Failed to load IMAGE
20:49:19.442 [JavaFX Application Thread] WARN  FXGLAssetLoaderServi - Asset "/assets/textures/orange_particle.png" was not found!
20:49:19.442 [JavaFX Application Thread] WARN  FXGLAssetLoaderServi - Failed to load IMAGE
20:49:19.884 [JavaFX Application Thread] WARN  FXGLAssetLoaderServi - Asset "/assets/textures/green_particle.png" was not found!
20:49:19.884 [JavaFX Application Thread] WARN  FXGLAssetLoaderServi - Failed to load IMAGE
20:49:21.451 [JavaFX Application Thread] WARN  FXGLAssetLoaderServi - Asset "/assets/textures/orange_particle.png" was not found!
20:49:21.451 [JavaFX Application Thread] WARN  FXGLAssetLoaderServi - Failed to load IMAGE
20:49:23.447 [JavaFX Application Thread] WARN  FXGLAssetLoaderServi - Asset "/assets/textures/orange_particle.png" was not found!
20:49:23.447 [JavaFX Application Thread] WARN  FXGLAssetLoaderServi - Failed to load IMAGE
20:49:24.881 [JavaFX Application Thread] WARN  FXGLAssetLoaderServi - Asset "/assets/textures/green_particle.png" was not found!
20:49:24.881 [JavaFX Application Thread] WARN  FXGLAssetLoaderServi - Failed to load IMAGE
20:49:25.458 [JavaFX Application Thread] WARN  FXGLAssetLoaderServi - Asset "/assets/textures/orange_particle.png" was not found!
20:49:25.458 [JavaFX Application Thread] WARN  FXGLAssetLoaderServi - Failed to load IMAGE
20:49:27.475 [JavaFX Application Thread] WARN  FXGLAssetLoaderServi - Asset "/assets/textures/orange_particle.png" was not found!
20:49:27.475 [JavaFX Application Thread] WARN  FXGLAssetLoaderServi - Failed to load IMAGE
20:49:29.474 [JavaFX Application Thread] WARN  FXGLAssetLoaderServi - Asset "/assets/textures/orange_particle.png" was not found!
20:49:29.474 [JavaFX Application Thread] WARN  FXGLAssetLoaderServi - Failed to load IMAGE
20:49:29.516 [JavaFX Application Thread] DEBUG PrimaryStageWindow   - Push state: DialogSubScene
20:49:29.516 [JavaFX Application Thread] DEBUG Input                - Clearing active input actions
20:49:29.516 [JavaFX Application Thread] DEBUG GameApplicationServi - Removing overlay from GameScene and adding to DialogSubScene
20:49:29.516 [JavaFX Application Thread] DEBUG PrimaryStageWindow   - GameScene -> DialogSubScene
20:49:30.478 [JavaFX Application Thread] DEBUG PrimaryStageWindow   - Pop state: DialogSubScene
20:49:30.478 [JavaFX Application Thread] DEBUG Input                - Clearing active input actions
20:49:30.478 [JavaFX Application Thread] DEBUG GameApplicationServi - Removing overlay from DialogSubScene and adding to GameScene
20:49:30.478 [JavaFX Application Thread] DEBUG PrimaryStageWindow   - GameScene <- DialogSubScene
20:49:30.826 [JavaFX Application Thread] WARN  FXGLAssetLoaderServi - Asset "/assets/textures/green_particle.png" was not found!
20:49:30.826 [JavaFX Application Thread] WARN  FXGLAssetLoaderServi - Failed to load IMAGE
20:49:32.296 [JavaFX Application Thread] WARN  FXGLAssetLoaderServi - Asset "/assets/textures/orange_particle.png" was not found!
20:49:32.296 [JavaFX Application Thread] WARN  FXGLAssetLoaderServi - Failed to load IMAGE
20:49:34.230 [JavaFX Application Thread] WARN  FXGLAssetLoaderServi - Asset "/assets/textures/orange_particle.png" was not found!
20:49:34.230 [JavaFX Application Thread] WARN  FXGLAssetLoaderServi - Failed to load IMAGE
20:49:35.628 [JavaFX Application Thread] WARN  FXGLAssetLoaderServi - Asset "/assets/textures/green_particle.png" was not found!
20:49:35.628 [JavaFX Application Thread] WARN  FXGLAssetLoaderServi - Failed to load IMAGE
20:49:36.216 [JavaFX Application Thread] WARN  FXGLAssetLoaderServi - Asset "/assets/textures/orange_particle.png" was not found!
20:49:36.218 [JavaFX Application Thread] WARN  FXGLAssetLoaderServi - Failed to load IMAGE
20:49:38.235 [JavaFX Application Thread] WARN  FXGLAssetLoaderServi - Asset "/assets/textures/orange_particle.png" was not found!
20:49:38.235 [JavaFX Application Thread] WARN  FXGLAssetLoaderServi - Failed to load IMAGE
20:49:40.219 [JavaFX Application Thread] WARN  FXGLAssetLoaderServi - Asset "/assets/textures/orange_particle.png" was not found!
20:49:40.219 [JavaFX Application Thread] WARN  FXGLAssetLoaderServi - Failed to load IMAGE
20:49:40.629 [JavaFX Application Thread] WARN  FXGLAssetLoaderServi - Asset "/assets/textures/green_particle.png" was not found!
20:49:40.629 [JavaFX Application Thread] WARN  FXGLAssetLoaderServi - Failed to load IMAGE
20:49:42.235 [JavaFX Application Thread] WARN  FXGLAssetLoaderServi - Asset "/assets/textures/orange_particle.png" was not found!
20:49:42.235 [JavaFX Application Thread] WARN  FXGLAssetLoaderServi - Failed to load IMAGE
20:49:43.485 [JavaFX Application Thread] DEBUG LoopRunner           - Pausing loop
20:49:44.242 [JavaFX Application Thread] DEBUG LoopRunner           - Resuming loop
20:49:44.242 [JavaFX Application Thread] DEBUG GameWorld            - Game world initialized
20:49:44.243 [JavaFX Application Thread] DEBUG PhysicsWorld         - Physics world initialized: appHeight=720, physics.ppm=50.0
20:49:44.243 [JavaFX Application Thread] DEBUG PhysicsWorld         - Using strategy: BRUTE_FORCE
20:49:44.243 [JavaFX Application Thread] DEBUG GameScene            - Game scene initialized: 1280x720
20:49:44.248 [JavaFX Application Thread] DEBUG PrimaryStageWindow   - Push state: MainMenuScene
20:49:44.250 [JavaFX Application Thread] DEBUG Input                - Clearing active input actions
20:49:44.250 [JavaFX Application Thread] DEBUG GameApplicationServi - Removing overlay from GameScene and adding to MainMenuScene
20:49:44.251 [JavaFX Application Thread] DEBUG PrimaryStageWindow   - GameScene -> MainMenuScene
20:49:45.321 [JavaFX Application Thread] DEBUG FXGLApplication      - Exiting FXGL
20:49:45.321 [JavaFX Application Thread] DEBUG LoopRunner           - Stopping loop
20:49:45.321 [JavaFX Application Thread] DEBUG SystemBundleService  - Saving FXGL system data
20:49:45.323 [JavaFX Application Thread] DEBUG FileSystemAccess     - Writing to: F:\my files\School\2nd year 2nd sem\TheOnlyException\system\fxgl.bundle
20:49:45.745 [JavaFX Application Thread] DEBUG Async                - Shutting down background threads
20:49:45.746 [JavaFX Application Thread] DEBUG PrimaryStageWindow   - Closing main window
20:49:45.763 [JavaFX Application Thread] DEBUG Logger               - Closing Logger
