16:32:47.938 [main                     ] DEBUG Logger               - Configured Logger
16:32:47.951 [main                     ] DEBUG GameApplication      - Logging settings
Title: Prototype
Version: 0.1.5
Width: 1280
Height: 720
Fullscreen: false
Intro: false
Profiling: false
Single step:false
App Mode: DEVELOPER
Menu Key: ESCAPE
Stage Style: DECORATED
Scene Factory: class org.example.GameApp$1

16:32:48.183 [JavaFX Application Thread] DEBUG FXGLApplication      - Initializing FXGL
16:32:48.186 [JavaFX Application Thread] INFO  Engine               - FXGL-17+dev-SNAPSHOT (01.09.2022 03.33) on WINDOWS (J:19.0.2 FX:18)
16:32:48.186 [JavaFX Application Thread] DEBUG Engine               - JRE Vendor Name: Oracle Corporation
16:32:48.187 [JavaFX Application Thread] DEBUG Engine               - Running on OS: Windows 11 version 10.0
16:32:48.187 [JavaFX Application Thread] DEBUG Engine               - Architecture: amd64
16:32:48.187 [JavaFX Application Thread] INFO  Engine               - Source code and latest versions at: https://github.com/AlmasB/FXGL
16:32:48.187 [JavaFX Application Thread] INFO  Engine               -       Ask questions and discuss at: https://github.com/AlmasB/FXGL/discussions
16:32:48.187 [JavaFX Application Thread] INFO  Engine               -              Join the FXGL chat at: https://gitter.im/AlmasB/FXGL
16:32:48.242 [JavaFX Application Thread] DEBUG PrimaryStageWindow   - Creating a JavaFX scene
16:32:48.266 [JavaFX Application Thread] DEBUG PrimaryStageWindow   - Target settings size: 1280.0 x 720.0
16:32:48.266 [JavaFX Application Thread] DEBUG PrimaryStageWindow   - Scaled scene size:    1280.0 x 720.0
16:32:48.266 [JavaFX Application Thread] DEBUG PrimaryStageWindow   - Scaled ratio: (1.0, 1.0)
16:32:48.267 [JavaFX Application Thread] DEBUG PrimaryStageWindow   - Set initial scene to FXGLStartupScene
16:32:48.271 [JavaFX Application Thread] DEBUG PrimaryStageWindow   - Opening main window
16:32:48.313 [JavaFX Application Thread] DEBUG PrimaryStageWindow   - Window border size: (16.0, 39.0)
16:32:48.313 [JavaFX Application Thread] DEBUG PrimaryStageWindow   - Scaled size: 1280.0 x 720.0
16:32:48.313 [JavaFX Application Thread] DEBUG PrimaryStageWindow   - Scaled ratio: (1.0, 1.0)
16:32:48.313 [JavaFX Application Thread] DEBUG PrimaryStageWindow   - Scene size: 1280.0 x 720.0
16:32:48.313 [JavaFX Application Thread] DEBUG PrimaryStageWindow   - Stage size: 1296.0 x 759.0
16:32:48.317 [FXGL Background Thread 1 ] DEBUG Engine               - Initializing environment variables
16:32:48.343 [FXGL Background Thread 1 ] DEBUG FXGLAssetLoaderServi - User app class for loading assets: class org.example.GameApp
16:32:48.344 [FXGL Background Thread 1 ] DEBUG GameApplicationServi - Applying CSS: fxgl_dark.css
16:32:48.344 [FXGL Background Thread 1 ] DEBUG FXGLAssetLoaderServi - Loading from file system: jar:file:/C:/Users/L13X15W18/.m2/repository/com/github/AlmasB/FXGL/fxgl/17.2/fxgl-17.2.jar!/fxglassets/ui/css/fxgl_dark.css
16:32:48.364 [FXGL Background Thread 1 ] DEBUG GameApplicationServi - Initializing application scenes
16:32:48.383 [FXGL Background Thread 1 ] DEBUG GameWorld            - Game world initialized
16:32:48.415 [FXGL Background Thread 1 ] DEBUG PhysicsWorld         - Physics world initialized: appHeight=720, physics.ppm=50.0
16:32:48.415 [FXGL Background Thread 1 ] DEBUG PhysicsWorld         - Using strategy: BRUTE_FORCE
16:32:48.417 [FXGL Background Thread 1 ] DEBUG GameScene            - Game scene initialized: 1280x720
16:32:48.435 [FXGL Background Thread 1 ] DEBUG FXGL.DefaultMenu     - createMenuBodyGameMenu()
16:32:48.441 [FXGL Background Thread 1 ] DEBUG FXGL.DefaultMenu     - createOptionsMenu()
16:32:48.447 [FXGL Background Thread 1 ] DEBUG FXGLAssetLoaderServi - Loading from file system: jar:file:/C:/Users/L13X15W18/.m2/repository/com/github/AlmasB/FXGL/fxgl/17.2/fxgl-17.2.jar!/fxglassets/textures/particles/smoke.png
16:32:48.504 [FXGL Background Thread 1 ] DEBUG FXGLAssetLoaderServi - Loading from file system: jar:file:/C:/Users/L13X15W18/.m2/repository/com/github/AlmasB/FXGL/fxgl/17.2/fxgl-17.2.jar!/fxglassets/textures/particles/trace_horizontal.png
16:32:48.518 [FXGL Background Thread 1 ] DEBUG GameApplicationServi - Application scenes initialized
16:32:48.526 [FXGL Background Thread 1 ] DEBUG SystemBundleService  - Loading FXGL system data
16:32:48.529 [FXGL Background Thread 1 ] DEBUG FileSystemAccess     - Reading from: C:\Users\L13X15W18\IdeaProjects\TheOnlyException\system\fxgl.bundle
16:32:48.534 [FXGL Background Thread 1 ] DEBUG SystemBundleService  - Bundle FXGL: {}
16:32:48.534 [FXGL Background Thread 1 ] DEBUG UpdaterService       - Checking for updates
16:32:48.536 [FXGL Background Thread 4 ] DEBUG FXGLApplication      - Loading fonts
16:32:48.536 [FXGL Background Thread 1 ] DEBUG FXGLApplication      - Loading default localization
16:32:48.536 [FXGL Background Thread 4 ] DEBUG FXGLAssetLoaderServi - Loading from file system: jar:file:/C:/Users/L13X15W18/.m2/repository/com/github/AlmasB/FXGL/fxgl-samples/17.2/fxgl-samples-17.2.jar!/assets/ui/fonts/VarelaRound-Regular.ttf
16:32:48.536 [FXGL Background Thread 1 ] DEBUG FXGLAssetLoaderServi - Loading from file system: jar:file:/C:/Users/L13X15W18/.m2/repository/com/github/AlmasB/FXGL/fxgl/17.2/fxgl-17.2.jar!/fxglassets/languages/english.lang
16:32:48.552 [FXGL Background Thread 1 ] INFO  FXGLApplication      - FXGL initialization took: 0.234 sec
16:32:48.558 [JavaFX Application Thread] DEBUG Input                - Registered new binding: action0 - A
16:32:48.558 [JavaFX Application Thread] DEBUG Input                - Registered new binding: action1 - D
16:32:48.558 [JavaFX Application Thread] DEBUG Input                - Registered new binding: action2 - W
16:32:48.559 [JavaFX Application Thread] DEBUG Input                - Registered new binding: action3 - S
16:32:48.559 [JavaFX Application Thread] DEBUG FXGLAssetLoaderServi - Loading from file system: jar:file:/C:/Users/L13X15W18/.m2/repository/com/github/AlmasB/FXGL/fxgl/17.2/fxgl-17.2.jar!/fxglassets/textures/fxgl_icon.png
16:32:48.562 [FXGL Background Thread 4 ] DEBUG FXGLAssetLoaderServi - Loading from file system: jar:file:/C:/Users/L13X15W18/.m2/repository/com/github/AlmasB/FXGL/fxgl/17.2/fxgl-17.2.jar!/fxglassets/ui/fonts/Abel-Regular.ttf
16:32:48.564 [FXGL Background Thread 4 ] DEBUG FXGLAssetLoaderServi - Loading from file system: jar:file:/C:/Users/L13X15W18/.m2/repository/com/github/AlmasB/FXGL/fxgl/17.2/fxgl-17.2.jar!/fxglassets/ui/fonts/TerminalLandMono-Regular.otf
16:32:48.566 [FXGL Background Thread 4 ] DEBUG FXGLAssetLoaderServi - Loading from file system: jar:file:/C:/Users/L13X15W18/.m2/repository/com/github/AlmasB/FXGL/fxgl/17.2/fxgl-17.2.jar!/fxglassets/ui/fonts/Courier-Prime.ttf
16:32:48.572 [JavaFX Application Thread] DEBUG FXGLAssetLoaderServi - Loading from file system: jar:file:/C:/Users/L13X15W18/.m2/repository/com/github/AlmasB/FXGL/fxgl/17.2/fxgl-17.2.jar!/fxglassets/textures/fxgl_default_cursor.png
16:32:48.573 [JavaFX Application Thread] DEBUG Input                - Registered new binding: Screenshot - CTRL+8
16:32:48.574 [JavaFX Application Thread] DEBUG Input                - Registered new binding: System info dump - CTRL+9
16:32:48.574 [JavaFX Application Thread] DEBUG Input                - Registered new binding: Restart - CTRL+R
16:32:48.574 [JavaFX Application Thread] DEBUG Input                - Registered new binding: Toggle Debug Camera - CTRL+7
16:32:48.577 [JavaFX Application Thread] DEBUG LoopRunner           - Starting loop
16:32:48.577 [JavaFX Application Thread] DEBUG LoopRunner           - Initializing JavaFX AnimationTimerLoop
16:32:48.580 [JavaFX Application Thread] DEBUG Input                - Clearing active input actions
16:32:48.584 [JavaFX Application Thread] DEBUG GameApplicationServi - Removing overlay from FXGLStartupScene and adding to FXGLMainMenuDummyScene
16:32:48.584 [JavaFX Application Thread] DEBUG PrimaryStageWindow   - FXGLStartupScene -> FXGLMainMenuDummyScene
16:32:48.584 [JavaFX Application Thread] DEBUG PrimaryStageWindow   - Push state: NameInputScene
16:32:48.584 [JavaFX Application Thread] DEBUG Input                - Clearing active input actions
16:32:48.589 [JavaFX Application Thread] DEBUG GameApplicationServi - Removing overlay from FXGLMainMenuDummyScene and adding to NameInputScene
16:32:48.590 [JavaFX Application Thread] DEBUG PrimaryStageWindow   - FXGLMainMenuDummyScene -> NameInputScene
16:32:48.590 [JavaFX Application Thread] DEBUG FXGLApplication      - Registering font factories with UI factory
16:32:49.673 [FXGL Background Thread 2 ] INFO  UpdaterService       - Your current version:  17+dev-SNAPSHOT
16:32:49.673 [FXGL Background Thread 2 ] INFO  UpdaterService       - Latest stable version: 21.1
16:32:50.589 [JavaFX Application Thread] DEBUG FXGLApplication      - Exiting FXGL
16:32:50.589 [JavaFX Application Thread] DEBUG LoopRunner           - Stopping loop
16:32:50.589 [JavaFX Application Thread] DEBUG SystemBundleService  - Saving FXGL system data
16:32:50.591 [JavaFX Application Thread] DEBUG FileSystemAccess     - Writing to: C:\Users\L13X15W18\IdeaProjects\TheOnlyException\system\fxgl.bundle
16:32:50.594 [JavaFX Application Thread] DEBUG Async                - Shutting down background threads
16:32:50.594 [JavaFX Application Thread] DEBUG PrimaryStageWindow   - Closing main window
16:32:50.601 [JavaFX Application Thread] DEBUG Logger               - Closing Logger
