14:49:29.807 [main                     ] DEBUG Logger               - Configured Logger
14:49:29.813 [main                     ] DEBUG GameApplication      - Logging settings
Title: Prototype Game
Version: 0.1.5
Width: 1280
Height: 720
Fullscreen: false
Intro: false
Profiling: false
Single step:false
App Mode: DEVELOPER
Menu Key: ESCAPE
Stage Style: DECORATED
Scene Factory: class org.example.core.GameApp$1

14:49:30.119 [JavaFX Application Thread] DEBUG FXGLApplication      - Initializing FXGL
14:49:30.121 [JavaFX Application Thread] INFO  Engine               - FXGL-21+dev-SNAPSHOT (26.03.2024 19.46) on WINDOWS (J:24 FX:21.0.1)
14:49:30.121 [JavaFX Application Thread] DEBUG Engine               - JRE Vendor Name: Oracle Corporation
14:49:30.121 [JavaFX Application Thread] DEBUG Engine               - Running on OS: Windows 11 version 10.0
14:49:30.121 [JavaFX Application Thread] DEBUG Engine               - Architecture: amd64
14:49:30.122 [JavaFX Application Thread] INFO  Engine               - Source code and latest versions at: https://github.com/AlmasB/FXGL
14:49:30.122 [JavaFX Application Thread] INFO  Engine               -       Ask questions and discuss at: https://github.com/AlmasB/FXGL/discussions
14:49:30.122 [JavaFX Application Thread] INFO  Engine               -              Join the FXGL chat at: https://gitter.im/AlmasB/FXGL
14:49:30.202 [JavaFX Application Thread] DEBUG PrimaryStageWindow   - Creating a JavaFX scene
14:49:30.244 [JavaFX Application Thread] DEBUG PrimaryStageWindow   - Target settings size: 1280.0 x 720.0
14:49:30.244 [JavaFX Application Thread] DEBUG PrimaryStageWindow   - Scaled scene size:    1280.0 x 720.0
14:49:30.244 [JavaFX Application Thread] DEBUG PrimaryStageWindow   - Scaled ratio: (1.0, 1.0)
14:49:30.245 [JavaFX Application Thread] DEBUG PrimaryStageWindow   - Set initial scene to FXGLStartupScene
14:49:30.248 [JavaFX Application Thread] DEBUG PrimaryStageWindow   - Opening main window
14:49:30.355 [JavaFX Application Thread] DEBUG PrimaryStageWindow   - Window border size: (16.0, 39.0)
14:49:30.355 [JavaFX Application Thread] DEBUG PrimaryStageWindow   - Scaled size: 1280.0 x 720.0
14:49:30.355 [JavaFX Application Thread] DEBUG PrimaryStageWindow   - Scaled ratio: (1.0, 1.0)
14:49:30.355 [JavaFX Application Thread] DEBUG PrimaryStageWindow   - Scene size: 1280.0 x 720.0
14:49:30.356 [JavaFX Application Thread] DEBUG PrimaryStageWindow   - Stage size: 1296.0 x 759.0
14:49:30.364 [FXGL Background Thread 1 ] DEBUG Engine               - Initializing environment variables
14:49:30.422 [FXGL Background Thread 1 ] DEBUG FXGLAssetLoaderServi - User app class for loading assets: class org.example.core.GameApp
14:49:30.422 [FXGL Background Thread 1 ] DEBUG GameApplicationServi - Applying CSS: fxgl_dark.css
14:49:30.423 [FXGL Background Thread 1 ] DEBUG FXGLAssetLoaderServi - Loading from file system: jar:file:/C:/Users/primzcm/.m2/repository/com/github/almasb/fxgl/fxgl/21.1/fxgl-21.1.jar!/fxglassets/ui/css/fxgl_dark.css
14:49:30.466 [FXGL Background Thread 1 ] DEBUG GameApplicationServi - Initializing application scenes
14:49:30.493 [FXGL Background Thread 1 ] DEBUG GameWorld            - Game world initialized
14:49:30.532 [FXGL Background Thread 1 ] DEBUG PhysicsWorld         - Physics world initialized: appHeight=720, physics.ppm=50.0
14:49:30.532 [FXGL Background Thread 1 ] DEBUG PhysicsWorld         - Using strategy: BRUTE_FORCE
14:49:30.535 [FXGL Background Thread 1 ] DEBUG GameScene            - Game scene initialized: 1280x720
14:49:30.544 [FXGL Background Thread 1 ] DEBUG FXGL.DefaultMenu     - createMenuBodyGameMenu()
14:49:30.556 [FXGL Background Thread 1 ] DEBUG FXGL.DefaultMenu     - createOptionsMenu()
14:49:30.565 [FXGL Background Thread 1 ] DEBUG FXGLAssetLoaderServi - Loading from file system: jar:file:/C:/Users/primzcm/.m2/repository/com/github/almasb/fxgl/fxgl/21.1/fxgl-21.1.jar!/fxglassets/textures/particles/smoke.png
14:49:30.641 [FXGL Background Thread 1 ] DEBUG FXGLAssetLoaderServi - Loading from file system: jar:file:/C:/Users/primzcm/.m2/repository/com/github/almasb/fxgl/fxgl/21.1/fxgl-21.1.jar!/fxglassets/textures/particles/trace_horizontal.png
14:49:30.662 [FXGL Background Thread 1 ] DEBUG GameApplicationServi - Application scenes initialized
14:49:30.671 [FXGL Background Thread 1 ] DEBUG SystemBundleService  - Loading FXGL system data
14:49:30.673 [FXGL Background Thread 1 ] DEBUG FileSystemAccess     - Reading from: F:\my files\School\2nd year 2nd sem\TheOnlyException\system\fxgl.bundle
14:49:30.678 [FXGL Background Thread 1 ] DEBUG SystemBundleService  - Bundle FXGL: {}
14:49:30.678 [FXGL Background Thread 1 ] DEBUG UpdaterService       - Checking for updates
14:49:30.681 [FXGL Background Thread 4 ] DEBUG FXGLApplication      - Loading fonts
14:49:30.681 [FXGL Background Thread 4 ] DEBUG FXGLAssetLoaderServi - Loading from file system: jar:file:/C:/Users/primzcm/.m2/repository/com/github/almasb/fxgl/fxgl/21.1/fxgl-21.1.jar!/fxglassets/ui/fonts/VarelaRound-Regular.ttf
14:49:30.681 [FXGL Background Thread 1 ] DEBUG FXGLApplication      - Loading default localization
14:49:30.682 [FXGL Background Thread 1 ] DEBUG FXGLAssetLoaderServi - Loading from file system: jar:file:/C:/Users/primzcm/.m2/repository/com/github/almasb/fxgl/fxgl/21.1/fxgl-21.1.jar!/fxglassets/languages/english.lang
14:49:30.705 [FXGL Background Thread 1 ] INFO  FXGLApplication      - FXGL initialization took: 0.341 sec
14:49:30.709 [FXGL Background Thread 4 ] DEBUG FXGLAssetLoaderServi - Loading from file system: jar:file:/C:/Users/primzcm/.m2/repository/com/github/almasb/fxgl/fxgl/21.1/fxgl-21.1.jar!/fxglassets/ui/fonts/Abel-Regular.ttf
14:49:30.712 [FXGL Background Thread 4 ] DEBUG FXGLAssetLoaderServi - Loading from file system: jar:file:/C:/Users/primzcm/.m2/repository/com/github/almasb/fxgl/fxgl/21.1/fxgl-21.1.jar!/fxglassets/ui/fonts/TerminalLandMono-Regular.otf
14:49:30.714 [FXGL Background Thread 4 ] DEBUG FXGLAssetLoaderServi - Loading from file system: jar:file:/C:/Users/primzcm/.m2/repository/com/github/almasb/fxgl/fxgl/21.1/fxgl-21.1.jar!/fxglassets/ui/fonts/Courier-Prime.ttf
14:49:30.717 [JavaFX Application Thread] DEBUG Input                - Registered new binding: action0 - A
14:49:30.717 [JavaFX Application Thread] DEBUG Input                - Registered new binding: action1 - D
14:49:30.718 [JavaFX Application Thread] DEBUG Input                - Registered new binding: action2 - W
14:49:30.718 [JavaFX Application Thread] DEBUG Input                - Registered new binding: action3 - S
14:49:30.718 [JavaFX Application Thread] DEBUG FXGLAssetLoaderServi - Loading from file system: jar:file:/C:/Users/primzcm/.m2/repository/com/github/almasb/fxgl/fxgl/21.1/fxgl-21.1.jar!/fxglassets/textures/fxgl_icon.png
14:49:30.735 [JavaFX Application Thread] DEBUG FXGLAssetLoaderServi - Loading from file system: jar:file:/C:/Users/primzcm/.m2/repository/com/github/almasb/fxgl/fxgl/21.1/fxgl-21.1.jar!/fxglassets/textures/fxgl_default_cursor.png
14:49:30.737 [JavaFX Application Thread] DEBUG Input                - Registered new binding: Screenshot - CTRL+8
14:49:30.737 [JavaFX Application Thread] DEBUG Input                - Registered new binding: System info dump - CTRL+9
14:49:30.737 [JavaFX Application Thread] DEBUG Input                - Registered new binding: Restart - CTRL+R
14:49:30.738 [JavaFX Application Thread] DEBUG Input                - Registered new binding: Toggle Debug Camera - CTRL+7
14:49:30.741 [JavaFX Application Thread] DEBUG LoopRunner           - Starting loop
14:49:30.741 [JavaFX Application Thread] DEBUG LoopRunner           - Initializing JavaFX AnimationTimerLoop
14:49:30.744 [JavaFX Application Thread] DEBUG Input                - Clearing active input actions
14:49:30.749 [JavaFX Application Thread] DEBUG GameApplicationServi - Removing overlay from FXGLStartupScene and adding to FXGLMainMenuDummyScene
14:49:30.749 [JavaFX Application Thread] DEBUG PrimaryStageWindow   - FXGLStartupScene -> FXGLMainMenuDummyScene
14:49:30.749 [JavaFX Application Thread] DEBUG PrimaryStageWindow   - Push state: NameInputScene
14:49:30.915 [JavaFX Application Thread] DEBUG Input                - Clearing active input actions
14:49:30.923 [JavaFX Application Thread] DEBUG GameApplicationServi - Removing overlay from FXGLMainMenuDummyScene and adding to NameInputScene
14:49:30.923 [JavaFX Application Thread] DEBUG PrimaryStageWindow   - FXGLMainMenuDummyScene -> NameInputScene
14:49:30.925 [JavaFX Application Thread] DEBUG FXGLApplication      - Registering font factories with UI factory
14:49:31.010 [FXGL Background Thread 2 ] INFO  UpdaterService       - Your current version:  21+dev-SNAPSHOT
14:49:31.011 [FXGL Background Thread 2 ] INFO  UpdaterService       - Latest stable version: 21.1
14:49:33.681 [FXGL Background Thread 3 ] DEBUG Engine               - Logging environment variables
14:49:33.682 [FXGL Background Thread 3 ] DEBUG Engine               - achievements: []
14:49:33.682 [FXGL Background Thread 3 ] DEBUG Engine               - actualHeight: 720.0
14:49:33.682 [FXGL Background Thread 3 ] DEBUG Engine               - actualHeightProperty: ReadOnlyDoubleProperty [value: 720.0]
14:49:33.682 [FXGL Background Thread 3 ] DEBUG Engine               - actualWidth: 1280.0
14:49:33.682 [FXGL Background Thread 3 ] DEBUG Engine               - actualWidthProperty: ReadOnlyDoubleProperty [value: 1280.0]
14:49:33.682 [FXGL Background Thread 3 ] DEBUG Engine               - appIcon: fxgl_icon.png
14:49:33.682 [FXGL Background Thread 3 ] DEBUG Engine               - applicationMode: DEVELOPER
14:49:33.682 [FXGL Background Thread 3 ] DEBUG Engine               - cSSList: [fxgl_dark.css]
14:49:33.682 [FXGL Background Thread 3 ] DEBUG Engine               - collisionDetectionStrategy: BRUTE_FORCE
14:49:33.682 [FXGL Background Thread 3 ] DEBUG Engine               - configClass: Optional.empty
14:49:33.682 [FXGL Background Thread 3 ] DEBUG Engine               - credits: []
14:49:33.682 [FXGL Background Thread 3 ] DEBUG Engine               - defaultCursor: CursorInfo(imageName=fxgl_default_cursor.png, hotspotX=7.0, hotspotY=6.0)
14:49:33.683 [FXGL Background Thread 3 ] DEBUG Engine               - devBBoxColorProperty: ObjectProperty [value: 0xff0000ff]
14:49:33.683 [FXGL Background Thread 3 ] DEBUG Engine               - devEnableDebugCameraProperty: BooleanProperty [value: false]
14:49:33.683 [FXGL Background Thread 3 ] DEBUG Engine               - devSensorColorProperty: ObjectProperty [value: 0xffff00ff]
14:49:33.683 [FXGL Background Thread 3 ] DEBUG Engine               - devShowBBoxProperty: BooleanProperty [value: false]
14:49:33.683 [FXGL Background Thread 3 ] DEBUG Engine               - devShowPositionProperty: BooleanProperty [value: false]
14:49:33.683 [FXGL Background Thread 3 ] DEBUG Engine               - enabledMenuItems: []
14:49:33.683 [FXGL Background Thread 3 ] DEBUG Engine               - engineServices: [class com.almasb.fxgl.app.services.FXGLAssetLoaderService, class com.almasb.fxgl.app.FXGLApplication$GameApplicationService, class com.almasb.fxgl.app.services.FXGLDialogService, class com.almasb.fxgl.app.services.IOTaskExecutorService, class com.almasb.fxgl.io.FileSystemService, class com.almasb.fxgl.localization.LocalizationService, class com.almasb.fxgl.app.services.SystemBundleService, class com.almasb.fxgl.profile.SaveLoadService, class com.almasb.fxgl.ui.FXGLUIFactoryServiceProvider, class com.almasb.fxgl.ui.FXGLDialogFactoryServiceProvider, class com.almasb.fxgl.audio.AudioPlayer, class com.almasb.fxgl.notification.impl.NotificationServiceProvider, class com.almasb.fxgl.achievement.AchievementService, class com.almasb.fxgl.cutscene.CutsceneService, class com.almasb.fxgl.minigames.MiniGameService, class com.almasb.fxgl.net.NetService, class com.almasb.fxgl.app.services.UpdaterService, class com.almasb.fxgl.dev.DevService]
14:49:33.683 [FXGL Background Thread 3 ] DEBUG Engine               - fontGame: Abel-Regular.ttf
14:49:33.683 [FXGL Background Thread 3 ] DEBUG Engine               - fontMono: TerminalLandMono-Regular.otf
14:49:33.683 [FXGL Background Thread 3 ] DEBUG Engine               - fontSizeScaleUI: 1.0
14:49:33.683 [FXGL Background Thread 3 ] DEBUG Engine               - fontText: Courier-Prime.ttf
14:49:33.683 [FXGL Background Thread 3 ] DEBUG Engine               - fontUI: VarelaRound-Regular.ttf
14:49:33.683 [FXGL Background Thread 3 ] DEBUG Engine               - fullScreen: BooleanProperty [value: false]
14:49:33.683 [FXGL Background Thread 3 ] DEBUG Engine               - gameDifficulty: MEDIUM
14:49:33.684 [FXGL Background Thread 3 ] DEBUG Engine               - gameDifficultyProperty: ObjectProperty [value: MEDIUM]
14:49:33.684 [FXGL Background Thread 3 ] DEBUG Engine               - globalMusicVolume: 0.5
14:49:33.684 [FXGL Background Thread 3 ] DEBUG Engine               - globalMusicVolumeProperty: DoubleProperty [value: 0.5]
14:49:33.684 [FXGL Background Thread 3 ] DEBUG Engine               - globalSoundVolume: 0.5
14:49:33.684 [FXGL Background Thread 3 ] DEBUG Engine               - globalSoundVolumeProperty: DoubleProperty [value: 0.5]
14:49:33.684 [FXGL Background Thread 3 ] DEBUG Engine               - height: 720
14:49:33.684 [FXGL Background Thread 3 ] DEBUG Engine               - is3D: false
14:49:33.684 [FXGL Background Thread 3 ] DEBUG Engine               - isAndroid: false
14:49:33.684 [FXGL Background Thread 3 ] DEBUG Engine               - isBrowser: false
14:49:33.684 [FXGL Background Thread 3 ] DEBUG Engine               - isClickFeedbackEnabled: false
14:49:33.684 [FXGL Background Thread 3 ] DEBUG Engine               - isCloseConfirmation: false
14:49:33.684 [FXGL Background Thread 3 ] DEBUG Engine               - isDesktop: true
14:49:33.684 [FXGL Background Thread 3 ] DEBUG Engine               - isDeveloperMenuEnabled: false
14:49:33.684 [FXGL Background Thread 3 ] DEBUG Engine               - isEmbedded: false
14:49:33.684 [FXGL Background Thread 3 ] DEBUG Engine               - isEntityPreloadEnabled: true
14:49:33.684 [FXGL Background Thread 3 ] DEBUG Engine               - isExperimentalTiledLargeMap: false
14:49:33.684 [FXGL Background Thread 3 ] DEBUG Engine               - isFileSystemWriteAllowed: true
14:49:33.684 [FXGL Background Thread 3 ] DEBUG Engine               - isFullScreenAllowed: false
14:49:33.684 [FXGL Background Thread 3 ] DEBUG Engine               - isFullScreenFromStart: false
14:49:33.684 [FXGL Background Thread 3 ] DEBUG Engine               - isGameMenuEnabled: true
14:49:33.684 [FXGL Background Thread 3 ] DEBUG Engine               - isIOS: false
14:49:33.685 [FXGL Background Thread 3 ] DEBUG Engine               - isIntroEnabled: false
14:49:33.685 [FXGL Background Thread 3 ] DEBUG Engine               - isLinux: false
14:49:33.685 [FXGL Background Thread 3 ] DEBUG Engine               - isMac: false
14:49:33.685 [FXGL Background Thread 3 ] DEBUG Engine               - isMainMenuEnabled: true
14:49:33.685 [FXGL Background Thread 3 ] DEBUG Engine               - isManualResizeEnabled: false
14:49:33.685 [FXGL Background Thread 3 ] DEBUG Engine               - isMobile: false
14:49:33.685 [FXGL Background Thread 3 ] DEBUG Engine               - isNative: false
14:49:33.685 [FXGL Background Thread 3 ] DEBUG Engine               - isPauseMusicWhenMinimized: true
14:49:33.685 [FXGL Background Thread 3 ] DEBUG Engine               - isPreserveResizeRatio: false
14:49:33.685 [FXGL Background Thread 3 ] DEBUG Engine               - isProfilingEnabled: false
14:49:33.685 [FXGL Background Thread 3 ] DEBUG Engine               - isScaleAffectedOnResize: true
14:49:33.685 [FXGL Background Thread 3 ] DEBUG Engine               - isSingleStep: false
14:49:33.685 [FXGL Background Thread 3 ] DEBUG Engine               - isUserProfileEnabled: false
14:49:33.685 [FXGL Background Thread 3 ] DEBUG Engine               - isWindows: true
14:49:33.685 [FXGL Background Thread 3 ] DEBUG Engine               - language: ObjectProperty [value: ENGLISH]
14:49:33.685 [FXGL Background Thread 3 ] DEBUG Engine               - menuKey: ESCAPE
14:49:33.685 [FXGL Background Thread 3 ] DEBUG Engine               - mouseSensitivity: 0.2
14:49:33.685 [FXGL Background Thread 3 ] DEBUG Engine               - notificationViewClass: class com.almasb.fxgl.notification.view.XboxNotificationView
14:49:33.685 [FXGL Background Thread 3 ] DEBUG Engine               - pixelsPerMeter: 50.0
14:49:33.685 [FXGL Background Thread 3 ] DEBUG Engine               - platform: WINDOWS
14:49:33.685 [FXGL Background Thread 3 ] DEBUG Engine               - prefHeightProperty: ReadOnlyDoubleProperty [value: 720.0]
14:49:33.686 [FXGL Background Thread 3 ] DEBUG Engine               - prefWidthProperty: ReadOnlyDoubleProperty [value: 1280.0]
14:49:33.686 [FXGL Background Thread 3 ] DEBUG Engine               - profileDir: profiles/
14:49:33.686 [FXGL Background Thread 3 ] DEBUG Engine               - profileName: StringProperty [value: DEFAULT]
14:49:33.686 [FXGL Background Thread 3 ] DEBUG Engine               - randomSeed: -1
14:49:33.686 [FXGL Background Thread 3 ] DEBUG Engine               - runtimeInfo: RuntimeInfo(platform=WINDOWS, version=21+dev-SNAPSHOT, build=26.03.2024 19.46)
14:49:33.686 [FXGL Background Thread 3 ] DEBUG Engine               - saveFileExt: sav
14:49:33.686 [FXGL Background Thread 3 ] DEBUG Engine               - scaledHeightProp$fxgl: DoubleProperty [bound, value: 720.0]
14:49:33.686 [FXGL Background Thread 3 ] DEBUG Engine               - scaledWidthProp$fxgl: DoubleProperty [bound, value: 1280.0]
14:49:33.686 [FXGL Background Thread 3 ] DEBUG Engine               - sceneFactory: org.example.core.GameApp$1@3c8060f0
14:49:33.686 [FXGL Background Thread 3 ] DEBUG Engine               - secondsIn24h: 60
14:49:33.686 [FXGL Background Thread 3 ] DEBUG Engine               - soundMenuBack: menu/back.wav
14:49:33.686 [FXGL Background Thread 3 ] DEBUG Engine               - soundMenuPress: menu/press.wav
14:49:33.686 [FXGL Background Thread 3 ] DEBUG Engine               - soundMenuSelect: menu/select.wav
14:49:33.686 [FXGL Background Thread 3 ] DEBUG Engine               - soundNotification: core/notification.wav
14:49:33.686 [FXGL Background Thread 3 ] DEBUG Engine               - stageStyle: DECORATED
14:49:33.686 [FXGL Background Thread 3 ] DEBUG Engine               - supportedLanguages: [ENGLISH, FRENCH, GERMAN, HUNGARIAN, RUSSIAN]
14:49:33.686 [FXGL Background Thread 3 ] DEBUG Engine               - ticksPerSecond: -1
14:49:33.686 [FXGL Background Thread 3 ] DEBUG Engine               - title: Prototype Game
14:49:33.686 [FXGL Background Thread 3 ] DEBUG Engine               - urlGithub: https://github.com/AlmasB/FXGL
14:49:33.686 [FXGL Background Thread 3 ] DEBUG Engine               - urlLeaderboard: http://fxgl-top.herokuapp.com/
14:49:33.686 [FXGL Background Thread 3 ] DEBUG Engine               - urlPOM: https://raw.githubusercontent.com/AlmasB/FXGL/release/README.md
14:49:33.686 [FXGL Background Thread 3 ] DEBUG Engine               - userAppClass: class org.example.core.GameApp
14:49:33.686 [FXGL Background Thread 3 ] DEBUG Engine               - version: 0.1.5
14:49:33.686 [FXGL Background Thread 3 ] DEBUG Engine               - versionCheckDays: 7
14:49:33.686 [FXGL Background Thread 3 ] DEBUG Engine               - width: 1280
14:49:33.686 [FXGL Background Thread 3 ] DEBUG Engine               - Logging services
14:49:33.686 [FXGL Background Thread 3 ] DEBUG Engine               - class com.almasb.fxgl.app.services.FXGLAssetLoaderService
14:49:33.686 [FXGL Background Thread 3 ] DEBUG Engine               - class com.almasb.fxgl.app.FXGLApplication$GameApplicationService
14:49:33.686 [FXGL Background Thread 3 ] DEBUG Engine               - class com.almasb.fxgl.app.services.FXGLDialogService
14:49:33.686 [FXGL Background Thread 3 ] DEBUG Engine               - class com.almasb.fxgl.app.services.IOTaskExecutorService
14:49:33.686 [FXGL Background Thread 3 ] DEBUG Engine               - class com.almasb.fxgl.io.FileSystemService
14:49:33.686 [FXGL Background Thread 3 ] DEBUG Engine               - class com.almasb.fxgl.localization.LocalizationService
14:49:33.686 [FXGL Background Thread 3 ] DEBUG Engine               - class com.almasb.fxgl.app.services.SystemBundleService
14:49:33.686 [FXGL Background Thread 3 ] DEBUG Engine               - class com.almasb.fxgl.profile.SaveLoadService
14:49:33.686 [FXGL Background Thread 3 ] DEBUG Engine               - class com.almasb.fxgl.ui.FXGLUIFactoryServiceProvider
14:49:33.686 [FXGL Background Thread 3 ] DEBUG Engine               - class com.almasb.fxgl.ui.FXGLDialogFactoryServiceProvider
14:49:33.686 [FXGL Background Thread 3 ] DEBUG Engine               - class com.almasb.fxgl.audio.AudioPlayer
14:49:33.686 [FXGL Background Thread 3 ] DEBUG Engine               - class com.almasb.fxgl.notification.impl.NotificationServiceProvider
14:49:33.686 [FXGL Background Thread 3 ] DEBUG Engine               - class com.almasb.fxgl.achievement.AchievementService
14:49:33.686 [FXGL Background Thread 3 ] DEBUG Engine               - class com.almasb.fxgl.cutscene.CutsceneService
14:49:33.686 [FXGL Background Thread 3 ] DEBUG Engine               - class com.almasb.fxgl.minigames.MiniGameService
14:49:33.686 [FXGL Background Thread 3 ] DEBUG Engine               - class com.almasb.fxgl.net.NetService
14:49:33.686 [FXGL Background Thread 3 ] DEBUG Engine               - class com.almasb.fxgl.app.services.UpdaterService
14:49:33.686 [FXGL Background Thread 3 ] DEBUG Engine               - class com.almasb.fxgl.dev.DevService
14:49:33.969 [JavaFX Application Thread] DEBUG GameWorld            - Game world initialized
14:49:33.970 [JavaFX Application Thread] DEBUG PhysicsWorld         - Physics world initialized: appHeight=720, physics.ppm=50.0
14:49:33.970 [JavaFX Application Thread] DEBUG PhysicsWorld         - Using strategy: BRUTE_FORCE
14:49:33.970 [JavaFX Application Thread] DEBUG GameScene            - Game scene initialized: 1280x720
14:49:33.985 [JavaFX Application Thread] DEBUG PrimaryStageWindow   - Push state: MainMenuScene
14:49:33.988 [JavaFX Application Thread] DEBUG Input                - Clearing active input actions
14:49:33.989 [JavaFX Application Thread] DEBUG GameApplicationServi - Removing overlay from NameInputScene and adding to MainMenuScene
14:49:33.990 [JavaFX Application Thread] DEBUG PrimaryStageWindow   - NameInputScene -> MainMenuScene
14:49:34.583 [JavaFX Application Thread] DEBUG GameApplicationServi - Starting new game
14:49:34.584 [JavaFX Application Thread] DEBUG PrimaryStageWindow   - Pop state: MainMenuScene
14:49:34.584 [JavaFX Application Thread] DEBUG Input                - Clearing active input actions
14:49:34.584 [JavaFX Application Thread] DEBUG GameApplicationServi - Removing overlay from MainMenuScene and adding to NameInputScene
14:49:34.585 [JavaFX Application Thread] DEBUG PrimaryStageWindow   - NameInputScene <- MainMenuScene
14:49:34.585 [JavaFX Application Thread] DEBUG PrimaryStageWindow   - Pop state: NameInputScene
14:49:34.585 [JavaFX Application Thread] DEBUG Input                - Clearing active input actions
14:49:34.585 [JavaFX Application Thread] DEBUG GameApplicationServi - Removing overlay from NameInputScene and adding to FXGLMainMenuDummyScene
14:49:34.585 [JavaFX Application Thread] DEBUG PrimaryStageWindow   - FXGLMainMenuDummyScene <- NameInputScene
14:49:34.585 [JavaFX Application Thread] DEBUG Input                - Clearing active input actions
14:49:34.591 [JavaFX Application Thread] DEBUG GameApplicationServi - Removing overlay from FXGLMainMenuDummyScene and adding to FXGLLoadingScene
14:49:34.591 [JavaFX Application Thread] DEBUG PrimaryStageWindow   - FXGLMainMenuDummyScene -> FXGLLoadingScene
14:49:34.591 [JavaFX Application Thread] DEBUG GameApplicationServi - Clearing previous game
14:49:34.591 [JavaFX Application Thread] DEBUG GameScene            - Clearing game scene
14:49:34.591 [JavaFX Application Thread] DEBUG GameWorld            - Clearing game world
14:49:34.591 [JavaFX Application Thread] DEBUG PhysicsWorld         - Clearing physics world
14:49:34.593 [FXGL Background Thread 2 ] DEBUG FXGLApplication      - Initializing game
14:49:34.605 [FXGL Background Thread 2 ] DEBUG FXGLAssetLoaderServi - Loading from file system: file:/F:/my%20files/School/2nd%20year%202nd%20sem/TheOnlyException/Test/target/classes/assets/textures/dasd.png
14:49:34.626 [FXGL Background Thread 2 ] DEBUG FXGLAssetLoaderServi - Loading from file system: file:/F:/my%20files/School/2nd%20year%202nd%20sem/TheOnlyException/Test/target/classes/assets/textures/player-scaled.png
14:49:34.681 [FXGL Background Thread 2 ] INFO  FXGLApplication      - Game initialization took: 0.088 sec
14:49:34.682 [JavaFX Application Thread] DEBUG Input                - Clearing active input actions
14:49:34.688 [JavaFX Application Thread] DEBUG GameApplicationServi - Removing overlay from FXGLLoadingScene and adding to GameScene
14:49:34.688 [JavaFX Application Thread] DEBUG PrimaryStageWindow   - FXGLLoadingScene -> GameScene
14:49:35.182 [JavaFX Application Thread] DEBUG FXGLAssetLoaderServi - Loading from file system: file:/F:/my%20files/School/2nd%20year%202nd%20sem/TheOnlyException/Test/target/classes/assets/textures/MaggotWalk-scaled.png
14:49:35.660 [JavaFX Application Thread] DEBUG FXGLAssetLoaderServi - Loading from file system: file:/F:/my%20files/School/2nd%20year%202nd%20sem/TheOnlyException/Test/target/classes/assets/textures/BeetleMove-scaled.png
14:49:35.663 [JavaFX Application Thread] DEBUG FXGLAssetLoaderServi - Loading from file system: file:/F:/my%20files/School/2nd%20year%202nd%20sem/TheOnlyException/Test/target/classes/assets/textures/DragonFly.png
14:49:35.885 [JavaFX Application Thread] DEBUG FXGLAssetLoaderServi - Loading from file system: file:/F:/my%20files/School/2nd%20year%202nd%20sem/TheOnlyException/Test/target/classes/assets/textures/BeeMove-scaled.png
14:49:36.117 [JavaFX Application Thread] DEBUG FXGLAssetLoaderServi - Loading from file system: file:/F:/my%20files/School/2nd%20year%202nd%20sem/TheOnlyException/Test/target/classes/assets/textures/MantisMove-scaled.png
14:49:38.123 [JavaFX Application Thread] DEBUG FXGLAssetLoaderServi - Loading from file system: file:/F:/my%20files/School/2nd%20year%202nd%20sem/TheOnlyException/Test/target/classes/assets/textures/GiantFly.png
14:49:39.346 [JavaFX Application Thread] DEBUG PrimaryStageWindow   - Push state: DialogSubScene
14:49:39.346 [JavaFX Application Thread] DEBUG Input                - Clearing active input actions
14:49:39.347 [JavaFX Application Thread] DEBUG GameApplicationServi - Removing overlay from GameScene and adding to DialogSubScene
14:49:39.347 [JavaFX Application Thread] DEBUG PrimaryStageWindow   - GameScene -> DialogSubScene
14:49:40.023 [JavaFX Application Thread] DEBUG PrimaryStageWindow   - Pop state: DialogSubScene
14:49:40.023 [JavaFX Application Thread] DEBUG Input                - Clearing active input actions
14:49:40.023 [JavaFX Application Thread] DEBUG GameApplicationServi - Removing overlay from DialogSubScene and adding to GameScene
14:49:40.023 [JavaFX Application Thread] DEBUG PrimaryStageWindow   - GameScene <- DialogSubScene
14:49:46.747 [JavaFX Application Thread] DEBUG LoopRunner           - Pausing loop
14:49:47.689 [JavaFX Application Thread] DEBUG LoopRunner           - Resuming loop
14:49:47.690 [JavaFX Application Thread] DEBUG GameWorld            - Game world initialized
14:49:47.690 [JavaFX Application Thread] DEBUG PhysicsWorld         - Physics world initialized: appHeight=720, physics.ppm=50.0
14:49:47.691 [JavaFX Application Thread] DEBUG PhysicsWorld         - Using strategy: BRUTE_FORCE
14:49:47.691 [JavaFX Application Thread] DEBUG GameScene            - Game scene initialized: 1280x720
14:49:47.696 [JavaFX Application Thread] DEBUG PrimaryStageWindow   - Push state: MainMenuScene
14:49:47.699 [JavaFX Application Thread] DEBUG Input                - Clearing active input actions
14:49:47.699 [JavaFX Application Thread] DEBUG GameApplicationServi - Removing overlay from GameScene and adding to MainMenuScene
14:49:47.700 [JavaFX Application Thread] DEBUG PrimaryStageWindow   - GameScene -> MainMenuScene
14:49:48.480 [JavaFX Application Thread] DEBUG GameApplicationServi - Starting new game
14:49:48.480 [JavaFX Application Thread] DEBUG PrimaryStageWindow   - Pop state: MainMenuScene
14:49:48.480 [JavaFX Application Thread] DEBUG Input                - Clearing active input actions
14:49:48.481 [JavaFX Application Thread] DEBUG GameApplicationServi - Removing overlay from MainMenuScene and adding to GameScene
14:49:48.481 [JavaFX Application Thread] DEBUG PrimaryStageWindow   - GameScene <- MainMenuScene
14:49:48.481 [JavaFX Application Thread] DEBUG Input                - Clearing active input actions
14:49:48.485 [JavaFX Application Thread] DEBUG GameApplicationServi - Removing overlay from GameScene and adding to FXGLLoadingScene
14:49:48.485 [JavaFX Application Thread] DEBUG PrimaryStageWindow   - GameScene -> FXGLLoadingScene
14:49:48.485 [JavaFX Application Thread] DEBUG GameApplicationServi - Clearing previous game
14:49:48.485 [JavaFX Application Thread] DEBUG GameScene            - Clearing game scene
14:49:48.485 [JavaFX Application Thread] DEBUG GameWorld            - Clearing game world
14:49:48.487 [JavaFX Application Thread] DEBUG PhysicsWorld         - Clearing physics world
14:49:48.487 [FXGL Background Thread 2 ] DEBUG FXGLApplication      - Initializing game
14:49:48.509 [FXGL Background Thread 2 ] INFO  FXGLApplication      - Game initialization took: 0.022 sec
14:49:48.514 [JavaFX Application Thread] DEBUG Input                - Clearing active input actions
14:49:48.517 [JavaFX Application Thread] DEBUG GameApplicationServi - Removing overlay from FXGLLoadingScene and adding to GameScene
14:49:48.517 [JavaFX Application Thread] DEBUG PrimaryStageWindow   - FXGLLoadingScene -> GameScene
14:49:50.347 [JavaFX Application Thread] DEBUG PrimaryStageWindow   - Push state: DialogSubScene
14:49:50.348 [JavaFX Application Thread] DEBUG Input                - Clearing active input actions
14:49:50.349 [JavaFX Application Thread] DEBUG GameApplicationServi - Removing overlay from GameScene and adding to DialogSubScene
14:49:50.349 [JavaFX Application Thread] DEBUG PrimaryStageWindow   - GameScene -> DialogSubScene
14:49:50.856 [JavaFX Application Thread] DEBUG PrimaryStageWindow   - Pop state: DialogSubScene
14:49:50.856 [JavaFX Application Thread] DEBUG Input                - Clearing active input actions
14:49:50.856 [JavaFX Application Thread] DEBUG GameApplicationServi - Removing overlay from DialogSubScene and adding to GameScene
14:49:50.856 [JavaFX Application Thread] DEBUG PrimaryStageWindow   - GameScene <- DialogSubScene
14:49:53.945 [JavaFX Application Thread] DEBUG PrimaryStageWindow   - Push state: DialogSubScene
14:49:53.945 [JavaFX Application Thread] DEBUG Input                - Clearing active input actions
14:49:53.945 [JavaFX Application Thread] DEBUG GameApplicationServi - Removing overlay from GameScene and adding to DialogSubScene
14:49:53.945 [JavaFX Application Thread] DEBUG PrimaryStageWindow   - GameScene -> DialogSubScene
14:49:54.520 [JavaFX Application Thread] DEBUG PrimaryStageWindow   - Pop state: DialogSubScene
14:49:54.520 [JavaFX Application Thread] DEBUG Input                - Clearing active input actions
14:49:54.520 [JavaFX Application Thread] DEBUG GameApplicationServi - Removing overlay from DialogSubScene and adding to GameScene
14:49:54.520 [JavaFX Application Thread] DEBUG PrimaryStageWindow   - GameScene <- DialogSubScene
14:50:01.189 [JavaFX Application Thread] DEBUG PrimaryStageWindow   - Push state: DialogSubScene
14:50:01.189 [JavaFX Application Thread] DEBUG Input                - Clearing active input actions
14:50:01.189 [JavaFX Application Thread] DEBUG GameApplicationServi - Removing overlay from GameScene and adding to DialogSubScene
14:50:01.189 [JavaFX Application Thread] DEBUG PrimaryStageWindow   - GameScene -> DialogSubScene
14:50:01.759 [JavaFX Application Thread] DEBUG PrimaryStageWindow   - Pop state: DialogSubScene
14:50:01.759 [JavaFX Application Thread] DEBUG Input                - Clearing active input actions
14:50:01.759 [JavaFX Application Thread] DEBUG GameApplicationServi - Removing overlay from DialogSubScene and adding to GameScene
14:50:01.759 [JavaFX Application Thread] DEBUG PrimaryStageWindow   - GameScene <- DialogSubScene
14:50:09.867 [JavaFX Application Thread] DEBUG FXGLApplication      - Exiting FXGL
14:50:09.867 [JavaFX Application Thread] DEBUG LoopRunner           - Stopping loop
14:50:09.867 [JavaFX Application Thread] DEBUG SystemBundleService  - Saving FXGL system data
14:50:09.869 [JavaFX Application Thread] DEBUG FileSystemAccess     - Writing to: F:\my files\School\2nd year 2nd sem\TheOnlyException\system\fxgl.bundle
14:50:09.935 [JavaFX Application Thread] DEBUG Async                - Shutting down background threads
14:50:09.935 [JavaFX Application Thread] DEBUG PrimaryStageWindow   - Closing main window
14:50:09.945 [JavaFX Application Thread] DEBUG Logger               - Closing Logger
