19:20:56.079 [main                     ] DEBUG Logger               - Configured Logger
19:20:56.082 [main                     ] DEBUG GameApplication      - Logging settings
Title: Prototype Game
Version: 0.1.5
Width: 1280
Height: 720
Fullscreen: false
Intro: false
Profiling: false
Single step:false
App Mode: DEVELOPER
Menu Key: ESCAPE
Stage Style: DECORATED
Scene Factory: class org.example.core.GameApp$1

19:20:56.192 [JavaFX Application Thread] DEBUG FXGLApplication      - Initializing FXGL
19:20:56.195 [JavaFX Application Thread] INFO  Engine               - FXGL-21+dev-SNAPSHOT (26.03.2024 19.46) on WINDOWS (J:24 FX:21.0.1)
19:20:56.195 [JavaFX Application Thread] DEBUG Engine               - JRE Vendor Name: Oracle Corporation
19:20:56.195 [JavaFX Application Thread] DEBUG Engine               - Running on OS: Windows 11 version 10.0
19:20:56.195 [JavaFX Application Thread] DEBUG Engine               - Architecture: amd64
19:20:56.195 [JavaFX Application Thread] INFO  Engine               - Source code and latest versions at: https://github.com/AlmasB/FXGL
19:20:56.195 [JavaFX Application Thread] INFO  Engine               -       Ask questions and discuss at: https://github.com/AlmasB/FXGL/discussions
19:20:56.195 [JavaFX Application Thread] INFO  Engine               -              Join the FXGL chat at: https://gitter.im/AlmasB/FXGL
19:20:56.278 [JavaFX Application Thread] DEBUG PrimaryStageWindow   - Creating a JavaFX scene
19:20:56.306 [JavaFX Application Thread] DEBUG PrimaryStageWindow   - Target settings size: 1280.0 x 720.0
19:20:56.307 [JavaFX Application Thread] DEBUG PrimaryStageWindow   - Scaled scene size:    1280.0 x 720.0
19:20:56.307 [JavaFX Application Thread] DEBUG PrimaryStageWindow   - Scaled ratio: (1.0, 1.0)
19:20:56.307 [JavaFX Application Thread] DEBUG PrimaryStageWindow   - Set initial scene to FXGLStartupScene
19:20:56.311 [JavaFX Application Thread] DEBUG PrimaryStageWindow   - Opening main window
19:20:56.396 [JavaFX Application Thread] DEBUG PrimaryStageWindow   - Window border size: (16.0, 39.0)
19:20:56.397 [JavaFX Application Thread] DEBUG PrimaryStageWindow   - Scaled size: 1280.0 x 720.0
19:20:56.397 [JavaFX Application Thread] DEBUG PrimaryStageWindow   - Scaled ratio: (1.0, 1.0)
19:20:56.397 [JavaFX Application Thread] DEBUG PrimaryStageWindow   - Scene size: 1280.0 x 720.0
19:20:56.397 [JavaFX Application Thread] DEBUG PrimaryStageWindow   - Stage size: 1296.0 x 759.0
19:20:56.403 [FXGL Background Thread 1 ] DEBUG Engine               - Initializing environment variables
19:20:56.455 [FXGL Background Thread 1 ] DEBUG FXGLAssetLoaderServi - User app class for loading assets: class org.example.core.GameApp
19:20:56.455 [FXGL Background Thread 1 ] DEBUG GameApplicationServi - Applying CSS: fxgl_dark.css
19:20:56.456 [FXGL Background Thread 1 ] DEBUG FXGLAssetLoaderServi - Loading from file system: jar:file:/C:/Users/primzcm/.m2/repository/com/github/almasb/fxgl/fxgl/21.1/fxgl-21.1.jar!/fxglassets/ui/css/fxgl_dark.css
19:20:56.501 [FXGL Background Thread 1 ] DEBUG GameApplicationServi - Initializing application scenes
19:20:56.529 [FXGL Background Thread 1 ] DEBUG GameWorld            - Game world initialized
19:20:56.587 [FXGL Background Thread 1 ] DEBUG PhysicsWorld         - Physics world initialized: appHeight=720, physics.ppm=50.0
19:20:56.587 [FXGL Background Thread 1 ] DEBUG PhysicsWorld         - Using strategy: BRUTE_FORCE
19:20:56.591 [FXGL Background Thread 1 ] DEBUG GameScene            - Game scene initialized: 1280x720
19:20:56.810 [FXGL Background Thread 1 ] DEBUG GameApplicationServi - Application scenes initialized
19:20:56.824 [FXGL Background Thread 1 ] DEBUG SystemBundleService  - Loading FXGL system data
19:20:56.827 [FXGL Background Thread 1 ] DEBUG FileSystemAccess     - Reading from: F:\my files\School\2nd year 2nd sem\TheOnlyException\system\fxgl.bundle
19:20:56.831 [FXGL Background Thread 1 ] DEBUG SystemBundleService  - Bundle FXGL: {}
19:20:56.831 [FXGL Background Thread 1 ] DEBUG UpdaterService       - Checking for updates
19:20:56.835 [FXGL Background Thread 4 ] DEBUG FXGLApplication      - Loading fonts
19:20:56.836 [FXGL Background Thread 4 ] DEBUG FXGLAssetLoaderServi - Loading from file system: jar:file:/C:/Users/primzcm/.m2/repository/com/github/almasb/fxgl/fxgl/21.1/fxgl-21.1.jar!/fxglassets/ui/fonts/VarelaRound-Regular.ttf
19:20:56.836 [FXGL Background Thread 1 ] DEBUG FXGLApplication      - Loading default localization
19:20:56.837 [FXGL Background Thread 1 ] DEBUG FXGLAssetLoaderServi - Loading from file system: jar:file:/C:/Users/primzcm/.m2/repository/com/github/almasb/fxgl/fxgl/21.1/fxgl-21.1.jar!/fxglassets/languages/english.lang
19:20:56.839 [FXGL Background Thread 4 ] DEBUG FXGLAssetLoaderServi - Loading from file system: jar:file:/C:/Users/primzcm/.m2/repository/com/github/almasb/fxgl/fxgl/21.1/fxgl-21.1.jar!/fxglassets/ui/fonts/Abel-Regular.ttf
19:20:56.841 [FXGL Background Thread 4 ] DEBUG FXGLAssetLoaderServi - Loading from file system: jar:file:/C:/Users/primzcm/.m2/repository/com/github/almasb/fxgl/fxgl/21.1/fxgl-21.1.jar!/fxglassets/ui/fonts/TerminalLandMono-Regular.otf
19:20:56.842 [FXGL Background Thread 4 ] DEBUG FXGLAssetLoaderServi - Loading from file system: jar:file:/C:/Users/primzcm/.m2/repository/com/github/almasb/fxgl/fxgl/21.1/fxgl-21.1.jar!/fxglassets/ui/fonts/Courier-Prime.ttf
19:20:56.848 [JavaFX Application Thread] DEBUG FXGLApplication      - Registering font factories with UI factory
19:20:56.856 [FXGL Background Thread 1 ] INFO  FXGLApplication      - FXGL initialization took: 0.453 sec
19:20:56.866 [JavaFX Application Thread] DEBUG Input                - Registered new binding: action0 - A
19:20:56.866 [JavaFX Application Thread] DEBUG Input                - Registered new binding: action1 - D
19:20:56.867 [JavaFX Application Thread] DEBUG Input                - Registered new binding: action2 - W
19:20:56.867 [JavaFX Application Thread] DEBUG Input                - Registered new binding: action3 - S
19:20:56.867 [JavaFX Application Thread] DEBUG FXGLAssetLoaderServi - Loading from file system: jar:file:/C:/Users/primzcm/.m2/repository/com/github/almasb/fxgl/fxgl/21.1/fxgl-21.1.jar!/fxglassets/textures/fxgl_icon.png
19:20:56.946 [JavaFX Application Thread] DEBUG FXGLAssetLoaderServi - Loading from file system: jar:file:/C:/Users/primzcm/.m2/repository/com/github/almasb/fxgl/fxgl/21.1/fxgl-21.1.jar!/fxglassets/textures/fxgl_default_cursor.png
19:20:56.949 [JavaFX Application Thread] DEBUG Input                - Registered new binding: Screenshot - CTRL+8
19:20:56.949 [JavaFX Application Thread] DEBUG Input                - Registered new binding: System info dump - CTRL+9
19:20:56.949 [JavaFX Application Thread] DEBUG Input                - Registered new binding: Restart - CTRL+R
19:20:56.951 [JavaFX Application Thread] DEBUG Input                - Registered new binding: Toggle Debug Camera - CTRL+7
19:20:56.956 [JavaFX Application Thread] DEBUG LoopRunner           - Starting loop
19:20:56.956 [JavaFX Application Thread] DEBUG LoopRunner           - Initializing JavaFX AnimationTimerLoop
19:20:56.958 [JavaFX Application Thread] DEBUG Input                - Clearing active input actions
19:20:56.964 [JavaFX Application Thread] DEBUG GameApplicationServi - Removing overlay from FXGLStartupScene and adding to FXGLMainMenuDummyScene
19:20:56.965 [JavaFX Application Thread] DEBUG PrimaryStageWindow   - FXGLStartupScene -> FXGLMainMenuDummyScene
19:20:56.965 [JavaFX Application Thread] DEBUG PrimaryStageWindow   - Push state: LoginScene
19:20:56.965 [JavaFX Application Thread] DEBUG Input                - Clearing active input actions
19:20:56.986 [JavaFX Application Thread] DEBUG GameApplicationServi - Removing overlay from FXGLMainMenuDummyScene and adding to LoginScene
19:20:56.986 [JavaFX Application Thread] DEBUG PrimaryStageWindow   - FXGLMainMenuDummyScene -> LoginScene
19:20:57.218 [FXGL Background Thread 2 ] INFO  UpdaterService       - Your current version:  21+dev-SNAPSHOT
19:20:57.218 [FXGL Background Thread 2 ] INFO  UpdaterService       - Latest stable version: 21.1
19:20:59.835 [FXGL Background Thread 3 ] DEBUG Engine               - Logging environment variables
19:20:59.835 [FXGL Background Thread 3 ] DEBUG Engine               - achievements: []
19:20:59.835 [FXGL Background Thread 3 ] DEBUG Engine               - actualHeight: 720.0
19:20:59.835 [FXGL Background Thread 3 ] DEBUG Engine               - actualHeightProperty: ReadOnlyDoubleProperty [value: 720.0]
19:20:59.835 [FXGL Background Thread 3 ] DEBUG Engine               - actualWidth: 1280.0
19:20:59.835 [FXGL Background Thread 3 ] DEBUG Engine               - actualWidthProperty: ReadOnlyDoubleProperty [value: 1280.0]
19:20:59.835 [FXGL Background Thread 3 ] DEBUG Engine               - appIcon: fxgl_icon.png
19:20:59.835 [FXGL Background Thread 3 ] DEBUG Engine               - applicationMode: DEVELOPER
19:20:59.835 [FXGL Background Thread 3 ] DEBUG Engine               - cSSList: [fxgl_dark.css]
19:20:59.835 [FXGL Background Thread 3 ] DEBUG Engine               - collisionDetectionStrategy: BRUTE_FORCE
19:20:59.835 [FXGL Background Thread 3 ] DEBUG Engine               - configClass: Optional.empty
19:20:59.835 [FXGL Background Thread 3 ] DEBUG Engine               - credits: []
19:20:59.837 [FXGL Background Thread 3 ] DEBUG Engine               - defaultCursor: CursorInfo(imageName=fxgl_default_cursor.png, hotspotX=7.0, hotspotY=6.0)
19:20:59.837 [FXGL Background Thread 3 ] DEBUG Engine               - devBBoxColorProperty: ObjectProperty [value: 0xff0000ff]
19:20:59.837 [FXGL Background Thread 3 ] DEBUG Engine               - devEnableDebugCameraProperty: BooleanProperty [value: false]
19:20:59.837 [FXGL Background Thread 3 ] DEBUG Engine               - devSensorColorProperty: ObjectProperty [value: 0xffff00ff]
19:20:59.837 [FXGL Background Thread 3 ] DEBUG Engine               - devShowBBoxProperty: BooleanProperty [value: false]
19:20:59.837 [FXGL Background Thread 3 ] DEBUG Engine               - devShowPositionProperty: BooleanProperty [value: false]
19:20:59.837 [FXGL Background Thread 3 ] DEBUG Engine               - enabledMenuItems: []
19:20:59.837 [FXGL Background Thread 3 ] DEBUG Engine               - engineServices: [class com.almasb.fxgl.app.services.FXGLAssetLoaderService, class com.almasb.fxgl.app.FXGLApplication$GameApplicationService, class com.almasb.fxgl.app.services.FXGLDialogService, class com.almasb.fxgl.app.services.IOTaskExecutorService, class com.almasb.fxgl.io.FileSystemService, class com.almasb.fxgl.localization.LocalizationService, class com.almasb.fxgl.app.services.SystemBundleService, class com.almasb.fxgl.profile.SaveLoadService, class com.almasb.fxgl.ui.FXGLUIFactoryServiceProvider, class com.almasb.fxgl.ui.FXGLDialogFactoryServiceProvider, class com.almasb.fxgl.audio.AudioPlayer, class com.almasb.fxgl.notification.impl.NotificationServiceProvider, class com.almasb.fxgl.achievement.AchievementService, class com.almasb.fxgl.cutscene.CutsceneService, class com.almasb.fxgl.minigames.MiniGameService, class com.almasb.fxgl.net.NetService, class com.almasb.fxgl.app.services.UpdaterService, class com.almasb.fxgl.dev.DevService]
19:20:59.837 [FXGL Background Thread 3 ] DEBUG Engine               - fontGame: Abel-Regular.ttf
19:20:59.837 [FXGL Background Thread 3 ] DEBUG Engine               - fontMono: TerminalLandMono-Regular.otf
19:20:59.837 [FXGL Background Thread 3 ] DEBUG Engine               - fontSizeScaleUI: 1.0
19:20:59.837 [FXGL Background Thread 3 ] DEBUG Engine               - fontText: Courier-Prime.ttf
19:20:59.837 [FXGL Background Thread 3 ] DEBUG Engine               - fontUI: VarelaRound-Regular.ttf
19:20:59.837 [FXGL Background Thread 3 ] DEBUG Engine               - fullScreen: BooleanProperty [value: false]
19:20:59.837 [FXGL Background Thread 3 ] DEBUG Engine               - gameDifficulty: MEDIUM
19:20:59.837 [FXGL Background Thread 3 ] DEBUG Engine               - gameDifficultyProperty: ObjectProperty [value: MEDIUM]
19:20:59.837 [FXGL Background Thread 3 ] DEBUG Engine               - globalMusicVolume: 0.5
19:20:59.838 [FXGL Background Thread 3 ] DEBUG Engine               - globalMusicVolumeProperty: DoubleProperty [value: 0.5]
19:20:59.838 [FXGL Background Thread 3 ] DEBUG Engine               - globalSoundVolume: 0.5
19:20:59.838 [FXGL Background Thread 3 ] DEBUG Engine               - globalSoundVolumeProperty: DoubleProperty [value: 0.5]
19:20:59.838 [FXGL Background Thread 3 ] DEBUG Engine               - height: 720
19:20:59.838 [FXGL Background Thread 3 ] DEBUG Engine               - is3D: false
19:20:59.838 [FXGL Background Thread 3 ] DEBUG Engine               - isAndroid: false
19:20:59.838 [FXGL Background Thread 3 ] DEBUG Engine               - isBrowser: false
19:20:59.838 [FXGL Background Thread 3 ] DEBUG Engine               - isClickFeedbackEnabled: false
19:20:59.838 [FXGL Background Thread 3 ] DEBUG Engine               - isCloseConfirmation: false
19:20:59.838 [FXGL Background Thread 3 ] DEBUG Engine               - isDesktop: true
19:20:59.838 [FXGL Background Thread 3 ] DEBUG Engine               - isDeveloperMenuEnabled: false
19:20:59.838 [FXGL Background Thread 3 ] DEBUG Engine               - isEmbedded: false
19:20:59.838 [FXGL Background Thread 3 ] DEBUG Engine               - isEntityPreloadEnabled: true
19:20:59.838 [FXGL Background Thread 3 ] DEBUG Engine               - isExperimentalTiledLargeMap: false
19:20:59.838 [FXGL Background Thread 3 ] DEBUG Engine               - isFileSystemWriteAllowed: true
19:20:59.838 [FXGL Background Thread 3 ] DEBUG Engine               - isFullScreenAllowed: false
19:20:59.838 [FXGL Background Thread 3 ] DEBUG Engine               - isFullScreenFromStart: false
19:20:59.838 [FXGL Background Thread 3 ] DEBUG Engine               - isGameMenuEnabled: false
19:20:59.838 [FXGL Background Thread 3 ] DEBUG Engine               - isIOS: false
19:20:59.838 [FXGL Background Thread 3 ] DEBUG Engine               - isIntroEnabled: false
19:20:59.838 [FXGL Background Thread 3 ] DEBUG Engine               - isLinux: false
19:20:59.838 [FXGL Background Thread 3 ] DEBUG Engine               - isMac: false
19:20:59.838 [FXGL Background Thread 3 ] DEBUG Engine               - isMainMenuEnabled: true
19:20:59.838 [FXGL Background Thread 3 ] DEBUG Engine               - isManualResizeEnabled: false
19:20:59.838 [FXGL Background Thread 3 ] DEBUG Engine               - isMobile: false
19:20:59.838 [FXGL Background Thread 3 ] DEBUG Engine               - isNative: false
19:20:59.838 [FXGL Background Thread 3 ] DEBUG Engine               - isPauseMusicWhenMinimized: true
19:20:59.838 [FXGL Background Thread 3 ] DEBUG Engine               - isPreserveResizeRatio: false
19:20:59.838 [FXGL Background Thread 3 ] DEBUG Engine               - isProfilingEnabled: false
19:20:59.838 [FXGL Background Thread 3 ] DEBUG Engine               - isScaleAffectedOnResize: true
19:20:59.838 [FXGL Background Thread 3 ] DEBUG Engine               - isSingleStep: false
19:20:59.839 [FXGL Background Thread 3 ] DEBUG Engine               - isUserProfileEnabled: false
19:20:59.839 [FXGL Background Thread 3 ] DEBUG Engine               - isWindows: true
19:20:59.839 [FXGL Background Thread 3 ] DEBUG Engine               - language: ObjectProperty [value: ENGLISH]
19:20:59.839 [FXGL Background Thread 3 ] DEBUG Engine               - menuKey: ESCAPE
19:20:59.839 [FXGL Background Thread 3 ] DEBUG Engine               - mouseSensitivity: 0.2
19:20:59.839 [FXGL Background Thread 3 ] DEBUG Engine               - notificationViewClass: class com.almasb.fxgl.notification.view.XboxNotificationView
19:20:59.839 [FXGL Background Thread 3 ] DEBUG Engine               - pixelsPerMeter: 50.0
19:20:59.839 [FXGL Background Thread 3 ] DEBUG Engine               - platform: WINDOWS
19:20:59.839 [FXGL Background Thread 3 ] DEBUG Engine               - prefHeightProperty: ReadOnlyDoubleProperty [value: 720.0]
19:20:59.839 [FXGL Background Thread 3 ] DEBUG Engine               - prefWidthProperty: ReadOnlyDoubleProperty [value: 1280.0]
19:20:59.839 [FXGL Background Thread 3 ] DEBUG Engine               - profileDir: profiles/
19:20:59.839 [FXGL Background Thread 3 ] DEBUG Engine               - profileName: StringProperty [value: DEFAULT]
19:20:59.839 [FXGL Background Thread 3 ] DEBUG Engine               - randomSeed: -1
19:20:59.839 [FXGL Background Thread 3 ] DEBUG Engine               - runtimeInfo: RuntimeInfo(platform=WINDOWS, version=21+dev-SNAPSHOT, build=26.03.2024 19.46)
19:20:59.839 [FXGL Background Thread 3 ] DEBUG Engine               - saveFileExt: sav
19:20:59.839 [FXGL Background Thread 3 ] DEBUG Engine               - scaledHeightProp$fxgl: DoubleProperty [bound, value: 720.0]
19:20:59.839 [FXGL Background Thread 3 ] DEBUG Engine               - scaledWidthProp$fxgl: DoubleProperty [bound, value: 1280.0]
19:20:59.839 [FXGL Background Thread 3 ] DEBUG Engine               - sceneFactory: org.example.core.GameApp$1@11f5f63
19:20:59.839 [FXGL Background Thread 3 ] DEBUG Engine               - secondsIn24h: 60
19:20:59.839 [FXGL Background Thread 3 ] DEBUG Engine               - soundMenuBack: menu/back.wav
19:20:59.839 [FXGL Background Thread 3 ] DEBUG Engine               - soundMenuPress: menu/press.wav
19:20:59.839 [FXGL Background Thread 3 ] DEBUG Engine               - soundMenuSelect: menu/select.wav
19:20:59.839 [FXGL Background Thread 3 ] DEBUG Engine               - soundNotification: core/notification.wav
19:20:59.839 [FXGL Background Thread 3 ] DEBUG Engine               - stageStyle: DECORATED
19:20:59.839 [FXGL Background Thread 3 ] DEBUG Engine               - supportedLanguages: [ENGLISH, FRENCH, GERMAN, HUNGARIAN, RUSSIAN]
19:20:59.839 [FXGL Background Thread 3 ] DEBUG Engine               - ticksPerSecond: -1
19:20:59.839 [FXGL Background Thread 3 ] DEBUG Engine               - title: Prototype Game
19:20:59.839 [FXGL Background Thread 3 ] DEBUG Engine               - urlGithub: https://github.com/AlmasB/FXGL
19:20:59.839 [FXGL Background Thread 3 ] DEBUG Engine               - urlLeaderboard: http://fxgl-top.herokuapp.com/
19:20:59.839 [FXGL Background Thread 3 ] DEBUG Engine               - urlPOM: https://raw.githubusercontent.com/AlmasB/FXGL/release/README.md
19:20:59.839 [FXGL Background Thread 3 ] DEBUG Engine               - userAppClass: class org.example.core.GameApp
19:20:59.839 [FXGL Background Thread 3 ] DEBUG Engine               - version: 0.1.5
19:20:59.839 [FXGL Background Thread 3 ] DEBUG Engine               - versionCheckDays: 7
19:20:59.839 [FXGL Background Thread 3 ] DEBUG Engine               - width: 1280
19:20:59.839 [FXGL Background Thread 3 ] DEBUG Engine               - Logging services
19:20:59.839 [FXGL Background Thread 3 ] DEBUG Engine               - class com.almasb.fxgl.app.services.FXGLAssetLoaderService
19:20:59.839 [FXGL Background Thread 3 ] DEBUG Engine               - class com.almasb.fxgl.app.FXGLApplication$GameApplicationService
19:20:59.839 [FXGL Background Thread 3 ] DEBUG Engine               - class com.almasb.fxgl.app.services.FXGLDialogService
19:20:59.839 [FXGL Background Thread 3 ] DEBUG Engine               - class com.almasb.fxgl.app.services.IOTaskExecutorService
19:20:59.839 [FXGL Background Thread 3 ] DEBUG Engine               - class com.almasb.fxgl.io.FileSystemService
19:20:59.839 [FXGL Background Thread 3 ] DEBUG Engine               - class com.almasb.fxgl.localization.LocalizationService
19:20:59.840 [FXGL Background Thread 3 ] DEBUG Engine               - class com.almasb.fxgl.app.services.SystemBundleService
19:20:59.840 [FXGL Background Thread 3 ] DEBUG Engine               - class com.almasb.fxgl.profile.SaveLoadService
19:20:59.840 [FXGL Background Thread 3 ] DEBUG Engine               - class com.almasb.fxgl.ui.FXGLUIFactoryServiceProvider
19:20:59.840 [FXGL Background Thread 3 ] DEBUG Engine               - class com.almasb.fxgl.ui.FXGLDialogFactoryServiceProvider
19:20:59.840 [FXGL Background Thread 3 ] DEBUG Engine               - class com.almasb.fxgl.audio.AudioPlayer
19:20:59.840 [FXGL Background Thread 3 ] DEBUG Engine               - class com.almasb.fxgl.notification.impl.NotificationServiceProvider
19:20:59.840 [FXGL Background Thread 3 ] DEBUG Engine               - class com.almasb.fxgl.achievement.AchievementService
19:20:59.840 [FXGL Background Thread 3 ] DEBUG Engine               - class com.almasb.fxgl.cutscene.CutsceneService
19:20:59.840 [FXGL Background Thread 3 ] DEBUG Engine               - class com.almasb.fxgl.minigames.MiniGameService
19:20:59.840 [FXGL Background Thread 3 ] DEBUG Engine               - class com.almasb.fxgl.net.NetService
19:20:59.840 [FXGL Background Thread 3 ] DEBUG Engine               - class com.almasb.fxgl.app.services.UpdaterService
19:20:59.840 [FXGL Background Thread 3 ] DEBUG Engine               - class com.almasb.fxgl.dev.DevService
19:20:59.936 [JavaFX Application Thread] DEBUG GameWorld            - Game world initialized
19:20:59.937 [JavaFX Application Thread] DEBUG PhysicsWorld         - Physics world initialized: appHeight=720, physics.ppm=50.0
19:20:59.937 [JavaFX Application Thread] DEBUG PhysicsWorld         - Using strategy: BRUTE_FORCE
19:20:59.938 [JavaFX Application Thread] DEBUG GameScene            - Game scene initialized: 1280x720
19:20:59.961 [JavaFX Application Thread] DEBUG PrimaryStageWindow   - Push state: MainMenuScene
19:20:59.964 [JavaFX Application Thread] DEBUG Input                - Clearing active input actions
19:20:59.966 [JavaFX Application Thread] DEBUG GameApplicationServi - Removing overlay from LoginScene and adding to MainMenuScene
19:20:59.966 [JavaFX Application Thread] DEBUG PrimaryStageWindow   - LoginScene -> MainMenuScene
19:20:59.967 [JavaFX Application Thread] DEBUG GameWorld            - Game world initialized
19:20:59.968 [JavaFX Application Thread] DEBUG PhysicsWorld         - Physics world initialized: appHeight=720, physics.ppm=50.0
19:20:59.968 [JavaFX Application Thread] DEBUG PhysicsWorld         - Using strategy: BRUTE_FORCE
19:20:59.969 [JavaFX Application Thread] DEBUG GameScene            - Game scene initialized: 1280x720
19:20:59.989 [JavaFX Application Thread] DEBUG PrimaryStageWindow   - Push state: MainMenuScene
19:20:59.994 [JavaFX Application Thread] DEBUG Input                - Clearing active input actions
19:20:59.995 [JavaFX Application Thread] DEBUG GameApplicationServi - Removing overlay from MainMenuScene and adding to MainMenuScene
19:20:59.995 [JavaFX Application Thread] DEBUG PrimaryStageWindow   - MainMenuScene -> MainMenuScene
19:21:00.455 [JavaFX Application Thread] DEBUG GameApplicationServi - Starting new game
19:21:00.456 [JavaFX Application Thread] DEBUG PrimaryStageWindow   - Pop state: MainMenuScene
19:21:00.456 [JavaFX Application Thread] DEBUG Input                - Clearing active input actions
19:21:00.457 [JavaFX Application Thread] DEBUG GameApplicationServi - Removing overlay from MainMenuScene and adding to MainMenuScene
19:21:00.457 [JavaFX Application Thread] DEBUG PrimaryStageWindow   - MainMenuScene <- MainMenuScene
19:21:00.457 [JavaFX Application Thread] DEBUG PrimaryStageWindow   - Pop state: MainMenuScene
19:21:00.457 [JavaFX Application Thread] DEBUG Input                - Clearing active input actions
19:21:00.458 [JavaFX Application Thread] DEBUG GameApplicationServi - Removing overlay from MainMenuScene and adding to LoginScene
19:21:00.458 [JavaFX Application Thread] DEBUG PrimaryStageWindow   - LoginScene <- MainMenuScene
19:21:00.547 [JavaFX Application Thread] DEBUG PrimaryStageWindow   - Pop state: LoginScene
19:21:00.547 [JavaFX Application Thread] DEBUG Input                - Clearing active input actions
19:21:00.548 [JavaFX Application Thread] DEBUG GameApplicationServi - Removing overlay from LoginScene and adding to FXGLMainMenuDummyScene
19:21:00.548 [JavaFX Application Thread] DEBUG PrimaryStageWindow   - FXGLMainMenuDummyScene <- LoginScene
19:21:00.548 [JavaFX Application Thread] DEBUG Input                - Clearing active input actions
19:21:00.561 [JavaFX Application Thread] DEBUG GameApplicationServi - Removing overlay from FXGLMainMenuDummyScene and adding to FXGLLoadingScene
19:21:00.561 [JavaFX Application Thread] DEBUG PrimaryStageWindow   - FXGLMainMenuDummyScene -> FXGLLoadingScene
19:21:00.562 [JavaFX Application Thread] DEBUG GameApplicationServi - Clearing previous game
19:21:00.562 [JavaFX Application Thread] DEBUG GameScene            - Clearing game scene
19:21:00.562 [JavaFX Application Thread] DEBUG GameWorld            - Clearing game world
19:21:00.562 [JavaFX Application Thread] DEBUG PhysicsWorld         - Clearing physics world
19:21:00.563 [FXGL Background Thread 2 ] DEBUG FXGLApplication      - Initializing game
19:21:00.571 [FXGL Background Thread 2 ] DEBUG FXGLAssetLoaderServi - Loading from file system: file:/F:/my%20files/School/2nd%20year%202nd%20sem/TheOnlyException/Test/target/classes/assets/textures/worlda.png
19:21:00.629 [FXGL Background Thread 2 ] DEBUG FXGLAssetLoaderServi - Loading from file system: file:/F:/my%20files/School/2nd%20year%202nd%20sem/TheOnlyException/Test/target/classes/assets/textures/player-scaled.png
19:21:00.672 [FXGL Background Thread 2 ] INFO  FXGLApplication      - Game initialization took: 0.110 sec
19:21:00.673 [JavaFX Application Thread] DEBUG Input                - Clearing active input actions
19:21:00.681 [JavaFX Application Thread] DEBUG GameApplicationServi - Removing overlay from FXGLLoadingScene and adding to GameScene
19:21:00.681 [JavaFX Application Thread] DEBUG PrimaryStageWindow   - FXGLLoadingScene -> GameScene
19:21:01.240 [JavaFX Application Thread] DEBUG FXGLAssetLoaderServi - Loading from file system: file:/F:/my%20files/School/2nd%20year%202nd%20sem/TheOnlyException/Test/target/classes/assets/textures/MaggotWalk-scaled.png
19:21:01.245 [JavaFX Application Thread] DEBUG FXGLAssetLoaderServi - Loading from file system: file:/F:/my%20files/School/2nd%20year%202nd%20sem/TheOnlyException/Test/target/classes/assets/textures/BeetleMove-scaled.png
19:21:01.247 [JavaFX Application Thread] DEBUG FXGLAssetLoaderServi - Loading from file system: file:/F:/my%20files/School/2nd%20year%202nd%20sem/TheOnlyException/Test/target/classes/assets/textures/MantisMove-scaled.png
19:21:01.248 [JavaFX Application Thread] DEBUG FXGLAssetLoaderServi - Loading from file system: file:/F:/my%20files/School/2nd%20year%202nd%20sem/TheOnlyException/Test/target/classes/assets/textures/BeeMove-scaled.png
19:21:01.249 [JavaFX Application Thread] DEBUG FXGLAssetLoaderServi - Loading from file system: file:/F:/my%20files/School/2nd%20year%202nd%20sem/TheOnlyException/Test/target/classes/assets/textures/GiantFly.png
19:21:01.251 [JavaFX Application Thread] DEBUG FXGLAssetLoaderServi - Loading from file system: file:/F:/my%20files/School/2nd%20year%202nd%20sem/TheOnlyException/Test/target/classes/assets/textures/DragonFly.png
19:21:06.423 [JavaFX Application Thread] DEBUG FXGLAssetLoaderServi - Loading from file system: file:/F:/my%20files/School/2nd%20year%202nd%20sem/TheOnlyException/Test/target/classes/assets/textures/firewallshield.png
19:21:06.440 [JavaFX Application Thread] DEBUG FXGLAssetLoaderServi - Loading from file system: file:/F:/my%20files/School/2nd%20year%202nd%20sem/TheOnlyException/Test/target/classes/assets/textures/realtimedefense.png
19:21:06.458 [JavaFX Application Thread] DEBUG FXGLAssetLoaderServi - Loading from file system: file:/F:/my%20files/School/2nd%20year%202nd%20sem/TheOnlyException/Test/target/classes/assets/textures/smolderprotocol.png
19:21:06.487 [JavaFX Application Thread] DEBUG FXGLAssetLoaderServi - Loading from file system: file:/F:/my%20files/School/2nd%20year%202nd%20sem/TheOnlyException/Test/target/classes/assets/textures/systemrestore.png
19:21:06.502 [JavaFX Application Thread] DEBUG PrimaryStageWindow   - Push state: DialogSubScene
19:21:06.503 [JavaFX Application Thread] DEBUG Input                - Clearing active input actions
19:21:06.504 [JavaFX Application Thread] DEBUG GameApplicationServi - Removing overlay from GameScene and adding to DialogSubScene
19:21:06.504 [JavaFX Application Thread] DEBUG PrimaryStageWindow   - GameScene -> DialogSubScene
19:21:08.606 [JavaFX Application Thread] DEBUG PrimaryStageWindow   - Pop state: DialogSubScene
19:21:08.606 [JavaFX Application Thread] DEBUG Input                - Clearing active input actions
19:21:08.607 [JavaFX Application Thread] DEBUG GameApplicationServi - Removing overlay from DialogSubScene and adding to GameScene
19:21:08.607 [JavaFX Application Thread] DEBUG PrimaryStageWindow   - GameScene <- DialogSubScene
19:21:13.281 [JavaFX Application Thread] DEBUG FXGLAssetLoaderServi - Loading from file system: file:/F:/my%20files/School/2nd%20year%202nd%20sem/TheOnlyException/Test/target/classes/assets/textures/shortcircuit.png
19:21:13.301 [JavaFX Application Thread] DEBUG PrimaryStageWindow   - Push state: DialogSubScene
19:21:13.301 [JavaFX Application Thread] DEBUG Input                - Clearing active input actions
19:21:13.302 [JavaFX Application Thread] DEBUG GameApplicationServi - Removing overlay from GameScene and adding to DialogSubScene
19:21:13.302 [JavaFX Application Thread] DEBUG PrimaryStageWindow   - GameScene -> DialogSubScene
19:21:15.371 [JavaFX Application Thread] DEBUG PrimaryStageWindow   - Pop state: DialogSubScene
19:21:15.371 [JavaFX Application Thread] DEBUG Input                - Clearing active input actions
19:21:15.372 [JavaFX Application Thread] DEBUG GameApplicationServi - Removing overlay from DialogSubScene and adding to GameScene
19:21:15.372 [JavaFX Application Thread] DEBUG PrimaryStageWindow   - GameScene <- DialogSubScene
19:21:19.375 [JavaFX Application Thread] DEBUG PrimaryStageWindow   - Push state: DialogSubScene
19:21:19.375 [JavaFX Application Thread] DEBUG Input                - Clearing active input actions
19:21:19.375 [JavaFX Application Thread] DEBUG GameApplicationServi - Removing overlay from GameScene and adding to DialogSubScene
19:21:19.375 [JavaFX Application Thread] DEBUG PrimaryStageWindow   - GameScene -> DialogSubScene
19:21:21.796 [JavaFX Application Thread] DEBUG PrimaryStageWindow   - Pop state: DialogSubScene
19:21:21.796 [JavaFX Application Thread] DEBUG Input                - Clearing active input actions
19:21:21.796 [JavaFX Application Thread] DEBUG GameApplicationServi - Removing overlay from DialogSubScene and adding to GameScene
19:21:21.796 [JavaFX Application Thread] DEBUG PrimaryStageWindow   - GameScene <- DialogSubScene
19:21:26.977 [JavaFX Application Thread] DEBUG FXGLAssetLoaderServi - Loading from file system: file:/F:/my%20files/School/2nd%20year%202nd%20sem/TheOnlyException/Test/target/classes/assets/textures/datawipe.png
19:21:26.993 [JavaFX Application Thread] DEBUG PrimaryStageWindow   - Push state: DialogSubScene
19:21:26.993 [JavaFX Application Thread] DEBUG Input                - Clearing active input actions
19:21:26.994 [JavaFX Application Thread] DEBUG GameApplicationServi - Removing overlay from GameScene and adding to DialogSubScene
19:21:26.994 [JavaFX Application Thread] DEBUG PrimaryStageWindow   - GameScene -> DialogSubScene
19:21:29.120 [JavaFX Application Thread] DEBUG PrimaryStageWindow   - Pop state: DialogSubScene
19:21:29.121 [JavaFX Application Thread] DEBUG Input                - Clearing active input actions
19:21:29.121 [JavaFX Application Thread] DEBUG GameApplicationServi - Removing overlay from DialogSubScene and adding to GameScene
19:21:29.121 [JavaFX Application Thread] DEBUG PrimaryStageWindow   - GameScene <- DialogSubScene
19:21:29.121 [JavaFX Application Thread] DEBUG FXGLAssetLoaderServi - Loading from file system: file:/F:/my%20files/School/2nd%20year%202nd%20sem/TheOnlyException/Test/target/classes/assets/textures/realtimedefenseaura.png
19:21:34.768 [JavaFX Application Thread] DEBUG PrimaryStageWindow   - Push state: DialogSubScene
19:21:34.769 [JavaFX Application Thread] DEBUG Input                - Clearing active input actions
19:21:34.769 [JavaFX Application Thread] DEBUG GameApplicationServi - Removing overlay from GameScene and adding to DialogSubScene
19:21:34.769 [JavaFX Application Thread] DEBUG PrimaryStageWindow   - GameScene -> DialogSubScene
19:21:38.910 [JavaFX Application Thread] DEBUG PrimaryStageWindow   - Pop state: DialogSubScene
19:21:38.910 [JavaFX Application Thread] DEBUG Input                - Clearing active input actions
19:21:38.910 [JavaFX Application Thread] DEBUG GameApplicationServi - Removing overlay from DialogSubScene and adding to GameScene
19:21:38.910 [JavaFX Application Thread] DEBUG PrimaryStageWindow   - GameScene <- DialogSubScene
19:21:38.913 [JavaFX Application Thread] WARN  FXGLAssetLoaderServi - Asset "/assets/textures/particles/spark.png" was not found!
19:21:38.914 [JavaFX Application Thread] WARN  FXGLAssetLoaderServi - Failed to load RESIZABLE_IMAGE
19:21:50.056 [JavaFX Application Thread] DEBUG PrimaryStageWindow   - Push state: DialogSubScene
19:21:50.056 [JavaFX Application Thread] DEBUG Input                - Clearing active input actions
19:21:50.056 [JavaFX Application Thread] DEBUG GameApplicationServi - Removing overlay from GameScene and adding to DialogSubScene
19:21:50.056 [JavaFX Application Thread] DEBUG PrimaryStageWindow   - GameScene -> DialogSubScene
19:21:54.711 [JavaFX Application Thread] DEBUG PrimaryStageWindow   - Pop state: DialogSubScene
19:21:54.711 [JavaFX Application Thread] DEBUG Input                - Clearing active input actions
19:21:54.711 [JavaFX Application Thread] DEBUG GameApplicationServi - Removing overlay from DialogSubScene and adding to GameScene
19:21:54.711 [JavaFX Application Thread] DEBUG PrimaryStageWindow   - GameScene <- DialogSubScene
19:21:55.094 [JavaFX Application Thread] WARN  FXGLAssetLoaderServi - Asset "/assets/textures/particles/spark.png" was not found!
19:21:55.095 [JavaFX Application Thread] WARN  FXGLAssetLoaderServi - Failed to load RESIZABLE_IMAGE
19:21:55.575 [JavaFX Application Thread] DEBUG FXGLAssetLoaderServi - Loading from file system: file:/F:/my%20files/School/2nd%20year%202nd%20sem/TheOnlyException/Test/target/classes/assets/textures/datawipemine.png
19:21:59.075 [JavaFX Application Thread] DEBUG FXGLAssetLoaderServi - Loading from file system: file:/F:/my%20files/School/2nd%20year%202nd%20sem/TheOnlyException/Test/target/classes/assets/textures/datawipeexplosion.png
19:21:59.077 [JavaFX Application Thread] WARN  FXGLAssetLoaderServi - Asset "/assets/textures/orange_particle.png" was not found!
19:21:59.077 [JavaFX Application Thread] WARN  FXGLAssetLoaderServi - Failed to load IMAGE
19:22:01.079 [JavaFX Application Thread] WARN  FXGLAssetLoaderServi - Asset "/assets/textures/orange_particle.png" was not found!
19:22:01.079 [JavaFX Application Thread] WARN  FXGLAssetLoaderServi - Failed to load IMAGE
19:22:03.073 [JavaFX Application Thread] WARN  FXGLAssetLoaderServi - Asset "/assets/textures/orange_particle.png" was not found!
19:22:03.073 [JavaFX Application Thread] WARN  FXGLAssetLoaderServi - Failed to load IMAGE
19:22:05.072 [JavaFX Application Thread] WARN  FXGLAssetLoaderServi - Asset "/assets/textures/orange_particle.png" was not found!
19:22:05.072 [JavaFX Application Thread] WARN  FXGLAssetLoaderServi - Failed to load IMAGE
19:22:07.079 [JavaFX Application Thread] WARN  FXGLAssetLoaderServi - Asset "/assets/textures/orange_particle.png" was not found!
19:22:07.079 [JavaFX Application Thread] WARN  FXGLAssetLoaderServi - Failed to load IMAGE
19:22:08.082 [JavaFX Application Thread] WARN  FXGLAssetLoaderServi - Asset "/assets/textures/particles/spark.png" was not found!
19:22:08.082 [JavaFX Application Thread] WARN  FXGLAssetLoaderServi - Failed to load RESIZABLE_IMAGE
19:22:08.160 [JavaFX Application Thread] DEBUG PrimaryStageWindow   - Push state: DialogSubScene
19:22:08.160 [JavaFX Application Thread] DEBUG Input                - Clearing active input actions
19:22:08.161 [JavaFX Application Thread] DEBUG GameApplicationServi - Removing overlay from GameScene and adding to DialogSubScene
19:22:08.161 [JavaFX Application Thread] DEBUG PrimaryStageWindow   - GameScene -> DialogSubScene
19:22:08.816 [JavaFX Application Thread] DEBUG PrimaryStageWindow   - Pop state: DialogSubScene
19:22:08.816 [JavaFX Application Thread] DEBUG Input                - Clearing active input actions
19:22:08.816 [JavaFX Application Thread] DEBUG GameApplicationServi - Removing overlay from DialogSubScene and adding to GameScene
19:22:08.816 [JavaFX Application Thread] DEBUG PrimaryStageWindow   - GameScene <- DialogSubScene
19:22:08.958 [JavaFX Application Thread] DEBUG FXGLAssetLoaderServi - Loading from file system: file:/F:/my%20files/School/2nd%20year%202nd%20sem/TheOnlyException/Test/target/classes/assets/textures/smolder.png
19:22:09.665 [JavaFX Application Thread] WARN  FXGLAssetLoaderServi - Asset "/assets/textures/orange_particle.png" was not found!
19:22:09.665 [JavaFX Application Thread] WARN  FXGLAssetLoaderServi - Failed to load IMAGE
19:22:11.446 [JavaFX Application Thread] WARN  FXGLAssetLoaderServi - Asset "/assets/textures/orange_particle.png" was not found!
19:22:11.446 [JavaFX Application Thread] WARN  FXGLAssetLoaderServi - Failed to load IMAGE
19:22:13.447 [JavaFX Application Thread] WARN  FXGLAssetLoaderServi - Asset "/assets/textures/orange_particle.png" was not found!
19:22:13.447 [JavaFX Application Thread] WARN  FXGLAssetLoaderServi - Failed to load IMAGE
19:22:15.447 [JavaFX Application Thread] WARN  FXGLAssetLoaderServi - Asset "/assets/textures/orange_particle.png" was not found!
19:22:15.447 [JavaFX Application Thread] WARN  FXGLAssetLoaderServi - Failed to load IMAGE
19:22:17.443 [JavaFX Application Thread] WARN  FXGLAssetLoaderServi - Asset "/assets/textures/orange_particle.png" was not found!
19:22:17.443 [JavaFX Application Thread] WARN  FXGLAssetLoaderServi - Failed to load IMAGE
19:22:19.454 [JavaFX Application Thread] WARN  FXGLAssetLoaderServi - Asset "/assets/textures/orange_particle.png" was not found!
19:22:19.454 [JavaFX Application Thread] WARN  FXGLAssetLoaderServi - Failed to load IMAGE
19:22:21.459 [JavaFX Application Thread] WARN  FXGLAssetLoaderServi - Asset "/assets/textures/orange_particle.png" was not found!
19:22:21.459 [JavaFX Application Thread] WARN  FXGLAssetLoaderServi - Failed to load IMAGE
19:22:23.430 [JavaFX Application Thread] WARN  FXGLAssetLoaderServi - Asset "/assets/textures/particles/spark.png" was not found!
19:22:23.430 [JavaFX Application Thread] WARN  FXGLAssetLoaderServi - Failed to load RESIZABLE_IMAGE
19:22:23.459 [JavaFX Application Thread] WARN  FXGLAssetLoaderServi - Asset "/assets/textures/orange_particle.png" was not found!
19:22:23.459 [JavaFX Application Thread] WARN  FXGLAssetLoaderServi - Failed to load IMAGE
19:22:25.367 [JavaFX Application Thread] WARN  FXGLAssetLoaderServi - Asset "/assets/textures/particles/glassparticle.png" was not found!
19:22:25.367 [JavaFX Application Thread] WARN  FXGLAssetLoaderServi - Failed to load RESIZABLE_IMAGE
19:22:25.463 [JavaFX Application Thread] WARN  FXGLAssetLoaderServi - Asset "/assets/textures/orange_particle.png" was not found!
19:22:25.463 [JavaFX Application Thread] WARN  FXGLAssetLoaderServi - Failed to load IMAGE
19:22:27.469 [JavaFX Application Thread] WARN  FXGLAssetLoaderServi - Asset "/assets/textures/orange_particle.png" was not found!
19:22:27.469 [JavaFX Application Thread] WARN  FXGLAssetLoaderServi - Failed to load IMAGE
19:22:29.473 [JavaFX Application Thread] WARN  FXGLAssetLoaderServi - Asset "/assets/textures/orange_particle.png" was not found!
19:22:29.473 [JavaFX Application Thread] WARN  FXGLAssetLoaderServi - Failed to load IMAGE
19:22:31.478 [JavaFX Application Thread] WARN  FXGLAssetLoaderServi - Asset "/assets/textures/orange_particle.png" was not found!
19:22:31.478 [JavaFX Application Thread] WARN  FXGLAssetLoaderServi - Failed to load IMAGE
19:22:31.862 [JavaFX Application Thread] DEBUG PrimaryStageWindow   - Push state: DialogSubScene
19:22:31.862 [JavaFX Application Thread] DEBUG Input                - Clearing active input actions
19:22:31.862 [JavaFX Application Thread] DEBUG GameApplicationServi - Removing overlay from GameScene and adding to DialogSubScene
19:22:31.862 [JavaFX Application Thread] DEBUG PrimaryStageWindow   - GameScene -> DialogSubScene
19:22:35.443 [JavaFX Application Thread] DEBUG PrimaryStageWindow   - Pop state: DialogSubScene
19:22:35.443 [JavaFX Application Thread] DEBUG Input                - Clearing active input actions
19:22:35.443 [JavaFX Application Thread] DEBUG GameApplicationServi - Removing overlay from DialogSubScene and adding to GameScene
19:22:35.443 [JavaFX Application Thread] DEBUG PrimaryStageWindow   - GameScene <- DialogSubScene
19:22:36.055 [JavaFX Application Thread] WARN  FXGLAssetLoaderServi - Asset "/assets/textures/orange_particle.png" was not found!
19:22:36.055 [JavaFX Application Thread] WARN  FXGLAssetLoaderServi - Failed to load IMAGE
19:22:36.823 [JavaFX Application Thread] WARN  FXGLAssetLoaderServi - Asset "/assets/textures/orange_particle.png" was not found!
19:22:36.823 [JavaFX Application Thread] WARN  FXGLAssetLoaderServi - Failed to load IMAGE
19:22:38.070 [JavaFX Application Thread] WARN  FXGLAssetLoaderServi - Asset "/assets/textures/orange_particle.png" was not found!
19:22:38.071 [JavaFX Application Thread] WARN  FXGLAssetLoaderServi - Failed to load IMAGE
19:22:38.959 [JavaFX Application Thread] WARN  FXGLAssetLoaderServi - Asset "/assets/textures/particles/spark.png" was not found!
19:22:38.959 [JavaFX Application Thread] WARN  FXGLAssetLoaderServi - Failed to load RESIZABLE_IMAGE
19:22:40.016 [JavaFX Application Thread] WARN  FXGLAssetLoaderServi - Asset "/assets/textures/orange_particle.png" was not found!
19:22:40.017 [JavaFX Application Thread] WARN  FXGLAssetLoaderServi - Failed to load IMAGE
19:22:42.038 [JavaFX Application Thread] WARN  FXGLAssetLoaderServi - Asset "/assets/textures/orange_particle.png" was not found!
19:22:42.038 [JavaFX Application Thread] WARN  FXGLAssetLoaderServi - Failed to load IMAGE
19:22:44.038 [JavaFX Application Thread] WARN  FXGLAssetLoaderServi - Asset "/assets/textures/orange_particle.png" was not found!
19:22:44.038 [JavaFX Application Thread] WARN  FXGLAssetLoaderServi - Failed to load IMAGE
19:22:46.039 [JavaFX Application Thread] WARN  FXGLAssetLoaderServi - Asset "/assets/textures/orange_particle.png" was not found!
19:22:46.039 [JavaFX Application Thread] WARN  FXGLAssetLoaderServi - Failed to load IMAGE
19:22:48.048 [JavaFX Application Thread] WARN  FXGLAssetLoaderServi - Asset "/assets/textures/orange_particle.png" was not found!
19:22:48.048 [JavaFX Application Thread] WARN  FXGLAssetLoaderServi - Failed to load IMAGE
19:22:50.054 [JavaFX Application Thread] WARN  FXGLAssetLoaderServi - Asset "/assets/textures/orange_particle.png" was not found!
19:22:50.054 [JavaFX Application Thread] WARN  FXGLAssetLoaderServi - Failed to load IMAGE
19:22:52.055 [JavaFX Application Thread] WARN  FXGLAssetLoaderServi - Asset "/assets/textures/orange_particle.png" was not found!
19:22:52.055 [JavaFX Application Thread] WARN  FXGLAssetLoaderServi - Failed to load IMAGE
19:22:53.943 [JavaFX Application Thread] WARN  FXGLAssetLoaderServi - Asset "/assets/textures/particles/spark.png" was not found!
19:22:53.943 [JavaFX Application Thread] WARN  FXGLAssetLoaderServi - Failed to load RESIZABLE_IMAGE
19:22:54.063 [JavaFX Application Thread] WARN  FXGLAssetLoaderServi - Asset "/assets/textures/orange_particle.png" was not found!
19:22:54.063 [JavaFX Application Thread] WARN  FXGLAssetLoaderServi - Failed to load IMAGE
19:22:56.069 [JavaFX Application Thread] WARN  FXGLAssetLoaderServi - Asset "/assets/textures/orange_particle.png" was not found!
19:22:56.069 [JavaFX Application Thread] WARN  FXGLAssetLoaderServi - Failed to load IMAGE
19:22:58.070 [JavaFX Application Thread] WARN  FXGLAssetLoaderServi - Asset "/assets/textures/orange_particle.png" was not found!
19:22:58.070 [JavaFX Application Thread] WARN  FXGLAssetLoaderServi - Failed to load IMAGE
19:23:00.078 [JavaFX Application Thread] WARN  FXGLAssetLoaderServi - Asset "/assets/textures/orange_particle.png" was not found!
19:23:00.078 [JavaFX Application Thread] WARN  FXGLAssetLoaderServi - Failed to load IMAGE
19:23:02.084 [JavaFX Application Thread] WARN  FXGLAssetLoaderServi - Asset "/assets/textures/orange_particle.png" was not found!
19:23:02.084 [JavaFX Application Thread] WARN  FXGLAssetLoaderServi - Failed to load IMAGE
19:23:04.087 [JavaFX Application Thread] WARN  FXGLAssetLoaderServi - Asset "/assets/textures/orange_particle.png" was not found!
19:23:04.087 [JavaFX Application Thread] WARN  FXGLAssetLoaderServi - Failed to load IMAGE
19:23:06.094 [JavaFX Application Thread] WARN  FXGLAssetLoaderServi - Asset "/assets/textures/orange_particle.png" was not found!
19:23:06.094 [JavaFX Application Thread] WARN  FXGLAssetLoaderServi - Failed to load IMAGE
19:23:08.099 [JavaFX Application Thread] WARN  FXGLAssetLoaderServi - Asset "/assets/textures/orange_particle.png" was not found!
19:23:08.099 [JavaFX Application Thread] WARN  FXGLAssetLoaderServi - Failed to load IMAGE
19:23:08.945 [JavaFX Application Thread] WARN  FXGLAssetLoaderServi - Asset "/assets/textures/particles/spark.png" was not found!
19:23:08.945 [JavaFX Application Thread] WARN  FXGLAssetLoaderServi - Failed to load RESIZABLE_IMAGE
19:23:09.364 [JavaFX Application Thread] DEBUG PrimaryStageWindow   - Push state: DialogSubScene
19:23:09.364 [JavaFX Application Thread] DEBUG Input                - Clearing active input actions
19:23:09.364 [JavaFX Application Thread] DEBUG GameApplicationServi - Removing overlay from GameScene and adding to DialogSubScene
19:23:09.364 [JavaFX Application Thread] DEBUG PrimaryStageWindow   - GameScene -> DialogSubScene
19:23:10.047 [JavaFX Application Thread] DEBUG PrimaryStageWindow   - Pop state: DialogSubScene
19:23:10.047 [JavaFX Application Thread] DEBUG Input                - Clearing active input actions
19:23:10.047 [JavaFX Application Thread] DEBUG GameApplicationServi - Removing overlay from DialogSubScene and adding to GameScene
19:23:10.047 [JavaFX Application Thread] DEBUG PrimaryStageWindow   - GameScene <- DialogSubScene
19:23:10.785 [JavaFX Application Thread] WARN  FXGLAssetLoaderServi - Asset "/assets/textures/orange_particle.png" was not found!
19:23:10.786 [JavaFX Application Thread] WARN  FXGLAssetLoaderServi - Failed to load IMAGE
19:23:12.791 [JavaFX Application Thread] WARN  FXGLAssetLoaderServi - Asset "/assets/textures/orange_particle.png" was not found!
19:23:12.791 [JavaFX Application Thread] WARN  FXGLAssetLoaderServi - Failed to load IMAGE
19:23:14.796 [JavaFX Application Thread] WARN  FXGLAssetLoaderServi - Asset "/assets/textures/orange_particle.png" was not found!
19:23:14.796 [JavaFX Application Thread] WARN  FXGLAssetLoaderServi - Failed to load IMAGE
19:23:16.800 [JavaFX Application Thread] WARN  FXGLAssetLoaderServi - Asset "/assets/textures/orange_particle.png" was not found!
19:23:16.800 [JavaFX Application Thread] WARN  FXGLAssetLoaderServi - Failed to load IMAGE
19:23:18.807 [JavaFX Application Thread] WARN  FXGLAssetLoaderServi - Asset "/assets/textures/orange_particle.png" was not found!
19:23:18.807 [JavaFX Application Thread] WARN  FXGLAssetLoaderServi - Failed to load IMAGE
19:23:20.807 [JavaFX Application Thread] WARN  FXGLAssetLoaderServi - Asset "/assets/textures/orange_particle.png" was not found!
19:23:20.807 [JavaFX Application Thread] WARN  FXGLAssetLoaderServi - Failed to load IMAGE
19:23:22.816 [JavaFX Application Thread] WARN  FXGLAssetLoaderServi - Asset "/assets/textures/orange_particle.png" was not found!
19:23:22.816 [JavaFX Application Thread] WARN  FXGLAssetLoaderServi - Failed to load IMAGE
19:23:24.627 [JavaFX Application Thread] WARN  FXGLAssetLoaderServi - Asset "/assets/textures/particles/spark.png" was not found!
19:23:24.627 [JavaFX Application Thread] WARN  FXGLAssetLoaderServi - Failed to load RESIZABLE_IMAGE
19:23:24.822 [JavaFX Application Thread] WARN  FXGLAssetLoaderServi - Asset "/assets/textures/orange_particle.png" was not found!
19:23:24.822 [JavaFX Application Thread] WARN  FXGLAssetLoaderServi - Failed to load IMAGE
19:23:26.832 [JavaFX Application Thread] WARN  FXGLAssetLoaderServi - Asset "/assets/textures/orange_particle.png" was not found!
19:23:26.832 [JavaFX Application Thread] WARN  FXGLAssetLoaderServi - Failed to load IMAGE
19:23:28.838 [JavaFX Application Thread] WARN  FXGLAssetLoaderServi - Asset "/assets/textures/orange_particle.png" was not found!
19:23:28.838 [JavaFX Application Thread] WARN  FXGLAssetLoaderServi - Failed to load IMAGE
19:23:30.839 [JavaFX Application Thread] WARN  FXGLAssetLoaderServi - Asset "/assets/textures/orange_particle.png" was not found!
19:23:30.839 [JavaFX Application Thread] WARN  FXGLAssetLoaderServi - Failed to load IMAGE
19:23:32.847 [JavaFX Application Thread] WARN  FXGLAssetLoaderServi - Asset "/assets/textures/orange_particle.png" was not found!
19:23:32.847 [JavaFX Application Thread] WARN  FXGLAssetLoaderServi - Failed to load IMAGE
19:23:34.852 [JavaFX Application Thread] WARN  FXGLAssetLoaderServi - Asset "/assets/textures/orange_particle.png" was not found!
19:23:34.852 [JavaFX Application Thread] WARN  FXGLAssetLoaderServi - Failed to load IMAGE
19:23:36.855 [JavaFX Application Thread] WARN  FXGLAssetLoaderServi - Asset "/assets/textures/orange_particle.png" was not found!
19:23:36.855 [JavaFX Application Thread] WARN  FXGLAssetLoaderServi - Failed to load IMAGE
19:23:38.862 [JavaFX Application Thread] WARN  FXGLAssetLoaderServi - Asset "/assets/textures/orange_particle.png" was not found!
19:23:38.862 [JavaFX Application Thread] WARN  FXGLAssetLoaderServi - Failed to load IMAGE
19:23:39.632 [JavaFX Application Thread] WARN  FXGLAssetLoaderServi - Asset "/assets/textures/particles/spark.png" was not found!
19:23:39.632 [JavaFX Application Thread] WARN  FXGLAssetLoaderServi - Failed to load RESIZABLE_IMAGE
19:23:40.868 [JavaFX Application Thread] WARN  FXGLAssetLoaderServi - Asset "/assets/textures/orange_particle.png" was not found!
19:23:40.868 [JavaFX Application Thread] WARN  FXGLAssetLoaderServi - Failed to load IMAGE
19:23:42.871 [JavaFX Application Thread] WARN  FXGLAssetLoaderServi - Asset "/assets/textures/orange_particle.png" was not found!
19:23:42.871 [JavaFX Application Thread] WARN  FXGLAssetLoaderServi - Failed to load IMAGE
19:23:44.879 [JavaFX Application Thread] WARN  FXGLAssetLoaderServi - Asset "/assets/textures/orange_particle.png" was not found!
19:23:44.879 [JavaFX Application Thread] WARN  FXGLAssetLoaderServi - Failed to load IMAGE
19:23:46.882 [JavaFX Application Thread] WARN  FXGLAssetLoaderServi - Asset "/assets/textures/orange_particle.png" was not found!
19:23:46.882 [JavaFX Application Thread] WARN  FXGLAssetLoaderServi - Failed to load IMAGE
19:23:48.893 [JavaFX Application Thread] WARN  FXGLAssetLoaderServi - Asset "/assets/textures/orange_particle.png" was not found!
19:23:48.893 [JavaFX Application Thread] WARN  FXGLAssetLoaderServi - Failed to load IMAGE
19:23:50.898 [JavaFX Application Thread] WARN  FXGLAssetLoaderServi - Asset "/assets/textures/orange_particle.png" was not found!
19:23:50.898 [JavaFX Application Thread] WARN  FXGLAssetLoaderServi - Failed to load IMAGE
19:23:52.902 [JavaFX Application Thread] WARN  FXGLAssetLoaderServi - Asset "/assets/textures/orange_particle.png" was not found!
19:23:52.902 [JavaFX Application Thread] WARN  FXGLAssetLoaderServi - Failed to load IMAGE
19:23:54.638 [JavaFX Application Thread] WARN  FXGLAssetLoaderServi - Asset "/assets/textures/particles/spark.png" was not found!
19:23:54.638 [JavaFX Application Thread] WARN  FXGLAssetLoaderServi - Failed to load RESIZABLE_IMAGE
19:23:54.909 [JavaFX Application Thread] WARN  FXGLAssetLoaderServi - Asset "/assets/textures/orange_particle.png" was not found!
19:23:54.909 [JavaFX Application Thread] WARN  FXGLAssetLoaderServi - Failed to load IMAGE
19:23:55.589 [JavaFX Application Thread] DEBUG FXGLApplication      - Exiting FXGL
19:23:55.589 [JavaFX Application Thread] DEBUG LoopRunner           - Stopping loop
19:23:55.589 [JavaFX Application Thread] DEBUG SystemBundleService  - Saving FXGL system data
19:23:55.590 [JavaFX Application Thread] DEBUG FileSystemAccess     - Writing to: F:\my files\School\2nd year 2nd sem\TheOnlyException\system\fxgl.bundle
19:23:56.000 [JavaFX Application Thread] DEBUG Async                - Shutting down background threads
19:23:56.000 [JavaFX Application Thread] DEBUG PrimaryStageWindow   - Closing main window
19:23:56.017 [JavaFX Application Thread] DEBUG Logger               - Closing Logger
