15:37:22.208 [main                     ] DEBUG Logger               - Configured Logger
15:37:22.229 [main                     ] DEBUG GameApplication      - Logging settings
Title: Prototype Game
Version: 0.1.5
Width: 1280
Height: 720
Fullscreen: false
Intro: false
Profiling: false
Single step:false
App Mode: DEVELOPER
Menu Key: ESCAPE
Stage Style: DECORATED
Scene Factory: class org.example.core.GameApp$1

15:37:22.912 [JavaFX Application Thread] DEBUG FXGLApplication      - Initializing FXGL
15:37:22.917 [JavaFX Application Thread] INFO  Engine               - FXGL-17+dev-SNAPSHOT (01.09.2022 03.33) on WINDOWS (J:23.0.1 FX:18)
15:37:22.917 [JavaFX Application Thread] DEBUG Engine               - JRE Vendor Name: Oracle Corporation
15:37:22.917 [JavaFX Application Thread] DEBUG Engine               - Running on OS: Windows 11 version 10.0
15:37:22.917 [JavaFX Application Thread] DEBUG Engine               - Architecture: amd64
15:37:22.917 [JavaFX Application Thread] INFO  Engine               - Source code and latest versions at: https://github.com/AlmasB/FXGL
15:37:22.917 [JavaFX Application Thread] INFO  Engine               -       Ask questions and discuss at: https://github.com/AlmasB/FXGL/discussions
15:37:22.917 [JavaFX Application Thread] INFO  Engine               -              Join the FXGL chat at: https://gitter.im/AlmasB/FXGL
15:37:23.029 [JavaFX Application Thread] DEBUG PrimaryStageWindow   - Creating a JavaFX scene
15:37:23.073 [JavaFX Application Thread] DEBUG PrimaryStageWindow   - Target settings size: 1280.0 x 720.0
15:37:23.074 [JavaFX Application Thread] DEBUG PrimaryStageWindow   - Scaled scene size:    1280.0 x 720.0
15:37:23.074 [JavaFX Application Thread] DEBUG PrimaryStageWindow   - Scaled ratio: (1.0, 1.0)
15:37:23.076 [JavaFX Application Thread] DEBUG PrimaryStageWindow   - Set initial scene to FXGLStartupScene
15:37:23.085 [JavaFX Application Thread] DEBUG PrimaryStageWindow   - Opening main window
15:37:23.174 [JavaFX Application Thread] DEBUG PrimaryStageWindow   - Window border size: (14.4000244140625, 37.5999755859375)
15:37:23.174 [JavaFX Application Thread] DEBUG PrimaryStageWindow   - Scaled size: 1280.0 x 720.0
15:37:23.175 [JavaFX Application Thread] DEBUG PrimaryStageWindow   - Scaled ratio: (1.0, 1.0)
15:37:23.175 [JavaFX Application Thread] DEBUG PrimaryStageWindow   - Scene size: 1280.0 x 720.0
15:37:23.175 [JavaFX Application Thread] DEBUG PrimaryStageWindow   - Stage size: 1294.4000244140625 x 757.5999755859375
15:37:23.184 [FXGL Background Thread 1 ] DEBUG Engine               - Initializing environment variables
15:37:23.269 [FXGL Background Thread 1 ] DEBUG FXGLAssetLoaderServi - User app class for loading assets: class org.example.core.GameApp
15:37:23.269 [FXGL Background Thread 1 ] DEBUG GameApplicationServi - Applying CSS: fxgl_dark.css
15:37:23.270 [FXGL Background Thread 1 ] DEBUG FXGLAssetLoaderServi - Loading from file system: jar:file:/C:/Users/khein/.m2/repository/com/github/AlmasB/FXGL/fxgl/17.2/fxgl-17.2.jar!/fxglassets/ui/css/fxgl_dark.css
15:37:23.314 [FXGL Background Thread 1 ] DEBUG GameApplicationServi - Initializing application scenes
15:37:23.363 [FXGL Background Thread 1 ] DEBUG GameWorld            - Game world initialized
15:37:23.438 [FXGL Background Thread 1 ] DEBUG PhysicsWorld         - Physics world initialized: appHeight=720, physics.ppm=50.0
15:37:23.438 [FXGL Background Thread 1 ] DEBUG PhysicsWorld         - Using strategy: BRUTE_FORCE
15:37:23.441 [FXGL Background Thread 1 ] DEBUG GameScene            - Game scene initialized: 1280x720
15:37:23.454 [FXGL Background Thread 1 ] DEBUG FXGL.DefaultMenu     - createMenuBodyGameMenu()
15:37:23.475 [FXGL Background Thread 1 ] DEBUG FXGL.DefaultMenu     - createOptionsMenu()
15:37:23.485 [FXGL Background Thread 1 ] DEBUG FXGLAssetLoaderServi - Loading from file system: jar:file:/C:/Users/khein/.m2/repository/com/github/AlmasB/FXGL/fxgl/17.2/fxgl-17.2.jar!/fxglassets/textures/particles/smoke.png
15:37:23.582 [FXGL Background Thread 1 ] DEBUG FXGLAssetLoaderServi - Loading from file system: jar:file:/C:/Users/khein/.m2/repository/com/github/AlmasB/FXGL/fxgl/17.2/fxgl-17.2.jar!/fxglassets/textures/particles/trace_horizontal.png
15:37:23.614 [FXGL Background Thread 1 ] DEBUG GameApplicationServi - Application scenes initialized
15:37:23.626 [FXGL Background Thread 1 ] DEBUG SystemBundleService  - Loading FXGL system data
15:37:23.630 [FXGL Background Thread 1 ] DEBUG FileSystemAccess     - Reading from: C:\Users\khein\IdeaProjects\TheOnlyException\system\fxgl.bundle
15:37:23.636 [FXGL Background Thread 1 ] DEBUG SystemBundleService  - Bundle FXGL: {}
15:37:23.636 [FXGL Background Thread 1 ] DEBUG UpdaterService       - Checking for updates
15:37:23.639 [FXGL Background Thread 4 ] DEBUG FXGLApplication      - Loading fonts
15:37:23.640 [FXGL Background Thread 4 ] DEBUG FXGLAssetLoaderServi - Loading from file system: jar:file:/C:/Users/khein/.m2/repository/com/github/AlmasB/FXGL/fxgl-samples/17.2/fxgl-samples-17.2.jar!/assets/ui/fonts/VarelaRound-Regular.ttf
15:37:23.640 [FXGL Background Thread 1 ] DEBUG FXGLApplication      - Loading default localization
15:37:23.641 [FXGL Background Thread 1 ] DEBUG FXGLAssetLoaderServi - Loading from file system: jar:file:/C:/Users/khein/.m2/repository/com/github/AlmasB/FXGL/fxgl/17.2/fxgl-17.2.jar!/fxglassets/languages/english.lang
15:37:23.672 [FXGL Background Thread 1 ] INFO  FXGLApplication      - FXGL initialization took: 0.487 sec
15:37:23.687 [JavaFX Application Thread] DEBUG Input                - Registered new binding: action0 - A
15:37:23.688 [JavaFX Application Thread] DEBUG Input                - Registered new binding: action1 - D
15:37:23.688 [JavaFX Application Thread] DEBUG Input                - Registered new binding: action2 - W
15:37:23.688 [JavaFX Application Thread] DEBUG Input                - Registered new binding: action3 - S
15:37:23.689 [JavaFX Application Thread] DEBUG FXGLAssetLoaderServi - Loading from file system: jar:file:/C:/Users/khein/.m2/repository/com/github/AlmasB/FXGL/fxgl/17.2/fxgl-17.2.jar!/fxglassets/textures/fxgl_icon.png
15:37:23.693 [FXGL Background Thread 4 ] DEBUG FXGLAssetLoaderServi - Loading from file system: jar:file:/C:/Users/khein/.m2/repository/com/github/AlmasB/FXGL/fxgl/17.2/fxgl-17.2.jar!/fxglassets/ui/fonts/Abel-Regular.ttf
15:37:23.711 [FXGL Background Thread 4 ] DEBUG FXGLAssetLoaderServi - Loading from file system: jar:file:/C:/Users/khein/.m2/repository/com/github/AlmasB/FXGL/fxgl/17.2/fxgl-17.2.jar!/fxglassets/ui/fonts/TerminalLandMono-Regular.otf
15:37:23.712 [JavaFX Application Thread] DEBUG FXGLAssetLoaderServi - Loading from file system: jar:file:/C:/Users/khein/.m2/repository/com/github/AlmasB/FXGL/fxgl/17.2/fxgl-17.2.jar!/fxglassets/textures/fxgl_default_cursor.png
15:37:23.715 [JavaFX Application Thread] DEBUG Input                - Registered new binding: Screenshot - CTRL+8
15:37:23.716 [JavaFX Application Thread] DEBUG Input                - Registered new binding: System info dump - CTRL+9
15:37:23.716 [JavaFX Application Thread] DEBUG Input                - Registered new binding: Restart - CTRL+R
15:37:23.717 [JavaFX Application Thread] DEBUG Input                - Registered new binding: Toggle Debug Camera - CTRL+7
15:37:23.720 [JavaFX Application Thread] DEBUG LoopRunner           - Starting loop
15:37:23.721 [JavaFX Application Thread] DEBUG LoopRunner           - Initializing JavaFX AnimationTimerLoop
15:37:23.724 [JavaFX Application Thread] DEBUG Input                - Clearing active input actions
15:37:23.724 [FXGL Background Thread 4 ] DEBUG FXGLAssetLoaderServi - Loading from file system: jar:file:/C:/Users/khein/.m2/repository/com/github/AlmasB/FXGL/fxgl/17.2/fxgl-17.2.jar!/fxglassets/ui/fonts/Courier-Prime.ttf
15:37:23.731 [JavaFX Application Thread] DEBUG GameApplicationServi - Removing overlay from FXGLStartupScene and adding to FXGLMainMenuDummyScene
15:37:23.731 [JavaFX Application Thread] DEBUG PrimaryStageWindow   - FXGLStartupScene -> FXGLMainMenuDummyScene
15:37:23.731 [JavaFX Application Thread] DEBUG PrimaryStageWindow   - Push state: NameInputScene
15:37:24.037 [JavaFX Application Thread] DEBUG Input                - Clearing active input actions
15:37:24.049 [JavaFX Application Thread] DEBUG GameApplicationServi - Removing overlay from FXGLMainMenuDummyScene and adding to NameInputScene
15:37:24.050 [JavaFX Application Thread] DEBUG PrimaryStageWindow   - FXGLMainMenuDummyScene -> NameInputScene
15:37:24.160 [FXGL Background Thread 2 ] INFO  UpdaterService       - Your current version:  17+dev-SNAPSHOT
15:37:24.160 [FXGL Background Thread 2 ] INFO  UpdaterService       - Latest stable version: 21.1
15:37:24.281 [JavaFX Application Thread] DEBUG FXGLApplication      - Registering font factories with UI factory
15:37:26.639 [FXGL Background Thread 3 ] DEBUG Engine               - Logging environment variables
15:37:26.640 [FXGL Background Thread 3 ] DEBUG Engine               - achievements: []
15:37:26.640 [FXGL Background Thread 3 ] DEBUG Engine               - actualHeight: 720.0
15:37:26.641 [FXGL Background Thread 3 ] DEBUG Engine               - actualHeightProperty: ReadOnlyDoubleProperty [value: 720.0]
15:37:26.641 [FXGL Background Thread 3 ] DEBUG Engine               - actualWidth: 1280.0
15:37:26.641 [FXGL Background Thread 3 ] DEBUG Engine               - actualWidthProperty: ReadOnlyDoubleProperty [value: 1280.0]
15:37:26.641 [FXGL Background Thread 3 ] DEBUG Engine               - appIcon: fxgl_icon.png
15:37:26.641 [FXGL Background Thread 3 ] DEBUG Engine               - applicationMode: DEVELOPER
15:37:26.641 [FXGL Background Thread 3 ] DEBUG Engine               - cSSList: [fxgl_dark.css]
15:37:26.642 [FXGL Background Thread 3 ] DEBUG Engine               - collisionDetectionStrategy: BRUTE_FORCE
15:37:26.642 [FXGL Background Thread 3 ] DEBUG Engine               - configClass: Optional.empty
15:37:26.642 [FXGL Background Thread 3 ] DEBUG Engine               - credits: []
15:37:26.643 [FXGL Background Thread 3 ] DEBUG Engine               - defaultCursor: CursorInfo(imageName=fxgl_default_cursor.png, hotspotX=7.0, hotspotY=6.0)
15:37:26.644 [FXGL Background Thread 3 ] DEBUG Engine               - devBBoxColorProperty: ObjectProperty [value: 0xff0000ff]
15:37:26.644 [FXGL Background Thread 3 ] DEBUG Engine               - devEnableDebugCameraProperty: BooleanProperty [value: false]
15:37:26.644 [FXGL Background Thread 3 ] DEBUG Engine               - devSensorColorProperty: ObjectProperty [value: 0xffff00ff]
15:37:26.644 [FXGL Background Thread 3 ] DEBUG Engine               - devShowBBoxProperty: BooleanProperty [value: false]
15:37:26.644 [FXGL Background Thread 3 ] DEBUG Engine               - devShowPositionProperty: BooleanProperty [value: false]
15:37:26.644 [FXGL Background Thread 3 ] DEBUG Engine               - enabledMenuItems: []
15:37:26.645 [FXGL Background Thread 3 ] DEBUG Engine               - engineServices: [class com.almasb.fxgl.app.services.FXGLAssetLoaderService, class com.almasb.fxgl.app.FXGLApplication$GameApplicationService, class com.almasb.fxgl.app.services.FXGLDialogService, class com.almasb.fxgl.app.services.IOTaskExecutorService, class com.almasb.fxgl.io.FileSystemService, class com.almasb.fxgl.localization.LocalizationService, class com.almasb.fxgl.app.services.SystemBundleService, class com.almasb.fxgl.profile.SaveLoadService, class com.almasb.fxgl.ui.FXGLUIFactoryServiceProvider, class com.almasb.fxgl.ui.FXGLDialogFactoryServiceProvider, class com.almasb.fxgl.audio.AudioPlayer, class com.almasb.fxgl.notification.impl.NotificationServiceProvider, class com.almasb.fxgl.achievement.AchievementService, class com.almasb.fxgl.cutscene.CutsceneService, class com.almasb.fxgl.minigames.MiniGameService, class com.almasb.fxgl.net.NetService, class com.almasb.fxgl.app.services.UpdaterService, class com.almasb.fxgl.dev.DevService]
15:37:26.645 [FXGL Background Thread 3 ] DEBUG Engine               - fontGame: Abel-Regular.ttf
15:37:26.645 [FXGL Background Thread 3 ] DEBUG Engine               - fontMono: TerminalLandMono-Regular.otf
15:37:26.645 [FXGL Background Thread 3 ] DEBUG Engine               - fontText: Courier-Prime.ttf
15:37:26.645 [FXGL Background Thread 3 ] DEBUG Engine               - fontUI: VarelaRound-Regular.ttf
15:37:26.646 [FXGL Background Thread 3 ] DEBUG Engine               - fullScreen: BooleanProperty [value: false]
15:37:26.646 [FXGL Background Thread 3 ] DEBUG Engine               - gameDifficulty: MEDIUM
15:37:26.646 [FXGL Background Thread 3 ] DEBUG Engine               - gameDifficultyProperty: ObjectProperty [value: MEDIUM]
15:37:26.646 [FXGL Background Thread 3 ] DEBUG Engine               - globalMusicVolume: 0.5
15:37:26.646 [FXGL Background Thread 3 ] DEBUG Engine               - globalMusicVolumeProperty: DoubleProperty [value: 0.5]
15:37:26.646 [FXGL Background Thread 3 ] DEBUG Engine               - globalSoundVolume: 0.5
15:37:26.647 [FXGL Background Thread 3 ] DEBUG Engine               - globalSoundVolumeProperty: DoubleProperty [value: 0.5]
15:37:26.647 [FXGL Background Thread 3 ] DEBUG Engine               - height: 720
15:37:26.647 [FXGL Background Thread 3 ] DEBUG Engine               - is3D: false
15:37:26.647 [FXGL Background Thread 3 ] DEBUG Engine               - isAndroid: false
15:37:26.647 [FXGL Background Thread 3 ] DEBUG Engine               - isBrowser: false
15:37:26.647 [FXGL Background Thread 3 ] DEBUG Engine               - isClickFeedbackEnabled: false
15:37:26.648 [FXGL Background Thread 3 ] DEBUG Engine               - isCloseConfirmation: false
15:37:26.648 [FXGL Background Thread 3 ] DEBUG Engine               - isDesktop: true
15:37:26.648 [FXGL Background Thread 3 ] DEBUG Engine               - isDeveloperMenuEnabled: false
15:37:26.648 [FXGL Background Thread 3 ] DEBUG Engine               - isEmbedded: false
15:37:26.648 [FXGL Background Thread 3 ] DEBUG Engine               - isEntityPreloadEnabled: true
15:37:26.648 [FXGL Background Thread 3 ] DEBUG Engine               - isExperimentalTiledLargeMap: false
15:37:26.648 [FXGL Background Thread 3 ] DEBUG Engine               - isFileSystemWriteAllowed: true
15:37:26.648 [FXGL Background Thread 3 ] DEBUG Engine               - isFullScreenAllowed: false
15:37:26.648 [FXGL Background Thread 3 ] DEBUG Engine               - isFullScreenFromStart: false
15:37:26.648 [FXGL Background Thread 3 ] DEBUG Engine               - isGameMenuEnabled: true
15:37:26.648 [FXGL Background Thread 3 ] DEBUG Engine               - isIOS: false
15:37:26.648 [FXGL Background Thread 3 ] DEBUG Engine               - isIntroEnabled: false
15:37:26.648 [FXGL Background Thread 3 ] DEBUG Engine               - isLinux: false
15:37:26.648 [FXGL Background Thread 3 ] DEBUG Engine               - isMac: false
15:37:26.650 [FXGL Background Thread 3 ] DEBUG Engine               - isMainMenuEnabled: true
15:37:26.650 [FXGL Background Thread 3 ] DEBUG Engine               - isManualResizeEnabled: false
15:37:26.650 [FXGL Background Thread 3 ] DEBUG Engine               - isMobile: false
15:37:26.650 [FXGL Background Thread 3 ] DEBUG Engine               - isNative: false
15:37:26.650 [FXGL Background Thread 3 ] DEBUG Engine               - isPauseMusicWhenMinimized: true
15:37:26.650 [FXGL Background Thread 3 ] DEBUG Engine               - isPreserveResizeRatio: false
15:37:26.650 [FXGL Background Thread 3 ] DEBUG Engine               - isProfilingEnabled: false
15:37:26.651 [FXGL Background Thread 3 ] DEBUG Engine               - isScaleAffectedOnResize: true
15:37:26.651 [FXGL Background Thread 3 ] DEBUG Engine               - isSingleStep: false
15:37:26.651 [FXGL Background Thread 3 ] DEBUG Engine               - isUserProfileEnabled: false
15:37:26.651 [FXGL Background Thread 3 ] DEBUG Engine               - isWindows: true
15:37:26.651 [FXGL Background Thread 3 ] DEBUG Engine               - language: ObjectProperty [value: ENGLISH]
15:37:26.651 [FXGL Background Thread 3 ] DEBUG Engine               - menuKey: ESCAPE
15:37:26.651 [FXGL Background Thread 3 ] DEBUG Engine               - mouseSensitivity: 0.2
15:37:26.652 [FXGL Background Thread 3 ] DEBUG Engine               - notificationViewClass: class com.almasb.fxgl.notification.view.XboxNotificationView
15:37:26.652 [FXGL Background Thread 3 ] DEBUG Engine               - pixelsPerMeter: 50.0
15:37:26.652 [FXGL Background Thread 3 ] DEBUG Engine               - platform: WINDOWS
15:37:26.652 [FXGL Background Thread 3 ] DEBUG Engine               - prefHeightProperty: ReadOnlyDoubleProperty [value: 720.0]
15:37:26.652 [FXGL Background Thread 3 ] DEBUG Engine               - prefWidthProperty: ReadOnlyDoubleProperty [value: 1280.0]
15:37:26.652 [FXGL Background Thread 3 ] DEBUG Engine               - profileDir: profiles/
15:37:26.652 [FXGL Background Thread 3 ] DEBUG Engine               - profileName: StringProperty [value: DEFAULT]
15:37:26.652 [FXGL Background Thread 3 ] DEBUG Engine               - randomSeed: -1
15:37:26.653 [FXGL Background Thread 3 ] DEBUG Engine               - runtimeInfo: RuntimeInfo(platform=WINDOWS, version=17+dev-SNAPSHOT, build=01.09.2022 03.33)
15:37:26.653 [FXGL Background Thread 3 ] DEBUG Engine               - saveFileExt: sav
15:37:26.653 [FXGL Background Thread 3 ] DEBUG Engine               - scaledHeightProp$fxgl: DoubleProperty [bound, value: 720.0]
15:37:26.653 [FXGL Background Thread 3 ] DEBUG Engine               - scaledWidthProp$fxgl: DoubleProperty [bound, value: 1280.0]
15:37:26.654 [FXGL Background Thread 3 ] DEBUG Engine               - sceneFactory: org.example.core.GameApp$1@1640bd9c
15:37:26.654 [FXGL Background Thread 3 ] DEBUG Engine               - secondsIn24h: 60
15:37:26.654 [FXGL Background Thread 3 ] DEBUG Engine               - soundMenuBack: menu/back.wav
15:37:26.654 [FXGL Background Thread 3 ] DEBUG Engine               - soundMenuPress: menu/press.wav
15:37:26.654 [FXGL Background Thread 3 ] DEBUG Engine               - soundMenuSelect: menu/select.wav
15:37:26.654 [FXGL Background Thread 3 ] DEBUG Engine               - soundNotification: core/notification.wav
15:37:26.655 [FXGL Background Thread 3 ] DEBUG Engine               - stageStyle: DECORATED
15:37:26.655 [FXGL Background Thread 3 ] DEBUG Engine               - supportedLanguages: [ENGLISH, FRENCH, GERMAN, HUNGARIAN, RUSSIAN]
15:37:26.655 [FXGL Background Thread 3 ] DEBUG Engine               - ticksPerSecond: -1
15:37:26.655 [FXGL Background Thread 3 ] DEBUG Engine               - title: Prototype Game
15:37:26.655 [FXGL Background Thread 3 ] DEBUG Engine               - urlGithub: https://github.com/AlmasB/FXGL
15:37:26.656 [FXGL Background Thread 3 ] DEBUG Engine               - urlLeaderboard: http://fxgl-top.herokuapp.com/
15:37:26.656 [FXGL Background Thread 3 ] DEBUG Engine               - urlPOM: https://raw.githubusercontent.com/AlmasB/FXGL/release/README.md
15:37:26.656 [FXGL Background Thread 3 ] DEBUG Engine               - userAppClass: class org.example.core.GameApp
15:37:26.656 [FXGL Background Thread 3 ] DEBUG Engine               - version: 0.1.5
15:37:26.656 [FXGL Background Thread 3 ] DEBUG Engine               - versionCheckDays: 7
15:37:26.656 [FXGL Background Thread 3 ] DEBUG Engine               - width: 1280
15:37:26.656 [FXGL Background Thread 3 ] DEBUG Engine               - Logging services
15:37:26.656 [FXGL Background Thread 3 ] DEBUG Engine               - class com.almasb.fxgl.app.services.FXGLAssetLoaderService
15:37:26.656 [FXGL Background Thread 3 ] DEBUG Engine               - class com.almasb.fxgl.app.FXGLApplication$GameApplicationService
15:37:26.657 [FXGL Background Thread 3 ] DEBUG Engine               - class com.almasb.fxgl.app.services.FXGLDialogService
15:37:26.657 [FXGL Background Thread 3 ] DEBUG Engine               - class com.almasb.fxgl.app.services.IOTaskExecutorService
15:37:26.657 [FXGL Background Thread 3 ] DEBUG Engine               - class com.almasb.fxgl.io.FileSystemService
15:37:26.657 [FXGL Background Thread 3 ] DEBUG Engine               - class com.almasb.fxgl.localization.LocalizationService
15:37:26.657 [FXGL Background Thread 3 ] DEBUG Engine               - class com.almasb.fxgl.app.services.SystemBundleService
15:37:26.657 [FXGL Background Thread 3 ] DEBUG Engine               - class com.almasb.fxgl.profile.SaveLoadService
15:37:26.657 [FXGL Background Thread 3 ] DEBUG Engine               - class com.almasb.fxgl.ui.FXGLUIFactoryServiceProvider
15:37:26.657 [FXGL Background Thread 3 ] DEBUG Engine               - class com.almasb.fxgl.ui.FXGLDialogFactoryServiceProvider
15:37:26.657 [FXGL Background Thread 3 ] DEBUG Engine               - class com.almasb.fxgl.audio.AudioPlayer
15:37:26.658 [FXGL Background Thread 3 ] DEBUG Engine               - class com.almasb.fxgl.notification.impl.NotificationServiceProvider
15:37:26.658 [FXGL Background Thread 3 ] DEBUG Engine               - class com.almasb.fxgl.achievement.AchievementService
15:37:26.658 [FXGL Background Thread 3 ] DEBUG Engine               - class com.almasb.fxgl.cutscene.CutsceneService
15:37:26.658 [FXGL Background Thread 3 ] DEBUG Engine               - class com.almasb.fxgl.minigames.MiniGameService
15:37:26.658 [FXGL Background Thread 3 ] DEBUG Engine               - class com.almasb.fxgl.net.NetService
15:37:26.658 [FXGL Background Thread 3 ] DEBUG Engine               - class com.almasb.fxgl.app.services.UpdaterService
15:37:26.658 [FXGL Background Thread 3 ] DEBUG Engine               - class com.almasb.fxgl.dev.DevService
15:37:26.930 [JavaFX Application Thread] DEBUG GameWorld            - Game world initialized
15:37:26.931 [JavaFX Application Thread] DEBUG PhysicsWorld         - Physics world initialized: appHeight=720, physics.ppm=50.0
15:37:26.931 [JavaFX Application Thread] DEBUG PhysicsWorld         - Using strategy: BRUTE_FORCE
15:37:26.932 [JavaFX Application Thread] DEBUG GameScene            - Game scene initialized: 1280x720
15:37:26.953 [JavaFX Application Thread] DEBUG PrimaryStageWindow   - Push state: MainMenuScene
15:37:26.960 [JavaFX Application Thread] DEBUG Input                - Clearing active input actions
15:37:26.963 [JavaFX Application Thread] DEBUG GameApplicationServi - Removing overlay from NameInputScene and adding to MainMenuScene
15:37:26.963 [JavaFX Application Thread] DEBUG PrimaryStageWindow   - NameInputScene -> MainMenuScene
15:37:27.684 [JavaFX Application Thread] DEBUG GameApplicationServi - Starting new game
15:37:27.685 [JavaFX Application Thread] DEBUG PrimaryStageWindow   - Pop state: MainMenuScene
15:37:27.685 [JavaFX Application Thread] DEBUG Input                - Clearing active input actions
15:37:27.686 [JavaFX Application Thread] DEBUG GameApplicationServi - Removing overlay from MainMenuScene and adding to NameInputScene
15:37:27.687 [JavaFX Application Thread] DEBUG PrimaryStageWindow   - NameInputScene <- MainMenuScene
15:37:27.687 [JavaFX Application Thread] DEBUG PrimaryStageWindow   - Pop state: NameInputScene
15:37:27.687 [JavaFX Application Thread] DEBUG Input                - Clearing active input actions
15:37:27.687 [JavaFX Application Thread] DEBUG GameApplicationServi - Removing overlay from NameInputScene and adding to FXGLMainMenuDummyScene
15:37:27.688 [JavaFX Application Thread] DEBUG PrimaryStageWindow   - FXGLMainMenuDummyScene <- NameInputScene
15:37:27.688 [JavaFX Application Thread] DEBUG Input                - Clearing active input actions
15:37:27.696 [JavaFX Application Thread] DEBUG GameApplicationServi - Removing overlay from FXGLMainMenuDummyScene and adding to FXGLLoadingScene
15:37:27.696 [JavaFX Application Thread] DEBUG PrimaryStageWindow   - FXGLMainMenuDummyScene -> FXGLLoadingScene
15:37:27.696 [JavaFX Application Thread] DEBUG GameApplicationServi - Clearing previous game
15:37:27.696 [JavaFX Application Thread] DEBUG GameScene            - Clearing game scene
15:37:27.696 [JavaFX Application Thread] DEBUG GameWorld            - Clearing game world
15:37:27.696 [JavaFX Application Thread] DEBUG PhysicsWorld         - Clearing physics world
15:37:27.698 [FXGL Background Thread 2 ] DEBUG FXGLApplication      - Initializing game
15:37:27.724 [FXGL Background Thread 2 ] DEBUG FXGLAssetLoaderServi - Loading from file system: file:/C:/Users/khein/IdeaProjects/TheOnlyException/Test/target/classes/assets/textures/dasd.png
15:37:27.773 [FXGL Background Thread 2 ] DEBUG FXGLAssetLoaderServi - Loading from file system: file:/C:/Users/khein/IdeaProjects/TheOnlyException/Test/target/classes/assets/textures/player-scaled.png
15:37:27.875 [FXGL Background Thread 2 ] INFO  FXGLApplication      - Game initialization took: 0.177 sec
15:37:27.882 [JavaFX Application Thread] DEBUG Input                - Clearing active input actions
15:37:27.889 [JavaFX Application Thread] DEBUG GameApplicationServi - Removing overlay from FXGLLoadingScene and adding to GameScene
15:37:27.889 [JavaFX Application Thread] DEBUG PrimaryStageWindow   - FXGLLoadingScene -> GameScene
15:37:28.963 [JavaFX Application Thread] DEBUG FXGLAssetLoaderServi - Loading from file system: file:/C:/Users/khein/IdeaProjects/TheOnlyException/Test/target/classes/assets/textures/MaggotWalk-scaled.png
15:37:30.021 [JavaFX Application Thread] DEBUG FXGLAssetLoaderServi - Loading from file system: file:/C:/Users/khein/IdeaProjects/TheOnlyException/Test/target/classes/assets/textures/BeetleMove-scaled.png
15:37:30.027 [JavaFX Application Thread] DEBUG FXGLAssetLoaderServi - Loading from file system: file:/C:/Users/khein/IdeaProjects/TheOnlyException/Test/target/classes/assets/textures/DragonFly.png
15:37:30.546 [JavaFX Application Thread] DEBUG FXGLAssetLoaderServi - Loading from file system: file:/C:/Users/khein/IdeaProjects/TheOnlyException/Test/target/classes/assets/textures/BeeMove-scaled.png
15:37:31.060 [JavaFX Application Thread] DEBUG FXGLAssetLoaderServi - Loading from file system: file:/C:/Users/khein/IdeaProjects/TheOnlyException/Test/target/classes/assets/textures/MantisMove-scaled.png
15:37:34.081 [JavaFX Application Thread] DEBUG FXGLAssetLoaderServi - Loading from file system: file:/C:/Users/khein/IdeaProjects/TheOnlyException/Test/target/classes/assets/textures/GiantFly.png
15:37:34.530 [JavaFX Application Thread] DEBUG FXGLApplication      - Exiting FXGL
15:37:34.530 [JavaFX Application Thread] DEBUG LoopRunner           - Stopping loop
15:37:34.531 [JavaFX Application Thread] DEBUG SystemBundleService  - Saving FXGL system data
15:37:34.536 [JavaFX Application Thread] DEBUG FileSystemAccess     - Writing to: C:\Users\khein\IdeaProjects\TheOnlyException\system\fxgl.bundle
15:37:34.540 [JavaFX Application Thread] DEBUG Async                - Shutting down background threads
15:37:34.540 [JavaFX Application Thread] DEBUG PrimaryStageWindow   - Closing main window
15:37:34.567 [JavaFX Application Thread] DEBUG Logger               - Closing Logger
