20:24:56.049 [main                     ] DEBUG Logger               - Configured Logger
20:24:56.055 [main                     ] DEBUG GameApplication      - Logging settings
Title: Prototype Game
Version: 0.1.5
Width: 1280
Height: 720
Fullscreen: false
Intro: false
Profiling: false
Single step:false
App Mode: DEVELOPER
Menu Key: ESCAPE
Stage Style: DECORATED
Scene Factory: class org.example.core.GameApp$1

20:24:56.386 [JavaFX Application Thread] DEBUG FXGLApplication      - Initializing FXGL
20:24:56.389 [JavaFX Application Thread] INFO  Engine               - FXGL-21+dev-SNAPSHOT (26.03.2024 19.46) on WINDOWS (J:24 FX:21.0.1)
20:24:56.389 [JavaFX Application Thread] DEBUG Engine               - JRE Vendor Name: Oracle Corporation
20:24:56.389 [JavaFX Application Thread] DEBUG Engine               - Running on OS: Windows 11 version 10.0
20:24:56.389 [JavaFX Application Thread] DEBUG Engine               - Architecture: amd64
20:24:56.390 [JavaFX Application Thread] INFO  Engine               - Source code and latest versions at: https://github.com/AlmasB/FXGL
20:24:56.390 [JavaFX Application Thread] INFO  Engine               -       Ask questions and discuss at: https://github.com/AlmasB/FXGL/discussions
20:24:56.390 [JavaFX Application Thread] INFO  Engine               -              Join the FXGL chat at: https://gitter.im/AlmasB/FXGL
20:24:56.493 [JavaFX Application Thread] DEBUG PrimaryStageWindow   - Creating a JavaFX scene
20:24:56.542 [JavaFX Application Thread] DEBUG PrimaryStageWindow   - Target settings size: 1280.0 x 720.0
20:24:56.543 [JavaFX Application Thread] DEBUG PrimaryStageWindow   - Scaled scene size:    1280.0 x 720.0
20:24:56.543 [JavaFX Application Thread] DEBUG PrimaryStageWindow   - Scaled ratio: (1.0, 1.0)
20:24:56.544 [JavaFX Application Thread] DEBUG PrimaryStageWindow   - Set initial scene to FXGLStartupScene
20:24:56.548 [JavaFX Application Thread] DEBUG PrimaryStageWindow   - Opening main window
20:24:56.673 [JavaFX Application Thread] DEBUG PrimaryStageWindow   - Window border size: (16.0, 39.0)
20:24:56.673 [JavaFX Application Thread] DEBUG PrimaryStageWindow   - Scaled size: 1280.0 x 720.0
20:24:56.673 [JavaFX Application Thread] DEBUG PrimaryStageWindow   - Scaled ratio: (1.0, 1.0)
20:24:56.673 [JavaFX Application Thread] DEBUG PrimaryStageWindow   - Scene size: 1280.0 x 720.0
20:24:56.673 [JavaFX Application Thread] DEBUG PrimaryStageWindow   - Stage size: 1296.0 x 759.0
20:24:56.680 [FXGL Background Thread 1 ] DEBUG Engine               - Initializing environment variables
20:24:56.728 [FXGL Background Thread 1 ] DEBUG FXGLAssetLoaderServi - User app class for loading assets: class org.example.core.GameApp
20:24:56.730 [FXGL Background Thread 1 ] DEBUG GameApplicationServi - Applying CSS: fxgl_dark.css
20:24:56.730 [FXGL Background Thread 1 ] DEBUG FXGLAssetLoaderServi - Loading from file system: jar:file:/C:/Users/primzcm/.m2/repository/com/github/almasb/fxgl/fxgl/21.1/fxgl-21.1.jar!/fxglassets/ui/css/fxgl_dark.css
20:24:56.772 [FXGL Background Thread 1 ] DEBUG GameApplicationServi - Initializing application scenes
20:24:56.802 [FXGL Background Thread 1 ] DEBUG GameWorld            - Game world initialized
20:24:56.844 [FXGL Background Thread 1 ] DEBUG PhysicsWorld         - Physics world initialized: appHeight=720, physics.ppm=50.0
20:24:56.845 [FXGL Background Thread 1 ] DEBUG PhysicsWorld         - Using strategy: BRUTE_FORCE
20:24:56.848 [FXGL Background Thread 1 ] DEBUG GameScene            - Game scene initialized: 1280x720
20:24:56.859 [FXGL Background Thread 1 ] DEBUG FXGL.DefaultMenu     - createMenuBodyGameMenu()
20:24:56.872 [FXGL Background Thread 1 ] DEBUG FXGL.DefaultMenu     - createOptionsMenu()
20:24:56.880 [FXGL Background Thread 1 ] DEBUG FXGLAssetLoaderServi - Loading from file system: jar:file:/C:/Users/primzcm/.m2/repository/com/github/almasb/fxgl/fxgl/21.1/fxgl-21.1.jar!/fxglassets/textures/particles/smoke.png
20:24:56.955 [FXGL Background Thread 1 ] DEBUG FXGLAssetLoaderServi - Loading from file system: jar:file:/C:/Users/primzcm/.m2/repository/com/github/almasb/fxgl/fxgl/21.1/fxgl-21.1.jar!/fxglassets/textures/particles/trace_horizontal.png
20:24:56.978 [FXGL Background Thread 1 ] DEBUG GameApplicationServi - Application scenes initialized
20:24:56.986 [FXGL Background Thread 1 ] DEBUG SystemBundleService  - Loading FXGL system data
20:24:56.989 [FXGL Background Thread 1 ] DEBUG FileSystemAccess     - Reading from: F:\my files\School\2nd year 2nd sem\TheOnlyException\system\fxgl.bundle
20:24:56.994 [FXGL Background Thread 1 ] DEBUG SystemBundleService  - Bundle FXGL: {}
20:24:56.994 [FXGL Background Thread 1 ] DEBUG UpdaterService       - Checking for updates
20:24:56.998 [FXGL Background Thread 4 ] DEBUG FXGLApplication      - Loading fonts
20:24:56.998 [FXGL Background Thread 4 ] DEBUG FXGLAssetLoaderServi - Loading from file system: jar:file:/C:/Users/primzcm/.m2/repository/com/github/almasb/fxgl/fxgl/21.1/fxgl-21.1.jar!/fxglassets/ui/fonts/VarelaRound-Regular.ttf
20:24:56.998 [FXGL Background Thread 1 ] DEBUG FXGLApplication      - Loading default localization
20:24:56.999 [FXGL Background Thread 1 ] DEBUG FXGLAssetLoaderServi - Loading from file system: jar:file:/C:/Users/primzcm/.m2/repository/com/github/almasb/fxgl/fxgl/21.1/fxgl-21.1.jar!/fxglassets/languages/english.lang
20:24:57.026 [FXGL Background Thread 1 ] INFO  FXGLApplication      - FXGL initialization took: 0.346 sec
20:24:57.027 [FXGL Background Thread 4 ] DEBUG FXGLAssetLoaderServi - Loading from file system: jar:file:/C:/Users/primzcm/.m2/repository/com/github/almasb/fxgl/fxgl/21.1/fxgl-21.1.jar!/fxglassets/ui/fonts/Abel-Regular.ttf
20:24:57.029 [FXGL Background Thread 4 ] DEBUG FXGLAssetLoaderServi - Loading from file system: jar:file:/C:/Users/primzcm/.m2/repository/com/github/almasb/fxgl/fxgl/21.1/fxgl-21.1.jar!/fxglassets/ui/fonts/TerminalLandMono-Regular.otf
20:24:57.030 [FXGL Background Thread 4 ] DEBUG FXGLAssetLoaderServi - Loading from file system: jar:file:/C:/Users/primzcm/.m2/repository/com/github/almasb/fxgl/fxgl/21.1/fxgl-21.1.jar!/fxglassets/ui/fonts/Courier-Prime.ttf
20:24:57.036 [JavaFX Application Thread] DEBUG Input                - Registered new binding: action0 - A
20:24:57.037 [JavaFX Application Thread] DEBUG Input                - Registered new binding: action1 - D
20:24:57.037 [JavaFX Application Thread] DEBUG Input                - Registered new binding: action2 - W
20:24:57.037 [JavaFX Application Thread] DEBUG Input                - Registered new binding: action3 - S
20:24:57.038 [JavaFX Application Thread] DEBUG FXGLAssetLoaderServi - Loading from file system: jar:file:/C:/Users/primzcm/.m2/repository/com/github/almasb/fxgl/fxgl/21.1/fxgl-21.1.jar!/fxglassets/textures/fxgl_icon.png
20:24:57.055 [JavaFX Application Thread] DEBUG FXGLAssetLoaderServi - Loading from file system: jar:file:/C:/Users/primzcm/.m2/repository/com/github/almasb/fxgl/fxgl/21.1/fxgl-21.1.jar!/fxglassets/textures/fxgl_default_cursor.png
20:24:57.057 [JavaFX Application Thread] DEBUG Input                - Registered new binding: Screenshot - CTRL+8
20:24:57.057 [JavaFX Application Thread] DEBUG Input                - Registered new binding: System info dump - CTRL+9
20:24:57.058 [JavaFX Application Thread] DEBUG Input                - Registered new binding: Restart - CTRL+R
20:24:57.058 [JavaFX Application Thread] DEBUG Input                - Registered new binding: Toggle Debug Camera - CTRL+7
20:24:57.062 [JavaFX Application Thread] DEBUG LoopRunner           - Starting loop
20:24:57.062 [JavaFX Application Thread] DEBUG LoopRunner           - Initializing JavaFX AnimationTimerLoop
20:24:57.066 [JavaFX Application Thread] DEBUG Input                - Clearing active input actions
20:24:57.072 [JavaFX Application Thread] DEBUG GameApplicationServi - Removing overlay from FXGLStartupScene and adding to FXGLMainMenuDummyScene
20:24:57.072 [JavaFX Application Thread] DEBUG PrimaryStageWindow   - FXGLStartupScene -> FXGLMainMenuDummyScene
20:24:57.072 [JavaFX Application Thread] DEBUG PrimaryStageWindow   - Push state: NameInputScene
20:24:57.238 [JavaFX Application Thread] DEBUG Input                - Clearing active input actions
20:24:57.243 [JavaFX Application Thread] DEBUG GameApplicationServi - Removing overlay from FXGLMainMenuDummyScene and adding to NameInputScene
20:24:57.243 [JavaFX Application Thread] DEBUG PrimaryStageWindow   - FXGLMainMenuDummyScene -> NameInputScene
20:24:57.244 [JavaFX Application Thread] DEBUG FXGLApplication      - Registering font factories with UI factory
20:24:57.328 [FXGL Background Thread 2 ] INFO  UpdaterService       - Your current version:  21+dev-SNAPSHOT
20:24:57.328 [FXGL Background Thread 2 ] INFO  UpdaterService       - Latest stable version: 21.1
20:24:59.826 [JavaFX Application Thread] DEBUG GameWorld            - Game world initialized
20:24:59.827 [JavaFX Application Thread] DEBUG PhysicsWorld         - Physics world initialized: appHeight=720, physics.ppm=50.0
20:24:59.827 [JavaFX Application Thread] DEBUG PhysicsWorld         - Using strategy: BRUTE_FORCE
20:24:59.827 [JavaFX Application Thread] DEBUG GameScene            - Game scene initialized: 1280x720
20:24:59.841 [JavaFX Application Thread] DEBUG PrimaryStageWindow   - Push state: MainMenuScene
20:24:59.843 [JavaFX Application Thread] DEBUG Input                - Clearing active input actions
20:24:59.845 [JavaFX Application Thread] DEBUG GameApplicationServi - Removing overlay from NameInputScene and adding to MainMenuScene
20:24:59.845 [JavaFX Application Thread] DEBUG PrimaryStageWindow   - NameInputScene -> MainMenuScene
20:24:59.997 [FXGL Background Thread 3 ] DEBUG Engine               - Logging environment variables
20:24:59.997 [FXGL Background Thread 3 ] DEBUG Engine               - achievements: []
20:24:59.997 [FXGL Background Thread 3 ] DEBUG Engine               - actualHeight: 720.0
20:24:59.997 [FXGL Background Thread 3 ] DEBUG Engine               - actualHeightProperty: ReadOnlyDoubleProperty [value: 720.0]
20:24:59.997 [FXGL Background Thread 3 ] DEBUG Engine               - actualWidth: 1280.0
20:24:59.997 [FXGL Background Thread 3 ] DEBUG Engine               - actualWidthProperty: ReadOnlyDoubleProperty [value: 1280.0]
20:24:59.997 [FXGL Background Thread 3 ] DEBUG Engine               - appIcon: fxgl_icon.png
20:24:59.997 [FXGL Background Thread 3 ] DEBUG Engine               - applicationMode: DEVELOPER
20:24:59.997 [FXGL Background Thread 3 ] DEBUG Engine               - cSSList: [fxgl_dark.css]
20:24:59.997 [FXGL Background Thread 3 ] DEBUG Engine               - collisionDetectionStrategy: BRUTE_FORCE
20:24:59.997 [FXGL Background Thread 3 ] DEBUG Engine               - configClass: Optional.empty
20:24:59.997 [FXGL Background Thread 3 ] DEBUG Engine               - credits: []
20:24:59.998 [FXGL Background Thread 3 ] DEBUG Engine               - defaultCursor: CursorInfo(imageName=fxgl_default_cursor.png, hotspotX=7.0, hotspotY=6.0)
20:24:59.998 [FXGL Background Thread 3 ] DEBUG Engine               - devBBoxColorProperty: ObjectProperty [value: 0xff0000ff]
20:24:59.998 [FXGL Background Thread 3 ] DEBUG Engine               - devEnableDebugCameraProperty: BooleanProperty [value: false]
20:24:59.998 [FXGL Background Thread 3 ] DEBUG Engine               - devSensorColorProperty: ObjectProperty [value: 0xffff00ff]
20:24:59.998 [FXGL Background Thread 3 ] DEBUG Engine               - devShowBBoxProperty: BooleanProperty [value: false]
20:24:59.998 [FXGL Background Thread 3 ] DEBUG Engine               - devShowPositionProperty: BooleanProperty [value: false]
20:24:59.998 [FXGL Background Thread 3 ] DEBUG Engine               - enabledMenuItems: []
20:24:59.998 [FXGL Background Thread 3 ] DEBUG Engine               - engineServices: [class com.almasb.fxgl.app.services.FXGLAssetLoaderService, class com.almasb.fxgl.app.FXGLApplication$GameApplicationService, class com.almasb.fxgl.app.services.FXGLDialogService, class com.almasb.fxgl.app.services.IOTaskExecutorService, class com.almasb.fxgl.io.FileSystemService, class com.almasb.fxgl.localization.LocalizationService, class com.almasb.fxgl.app.services.SystemBundleService, class com.almasb.fxgl.profile.SaveLoadService, class com.almasb.fxgl.ui.FXGLUIFactoryServiceProvider, class com.almasb.fxgl.ui.FXGLDialogFactoryServiceProvider, class com.almasb.fxgl.audio.AudioPlayer, class com.almasb.fxgl.notification.impl.NotificationServiceProvider, class com.almasb.fxgl.achievement.AchievementService, class com.almasb.fxgl.cutscene.CutsceneService, class com.almasb.fxgl.minigames.MiniGameService, class com.almasb.fxgl.net.NetService, class com.almasb.fxgl.app.services.UpdaterService, class com.almasb.fxgl.dev.DevService]
20:24:59.998 [FXGL Background Thread 3 ] DEBUG Engine               - fontGame: Abel-Regular.ttf
20:24:59.998 [FXGL Background Thread 3 ] DEBUG Engine               - fontMono: TerminalLandMono-Regular.otf
20:24:59.998 [FXGL Background Thread 3 ] DEBUG Engine               - fontSizeScaleUI: 1.0
20:24:59.998 [FXGL Background Thread 3 ] DEBUG Engine               - fontText: Courier-Prime.ttf
20:24:59.998 [FXGL Background Thread 3 ] DEBUG Engine               - fontUI: VarelaRound-Regular.ttf
20:24:59.998 [FXGL Background Thread 3 ] DEBUG Engine               - fullScreen: BooleanProperty [value: false]
20:24:59.998 [FXGL Background Thread 3 ] DEBUG Engine               - gameDifficulty: MEDIUM
20:24:59.998 [FXGL Background Thread 3 ] DEBUG Engine               - gameDifficultyProperty: ObjectProperty [value: MEDIUM]
20:24:59.998 [FXGL Background Thread 3 ] DEBUG Engine               - globalMusicVolume: 0.5
20:24:59.998 [FXGL Background Thread 3 ] DEBUG Engine               - globalMusicVolumeProperty: DoubleProperty [value: 0.5]
20:24:59.998 [FXGL Background Thread 3 ] DEBUG Engine               - globalSoundVolume: 0.5
20:24:59.998 [FXGL Background Thread 3 ] DEBUG Engine               - globalSoundVolumeProperty: DoubleProperty [value: 0.5]
20:24:59.998 [FXGL Background Thread 3 ] DEBUG Engine               - height: 720
20:24:59.998 [FXGL Background Thread 3 ] DEBUG Engine               - is3D: false
20:24:59.998 [FXGL Background Thread 3 ] DEBUG Engine               - isAndroid: false
20:24:59.998 [FXGL Background Thread 3 ] DEBUG Engine               - isBrowser: false
20:24:59.998 [FXGL Background Thread 3 ] DEBUG Engine               - isClickFeedbackEnabled: false
20:24:59.999 [FXGL Background Thread 3 ] DEBUG Engine               - isCloseConfirmation: false
20:24:59.999 [FXGL Background Thread 3 ] DEBUG Engine               - isDesktop: true
20:24:59.999 [FXGL Background Thread 3 ] DEBUG Engine               - isDeveloperMenuEnabled: false
20:24:59.999 [FXGL Background Thread 3 ] DEBUG Engine               - isEmbedded: false
20:24:59.999 [FXGL Background Thread 3 ] DEBUG Engine               - isEntityPreloadEnabled: true
20:24:59.999 [FXGL Background Thread 3 ] DEBUG Engine               - isExperimentalTiledLargeMap: false
20:24:59.999 [FXGL Background Thread 3 ] DEBUG Engine               - isFileSystemWriteAllowed: true
20:24:59.999 [FXGL Background Thread 3 ] DEBUG Engine               - isFullScreenAllowed: false
20:24:59.999 [FXGL Background Thread 3 ] DEBUG Engine               - isFullScreenFromStart: false
20:24:59.999 [FXGL Background Thread 3 ] DEBUG Engine               - isGameMenuEnabled: true
20:24:59.999 [FXGL Background Thread 3 ] DEBUG Engine               - isIOS: false
20:24:59.999 [FXGL Background Thread 3 ] DEBUG Engine               - isIntroEnabled: false
20:24:59.999 [FXGL Background Thread 3 ] DEBUG Engine               - isLinux: false
20:24:59.999 [FXGL Background Thread 3 ] DEBUG Engine               - isMac: false
20:24:59.999 [FXGL Background Thread 3 ] DEBUG Engine               - isMainMenuEnabled: true
20:24:59.999 [FXGL Background Thread 3 ] DEBUG Engine               - isManualResizeEnabled: false
20:24:59.999 [FXGL Background Thread 3 ] DEBUG Engine               - isMobile: false
20:24:59.999 [FXGL Background Thread 3 ] DEBUG Engine               - isNative: false
20:24:59.999 [FXGL Background Thread 3 ] DEBUG Engine               - isPauseMusicWhenMinimized: true
20:24:59.999 [FXGL Background Thread 3 ] DEBUG Engine               - isPreserveResizeRatio: false
20:24:59.999 [FXGL Background Thread 3 ] DEBUG Engine               - isProfilingEnabled: false
20:24:59.999 [FXGL Background Thread 3 ] DEBUG Engine               - isScaleAffectedOnResize: true
20:24:59.999 [FXGL Background Thread 3 ] DEBUG Engine               - isSingleStep: false
20:24:59.999 [FXGL Background Thread 3 ] DEBUG Engine               - isUserProfileEnabled: false
20:24:59.999 [FXGL Background Thread 3 ] DEBUG Engine               - isWindows: true
20:24:59.999 [FXGL Background Thread 3 ] DEBUG Engine               - language: ObjectProperty [value: ENGLISH]
20:24:59.999 [FXGL Background Thread 3 ] DEBUG Engine               - menuKey: ESCAPE
20:24:59.999 [FXGL Background Thread 3 ] DEBUG Engine               - mouseSensitivity: 0.2
20:24:59.999 [FXGL Background Thread 3 ] DEBUG Engine               - notificationViewClass: class com.almasb.fxgl.notification.view.XboxNotificationView
20:25:00.000 [FXGL Background Thread 3 ] DEBUG Engine               - pixelsPerMeter: 50.0
20:25:00.000 [FXGL Background Thread 3 ] DEBUG Engine               - platform: WINDOWS
20:25:00.000 [FXGL Background Thread 3 ] DEBUG Engine               - prefHeightProperty: ReadOnlyDoubleProperty [value: 720.0]
20:25:00.000 [FXGL Background Thread 3 ] DEBUG Engine               - prefWidthProperty: ReadOnlyDoubleProperty [value: 1280.0]
20:25:00.000 [FXGL Background Thread 3 ] DEBUG Engine               - profileDir: profiles/
20:25:00.000 [FXGL Background Thread 3 ] DEBUG Engine               - profileName: StringProperty [value: DEFAULT]
20:25:00.000 [FXGL Background Thread 3 ] DEBUG Engine               - randomSeed: -1
20:25:00.000 [FXGL Background Thread 3 ] DEBUG Engine               - runtimeInfo: RuntimeInfo(platform=WINDOWS, version=21+dev-SNAPSHOT, build=26.03.2024 19.46)
20:25:00.000 [FXGL Background Thread 3 ] DEBUG Engine               - saveFileExt: sav
20:25:00.000 [FXGL Background Thread 3 ] DEBUG Engine               - scaledHeightProp$fxgl: DoubleProperty [bound, value: 720.0]
20:25:00.000 [FXGL Background Thread 3 ] DEBUG Engine               - scaledWidthProp$fxgl: DoubleProperty [bound, value: 1280.0]
20:25:00.000 [FXGL Background Thread 3 ] DEBUG Engine               - sceneFactory: org.example.core.GameApp$1@6991fa72
20:25:00.000 [FXGL Background Thread 3 ] DEBUG Engine               - secondsIn24h: 60
20:25:00.000 [FXGL Background Thread 3 ] DEBUG Engine               - soundMenuBack: menu/back.wav
20:25:00.000 [FXGL Background Thread 3 ] DEBUG Engine               - soundMenuPress: menu/press.wav
20:25:00.000 [FXGL Background Thread 3 ] DEBUG Engine               - soundMenuSelect: menu/select.wav
20:25:00.000 [FXGL Background Thread 3 ] DEBUG Engine               - soundNotification: core/notification.wav
20:25:00.000 [FXGL Background Thread 3 ] DEBUG Engine               - stageStyle: DECORATED
20:25:00.000 [FXGL Background Thread 3 ] DEBUG Engine               - supportedLanguages: [ENGLISH, FRENCH, GERMAN, HUNGARIAN, RUSSIAN]
20:25:00.000 [FXGL Background Thread 3 ] DEBUG Engine               - ticksPerSecond: -1
20:25:00.000 [FXGL Background Thread 3 ] DEBUG Engine               - title: Prototype Game
20:25:00.000 [FXGL Background Thread 3 ] DEBUG Engine               - urlGithub: https://github.com/AlmasB/FXGL
20:25:00.000 [FXGL Background Thread 3 ] DEBUG Engine               - urlLeaderboard: http://fxgl-top.herokuapp.com/
20:25:00.000 [FXGL Background Thread 3 ] DEBUG Engine               - urlPOM: https://raw.githubusercontent.com/AlmasB/FXGL/release/README.md
20:25:00.000 [FXGL Background Thread 3 ] DEBUG Engine               - userAppClass: class org.example.core.GameApp
20:25:00.000 [FXGL Background Thread 3 ] DEBUG Engine               - version: 0.1.5
20:25:00.000 [FXGL Background Thread 3 ] DEBUG Engine               - versionCheckDays: 7
20:25:00.000 [FXGL Background Thread 3 ] DEBUG Engine               - width: 1280
20:25:00.000 [FXGL Background Thread 3 ] DEBUG Engine               - Logging services
20:25:00.000 [FXGL Background Thread 3 ] DEBUG Engine               - class com.almasb.fxgl.app.services.FXGLAssetLoaderService
20:25:00.000 [FXGL Background Thread 3 ] DEBUG Engine               - class com.almasb.fxgl.app.FXGLApplication$GameApplicationService
20:25:00.000 [FXGL Background Thread 3 ] DEBUG Engine               - class com.almasb.fxgl.app.services.FXGLDialogService
20:25:00.000 [FXGL Background Thread 3 ] DEBUG Engine               - class com.almasb.fxgl.app.services.IOTaskExecutorService
20:25:00.000 [FXGL Background Thread 3 ] DEBUG Engine               - class com.almasb.fxgl.io.FileSystemService
20:25:00.000 [FXGL Background Thread 3 ] DEBUG Engine               - class com.almasb.fxgl.localization.LocalizationService
20:25:00.000 [FXGL Background Thread 3 ] DEBUG Engine               - class com.almasb.fxgl.app.services.SystemBundleService
20:25:00.000 [FXGL Background Thread 3 ] DEBUG Engine               - class com.almasb.fxgl.profile.SaveLoadService
20:25:00.000 [FXGL Background Thread 3 ] DEBUG Engine               - class com.almasb.fxgl.ui.FXGLUIFactoryServiceProvider
20:25:00.000 [FXGL Background Thread 3 ] DEBUG Engine               - class com.almasb.fxgl.ui.FXGLDialogFactoryServiceProvider
20:25:00.000 [FXGL Background Thread 3 ] DEBUG Engine               - class com.almasb.fxgl.audio.AudioPlayer
20:25:00.000 [FXGL Background Thread 3 ] DEBUG Engine               - class com.almasb.fxgl.notification.impl.NotificationServiceProvider
20:25:00.000 [FXGL Background Thread 3 ] DEBUG Engine               - class com.almasb.fxgl.achievement.AchievementService
20:25:00.000 [FXGL Background Thread 3 ] DEBUG Engine               - class com.almasb.fxgl.cutscene.CutsceneService
20:25:00.000 [FXGL Background Thread 3 ] DEBUG Engine               - class com.almasb.fxgl.minigames.MiniGameService
20:25:00.000 [FXGL Background Thread 3 ] DEBUG Engine               - class com.almasb.fxgl.net.NetService
20:25:00.000 [FXGL Background Thread 3 ] DEBUG Engine               - class com.almasb.fxgl.app.services.UpdaterService
20:25:00.000 [FXGL Background Thread 3 ] DEBUG Engine               - class com.almasb.fxgl.dev.DevService
20:25:00.477 [JavaFX Application Thread] DEBUG GameApplicationServi - Starting new game
20:25:00.478 [JavaFX Application Thread] DEBUG PrimaryStageWindow   - Pop state: MainMenuScene
20:25:00.478 [JavaFX Application Thread] DEBUG Input                - Clearing active input actions
20:25:00.478 [JavaFX Application Thread] DEBUG GameApplicationServi - Removing overlay from MainMenuScene and adding to NameInputScene
20:25:00.479 [JavaFX Application Thread] DEBUG PrimaryStageWindow   - NameInputScene <- MainMenuScene
20:25:00.519 [JavaFX Application Thread] DEBUG PrimaryStageWindow   - Pop state: NameInputScene
20:25:00.519 [JavaFX Application Thread] DEBUG Input                - Clearing active input actions
20:25:00.519 [JavaFX Application Thread] DEBUG GameApplicationServi - Removing overlay from NameInputScene and adding to FXGLMainMenuDummyScene
20:25:00.519 [JavaFX Application Thread] DEBUG PrimaryStageWindow   - FXGLMainMenuDummyScene <- NameInputScene
20:25:00.519 [JavaFX Application Thread] DEBUG Input                - Clearing active input actions
20:25:00.524 [JavaFX Application Thread] DEBUG GameApplicationServi - Removing overlay from FXGLMainMenuDummyScene and adding to FXGLLoadingScene
20:25:00.524 [JavaFX Application Thread] DEBUG PrimaryStageWindow   - FXGLMainMenuDummyScene -> FXGLLoadingScene
20:25:00.524 [JavaFX Application Thread] DEBUG GameApplicationServi - Clearing previous game
20:25:00.524 [JavaFX Application Thread] DEBUG GameScene            - Clearing game scene
20:25:00.524 [JavaFX Application Thread] DEBUG GameWorld            - Clearing game world
20:25:00.524 [JavaFX Application Thread] DEBUG PhysicsWorld         - Clearing physics world
20:25:00.525 [FXGL Background Thread 2 ] DEBUG FXGLApplication      - Initializing game
20:25:00.534 [FXGL Background Thread 2 ] DEBUG FXGLAssetLoaderServi - Loading from file system: file:/F:/my%20files/School/2nd%20year%202nd%20sem/TheOnlyException/Test/target/classes/assets/textures/dasd.png
20:25:00.548 [FXGL Background Thread 2 ] DEBUG FXGLAssetLoaderServi - Loading from file system: file:/F:/my%20files/School/2nd%20year%202nd%20sem/TheOnlyException/Test/target/classes/assets/textures/player-scaled.png
20:25:00.592 [FXGL Background Thread 2 ] INFO  FXGLApplication      - Game initialization took: 0.067 sec
20:25:00.595 [JavaFX Application Thread] DEBUG Input                - Clearing active input actions
20:25:00.600 [JavaFX Application Thread] DEBUG GameApplicationServi - Removing overlay from FXGLLoadingScene and adding to GameScene
20:25:00.600 [JavaFX Application Thread] DEBUG PrimaryStageWindow   - FXGLLoadingScene -> GameScene
20:25:00.815 [JavaFX Application Thread] DEBUG FXGLAssetLoaderServi - Loading from file system: file:/F:/my%20files/School/2nd%20year%202nd%20sem/TheOnlyException/Test/target/classes/assets/textures/MaggotWalk-scaled.png
20:25:00.820 [JavaFX Application Thread] DEBUG FXGLAssetLoaderServi - Loading from file system: file:/F:/my%20files/School/2nd%20year%202nd%20sem/TheOnlyException/Test/target/classes/assets/textures/BeetleMove-scaled.png
20:25:00.822 [JavaFX Application Thread] DEBUG FXGLAssetLoaderServi - Loading from file system: file:/F:/my%20files/School/2nd%20year%202nd%20sem/TheOnlyException/Test/target/classes/assets/textures/MantisMove-scaled.png
20:25:00.823 [JavaFX Application Thread] DEBUG FXGLAssetLoaderServi - Loading from file system: file:/F:/my%20files/School/2nd%20year%202nd%20sem/TheOnlyException/Test/target/classes/assets/textures/BeeMove-scaled.png
20:25:00.825 [JavaFX Application Thread] DEBUG FXGLAssetLoaderServi - Loading from file system: file:/F:/my%20files/School/2nd%20year%202nd%20sem/TheOnlyException/Test/target/classes/assets/textures/GiantFly.png
20:25:00.826 [JavaFX Application Thread] DEBUG FXGLAssetLoaderServi - Loading from file system: file:/F:/my%20files/School/2nd%20year%202nd%20sem/TheOnlyException/Test/target/classes/assets/textures/DragonFly.png
20:25:05.510 [JavaFX Application Thread] DEBUG PrimaryStageWindow   - Push state: DialogSubScene
20:25:05.510 [JavaFX Application Thread] DEBUG Input                - Clearing active input actions
20:25:05.512 [JavaFX Application Thread] DEBUG GameApplicationServi - Removing overlay from GameScene and adding to DialogSubScene
20:25:05.512 [JavaFX Application Thread] DEBUG PrimaryStageWindow   - GameScene -> DialogSubScene
20:25:07.590 [JavaFX Application Thread] DEBUG PrimaryStageWindow   - Pop state: DialogSubScene
20:25:07.590 [JavaFX Application Thread] DEBUG Input                - Clearing active input actions
20:25:07.590 [JavaFX Application Thread] DEBUG GameApplicationServi - Removing overlay from DialogSubScene and adding to GameScene
20:25:07.590 [JavaFX Application Thread] DEBUG PrimaryStageWindow   - GameScene <- DialogSubScene
20:25:11.094 [JavaFX Application Thread] DEBUG PrimaryStageWindow   - Push state: DialogSubScene
20:25:11.094 [JavaFX Application Thread] DEBUG Input                - Clearing active input actions
20:25:11.094 [JavaFX Application Thread] DEBUG GameApplicationServi - Removing overlay from GameScene and adding to DialogSubScene
20:25:11.094 [JavaFX Application Thread] DEBUG PrimaryStageWindow   - GameScene -> DialogSubScene
20:25:11.714 [JavaFX Application Thread] DEBUG PrimaryStageWindow   - Pop state: DialogSubScene
20:25:11.714 [JavaFX Application Thread] DEBUG Input                - Clearing active input actions
20:25:11.715 [JavaFX Application Thread] DEBUG GameApplicationServi - Removing overlay from DialogSubScene and adding to GameScene
20:25:11.715 [JavaFX Application Thread] DEBUG PrimaryStageWindow   - GameScene <- DialogSubScene
20:25:15.473 [JavaFX Application Thread] DEBUG PrimaryStageWindow   - Push state: DialogSubScene
20:25:15.473 [JavaFX Application Thread] DEBUG Input                - Clearing active input actions
20:25:15.474 [JavaFX Application Thread] DEBUG GameApplicationServi - Removing overlay from GameScene and adding to DialogSubScene
20:25:15.474 [JavaFX Application Thread] DEBUG PrimaryStageWindow   - GameScene -> DialogSubScene
20:25:16.240 [JavaFX Application Thread] DEBUG PrimaryStageWindow   - Pop state: DialogSubScene
20:25:16.240 [JavaFX Application Thread] DEBUG Input                - Clearing active input actions
20:25:16.240 [JavaFX Application Thread] DEBUG GameApplicationServi - Removing overlay from DialogSubScene and adding to GameScene
20:25:16.242 [JavaFX Application Thread] DEBUG PrimaryStageWindow   - GameScene <- DialogSubScene
20:25:19.472 [JavaFX Application Thread] WARN  FXGLAssetLoaderServi - Asset "/assets/textures/orange_particle.png" was not found!
20:25:19.473 [JavaFX Application Thread] WARN  FXGLAssetLoaderServi - Failed to load IMAGE
20:25:21.482 [JavaFX Application Thread] WARN  FXGLAssetLoaderServi - Asset "/assets/textures/orange_particle.png" was not found!
20:25:21.482 [JavaFX Application Thread] WARN  FXGLAssetLoaderServi - Failed to load IMAGE
20:25:23.011 [JavaFX Application Thread] DEBUG PrimaryStageWindow   - Push state: DialogSubScene
20:25:23.011 [JavaFX Application Thread] DEBUG Input                - Clearing active input actions
20:25:23.011 [JavaFX Application Thread] DEBUG GameApplicationServi - Removing overlay from GameScene and adding to DialogSubScene
20:25:23.011 [JavaFX Application Thread] DEBUG PrimaryStageWindow   - GameScene -> DialogSubScene
20:25:24.279 [JavaFX Application Thread] DEBUG PrimaryStageWindow   - Pop state: DialogSubScene
20:25:24.279 [JavaFX Application Thread] DEBUG Input                - Clearing active input actions
20:25:24.280 [JavaFX Application Thread] DEBUG GameApplicationServi - Removing overlay from DialogSubScene and adding to GameScene
20:25:24.280 [JavaFX Application Thread] DEBUG PrimaryStageWindow   - GameScene <- DialogSubScene
20:25:24.755 [JavaFX Application Thread] WARN  FXGLAssetLoaderServi - Asset "/assets/textures/orange_particle.png" was not found!
20:25:24.756 [JavaFX Application Thread] WARN  FXGLAssetLoaderServi - Failed to load IMAGE
20:25:26.307 [JavaFX Application Thread] WARN  FXGLAssetLoaderServi - Asset "/assets/textures/orange_particle.png" was not found!
20:25:26.307 [JavaFX Application Thread] WARN  FXGLAssetLoaderServi - Failed to load IMAGE
20:25:27.890 [JavaFX Application Thread] WARN  FXGLAssetLoaderServi - Asset "/assets/textures/orange_particle.png" was not found!
20:25:27.890 [JavaFX Application Thread] WARN  FXGLAssetLoaderServi - Failed to load IMAGE
20:25:28.399 [JavaFX Application Thread] DEBUG FXGLAssetLoaderServi - Loading from file system: file:/F:/my%20files/School/2nd%20year%202nd%20sem/TheOnlyException/Test/target/classes/assets/textures/lightning_strike.png
20:25:29.054 [JavaFX Application Thread] DEBUG PrimaryStageWindow   - Push state: DialogSubScene
20:25:29.054 [JavaFX Application Thread] DEBUG Input                - Clearing active input actions
20:25:29.055 [JavaFX Application Thread] DEBUG GameApplicationServi - Removing overlay from GameScene and adding to DialogSubScene
20:25:29.055 [JavaFX Application Thread] DEBUG PrimaryStageWindow   - GameScene -> DialogSubScene
20:25:30.969 [JavaFX Application Thread] DEBUG PrimaryStageWindow   - Pop state: DialogSubScene
20:25:30.969 [JavaFX Application Thread] DEBUG Input                - Clearing active input actions
20:25:30.969 [JavaFX Application Thread] DEBUG GameApplicationServi - Removing overlay from DialogSubScene and adding to GameScene
20:25:30.969 [JavaFX Application Thread] DEBUG PrimaryStageWindow   - GameScene <- DialogSubScene
20:25:30.970 [JavaFX Application Thread] WARN  FXGLAssetLoaderServi - Asset "/assets/textures/particles/spark.png" was not found!
20:25:30.970 [JavaFX Application Thread] WARN  FXGLAssetLoaderServi - Failed to load RESIZABLE_IMAGE
20:25:31.618 [JavaFX Application Thread] WARN  FXGLAssetLoaderServi - Asset "/assets/textures/orange_particle.png" was not found!
20:25:31.618 [JavaFX Application Thread] WARN  FXGLAssetLoaderServi - Failed to load IMAGE
20:25:32.841 [JavaFX Application Thread] WARN  FXGLAssetLoaderServi - Asset "/assets/textures/orange_particle.png" was not found!
20:25:32.841 [JavaFX Application Thread] WARN  FXGLAssetLoaderServi - Failed to load IMAGE
20:25:34.532 [JavaFX Application Thread] WARN  FXGLAssetLoaderServi - Asset "/assets/textures/orange_particle.png" was not found!
20:25:34.532 [JavaFX Application Thread] WARN  FXGLAssetLoaderServi - Failed to load IMAGE
20:25:36.547 [JavaFX Application Thread] WARN  FXGLAssetLoaderServi - Asset "/assets/textures/orange_particle.png" was not found!
20:25:36.547 [JavaFX Application Thread] WARN  FXGLAssetLoaderServi - Failed to load IMAGE
20:25:38.222 [JavaFX Application Thread] DEBUG PrimaryStageWindow   - Push state: DialogSubScene
20:25:38.222 [JavaFX Application Thread] DEBUG Input                - Clearing active input actions
20:25:38.222 [JavaFX Application Thread] DEBUG GameApplicationServi - Removing overlay from GameScene and adding to DialogSubScene
20:25:38.222 [JavaFX Application Thread] DEBUG PrimaryStageWindow   - GameScene -> DialogSubScene
20:25:39.039 [JavaFX Application Thread] DEBUG PrimaryStageWindow   - Pop state: DialogSubScene
20:25:39.039 [JavaFX Application Thread] DEBUG Input                - Clearing active input actions
20:25:39.039 [JavaFX Application Thread] DEBUG GameApplicationServi - Removing overlay from DialogSubScene and adding to GameScene
20:25:39.039 [JavaFX Application Thread] DEBUG PrimaryStageWindow   - GameScene <- DialogSubScene
20:25:39.362 [JavaFX Application Thread] WARN  FXGLAssetLoaderServi - Asset "/assets/textures/orange_particle.png" was not found!
20:25:39.362 [JavaFX Application Thread] WARN  FXGLAssetLoaderServi - Failed to load IMAGE
20:25:41.308 [JavaFX Application Thread] WARN  FXGLAssetLoaderServi - Asset "/assets/textures/orange_particle.png" was not found!
20:25:41.308 [JavaFX Application Thread] WARN  FXGLAssetLoaderServi - Failed to load IMAGE
20:25:43.289 [JavaFX Application Thread] WARN  FXGLAssetLoaderServi - Asset "/assets/textures/orange_particle.png" was not found!
20:25:43.289 [JavaFX Application Thread] WARN  FXGLAssetLoaderServi - Failed to load IMAGE
20:25:45.299 [JavaFX Application Thread] WARN  FXGLAssetLoaderServi - Asset "/assets/textures/orange_particle.png" was not found!
20:25:45.299 [JavaFX Application Thread] WARN  FXGLAssetLoaderServi - Failed to load IMAGE
20:25:45.424 [JavaFX Application Thread] WARN  FXGLAssetLoaderServi - Asset "/assets/textures/particles/spark.png" was not found!
20:25:45.424 [JavaFX Application Thread] WARN  FXGLAssetLoaderServi - Failed to load RESIZABLE_IMAGE
20:25:47.283 [JavaFX Application Thread] WARN  FXGLAssetLoaderServi - Asset "/assets/textures/orange_particle.png" was not found!
20:25:47.283 [JavaFX Application Thread] WARN  FXGLAssetLoaderServi - Failed to load IMAGE
20:25:49.275 [JavaFX Application Thread] WARN  FXGLAssetLoaderServi - Asset "/assets/textures/orange_particle.png" was not found!
20:25:49.275 [JavaFX Application Thread] WARN  FXGLAssetLoaderServi - Failed to load IMAGE
20:25:51.281 [JavaFX Application Thread] WARN  FXGLAssetLoaderServi - Asset "/assets/textures/orange_particle.png" was not found!
20:25:51.281 [JavaFX Application Thread] WARN  FXGLAssetLoaderServi - Failed to load IMAGE
20:25:53.293 [JavaFX Application Thread] WARN  FXGLAssetLoaderServi - Asset "/assets/textures/orange_particle.png" was not found!
20:25:53.293 [JavaFX Application Thread] WARN  FXGLAssetLoaderServi - Failed to load IMAGE
20:25:53.662 [JavaFX Application Thread] WARN  FXGLAssetLoaderServi - Asset "/assets/textures/particles/glassparticle.png" was not found!
20:25:53.662 [JavaFX Application Thread] WARN  FXGLAssetLoaderServi - Failed to load RESIZABLE_IMAGE
20:25:55.309 [JavaFX Application Thread] WARN  FXGLAssetLoaderServi - Asset "/assets/textures/orange_particle.png" was not found!
20:25:55.309 [JavaFX Application Thread] WARN  FXGLAssetLoaderServi - Failed to load IMAGE
20:25:55.327 [JavaFX Application Thread] DEBUG PrimaryStageWindow   - Push state: DialogSubScene
20:25:55.327 [JavaFX Application Thread] DEBUG Input                - Clearing active input actions
20:25:55.328 [JavaFX Application Thread] DEBUG GameApplicationServi - Removing overlay from GameScene and adding to DialogSubScene
20:25:55.328 [JavaFX Application Thread] DEBUG PrimaryStageWindow   - GameScene -> DialogSubScene
20:25:56.117 [JavaFX Application Thread] DEBUG PrimaryStageWindow   - Pop state: DialogSubScene
20:25:56.117 [JavaFX Application Thread] DEBUG Input                - Clearing active input actions
20:25:56.118 [JavaFX Application Thread] DEBUG GameApplicationServi - Removing overlay from DialogSubScene and adding to GameScene
20:25:56.118 [JavaFX Application Thread] DEBUG PrimaryStageWindow   - GameScene <- DialogSubScene
20:25:58.051 [JavaFX Application Thread] WARN  FXGLAssetLoaderServi - Asset "/assets/textures/orange_particle.png" was not found!
20:25:58.051 [JavaFX Application Thread] WARN  FXGLAssetLoaderServi - Failed to load IMAGE
20:25:59.995 [JavaFX Application Thread] WARN  FXGLAssetLoaderServi - Asset "/assets/textures/orange_particle.png" was not found!
20:25:59.995 [JavaFX Application Thread] WARN  FXGLAssetLoaderServi - Failed to load IMAGE
20:26:01.108 [JavaFX Application Thread] WARN  FXGLAssetLoaderServi - Asset "/assets/textures/particles/spark.png" was not found!
20:26:01.108 [JavaFX Application Thread] WARN  FXGLAssetLoaderServi - Failed to load RESIZABLE_IMAGE
20:26:01.994 [JavaFX Application Thread] WARN  FXGLAssetLoaderServi - Asset "/assets/textures/orange_particle.png" was not found!
20:26:01.994 [JavaFX Application Thread] WARN  FXGLAssetLoaderServi - Failed to load IMAGE
20:26:03.987 [JavaFX Application Thread] WARN  FXGLAssetLoaderServi - Asset "/assets/textures/orange_particle.png" was not found!
20:26:03.987 [JavaFX Application Thread] WARN  FXGLAssetLoaderServi - Failed to load IMAGE
20:26:05.980 [JavaFX Application Thread] WARN  FXGLAssetLoaderServi - Asset "/assets/textures/orange_particle.png" was not found!
20:26:05.981 [JavaFX Application Thread] WARN  FXGLAssetLoaderServi - Failed to load IMAGE
20:26:07.980 [JavaFX Application Thread] WARN  FXGLAssetLoaderServi - Asset "/assets/textures/orange_particle.png" was not found!
20:26:07.980 [JavaFX Application Thread] WARN  FXGLAssetLoaderServi - Failed to load IMAGE
20:26:08.407 [JavaFX Application Thread] DEBUG LoopRunner           - Pausing loop
20:26:09.634 [JavaFX Application Thread] DEBUG LoopRunner           - Resuming loop
20:26:09.635 [JavaFX Application Thread] DEBUG GameWorld            - Game world initialized
20:26:09.635 [JavaFX Application Thread] DEBUG PhysicsWorld         - Physics world initialized: appHeight=720, physics.ppm=50.0
20:26:09.635 [JavaFX Application Thread] DEBUG PhysicsWorld         - Using strategy: BRUTE_FORCE
20:26:09.636 [JavaFX Application Thread] DEBUG GameScene            - Game scene initialized: 1280x720
20:26:09.641 [JavaFX Application Thread] DEBUG PrimaryStageWindow   - Push state: MainMenuScene
20:26:09.643 [JavaFX Application Thread] DEBUG Input                - Clearing active input actions
20:26:09.644 [JavaFX Application Thread] DEBUG GameApplicationServi - Removing overlay from GameScene and adding to MainMenuScene
20:26:09.644 [JavaFX Application Thread] DEBUG PrimaryStageWindow   - GameScene -> MainMenuScene
20:26:14.899 [JavaFX Application Thread] DEBUG FXGLApplication      - Exiting FXGL
20:26:14.899 [JavaFX Application Thread] DEBUG LoopRunner           - Stopping loop
20:26:14.900 [JavaFX Application Thread] DEBUG SystemBundleService  - Saving FXGL system data
20:26:14.900 [JavaFX Application Thread] DEBUG FileSystemAccess     - Writing to: F:\my files\School\2nd year 2nd sem\TheOnlyException\system\fxgl.bundle
20:26:14.956 [JavaFX Application Thread] DEBUG Async                - Shutting down background threads
20:26:14.956 [JavaFX Application Thread] DEBUG PrimaryStageWindow   - Closing main window
20:26:14.972 [JavaFX Application Thread] DEBUG Logger               - Closing Logger
