02:29:09.885 [main                     ] DEBUG Logger               - Configured Logger
02:29:09.904 [main                     ] DEBUG GameApplication      - Logging settings
Title: Prototype
Version: 0.1.5
Width: 1280
Height: 720
Fullscreen: false
Intro: false
Profiling: false
Single step:false
App Mode: DEVELOPER
Menu Key: ESCAPE
Stage Style: DECORATED
Scene Factory: class org.example.GameApp$1

02:29:10.807 [JavaFX Application Thread] DEBUG FXGLApplication      - Initializing FXGL
02:29:10.812 [JavaFX Application Thread] INFO  Engine               - FXGL-17+dev-SNAPSHOT (01.09.2022 03.33) on WINDOWS (J:24 FX:18)
02:29:10.813 [JavaFX Application Thread] DEBUG Engine               - JRE Vendor Name: Oracle Corporation
02:29:10.813 [JavaFX Application Thread] DEBUG Engine               - Running on OS: Windows 10 version 10.0
02:29:10.813 [JavaFX Application Thread] DEBUG Engine               - Architecture: amd64
02:29:10.813 [JavaFX Application Thread] INFO  Engine               - Source code and latest versions at: https://github.com/AlmasB/FXGL
02:29:10.814 [JavaFX Application Thread] INFO  Engine               -       Ask questions and discuss at: https://github.com/AlmasB/FXGL/discussions
02:29:10.814 [JavaFX Application Thread] INFO  Engine               -              Join the FXGL chat at: https://gitter.im/AlmasB/FXGL
02:29:11.045 [JavaFX Application Thread] DEBUG PrimaryStageWindow   - Creating a JavaFX scene
02:29:11.138 [JavaFX Application Thread] DEBUG PrimaryStageWindow   - Target settings size: 1280.0 x 720.0
02:29:11.138 [JavaFX Application Thread] DEBUG PrimaryStageWindow   - Scaled scene size:    1280.0 x 720.0
02:29:11.138 [JavaFX Application Thread] DEBUG PrimaryStageWindow   - Scaled ratio: (1.0, 1.0)
02:29:11.140 [JavaFX Application Thread] DEBUG PrimaryStageWindow   - Set initial scene to FXGLStartupScene
02:29:11.157 [JavaFX Application Thread] DEBUG PrimaryStageWindow   - Opening main window
02:29:11.317 [JavaFX Application Thread] DEBUG PrimaryStageWindow   - Window border size: (16.0, 39.0)
02:29:11.317 [JavaFX Application Thread] DEBUG PrimaryStageWindow   - Scaled size: 1280.0 x 720.0
02:29:11.317 [JavaFX Application Thread] DEBUG PrimaryStageWindow   - Scaled ratio: (1.0, 1.0)
02:29:11.318 [JavaFX Application Thread] DEBUG PrimaryStageWindow   - Scene size: 1280.0 x 720.0
02:29:11.318 [JavaFX Application Thread] DEBUG PrimaryStageWindow   - Stage size: 1296.0 x 759.0
02:29:11.381 [FXGL Background Thread 1 ] DEBUG Engine               - Initializing environment variables
02:29:11.487 [FXGL Background Thread 1 ] DEBUG FXGLAssetLoaderServi - User app class for loading assets: class org.example.GameApp
02:29:11.488 [FXGL Background Thread 1 ] DEBUG GameApplicationServi - Applying CSS: fxgl_dark.css
02:29:11.489 [FXGL Background Thread 1 ] DEBUG FXGLAssetLoaderServi - Loading from file system: jar:file:/C:/Users/kurtd/.m2/repository/com/github/AlmasB/FXGL/fxgl/17.2/fxgl-17.2.jar!/fxglassets/ui/css/fxgl_dark.css
02:29:11.577 [FXGL Background Thread 1 ] DEBUG GameApplicationServi - Initializing application scenes
02:29:11.702 [FXGL Background Thread 1 ] DEBUG GameWorld            - Game world initialized
02:29:11.795 [FXGL Background Thread 1 ] DEBUG PhysicsWorld         - Physics world initialized: appHeight=720, physics.ppm=50.0
02:29:11.796 [FXGL Background Thread 1 ] DEBUG PhysicsWorld         - Using strategy: BRUTE_FORCE
02:29:11.803 [FXGL Background Thread 1 ] DEBUG GameScene            - Game scene initialized: 1280x720
02:29:11.863 [FXGL Background Thread 1 ] DEBUG FXGL.DefaultMenu     - createMenuBodyGameMenu()
02:29:11.885 [FXGL Background Thread 1 ] DEBUG FXGL.DefaultMenu     - createOptionsMenu()
02:29:11.913 [FXGL Background Thread 1 ] DEBUG FXGLAssetLoaderServi - Loading from file system: jar:file:/C:/Users/kurtd/.m2/repository/com/github/AlmasB/FXGL/fxgl/17.2/fxgl-17.2.jar!/fxglassets/textures/particles/smoke.png
02:29:12.095 [FXGL Background Thread 1 ] DEBUG FXGLAssetLoaderServi - Loading from file system: jar:file:/C:/Users/kurtd/.m2/repository/com/github/AlmasB/FXGL/fxgl/17.2/fxgl-17.2.jar!/fxglassets/textures/particles/trace_horizontal.png
02:29:12.133 [FXGL Background Thread 1 ] DEBUG GameApplicationServi - Application scenes initialized
02:29:12.160 [FXGL Background Thread 1 ] DEBUG SystemBundleService  - Loading FXGL system data
02:29:12.171 [FXGL Background Thread 1 ] DEBUG FileSystemAccess     - Reading from: C:\Users\kurtd\IdeaProjects\TheOnlyException\system\fxgl.bundle
02:29:12.183 [FXGL Background Thread 1 ] DEBUG SystemBundleService  - Bundle FXGL: {}
02:29:12.183 [FXGL Background Thread 1 ] DEBUG UpdaterService       - Checking for updates
02:29:12.195 [FXGL Background Thread 1 ] DEBUG FXGLApplication      - Loading default localization
02:29:12.196 [FXGL Background Thread 1 ] DEBUG FXGLAssetLoaderServi - Loading from file system: jar:file:/C:/Users/kurtd/.m2/repository/com/github/AlmasB/FXGL/fxgl/17.2/fxgl-17.2.jar!/fxglassets/languages/english.lang
02:29:12.199 [FXGL Background Thread 4 ] DEBUG FXGLApplication      - Loading fonts
02:29:12.199 [FXGL Background Thread 4 ] DEBUG FXGLAssetLoaderServi - Loading from file system: jar:file:/C:/Users/kurtd/.m2/repository/com/github/AlmasB/FXGL/fxgl-samples/17.2/fxgl-samples-17.2.jar!/assets/ui/fonts/VarelaRound-Regular.ttf
02:29:12.255 [FXGL Background Thread 1 ] INFO  FXGLApplication      - FXGL initialization took: 0.873 sec
02:29:12.263 [FXGL Background Thread 4 ] DEBUG FXGLAssetLoaderServi - Loading from file system: jar:file:/C:/Users/kurtd/.m2/repository/com/github/AlmasB/FXGL/fxgl/17.2/fxgl-17.2.jar!/fxglassets/ui/fonts/Abel-Regular.ttf
02:29:12.270 [JavaFX Application Thread] DEBUG Input                - Registered new binding: action0 - A
02:29:12.270 [JavaFX Application Thread] DEBUG Input                - Registered new binding: action1 - D
02:29:12.271 [JavaFX Application Thread] DEBUG Input                - Registered new binding: action2 - W
02:29:12.272 [JavaFX Application Thread] DEBUG Input                - Registered new binding: action3 - S
02:29:12.273 [JavaFX Application Thread] DEBUG FXGLAssetLoaderServi - Loading from file system: jar:file:/C:/Users/kurtd/.m2/repository/com/github/AlmasB/FXGL/fxgl/17.2/fxgl-17.2.jar!/fxglassets/textures/fxgl_icon.png
02:29:12.297 [FXGL Background Thread 4 ] DEBUG FXGLAssetLoaderServi - Loading from file system: jar:file:/C:/Users/kurtd/.m2/repository/com/github/AlmasB/FXGL/fxgl/17.2/fxgl-17.2.jar!/fxglassets/ui/fonts/TerminalLandMono-Regular.otf
02:29:12.315 [FXGL Background Thread 4 ] DEBUG FXGLAssetLoaderServi - Loading from file system: jar:file:/C:/Users/kurtd/.m2/repository/com/github/AlmasB/FXGL/fxgl/17.2/fxgl-17.2.jar!/fxglassets/ui/fonts/Courier-Prime.ttf
02:29:12.348 [JavaFX Application Thread] DEBUG FXGLAssetLoaderServi - Loading from file system: jar:file:/C:/Users/kurtd/.m2/repository/com/github/AlmasB/FXGL/fxgl/17.2/fxgl-17.2.jar!/fxglassets/textures/fxgl_default_cursor.png
02:29:12.351 [JavaFX Application Thread] DEBUG Input                - Registered new binding: Screenshot - CTRL+8
02:29:12.353 [JavaFX Application Thread] DEBUG Input                - Registered new binding: System info dump - CTRL+9
02:29:12.354 [JavaFX Application Thread] DEBUG Input                - Registered new binding: Restart - CTRL+R
02:29:12.355 [JavaFX Application Thread] DEBUG Input                - Registered new binding: Toggle Debug Camera - CTRL+7
02:29:12.360 [JavaFX Application Thread] DEBUG LoopRunner           - Starting loop
02:29:12.360 [JavaFX Application Thread] DEBUG LoopRunner           - Initializing JavaFX AnimationTimerLoop
02:29:12.364 [JavaFX Application Thread] DEBUG Input                - Clearing active input actions
02:29:12.374 [JavaFX Application Thread] DEBUG GameApplicationServi - Removing overlay from FXGLStartupScene and adding to FXGLMainMenuDummyScene
02:29:12.375 [JavaFX Application Thread] DEBUG PrimaryStageWindow   - FXGLStartupScene -> FXGLMainMenuDummyScene
02:29:12.375 [JavaFX Application Thread] DEBUG PrimaryStageWindow   - Push state: NameInputScene
02:29:12.375 [JavaFX Application Thread] DEBUG Input                - Clearing active input actions
02:29:12.389 [JavaFX Application Thread] DEBUG GameApplicationServi - Removing overlay from FXGLMainMenuDummyScene and adding to NameInputScene
02:29:12.389 [JavaFX Application Thread] DEBUG PrimaryStageWindow   - FXGLMainMenuDummyScene -> NameInputScene
02:29:12.392 [JavaFX Application Thread] DEBUG FXGLApplication      - Registering font factories with UI factory
02:29:13.311 [FXGL Background Thread 2 ] INFO  UpdaterService       - Your current version:  17+dev-SNAPSHOT
02:29:13.311 [FXGL Background Thread 2 ] INFO  UpdaterService       - Latest stable version: 21.1
02:29:14.994 [JavaFX Application Thread] DEBUG Menu                 - fireNewGame()
02:29:14.994 [JavaFX Application Thread] DEBUG GameApplicationServi - Starting new game
02:29:14.994 [JavaFX Application Thread] DEBUG PrimaryStageWindow   - Pop state: NameInputScene
02:29:14.995 [JavaFX Application Thread] DEBUG Input                - Clearing active input actions
02:29:14.996 [JavaFX Application Thread] DEBUG GameApplicationServi - Removing overlay from NameInputScene and adding to FXGLMainMenuDummyScene
02:29:14.996 [JavaFX Application Thread] DEBUG PrimaryStageWindow   - FXGLMainMenuDummyScene <- NameInputScene
02:29:14.997 [JavaFX Application Thread] DEBUG Input                - Clearing active input actions
02:29:15.008 [JavaFX Application Thread] DEBUG GameApplicationServi - Removing overlay from FXGLMainMenuDummyScene and adding to FXGLLoadingScene
02:29:15.009 [JavaFX Application Thread] DEBUG PrimaryStageWindow   - FXGLMainMenuDummyScene -> FXGLLoadingScene
02:29:15.009 [JavaFX Application Thread] DEBUG GameApplicationServi - Clearing previous game
02:29:15.009 [JavaFX Application Thread] DEBUG GameScene            - Clearing game scene
02:29:15.009 [JavaFX Application Thread] DEBUG GameWorld            - Clearing game world
02:29:15.009 [JavaFX Application Thread] DEBUG PhysicsWorld         - Clearing physics world
02:29:15.012 [FXGL Background Thread 2 ] DEBUG FXGLApplication      - Initializing game
02:29:15.014 [FXGL Background Thread 2 ] DEBUG Input                - Clearing active input actions
02:29:15.037 [FXGL Background Thread 2 ] DEBUG FXGLAssetLoaderServi - Loading from file system: file:/C:/Users/kurtd/IdeaProjects/TheOnlyException/Test/target/classes/assets/textures/dasd.png
02:29:15.109 [FXGL Background Thread 2 ] DEBUG FXGLAssetLoaderServi - Loading from file system: file:/C:/Users/kurtd/IdeaProjects/TheOnlyException/Test/target/classes/assets/textures/player-scaled.png
02:29:15.191 [FXGL Background Thread 3 ] DEBUG Engine               - Logging environment variables
02:29:15.191 [FXGL Background Thread 3 ] DEBUG Engine               - achievements: []
02:29:15.191 [FXGL Background Thread 3 ] DEBUG Engine               - actualHeight: 720.0
02:29:15.192 [FXGL Background Thread 3 ] DEBUG Engine               - actualHeightProperty: ReadOnlyDoubleProperty [value: 720.0]
02:29:15.192 [FXGL Background Thread 3 ] DEBUG Engine               - actualWidth: 1280.0
02:29:15.192 [FXGL Background Thread 3 ] DEBUG Engine               - actualWidthProperty: ReadOnlyDoubleProperty [value: 1280.0]
02:29:15.192 [FXGL Background Thread 3 ] DEBUG Engine               - appIcon: fxgl_icon.png
02:29:15.192 [FXGL Background Thread 3 ] DEBUG Engine               - applicationMode: DEVELOPER
02:29:15.192 [FXGL Background Thread 3 ] DEBUG Engine               - cSSList: [fxgl_dark.css]
02:29:15.192 [FXGL Background Thread 3 ] DEBUG Engine               - collisionDetectionStrategy: BRUTE_FORCE
02:29:15.192 [FXGL Background Thread 3 ] DEBUG Engine               - configClass: Optional.empty
02:29:15.192 [FXGL Background Thread 3 ] DEBUG Engine               - credits: []
02:29:15.193 [FXGL Background Thread 3 ] DEBUG Engine               - defaultCursor: CursorInfo(imageName=fxgl_default_cursor.png, hotspotX=7.0, hotspotY=6.0)
02:29:15.193 [FXGL Background Thread 3 ] DEBUG Engine               - devBBoxColorProperty: ObjectProperty [value: 0xff0000ff]
02:29:15.193 [FXGL Background Thread 3 ] DEBUG Engine               - devEnableDebugCameraProperty: BooleanProperty [value: false]
02:29:15.193 [FXGL Background Thread 3 ] DEBUG Engine               - devSensorColorProperty: ObjectProperty [value: 0xffff00ff]
02:29:15.193 [FXGL Background Thread 3 ] DEBUG Engine               - devShowBBoxProperty: BooleanProperty [value: false]
02:29:15.193 [FXGL Background Thread 3 ] DEBUG Engine               - devShowPositionProperty: BooleanProperty [value: false]
02:29:15.193 [FXGL Background Thread 3 ] DEBUG Engine               - enabledMenuItems: []
02:29:15.193 [FXGL Background Thread 3 ] DEBUG Engine               - engineServices: [class com.almasb.fxgl.app.services.FXGLAssetLoaderService, class com.almasb.fxgl.app.FXGLApplication$GameApplicationService, class com.almasb.fxgl.app.services.FXGLDialogService, class com.almasb.fxgl.app.services.IOTaskExecutorService, class com.almasb.fxgl.io.FileSystemService, class com.almasb.fxgl.localization.LocalizationService, class com.almasb.fxgl.app.services.SystemBundleService, class com.almasb.fxgl.profile.SaveLoadService, class com.almasb.fxgl.ui.FXGLUIFactoryServiceProvider, class com.almasb.fxgl.ui.FXGLDialogFactoryServiceProvider, class com.almasb.fxgl.audio.AudioPlayer, class com.almasb.fxgl.notification.impl.NotificationServiceProvider, class com.almasb.fxgl.achievement.AchievementService, class com.almasb.fxgl.cutscene.CutsceneService, class com.almasb.fxgl.minigames.MiniGameService, class com.almasb.fxgl.net.NetService, class com.almasb.fxgl.app.services.UpdaterService, class com.almasb.fxgl.dev.DevService]
02:29:15.193 [FXGL Background Thread 3 ] DEBUG Engine               - fontGame: Abel-Regular.ttf
02:29:15.193 [FXGL Background Thread 3 ] DEBUG Engine               - fontMono: TerminalLandMono-Regular.otf
02:29:15.193 [FXGL Background Thread 3 ] DEBUG Engine               - fontText: Courier-Prime.ttf
02:29:15.194 [FXGL Background Thread 3 ] DEBUG Engine               - fontUI: VarelaRound-Regular.ttf
02:29:15.194 [FXGL Background Thread 3 ] DEBUG Engine               - fullScreen: BooleanProperty [value: false]
02:29:15.194 [FXGL Background Thread 3 ] DEBUG Engine               - gameDifficulty: MEDIUM
02:29:15.194 [FXGL Background Thread 3 ] DEBUG Engine               - gameDifficultyProperty: ObjectProperty [value: MEDIUM]
02:29:15.194 [FXGL Background Thread 3 ] DEBUG Engine               - globalMusicVolume: 0.5
02:29:15.194 [FXGL Background Thread 3 ] DEBUG Engine               - globalMusicVolumeProperty: DoubleProperty [value: 0.5]
02:29:15.194 [FXGL Background Thread 3 ] DEBUG Engine               - globalSoundVolume: 0.5
02:29:15.194 [FXGL Background Thread 3 ] DEBUG Engine               - globalSoundVolumeProperty: DoubleProperty [value: 0.5]
02:29:15.194 [FXGL Background Thread 3 ] DEBUG Engine               - height: 720
02:29:15.194 [FXGL Background Thread 3 ] DEBUG Engine               - is3D: false
02:29:15.194 [FXGL Background Thread 3 ] DEBUG Engine               - isAndroid: false
02:29:15.194 [FXGL Background Thread 3 ] DEBUG Engine               - isBrowser: false
02:29:15.194 [FXGL Background Thread 3 ] DEBUG Engine               - isClickFeedbackEnabled: false
02:29:15.194 [FXGL Background Thread 3 ] DEBUG Engine               - isCloseConfirmation: false
02:29:15.194 [FXGL Background Thread 3 ] DEBUG Engine               - isDesktop: true
02:29:15.194 [FXGL Background Thread 3 ] DEBUG Engine               - isDeveloperMenuEnabled: false
02:29:15.194 [FXGL Background Thread 3 ] DEBUG Engine               - isEmbedded: false
02:29:15.194 [FXGL Background Thread 3 ] DEBUG Engine               - isEntityPreloadEnabled: true
02:29:15.195 [FXGL Background Thread 3 ] DEBUG Engine               - isExperimentalTiledLargeMap: false
02:29:15.195 [FXGL Background Thread 3 ] DEBUG Engine               - isFileSystemWriteAllowed: true
02:29:15.195 [FXGL Background Thread 3 ] DEBUG Engine               - isFullScreenAllowed: false
02:29:15.195 [FXGL Background Thread 3 ] DEBUG Engine               - isFullScreenFromStart: false
02:29:15.195 [FXGL Background Thread 3 ] DEBUG Engine               - isGameMenuEnabled: true
02:29:15.195 [FXGL Background Thread 3 ] DEBUG Engine               - isIOS: false
02:29:15.195 [FXGL Background Thread 3 ] DEBUG Engine               - isIntroEnabled: false
02:29:15.195 [FXGL Background Thread 3 ] DEBUG Engine               - isLinux: false
02:29:15.195 [FXGL Background Thread 3 ] DEBUG Engine               - isMac: false
02:29:15.195 [FXGL Background Thread 3 ] DEBUG Engine               - isMainMenuEnabled: true
02:29:15.195 [FXGL Background Thread 3 ] DEBUG Engine               - isManualResizeEnabled: false
02:29:15.195 [FXGL Background Thread 3 ] DEBUG Engine               - isMobile: false
02:29:15.195 [FXGL Background Thread 3 ] DEBUG Engine               - isNative: false
02:29:15.195 [FXGL Background Thread 3 ] DEBUG Engine               - isPauseMusicWhenMinimized: true
02:29:15.195 [FXGL Background Thread 3 ] DEBUG Engine               - isPreserveResizeRatio: false
02:29:15.195 [FXGL Background Thread 3 ] DEBUG Engine               - isProfilingEnabled: false
02:29:15.195 [FXGL Background Thread 3 ] DEBUG Engine               - isScaleAffectedOnResize: true
02:29:15.195 [FXGL Background Thread 3 ] DEBUG Engine               - isSingleStep: false
02:29:15.195 [FXGL Background Thread 3 ] DEBUG Engine               - isUserProfileEnabled: false
02:29:15.195 [FXGL Background Thread 3 ] DEBUG Engine               - isWindows: true
02:29:15.196 [FXGL Background Thread 3 ] DEBUG Engine               - language: ObjectProperty [value: ENGLISH]
02:29:15.196 [FXGL Background Thread 3 ] DEBUG Engine               - menuKey: ESCAPE
02:29:15.196 [FXGL Background Thread 3 ] DEBUG Engine               - mouseSensitivity: 0.2
02:29:15.196 [FXGL Background Thread 3 ] DEBUG Engine               - notificationViewClass: class com.almasb.fxgl.notification.view.XboxNotificationView
02:29:15.196 [FXGL Background Thread 3 ] DEBUG Engine               - pixelsPerMeter: 50.0
02:29:15.196 [FXGL Background Thread 3 ] DEBUG Engine               - platform: WINDOWS
02:29:15.196 [FXGL Background Thread 3 ] DEBUG Engine               - prefHeightProperty: ReadOnlyDoubleProperty [value: 720.0]
02:29:15.196 [FXGL Background Thread 3 ] DEBUG Engine               - prefWidthProperty: ReadOnlyDoubleProperty [value: 1280.0]
02:29:15.196 [FXGL Background Thread 3 ] DEBUG Engine               - profileDir: profiles/
02:29:15.196 [FXGL Background Thread 3 ] DEBUG Engine               - profileName: StringProperty [value: DEFAULT]
02:29:15.196 [FXGL Background Thread 3 ] DEBUG Engine               - randomSeed: -1
02:29:15.196 [FXGL Background Thread 3 ] DEBUG Engine               - runtimeInfo: RuntimeInfo(platform=WINDOWS, version=17+dev-SNAPSHOT, build=01.09.2022 03.33)
02:29:15.196 [FXGL Background Thread 3 ] DEBUG Engine               - saveFileExt: sav
02:29:15.197 [FXGL Background Thread 3 ] DEBUG Engine               - scaledHeightProp$fxgl: DoubleProperty [bound, value: 720.0]
02:29:15.197 [FXGL Background Thread 3 ] DEBUG Engine               - scaledWidthProp$fxgl: DoubleProperty [bound, value: 1280.0]
02:29:15.197 [FXGL Background Thread 3 ] DEBUG Engine               - sceneFactory: org.example.GameApp$1@22fb7b88
02:29:15.197 [FXGL Background Thread 3 ] DEBUG Engine               - secondsIn24h: 60
02:29:15.197 [FXGL Background Thread 3 ] DEBUG Engine               - soundMenuBack: menu/back.wav
02:29:15.197 [FXGL Background Thread 3 ] DEBUG Engine               - soundMenuPress: menu/press.wav
02:29:15.197 [FXGL Background Thread 3 ] DEBUG Engine               - soundMenuSelect: menu/select.wav
02:29:15.197 [FXGL Background Thread 3 ] DEBUG Engine               - soundNotification: core/notification.wav
02:29:15.197 [FXGL Background Thread 3 ] DEBUG Engine               - stageStyle: DECORATED
02:29:15.197 [FXGL Background Thread 3 ] DEBUG Engine               - supportedLanguages: [ENGLISH, FRENCH, GERMAN, HUNGARIAN, RUSSIAN]
02:29:15.197 [FXGL Background Thread 3 ] DEBUG Engine               - ticksPerSecond: -1
02:29:15.197 [FXGL Background Thread 3 ] DEBUG Engine               - title: Prototype
02:29:15.197 [FXGL Background Thread 3 ] DEBUG Engine               - urlGithub: https://github.com/AlmasB/FXGL
02:29:15.197 [FXGL Background Thread 3 ] DEBUG Engine               - urlLeaderboard: http://fxgl-top.herokuapp.com/
02:29:15.197 [FXGL Background Thread 3 ] DEBUG Engine               - urlPOM: https://raw.githubusercontent.com/AlmasB/FXGL/release/README.md
02:29:15.197 [FXGL Background Thread 3 ] DEBUG Engine               - userAppClass: class org.example.GameApp
02:29:15.197 [FXGL Background Thread 3 ] DEBUG Engine               - version: 0.1.5
02:29:15.197 [FXGL Background Thread 3 ] DEBUG Engine               - versionCheckDays: 7
02:29:15.197 [FXGL Background Thread 3 ] DEBUG Engine               - width: 1280
02:29:15.197 [FXGL Background Thread 3 ] DEBUG Engine               - Logging services
02:29:15.198 [FXGL Background Thread 3 ] DEBUG Engine               - class com.almasb.fxgl.app.services.FXGLAssetLoaderService
02:29:15.198 [FXGL Background Thread 3 ] DEBUG Engine               - class com.almasb.fxgl.app.FXGLApplication$GameApplicationService
02:29:15.198 [FXGL Background Thread 3 ] DEBUG Engine               - class com.almasb.fxgl.app.services.FXGLDialogService
02:29:15.198 [FXGL Background Thread 3 ] DEBUG Engine               - class com.almasb.fxgl.app.services.IOTaskExecutorService
02:29:15.198 [FXGL Background Thread 3 ] DEBUG Engine               - class com.almasb.fxgl.io.FileSystemService
02:29:15.198 [FXGL Background Thread 3 ] DEBUG Engine               - class com.almasb.fxgl.localization.LocalizationService
02:29:15.198 [FXGL Background Thread 3 ] DEBUG Engine               - class com.almasb.fxgl.app.services.SystemBundleService
02:29:15.198 [FXGL Background Thread 3 ] DEBUG Engine               - class com.almasb.fxgl.profile.SaveLoadService
02:29:15.198 [FXGL Background Thread 3 ] DEBUG Engine               - class com.almasb.fxgl.ui.FXGLUIFactoryServiceProvider
02:29:15.198 [FXGL Background Thread 3 ] DEBUG Engine               - class com.almasb.fxgl.ui.FXGLDialogFactoryServiceProvider
02:29:15.198 [FXGL Background Thread 3 ] DEBUG Engine               - class com.almasb.fxgl.audio.AudioPlayer
02:29:15.198 [FXGL Background Thread 3 ] DEBUG Engine               - class com.almasb.fxgl.notification.impl.NotificationServiceProvider
02:29:15.198 [FXGL Background Thread 3 ] DEBUG Engine               - class com.almasb.fxgl.achievement.AchievementService
02:29:15.198 [FXGL Background Thread 3 ] DEBUG Engine               - class com.almasb.fxgl.cutscene.CutsceneService
02:29:15.198 [FXGL Background Thread 3 ] DEBUG Engine               - class com.almasb.fxgl.minigames.MiniGameService
02:29:15.198 [FXGL Background Thread 3 ] DEBUG Engine               - class com.almasb.fxgl.net.NetService
02:29:15.198 [FXGL Background Thread 3 ] DEBUG Engine               - class com.almasb.fxgl.app.services.UpdaterService
02:29:15.198 [FXGL Background Thread 3 ] DEBUG Engine               - class com.almasb.fxgl.dev.DevService
02:29:15.226 [FXGL Background Thread 2 ] INFO  FXGLApplication      - Game initialization took: 0.215 sec
02:29:15.244 [JavaFX Application Thread] DEBUG Input                - Clearing active input actions
02:29:15.255 [JavaFX Application Thread] DEBUG GameApplicationServi - Removing overlay from FXGLLoadingScene and adding to GameScene
02:29:15.255 [JavaFX Application Thread] DEBUG PrimaryStageWindow   - FXGLLoadingScene -> GameScene
02:29:16.042 [JavaFX Application Thread] DEBUG FXGLAssetLoaderServi - Loading from file system: file:/C:/Users/kurtd/IdeaProjects/TheOnlyException/Test/target/classes/assets/textures/MaggotWalk-scaled.png
02:29:16.875 [JavaFX Application Thread] DEBUG FXGLAssetLoaderServi - Loading from file system: file:/C:/Users/kurtd/IdeaProjects/TheOnlyException/Test/target/classes/assets/textures/BeetleMove-scaled.png
02:29:17.640 [JavaFX Application Thread] DEBUG FXGLAssetLoaderServi - Loading from file system: file:/C:/Users/kurtd/IdeaProjects/TheOnlyException/Test/target/classes/assets/textures/MantisMove-scaled.png
02:29:19.429 [JavaFX Application Thread] DEBUG FXGLAssetLoaderServi - Loading from file system: file:/C:/Users/kurtd/IdeaProjects/TheOnlyException/Test/target/classes/assets/textures/lightning_strike.png
02:29:47.158 [JavaFX Application Thread] DEBUG LoopRunner           - Pausing loop
02:29:47.160 [JavaFX Application Thread] DEBUG PrimaryStageWindow   - Push state: DialogSubScene
02:29:47.160 [JavaFX Application Thread] DEBUG Input                - Clearing active input actions
02:29:47.162 [JavaFX Application Thread] DEBUG GameApplicationServi - Removing overlay from GameScene and adding to DialogSubScene
02:29:47.162 [JavaFX Application Thread] DEBUG PrimaryStageWindow   - GameScene -> DialogSubScene
02:42:30.473 [JavaFX Application Thread] DEBUG FXGLApplication      - Exiting FXGL
02:42:30.473 [JavaFX Application Thread] DEBUG LoopRunner           - Stopping loop
02:42:30.473 [JavaFX Application Thread] DEBUG SystemBundleService  - Saving FXGL system data
02:42:30.475 [JavaFX Application Thread] DEBUG FileSystemAccess     - Writing to: C:\Users\kurtd\IdeaProjects\TheOnlyException\system\fxgl.bundle
02:42:30.479 [JavaFX Application Thread] DEBUG Async                - Shutting down background threads
02:42:30.479 [JavaFX Application Thread] DEBUG PrimaryStageWindow   - Closing main window
02:42:30.492 [JavaFX Application Thread] DEBUG Logger               - Closing Logger
