14:50:10.541 [main                     ] DEBUG Logger               - Configured Logger
14:50:10.557 [main                     ] DEBUG GameApplication      - Logging settings
Title: Prototype Game
Version: 0.1.5
Width: 1280
Height: 720
Fullscreen: false
Intro: false
Profiling: false
Single step:false
App Mode: DEVELOPER
Menu Key: ESCAPE
Stage Style: DECORATED
Scene Factory: class org.example.core.GameApp$1

14:50:11.404 [JavaFX Application Thread] DEBUG FXGLApplication      - Initializing FXGL
14:50:11.410 [JavaFX Application Thread] INFO  Engine               - FXGL-21+dev-SNAPSHOT (26.03.2024 21.04) on WINDOWS (J:24 FX:21.0.1)
14:50:11.411 [JavaFX Application Thread] DEBUG Engine               - JRE Vendor Name: Oracle Corporation
14:50:11.411 [JavaFX Application Thread] DEBUG Engine               - Running on OS: Windows 10 version 10.0
14:50:11.411 [JavaFX Application Thread] DEBUG Engine               - Architecture: amd64
14:50:11.411 [JavaFX Application Thread] INFO  Engine               - Source code and latest versions at: https://github.com/AlmasB/FXGL
14:50:11.411 [JavaFX Application Thread] INFO  Engine               -       Ask questions and discuss at: https://github.com/AlmasB/FXGL/discussions
14:50:11.411 [JavaFX Application Thread] INFO  Engine               -              Join the FXGL chat at: https://gitter.im/AlmasB/FXGL
14:50:11.691 [JavaFX Application Thread] DEBUG PrimaryStageWindow   - Creating a JavaFX scene
14:50:11.801 [JavaFX Application Thread] DEBUG PrimaryStageWindow   - Target settings size: 1280.0 x 720.0
14:50:11.801 [JavaFX Application Thread] DEBUG PrimaryStageWindow   - Scaled scene size:    1280.0 x 720.0
14:50:11.801 [JavaFX Application Thread] DEBUG PrimaryStageWindow   - Scaled ratio: (1.0, 1.0)
14:50:11.803 [JavaFX Application Thread] DEBUG PrimaryStageWindow   - Set initial scene to FXGLStartupScene
14:50:11.809 [JavaFX Application Thread] DEBUG PrimaryStageWindow   - Opening main window
14:50:11.957 [JavaFX Application Thread] DEBUG PrimaryStageWindow   - Window border size: (16.0, 39.0)
14:50:11.957 [JavaFX Application Thread] DEBUG PrimaryStageWindow   - Scaled size: 1280.0 x 720.0
14:50:11.957 [JavaFX Application Thread] DEBUG PrimaryStageWindow   - Scaled ratio: (1.0, 1.0)
14:50:11.958 [JavaFX Application Thread] DEBUG PrimaryStageWindow   - Scene size: 1280.0 x 720.0
14:50:11.958 [JavaFX Application Thread] DEBUG PrimaryStageWindow   - Stage size: 1296.0 x 759.0
14:50:11.984 [FXGL Background Thread 1 ] DEBUG Engine               - Initializing environment variables
14:50:12.108 [FXGL Background Thread 1 ] DEBUG FXGLAssetLoaderServi - User app class for loading assets: class org.example.core.GameApp
14:50:12.108 [FXGL Background Thread 1 ] DEBUG GameApplicationServi - Applying CSS: fxgl_dark.css
14:50:12.110 [FXGL Background Thread 1 ] DEBUG FXGLAssetLoaderServi - Loading from file system: jar:file:/C:/Users/kurtd/.m2/repository/com/github/AlmasB/FXGL/fxgl/21.1/fxgl-21.1.jar!/fxglassets/ui/css/fxgl_dark.css
14:50:12.197 [FXGL Background Thread 1 ] DEBUG GameApplicationServi - Initializing application scenes
14:50:12.325 [FXGL Background Thread 1 ] DEBUG GameWorld            - Game world initialized
14:50:12.424 [FXGL Background Thread 1 ] DEBUG PhysicsWorld         - Physics world initialized: appHeight=720, physics.ppm=50.0
14:50:12.424 [FXGL Background Thread 1 ] DEBUG PhysicsWorld         - Using strategy: BRUTE_FORCE
14:50:12.430 [FXGL Background Thread 1 ] DEBUG GameScene            - Game scene initialized: 1280x720
14:50:13.009 [FXGL Background Thread 1 ] DEBUG GameApplicationServi - Application scenes initialized
14:50:13.050 [FXGL Background Thread 1 ] DEBUG SystemBundleService  - Loading FXGL system data
14:50:13.058 [FXGL Background Thread 1 ] DEBUG FileSystemAccess     - Reading from: C:\Users\kurtd\IdeaProjects\TheOnlyException\system\fxgl.bundle
14:50:13.075 [FXGL Background Thread 1 ] DEBUG SystemBundleService  - Bundle FXGL: {}
14:50:13.075 [FXGL Background Thread 1 ] DEBUG UpdaterService       - Checking for updates
14:50:13.090 [FXGL Background Thread 1 ] DEBUG FXGLApplication      - Loading default localization
14:50:13.091 [FXGL Background Thread 1 ] DEBUG FXGLAssetLoaderServi - Loading from file system: jar:file:/C:/Users/kurtd/.m2/repository/com/github/AlmasB/FXGL/fxgl/21.1/fxgl-21.1.jar!/fxglassets/languages/english.lang
14:50:13.127 [FXGL Background Thread 1 ] INFO  FXGLApplication      - FXGL initialization took: 1.142 sec
14:50:13.138 [FXGL Background Thread 4 ] DEBUG FXGLApplication      - Loading fonts
14:50:13.138 [FXGL Background Thread 4 ] DEBUG FXGLAssetLoaderServi - Loading from file system: jar:file:/C:/Users/kurtd/.m2/repository/com/github/AlmasB/FXGL/fxgl-samples/21.1/fxgl-samples-21.1.jar!/assets/ui/fonts/VarelaRound-Regular.ttf
14:50:13.143 [JavaFX Application Thread] DEBUG Input                - Registered new binding: action0 - A
14:50:13.144 [JavaFX Application Thread] DEBUG Input                - Registered new binding: action1 - D
14:50:13.144 [JavaFX Application Thread] DEBUG Input                - Registered new binding: action2 - W
14:50:13.145 [JavaFX Application Thread] DEBUG Input                - Registered new binding: action3 - S
14:50:13.146 [JavaFX Application Thread] DEBUG FXGLAssetLoaderServi - Loading from file system: jar:file:/C:/Users/kurtd/.m2/repository/com/github/AlmasB/FXGL/fxgl/21.1/fxgl-21.1.jar!/fxglassets/textures/fxgl_icon.png
14:50:13.268 [JavaFX Application Thread] DEBUG FXGLAssetLoaderServi - Loading from file system: jar:file:/C:/Users/kurtd/.m2/repository/com/github/AlmasB/FXGL/fxgl/21.1/fxgl-21.1.jar!/fxglassets/textures/fxgl_default_cursor.png
14:50:13.274 [JavaFX Application Thread] DEBUG Input                - Registered new binding: Screenshot - CTRL+8
14:50:13.275 [JavaFX Application Thread] DEBUG Input                - Registered new binding: System info dump - CTRL+9
14:50:13.276 [JavaFX Application Thread] DEBUG Input                - Registered new binding: Restart - CTRL+R
14:50:13.277 [JavaFX Application Thread] DEBUG Input                - Registered new binding: Toggle Debug Camera - CTRL+7
14:50:13.281 [FXGL Background Thread 4 ] DEBUG FXGLAssetLoaderServi - Loading from file system: jar:file:/C:/Users/kurtd/.m2/repository/com/github/AlmasB/FXGL/fxgl/21.1/fxgl-21.1.jar!/fxglassets/ui/fonts/Abel-Regular.ttf
14:50:13.291 [JavaFX Application Thread] DEBUG LoopRunner           - Starting loop
14:50:13.291 [JavaFX Application Thread] DEBUG LoopRunner           - Initializing JavaFX AnimationTimerLoop
14:50:13.305 [JavaFX Application Thread] DEBUG Input                - Clearing active input actions
14:50:13.306 [FXGL Background Thread 4 ] DEBUG FXGLAssetLoaderServi - Loading from file system: jar:file:/C:/Users/kurtd/.m2/repository/com/github/AlmasB/FXGL/fxgl/21.1/fxgl-21.1.jar!/fxglassets/ui/fonts/TerminalLandMono-Regular.otf
14:50:13.341 [FXGL Background Thread 4 ] DEBUG FXGLAssetLoaderServi - Loading from file system: jar:file:/C:/Users/kurtd/.m2/repository/com/github/AlmasB/FXGL/fxgl/21.1/fxgl-21.1.jar!/fxglassets/ui/fonts/Courier-Prime.ttf
14:50:13.368 [JavaFX Application Thread] DEBUG GameApplicationServi - Removing overlay from FXGLStartupScene and adding to FXGLMainMenuDummyScene
14:50:13.369 [JavaFX Application Thread] DEBUG PrimaryStageWindow   - FXGLStartupScene -> FXGLMainMenuDummyScene
14:50:13.369 [JavaFX Application Thread] DEBUG PrimaryStageWindow   - Push state: LoginScene
14:50:13.370 [JavaFX Application Thread] DEBUG Input                - Clearing active input actions
14:50:13.402 [JavaFX Application Thread] DEBUG GameApplicationServi - Removing overlay from FXGLMainMenuDummyScene and adding to LoginScene
14:50:13.403 [JavaFX Application Thread] DEBUG PrimaryStageWindow   - FXGLMainMenuDummyScene -> LoginScene
14:50:13.906 [JavaFX Application Thread] DEBUG FXGLApplication      - Registering font factories with UI factory
14:50:14.557 [FXGL Background Thread 2 ] INFO  UpdaterService       - Your current version:  21+dev-SNAPSHOT
14:50:14.557 [FXGL Background Thread 2 ] INFO  UpdaterService       - Latest stable version: 21.1
14:50:16.087 [FXGL Background Thread 3 ] DEBUG Engine               - Logging environment variables
14:50:16.087 [FXGL Background Thread 3 ] DEBUG Engine               - achievements: []
14:50:16.087 [FXGL Background Thread 3 ] DEBUG Engine               - actualHeight: 720.0
14:50:16.088 [FXGL Background Thread 3 ] DEBUG Engine               - actualHeightProperty: ReadOnlyDoubleProperty [value: 720.0]
14:50:16.088 [FXGL Background Thread 3 ] DEBUG Engine               - actualWidth: 1280.0
14:50:16.088 [FXGL Background Thread 3 ] DEBUG Engine               - actualWidthProperty: ReadOnlyDoubleProperty [value: 1280.0]
14:50:16.088 [FXGL Background Thread 3 ] DEBUG Engine               - appIcon: fxgl_icon.png
14:50:16.088 [FXGL Background Thread 3 ] DEBUG Engine               - applicationMode: DEVELOPER
14:50:16.088 [FXGL Background Thread 3 ] DEBUG Engine               - cSSList: [fxgl_dark.css]
14:50:16.088 [FXGL Background Thread 3 ] DEBUG Engine               - collisionDetectionStrategy: BRUTE_FORCE
14:50:16.088 [FXGL Background Thread 3 ] DEBUG Engine               - configClass: Optional.empty
14:50:16.088 [FXGL Background Thread 3 ] DEBUG Engine               - credits: []
14:50:16.092 [FXGL Background Thread 3 ] DEBUG Engine               - defaultCursor: CursorInfo(imageName=fxgl_default_cursor.png, hotspotX=7.0, hotspotY=6.0)
14:50:16.092 [FXGL Background Thread 3 ] DEBUG Engine               - devBBoxColorProperty: ObjectProperty [value: 0xff0000ff]
14:50:16.092 [FXGL Background Thread 3 ] DEBUG Engine               - devEnableDebugCameraProperty: BooleanProperty [value: false]
14:50:16.092 [FXGL Background Thread 3 ] DEBUG Engine               - devSensorColorProperty: ObjectProperty [value: 0xffff00ff]
14:50:16.092 [FXGL Background Thread 3 ] DEBUG Engine               - devShowBBoxProperty: BooleanProperty [value: false]
14:50:16.092 [FXGL Background Thread 3 ] DEBUG Engine               - devShowPositionProperty: BooleanProperty [value: false]
14:50:16.092 [FXGL Background Thread 3 ] DEBUG Engine               - enabledMenuItems: []
14:50:16.093 [FXGL Background Thread 3 ] DEBUG Engine               - engineServices: [class com.almasb.fxgl.app.services.FXGLAssetLoaderService, class com.almasb.fxgl.app.FXGLApplication$GameApplicationService, class com.almasb.fxgl.app.services.FXGLDialogService, class com.almasb.fxgl.app.services.IOTaskExecutorService, class com.almasb.fxgl.io.FileSystemService, class com.almasb.fxgl.localization.LocalizationService, class com.almasb.fxgl.app.services.SystemBundleService, class com.almasb.fxgl.profile.SaveLoadService, class com.almasb.fxgl.ui.FXGLUIFactoryServiceProvider, class com.almasb.fxgl.ui.FXGLDialogFactoryServiceProvider, class com.almasb.fxgl.audio.AudioPlayer, class com.almasb.fxgl.notification.impl.NotificationServiceProvider, class com.almasb.fxgl.achievement.AchievementService, class com.almasb.fxgl.cutscene.CutsceneService, class com.almasb.fxgl.minigames.MiniGameService, class com.almasb.fxgl.net.NetService, class com.almasb.fxgl.app.services.UpdaterService, class com.almasb.fxgl.dev.DevService]
14:50:16.093 [FXGL Background Thread 3 ] DEBUG Engine               - fontGame: Abel-Regular.ttf
14:50:16.093 [FXGL Background Thread 3 ] DEBUG Engine               - fontMono: TerminalLandMono-Regular.otf
14:50:16.093 [FXGL Background Thread 3 ] DEBUG Engine               - fontSizeScaleUI: 1.0
14:50:16.093 [FXGL Background Thread 3 ] DEBUG Engine               - fontText: Courier-Prime.ttf
14:50:16.093 [FXGL Background Thread 3 ] DEBUG Engine               - fontUI: VarelaRound-Regular.ttf
14:50:16.093 [FXGL Background Thread 3 ] DEBUG Engine               - fullScreen: BooleanProperty [value: false]
14:50:16.093 [FXGL Background Thread 3 ] DEBUG Engine               - gameDifficulty: MEDIUM
14:50:16.093 [FXGL Background Thread 3 ] DEBUG Engine               - gameDifficultyProperty: ObjectProperty [value: MEDIUM]
14:50:16.093 [FXGL Background Thread 3 ] DEBUG Engine               - globalMusicVolume: 0.5
14:50:16.093 [FXGL Background Thread 3 ] DEBUG Engine               - globalMusicVolumeProperty: DoubleProperty [value: 0.5]
14:50:16.093 [FXGL Background Thread 3 ] DEBUG Engine               - globalSoundVolume: 0.5
14:50:16.093 [FXGL Background Thread 3 ] DEBUG Engine               - globalSoundVolumeProperty: DoubleProperty [value: 0.5]
14:50:16.093 [FXGL Background Thread 3 ] DEBUG Engine               - height: 720
14:50:16.093 [FXGL Background Thread 3 ] DEBUG Engine               - is3D: false
14:50:16.093 [FXGL Background Thread 3 ] DEBUG Engine               - isAndroid: false
14:50:16.093 [FXGL Background Thread 3 ] DEBUG Engine               - isBrowser: false
14:50:16.094 [FXGL Background Thread 3 ] DEBUG Engine               - isClickFeedbackEnabled: false
14:50:16.094 [FXGL Background Thread 3 ] DEBUG Engine               - isCloseConfirmation: false
14:50:16.094 [FXGL Background Thread 3 ] DEBUG Engine               - isDesktop: true
14:50:16.094 [FXGL Background Thread 3 ] DEBUG Engine               - isDeveloperMenuEnabled: false
14:50:16.094 [FXGL Background Thread 3 ] DEBUG Engine               - isEmbedded: false
14:50:16.094 [FXGL Background Thread 3 ] DEBUG Engine               - isEntityPreloadEnabled: true
14:50:16.094 [FXGL Background Thread 3 ] DEBUG Engine               - isExperimentalTiledLargeMap: false
14:50:16.094 [FXGL Background Thread 3 ] DEBUG Engine               - isFileSystemWriteAllowed: true
14:50:16.094 [FXGL Background Thread 3 ] DEBUG Engine               - isFullScreenAllowed: false
14:50:16.094 [FXGL Background Thread 3 ] DEBUG Engine               - isFullScreenFromStart: false
14:50:16.094 [FXGL Background Thread 3 ] DEBUG Engine               - isGameMenuEnabled: false
14:50:16.094 [FXGL Background Thread 3 ] DEBUG Engine               - isIOS: false
14:50:16.094 [FXGL Background Thread 3 ] DEBUG Engine               - isIntroEnabled: false
14:50:16.094 [FXGL Background Thread 3 ] DEBUG Engine               - isLinux: false
14:50:16.094 [FXGL Background Thread 3 ] DEBUG Engine               - isMac: false
14:50:16.094 [FXGL Background Thread 3 ] DEBUG Engine               - isMainMenuEnabled: true
14:50:16.094 [FXGL Background Thread 3 ] DEBUG Engine               - isManualResizeEnabled: false
14:50:16.094 [FXGL Background Thread 3 ] DEBUG Engine               - isMobile: false
14:50:16.095 [FXGL Background Thread 3 ] DEBUG Engine               - isNative: false
14:50:16.095 [FXGL Background Thread 3 ] DEBUG Engine               - isPauseMusicWhenMinimized: true
14:50:16.095 [FXGL Background Thread 3 ] DEBUG Engine               - isPreserveResizeRatio: false
14:50:16.095 [FXGL Background Thread 3 ] DEBUG Engine               - isProfilingEnabled: false
14:50:16.095 [FXGL Background Thread 3 ] DEBUG Engine               - isScaleAffectedOnResize: true
14:50:16.095 [FXGL Background Thread 3 ] DEBUG Engine               - isSingleStep: false
14:50:16.095 [FXGL Background Thread 3 ] DEBUG Engine               - isUserProfileEnabled: false
14:50:16.095 [FXGL Background Thread 3 ] DEBUG Engine               - isWindows: true
14:50:16.095 [FXGL Background Thread 3 ] DEBUG Engine               - language: ObjectProperty [value: ENGLISH]
14:50:16.095 [FXGL Background Thread 3 ] DEBUG Engine               - menuKey: ESCAPE
14:50:16.095 [FXGL Background Thread 3 ] DEBUG Engine               - mouseSensitivity: 0.2
14:50:16.095 [FXGL Background Thread 3 ] DEBUG Engine               - notificationViewClass: class com.almasb.fxgl.notification.view.XboxNotificationView
14:50:16.096 [FXGL Background Thread 3 ] DEBUG Engine               - pixelsPerMeter: 50.0
14:50:16.096 [FXGL Background Thread 3 ] DEBUG Engine               - platform: WINDOWS
14:50:16.096 [FXGL Background Thread 3 ] DEBUG Engine               - prefHeightProperty: ReadOnlyDoubleProperty [value: 720.0]
14:50:16.096 [FXGL Background Thread 3 ] DEBUG Engine               - prefWidthProperty: ReadOnlyDoubleProperty [value: 1280.0]
14:50:16.096 [FXGL Background Thread 3 ] DEBUG Engine               - profileDir: profiles/
14:50:16.096 [FXGL Background Thread 3 ] DEBUG Engine               - profileName: StringProperty [value: DEFAULT]
14:50:16.096 [FXGL Background Thread 3 ] DEBUG Engine               - randomSeed: -1
14:50:16.096 [FXGL Background Thread 3 ] DEBUG Engine               - runtimeInfo: RuntimeInfo(platform=WINDOWS, version=21+dev-SNAPSHOT, build=26.03.2024 21.04)
14:50:16.099 [FXGL Background Thread 3 ] DEBUG Engine               - saveFileExt: sav
14:50:16.099 [FXGL Background Thread 3 ] DEBUG Engine               - scaledHeightProp$fxgl: DoubleProperty [bound, value: 720.0]
14:50:16.099 [FXGL Background Thread 3 ] DEBUG Engine               - scaledWidthProp$fxgl: DoubleProperty [bound, value: 1280.0]
14:50:16.099 [FXGL Background Thread 3 ] DEBUG Engine               - sceneFactory: org.example.core.GameApp$1@3ae44f6f
14:50:16.099 [FXGL Background Thread 3 ] DEBUG Engine               - secondsIn24h: 60
14:50:16.099 [FXGL Background Thread 3 ] DEBUG Engine               - soundMenuBack: menu/back.wav
14:50:16.099 [FXGL Background Thread 3 ] DEBUG Engine               - soundMenuPress: menu/press.wav
14:50:16.100 [FXGL Background Thread 3 ] DEBUG Engine               - soundMenuSelect: menu/select.wav
14:50:16.100 [FXGL Background Thread 3 ] DEBUG Engine               - soundNotification: core/notification.wav
14:50:16.100 [FXGL Background Thread 3 ] DEBUG Engine               - stageStyle: DECORATED
14:50:16.100 [FXGL Background Thread 3 ] DEBUG Engine               - supportedLanguages: [ENGLISH, FRENCH, GERMAN, HUNGARIAN, RUSSIAN]
14:50:16.100 [FXGL Background Thread 3 ] DEBUG Engine               - ticksPerSecond: -1
14:50:16.100 [FXGL Background Thread 3 ] DEBUG Engine               - title: Prototype Game
14:50:16.100 [FXGL Background Thread 3 ] DEBUG Engine               - urlGithub: https://github.com/AlmasB/FXGL
14:50:16.100 [FXGL Background Thread 3 ] DEBUG Engine               - urlLeaderboard: http://fxgl-top.herokuapp.com/
14:50:16.100 [FXGL Background Thread 3 ] DEBUG Engine               - urlPOM: https://raw.githubusercontent.com/AlmasB/FXGL/release/README.md
14:50:16.100 [FXGL Background Thread 3 ] DEBUG Engine               - userAppClass: class org.example.core.GameApp
14:50:16.100 [FXGL Background Thread 3 ] DEBUG Engine               - version: 0.1.5
14:50:16.100 [FXGL Background Thread 3 ] DEBUG Engine               - versionCheckDays: 7
14:50:16.100 [FXGL Background Thread 3 ] DEBUG Engine               - width: 1280
14:50:16.100 [FXGL Background Thread 3 ] DEBUG Engine               - Logging services
14:50:16.101 [FXGL Background Thread 3 ] DEBUG Engine               - class com.almasb.fxgl.app.services.FXGLAssetLoaderService
14:50:16.101 [FXGL Background Thread 3 ] DEBUG Engine               - class com.almasb.fxgl.app.FXGLApplication$GameApplicationService
14:50:16.101 [FXGL Background Thread 3 ] DEBUG Engine               - class com.almasb.fxgl.app.services.FXGLDialogService
14:50:16.101 [FXGL Background Thread 3 ] DEBUG Engine               - class com.almasb.fxgl.app.services.IOTaskExecutorService
14:50:16.102 [FXGL Background Thread 3 ] DEBUG Engine               - class com.almasb.fxgl.io.FileSystemService
14:50:16.102 [FXGL Background Thread 3 ] DEBUG Engine               - class com.almasb.fxgl.localization.LocalizationService
14:50:16.102 [FXGL Background Thread 3 ] DEBUG Engine               - class com.almasb.fxgl.app.services.SystemBundleService
14:50:16.102 [FXGL Background Thread 3 ] DEBUG Engine               - class com.almasb.fxgl.profile.SaveLoadService
14:50:16.102 [FXGL Background Thread 3 ] DEBUG Engine               - class com.almasb.fxgl.ui.FXGLUIFactoryServiceProvider
14:50:16.102 [FXGL Background Thread 3 ] DEBUG Engine               - class com.almasb.fxgl.ui.FXGLDialogFactoryServiceProvider
14:50:16.102 [FXGL Background Thread 3 ] DEBUG Engine               - class com.almasb.fxgl.audio.AudioPlayer
14:50:16.102 [FXGL Background Thread 3 ] DEBUG Engine               - class com.almasb.fxgl.notification.impl.NotificationServiceProvider
14:50:16.102 [FXGL Background Thread 3 ] DEBUG Engine               - class com.almasb.fxgl.achievement.AchievementService
14:50:16.102 [FXGL Background Thread 3 ] DEBUG Engine               - class com.almasb.fxgl.cutscene.CutsceneService
14:50:16.102 [FXGL Background Thread 3 ] DEBUG Engine               - class com.almasb.fxgl.minigames.MiniGameService
14:50:16.102 [FXGL Background Thread 3 ] DEBUG Engine               - class com.almasb.fxgl.net.NetService
14:50:16.102 [FXGL Background Thread 3 ] DEBUG Engine               - class com.almasb.fxgl.app.services.UpdaterService
14:50:16.102 [FXGL Background Thread 3 ] DEBUG Engine               - class com.almasb.fxgl.dev.DevService
14:50:20.608 [JavaFX Application Thread] DEBUG GameWorld            - Game world initialized
14:50:20.610 [JavaFX Application Thread] DEBUG PhysicsWorld         - Physics world initialized: appHeight=720, physics.ppm=50.0
14:50:20.610 [JavaFX Application Thread] DEBUG PhysicsWorld         - Using strategy: BRUTE_FORCE
14:50:20.611 [JavaFX Application Thread] DEBUG GameScene            - Game scene initialized: 1280x720
14:50:20.663 [JavaFX Application Thread] DEBUG PrimaryStageWindow   - Push state: MainMenuScene
14:50:20.670 [JavaFX Application Thread] DEBUG Input                - Clearing active input actions
14:50:20.676 [JavaFX Application Thread] DEBUG GameApplicationServi - Removing overlay from LoginScene and adding to MainMenuScene
14:50:20.677 [JavaFX Application Thread] DEBUG PrimaryStageWindow   - LoginScene -> MainMenuScene
14:50:20.695 [JavaFX Application Thread] DEBUG GameWorld            - Game world initialized
14:50:20.697 [JavaFX Application Thread] DEBUG PhysicsWorld         - Physics world initialized: appHeight=720, physics.ppm=50.0
14:50:20.697 [JavaFX Application Thread] DEBUG PhysicsWorld         - Using strategy: BRUTE_FORCE
14:50:20.699 [JavaFX Application Thread] DEBUG GameScene            - Game scene initialized: 1280x720
14:50:20.729 [JavaFX Application Thread] DEBUG PrimaryStageWindow   - Push state: MainMenuScene
14:50:20.811 [JavaFX Application Thread] DEBUG Input                - Clearing active input actions
14:50:20.813 [JavaFX Application Thread] DEBUG GameApplicationServi - Removing overlay from MainMenuScene and adding to MainMenuScene
14:50:20.813 [JavaFX Application Thread] DEBUG PrimaryStageWindow   - MainMenuScene -> MainMenuScene
14:50:24.295 [JavaFX Application Thread] DEBUG GameApplicationServi - Starting new game
14:50:24.296 [JavaFX Application Thread] DEBUG PrimaryStageWindow   - Pop state: MainMenuScene
14:50:24.297 [JavaFX Application Thread] DEBUG Input                - Clearing active input actions
14:50:24.298 [JavaFX Application Thread] DEBUG GameApplicationServi - Removing overlay from MainMenuScene and adding to MainMenuScene
14:50:24.298 [JavaFX Application Thread] DEBUG PrimaryStageWindow   - MainMenuScene <- MainMenuScene
14:50:24.298 [JavaFX Application Thread] DEBUG PrimaryStageWindow   - Pop state: MainMenuScene
14:50:24.298 [JavaFX Application Thread] DEBUG Input                - Clearing active input actions
14:50:24.299 [JavaFX Application Thread] DEBUG GameApplicationServi - Removing overlay from MainMenuScene and adding to LoginScene
14:50:24.299 [JavaFX Application Thread] DEBUG PrimaryStageWindow   - LoginScene <- MainMenuScene
14:50:24.655 [JavaFX Application Thread] DEBUG PrimaryStageWindow   - Pop state: LoginScene
14:50:24.655 [JavaFX Application Thread] DEBUG Input                - Clearing active input actions
14:50:24.655 [JavaFX Application Thread] DEBUG GameApplicationServi - Removing overlay from LoginScene and adding to FXGLMainMenuDummyScene
14:50:24.656 [JavaFX Application Thread] DEBUG PrimaryStageWindow   - FXGLMainMenuDummyScene <- LoginScene
14:50:24.656 [JavaFX Application Thread] DEBUG Input                - Clearing active input actions
14:50:24.670 [JavaFX Application Thread] DEBUG GameApplicationServi - Removing overlay from FXGLMainMenuDummyScene and adding to FXGLLoadingScene
14:50:24.671 [JavaFX Application Thread] DEBUG PrimaryStageWindow   - FXGLMainMenuDummyScene -> FXGLLoadingScene
14:50:24.671 [JavaFX Application Thread] DEBUG GameApplicationServi - Clearing previous game
14:50:24.671 [JavaFX Application Thread] DEBUG GameScene            - Clearing game scene
14:50:24.671 [JavaFX Application Thread] DEBUG GameWorld            - Clearing game world
14:50:24.671 [JavaFX Application Thread] DEBUG PhysicsWorld         - Clearing physics world
14:50:24.673 [FXGL Background Thread 2 ] DEBUG FXGLApplication      - Initializing game
14:50:24.698 [FXGL Background Thread 2 ] DEBUG FXGLAssetLoaderServi - Loading from file system: file:/C:/Users/kurtd/IdeaProjects/TheOnlyException/Test/target/classes/assets/textures/worlda.png
14:50:24.870 [FXGL Background Thread 2 ] DEBUG FXGLAssetLoaderServi - Loading from file system: file:/C:/Users/kurtd/IdeaProjects/TheOnlyException/Test/target/classes/assets/textures/player-scaled.png
14:50:25.004 [FXGL Background Thread 2 ] INFO  FXGLApplication      - Game initialization took: 0.330 sec
14:50:25.006 [JavaFX Application Thread] DEBUG Input                - Clearing active input actions
14:50:25.023 [JavaFX Application Thread] DEBUG GameApplicationServi - Removing overlay from FXGLLoadingScene and adding to GameScene
14:50:25.024 [JavaFX Application Thread] DEBUG PrimaryStageWindow   - FXGLLoadingScene -> GameScene
14:50:26.610 [JavaFX Application Thread] DEBUG FXGLAssetLoaderServi - Loading from file system: file:/C:/Users/kurtd/IdeaProjects/TheOnlyException/Test/target/classes/assets/textures/MaggotWalk-scaled.png
14:50:26.619 [JavaFX Application Thread] DEBUG FXGLAssetLoaderServi - Loading from file system: file:/C:/Users/kurtd/IdeaProjects/TheOnlyException/Test/target/classes/assets/textures/BeetleMove-scaled.png
14:50:26.622 [JavaFX Application Thread] DEBUG FXGLAssetLoaderServi - Loading from file system: file:/C:/Users/kurtd/IdeaProjects/TheOnlyException/Test/target/classes/assets/textures/MantisMove-scaled.png
14:50:26.625 [JavaFX Application Thread] DEBUG FXGLAssetLoaderServi - Loading from file system: file:/C:/Users/kurtd/IdeaProjects/TheOnlyException/Test/target/classes/assets/textures/BeeMove-scaled.png
14:50:26.628 [JavaFX Application Thread] DEBUG FXGLAssetLoaderServi - Loading from file system: file:/C:/Users/kurtd/IdeaProjects/TheOnlyException/Test/target/classes/assets/textures/GiantFly.png
14:50:26.631 [JavaFX Application Thread] DEBUG FXGLAssetLoaderServi - Loading from file system: file:/C:/Users/kurtd/IdeaProjects/TheOnlyException/Test/target/classes/assets/textures/DragonFly.png
14:50:33.812 [JavaFX Application Thread] DEBUG FXGLAssetLoaderServi - Loading from file system: file:/C:/Users/kurtd/IdeaProjects/TheOnlyException/Test/target/classes/assets/textures/realtimedefense.png
14:50:33.845 [JavaFX Application Thread] DEBUG FXGLAssetLoaderServi - Loading from file system: file:/C:/Users/kurtd/IdeaProjects/TheOnlyException/Test/target/classes/assets/textures/systemrestore.png
14:50:33.871 [JavaFX Application Thread] DEBUG FXGLAssetLoaderServi - Loading from file system: file:/C:/Users/kurtd/IdeaProjects/TheOnlyException/Test/target/classes/assets/textures/firewallshield.png
14:50:33.906 [JavaFX Application Thread] DEBUG FXGLAssetLoaderServi - Loading from file system: file:/C:/Users/kurtd/IdeaProjects/TheOnlyException/Test/target/classes/assets/textures/smolderprotocol.png
14:50:33.955 [JavaFX Application Thread] DEBUG PrimaryStageWindow   - Push state: DialogSubScene
14:50:33.955 [JavaFX Application Thread] DEBUG Input                - Clearing active input actions
14:50:33.958 [JavaFX Application Thread] DEBUG GameApplicationServi - Removing overlay from GameScene and adding to DialogSubScene
14:50:33.959 [JavaFX Application Thread] DEBUG PrimaryStageWindow   - GameScene -> DialogSubScene
14:50:35.384 [JavaFX Application Thread] DEBUG PrimaryStageWindow   - Pop state: DialogSubScene
14:50:35.384 [JavaFX Application Thread] DEBUG Input                - Clearing active input actions
14:50:35.385 [JavaFX Application Thread] DEBUG GameApplicationServi - Removing overlay from DialogSubScene and adding to GameScene
14:50:35.385 [JavaFX Application Thread] DEBUG PrimaryStageWindow   - GameScene <- DialogSubScene
14:50:35.386 [JavaFX Application Thread] DEBUG FXGLAssetLoaderServi - Loading from file system: file:/C:/Users/kurtd/IdeaProjects/TheOnlyException/Test/target/classes/assets/textures/realtimedefenseaura.png
14:50:38.898 [JavaFX Application Thread] DEBUG FXGLAssetLoaderServi - Loading from file system: file:/C:/Users/kurtd/IdeaProjects/TheOnlyException/Test/target/classes/assets/textures/datawipe.png
14:50:38.932 [JavaFX Application Thread] DEBUG PrimaryStageWindow   - Push state: DialogSubScene
14:50:38.932 [JavaFX Application Thread] DEBUG Input                - Clearing active input actions
14:50:38.933 [JavaFX Application Thread] DEBUG GameApplicationServi - Removing overlay from GameScene and adding to DialogSubScene
14:50:38.933 [JavaFX Application Thread] DEBUG PrimaryStageWindow   - GameScene -> DialogSubScene
14:50:40.072 [JavaFX Application Thread] DEBUG PrimaryStageWindow   - Pop state: DialogSubScene
14:50:40.072 [JavaFX Application Thread] DEBUG Input                - Clearing active input actions
14:50:40.073 [JavaFX Application Thread] DEBUG GameApplicationServi - Removing overlay from DialogSubScene and adding to GameScene
14:50:40.073 [JavaFX Application Thread] DEBUG PrimaryStageWindow   - GameScene <- DialogSubScene
14:50:47.441 [JavaFX Application Thread] DEBUG PrimaryStageWindow   - Push state: DialogSubScene
14:50:47.442 [JavaFX Application Thread] DEBUG Input                - Clearing active input actions
14:50:47.442 [JavaFX Application Thread] DEBUG GameApplicationServi - Removing overlay from GameScene and adding to DialogSubScene
14:50:47.442 [JavaFX Application Thread] DEBUG PrimaryStageWindow   - GameScene -> DialogSubScene
14:50:49.145 [JavaFX Application Thread] DEBUG PrimaryStageWindow   - Pop state: DialogSubScene
14:50:49.145 [JavaFX Application Thread] DEBUG Input                - Clearing active input actions
14:50:49.146 [JavaFX Application Thread] DEBUG GameApplicationServi - Removing overlay from DialogSubScene and adding to GameScene
14:50:49.146 [JavaFX Application Thread] DEBUG PrimaryStageWindow   - GameScene <- DialogSubScene
14:50:51.228 [JavaFX Application Thread] DEBUG FXGLAssetLoaderServi - Loading from file system: file:/C:/Users/kurtd/IdeaProjects/TheOnlyException/Test/target/classes/assets/textures/datawipemine.png
14:50:54.642 [JavaFX Application Thread] DEBUG FXGLAssetLoaderServi - Loading from file system: file:/C:/Users/kurtd/IdeaProjects/TheOnlyException/Test/target/classes/assets/textures/shortcircuit.png
14:50:54.677 [JavaFX Application Thread] DEBUG PrimaryStageWindow   - Push state: DialogSubScene
14:50:54.677 [JavaFX Application Thread] DEBUG Input                - Clearing active input actions
14:50:54.677 [JavaFX Application Thread] DEBUG GameApplicationServi - Removing overlay from GameScene and adding to DialogSubScene
14:50:54.677 [JavaFX Application Thread] DEBUG PrimaryStageWindow   - GameScene -> DialogSubScene
14:50:56.865 [JavaFX Application Thread] DEBUG PrimaryStageWindow   - Pop state: DialogSubScene
14:50:56.865 [JavaFX Application Thread] DEBUG Input                - Clearing active input actions
14:50:56.865 [JavaFX Application Thread] DEBUG GameApplicationServi - Removing overlay from DialogSubScene and adding to GameScene
14:50:56.865 [JavaFX Application Thread] DEBUG PrimaryStageWindow   - GameScene <- DialogSubScene
14:50:58.493 [JavaFX Application Thread] DEBUG FXGLAssetLoaderServi - Loading from file system: file:/C:/Users/kurtd/IdeaProjects/TheOnlyException/Test/target/classes/assets/textures/datawipeexplosion.png
14:50:58.506 [JavaFX Application Thread] WARN  FXGLAssetLoaderServi - Asset "/assets/textures/orange_particle.png" was not found!
14:50:58.507 [JavaFX Application Thread] WARN  FXGLAssetLoaderServi - Failed to load IMAGE
14:51:00.572 [JavaFX Application Thread] WARN  FXGLAssetLoaderServi - Asset "/assets/textures/orange_particle.png" was not found!
14:51:00.573 [JavaFX Application Thread] WARN  FXGLAssetLoaderServi - Failed to load IMAGE
14:51:01.135 [JavaFX Application Thread] DEBUG PrimaryStageWindow   - Push state: DialogSubScene
14:51:01.135 [JavaFX Application Thread] DEBUG Input                - Clearing active input actions
14:51:01.136 [JavaFX Application Thread] DEBUG GameApplicationServi - Removing overlay from GameScene and adding to DialogSubScene
14:51:01.136 [JavaFX Application Thread] DEBUG PrimaryStageWindow   - GameScene -> DialogSubScene
14:51:02.362 [JavaFX Application Thread] DEBUG PrimaryStageWindow   - Pop state: DialogSubScene
14:51:02.362 [JavaFX Application Thread] DEBUG Input                - Clearing active input actions
14:51:02.362 [JavaFX Application Thread] DEBUG GameApplicationServi - Removing overlay from DialogSubScene and adding to GameScene
14:51:02.362 [JavaFX Application Thread] DEBUG PrimaryStageWindow   - GameScene <- DialogSubScene
14:51:03.790 [JavaFX Application Thread] WARN  FXGLAssetLoaderServi - Asset "/assets/textures/orange_particle.png" was not found!
14:51:03.790 [JavaFX Application Thread] WARN  FXGLAssetLoaderServi - Failed to load IMAGE
14:51:05.886 [JavaFX Application Thread] WARN  FXGLAssetLoaderServi - Asset "/assets/textures/orange_particle.png" was not found!
14:51:05.886 [JavaFX Application Thread] WARN  FXGLAssetLoaderServi - Failed to load IMAGE
14:51:07.057 [JavaFX Application Thread] DEBUG PrimaryStageWindow   - Push state: DialogSubScene
14:51:07.057 [JavaFX Application Thread] DEBUG Input                - Clearing active input actions
14:51:07.058 [JavaFX Application Thread] DEBUG GameApplicationServi - Removing overlay from GameScene and adding to DialogSubScene
14:51:07.058 [JavaFX Application Thread] DEBUG PrimaryStageWindow   - GameScene -> DialogSubScene
14:51:08.153 [JavaFX Application Thread] DEBUG PrimaryStageWindow   - Pop state: DialogSubScene
14:51:08.153 [JavaFX Application Thread] DEBUG Input                - Clearing active input actions
14:51:08.153 [JavaFX Application Thread] DEBUG GameApplicationServi - Removing overlay from DialogSubScene and adding to GameScene
14:51:08.153 [JavaFX Application Thread] DEBUG PrimaryStageWindow   - GameScene <- DialogSubScene
14:51:09.006 [JavaFX Application Thread] WARN  FXGLAssetLoaderServi - Asset "/assets/textures/orange_particle.png" was not found!
14:51:09.006 [JavaFX Application Thread] WARN  FXGLAssetLoaderServi - Failed to load IMAGE
14:51:11.070 [JavaFX Application Thread] WARN  FXGLAssetLoaderServi - Asset "/assets/textures/orange_particle.png" was not found!
14:51:11.070 [JavaFX Application Thread] WARN  FXGLAssetLoaderServi - Failed to load IMAGE
14:51:13.103 [JavaFX Application Thread] WARN  FXGLAssetLoaderServi - Asset "/assets/textures/orange_particle.png" was not found!
14:51:13.103 [JavaFX Application Thread] WARN  FXGLAssetLoaderServi - Failed to load IMAGE
14:51:13.472 [JavaFX Application Thread] DEBUG FXGLAssetLoaderServi - Loading from file system: file:/C:/Users/kurtd/IdeaProjects/TheOnlyException/Test/target/classes/assets/textures/lightning_strike.png
14:51:15.131 [JavaFX Application Thread] WARN  FXGLAssetLoaderServi - Asset "/assets/textures/orange_particle.png" was not found!
14:51:15.132 [JavaFX Application Thread] WARN  FXGLAssetLoaderServi - Failed to load IMAGE
14:51:16.513 [JavaFX Application Thread] DEBUG PrimaryStageWindow   - Push state: DialogSubScene
14:51:16.513 [JavaFX Application Thread] DEBUG Input                - Clearing active input actions
14:51:16.513 [JavaFX Application Thread] DEBUG GameApplicationServi - Removing overlay from GameScene and adding to DialogSubScene
14:51:16.513 [JavaFX Application Thread] DEBUG PrimaryStageWindow   - GameScene -> DialogSubScene
14:51:18.024 [JavaFX Application Thread] DEBUG PrimaryStageWindow   - Pop state: DialogSubScene
14:51:18.024 [JavaFX Application Thread] DEBUG Input                - Clearing active input actions
14:51:18.024 [JavaFX Application Thread] DEBUG GameApplicationServi - Removing overlay from DialogSubScene and adding to GameScene
14:51:18.025 [JavaFX Application Thread] DEBUG PrimaryStageWindow   - GameScene <- DialogSubScene
14:51:18.026 [JavaFX Application Thread] WARN  FXGLAssetLoaderServi - Asset "/assets/textures/particles/spark.png" was not found!
14:51:18.028 [JavaFX Application Thread] WARN  FXGLAssetLoaderServi - Failed to load RESIZABLE_IMAGE
14:51:18.622 [JavaFX Application Thread] WARN  FXGLAssetLoaderServi - Asset "/assets/textures/orange_particle.png" was not found!
14:51:18.622 [JavaFX Application Thread] WARN  FXGLAssetLoaderServi - Failed to load IMAGE
14:51:20.686 [JavaFX Application Thread] WARN  FXGLAssetLoaderServi - Asset "/assets/textures/orange_particle.png" was not found!
14:51:20.686 [JavaFX Application Thread] WARN  FXGLAssetLoaderServi - Failed to load IMAGE
14:51:22.719 [JavaFX Application Thread] WARN  FXGLAssetLoaderServi - Asset "/assets/textures/orange_particle.png" was not found!
14:51:22.719 [JavaFX Application Thread] WARN  FXGLAssetLoaderServi - Failed to load IMAGE
14:51:24.717 [JavaFX Application Thread] WARN  FXGLAssetLoaderServi - Asset "/assets/textures/orange_particle.png" was not found!
14:51:24.717 [JavaFX Application Thread] WARN  FXGLAssetLoaderServi - Failed to load IMAGE
14:51:26.288 [JavaFX Application Thread] DEBUG PrimaryStageWindow   - Push state: DialogSubScene
14:51:26.288 [JavaFX Application Thread] DEBUG Input                - Clearing active input actions
14:51:26.289 [JavaFX Application Thread] DEBUG GameApplicationServi - Removing overlay from GameScene and adding to DialogSubScene
14:51:26.289 [JavaFX Application Thread] DEBUG PrimaryStageWindow   - GameScene -> DialogSubScene
14:51:28.977 [JavaFX Application Thread] DEBUG PrimaryStageWindow   - Pop state: DialogSubScene
14:51:28.977 [JavaFX Application Thread] DEBUG Input                - Clearing active input actions
14:51:28.978 [JavaFX Application Thread] DEBUG GameApplicationServi - Removing overlay from DialogSubScene and adding to GameScene
14:51:28.978 [JavaFX Application Thread] DEBUG PrimaryStageWindow   - GameScene <- DialogSubScene
14:51:29.405 [JavaFX Application Thread] WARN  FXGLAssetLoaderServi - Asset "/assets/textures/orange_particle.png" was not found!
14:51:29.405 [JavaFX Application Thread] WARN  FXGLAssetLoaderServi - Failed to load IMAGE
14:51:31.502 [JavaFX Application Thread] WARN  FXGLAssetLoaderServi - Asset "/assets/textures/orange_particle.png" was not found!
14:51:31.502 [JavaFX Application Thread] WARN  FXGLAssetLoaderServi - Failed to load IMAGE
14:51:33.518 [JavaFX Application Thread] WARN  FXGLAssetLoaderServi - Asset "/assets/textures/orange_particle.png" was not found!
14:51:33.518 [JavaFX Application Thread] WARN  FXGLAssetLoaderServi - Failed to load IMAGE
14:51:35.589 [JavaFX Application Thread] WARN  FXGLAssetLoaderServi - Asset "/assets/textures/orange_particle.png" was not found!
14:51:35.589 [JavaFX Application Thread] WARN  FXGLAssetLoaderServi - Failed to load IMAGE
14:51:35.949 [JavaFX Application Thread] WARN  FXGLAssetLoaderServi - Asset "/assets/textures/particles/spark.png" was not found!
14:51:35.949 [JavaFX Application Thread] WARN  FXGLAssetLoaderServi - Failed to load RESIZABLE_IMAGE
14:51:38.093 [JavaFX Application Thread] WARN  FXGLAssetLoaderServi - Asset "/assets/textures/orange_particle.png" was not found!
14:51:38.093 [JavaFX Application Thread] WARN  FXGLAssetLoaderServi - Failed to load IMAGE
14:51:39.998 [JavaFX Application Thread] WARN  FXGLAssetLoaderServi - Asset "/assets/textures/orange_particle.png" was not found!
14:51:39.998 [JavaFX Application Thread] WARN  FXGLAssetLoaderServi - Failed to load IMAGE
14:51:40.136 [JavaFX Application Thread] DEBUG PrimaryStageWindow   - Push state: DialogSubScene
14:51:40.136 [JavaFX Application Thread] DEBUG Input                - Clearing active input actions
14:51:40.136 [JavaFX Application Thread] DEBUG GameApplicationServi - Removing overlay from GameScene and adding to DialogSubScene
14:51:40.137 [JavaFX Application Thread] DEBUG PrimaryStageWindow   - GameScene -> DialogSubScene
14:51:42.640 [JavaFX Application Thread] DEBUG PrimaryStageWindow   - Pop state: DialogSubScene
14:51:42.640 [JavaFX Application Thread] DEBUG Input                - Clearing active input actions
14:51:42.641 [JavaFX Application Thread] DEBUG GameApplicationServi - Removing overlay from DialogSubScene and adding to GameScene
14:51:42.641 [JavaFX Application Thread] DEBUG PrimaryStageWindow   - GameScene <- DialogSubScene
14:51:44.541 [JavaFX Application Thread] WARN  FXGLAssetLoaderServi - Asset "/assets/textures/orange_particle.png" was not found!
14:51:44.542 [JavaFX Application Thread] WARN  FXGLAssetLoaderServi - Failed to load IMAGE
14:51:46.623 [JavaFX Application Thread] WARN  FXGLAssetLoaderServi - Asset "/assets/textures/orange_particle.png" was not found!
14:51:46.623 [JavaFX Application Thread] WARN  FXGLAssetLoaderServi - Failed to load IMAGE
14:51:48.649 [JavaFX Application Thread] WARN  FXGLAssetLoaderServi - Asset "/assets/textures/orange_particle.png" was not found!
14:51:48.649 [JavaFX Application Thread] WARN  FXGLAssetLoaderServi - Failed to load IMAGE
14:51:50.797 [JavaFX Application Thread] WARN  FXGLAssetLoaderServi - Asset "/assets/textures/orange_particle.png" was not found!
14:51:50.797 [JavaFX Application Thread] WARN  FXGLAssetLoaderServi - Failed to load IMAGE
14:51:53.452 [JavaFX Application Thread] WARN  FXGLAssetLoaderServi - Asset "/assets/textures/orange_particle.png" was not found!
14:51:53.452 [JavaFX Application Thread] WARN  FXGLAssetLoaderServi - Failed to load IMAGE
14:51:53.594 [JavaFX Application Thread] DEBUG PrimaryStageWindow   - Push state: DialogSubScene
14:51:53.594 [JavaFX Application Thread] DEBUG Input                - Clearing active input actions
14:51:53.595 [JavaFX Application Thread] DEBUG GameApplicationServi - Removing overlay from GameScene and adding to DialogSubScene
14:51:53.595 [JavaFX Application Thread] DEBUG PrimaryStageWindow   - GameScene -> DialogSubScene
14:52:15.737 [JavaFX Application Thread] DEBUG FXGLApplication      - Exiting FXGL
14:52:15.737 [JavaFX Application Thread] DEBUG LoopRunner           - Stopping loop
14:52:15.737 [JavaFX Application Thread] DEBUG SystemBundleService  - Saving FXGL system data
14:52:15.739 [JavaFX Application Thread] DEBUG FileSystemAccess     - Writing to: C:\Users\kurtd\IdeaProjects\TheOnlyException\system\fxgl.bundle
14:52:15.741 [JavaFX Application Thread] DEBUG Async                - Shutting down background threads
14:52:15.741 [JavaFX Application Thread] DEBUG PrimaryStageWindow   - Closing main window
14:52:15.756 [JavaFX Application Thread] DEBUG Logger               - Closing Logger
