19:31:37.464 [main                     ] DEBUG Logger               - Configured Logger
19:31:37.468 [main                     ] DEBUG GameApplication      - Logging settings
Title: Prototype Game
Version: 0.1.5
Width: 1280
Height: 720
Fullscreen: false
Intro: false
Profiling: false
Single step:false
App Mode: DEVELOPER
Menu Key: ESCAPE
Stage Style: DECORATED
Scene Factory: class org.example.core.GameApp$1

19:31:37.591 [JavaFX Application Thread] DEBUG FXGLApplication      - Initializing FXGL
19:31:37.593 [JavaFX Application Thread] INFO  Engine               - FXGL-21+dev-SNAPSHOT (26.03.2024 19.46) on WINDOWS (J:24 FX:21.0.1)
19:31:37.593 [JavaFX Application Thread] DEBUG Engine               - JRE Vendor Name: Oracle Corporation
19:31:37.594 [JavaFX Application Thread] DEBUG Engine               - Running on OS: Windows 11 version 10.0
19:31:37.594 [JavaFX Application Thread] DEBUG Engine               - Architecture: amd64
19:31:37.594 [JavaFX Application Thread] INFO  Engine               - Source code and latest versions at: https://github.com/AlmasB/FXGL
19:31:37.594 [JavaFX Application Thread] INFO  Engine               -       Ask questions and discuss at: https://github.com/AlmasB/FXGL/discussions
19:31:37.594 [JavaFX Application Thread] INFO  Engine               -              Join the FXGL chat at: https://gitter.im/AlmasB/FXGL
19:31:37.680 [JavaFX Application Thread] DEBUG PrimaryStageWindow   - Creating a JavaFX scene
19:31:37.709 [JavaFX Application Thread] DEBUG PrimaryStageWindow   - Target settings size: 1280.0 x 720.0
19:31:37.709 [JavaFX Application Thread] DEBUG PrimaryStageWindow   - Scaled scene size:    1280.0 x 720.0
19:31:37.709 [JavaFX Application Thread] DEBUG PrimaryStageWindow   - Scaled ratio: (1.0, 1.0)
19:31:37.711 [JavaFX Application Thread] DEBUG PrimaryStageWindow   - Set initial scene to FXGLStartupScene
19:31:37.714 [JavaFX Application Thread] DEBUG PrimaryStageWindow   - Opening main window
19:31:37.800 [JavaFX Application Thread] DEBUG PrimaryStageWindow   - Window border size: (16.0, 39.0)
19:31:37.800 [JavaFX Application Thread] DEBUG PrimaryStageWindow   - Scaled size: 1280.0 x 720.0
19:31:37.800 [JavaFX Application Thread] DEBUG PrimaryStageWindow   - Scaled ratio: (1.0, 1.0)
19:31:37.800 [JavaFX Application Thread] DEBUG PrimaryStageWindow   - Scene size: 1280.0 x 720.0
19:31:37.801 [JavaFX Application Thread] DEBUG PrimaryStageWindow   - Stage size: 1296.0 x 759.0
19:31:37.806 [FXGL Background Thread 1 ] DEBUG Engine               - Initializing environment variables
19:31:37.856 [FXGL Background Thread 1 ] DEBUG FXGLAssetLoaderServi - User app class for loading assets: class org.example.core.GameApp
19:31:37.856 [FXGL Background Thread 1 ] DEBUG GameApplicationServi - Applying CSS: fxgl_dark.css
19:31:37.857 [FXGL Background Thread 1 ] DEBUG FXGLAssetLoaderServi - Loading from file system: jar:file:/C:/Users/primzcm/.m2/repository/com/github/almasb/fxgl/fxgl/21.1/fxgl-21.1.jar!/fxglassets/ui/css/fxgl_dark.css
19:31:37.891 [FXGL Background Thread 1 ] DEBUG GameApplicationServi - Initializing application scenes
19:31:37.923 [FXGL Background Thread 1 ] DEBUG GameWorld            - Game world initialized
19:31:37.961 [FXGL Background Thread 1 ] DEBUG PhysicsWorld         - Physics world initialized: appHeight=720, physics.ppm=50.0
19:31:37.961 [FXGL Background Thread 1 ] DEBUG PhysicsWorld         - Using strategy: BRUTE_FORCE
19:31:37.964 [FXGL Background Thread 1 ] DEBUG GameScene            - Game scene initialized: 1280x720
19:31:38.154 [FXGL Background Thread 1 ] DEBUG GameApplicationServi - Application scenes initialized
19:31:38.166 [FXGL Background Thread 1 ] DEBUG SystemBundleService  - Loading FXGL system data
19:31:38.170 [FXGL Background Thread 1 ] DEBUG FileSystemAccess     - Reading from: F:\my files\School\2nd year 2nd sem\TheOnlyException\system\fxgl.bundle
19:31:38.175 [FXGL Background Thread 1 ] DEBUG SystemBundleService  - Bundle FXGL: {}
19:31:38.175 [FXGL Background Thread 1 ] DEBUG UpdaterService       - Checking for updates
19:31:38.181 [FXGL Background Thread 4 ] DEBUG FXGLApplication      - Loading fonts
19:31:38.182 [FXGL Background Thread 4 ] DEBUG FXGLAssetLoaderServi - Loading from file system: jar:file:/C:/Users/primzcm/.m2/repository/com/github/almasb/fxgl/fxgl/21.1/fxgl-21.1.jar!/fxglassets/ui/fonts/VarelaRound-Regular.ttf
19:31:38.182 [FXGL Background Thread 1 ] DEBUG FXGLApplication      - Loading default localization
19:31:38.183 [FXGL Background Thread 1 ] DEBUG FXGLAssetLoaderServi - Loading from file system: jar:file:/C:/Users/primzcm/.m2/repository/com/github/almasb/fxgl/fxgl/21.1/fxgl-21.1.jar!/fxglassets/languages/english.lang
19:31:38.185 [FXGL Background Thread 4 ] DEBUG FXGLAssetLoaderServi - Loading from file system: jar:file:/C:/Users/primzcm/.m2/repository/com/github/almasb/fxgl/fxgl/21.1/fxgl-21.1.jar!/fxglassets/ui/fonts/Abel-Regular.ttf
19:31:38.188 [FXGL Background Thread 4 ] DEBUG FXGLAssetLoaderServi - Loading from file system: jar:file:/C:/Users/primzcm/.m2/repository/com/github/almasb/fxgl/fxgl/21.1/fxgl-21.1.jar!/fxglassets/ui/fonts/TerminalLandMono-Regular.otf
19:31:38.190 [FXGL Background Thread 4 ] DEBUG FXGLAssetLoaderServi - Loading from file system: jar:file:/C:/Users/primzcm/.m2/repository/com/github/almasb/fxgl/fxgl/21.1/fxgl-21.1.jar!/fxglassets/ui/fonts/Courier-Prime.ttf
19:31:38.198 [JavaFX Application Thread] DEBUG FXGLApplication      - Registering font factories with UI factory
19:31:38.203 [FXGL Background Thread 1 ] INFO  FXGLApplication      - FXGL initialization took: 0.397 sec
19:31:38.213 [JavaFX Application Thread] DEBUG Input                - Registered new binding: action0 - A
19:31:38.214 [JavaFX Application Thread] DEBUG Input                - Registered new binding: action1 - D
19:31:38.214 [JavaFX Application Thread] DEBUG Input                - Registered new binding: action2 - W
19:31:38.214 [JavaFX Application Thread] DEBUG Input                - Registered new binding: action3 - S
19:31:38.215 [JavaFX Application Thread] DEBUG FXGLAssetLoaderServi - Loading from file system: jar:file:/C:/Users/primzcm/.m2/repository/com/github/almasb/fxgl/fxgl/21.1/fxgl-21.1.jar!/fxglassets/textures/fxgl_icon.png
19:31:38.269 [JavaFX Application Thread] DEBUG FXGLAssetLoaderServi - Loading from file system: jar:file:/C:/Users/primzcm/.m2/repository/com/github/almasb/fxgl/fxgl/21.1/fxgl-21.1.jar!/fxglassets/textures/fxgl_default_cursor.png
19:31:38.273 [JavaFX Application Thread] DEBUG Input                - Registered new binding: Screenshot - CTRL+8
19:31:38.273 [JavaFX Application Thread] DEBUG Input                - Registered new binding: System info dump - CTRL+9
19:31:38.273 [JavaFX Application Thread] DEBUG Input                - Registered new binding: Restart - CTRL+R
19:31:38.275 [JavaFX Application Thread] DEBUG Input                - Registered new binding: Toggle Debug Camera - CTRL+7
19:31:38.279 [JavaFX Application Thread] DEBUG LoopRunner           - Starting loop
19:31:38.279 [JavaFX Application Thread] DEBUG LoopRunner           - Initializing JavaFX AnimationTimerLoop
19:31:38.281 [JavaFX Application Thread] DEBUG Input                - Clearing active input actions
19:31:38.289 [JavaFX Application Thread] DEBUG GameApplicationServi - Removing overlay from FXGLStartupScene and adding to FXGLMainMenuDummyScene
19:31:38.289 [JavaFX Application Thread] DEBUG PrimaryStageWindow   - FXGLStartupScene -> FXGLMainMenuDummyScene
19:31:38.289 [JavaFX Application Thread] DEBUG PrimaryStageWindow   - Push state: LoginScene
19:31:38.291 [JavaFX Application Thread] DEBUG Input                - Clearing active input actions
19:31:38.316 [JavaFX Application Thread] DEBUG GameApplicationServi - Removing overlay from FXGLMainMenuDummyScene and adding to LoginScene
19:31:38.316 [JavaFX Application Thread] DEBUG PrimaryStageWindow   - FXGLMainMenuDummyScene -> LoginScene
19:31:38.525 [FXGL Background Thread 2 ] INFO  UpdaterService       - Your current version:  21+dev-SNAPSHOT
19:31:38.525 [FXGL Background Thread 2 ] INFO  UpdaterService       - Latest stable version: 21.1
19:31:40.865 [JavaFX Application Thread] DEBUG GameWorld            - Game world initialized
19:31:40.866 [JavaFX Application Thread] DEBUG PhysicsWorld         - Physics world initialized: appHeight=720, physics.ppm=50.0
19:31:40.866 [JavaFX Application Thread] DEBUG PhysicsWorld         - Using strategy: BRUTE_FORCE
19:31:40.867 [JavaFX Application Thread] DEBUG GameScene            - Game scene initialized: 1280x720
19:31:40.896 [JavaFX Application Thread] DEBUG PrimaryStageWindow   - Push state: MainMenuScene
19:31:40.900 [JavaFX Application Thread] DEBUG Input                - Clearing active input actions
19:31:40.902 [JavaFX Application Thread] DEBUG GameApplicationServi - Removing overlay from LoginScene and adding to MainMenuScene
19:31:40.902 [JavaFX Application Thread] DEBUG PrimaryStageWindow   - LoginScene -> MainMenuScene
19:31:40.909 [JavaFX Application Thread] DEBUG GameWorld            - Game world initialized
19:31:40.909 [JavaFX Application Thread] DEBUG PhysicsWorld         - Physics world initialized: appHeight=720, physics.ppm=50.0
19:31:40.909 [JavaFX Application Thread] DEBUG PhysicsWorld         - Using strategy: BRUTE_FORCE
19:31:40.911 [JavaFX Application Thread] DEBUG GameScene            - Game scene initialized: 1280x720
19:31:40.924 [JavaFX Application Thread] DEBUG PrimaryStageWindow   - Push state: MainMenuScene
19:31:40.929 [JavaFX Application Thread] DEBUG Input                - Clearing active input actions
19:31:40.931 [JavaFX Application Thread] DEBUG GameApplicationServi - Removing overlay from MainMenuScene and adding to MainMenuScene
19:31:40.931 [JavaFX Application Thread] DEBUG PrimaryStageWindow   - MainMenuScene -> MainMenuScene
19:31:41.181 [FXGL Background Thread 3 ] DEBUG Engine               - Logging environment variables
19:31:41.181 [FXGL Background Thread 3 ] DEBUG Engine               - achievements: []
19:31:41.181 [FXGL Background Thread 3 ] DEBUG Engine               - actualHeight: 720.0
19:31:41.181 [FXGL Background Thread 3 ] DEBUG Engine               - actualHeightProperty: ReadOnlyDoubleProperty [value: 720.0]
19:31:41.181 [FXGL Background Thread 3 ] DEBUG Engine               - actualWidth: 1280.0
19:31:41.181 [FXGL Background Thread 3 ] DEBUG Engine               - actualWidthProperty: ReadOnlyDoubleProperty [value: 1280.0]
19:31:41.181 [FXGL Background Thread 3 ] DEBUG Engine               - appIcon: fxgl_icon.png
19:31:41.181 [FXGL Background Thread 3 ] DEBUG Engine               - applicationMode: DEVELOPER
19:31:41.181 [FXGL Background Thread 3 ] DEBUG Engine               - cSSList: [fxgl_dark.css]
19:31:41.181 [FXGL Background Thread 3 ] DEBUG Engine               - collisionDetectionStrategy: BRUTE_FORCE
19:31:41.181 [FXGL Background Thread 3 ] DEBUG Engine               - configClass: Optional.empty
19:31:41.181 [FXGL Background Thread 3 ] DEBUG Engine               - credits: []
19:31:41.184 [FXGL Background Thread 3 ] DEBUG Engine               - defaultCursor: CursorInfo(imageName=fxgl_default_cursor.png, hotspotX=7.0, hotspotY=6.0)
19:31:41.184 [FXGL Background Thread 3 ] DEBUG Engine               - devBBoxColorProperty: ObjectProperty [value: 0xff0000ff]
19:31:41.184 [FXGL Background Thread 3 ] DEBUG Engine               - devEnableDebugCameraProperty: BooleanProperty [value: false]
19:31:41.185 [FXGL Background Thread 3 ] DEBUG Engine               - devSensorColorProperty: ObjectProperty [value: 0xffff00ff]
19:31:41.185 [FXGL Background Thread 3 ] DEBUG Engine               - devShowBBoxProperty: BooleanProperty [value: false]
19:31:41.185 [FXGL Background Thread 3 ] DEBUG Engine               - devShowPositionProperty: BooleanProperty [value: false]
19:31:41.185 [FXGL Background Thread 3 ] DEBUG Engine               - enabledMenuItems: []
19:31:41.185 [FXGL Background Thread 3 ] DEBUG Engine               - engineServices: [class com.almasb.fxgl.app.services.FXGLAssetLoaderService, class com.almasb.fxgl.app.FXGLApplication$GameApplicationService, class com.almasb.fxgl.app.services.FXGLDialogService, class com.almasb.fxgl.app.services.IOTaskExecutorService, class com.almasb.fxgl.io.FileSystemService, class com.almasb.fxgl.localization.LocalizationService, class com.almasb.fxgl.app.services.SystemBundleService, class com.almasb.fxgl.profile.SaveLoadService, class com.almasb.fxgl.ui.FXGLUIFactoryServiceProvider, class com.almasb.fxgl.ui.FXGLDialogFactoryServiceProvider, class com.almasb.fxgl.audio.AudioPlayer, class com.almasb.fxgl.notification.impl.NotificationServiceProvider, class com.almasb.fxgl.achievement.AchievementService, class com.almasb.fxgl.cutscene.CutsceneService, class com.almasb.fxgl.minigames.MiniGameService, class com.almasb.fxgl.net.NetService, class com.almasb.fxgl.app.services.UpdaterService, class com.almasb.fxgl.dev.DevService]
19:31:41.185 [FXGL Background Thread 3 ] DEBUG Engine               - fontGame: Abel-Regular.ttf
19:31:41.185 [FXGL Background Thread 3 ] DEBUG Engine               - fontMono: TerminalLandMono-Regular.otf
19:31:41.185 [FXGL Background Thread 3 ] DEBUG Engine               - fontSizeScaleUI: 1.0
19:31:41.185 [FXGL Background Thread 3 ] DEBUG Engine               - fontText: Courier-Prime.ttf
19:31:41.185 [FXGL Background Thread 3 ] DEBUG Engine               - fontUI: VarelaRound-Regular.ttf
19:31:41.185 [FXGL Background Thread 3 ] DEBUG Engine               - fullScreen: BooleanProperty [value: false]
19:31:41.185 [FXGL Background Thread 3 ] DEBUG Engine               - gameDifficulty: MEDIUM
19:31:41.185 [FXGL Background Thread 3 ] DEBUG Engine               - gameDifficultyProperty: ObjectProperty [value: MEDIUM]
19:31:41.185 [FXGL Background Thread 3 ] DEBUG Engine               - globalMusicVolume: 0.5
19:31:41.185 [FXGL Background Thread 3 ] DEBUG Engine               - globalMusicVolumeProperty: DoubleProperty [value: 0.5]
19:31:41.185 [FXGL Background Thread 3 ] DEBUG Engine               - globalSoundVolume: 0.5
19:31:41.185 [FXGL Background Thread 3 ] DEBUG Engine               - globalSoundVolumeProperty: DoubleProperty [value: 0.5]
19:31:41.185 [FXGL Background Thread 3 ] DEBUG Engine               - height: 720
19:31:41.185 [FXGL Background Thread 3 ] DEBUG Engine               - is3D: false
19:31:41.186 [FXGL Background Thread 3 ] DEBUG Engine               - isAndroid: false
19:31:41.186 [FXGL Background Thread 3 ] DEBUG Engine               - isBrowser: false
19:31:41.186 [FXGL Background Thread 3 ] DEBUG Engine               - isClickFeedbackEnabled: false
19:31:41.186 [FXGL Background Thread 3 ] DEBUG Engine               - isCloseConfirmation: false
19:31:41.186 [FXGL Background Thread 3 ] DEBUG Engine               - isDesktop: true
19:31:41.186 [FXGL Background Thread 3 ] DEBUG Engine               - isDeveloperMenuEnabled: false
19:31:41.186 [FXGL Background Thread 3 ] DEBUG Engine               - isEmbedded: false
19:31:41.186 [FXGL Background Thread 3 ] DEBUG Engine               - isEntityPreloadEnabled: true
19:31:41.186 [FXGL Background Thread 3 ] DEBUG Engine               - isExperimentalTiledLargeMap: false
19:31:41.186 [FXGL Background Thread 3 ] DEBUG Engine               - isFileSystemWriteAllowed: true
19:31:41.186 [FXGL Background Thread 3 ] DEBUG Engine               - isFullScreenAllowed: false
19:31:41.186 [FXGL Background Thread 3 ] DEBUG Engine               - isFullScreenFromStart: false
19:31:41.186 [FXGL Background Thread 3 ] DEBUG Engine               - isGameMenuEnabled: false
19:31:41.186 [FXGL Background Thread 3 ] DEBUG Engine               - isIOS: false
19:31:41.186 [FXGL Background Thread 3 ] DEBUG Engine               - isIntroEnabled: false
19:31:41.186 [FXGL Background Thread 3 ] DEBUG Engine               - isLinux: false
19:31:41.186 [FXGL Background Thread 3 ] DEBUG Engine               - isMac: false
19:31:41.186 [FXGL Background Thread 3 ] DEBUG Engine               - isMainMenuEnabled: true
19:31:41.186 [FXGL Background Thread 3 ] DEBUG Engine               - isManualResizeEnabled: false
19:31:41.186 [FXGL Background Thread 3 ] DEBUG Engine               - isMobile: false
19:31:41.186 [FXGL Background Thread 3 ] DEBUG Engine               - isNative: false
19:31:41.186 [FXGL Background Thread 3 ] DEBUG Engine               - isPauseMusicWhenMinimized: true
19:31:41.186 [FXGL Background Thread 3 ] DEBUG Engine               - isPreserveResizeRatio: false
19:31:41.186 [FXGL Background Thread 3 ] DEBUG Engine               - isProfilingEnabled: false
19:31:41.186 [FXGL Background Thread 3 ] DEBUG Engine               - isScaleAffectedOnResize: true
19:31:41.186 [FXGL Background Thread 3 ] DEBUG Engine               - isSingleStep: false
19:31:41.186 [FXGL Background Thread 3 ] DEBUG Engine               - isUserProfileEnabled: false
19:31:41.186 [FXGL Background Thread 3 ] DEBUG Engine               - isWindows: true
19:31:41.186 [FXGL Background Thread 3 ] DEBUG Engine               - language: ObjectProperty [value: ENGLISH]
19:31:41.186 [FXGL Background Thread 3 ] DEBUG Engine               - menuKey: ESCAPE
19:31:41.186 [FXGL Background Thread 3 ] DEBUG Engine               - mouseSensitivity: 0.2
19:31:41.186 [FXGL Background Thread 3 ] DEBUG Engine               - notificationViewClass: class com.almasb.fxgl.notification.view.XboxNotificationView
19:31:41.186 [FXGL Background Thread 3 ] DEBUG Engine               - pixelsPerMeter: 50.0
19:31:41.186 [FXGL Background Thread 3 ] DEBUG Engine               - platform: WINDOWS
19:31:41.186 [FXGL Background Thread 3 ] DEBUG Engine               - prefHeightProperty: ReadOnlyDoubleProperty [value: 720.0]
19:31:41.186 [FXGL Background Thread 3 ] DEBUG Engine               - prefWidthProperty: ReadOnlyDoubleProperty [value: 1280.0]
19:31:41.186 [FXGL Background Thread 3 ] DEBUG Engine               - profileDir: profiles/
19:31:41.186 [FXGL Background Thread 3 ] DEBUG Engine               - profileName: StringProperty [value: DEFAULT]
19:31:41.186 [FXGL Background Thread 3 ] DEBUG Engine               - randomSeed: -1
19:31:41.187 [FXGL Background Thread 3 ] DEBUG Engine               - runtimeInfo: RuntimeInfo(platform=WINDOWS, version=21+dev-SNAPSHOT, build=26.03.2024 19.46)
19:31:41.187 [FXGL Background Thread 3 ] DEBUG Engine               - saveFileExt: sav
19:31:41.187 [FXGL Background Thread 3 ] DEBUG Engine               - scaledHeightProp$fxgl: DoubleProperty [bound, value: 720.0]
19:31:41.187 [FXGL Background Thread 3 ] DEBUG Engine               - scaledWidthProp$fxgl: DoubleProperty [bound, value: 1280.0]
19:31:41.187 [FXGL Background Thread 3 ] DEBUG Engine               - sceneFactory: org.example.core.GameApp$1@11f5f63
19:31:41.187 [FXGL Background Thread 3 ] DEBUG Engine               - secondsIn24h: 60
19:31:41.187 [FXGL Background Thread 3 ] DEBUG Engine               - soundMenuBack: menu/back.wav
19:31:41.187 [FXGL Background Thread 3 ] DEBUG Engine               - soundMenuPress: menu/press.wav
19:31:41.187 [FXGL Background Thread 3 ] DEBUG Engine               - soundMenuSelect: menu/select.wav
19:31:41.187 [FXGL Background Thread 3 ] DEBUG Engine               - soundNotification: core/notification.wav
19:31:41.187 [FXGL Background Thread 3 ] DEBUG Engine               - stageStyle: DECORATED
19:31:41.187 [FXGL Background Thread 3 ] DEBUG Engine               - supportedLanguages: [ENGLISH, FRENCH, GERMAN, HUNGARIAN, RUSSIAN]
19:31:41.187 [FXGL Background Thread 3 ] DEBUG Engine               - ticksPerSecond: -1
19:31:41.187 [FXGL Background Thread 3 ] DEBUG Engine               - title: Prototype Game
19:31:41.187 [FXGL Background Thread 3 ] DEBUG Engine               - urlGithub: https://github.com/AlmasB/FXGL
19:31:41.187 [FXGL Background Thread 3 ] DEBUG Engine               - urlLeaderboard: http://fxgl-top.herokuapp.com/
19:31:41.187 [FXGL Background Thread 3 ] DEBUG Engine               - urlPOM: https://raw.githubusercontent.com/AlmasB/FXGL/release/README.md
19:31:41.187 [FXGL Background Thread 3 ] DEBUG Engine               - userAppClass: class org.example.core.GameApp
19:31:41.187 [FXGL Background Thread 3 ] DEBUG Engine               - version: 0.1.5
19:31:41.187 [FXGL Background Thread 3 ] DEBUG Engine               - versionCheckDays: 7
19:31:41.187 [FXGL Background Thread 3 ] DEBUG Engine               - width: 1280
19:31:41.187 [FXGL Background Thread 3 ] DEBUG Engine               - Logging services
19:31:41.187 [FXGL Background Thread 3 ] DEBUG Engine               - class com.almasb.fxgl.app.services.FXGLAssetLoaderService
19:31:41.187 [FXGL Background Thread 3 ] DEBUG Engine               - class com.almasb.fxgl.app.FXGLApplication$GameApplicationService
19:31:41.187 [FXGL Background Thread 3 ] DEBUG Engine               - class com.almasb.fxgl.app.services.FXGLDialogService
19:31:41.187 [FXGL Background Thread 3 ] DEBUG Engine               - class com.almasb.fxgl.app.services.IOTaskExecutorService
19:31:41.187 [FXGL Background Thread 3 ] DEBUG Engine               - class com.almasb.fxgl.io.FileSystemService
19:31:41.187 [FXGL Background Thread 3 ] DEBUG Engine               - class com.almasb.fxgl.localization.LocalizationService
19:31:41.187 [FXGL Background Thread 3 ] DEBUG Engine               - class com.almasb.fxgl.app.services.SystemBundleService
19:31:41.187 [FXGL Background Thread 3 ] DEBUG Engine               - class com.almasb.fxgl.profile.SaveLoadService
19:31:41.187 [FXGL Background Thread 3 ] DEBUG Engine               - class com.almasb.fxgl.ui.FXGLUIFactoryServiceProvider
19:31:41.187 [FXGL Background Thread 3 ] DEBUG Engine               - class com.almasb.fxgl.ui.FXGLDialogFactoryServiceProvider
19:31:41.187 [FXGL Background Thread 3 ] DEBUG Engine               - class com.almasb.fxgl.audio.AudioPlayer
19:31:41.187 [FXGL Background Thread 3 ] DEBUG Engine               - class com.almasb.fxgl.notification.impl.NotificationServiceProvider
19:31:41.187 [FXGL Background Thread 3 ] DEBUG Engine               - class com.almasb.fxgl.achievement.AchievementService
19:31:41.187 [FXGL Background Thread 3 ] DEBUG Engine               - class com.almasb.fxgl.cutscene.CutsceneService
19:31:41.187 [FXGL Background Thread 3 ] DEBUG Engine               - class com.almasb.fxgl.minigames.MiniGameService
19:31:41.187 [FXGL Background Thread 3 ] DEBUG Engine               - class com.almasb.fxgl.net.NetService
19:31:41.188 [FXGL Background Thread 3 ] DEBUG Engine               - class com.almasb.fxgl.app.services.UpdaterService
19:31:41.188 [FXGL Background Thread 3 ] DEBUG Engine               - class com.almasb.fxgl.dev.DevService
19:31:41.888 [JavaFX Application Thread] DEBUG GameApplicationServi - Starting new game
19:31:41.888 [JavaFX Application Thread] DEBUG PrimaryStageWindow   - Pop state: MainMenuScene
19:31:41.888 [JavaFX Application Thread] DEBUG Input                - Clearing active input actions
19:31:41.889 [JavaFX Application Thread] DEBUG GameApplicationServi - Removing overlay from MainMenuScene and adding to MainMenuScene
19:31:41.889 [JavaFX Application Thread] DEBUG PrimaryStageWindow   - MainMenuScene <- MainMenuScene
19:31:41.889 [JavaFX Application Thread] DEBUG PrimaryStageWindow   - Pop state: MainMenuScene
19:31:41.889 [JavaFX Application Thread] DEBUG Input                - Clearing active input actions
19:31:41.889 [JavaFX Application Thread] DEBUG GameApplicationServi - Removing overlay from MainMenuScene and adding to LoginScene
19:31:41.889 [JavaFX Application Thread] DEBUG PrimaryStageWindow   - LoginScene <- MainMenuScene
19:31:41.966 [JavaFX Application Thread] DEBUG PrimaryStageWindow   - Pop state: LoginScene
19:31:41.966 [JavaFX Application Thread] DEBUG Input                - Clearing active input actions
19:31:41.966 [JavaFX Application Thread] DEBUG GameApplicationServi - Removing overlay from LoginScene and adding to FXGLMainMenuDummyScene
19:31:41.966 [JavaFX Application Thread] DEBUG PrimaryStageWindow   - FXGLMainMenuDummyScene <- LoginScene
19:31:41.966 [JavaFX Application Thread] DEBUG Input                - Clearing active input actions
19:31:41.979 [JavaFX Application Thread] DEBUG GameApplicationServi - Removing overlay from FXGLMainMenuDummyScene and adding to FXGLLoadingScene
19:31:41.979 [JavaFX Application Thread] DEBUG PrimaryStageWindow   - FXGLMainMenuDummyScene -> FXGLLoadingScene
19:31:41.979 [JavaFX Application Thread] DEBUG GameApplicationServi - Clearing previous game
19:31:41.979 [JavaFX Application Thread] DEBUG GameScene            - Clearing game scene
19:31:41.979 [JavaFX Application Thread] DEBUG GameWorld            - Clearing game world
19:31:41.979 [JavaFX Application Thread] DEBUG PhysicsWorld         - Clearing physics world
19:31:41.982 [FXGL Background Thread 2 ] DEBUG FXGLApplication      - Initializing game
19:31:41.990 [FXGL Background Thread 2 ] DEBUG FXGLAssetLoaderServi - Loading from file system: file:/F:/my%20files/School/2nd%20year%202nd%20sem/TheOnlyException/Test/target/classes/assets/textures/worlda.png
19:31:42.050 [FXGL Background Thread 2 ] DEBUG FXGLAssetLoaderServi - Loading from file system: file:/F:/my%20files/School/2nd%20year%202nd%20sem/TheOnlyException/Test/target/classes/assets/textures/player-scaled.png
19:31:42.093 [FXGL Background Thread 2 ] INFO  FXGLApplication      - Game initialization took: 0.111 sec
19:31:42.097 [JavaFX Application Thread] DEBUG Input                - Clearing active input actions
19:31:42.106 [JavaFX Application Thread] DEBUG GameApplicationServi - Removing overlay from FXGLLoadingScene and adding to GameScene
19:31:42.106 [JavaFX Application Thread] DEBUG PrimaryStageWindow   - FXGLLoadingScene -> GameScene
19:31:46.594 [JavaFX Application Thread] DEBUG FXGLAssetLoaderServi - Loading from file system: file:/F:/my%20files/School/2nd%20year%202nd%20sem/TheOnlyException/Test/target/classes/assets/textures/MaggotWalk-scaled.png
19:31:46.598 [JavaFX Application Thread] DEBUG FXGLAssetLoaderServi - Loading from file system: file:/F:/my%20files/School/2nd%20year%202nd%20sem/TheOnlyException/Test/target/classes/assets/textures/BeetleMove-scaled.png
19:31:46.600 [JavaFX Application Thread] DEBUG FXGLAssetLoaderServi - Loading from file system: file:/F:/my%20files/School/2nd%20year%202nd%20sem/TheOnlyException/Test/target/classes/assets/textures/MantisMove-scaled.png
19:31:46.601 [JavaFX Application Thread] DEBUG FXGLAssetLoaderServi - Loading from file system: file:/F:/my%20files/School/2nd%20year%202nd%20sem/TheOnlyException/Test/target/classes/assets/textures/BeeMove-scaled.png
19:31:46.602 [JavaFX Application Thread] DEBUG FXGLAssetLoaderServi - Loading from file system: file:/F:/my%20files/School/2nd%20year%202nd%20sem/TheOnlyException/Test/target/classes/assets/textures/GiantFly.png
19:31:46.603 [JavaFX Application Thread] DEBUG FXGLAssetLoaderServi - Loading from file system: file:/F:/my%20files/School/2nd%20year%202nd%20sem/TheOnlyException/Test/target/classes/assets/textures/DragonFly.png
19:31:55.882 [JavaFX Application Thread] DEBUG FXGLAssetLoaderServi - Loading from file system: file:/F:/my%20files/School/2nd%20year%202nd%20sem/TheOnlyException/Test/target/classes/assets/textures/realtimedefense.png
19:31:55.906 [JavaFX Application Thread] DEBUG FXGLAssetLoaderServi - Loading from file system: file:/F:/my%20files/School/2nd%20year%202nd%20sem/TheOnlyException/Test/target/classes/assets/textures/smolderprotocol.png
19:31:55.933 [JavaFX Application Thread] DEBUG FXGLAssetLoaderServi - Loading from file system: file:/F:/my%20files/School/2nd%20year%202nd%20sem/TheOnlyException/Test/target/classes/assets/textures/shortcircuit.png
19:31:55.951 [JavaFX Application Thread] DEBUG FXGLAssetLoaderServi - Loading from file system: file:/F:/my%20files/School/2nd%20year%202nd%20sem/TheOnlyException/Test/target/classes/assets/textures/firewallshield.png
19:31:55.968 [JavaFX Application Thread] DEBUG PrimaryStageWindow   - Push state: DialogSubScene
19:31:55.968 [JavaFX Application Thread] DEBUG Input                - Clearing active input actions
19:31:55.969 [JavaFX Application Thread] DEBUG GameApplicationServi - Removing overlay from GameScene and adding to DialogSubScene
19:31:55.969 [JavaFX Application Thread] DEBUG PrimaryStageWindow   - GameScene -> DialogSubScene
19:31:56.740 [JavaFX Application Thread] DEBUG PrimaryStageWindow   - Pop state: DialogSubScene
19:31:56.740 [JavaFX Application Thread] DEBUG Input                - Clearing active input actions
19:31:56.741 [JavaFX Application Thread] DEBUG GameApplicationServi - Removing overlay from DialogSubScene and adding to GameScene
19:31:56.741 [JavaFX Application Thread] DEBUG PrimaryStageWindow   - GameScene <- DialogSubScene
19:32:01.564 [JavaFX Application Thread] DEBUG FXGLAssetLoaderServi - Loading from file system: file:/F:/my%20files/School/2nd%20year%202nd%20sem/TheOnlyException/Test/target/classes/assets/textures/lightning_strike.png
19:32:02.652 [JavaFX Application Thread] DEBUG FXGLAssetLoaderServi - Loading from file system: file:/F:/my%20files/School/2nd%20year%202nd%20sem/TheOnlyException/Test/target/classes/assets/textures/datawipe.png
19:32:02.669 [JavaFX Application Thread] DEBUG PrimaryStageWindow   - Push state: DialogSubScene
19:32:02.669 [JavaFX Application Thread] DEBUG Input                - Clearing active input actions
19:32:02.669 [JavaFX Application Thread] DEBUG GameApplicationServi - Removing overlay from GameScene and adding to DialogSubScene
19:32:02.669 [JavaFX Application Thread] DEBUG PrimaryStageWindow   - GameScene -> DialogSubScene
19:32:03.225 [JavaFX Application Thread] DEBUG PrimaryStageWindow   - Pop state: DialogSubScene
19:32:03.225 [JavaFX Application Thread] DEBUG Input                - Clearing active input actions
19:32:03.226 [JavaFX Application Thread] DEBUG GameApplicationServi - Removing overlay from DialogSubScene and adding to GameScene
19:32:03.226 [JavaFX Application Thread] DEBUG PrimaryStageWindow   - GameScene <- DialogSubScene
19:32:03.229 [JavaFX Application Thread] WARN  FXGLAssetLoaderServi - Asset "/assets/textures/particles/spark.png" was not found!
19:32:03.230 [JavaFX Application Thread] WARN  FXGLAssetLoaderServi - Failed to load RESIZABLE_IMAGE
19:32:07.475 [JavaFX Application Thread] DEBUG PrimaryStageWindow   - Push state: DialogSubScene
19:32:07.475 [JavaFX Application Thread] DEBUG Input                - Clearing active input actions
19:32:07.476 [JavaFX Application Thread] DEBUG GameApplicationServi - Removing overlay from GameScene and adding to DialogSubScene
19:32:07.476 [JavaFX Application Thread] DEBUG PrimaryStageWindow   - GameScene -> DialogSubScene
19:32:08.198 [JavaFX Application Thread] DEBUG PrimaryStageWindow   - Pop state: DialogSubScene
19:32:08.198 [JavaFX Application Thread] DEBUG Input                - Clearing active input actions
19:32:08.199 [JavaFX Application Thread] DEBUG GameApplicationServi - Removing overlay from DialogSubScene and adding to GameScene
19:32:08.199 [JavaFX Application Thread] DEBUG PrimaryStageWindow   - GameScene <- DialogSubScene
19:32:13.635 [JavaFX Application Thread] DEBUG FXGLAssetLoaderServi - Loading from file system: file:/F:/my%20files/School/2nd%20year%202nd%20sem/TheOnlyException/Test/target/classes/assets/textures/systemrestore.png
19:32:13.651 [JavaFX Application Thread] DEBUG PrimaryStageWindow   - Push state: DialogSubScene
19:32:13.651 [JavaFX Application Thread] DEBUG Input                - Clearing active input actions
19:32:13.651 [JavaFX Application Thread] DEBUG GameApplicationServi - Removing overlay from GameScene and adding to DialogSubScene
19:32:13.651 [JavaFX Application Thread] DEBUG PrimaryStageWindow   - GameScene -> DialogSubScene
19:32:14.103 [JavaFX Application Thread] DEBUG PrimaryStageWindow   - Pop state: DialogSubScene
19:32:14.103 [JavaFX Application Thread] DEBUG Input                - Clearing active input actions
19:32:14.103 [JavaFX Application Thread] DEBUG GameApplicationServi - Removing overlay from DialogSubScene and adding to GameScene
19:32:14.103 [JavaFX Application Thread] DEBUG PrimaryStageWindow   - GameScene <- DialogSubScene
19:32:14.104 [JavaFX Application Thread] DEBUG FXGLAssetLoaderServi - Loading from file system: file:/F:/my%20files/School/2nd%20year%202nd%20sem/TheOnlyException/Test/target/classes/assets/textures/realtimedefenseaura.png
19:32:19.191 [JavaFX Application Thread] WARN  FXGLAssetLoaderServi - Asset "/assets/textures/particles/spark.png" was not found!
19:32:19.191 [JavaFX Application Thread] WARN  FXGLAssetLoaderServi - Failed to load RESIZABLE_IMAGE
19:32:27.466 [JavaFX Application Thread] DEBUG PrimaryStageWindow   - Push state: DialogSubScene
19:32:27.466 [JavaFX Application Thread] DEBUG Input                - Clearing active input actions
19:32:27.466 [JavaFX Application Thread] DEBUG GameApplicationServi - Removing overlay from GameScene and adding to DialogSubScene
19:32:27.466 [JavaFX Application Thread] DEBUG PrimaryStageWindow   - GameScene -> DialogSubScene
19:32:28.095 [JavaFX Application Thread] DEBUG PrimaryStageWindow   - Pop state: DialogSubScene
19:32:28.095 [JavaFX Application Thread] DEBUG Input                - Clearing active input actions
19:32:28.095 [JavaFX Application Thread] DEBUG GameApplicationServi - Removing overlay from DialogSubScene and adding to GameScene
19:32:28.095 [JavaFX Application Thread] DEBUG PrimaryStageWindow   - GameScene <- DialogSubScene
19:32:34.827 [JavaFX Application Thread] WARN  FXGLAssetLoaderServi - Asset "/assets/textures/particles/spark.png" was not found!
19:32:34.827 [JavaFX Application Thread] WARN  FXGLAssetLoaderServi - Failed to load RESIZABLE_IMAGE
19:32:47.341 [JavaFX Application Thread] DEBUG PrimaryStageWindow   - Push state: DialogSubScene
19:32:47.342 [JavaFX Application Thread] DEBUG Input                - Clearing active input actions
19:32:47.342 [JavaFX Application Thread] DEBUG GameApplicationServi - Removing overlay from GameScene and adding to DialogSubScene
19:32:47.342 [JavaFX Application Thread] DEBUG PrimaryStageWindow   - GameScene -> DialogSubScene
19:32:49.538 [JavaFX Application Thread] DEBUG PrimaryStageWindow   - Pop state: DialogSubScene
19:32:49.538 [JavaFX Application Thread] DEBUG Input                - Clearing active input actions
19:32:49.538 [JavaFX Application Thread] DEBUG GameApplicationServi - Removing overlay from DialogSubScene and adding to GameScene
19:32:49.538 [JavaFX Application Thread] DEBUG PrimaryStageWindow   - GameScene <- DialogSubScene
19:32:51.495 [JavaFX Application Thread] WARN  FXGLAssetLoaderServi - Asset "/assets/textures/particles/spark.png" was not found!
19:32:51.495 [JavaFX Application Thread] WARN  FXGLAssetLoaderServi - Failed to load RESIZABLE_IMAGE
19:33:06.018 [JavaFX Application Thread] WARN  FXGLAssetLoaderServi - Asset "/assets/textures/particles/spark.png" was not found!
19:33:06.018 [JavaFX Application Thread] WARN  FXGLAssetLoaderServi - Failed to load RESIZABLE_IMAGE
19:33:11.158 [JavaFX Application Thread] DEBUG PrimaryStageWindow   - Push state: DialogSubScene
19:33:11.158 [JavaFX Application Thread] DEBUG Input                - Clearing active input actions
19:33:11.159 [JavaFX Application Thread] DEBUG GameApplicationServi - Removing overlay from GameScene and adding to DialogSubScene
19:33:11.159 [JavaFX Application Thread] DEBUG PrimaryStageWindow   - GameScene -> DialogSubScene
19:33:11.826 [JavaFX Application Thread] DEBUG PrimaryStageWindow   - Pop state: DialogSubScene
19:33:11.826 [JavaFX Application Thread] DEBUG Input                - Clearing active input actions
19:33:11.826 [JavaFX Application Thread] DEBUG GameApplicationServi - Removing overlay from DialogSubScene and adding to GameScene
19:33:11.827 [JavaFX Application Thread] DEBUG PrimaryStageWindow   - GameScene <- DialogSubScene
19:33:11.910 [JavaFX Application Thread] DEBUG FXGLAssetLoaderServi - Loading from file system: file:/F:/my%20files/School/2nd%20year%202nd%20sem/TheOnlyException/Test/target/classes/assets/textures/smolder.png
19:33:16.875 [JavaFX Application Thread] WARN  FXGLAssetLoaderServi - Asset "/assets/textures/particles/glassparticle.png" was not found!
19:33:16.875 [JavaFX Application Thread] WARN  FXGLAssetLoaderServi - Failed to load RESIZABLE_IMAGE
19:33:21.691 [JavaFX Application Thread] WARN  FXGLAssetLoaderServi - Asset "/assets/textures/particles/spark.png" was not found!
19:33:21.691 [JavaFX Application Thread] WARN  FXGLAssetLoaderServi - Failed to load RESIZABLE_IMAGE
19:33:36.683 [JavaFX Application Thread] WARN  FXGLAssetLoaderServi - Asset "/assets/textures/particles/spark.png" was not found!
19:33:36.683 [JavaFX Application Thread] WARN  FXGLAssetLoaderServi - Failed to load RESIZABLE_IMAGE
19:33:39.241 [JavaFX Application Thread] DEBUG PrimaryStageWindow   - Push state: DialogSubScene
19:33:39.241 [JavaFX Application Thread] DEBUG Input                - Clearing active input actions
19:33:39.241 [JavaFX Application Thread] DEBUG GameApplicationServi - Removing overlay from GameScene and adding to DialogSubScene
19:33:39.241 [JavaFX Application Thread] DEBUG PrimaryStageWindow   - GameScene -> DialogSubScene
19:33:39.891 [JavaFX Application Thread] DEBUG PrimaryStageWindow   - Pop state: DialogSubScene
19:33:39.891 [JavaFX Application Thread] DEBUG Input                - Clearing active input actions
19:33:39.891 [JavaFX Application Thread] DEBUG GameApplicationServi - Removing overlay from DialogSubScene and adding to GameScene
19:33:39.891 [JavaFX Application Thread] DEBUG PrimaryStageWindow   - GameScene <- DialogSubScene
19:33:45.164 [JavaFX Application Thread] WARN  FXGLAssetLoaderServi - Asset "/assets/textures/particles/glassparticle.png" was not found!
19:33:45.164 [JavaFX Application Thread] WARN  FXGLAssetLoaderServi - Failed to load RESIZABLE_IMAGE
19:33:52.081 [JavaFX Application Thread] WARN  FXGLAssetLoaderServi - Asset "/assets/textures/particles/spark.png" was not found!
19:33:52.081 [JavaFX Application Thread] WARN  FXGLAssetLoaderServi - Failed to load RESIZABLE_IMAGE
19:34:06.964 [JavaFX Application Thread] WARN  FXGLAssetLoaderServi - Asset "/assets/textures/particles/spark.png" was not found!
19:34:06.964 [JavaFX Application Thread] WARN  FXGLAssetLoaderServi - Failed to load RESIZABLE_IMAGE
19:34:21.963 [JavaFX Application Thread] WARN  FXGLAssetLoaderServi - Asset "/assets/textures/particles/spark.png" was not found!
19:34:21.963 [JavaFX Application Thread] WARN  FXGLAssetLoaderServi - Failed to load RESIZABLE_IMAGE
19:34:24.228 [JavaFX Application Thread] DEBUG PrimaryStageWindow   - Push state: DialogSubScene
19:34:24.228 [JavaFX Application Thread] DEBUG Input                - Clearing active input actions
19:34:24.228 [JavaFX Application Thread] DEBUG GameApplicationServi - Removing overlay from GameScene and adding to DialogSubScene
19:34:24.228 [JavaFX Application Thread] DEBUG PrimaryStageWindow   - GameScene -> DialogSubScene
19:34:24.752 [JavaFX Application Thread] DEBUG PrimaryStageWindow   - Pop state: DialogSubScene
19:34:24.752 [JavaFX Application Thread] DEBUG Input                - Clearing active input actions
19:34:24.752 [JavaFX Application Thread] DEBUG GameApplicationServi - Removing overlay from DialogSubScene and adding to GameScene
19:34:24.752 [JavaFX Application Thread] DEBUG PrimaryStageWindow   - GameScene <- DialogSubScene
19:34:26.755 [JavaFX Application Thread] DEBUG FXGLAssetLoaderServi - Loading from file system: file:/F:/my%20files/School/2nd%20year%202nd%20sem/TheOnlyException/Test/target/classes/assets/textures/datawipemine.png
19:34:30.500 [JavaFX Application Thread] WARN  FXGLAssetLoaderServi - Asset "/assets/textures/particles/glassparticle.png" was not found!
19:34:30.501 [JavaFX Application Thread] WARN  FXGLAssetLoaderServi - Failed to load RESIZABLE_IMAGE
19:34:31.756 [JavaFX Application Thread] DEBUG FXGLAssetLoaderServi - Loading from file system: file:/F:/my%20files/School/2nd%20year%202nd%20sem/TheOnlyException/Test/target/classes/assets/textures/datawipeexplosion.png
19:34:31.758 [JavaFX Application Thread] WARN  FXGLAssetLoaderServi - Asset "/assets/textures/orange_particle.png" was not found!
19:34:31.758 [JavaFX Application Thread] WARN  FXGLAssetLoaderServi - Failed to load IMAGE
19:34:33.764 [JavaFX Application Thread] WARN  FXGLAssetLoaderServi - Asset "/assets/textures/orange_particle.png" was not found!
19:34:33.764 [JavaFX Application Thread] WARN  FXGLAssetLoaderServi - Failed to load IMAGE
19:34:35.768 [JavaFX Application Thread] WARN  FXGLAssetLoaderServi - Asset "/assets/textures/orange_particle.png" was not found!
19:34:35.768 [JavaFX Application Thread] WARN  FXGLAssetLoaderServi - Failed to load IMAGE
19:34:37.491 [JavaFX Application Thread] WARN  FXGLAssetLoaderServi - Asset "/assets/textures/particles/spark.png" was not found!
19:34:37.491 [JavaFX Application Thread] WARN  FXGLAssetLoaderServi - Failed to load RESIZABLE_IMAGE
19:34:37.771 [JavaFX Application Thread] WARN  FXGLAssetLoaderServi - Asset "/assets/textures/orange_particle.png" was not found!
19:34:37.771 [JavaFX Application Thread] WARN  FXGLAssetLoaderServi - Failed to load IMAGE
19:34:39.785 [JavaFX Application Thread] WARN  FXGLAssetLoaderServi - Asset "/assets/textures/orange_particle.png" was not found!
19:34:39.785 [JavaFX Application Thread] WARN  FXGLAssetLoaderServi - Failed to load IMAGE
19:34:41.788 [JavaFX Application Thread] WARN  FXGLAssetLoaderServi - Asset "/assets/textures/orange_particle.png" was not found!
19:34:41.788 [JavaFX Application Thread] WARN  FXGLAssetLoaderServi - Failed to load IMAGE
19:34:43.796 [JavaFX Application Thread] WARN  FXGLAssetLoaderServi - Asset "/assets/textures/orange_particle.png" was not found!
19:34:43.796 [JavaFX Application Thread] WARN  FXGLAssetLoaderServi - Failed to load IMAGE
19:34:45.804 [JavaFX Application Thread] WARN  FXGLAssetLoaderServi - Asset "/assets/textures/orange_particle.png" was not found!
19:34:45.804 [JavaFX Application Thread] WARN  FXGLAssetLoaderServi - Failed to load IMAGE
19:34:46.499 [JavaFX Application Thread] WARN  FXGLAssetLoaderServi - Asset "/assets/textures/particles/glassparticle.png" was not found!
19:34:46.500 [JavaFX Application Thread] WARN  FXGLAssetLoaderServi - Failed to load RESIZABLE_IMAGE
19:34:47.812 [JavaFX Application Thread] WARN  FXGLAssetLoaderServi - Asset "/assets/textures/orange_particle.png" was not found!
19:34:47.812 [JavaFX Application Thread] WARN  FXGLAssetLoaderServi - Failed to load IMAGE
19:34:49.816 [JavaFX Application Thread] WARN  FXGLAssetLoaderServi - Asset "/assets/textures/orange_particle.png" was not found!
19:34:49.816 [JavaFX Application Thread] WARN  FXGLAssetLoaderServi - Failed to load IMAGE
19:34:51.819 [JavaFX Application Thread] WARN  FXGLAssetLoaderServi - Asset "/assets/textures/orange_particle.png" was not found!
19:34:51.819 [JavaFX Application Thread] WARN  FXGLAssetLoaderServi - Failed to load IMAGE
19:34:52.503 [JavaFX Application Thread] WARN  FXGLAssetLoaderServi - Asset "/assets/textures/particles/spark.png" was not found!
19:34:52.503 [JavaFX Application Thread] WARN  FXGLAssetLoaderServi - Failed to load RESIZABLE_IMAGE
19:34:53.827 [JavaFX Application Thread] WARN  FXGLAssetLoaderServi - Asset "/assets/textures/orange_particle.png" was not found!
19:34:53.827 [JavaFX Application Thread] WARN  FXGLAssetLoaderServi - Failed to load IMAGE
19:34:55.331 [JavaFX Application Thread] WARN  FXGLAssetLoaderServi - Asset "/assets/textures/particles/glassparticle.png" was not found!
19:34:55.332 [JavaFX Application Thread] WARN  FXGLAssetLoaderServi - Failed to load RESIZABLE_IMAGE
19:34:55.831 [JavaFX Application Thread] WARN  FXGLAssetLoaderServi - Asset "/assets/textures/orange_particle.png" was not found!
19:34:55.831 [JavaFX Application Thread] WARN  FXGLAssetLoaderServi - Failed to load IMAGE
19:34:57.836 [JavaFX Application Thread] WARN  FXGLAssetLoaderServi - Asset "/assets/textures/orange_particle.png" was not found!
19:34:57.836 [JavaFX Application Thread] WARN  FXGLAssetLoaderServi - Failed to load IMAGE
19:34:59.843 [JavaFX Application Thread] WARN  FXGLAssetLoaderServi - Asset "/assets/textures/orange_particle.png" was not found!
19:34:59.843 [JavaFX Application Thread] WARN  FXGLAssetLoaderServi - Failed to load IMAGE
19:35:01.846 [JavaFX Application Thread] WARN  FXGLAssetLoaderServi - Asset "/assets/textures/orange_particle.png" was not found!
19:35:01.846 [JavaFX Application Thread] WARN  FXGLAssetLoaderServi - Failed to load IMAGE
19:35:03.846 [JavaFX Application Thread] WARN  FXGLAssetLoaderServi - Asset "/assets/textures/orange_particle.png" was not found!
19:35:03.846 [JavaFX Application Thread] WARN  FXGLAssetLoaderServi - Failed to load IMAGE
19:35:05.851 [JavaFX Application Thread] WARN  FXGLAssetLoaderServi - Asset "/assets/textures/orange_particle.png" was not found!
19:35:05.851 [JavaFX Application Thread] WARN  FXGLAssetLoaderServi - Failed to load IMAGE
19:35:06.252 [JavaFX Application Thread] DEBUG PrimaryStageWindow   - Push state: DialogSubScene
19:35:06.252 [JavaFX Application Thread] DEBUG Input                - Clearing active input actions
19:35:06.252 [JavaFX Application Thread] DEBUG GameApplicationServi - Removing overlay from GameScene and adding to DialogSubScene
19:35:06.252 [JavaFX Application Thread] DEBUG PrimaryStageWindow   - GameScene -> DialogSubScene
19:35:12.753 [JavaFX Application Thread] DEBUG PrimaryStageWindow   - Pop state: DialogSubScene
19:35:12.753 [JavaFX Application Thread] DEBUG Input                - Clearing active input actions
19:35:12.754 [JavaFX Application Thread] DEBUG GameApplicationServi - Removing overlay from DialogSubScene and adding to GameScene
19:35:12.754 [JavaFX Application Thread] DEBUG PrimaryStageWindow   - GameScene <- DialogSubScene
19:35:13.227 [JavaFX Application Thread] WARN  FXGLAssetLoaderServi - Asset "/assets/textures/particles/spark.png" was not found!
19:35:13.227 [JavaFX Application Thread] WARN  FXGLAssetLoaderServi - Failed to load RESIZABLE_IMAGE
19:35:13.365 [JavaFX Application Thread] WARN  FXGLAssetLoaderServi - Asset "/assets/textures/orange_particle.png" was not found!
19:35:13.365 [JavaFX Application Thread] WARN  FXGLAssetLoaderServi - Failed to load IMAGE
19:35:14.136 [JavaFX Application Thread] WARN  FXGLAssetLoaderServi - Asset "/assets/textures/orange_particle.png" was not found!
19:35:14.136 [JavaFX Application Thread] WARN  FXGLAssetLoaderServi - Failed to load IMAGE
19:35:15.076 [JavaFX Application Thread] WARN  FXGLAssetLoaderServi - Asset "/assets/textures/orange_particle.png" was not found!
19:35:15.076 [JavaFX Application Thread] WARN  FXGLAssetLoaderServi - Failed to load IMAGE
19:35:17.084 [JavaFX Application Thread] WARN  FXGLAssetLoaderServi - Asset "/assets/textures/orange_particle.png" was not found!
19:35:17.084 [JavaFX Application Thread] WARN  FXGLAssetLoaderServi - Failed to load IMAGE
19:35:19.100 [JavaFX Application Thread] WARN  FXGLAssetLoaderServi - Asset "/assets/textures/orange_particle.png" was not found!
19:35:19.100 [JavaFX Application Thread] WARN  FXGLAssetLoaderServi - Failed to load IMAGE
19:35:21.109 [JavaFX Application Thread] WARN  FXGLAssetLoaderServi - Asset "/assets/textures/orange_particle.png" was not found!
19:35:21.109 [JavaFX Application Thread] WARN  FXGLAssetLoaderServi - Failed to load IMAGE
19:35:23.114 [JavaFX Application Thread] WARN  FXGLAssetLoaderServi - Asset "/assets/textures/orange_particle.png" was not found!
19:35:23.114 [JavaFX Application Thread] WARN  FXGLAssetLoaderServi - Failed to load IMAGE
19:35:25.116 [JavaFX Application Thread] WARN  FXGLAssetLoaderServi - Asset "/assets/textures/orange_particle.png" was not found!
19:35:25.116 [JavaFX Application Thread] WARN  FXGLAssetLoaderServi - Failed to load IMAGE
19:35:25.701 [JavaFX Application Thread] WARN  FXGLAssetLoaderServi - Asset "/assets/textures/particles/spark.png" was not found!
19:35:25.701 [JavaFX Application Thread] WARN  FXGLAssetLoaderServi - Failed to load RESIZABLE_IMAGE
19:35:27.130 [JavaFX Application Thread] WARN  FXGLAssetLoaderServi - Asset "/assets/textures/orange_particle.png" was not found!
19:35:27.130 [JavaFX Application Thread] WARN  FXGLAssetLoaderServi - Failed to load IMAGE
19:35:29.128 [JavaFX Application Thread] WARN  FXGLAssetLoaderServi - Asset "/assets/textures/orange_particle.png" was not found!
19:35:29.128 [JavaFX Application Thread] WARN  FXGLAssetLoaderServi - Failed to load IMAGE
19:35:31.124 [JavaFX Application Thread] WARN  FXGLAssetLoaderServi - Asset "/assets/textures/orange_particle.png" was not found!
19:35:31.124 [JavaFX Application Thread] WARN  FXGLAssetLoaderServi - Failed to load IMAGE
19:35:33.128 [JavaFX Application Thread] WARN  FXGLAssetLoaderServi - Asset "/assets/textures/orange_particle.png" was not found!
19:35:33.128 [JavaFX Application Thread] WARN  FXGLAssetLoaderServi - Failed to load IMAGE
19:35:35.131 [JavaFX Application Thread] WARN  FXGLAssetLoaderServi - Asset "/assets/textures/orange_particle.png" was not found!
19:35:35.131 [JavaFX Application Thread] WARN  FXGLAssetLoaderServi - Failed to load IMAGE
19:35:37.137 [JavaFX Application Thread] WARN  FXGLAssetLoaderServi - Asset "/assets/textures/orange_particle.png" was not found!
19:35:37.137 [JavaFX Application Thread] WARN  FXGLAssetLoaderServi - Failed to load IMAGE
19:35:39.144 [JavaFX Application Thread] WARN  FXGLAssetLoaderServi - Asset "/assets/textures/orange_particle.png" was not found!
19:35:39.144 [JavaFX Application Thread] WARN  FXGLAssetLoaderServi - Failed to load IMAGE
19:35:40.684 [JavaFX Application Thread] WARN  FXGLAssetLoaderServi - Asset "/assets/textures/particles/spark.png" was not found!
19:35:40.684 [JavaFX Application Thread] WARN  FXGLAssetLoaderServi - Failed to load RESIZABLE_IMAGE
19:35:41.147 [JavaFX Application Thread] WARN  FXGLAssetLoaderServi - Asset "/assets/textures/orange_particle.png" was not found!
19:35:41.147 [JavaFX Application Thread] WARN  FXGLAssetLoaderServi - Failed to load IMAGE
19:35:43.147 [JavaFX Application Thread] WARN  FXGLAssetLoaderServi - Asset "/assets/textures/orange_particle.png" was not found!
19:35:43.147 [JavaFX Application Thread] WARN  FXGLAssetLoaderServi - Failed to load IMAGE
19:35:45.157 [JavaFX Application Thread] WARN  FXGLAssetLoaderServi - Asset "/assets/textures/orange_particle.png" was not found!
19:35:45.157 [JavaFX Application Thread] WARN  FXGLAssetLoaderServi - Failed to load IMAGE
19:35:47.162 [JavaFX Application Thread] WARN  FXGLAssetLoaderServi - Asset "/assets/textures/orange_particle.png" was not found!
19:35:47.162 [JavaFX Application Thread] WARN  FXGLAssetLoaderServi - Failed to load IMAGE
19:35:49.163 [JavaFX Application Thread] WARN  FXGLAssetLoaderServi - Asset "/assets/textures/orange_particle.png" was not found!
19:35:49.163 [JavaFX Application Thread] WARN  FXGLAssetLoaderServi - Failed to load IMAGE
19:35:50.951 [JavaFX Application Thread] DEBUG FXGLApplication      - Exiting FXGL
19:35:50.951 [JavaFX Application Thread] DEBUG LoopRunner           - Stopping loop
19:35:50.951 [JavaFX Application Thread] DEBUG SystemBundleService  - Saving FXGL system data
19:35:50.952 [JavaFX Application Thread] DEBUG FileSystemAccess     - Writing to: F:\my files\School\2nd year 2nd sem\TheOnlyException\system\fxgl.bundle
19:35:57.184 [JavaFX Application Thread] DEBUG Async                - Shutting down background threads
19:35:57.184 [JavaFX Application Thread] DEBUG PrimaryStageWindow   - Closing main window
19:35:57.196 [JavaFX Application Thread] DEBUG Logger               - Closing Logger
