22:32:23.047 [main                     ] DEBUG Logger               - Configured Logger
22:32:23.059 [main                     ] DEBUG GameApplication      - Logging settings
Title: Prototype
Version: 0.1.5
Width: 1280
Height: 720
Fullscreen: false
Intro: false
Profiling: false
Single step:false
App Mode: DEVELOPER
Menu Key: ESCAPE
Stage Style: DECORATED
Scene Factory: class org.example.GameApp$1

22:32:23.975 [JavaFX Application Thread] DEBUG FXGLApplication      - Initializing FXGL
22:32:23.983 [JavaFX Application Thread] INFO  Engine               - FXGL-17+dev-SNAPSHOT (01.09.2022 03.33) on WINDOWS (J:24 FX:18)
22:32:23.984 [JavaFX Application Thread] DEBUG Engine               - JRE Vendor Name: Oracle Corporation
22:32:23.984 [JavaFX Application Thread] DEBUG Engine               - Running on OS: Windows 10 version 10.0
22:32:23.984 [JavaFX Application Thread] DEBUG Engine               - Architecture: amd64
22:32:23.984 [JavaFX Application Thread] INFO  Engine               - Source code and latest versions at: https://github.com/AlmasB/FXGL
22:32:23.984 [JavaFX Application Thread] INFO  Engine               -       Ask questions and discuss at: https://github.com/AlmasB/FXGL/discussions
22:32:23.984 [JavaFX Application Thread] INFO  Engine               -              Join the FXGL chat at: https://gitter.im/AlmasB/FXGL
22:32:24.222 [JavaFX Application Thread] DEBUG PrimaryStageWindow   - Creating a JavaFX scene
22:32:24.333 [JavaFX Application Thread] DEBUG PrimaryStageWindow   - Target settings size: 1280.0 x 720.0
22:32:24.334 [JavaFX Application Thread] DEBUG PrimaryStageWindow   - Scaled scene size:    1280.0 x 720.0
22:32:24.334 [JavaFX Application Thread] DEBUG PrimaryStageWindow   - Scaled ratio: (1.0, 1.0)
22:32:24.336 [JavaFX Application Thread] DEBUG PrimaryStageWindow   - Set initial scene to FXGLStartupScene
22:32:24.356 [JavaFX Application Thread] DEBUG PrimaryStageWindow   - Opening main window
22:32:24.507 [JavaFX Application Thread] DEBUG PrimaryStageWindow   - Window border size: (16.0, 39.0)
22:32:24.508 [JavaFX Application Thread] DEBUG PrimaryStageWindow   - Scaled size: 1280.0 x 720.0
22:32:24.508 [JavaFX Application Thread] DEBUG PrimaryStageWindow   - Scaled ratio: (1.0, 1.0)
22:32:24.508 [JavaFX Application Thread] DEBUG PrimaryStageWindow   - Scene size: 1280.0 x 720.0
22:32:24.508 [JavaFX Application Thread] DEBUG PrimaryStageWindow   - Stage size: 1296.0 x 759.0
22:32:24.522 [FXGL Background Thread 1 ] DEBUG Engine               - Initializing environment variables
22:32:24.638 [FXGL Background Thread 1 ] DEBUG FXGLAssetLoaderServi - User app class for loading assets: class org.example.GameApp
22:32:24.638 [FXGL Background Thread 1 ] DEBUG GameApplicationServi - Applying CSS: fxgl_dark.css
22:32:24.639 [FXGL Background Thread 1 ] DEBUG FXGLAssetLoaderServi - Loading from file system: jar:file:/C:/Users/kurtd/.m2/repository/com/github/AlmasB/FXGL/fxgl/17.2/fxgl-17.2.jar!/fxglassets/ui/css/fxgl_dark.css
22:32:24.736 [FXGL Background Thread 1 ] DEBUG GameApplicationServi - Initializing application scenes
22:32:24.858 [FXGL Background Thread 1 ] DEBUG GameWorld            - Game world initialized
22:32:24.940 [FXGL Background Thread 1 ] DEBUG PhysicsWorld         - Physics world initialized: appHeight=720, physics.ppm=50.0
22:32:24.941 [FXGL Background Thread 1 ] DEBUG PhysicsWorld         - Using strategy: BRUTE_FORCE
22:32:24.948 [FXGL Background Thread 1 ] DEBUG GameScene            - Game scene initialized: 1280x720
22:32:25.006 [FXGL Background Thread 1 ] DEBUG FXGL.DefaultMenu     - createMenuBodyGameMenu()
22:32:25.034 [FXGL Background Thread 1 ] DEBUG FXGL.DefaultMenu     - createOptionsMenu()
22:32:25.058 [FXGL Background Thread 1 ] DEBUG FXGLAssetLoaderServi - Loading from file system: jar:file:/C:/Users/kurtd/.m2/repository/com/github/AlmasB/FXGL/fxgl/17.2/fxgl-17.2.jar!/fxglassets/textures/particles/smoke.png
22:32:25.243 [FXGL Background Thread 1 ] DEBUG FXGLAssetLoaderServi - Loading from file system: jar:file:/C:/Users/kurtd/.m2/repository/com/github/AlmasB/FXGL/fxgl/17.2/fxgl-17.2.jar!/fxglassets/textures/particles/trace_horizontal.png
22:32:25.289 [FXGL Background Thread 1 ] DEBUG GameApplicationServi - Application scenes initialized
22:32:25.316 [FXGL Background Thread 1 ] DEBUG SystemBundleService  - Loading FXGL system data
22:32:25.325 [FXGL Background Thread 1 ] DEBUG FileSystemAccess     - Reading from: C:\Users\kurtd\IdeaProjects\TheOnlyException\system\fxgl.bundle
22:32:25.342 [FXGL Background Thread 1 ] DEBUG SystemBundleService  - Bundle FXGL: {}
22:32:25.343 [FXGL Background Thread 1 ] DEBUG UpdaterService       - Checking for updates
22:32:25.356 [FXGL Background Thread 1 ] DEBUG FXGLApplication      - Loading default localization
22:32:25.356 [FXGL Background Thread 4 ] DEBUG FXGLApplication      - Loading fonts
22:32:25.357 [FXGL Background Thread 4 ] DEBUG FXGLAssetLoaderServi - Loading from file system: jar:file:/C:/Users/kurtd/.m2/repository/com/github/AlmasB/FXGL/fxgl-samples/17.2/fxgl-samples-17.2.jar!/assets/ui/fonts/VarelaRound-Regular.ttf
22:32:25.357 [FXGL Background Thread 1 ] DEBUG FXGLAssetLoaderServi - Loading from file system: jar:file:/C:/Users/kurtd/.m2/repository/com/github/AlmasB/FXGL/fxgl/17.2/fxgl-17.2.jar!/fxglassets/languages/english.lang
22:32:25.423 [FXGL Background Thread 1 ] INFO  FXGLApplication      - FXGL initialization took: 0.902 sec
22:32:25.440 [JavaFX Application Thread] DEBUG Input                - Registered new binding: action0 - A
22:32:25.440 [JavaFX Application Thread] DEBUG Input                - Registered new binding: action1 - D
22:32:25.441 [JavaFX Application Thread] DEBUG Input                - Registered new binding: action2 - W
22:32:25.442 [JavaFX Application Thread] DEBUG Input                - Registered new binding: action3 - S
22:32:25.443 [JavaFX Application Thread] DEBUG FXGLAssetLoaderServi - Loading from file system: jar:file:/C:/Users/kurtd/.m2/repository/com/github/AlmasB/FXGL/fxgl/17.2/fxgl-17.2.jar!/fxglassets/textures/fxgl_icon.png
22:32:25.483 [JavaFX Application Thread] DEBUG FXGLAssetLoaderServi - Loading from file system: jar:file:/C:/Users/kurtd/.m2/repository/com/github/AlmasB/FXGL/fxgl/17.2/fxgl-17.2.jar!/fxglassets/textures/fxgl_default_cursor.png
22:32:25.486 [JavaFX Application Thread] DEBUG Input                - Registered new binding: Screenshot - CTRL+8
22:32:25.487 [JavaFX Application Thread] DEBUG Input                - Registered new binding: System info dump - CTRL+9
22:32:25.499 [JavaFX Application Thread] DEBUG Input                - Registered new binding: Restart - CTRL+R
22:32:25.501 [JavaFX Application Thread] DEBUG Input                - Registered new binding: Toggle Debug Camera - CTRL+7
22:32:25.506 [JavaFX Application Thread] DEBUG LoopRunner           - Starting loop
22:32:25.507 [JavaFX Application Thread] DEBUG LoopRunner           - Initializing JavaFX AnimationTimerLoop
22:32:25.518 [JavaFX Application Thread] DEBUG Input                - Clearing active input actions
22:32:25.543 [JavaFX Application Thread] DEBUG GameApplicationServi - Removing overlay from FXGLStartupScene and adding to FXGLMainMenuDummyScene
22:32:25.548 [JavaFX Application Thread] DEBUG PrimaryStageWindow   - FXGLStartupScene -> FXGLMainMenuDummyScene
22:32:25.548 [JavaFX Application Thread] DEBUG PrimaryStageWindow   - Push state: NameInputScene
22:32:25.548 [JavaFX Application Thread] DEBUG Input                - Clearing active input actions
22:32:25.567 [JavaFX Application Thread] DEBUG GameApplicationServi - Removing overlay from FXGLMainMenuDummyScene and adding to NameInputScene
22:32:25.568 [JavaFX Application Thread] DEBUG PrimaryStageWindow   - FXGLMainMenuDummyScene -> NameInputScene
22:32:25.580 [FXGL Background Thread 4 ] DEBUG FXGLAssetLoaderServi - Loading from file system: jar:file:/C:/Users/kurtd/.m2/repository/com/github/AlmasB/FXGL/fxgl/17.2/fxgl-17.2.jar!/fxglassets/ui/fonts/Abel-Regular.ttf
22:32:25.688 [FXGL Background Thread 4 ] DEBUG FXGLAssetLoaderServi - Loading from file system: jar:file:/C:/Users/kurtd/.m2/repository/com/github/AlmasB/FXGL/fxgl/17.2/fxgl-17.2.jar!/fxglassets/ui/fonts/TerminalLandMono-Regular.otf
22:32:25.753 [FXGL Background Thread 4 ] DEBUG FXGLAssetLoaderServi - Loading from file system: jar:file:/C:/Users/kurtd/.m2/repository/com/github/AlmasB/FXGL/fxgl/17.2/fxgl-17.2.jar!/fxglassets/ui/fonts/Courier-Prime.ttf
22:32:26.024 [JavaFX Application Thread] DEBUG FXGLApplication      - Registering font factories with UI factory
22:32:26.521 [FXGL Background Thread 2 ] INFO  UpdaterService       - Your current version:  17+dev-SNAPSHOT
22:32:26.521 [FXGL Background Thread 2 ] INFO  UpdaterService       - Latest stable version: 21.1
22:32:28.352 [FXGL Background Thread 3 ] DEBUG Engine               - Logging environment variables
22:32:28.353 [FXGL Background Thread 3 ] DEBUG Engine               - achievements: []
22:32:28.353 [FXGL Background Thread 3 ] DEBUG Engine               - actualHeight: 720.0
22:32:28.353 [FXGL Background Thread 3 ] DEBUG Engine               - actualHeightProperty: ReadOnlyDoubleProperty [value: 720.0]
22:32:28.353 [FXGL Background Thread 3 ] DEBUG Engine               - actualWidth: 1280.0
22:32:28.353 [FXGL Background Thread 3 ] DEBUG Engine               - actualWidthProperty: ReadOnlyDoubleProperty [value: 1280.0]
22:32:28.353 [FXGL Background Thread 3 ] DEBUG Engine               - appIcon: fxgl_icon.png
22:32:28.353 [FXGL Background Thread 3 ] DEBUG Engine               - applicationMode: DEVELOPER
22:32:28.353 [FXGL Background Thread 3 ] DEBUG Engine               - cSSList: [fxgl_dark.css]
22:32:28.353 [FXGL Background Thread 3 ] DEBUG Engine               - collisionDetectionStrategy: BRUTE_FORCE
22:32:28.353 [FXGL Background Thread 3 ] DEBUG Engine               - configClass: Optional.empty
22:32:28.353 [FXGL Background Thread 3 ] DEBUG Engine               - credits: []
22:32:28.354 [FXGL Background Thread 3 ] DEBUG Engine               - defaultCursor: CursorInfo(imageName=fxgl_default_cursor.png, hotspotX=7.0, hotspotY=6.0)
22:32:28.354 [FXGL Background Thread 3 ] DEBUG Engine               - devBBoxColorProperty: ObjectProperty [value: 0xff0000ff]
22:32:28.354 [FXGL Background Thread 3 ] DEBUG Engine               - devEnableDebugCameraProperty: BooleanProperty [value: false]
22:32:28.354 [FXGL Background Thread 3 ] DEBUG Engine               - devSensorColorProperty: ObjectProperty [value: 0xffff00ff]
22:32:28.354 [FXGL Background Thread 3 ] DEBUG Engine               - devShowBBoxProperty: BooleanProperty [value: false]
22:32:28.354 [FXGL Background Thread 3 ] DEBUG Engine               - devShowPositionProperty: BooleanProperty [value: false]
22:32:28.354 [FXGL Background Thread 3 ] DEBUG Engine               - enabledMenuItems: []
22:32:28.354 [FXGL Background Thread 3 ] DEBUG Engine               - engineServices: [class com.almasb.fxgl.app.services.FXGLAssetLoaderService, class com.almasb.fxgl.app.FXGLApplication$GameApplicationService, class com.almasb.fxgl.app.services.FXGLDialogService, class com.almasb.fxgl.app.services.IOTaskExecutorService, class com.almasb.fxgl.io.FileSystemService, class com.almasb.fxgl.localization.LocalizationService, class com.almasb.fxgl.app.services.SystemBundleService, class com.almasb.fxgl.profile.SaveLoadService, class com.almasb.fxgl.ui.FXGLUIFactoryServiceProvider, class com.almasb.fxgl.ui.FXGLDialogFactoryServiceProvider, class com.almasb.fxgl.audio.AudioPlayer, class com.almasb.fxgl.notification.impl.NotificationServiceProvider, class com.almasb.fxgl.achievement.AchievementService, class com.almasb.fxgl.cutscene.CutsceneService, class com.almasb.fxgl.minigames.MiniGameService, class com.almasb.fxgl.net.NetService, class com.almasb.fxgl.app.services.UpdaterService, class com.almasb.fxgl.dev.DevService]
22:32:28.354 [FXGL Background Thread 3 ] DEBUG Engine               - fontGame: Abel-Regular.ttf
22:32:28.354 [FXGL Background Thread 3 ] DEBUG Engine               - fontMono: TerminalLandMono-Regular.otf
22:32:28.355 [FXGL Background Thread 3 ] DEBUG Engine               - fontText: Courier-Prime.ttf
22:32:28.355 [FXGL Background Thread 3 ] DEBUG Engine               - fontUI: VarelaRound-Regular.ttf
22:32:28.355 [FXGL Background Thread 3 ] DEBUG Engine               - fullScreen: BooleanProperty [value: false]
22:32:28.355 [FXGL Background Thread 3 ] DEBUG Engine               - gameDifficulty: MEDIUM
22:32:28.355 [FXGL Background Thread 3 ] DEBUG Engine               - gameDifficultyProperty: ObjectProperty [value: MEDIUM]
22:32:28.356 [FXGL Background Thread 3 ] DEBUG Engine               - globalMusicVolume: 0.5
22:32:28.356 [FXGL Background Thread 3 ] DEBUG Engine               - globalMusicVolumeProperty: DoubleProperty [value: 0.5]
22:32:28.356 [FXGL Background Thread 3 ] DEBUG Engine               - globalSoundVolume: 0.5
22:32:28.356 [FXGL Background Thread 3 ] DEBUG Engine               - globalSoundVolumeProperty: DoubleProperty [value: 0.5]
22:32:28.356 [FXGL Background Thread 3 ] DEBUG Engine               - height: 720
22:32:28.356 [FXGL Background Thread 3 ] DEBUG Engine               - is3D: false
22:32:28.356 [FXGL Background Thread 3 ] DEBUG Engine               - isAndroid: false
22:32:28.356 [FXGL Background Thread 3 ] DEBUG Engine               - isBrowser: false
22:32:28.356 [FXGL Background Thread 3 ] DEBUG Engine               - isClickFeedbackEnabled: false
22:32:28.357 [FXGL Background Thread 3 ] DEBUG Engine               - isCloseConfirmation: false
22:32:28.357 [FXGL Background Thread 3 ] DEBUG Engine               - isDesktop: true
22:32:28.357 [FXGL Background Thread 3 ] DEBUG Engine               - isDeveloperMenuEnabled: false
22:32:28.357 [FXGL Background Thread 3 ] DEBUG Engine               - isEmbedded: false
22:32:28.357 [FXGL Background Thread 3 ] DEBUG Engine               - isEntityPreloadEnabled: true
22:32:28.358 [FXGL Background Thread 3 ] DEBUG Engine               - isExperimentalTiledLargeMap: false
22:32:28.358 [FXGL Background Thread 3 ] DEBUG Engine               - isFileSystemWriteAllowed: true
22:32:28.358 [FXGL Background Thread 3 ] DEBUG Engine               - isFullScreenAllowed: false
22:32:28.358 [FXGL Background Thread 3 ] DEBUG Engine               - isFullScreenFromStart: false
22:32:28.358 [FXGL Background Thread 3 ] DEBUG Engine               - isGameMenuEnabled: true
22:32:28.358 [FXGL Background Thread 3 ] DEBUG Engine               - isIOS: false
22:32:28.358 [FXGL Background Thread 3 ] DEBUG Engine               - isIntroEnabled: false
22:32:28.358 [FXGL Background Thread 3 ] DEBUG Engine               - isLinux: false
22:32:28.358 [FXGL Background Thread 3 ] DEBUG Engine               - isMac: false
22:32:28.358 [FXGL Background Thread 3 ] DEBUG Engine               - isMainMenuEnabled: true
22:32:28.358 [FXGL Background Thread 3 ] DEBUG Engine               - isManualResizeEnabled: false
22:32:28.358 [FXGL Background Thread 3 ] DEBUG Engine               - isMobile: false
22:32:28.358 [FXGL Background Thread 3 ] DEBUG Engine               - isNative: false
22:32:28.358 [FXGL Background Thread 3 ] DEBUG Engine               - isPauseMusicWhenMinimized: true
22:32:28.359 [FXGL Background Thread 3 ] DEBUG Engine               - isPreserveResizeRatio: false
22:32:28.359 [FXGL Background Thread 3 ] DEBUG Engine               - isProfilingEnabled: false
22:32:28.359 [FXGL Background Thread 3 ] DEBUG Engine               - isScaleAffectedOnResize: true
22:32:28.359 [FXGL Background Thread 3 ] DEBUG Engine               - isSingleStep: false
22:32:28.359 [FXGL Background Thread 3 ] DEBUG Engine               - isUserProfileEnabled: false
22:32:28.359 [FXGL Background Thread 3 ] DEBUG Engine               - isWindows: true
22:32:28.359 [FXGL Background Thread 3 ] DEBUG Engine               - language: ObjectProperty [value: ENGLISH]
22:32:28.359 [FXGL Background Thread 3 ] DEBUG Engine               - menuKey: ESCAPE
22:32:28.359 [FXGL Background Thread 3 ] DEBUG Engine               - mouseSensitivity: 0.2
22:32:28.359 [FXGL Background Thread 3 ] DEBUG Engine               - notificationViewClass: class com.almasb.fxgl.notification.view.XboxNotificationView
22:32:28.359 [FXGL Background Thread 3 ] DEBUG Engine               - pixelsPerMeter: 50.0
22:32:28.359 [FXGL Background Thread 3 ] DEBUG Engine               - platform: WINDOWS
22:32:28.359 [FXGL Background Thread 3 ] DEBUG Engine               - prefHeightProperty: ReadOnlyDoubleProperty [value: 720.0]
22:32:28.359 [FXGL Background Thread 3 ] DEBUG Engine               - prefWidthProperty: ReadOnlyDoubleProperty [value: 1280.0]
22:32:28.359 [FXGL Background Thread 3 ] DEBUG Engine               - profileDir: profiles/
22:32:28.359 [FXGL Background Thread 3 ] DEBUG Engine               - profileName: StringProperty [value: DEFAULT]
22:32:28.359 [FXGL Background Thread 3 ] DEBUG Engine               - randomSeed: -1
22:32:28.361 [FXGL Background Thread 3 ] DEBUG Engine               - runtimeInfo: RuntimeInfo(platform=WINDOWS, version=17+dev-SNAPSHOT, build=01.09.2022 03.33)
22:32:28.362 [FXGL Background Thread 3 ] DEBUG Engine               - saveFileExt: sav
22:32:28.362 [FXGL Background Thread 3 ] DEBUG Engine               - scaledHeightProp$fxgl: DoubleProperty [bound, value: 720.0]
22:32:28.362 [FXGL Background Thread 3 ] DEBUG Engine               - scaledWidthProp$fxgl: DoubleProperty [bound, value: 1280.0]
22:32:28.362 [FXGL Background Thread 3 ] DEBUG Engine               - sceneFactory: org.example.GameApp$1@6474f586
22:32:28.362 [FXGL Background Thread 3 ] DEBUG Engine               - secondsIn24h: 60
22:32:28.362 [FXGL Background Thread 3 ] DEBUG Engine               - soundMenuBack: menu/back.wav
22:32:28.362 [FXGL Background Thread 3 ] DEBUG Engine               - soundMenuPress: menu/press.wav
22:32:28.362 [FXGL Background Thread 3 ] DEBUG Engine               - soundMenuSelect: menu/select.wav
22:32:28.362 [FXGL Background Thread 3 ] DEBUG Engine               - soundNotification: core/notification.wav
22:32:28.363 [FXGL Background Thread 3 ] DEBUG Engine               - stageStyle: DECORATED
22:32:28.363 [FXGL Background Thread 3 ] DEBUG Engine               - supportedLanguages: [ENGLISH, FRENCH, GERMAN, HUNGARIAN, RUSSIAN]
22:32:28.363 [FXGL Background Thread 3 ] DEBUG Engine               - ticksPerSecond: -1
22:32:28.363 [FXGL Background Thread 3 ] DEBUG Engine               - title: Prototype
22:32:28.363 [FXGL Background Thread 3 ] DEBUG Engine               - urlGithub: https://github.com/AlmasB/FXGL
22:32:28.363 [FXGL Background Thread 3 ] DEBUG Engine               - urlLeaderboard: http://fxgl-top.herokuapp.com/
22:32:28.363 [FXGL Background Thread 3 ] DEBUG Engine               - urlPOM: https://raw.githubusercontent.com/AlmasB/FXGL/release/README.md
22:32:28.364 [FXGL Background Thread 3 ] DEBUG Engine               - userAppClass: class org.example.GameApp
22:32:28.364 [FXGL Background Thread 3 ] DEBUG Engine               - version: 0.1.5
22:32:28.364 [FXGL Background Thread 3 ] DEBUG Engine               - versionCheckDays: 7
22:32:28.364 [FXGL Background Thread 3 ] DEBUG Engine               - width: 1280
22:32:28.364 [FXGL Background Thread 3 ] DEBUG Engine               - Logging services
22:32:28.364 [FXGL Background Thread 3 ] DEBUG Engine               - class com.almasb.fxgl.app.services.FXGLAssetLoaderService
22:32:28.364 [FXGL Background Thread 3 ] DEBUG Engine               - class com.almasb.fxgl.app.FXGLApplication$GameApplicationService
22:32:28.364 [FXGL Background Thread 3 ] DEBUG Engine               - class com.almasb.fxgl.app.services.FXGLDialogService
22:32:28.364 [FXGL Background Thread 3 ] DEBUG Engine               - class com.almasb.fxgl.app.services.IOTaskExecutorService
22:32:28.364 [FXGL Background Thread 3 ] DEBUG Engine               - class com.almasb.fxgl.io.FileSystemService
22:32:28.365 [FXGL Background Thread 3 ] DEBUG Engine               - class com.almasb.fxgl.localization.LocalizationService
22:32:28.365 [FXGL Background Thread 3 ] DEBUG Engine               - class com.almasb.fxgl.app.services.SystemBundleService
22:32:28.365 [FXGL Background Thread 3 ] DEBUG Engine               - class com.almasb.fxgl.profile.SaveLoadService
22:32:28.365 [FXGL Background Thread 3 ] DEBUG Engine               - class com.almasb.fxgl.ui.FXGLUIFactoryServiceProvider
22:32:28.365 [FXGL Background Thread 3 ] DEBUG Engine               - class com.almasb.fxgl.ui.FXGLDialogFactoryServiceProvider
22:32:28.365 [FXGL Background Thread 3 ] DEBUG Engine               - class com.almasb.fxgl.audio.AudioPlayer
22:32:28.365 [FXGL Background Thread 3 ] DEBUG Engine               - class com.almasb.fxgl.notification.impl.NotificationServiceProvider
22:32:28.365 [FXGL Background Thread 3 ] DEBUG Engine               - class com.almasb.fxgl.achievement.AchievementService
22:32:28.365 [FXGL Background Thread 3 ] DEBUG Engine               - class com.almasb.fxgl.cutscene.CutsceneService
22:32:28.365 [FXGL Background Thread 3 ] DEBUG Engine               - class com.almasb.fxgl.minigames.MiniGameService
22:32:28.365 [FXGL Background Thread 3 ] DEBUG Engine               - class com.almasb.fxgl.net.NetService
22:32:28.365 [FXGL Background Thread 3 ] DEBUG Engine               - class com.almasb.fxgl.app.services.UpdaterService
22:32:28.365 [FXGL Background Thread 3 ] DEBUG Engine               - class com.almasb.fxgl.dev.DevService
22:32:32.113 [JavaFX Application Thread] DEBUG Menu                 - fireNewGame()
22:32:32.114 [JavaFX Application Thread] DEBUG GameApplicationServi - Starting new game
22:32:32.114 [JavaFX Application Thread] DEBUG PrimaryStageWindow   - Pop state: NameInputScene
22:32:32.114 [JavaFX Application Thread] DEBUG Input                - Clearing active input actions
22:32:32.116 [JavaFX Application Thread] DEBUG GameApplicationServi - Removing overlay from NameInputScene and adding to FXGLMainMenuDummyScene
22:32:32.116 [JavaFX Application Thread] DEBUG PrimaryStageWindow   - FXGLMainMenuDummyScene <- NameInputScene
22:32:32.117 [JavaFX Application Thread] DEBUG Input                - Clearing active input actions
22:32:32.147 [JavaFX Application Thread] DEBUG GameApplicationServi - Removing overlay from FXGLMainMenuDummyScene and adding to FXGLLoadingScene
22:32:32.147 [JavaFX Application Thread] DEBUG PrimaryStageWindow   - FXGLMainMenuDummyScene -> FXGLLoadingScene
22:32:32.148 [JavaFX Application Thread] DEBUG GameApplicationServi - Clearing previous game
22:32:32.148 [JavaFX Application Thread] DEBUG GameScene            - Clearing game scene
22:32:32.148 [JavaFX Application Thread] DEBUG GameWorld            - Clearing game world
22:32:32.148 [JavaFX Application Thread] DEBUG PhysicsWorld         - Clearing physics world
22:32:32.150 [FXGL Background Thread 2 ] DEBUG FXGLApplication      - Initializing game
22:32:32.152 [FXGL Background Thread 2 ] DEBUG Input                - Clearing active input actions
22:32:32.171 [FXGL Background Thread 2 ] DEBUG FXGLAssetLoaderServi - Loading from file system: file:/C:/Users/kurtd/IdeaProjects/TheOnlyException/Test/target/classes/assets/textures/dasd.png
22:32:32.270 [FXGL Background Thread 2 ] DEBUG FXGLAssetLoaderServi - Loading from file system: file:/C:/Users/kurtd/IdeaProjects/TheOnlyException/Test/target/classes/assets/textures/player-scaled.png
22:32:32.364 [FXGL Background Thread 2 ] INFO  FXGLApplication      - Game initialization took: 0.213 sec
22:32:32.397 [JavaFX Application Thread] DEBUG Input                - Clearing active input actions
22:32:32.406 [JavaFX Application Thread] DEBUG GameApplicationServi - Removing overlay from FXGLLoadingScene and adding to GameScene
22:32:32.406 [JavaFX Application Thread] DEBUG PrimaryStageWindow   - FXGLLoadingScene -> GameScene
22:32:33.528 [JavaFX Application Thread] DEBUG FXGLAssetLoaderServi - Loading from file system: file:/C:/Users/kurtd/IdeaProjects/TheOnlyException/Test/target/classes/assets/textures/MaggotWalk-scaled.png
22:32:34.286 [JavaFX Application Thread] DEBUG FXGLAssetLoaderServi - Loading from file system: file:/C:/Users/kurtd/IdeaProjects/TheOnlyException/Test/target/classes/assets/textures/BeetleMove-scaled.png
22:32:35.021 [JavaFX Application Thread] DEBUG FXGLAssetLoaderServi - Loading from file system: file:/C:/Users/kurtd/IdeaProjects/TheOnlyException/Test/target/classes/assets/textures/MantisMove-scaled.png
22:32:40.668 [JavaFX Application Thread] DEBUG FXGLAssetLoaderServi - Loading from file system: file:/C:/Users/kurtd/IdeaProjects/TheOnlyException/Test/target/classes/assets/textures/lightning_strike.png
22:34:00.836 [JavaFX Application Thread] DEBUG FXGLApplication      - Exiting FXGL
22:34:00.836 [JavaFX Application Thread] DEBUG LoopRunner           - Stopping loop
22:34:00.836 [JavaFX Application Thread] DEBUG SystemBundleService  - Saving FXGL system data
22:34:00.838 [JavaFX Application Thread] DEBUG FileSystemAccess     - Writing to: C:\Users\kurtd\IdeaProjects\TheOnlyException\system\fxgl.bundle
22:34:00.840 [JavaFX Application Thread] DEBUG Async                - Shutting down background threads
22:34:00.841 [JavaFX Application Thread] DEBUG PrimaryStageWindow   - Closing main window
22:34:00.854 [JavaFX Application Thread] DEBUG Logger               - Closing Logger
