11:15:21.136 [main                     ] DEBUG Logger               - Configured Logger
11:15:21.154 [main                     ] DEBUG GameApplication      - Logging settings
Title: Prototype Game
Version: 0.1.5
Width: 1280
Height: 720
Fullscreen: false
Intro: false
Profiling: false
Single step:false
App Mode: DEVELOPER
Menu Key: ESCAPE
Stage Style: DECORATED
Scene Factory: class org.example.core.GameApp$1

11:15:22.835 [JavaFX Application Thread] DEBUG FXGLApplication      - Initializing FXGL
11:15:22.845 [JavaFX Application Thread] INFO  Engine               - FXGL-21+dev-SNAPSHOT (26.03.2024 21.04) on WINDOWS (J:24 FX:21.0.1)
11:15:22.846 [JavaFX Application Thread] DEBUG Engine               - JRE Vendor Name: Oracle Corporation
11:15:22.846 [JavaFX Application Thread] DEBUG Engine               - Running on OS: Windows 11 version 10.0
11:15:22.847 [JavaFX Application Thread] DEBUG Engine               - Architecture: amd64
11:15:22.847 [JavaFX Application Thread] INFO  Engine               - Source code and latest versions at: https://github.com/AlmasB/FXGL
11:15:22.847 [JavaFX Application Thread] INFO  Engine               -       Ask questions and discuss at: https://github.com/AlmasB/FXGL/discussions
11:15:22.847 [JavaFX Application Thread] INFO  Engine               -              Join the FXGL chat at: https://gitter.im/AlmasB/FXGL
11:15:23.356 [JavaFX Application Thread] DEBUG PrimaryStageWindow   - Creating a JavaFX scene
11:15:23.557 [JavaFX Application Thread] DEBUG PrimaryStageWindow   - Target settings size: 1280.0 x 720.0
11:15:23.558 [JavaFX Application Thread] DEBUG PrimaryStageWindow   - Scaled scene size:    1280.0 x 720.0
11:15:23.558 [JavaFX Application Thread] DEBUG PrimaryStageWindow   - Scaled ratio: (1.0, 1.0)
11:15:23.562 [JavaFX Application Thread] DEBUG PrimaryStageWindow   - Set initial scene to FXGLStartupScene
11:15:23.575 [JavaFX Application Thread] DEBUG PrimaryStageWindow   - Opening main window
11:15:23.895 [JavaFX Application Thread] DEBUG PrimaryStageWindow   - Window border size: (14.4000244140625, 37.5999755859375)
11:15:23.896 [JavaFX Application Thread] DEBUG PrimaryStageWindow   - Scaled size: 1280.0 x 720.0
11:15:23.896 [JavaFX Application Thread] DEBUG PrimaryStageWindow   - Scaled ratio: (1.0, 1.0)
11:15:23.897 [JavaFX Application Thread] DEBUG PrimaryStageWindow   - Scene size: 1280.0 x 720.0
11:15:23.897 [JavaFX Application Thread] DEBUG PrimaryStageWindow   - Stage size: 1294.4000244140625 x 757.5999755859375
11:15:23.956 [FXGL Background Thread 1 ] DEBUG Engine               - Initializing environment variables
11:15:24.126 [FXGL Background Thread 1 ] DEBUG FXGLAssetLoaderServi - User app class for loading assets: class org.example.core.GameApp
11:15:24.127 [FXGL Background Thread 1 ] DEBUG GameApplicationServi - Applying CSS: fxgl_dark.css
11:15:24.133 [FXGL Background Thread 1 ] DEBUG FXGLAssetLoaderServi - Loading from file system: jar:file:/C:/Users/ginac/.m2/repository/com/github/AlmasB/FXGL/fxgl/21.1/fxgl-21.1.jar!/fxglassets/ui/css/fxgl_dark.css
11:15:24.278 [FXGL Background Thread 1 ] DEBUG GameApplicationServi - Initializing application scenes
11:15:24.434 [FXGL Background Thread 1 ] DEBUG GameWorld            - Game world initialized
11:15:24.605 [FXGL Background Thread 1 ] DEBUG PhysicsWorld         - Physics world initialized: appHeight=720, physics.ppm=50.0
11:15:24.606 [FXGL Background Thread 1 ] DEBUG PhysicsWorld         - Using strategy: BRUTE_FORCE
11:15:24.617 [FXGL Background Thread 1 ] DEBUG GameScene            - Game scene initialized: 1280x720
11:15:25.439 [FXGL Background Thread 1 ] DEBUG GameApplicationServi - Application scenes initialized
11:15:25.504 [FXGL Background Thread 1 ] DEBUG SystemBundleService  - Loading FXGL system data
11:15:25.509 [FXGL Background Thread 1 ] DEBUG FileSystemAccess     - Reading from: C:\Users\ginac\IdeaProjects\TheOnlyException3\system\fxgl.bundle
11:15:25.517 [FXGL Background Thread 1 ] DEBUG SystemBundleService  - Bundle FXGL: {}
11:15:25.517 [FXGL Background Thread 1 ] DEBUG UpdaterService       - Checking for updates
11:15:25.544 [FXGL Background Thread 1 ] DEBUG FXGLApplication      - Loading default localization
11:15:25.546 [FXGL Background Thread 1 ] DEBUG FXGLAssetLoaderServi - Loading from file system: jar:file:/C:/Users/ginac/.m2/repository/com/github/AlmasB/FXGL/fxgl/21.1/fxgl-21.1.jar!/fxglassets/languages/english.lang
11:15:25.557 [FXGL Background Thread 4 ] DEBUG FXGLApplication      - Loading fonts
11:15:25.558 [FXGL Background Thread 4 ] DEBUG FXGLAssetLoaderServi - Loading from file system: jar:file:/C:/Users/ginac/.m2/repository/com/github/AlmasB/FXGL/fxgl-samples/21.1/fxgl-samples-21.1.jar!/assets/ui/fonts/VarelaRound-Regular.ttf
11:15:25.597 [FXGL Background Thread 4 ] DEBUG FXGLAssetLoaderServi - Loading from file system: jar:file:/C:/Users/ginac/.m2/repository/com/github/AlmasB/FXGL/fxgl/21.1/fxgl-21.1.jar!/fxglassets/ui/fonts/Abel-Regular.ttf
11:15:25.616 [FXGL Background Thread 4 ] DEBUG FXGLAssetLoaderServi - Loading from file system: jar:file:/C:/Users/ginac/.m2/repository/com/github/AlmasB/FXGL/fxgl/21.1/fxgl-21.1.jar!/fxglassets/ui/fonts/TerminalLandMono-Regular.otf
11:15:25.619 [FXGL Background Thread 1 ] INFO  FXGLApplication      - FXGL initialization took: 1.664 sec
11:15:25.639 [FXGL Background Thread 4 ] DEBUG FXGLAssetLoaderServi - Loading from file system: jar:file:/C:/Users/ginac/.m2/repository/com/github/AlmasB/FXGL/fxgl/21.1/fxgl-21.1.jar!/fxglassets/ui/fonts/Courier-Prime.ttf
11:15:25.650 [JavaFX Application Thread] DEBUG Input                - Registered new binding: action0 - A
11:15:25.652 [JavaFX Application Thread] DEBUG Input                - Registered new binding: action1 - D
11:15:25.653 [JavaFX Application Thread] DEBUG Input                - Registered new binding: action2 - W
11:15:25.654 [JavaFX Application Thread] DEBUG Input                - Registered new binding: action3 - S
11:15:25.656 [JavaFX Application Thread] DEBUG FXGLAssetLoaderServi - Loading from file system: jar:file:/C:/Users/ginac/.m2/repository/com/github/AlmasB/FXGL/fxgl/21.1/fxgl-21.1.jar!/fxglassets/textures/fxgl_icon.png
11:15:25.871 [JavaFX Application Thread] DEBUG FXGLAssetLoaderServi - Loading from file system: jar:file:/C:/Users/ginac/.m2/repository/com/github/AlmasB/FXGL/fxgl/21.1/fxgl-21.1.jar!/fxglassets/textures/fxgl_default_cursor.png
11:15:25.910 [JavaFX Application Thread] DEBUG Input                - Registered new binding: Screenshot - CTRL+8
11:15:25.913 [JavaFX Application Thread] DEBUG Input                - Registered new binding: System info dump - CTRL+9
11:15:25.942 [JavaFX Application Thread] DEBUG Input                - Registered new binding: Restart - CTRL+R
11:15:25.948 [JavaFX Application Thread] DEBUG Input                - Registered new binding: Toggle Debug Camera - CTRL+7
11:15:25.965 [JavaFX Application Thread] DEBUG LoopRunner           - Starting loop
11:15:25.965 [JavaFX Application Thread] DEBUG LoopRunner           - Initializing JavaFX AnimationTimerLoop
11:15:25.980 [JavaFX Application Thread] DEBUG Input                - Clearing active input actions
11:15:26.000 [JavaFX Application Thread] DEBUG GameApplicationServi - Removing overlay from FXGLStartupScene and adding to FXGLMainMenuDummyScene
11:15:26.001 [JavaFX Application Thread] DEBUG PrimaryStageWindow   - FXGLStartupScene -> FXGLMainMenuDummyScene
11:15:26.001 [JavaFX Application Thread] DEBUG PrimaryStageWindow   - Push state: LoginScene
11:15:26.003 [JavaFX Application Thread] DEBUG Input                - Clearing active input actions
11:15:26.056 [JavaFX Application Thread] DEBUG GameApplicationServi - Removing overlay from FXGLMainMenuDummyScene and adding to LoginScene
11:15:26.058 [JavaFX Application Thread] DEBUG PrimaryStageWindow   - FXGLMainMenuDummyScene -> LoginScene
11:15:26.799 [JavaFX Application Thread] DEBUG FXGLApplication      - Registering font factories with UI factory
11:15:27.318 [FXGL Background Thread 2 ] INFO  UpdaterService       - Your current version:  21+dev-SNAPSHOT
11:15:27.318 [FXGL Background Thread 2 ] INFO  UpdaterService       - Latest stable version: 21.1
11:15:28.534 [FXGL Background Thread 3 ] DEBUG Engine               - Logging environment variables
11:15:28.535 [FXGL Background Thread 3 ] DEBUG Engine               - achievements: []
11:15:28.536 [FXGL Background Thread 3 ] DEBUG Engine               - actualHeight: 720.0
11:15:28.536 [FXGL Background Thread 3 ] DEBUG Engine               - actualHeightProperty: ReadOnlyDoubleProperty [value: 720.0]
11:15:28.537 [FXGL Background Thread 3 ] DEBUG Engine               - actualWidth: 1280.0
11:15:28.537 [FXGL Background Thread 3 ] DEBUG Engine               - actualWidthProperty: ReadOnlyDoubleProperty [value: 1280.0]
11:15:28.537 [FXGL Background Thread 3 ] DEBUG Engine               - appIcon: fxgl_icon.png
11:15:28.538 [FXGL Background Thread 3 ] DEBUG Engine               - applicationMode: DEVELOPER
11:15:28.538 [FXGL Background Thread 3 ] DEBUG Engine               - cSSList: [fxgl_dark.css]
11:15:28.538 [FXGL Background Thread 3 ] DEBUG Engine               - collisionDetectionStrategy: BRUTE_FORCE
11:15:28.538 [FXGL Background Thread 3 ] DEBUG Engine               - configClass: Optional.empty
11:15:28.539 [FXGL Background Thread 3 ] DEBUG Engine               - credits: []
11:15:28.551 [FXGL Background Thread 3 ] DEBUG Engine               - defaultCursor: CursorInfo(imageName=fxgl_default_cursor.png, hotspotX=7.0, hotspotY=6.0)
11:15:28.552 [FXGL Background Thread 3 ] DEBUG Engine               - devBBoxColorProperty: ObjectProperty [value: 0xff0000ff]
11:15:28.552 [FXGL Background Thread 3 ] DEBUG Engine               - devEnableDebugCameraProperty: BooleanProperty [value: false]
11:15:28.552 [FXGL Background Thread 3 ] DEBUG Engine               - devSensorColorProperty: ObjectProperty [value: 0xffff00ff]
11:15:28.553 [FXGL Background Thread 3 ] DEBUG Engine               - devShowBBoxProperty: BooleanProperty [value: false]
11:15:28.553 [FXGL Background Thread 3 ] DEBUG Engine               - devShowPositionProperty: BooleanProperty [value: false]
11:15:28.553 [FXGL Background Thread 3 ] DEBUG Engine               - enabledMenuItems: []
11:15:28.553 [FXGL Background Thread 3 ] DEBUG Engine               - engineServices: [class com.almasb.fxgl.app.services.FXGLAssetLoaderService, class com.almasb.fxgl.app.FXGLApplication$GameApplicationService, class com.almasb.fxgl.app.services.FXGLDialogService, class com.almasb.fxgl.app.services.IOTaskExecutorService, class com.almasb.fxgl.io.FileSystemService, class com.almasb.fxgl.localization.LocalizationService, class com.almasb.fxgl.app.services.SystemBundleService, class com.almasb.fxgl.profile.SaveLoadService, class com.almasb.fxgl.ui.FXGLUIFactoryServiceProvider, class com.almasb.fxgl.ui.FXGLDialogFactoryServiceProvider, class com.almasb.fxgl.audio.AudioPlayer, class com.almasb.fxgl.notification.impl.NotificationServiceProvider, class com.almasb.fxgl.achievement.AchievementService, class com.almasb.fxgl.cutscene.CutsceneService, class com.almasb.fxgl.minigames.MiniGameService, class com.almasb.fxgl.net.NetService, class com.almasb.fxgl.app.services.UpdaterService, class com.almasb.fxgl.dev.DevService]
11:15:28.553 [FXGL Background Thread 3 ] DEBUG Engine               - fontGame: Abel-Regular.ttf
11:15:28.553 [FXGL Background Thread 3 ] DEBUG Engine               - fontMono: TerminalLandMono-Regular.otf
11:15:28.553 [FXGL Background Thread 3 ] DEBUG Engine               - fontSizeScaleUI: 1.0
11:15:28.554 [FXGL Background Thread 3 ] DEBUG Engine               - fontText: Courier-Prime.ttf
11:15:28.554 [FXGL Background Thread 3 ] DEBUG Engine               - fontUI: VarelaRound-Regular.ttf
11:15:28.554 [FXGL Background Thread 3 ] DEBUG Engine               - fullScreen: BooleanProperty [value: false]
11:15:28.554 [FXGL Background Thread 3 ] DEBUG Engine               - gameDifficulty: MEDIUM
11:15:28.554 [FXGL Background Thread 3 ] DEBUG Engine               - gameDifficultyProperty: ObjectProperty [value: MEDIUM]
11:15:28.554 [FXGL Background Thread 3 ] DEBUG Engine               - globalMusicVolume: 0.5
11:15:28.555 [FXGL Background Thread 3 ] DEBUG Engine               - globalMusicVolumeProperty: DoubleProperty [value: 0.5]
11:15:28.555 [FXGL Background Thread 3 ] DEBUG Engine               - globalSoundVolume: 0.5
11:15:28.555 [FXGL Background Thread 3 ] DEBUG Engine               - globalSoundVolumeProperty: DoubleProperty [value: 0.5]
11:15:28.555 [FXGL Background Thread 3 ] DEBUG Engine               - height: 720
11:15:28.555 [FXGL Background Thread 3 ] DEBUG Engine               - is3D: false
11:15:28.555 [FXGL Background Thread 3 ] DEBUG Engine               - isAndroid: false
11:15:28.555 [FXGL Background Thread 3 ] DEBUG Engine               - isBrowser: false
11:15:28.555 [FXGL Background Thread 3 ] DEBUG Engine               - isClickFeedbackEnabled: false
11:15:28.555 [FXGL Background Thread 3 ] DEBUG Engine               - isCloseConfirmation: false
11:15:28.556 [FXGL Background Thread 3 ] DEBUG Engine               - isDesktop: true
11:15:28.556 [FXGL Background Thread 3 ] DEBUG Engine               - isDeveloperMenuEnabled: false
11:15:28.556 [FXGL Background Thread 3 ] DEBUG Engine               - isEmbedded: false
11:15:28.556 [FXGL Background Thread 3 ] DEBUG Engine               - isEntityPreloadEnabled: true
11:15:28.556 [FXGL Background Thread 3 ] DEBUG Engine               - isExperimentalTiledLargeMap: false
11:15:28.556 [FXGL Background Thread 3 ] DEBUG Engine               - isFileSystemWriteAllowed: true
11:15:28.556 [FXGL Background Thread 3 ] DEBUG Engine               - isFullScreenAllowed: false
11:15:28.556 [FXGL Background Thread 3 ] DEBUG Engine               - isFullScreenFromStart: false
11:15:28.556 [FXGL Background Thread 3 ] DEBUG Engine               - isGameMenuEnabled: false
11:15:28.556 [FXGL Background Thread 3 ] DEBUG Engine               - isIOS: false
11:15:28.556 [FXGL Background Thread 3 ] DEBUG Engine               - isIntroEnabled: false
11:15:28.557 [FXGL Background Thread 3 ] DEBUG Engine               - isLinux: false
11:15:28.557 [FXGL Background Thread 3 ] DEBUG Engine               - isMac: false
11:15:28.557 [FXGL Background Thread 3 ] DEBUG Engine               - isMainMenuEnabled: true
11:15:28.557 [FXGL Background Thread 3 ] DEBUG Engine               - isManualResizeEnabled: false
11:15:28.557 [FXGL Background Thread 3 ] DEBUG Engine               - isMobile: false
11:15:28.557 [FXGL Background Thread 3 ] DEBUG Engine               - isNative: false
11:15:28.557 [FXGL Background Thread 3 ] DEBUG Engine               - isPauseMusicWhenMinimized: true
11:15:28.557 [FXGL Background Thread 3 ] DEBUG Engine               - isPreserveResizeRatio: false
11:15:28.557 [FXGL Background Thread 3 ] DEBUG Engine               - isProfilingEnabled: false
11:15:28.557 [FXGL Background Thread 3 ] DEBUG Engine               - isScaleAffectedOnResize: true
11:15:28.558 [FXGL Background Thread 3 ] DEBUG Engine               - isSingleStep: false
11:15:28.558 [FXGL Background Thread 3 ] DEBUG Engine               - isUserProfileEnabled: false
11:15:28.558 [FXGL Background Thread 3 ] DEBUG Engine               - isWindows: true
11:15:28.558 [FXGL Background Thread 3 ] DEBUG Engine               - language: ObjectProperty [value: ENGLISH]
11:15:28.558 [FXGL Background Thread 3 ] DEBUG Engine               - menuKey: ESCAPE
11:15:28.558 [FXGL Background Thread 3 ] DEBUG Engine               - mouseSensitivity: 0.2
11:15:28.558 [FXGL Background Thread 3 ] DEBUG Engine               - notificationViewClass: class com.almasb.fxgl.notification.view.XboxNotificationView
11:15:28.558 [FXGL Background Thread 3 ] DEBUG Engine               - pixelsPerMeter: 50.0
11:15:28.558 [FXGL Background Thread 3 ] DEBUG Engine               - platform: WINDOWS
11:15:28.558 [FXGL Background Thread 3 ] DEBUG Engine               - prefHeightProperty: ReadOnlyDoubleProperty [value: 720.0]
11:15:28.559 [FXGL Background Thread 3 ] DEBUG Engine               - prefWidthProperty: ReadOnlyDoubleProperty [value: 1280.0]
11:15:28.559 [FXGL Background Thread 3 ] DEBUG Engine               - profileDir: profiles/
11:15:28.559 [FXGL Background Thread 3 ] DEBUG Engine               - profileName: StringProperty [value: DEFAULT]
11:15:28.559 [FXGL Background Thread 3 ] DEBUG Engine               - randomSeed: -1
11:15:28.560 [FXGL Background Thread 3 ] DEBUG Engine               - runtimeInfo: RuntimeInfo(platform=WINDOWS, version=21+dev-SNAPSHOT, build=26.03.2024 21.04)
11:15:28.560 [FXGL Background Thread 3 ] DEBUG Engine               - saveFileExt: sav
11:15:28.560 [FXGL Background Thread 3 ] DEBUG Engine               - scaledHeightProp$fxgl: DoubleProperty [bound, value: 720.0]
11:15:28.561 [FXGL Background Thread 3 ] DEBUG Engine               - scaledWidthProp$fxgl: DoubleProperty [bound, value: 1280.0]
11:15:28.561 [FXGL Background Thread 3 ] DEBUG Engine               - sceneFactory: org.example.core.GameApp$1@27e31b39
11:15:28.561 [FXGL Background Thread 3 ] DEBUG Engine               - secondsIn24h: 60
11:15:28.561 [FXGL Background Thread 3 ] DEBUG Engine               - soundMenuBack: menu/back.wav
11:15:28.561 [FXGL Background Thread 3 ] DEBUG Engine               - soundMenuPress: menu/press.wav
11:15:28.561 [FXGL Background Thread 3 ] DEBUG Engine               - soundMenuSelect: menu/select.wav
11:15:28.561 [FXGL Background Thread 3 ] DEBUG Engine               - soundNotification: core/notification.wav
11:15:28.561 [FXGL Background Thread 3 ] DEBUG Engine               - stageStyle: DECORATED
11:15:28.561 [FXGL Background Thread 3 ] DEBUG Engine               - supportedLanguages: [ENGLISH, FRENCH, GERMAN, HUNGARIAN, RUSSIAN]
11:15:28.561 [FXGL Background Thread 3 ] DEBUG Engine               - ticksPerSecond: -1
11:15:28.561 [FXGL Background Thread 3 ] DEBUG Engine               - title: Prototype Game
11:15:28.562 [FXGL Background Thread 3 ] DEBUG Engine               - urlGithub: https://github.com/AlmasB/FXGL
11:15:28.562 [FXGL Background Thread 3 ] DEBUG Engine               - urlLeaderboard: http://fxgl-top.herokuapp.com/
11:15:28.562 [FXGL Background Thread 3 ] DEBUG Engine               - urlPOM: https://raw.githubusercontent.com/AlmasB/FXGL/release/README.md
11:15:28.562 [FXGL Background Thread 3 ] DEBUG Engine               - userAppClass: class org.example.core.GameApp
11:15:28.562 [FXGL Background Thread 3 ] DEBUG Engine               - version: 0.1.5
11:15:28.562 [FXGL Background Thread 3 ] DEBUG Engine               - versionCheckDays: 7
11:15:28.562 [FXGL Background Thread 3 ] DEBUG Engine               - width: 1280
11:15:28.562 [FXGL Background Thread 3 ] DEBUG Engine               - Logging services
11:15:28.562 [FXGL Background Thread 3 ] DEBUG Engine               - class com.almasb.fxgl.app.services.FXGLAssetLoaderService
11:15:28.562 [FXGL Background Thread 3 ] DEBUG Engine               - class com.almasb.fxgl.app.FXGLApplication$GameApplicationService
11:15:28.563 [FXGL Background Thread 3 ] DEBUG Engine               - class com.almasb.fxgl.app.services.FXGLDialogService
11:15:28.563 [FXGL Background Thread 3 ] DEBUG Engine               - class com.almasb.fxgl.app.services.IOTaskExecutorService
11:15:28.563 [FXGL Background Thread 3 ] DEBUG Engine               - class com.almasb.fxgl.io.FileSystemService
11:15:28.563 [FXGL Background Thread 3 ] DEBUG Engine               - class com.almasb.fxgl.localization.LocalizationService
11:15:28.563 [FXGL Background Thread 3 ] DEBUG Engine               - class com.almasb.fxgl.app.services.SystemBundleService
11:15:28.563 [FXGL Background Thread 3 ] DEBUG Engine               - class com.almasb.fxgl.profile.SaveLoadService
11:15:28.563 [FXGL Background Thread 3 ] DEBUG Engine               - class com.almasb.fxgl.ui.FXGLUIFactoryServiceProvider
11:15:28.563 [FXGL Background Thread 3 ] DEBUG Engine               - class com.almasb.fxgl.ui.FXGLDialogFactoryServiceProvider
11:15:28.563 [FXGL Background Thread 3 ] DEBUG Engine               - class com.almasb.fxgl.audio.AudioPlayer
11:15:28.564 [FXGL Background Thread 3 ] DEBUG Engine               - class com.almasb.fxgl.notification.impl.NotificationServiceProvider
11:15:28.564 [FXGL Background Thread 3 ] DEBUG Engine               - class com.almasb.fxgl.achievement.AchievementService
11:15:28.564 [FXGL Background Thread 3 ] DEBUG Engine               - class com.almasb.fxgl.cutscene.CutsceneService
11:15:28.564 [FXGL Background Thread 3 ] DEBUG Engine               - class com.almasb.fxgl.minigames.MiniGameService
11:15:28.564 [FXGL Background Thread 3 ] DEBUG Engine               - class com.almasb.fxgl.net.NetService
11:15:28.564 [FXGL Background Thread 3 ] DEBUG Engine               - class com.almasb.fxgl.app.services.UpdaterService
11:15:28.564 [FXGL Background Thread 3 ] DEBUG Engine               - class com.almasb.fxgl.dev.DevService
11:15:32.753 [JavaFX Application Thread] DEBUG GameWorld            - Game world initialized
11:15:32.755 [JavaFX Application Thread] DEBUG PhysicsWorld         - Physics world initialized: appHeight=720, physics.ppm=50.0
11:15:32.755 [JavaFX Application Thread] DEBUG PhysicsWorld         - Using strategy: BRUTE_FORCE
11:15:32.759 [JavaFX Application Thread] DEBUG GameScene            - Game scene initialized: 1280x720
11:15:32.884 [JavaFX Application Thread] DEBUG PrimaryStageWindow   - Push state: MainMenuScene
11:15:32.917 [JavaFX Application Thread] DEBUG Input                - Clearing active input actions
11:15:32.926 [JavaFX Application Thread] DEBUG GameApplicationServi - Removing overlay from LoginScene and adding to MainMenuScene
11:15:32.927 [JavaFX Application Thread] DEBUG PrimaryStageWindow   - LoginScene -> MainMenuScene
11:15:32.948 [JavaFX Application Thread] DEBUG GameWorld            - Game world initialized
11:15:32.951 [JavaFX Application Thread] DEBUG PhysicsWorld         - Physics world initialized: appHeight=720, physics.ppm=50.0
11:15:32.951 [JavaFX Application Thread] DEBUG PhysicsWorld         - Using strategy: BRUTE_FORCE
11:15:32.956 [JavaFX Application Thread] DEBUG GameScene            - Game scene initialized: 1280x720
11:15:33.049 [JavaFX Application Thread] DEBUG PrimaryStageWindow   - Push state: MainMenuScene
11:15:33.071 [JavaFX Application Thread] DEBUG Input                - Clearing active input actions
11:15:33.074 [JavaFX Application Thread] DEBUG GameApplicationServi - Removing overlay from MainMenuScene and adding to MainMenuScene
11:15:33.075 [JavaFX Application Thread] DEBUG PrimaryStageWindow   - MainMenuScene -> MainMenuScene
11:15:34.654 [JavaFX Application Thread] DEBUG GameApplicationServi - Starting new game
11:15:34.657 [JavaFX Application Thread] DEBUG PrimaryStageWindow   - Pop state: MainMenuScene
11:15:34.658 [JavaFX Application Thread] DEBUG Input                - Clearing active input actions
11:15:34.662 [JavaFX Application Thread] DEBUG GameApplicationServi - Removing overlay from MainMenuScene and adding to MainMenuScene
11:15:34.664 [JavaFX Application Thread] DEBUG PrimaryStageWindow   - MainMenuScene <- MainMenuScene
11:15:34.664 [JavaFX Application Thread] DEBUG PrimaryStageWindow   - Pop state: MainMenuScene
11:15:34.665 [JavaFX Application Thread] DEBUG Input                - Clearing active input actions
11:15:34.666 [JavaFX Application Thread] DEBUG GameApplicationServi - Removing overlay from MainMenuScene and adding to LoginScene
11:15:34.667 [JavaFX Application Thread] DEBUG PrimaryStageWindow   - LoginScene <- MainMenuScene
11:15:34.949 [JavaFX Application Thread] DEBUG PrimaryStageWindow   - Pop state: LoginScene
11:15:34.950 [JavaFX Application Thread] DEBUG Input                - Clearing active input actions
11:15:34.950 [JavaFX Application Thread] DEBUG GameApplicationServi - Removing overlay from LoginScene and adding to FXGLMainMenuDummyScene
11:15:34.951 [JavaFX Application Thread] DEBUG PrimaryStageWindow   - FXGLMainMenuDummyScene <- LoginScene
11:15:34.952 [JavaFX Application Thread] DEBUG Input                - Clearing active input actions
11:15:34.985 [JavaFX Application Thread] DEBUG GameApplicationServi - Removing overlay from FXGLMainMenuDummyScene and adding to FXGLLoadingScene
11:15:34.986 [JavaFX Application Thread] DEBUG PrimaryStageWindow   - FXGLMainMenuDummyScene -> FXGLLoadingScene
11:15:34.986 [JavaFX Application Thread] DEBUG GameApplicationServi - Clearing previous game
11:15:34.986 [JavaFX Application Thread] DEBUG GameScene            - Clearing game scene
11:15:34.986 [JavaFX Application Thread] DEBUG GameWorld            - Clearing game world
11:15:34.986 [JavaFX Application Thread] DEBUG PhysicsWorld         - Clearing physics world
11:15:34.992 [FXGL Background Thread 2 ] DEBUG FXGLApplication      - Initializing game
11:15:35.061 [FXGL Background Thread 2 ] DEBUG FXGLAssetLoaderServi - Loading from file system: file:/C:/Users/ginac/IdeaProjects/TheOnlyException3/Test/target/classes/assets/textures/dasd.png
11:15:35.187 [FXGL Background Thread 2 ] DEBUG FXGLAssetLoaderServi - Loading from file system: file:/C:/Users/ginac/IdeaProjects/TheOnlyException3/Test/target/classes/assets/textures/player-scaled.png
11:15:35.490 [FXGL Background Thread 2 ] INFO  FXGLApplication      - Game initialization took: 0.499 sec
11:15:35.494 [JavaFX Application Thread] DEBUG Input                - Clearing active input actions
11:15:35.527 [JavaFX Application Thread] DEBUG GameApplicationServi - Removing overlay from FXGLLoadingScene and adding to GameScene
11:15:35.528 [JavaFX Application Thread] DEBUG PrimaryStageWindow   - FXGLLoadingScene -> GameScene
11:15:47.696 [JavaFX Application Thread] DEBUG FXGLApplication      - Exiting FXGL
11:15:47.697 [JavaFX Application Thread] DEBUG LoopRunner           - Stopping loop
11:15:47.697 [JavaFX Application Thread] DEBUG SystemBundleService  - Saving FXGL system data
11:15:47.701 [JavaFX Application Thread] DEBUG FileSystemAccess     - Writing to: C:\Users\ginac\IdeaProjects\TheOnlyException3\system\fxgl.bundle
11:15:47.706 [JavaFX Application Thread] DEBUG Async                - Shutting down background threads
11:15:47.707 [JavaFX Application Thread] DEBUG PrimaryStageWindow   - Closing main window
11:15:47.756 [JavaFX Application Thread] DEBUG Logger               - Closing Logger
