18:51:40.857 [main                     ] DEBUG Logger               - Configured Logger
18:51:40.864 [main                     ] DEBUG GameApplication      - Logging settings
Title: Prototype Game
Version: 0.1.5
Width: 1280
Height: 720
Fullscreen: false
Intro: false
Profiling: false
Single step:false
App Mode: DEVELOPER
Menu Key: ESCAPE
Stage Style: DECORATED
Scene Factory: class org.example.core.GameApp$1

18:51:41.240 [JavaFX Application Thread] DEBUG FXGLApplication      - Initializing FXGL
18:51:41.242 [JavaFX Application Thread] INFO  Engine               - FXGL-21+dev-SNAPSHOT (26.03.2024 19.46) on WINDOWS (J:24 FX:21.0.1)
18:51:41.242 [JavaFX Application Thread] DEBUG Engine               - JRE Vendor Name: Oracle Corporation
18:51:41.242 [JavaFX Application Thread] DEBUG Engine               - Running on OS: Windows 11 version 10.0
18:51:41.242 [JavaFX Application Thread] DEBUG Engine               - Architecture: amd64
18:51:41.243 [JavaFX Application Thread] INFO  Engine               - Source code and latest versions at: https://github.com/AlmasB/FXGL
18:51:41.243 [JavaFX Application Thread] INFO  Engine               -       Ask questions and discuss at: https://github.com/AlmasB/FXGL/discussions
18:51:41.243 [JavaFX Application Thread] INFO  Engine               -              Join the FXGL chat at: https://gitter.im/AlmasB/FXGL
18:51:41.345 [JavaFX Application Thread] DEBUG PrimaryStageWindow   - Creating a JavaFX scene
18:51:41.399 [JavaFX Application Thread] DEBUG PrimaryStageWindow   - Target settings size: 1280.0 x 720.0
18:51:41.399 [JavaFX Application Thread] DEBUG PrimaryStageWindow   - Scaled scene size:    1280.0 x 720.0
18:51:41.399 [JavaFX Application Thread] DEBUG PrimaryStageWindow   - Scaled ratio: (1.0, 1.0)
18:51:41.400 [JavaFX Application Thread] DEBUG PrimaryStageWindow   - Set initial scene to FXGLStartupScene
18:51:41.403 [JavaFX Application Thread] DEBUG PrimaryStageWindow   - Opening main window
18:51:41.511 [JavaFX Application Thread] DEBUG PrimaryStageWindow   - Window border size: (16.0, 39.0)
18:51:41.511 [JavaFX Application Thread] DEBUG PrimaryStageWindow   - Scaled size: 1280.0 x 720.0
18:51:41.511 [JavaFX Application Thread] DEBUG PrimaryStageWindow   - Scaled ratio: (1.0, 1.0)
18:51:41.511 [JavaFX Application Thread] DEBUG PrimaryStageWindow   - Scene size: 1280.0 x 720.0
18:51:41.511 [JavaFX Application Thread] DEBUG PrimaryStageWindow   - Stage size: 1296.0 x 759.0
18:51:41.521 [FXGL Background Thread 1 ] DEBUG Engine               - Initializing environment variables
18:51:41.577 [FXGL Background Thread 1 ] DEBUG FXGLAssetLoaderServi - User app class for loading assets: class org.example.core.GameApp
18:51:41.577 [FXGL Background Thread 1 ] DEBUG GameApplicationServi - Applying CSS: fxgl_dark.css
18:51:41.578 [FXGL Background Thread 1 ] DEBUG FXGLAssetLoaderServi - Loading from file system: jar:file:/C:/Users/primzcm/.m2/repository/com/github/almasb/fxgl/fxgl/21.1/fxgl-21.1.jar!/fxglassets/ui/css/fxgl_dark.css
18:51:41.622 [FXGL Background Thread 1 ] DEBUG GameApplicationServi - Initializing application scenes
18:51:41.658 [FXGL Background Thread 1 ] DEBUG GameWorld            - Game world initialized
18:51:41.710 [FXGL Background Thread 1 ] DEBUG PhysicsWorld         - Physics world initialized: appHeight=720, physics.ppm=50.0
18:51:41.710 [FXGL Background Thread 1 ] DEBUG PhysicsWorld         - Using strategy: BRUTE_FORCE
18:51:41.713 [FXGL Background Thread 1 ] DEBUG GameScene            - Game scene initialized: 1280x720
18:51:41.724 [FXGL Background Thread 1 ] DEBUG FXGL.DefaultMenu     - createMenuBodyGameMenu()
18:51:41.740 [FXGL Background Thread 1 ] DEBUG FXGL.DefaultMenu     - createOptionsMenu()
18:51:41.751 [FXGL Background Thread 1 ] DEBUG FXGLAssetLoaderServi - Loading from file system: jar:file:/C:/Users/primzcm/.m2/repository/com/github/almasb/fxgl/fxgl/21.1/fxgl-21.1.jar!/fxglassets/textures/particles/smoke.png
18:51:41.849 [FXGL Background Thread 1 ] DEBUG FXGLAssetLoaderServi - Loading from file system: jar:file:/C:/Users/primzcm/.m2/repository/com/github/almasb/fxgl/fxgl/21.1/fxgl-21.1.jar!/fxglassets/textures/particles/trace_horizontal.png
18:51:41.876 [FXGL Background Thread 1 ] DEBUG GameApplicationServi - Application scenes initialized
18:51:41.888 [FXGL Background Thread 1 ] DEBUG SystemBundleService  - Loading FXGL system data
18:51:41.891 [FXGL Background Thread 1 ] DEBUG FileSystemAccess     - Reading from: F:\my files\School\2nd year 2nd sem\TheOnlyException\system\fxgl.bundle
18:51:41.898 [FXGL Background Thread 1 ] DEBUG SystemBundleService  - Bundle FXGL: {}
18:51:41.898 [FXGL Background Thread 1 ] DEBUG UpdaterService       - Checking for updates
18:51:41.902 [FXGL Background Thread 4 ] DEBUG FXGLApplication      - Loading fonts
18:51:41.902 [FXGL Background Thread 1 ] DEBUG FXGLApplication      - Loading default localization
18:51:41.902 [FXGL Background Thread 4 ] DEBUG FXGLAssetLoaderServi - Loading from file system: jar:file:/C:/Users/primzcm/.m2/repository/com/github/almasb/fxgl/fxgl/21.1/fxgl-21.1.jar!/fxglassets/ui/fonts/VarelaRound-Regular.ttf
18:51:41.903 [FXGL Background Thread 1 ] DEBUG FXGLAssetLoaderServi - Loading from file system: jar:file:/C:/Users/primzcm/.m2/repository/com/github/almasb/fxgl/fxgl/21.1/fxgl-21.1.jar!/fxglassets/languages/english.lang
18:51:41.930 [FXGL Background Thread 1 ] INFO  FXGLApplication      - FXGL initialization took: 0.409 sec
18:51:41.936 [FXGL Background Thread 4 ] DEBUG FXGLAssetLoaderServi - Loading from file system: jar:file:/C:/Users/primzcm/.m2/repository/com/github/almasb/fxgl/fxgl/21.1/fxgl-21.1.jar!/fxglassets/ui/fonts/Abel-Regular.ttf
18:51:41.939 [FXGL Background Thread 4 ] DEBUG FXGLAssetLoaderServi - Loading from file system: jar:file:/C:/Users/primzcm/.m2/repository/com/github/almasb/fxgl/fxgl/21.1/fxgl-21.1.jar!/fxglassets/ui/fonts/TerminalLandMono-Regular.otf
18:51:41.941 [FXGL Background Thread 4 ] DEBUG FXGLAssetLoaderServi - Loading from file system: jar:file:/C:/Users/primzcm/.m2/repository/com/github/almasb/fxgl/fxgl/21.1/fxgl-21.1.jar!/fxglassets/ui/fonts/Courier-Prime.ttf
18:51:41.942 [JavaFX Application Thread] DEBUG Input                - Registered new binding: action0 - A
18:51:41.942 [JavaFX Application Thread] DEBUG Input                - Registered new binding: action1 - D
18:51:41.943 [JavaFX Application Thread] DEBUG Input                - Registered new binding: action2 - W
18:51:41.943 [JavaFX Application Thread] DEBUG Input                - Registered new binding: action3 - S
18:51:41.943 [JavaFX Application Thread] DEBUG FXGLAssetLoaderServi - Loading from file system: jar:file:/C:/Users/primzcm/.m2/repository/com/github/almasb/fxgl/fxgl/21.1/fxgl-21.1.jar!/fxglassets/textures/fxgl_icon.png
18:51:41.963 [JavaFX Application Thread] DEBUG FXGLAssetLoaderServi - Loading from file system: jar:file:/C:/Users/primzcm/.m2/repository/com/github/almasb/fxgl/fxgl/21.1/fxgl-21.1.jar!/fxglassets/textures/fxgl_default_cursor.png
18:51:41.966 [JavaFX Application Thread] DEBUG Input                - Registered new binding: Screenshot - CTRL+8
18:51:41.966 [JavaFX Application Thread] DEBUG Input                - Registered new binding: System info dump - CTRL+9
18:51:41.966 [JavaFX Application Thread] DEBUG Input                - Registered new binding: Restart - CTRL+R
18:51:41.968 [JavaFX Application Thread] DEBUG Input                - Registered new binding: Toggle Debug Camera - CTRL+7
18:51:41.971 [JavaFX Application Thread] DEBUG LoopRunner           - Starting loop
18:51:41.971 [JavaFX Application Thread] DEBUG LoopRunner           - Initializing JavaFX AnimationTimerLoop
18:51:41.974 [JavaFX Application Thread] DEBUG Input                - Clearing active input actions
18:51:41.979 [JavaFX Application Thread] DEBUG GameApplicationServi - Removing overlay from FXGLStartupScene and adding to FXGLMainMenuDummyScene
18:51:41.980 [JavaFX Application Thread] DEBUG PrimaryStageWindow   - FXGLStartupScene -> FXGLMainMenuDummyScene
18:51:41.980 [JavaFX Application Thread] DEBUG PrimaryStageWindow   - Push state: NameInputScene
18:51:42.215 [JavaFX Application Thread] DEBUG Input                - Clearing active input actions
18:51:42.224 [JavaFX Application Thread] DEBUG GameApplicationServi - Removing overlay from FXGLMainMenuDummyScene and adding to NameInputScene
18:51:42.225 [JavaFX Application Thread] DEBUG PrimaryStageWindow   - FXGLMainMenuDummyScene -> NameInputScene
18:51:42.230 [JavaFX Application Thread] DEBUG FXGLApplication      - Registering font factories with UI factory
18:51:42.302 [FXGL Background Thread 2 ] INFO  UpdaterService       - Your current version:  21+dev-SNAPSHOT
18:51:42.302 [FXGL Background Thread 2 ] INFO  UpdaterService       - Latest stable version: 21.1
18:51:44.901 [FXGL Background Thread 3 ] DEBUG Engine               - Logging environment variables
18:51:44.901 [FXGL Background Thread 3 ] DEBUG Engine               - achievements: []
18:51:44.901 [FXGL Background Thread 3 ] DEBUG Engine               - actualHeight: 720.0
18:51:44.901 [FXGL Background Thread 3 ] DEBUG Engine               - actualHeightProperty: ReadOnlyDoubleProperty [value: 720.0]
18:51:44.901 [FXGL Background Thread 3 ] DEBUG Engine               - actualWidth: 1280.0
18:51:44.901 [FXGL Background Thread 3 ] DEBUG Engine               - actualWidthProperty: ReadOnlyDoubleProperty [value: 1280.0]
18:51:44.901 [FXGL Background Thread 3 ] DEBUG Engine               - appIcon: fxgl_icon.png
18:51:44.901 [FXGL Background Thread 3 ] DEBUG Engine               - applicationMode: DEVELOPER
18:51:44.901 [FXGL Background Thread 3 ] DEBUG Engine               - cSSList: [fxgl_dark.css]
18:51:44.901 [FXGL Background Thread 3 ] DEBUG Engine               - collisionDetectionStrategy: BRUTE_FORCE
18:51:44.901 [FXGL Background Thread 3 ] DEBUG Engine               - configClass: Optional.empty
18:51:44.901 [FXGL Background Thread 3 ] DEBUG Engine               - credits: []
18:51:44.902 [FXGL Background Thread 3 ] DEBUG Engine               - defaultCursor: CursorInfo(imageName=fxgl_default_cursor.png, hotspotX=7.0, hotspotY=6.0)
18:51:44.902 [FXGL Background Thread 3 ] DEBUG Engine               - devBBoxColorProperty: ObjectProperty [value: 0xff0000ff]
18:51:44.902 [FXGL Background Thread 3 ] DEBUG Engine               - devEnableDebugCameraProperty: BooleanProperty [value: false]
18:51:44.902 [FXGL Background Thread 3 ] DEBUG Engine               - devSensorColorProperty: ObjectProperty [value: 0xffff00ff]
18:51:44.902 [FXGL Background Thread 3 ] DEBUG Engine               - devShowBBoxProperty: BooleanProperty [value: false]
18:51:44.902 [FXGL Background Thread 3 ] DEBUG Engine               - devShowPositionProperty: BooleanProperty [value: false]
18:51:44.902 [FXGL Background Thread 3 ] DEBUG Engine               - enabledMenuItems: []
18:51:44.902 [FXGL Background Thread 3 ] DEBUG Engine               - engineServices: [class com.almasb.fxgl.app.services.FXGLAssetLoaderService, class com.almasb.fxgl.app.FXGLApplication$GameApplicationService, class com.almasb.fxgl.app.services.FXGLDialogService, class com.almasb.fxgl.app.services.IOTaskExecutorService, class com.almasb.fxgl.io.FileSystemService, class com.almasb.fxgl.localization.LocalizationService, class com.almasb.fxgl.app.services.SystemBundleService, class com.almasb.fxgl.profile.SaveLoadService, class com.almasb.fxgl.ui.FXGLUIFactoryServiceProvider, class com.almasb.fxgl.ui.FXGLDialogFactoryServiceProvider, class com.almasb.fxgl.audio.AudioPlayer, class com.almasb.fxgl.notification.impl.NotificationServiceProvider, class com.almasb.fxgl.achievement.AchievementService, class com.almasb.fxgl.cutscene.CutsceneService, class com.almasb.fxgl.minigames.MiniGameService, class com.almasb.fxgl.net.NetService, class com.almasb.fxgl.app.services.UpdaterService, class com.almasb.fxgl.dev.DevService]
18:51:44.902 [FXGL Background Thread 3 ] DEBUG Engine               - fontGame: Abel-Regular.ttf
18:51:44.902 [FXGL Background Thread 3 ] DEBUG Engine               - fontMono: TerminalLandMono-Regular.otf
18:51:44.902 [FXGL Background Thread 3 ] DEBUG Engine               - fontSizeScaleUI: 1.0
18:51:44.902 [FXGL Background Thread 3 ] DEBUG Engine               - fontText: Courier-Prime.ttf
18:51:44.902 [FXGL Background Thread 3 ] DEBUG Engine               - fontUI: VarelaRound-Regular.ttf
18:51:44.902 [FXGL Background Thread 3 ] DEBUG Engine               - fullScreen: BooleanProperty [value: false]
18:51:44.902 [FXGL Background Thread 3 ] DEBUG Engine               - gameDifficulty: MEDIUM
18:51:44.902 [FXGL Background Thread 3 ] DEBUG Engine               - gameDifficultyProperty: ObjectProperty [value: MEDIUM]
18:51:44.902 [FXGL Background Thread 3 ] DEBUG Engine               - globalMusicVolume: 0.5
18:51:44.902 [FXGL Background Thread 3 ] DEBUG Engine               - globalMusicVolumeProperty: DoubleProperty [value: 0.5]
18:51:44.902 [FXGL Background Thread 3 ] DEBUG Engine               - globalSoundVolume: 0.5
18:51:44.902 [FXGL Background Thread 3 ] DEBUG Engine               - globalSoundVolumeProperty: DoubleProperty [value: 0.5]
18:51:44.903 [FXGL Background Thread 3 ] DEBUG Engine               - height: 720
18:51:44.903 [FXGL Background Thread 3 ] DEBUG Engine               - is3D: false
18:51:44.903 [FXGL Background Thread 3 ] DEBUG Engine               - isAndroid: false
18:51:44.903 [FXGL Background Thread 3 ] DEBUG Engine               - isBrowser: false
18:51:44.903 [FXGL Background Thread 3 ] DEBUG Engine               - isClickFeedbackEnabled: false
18:51:44.903 [FXGL Background Thread 3 ] DEBUG Engine               - isCloseConfirmation: false
18:51:44.903 [FXGL Background Thread 3 ] DEBUG Engine               - isDesktop: true
18:51:44.903 [FXGL Background Thread 3 ] DEBUG Engine               - isDeveloperMenuEnabled: false
18:51:44.903 [FXGL Background Thread 3 ] DEBUG Engine               - isEmbedded: false
18:51:44.903 [FXGL Background Thread 3 ] DEBUG Engine               - isEntityPreloadEnabled: true
18:51:44.903 [FXGL Background Thread 3 ] DEBUG Engine               - isExperimentalTiledLargeMap: false
18:51:44.903 [FXGL Background Thread 3 ] DEBUG Engine               - isFileSystemWriteAllowed: true
18:51:44.903 [FXGL Background Thread 3 ] DEBUG Engine               - isFullScreenAllowed: false
18:51:44.903 [FXGL Background Thread 3 ] DEBUG Engine               - isFullScreenFromStart: false
18:51:44.903 [FXGL Background Thread 3 ] DEBUG Engine               - isGameMenuEnabled: true
18:51:44.903 [FXGL Background Thread 3 ] DEBUG Engine               - isIOS: false
18:51:44.903 [FXGL Background Thread 3 ] DEBUG Engine               - isIntroEnabled: false
18:51:44.903 [FXGL Background Thread 3 ] DEBUG Engine               - isLinux: false
18:51:44.903 [FXGL Background Thread 3 ] DEBUG Engine               - isMac: false
18:51:44.903 [FXGL Background Thread 3 ] DEBUG Engine               - isMainMenuEnabled: true
18:51:44.903 [FXGL Background Thread 3 ] DEBUG Engine               - isManualResizeEnabled: false
18:51:44.903 [FXGL Background Thread 3 ] DEBUG Engine               - isMobile: false
18:51:44.903 [FXGL Background Thread 3 ] DEBUG Engine               - isNative: false
18:51:44.903 [FXGL Background Thread 3 ] DEBUG Engine               - isPauseMusicWhenMinimized: true
18:51:44.904 [FXGL Background Thread 3 ] DEBUG Engine               - isPreserveResizeRatio: false
18:51:44.904 [FXGL Background Thread 3 ] DEBUG Engine               - isProfilingEnabled: false
18:51:44.904 [FXGL Background Thread 3 ] DEBUG Engine               - isScaleAffectedOnResize: true
18:51:44.904 [FXGL Background Thread 3 ] DEBUG Engine               - isSingleStep: false
18:51:44.904 [FXGL Background Thread 3 ] DEBUG Engine               - isUserProfileEnabled: false
18:51:44.904 [FXGL Background Thread 3 ] DEBUG Engine               - isWindows: true
18:51:44.904 [FXGL Background Thread 3 ] DEBUG Engine               - language: ObjectProperty [value: ENGLISH]
18:51:44.904 [FXGL Background Thread 3 ] DEBUG Engine               - menuKey: ESCAPE
18:51:44.904 [FXGL Background Thread 3 ] DEBUG Engine               - mouseSensitivity: 0.2
18:51:44.904 [FXGL Background Thread 3 ] DEBUG Engine               - notificationViewClass: class com.almasb.fxgl.notification.view.XboxNotificationView
18:51:44.904 [FXGL Background Thread 3 ] DEBUG Engine               - pixelsPerMeter: 50.0
18:51:44.904 [FXGL Background Thread 3 ] DEBUG Engine               - platform: WINDOWS
18:51:44.904 [FXGL Background Thread 3 ] DEBUG Engine               - prefHeightProperty: ReadOnlyDoubleProperty [value: 720.0]
18:51:44.904 [FXGL Background Thread 3 ] DEBUG Engine               - prefWidthProperty: ReadOnlyDoubleProperty [value: 1280.0]
18:51:44.904 [FXGL Background Thread 3 ] DEBUG Engine               - profileDir: profiles/
18:51:44.904 [FXGL Background Thread 3 ] DEBUG Engine               - profileName: StringProperty [value: DEFAULT]
18:51:44.904 [FXGL Background Thread 3 ] DEBUG Engine               - randomSeed: -1
18:51:44.904 [FXGL Background Thread 3 ] DEBUG Engine               - runtimeInfo: RuntimeInfo(platform=WINDOWS, version=21+dev-SNAPSHOT, build=26.03.2024 19.46)
18:51:44.904 [FXGL Background Thread 3 ] DEBUG Engine               - saveFileExt: sav
18:51:44.904 [FXGL Background Thread 3 ] DEBUG Engine               - scaledHeightProp$fxgl: DoubleProperty [bound, value: 720.0]
18:51:44.904 [FXGL Background Thread 3 ] DEBUG Engine               - scaledWidthProp$fxgl: DoubleProperty [bound, value: 1280.0]
18:51:44.904 [FXGL Background Thread 3 ] DEBUG Engine               - sceneFactory: org.example.core.GameApp$1@1d399089
18:51:44.904 [FXGL Background Thread 3 ] DEBUG Engine               - secondsIn24h: 60
18:51:44.904 [FXGL Background Thread 3 ] DEBUG Engine               - soundMenuBack: menu/back.wav
18:51:44.904 [FXGL Background Thread 3 ] DEBUG Engine               - soundMenuPress: menu/press.wav
18:51:44.904 [FXGL Background Thread 3 ] DEBUG Engine               - soundMenuSelect: menu/select.wav
18:51:44.904 [FXGL Background Thread 3 ] DEBUG Engine               - soundNotification: core/notification.wav
18:51:44.904 [FXGL Background Thread 3 ] DEBUG Engine               - stageStyle: DECORATED
18:51:44.904 [FXGL Background Thread 3 ] DEBUG Engine               - supportedLanguages: [ENGLISH, FRENCH, GERMAN, HUNGARIAN, RUSSIAN]
18:51:44.904 [FXGL Background Thread 3 ] DEBUG Engine               - ticksPerSecond: -1
18:51:44.904 [FXGL Background Thread 3 ] DEBUG Engine               - title: Prototype Game
18:51:44.904 [FXGL Background Thread 3 ] DEBUG Engine               - urlGithub: https://github.com/AlmasB/FXGL
18:51:44.904 [FXGL Background Thread 3 ] DEBUG Engine               - urlLeaderboard: http://fxgl-top.herokuapp.com/
18:51:44.905 [FXGL Background Thread 3 ] DEBUG Engine               - urlPOM: https://raw.githubusercontent.com/AlmasB/FXGL/release/README.md
18:51:44.905 [FXGL Background Thread 3 ] DEBUG Engine               - userAppClass: class org.example.core.GameApp
18:51:44.905 [FXGL Background Thread 3 ] DEBUG Engine               - version: 0.1.5
18:51:44.905 [FXGL Background Thread 3 ] DEBUG Engine               - versionCheckDays: 7
18:51:44.905 [FXGL Background Thread 3 ] DEBUG Engine               - width: 1280
18:51:44.905 [FXGL Background Thread 3 ] DEBUG Engine               - Logging services
18:51:44.905 [FXGL Background Thread 3 ] DEBUG Engine               - class com.almasb.fxgl.app.services.FXGLAssetLoaderService
18:51:44.905 [FXGL Background Thread 3 ] DEBUG Engine               - class com.almasb.fxgl.app.FXGLApplication$GameApplicationService
18:51:44.905 [FXGL Background Thread 3 ] DEBUG Engine               - class com.almasb.fxgl.app.services.FXGLDialogService
18:51:44.905 [FXGL Background Thread 3 ] DEBUG Engine               - class com.almasb.fxgl.app.services.IOTaskExecutorService
18:51:44.905 [FXGL Background Thread 3 ] DEBUG Engine               - class com.almasb.fxgl.io.FileSystemService
18:51:44.905 [FXGL Background Thread 3 ] DEBUG Engine               - class com.almasb.fxgl.localization.LocalizationService
18:51:44.905 [FXGL Background Thread 3 ] DEBUG Engine               - class com.almasb.fxgl.app.services.SystemBundleService
18:51:44.905 [FXGL Background Thread 3 ] DEBUG Engine               - class com.almasb.fxgl.profile.SaveLoadService
18:51:44.905 [FXGL Background Thread 3 ] DEBUG Engine               - class com.almasb.fxgl.ui.FXGLUIFactoryServiceProvider
18:51:44.905 [FXGL Background Thread 3 ] DEBUG Engine               - class com.almasb.fxgl.ui.FXGLDialogFactoryServiceProvider
18:51:44.905 [FXGL Background Thread 3 ] DEBUG Engine               - class com.almasb.fxgl.audio.AudioPlayer
18:51:44.905 [FXGL Background Thread 3 ] DEBUG Engine               - class com.almasb.fxgl.notification.impl.NotificationServiceProvider
18:51:44.905 [FXGL Background Thread 3 ] DEBUG Engine               - class com.almasb.fxgl.achievement.AchievementService
18:51:44.905 [FXGL Background Thread 3 ] DEBUG Engine               - class com.almasb.fxgl.cutscene.CutsceneService
18:51:44.905 [FXGL Background Thread 3 ] DEBUG Engine               - class com.almasb.fxgl.minigames.MiniGameService
18:51:44.905 [FXGL Background Thread 3 ] DEBUG Engine               - class com.almasb.fxgl.net.NetService
18:51:44.905 [FXGL Background Thread 3 ] DEBUG Engine               - class com.almasb.fxgl.app.services.UpdaterService
18:51:44.905 [FXGL Background Thread 3 ] DEBUG Engine               - class com.almasb.fxgl.dev.DevService
18:51:47.397 [JavaFX Application Thread] DEBUG GameWorld            - Game world initialized
18:51:47.398 [JavaFX Application Thread] DEBUG PhysicsWorld         - Physics world initialized: appHeight=720, physics.ppm=50.0
18:51:47.398 [JavaFX Application Thread] DEBUG PhysicsWorld         - Using strategy: BRUTE_FORCE
18:51:47.399 [JavaFX Application Thread] DEBUG GameScene            - Game scene initialized: 1280x720
18:51:47.411 [JavaFX Application Thread] DEBUG PrimaryStageWindow   - Push state: MainMenuScene
18:51:47.414 [JavaFX Application Thread] DEBUG Input                - Clearing active input actions
18:51:47.416 [JavaFX Application Thread] DEBUG GameApplicationServi - Removing overlay from NameInputScene and adding to MainMenuScene
18:51:47.416 [JavaFX Application Thread] DEBUG PrimaryStageWindow   - NameInputScene -> MainMenuScene
18:51:48.040 [JavaFX Application Thread] DEBUG GameApplicationServi - Starting new game
18:51:48.041 [JavaFX Application Thread] DEBUG PrimaryStageWindow   - Pop state: MainMenuScene
18:51:48.041 [JavaFX Application Thread] DEBUG Input                - Clearing active input actions
18:51:48.041 [JavaFX Application Thread] DEBUG GameApplicationServi - Removing overlay from MainMenuScene and adding to NameInputScene
18:51:48.041 [JavaFX Application Thread] DEBUG PrimaryStageWindow   - NameInputScene <- MainMenuScene
18:51:48.080 [JavaFX Application Thread] DEBUG PrimaryStageWindow   - Pop state: NameInputScene
18:51:48.081 [JavaFX Application Thread] DEBUG Input                - Clearing active input actions
18:51:48.081 [JavaFX Application Thread] DEBUG GameApplicationServi - Removing overlay from NameInputScene and adding to FXGLMainMenuDummyScene
18:51:48.081 [JavaFX Application Thread] DEBUG PrimaryStageWindow   - FXGLMainMenuDummyScene <- NameInputScene
18:51:48.081 [JavaFX Application Thread] DEBUG Input                - Clearing active input actions
18:51:48.084 [JavaFX Application Thread] DEBUG GameApplicationServi - Removing overlay from FXGLMainMenuDummyScene and adding to FXGLLoadingScene
18:51:48.084 [JavaFX Application Thread] DEBUG PrimaryStageWindow   - FXGLMainMenuDummyScene -> FXGLLoadingScene
18:51:48.085 [JavaFX Application Thread] DEBUG GameApplicationServi - Clearing previous game
18:51:48.085 [JavaFX Application Thread] DEBUG GameScene            - Clearing game scene
18:51:48.085 [JavaFX Application Thread] DEBUG GameWorld            - Clearing game world
18:51:48.085 [JavaFX Application Thread] DEBUG PhysicsWorld         - Clearing physics world
18:51:48.085 [FXGL Background Thread 2 ] DEBUG FXGLApplication      - Initializing game
18:51:48.096 [FXGL Background Thread 2 ] DEBUG FXGLAssetLoaderServi - Loading from file system: file:/F:/my%20files/School/2nd%20year%202nd%20sem/TheOnlyException/Test/target/classes/assets/textures/dasd.png
18:51:48.115 [FXGL Background Thread 2 ] DEBUG FXGLAssetLoaderServi - Loading from file system: file:/F:/my%20files/School/2nd%20year%202nd%20sem/TheOnlyException/Test/target/classes/assets/textures/player-scaled.png
18:51:48.157 [FXGL Background Thread 2 ] INFO  FXGLApplication      - Game initialization took: 0.071 sec
18:51:48.160 [JavaFX Application Thread] DEBUG Input                - Clearing active input actions
18:51:48.164 [JavaFX Application Thread] DEBUG GameApplicationServi - Removing overlay from FXGLLoadingScene and adding to GameScene
18:51:48.164 [JavaFX Application Thread] DEBUG PrimaryStageWindow   - FXGLLoadingScene -> GameScene
18:51:49.142 [JavaFX Application Thread] DEBUG FXGLAssetLoaderServi - Loading from file system: file:/F:/my%20files/School/2nd%20year%202nd%20sem/TheOnlyException/Test/target/classes/assets/textures/MaggotWalk-scaled.png
18:51:49.148 [JavaFX Application Thread] DEBUG FXGLAssetLoaderServi - Loading from file system: file:/F:/my%20files/School/2nd%20year%202nd%20sem/TheOnlyException/Test/target/classes/assets/textures/BeetleMove-scaled.png
18:51:49.150 [JavaFX Application Thread] DEBUG FXGLAssetLoaderServi - Loading from file system: file:/F:/my%20files/School/2nd%20year%202nd%20sem/TheOnlyException/Test/target/classes/assets/textures/MantisMove-scaled.png
18:51:49.152 [JavaFX Application Thread] DEBUG FXGLAssetLoaderServi - Loading from file system: file:/F:/my%20files/School/2nd%20year%202nd%20sem/TheOnlyException/Test/target/classes/assets/textures/BeeMove-scaled.png
18:51:49.153 [JavaFX Application Thread] DEBUG FXGLAssetLoaderServi - Loading from file system: file:/F:/my%20files/School/2nd%20year%202nd%20sem/TheOnlyException/Test/target/classes/assets/textures/GiantFly.png
18:51:49.155 [JavaFX Application Thread] DEBUG FXGLAssetLoaderServi - Loading from file system: file:/F:/my%20files/School/2nd%20year%202nd%20sem/TheOnlyException/Test/target/classes/assets/textures/DragonFly.png
18:51:53.823 [JavaFX Application Thread] DEBUG PrimaryStageWindow   - Push state: DialogSubScene
18:51:53.823 [JavaFX Application Thread] DEBUG Input                - Clearing active input actions
18:51:53.825 [JavaFX Application Thread] DEBUG GameApplicationServi - Removing overlay from GameScene and adding to DialogSubScene
18:51:53.825 [JavaFX Application Thread] DEBUG PrimaryStageWindow   - GameScene -> DialogSubScene
18:51:54.554 [JavaFX Application Thread] DEBUG PrimaryStageWindow   - Pop state: DialogSubScene
18:51:54.554 [JavaFX Application Thread] DEBUG Input                - Clearing active input actions
18:51:54.555 [JavaFX Application Thread] DEBUG GameApplicationServi - Removing overlay from DialogSubScene and adding to GameScene
18:51:54.555 [JavaFX Application Thread] DEBUG PrimaryStageWindow   - GameScene <- DialogSubScene
18:51:57.651 [JavaFX Application Thread] DEBUG PrimaryStageWindow   - Push state: DialogSubScene
18:51:57.651 [JavaFX Application Thread] DEBUG Input                - Clearing active input actions
18:51:57.652 [JavaFX Application Thread] DEBUG GameApplicationServi - Removing overlay from GameScene and adding to DialogSubScene
18:51:57.652 [JavaFX Application Thread] DEBUG PrimaryStageWindow   - GameScene -> DialogSubScene
18:51:58.481 [JavaFX Application Thread] DEBUG PrimaryStageWindow   - Pop state: DialogSubScene
18:51:58.481 [JavaFX Application Thread] DEBUG Input                - Clearing active input actions
18:51:58.481 [JavaFX Application Thread] DEBUG GameApplicationServi - Removing overlay from DialogSubScene and adding to GameScene
18:51:58.481 [JavaFX Application Thread] DEBUG PrimaryStageWindow   - GameScene <- DialogSubScene
18:52:03.872 [JavaFX Application Thread] DEBUG PrimaryStageWindow   - Push state: DialogSubScene
18:52:03.872 [JavaFX Application Thread] DEBUG Input                - Clearing active input actions
18:52:03.873 [JavaFX Application Thread] DEBUG GameApplicationServi - Removing overlay from GameScene and adding to DialogSubScene
18:52:03.873 [JavaFX Application Thread] DEBUG PrimaryStageWindow   - GameScene -> DialogSubScene
18:52:04.522 [JavaFX Application Thread] DEBUG PrimaryStageWindow   - Pop state: DialogSubScene
18:52:04.522 [JavaFX Application Thread] DEBUG Input                - Clearing active input actions
18:52:04.522 [JavaFX Application Thread] DEBUG GameApplicationServi - Removing overlay from DialogSubScene and adding to GameScene
18:52:04.522 [JavaFX Application Thread] DEBUG PrimaryStageWindow   - GameScene <- DialogSubScene
18:52:09.458 [JavaFX Application Thread] DEBUG PrimaryStageWindow   - Push state: DialogSubScene
18:52:09.458 [JavaFX Application Thread] DEBUG Input                - Clearing active input actions
18:52:09.459 [JavaFX Application Thread] DEBUG GameApplicationServi - Removing overlay from GameScene and adding to DialogSubScene
18:52:09.459 [JavaFX Application Thread] DEBUG PrimaryStageWindow   - GameScene -> DialogSubScene
18:52:10.133 [JavaFX Application Thread] DEBUG PrimaryStageWindow   - Pop state: DialogSubScene
18:52:10.133 [JavaFX Application Thread] DEBUG Input                - Clearing active input actions
18:52:10.133 [JavaFX Application Thread] DEBUG GameApplicationServi - Removing overlay from DialogSubScene and adding to GameScene
18:52:10.133 [JavaFX Application Thread] DEBUG PrimaryStageWindow   - GameScene <- DialogSubScene
18:52:16.914 [JavaFX Application Thread] DEBUG PrimaryStageWindow   - Push state: DialogSubScene
18:52:16.914 [JavaFX Application Thread] DEBUG Input                - Clearing active input actions
18:52:16.914 [JavaFX Application Thread] DEBUG GameApplicationServi - Removing overlay from GameScene and adding to DialogSubScene
18:52:16.914 [JavaFX Application Thread] DEBUG PrimaryStageWindow   - GameScene -> DialogSubScene
18:52:18.235 [JavaFX Application Thread] DEBUG PrimaryStageWindow   - Pop state: DialogSubScene
18:52:18.235 [JavaFX Application Thread] DEBUG Input                - Clearing active input actions
18:52:18.235 [JavaFX Application Thread] DEBUG GameApplicationServi - Removing overlay from DialogSubScene and adding to GameScene
18:52:18.235 [JavaFX Application Thread] DEBUG PrimaryStageWindow   - GameScene <- DialogSubScene
18:52:18.411 [JavaFX Application Thread] WARN  FXGLAssetLoaderServi - Asset "/assets/textures/orange_particle.png" was not found!
18:52:18.411 [JavaFX Application Thread] WARN  FXGLAssetLoaderServi - Failed to load IMAGE
18:52:19.961 [JavaFX Application Thread] WARN  FXGLAssetLoaderServi - Asset "/assets/textures/orange_particle.png" was not found!
18:52:19.961 [JavaFX Application Thread] WARN  FXGLAssetLoaderServi - Failed to load IMAGE
18:52:21.751 [JavaFX Application Thread] WARN  FXGLAssetLoaderServi - Asset "/assets/textures/orange_particle.png" was not found!
18:52:21.751 [JavaFX Application Thread] WARN  FXGLAssetLoaderServi - Failed to load IMAGE
18:52:23.721 [JavaFX Application Thread] WARN  FXGLAssetLoaderServi - Asset "/assets/textures/orange_particle.png" was not found!
18:52:23.721 [JavaFX Application Thread] WARN  FXGLAssetLoaderServi - Failed to load IMAGE
18:52:24.110 [JavaFX Application Thread] DEBUG PrimaryStageWindow   - Push state: DialogSubScene
18:52:24.110 [JavaFX Application Thread] DEBUG Input                - Clearing active input actions
18:52:24.110 [JavaFX Application Thread] DEBUG GameApplicationServi - Removing overlay from GameScene and adding to DialogSubScene
18:52:24.110 [JavaFX Application Thread] DEBUG PrimaryStageWindow   - GameScene -> DialogSubScene
18:52:25.059 [JavaFX Application Thread] DEBUG PrimaryStageWindow   - Pop state: DialogSubScene
18:52:25.059 [JavaFX Application Thread] DEBUG Input                - Clearing active input actions
18:52:25.059 [JavaFX Application Thread] DEBUG GameApplicationServi - Removing overlay from DialogSubScene and adding to GameScene
18:52:25.059 [JavaFX Application Thread] DEBUG PrimaryStageWindow   - GameScene <- DialogSubScene
18:52:26.633 [JavaFX Application Thread] WARN  FXGLAssetLoaderServi - Asset "/assets/textures/orange_particle.png" was not found!
18:52:26.633 [JavaFX Application Thread] WARN  FXGLAssetLoaderServi - Failed to load IMAGE
18:52:28.313 [JavaFX Application Thread] WARN  FXGLAssetLoaderServi - Asset "/assets/textures/orange_particle.png" was not found!
18:52:28.313 [JavaFX Application Thread] WARN  FXGLAssetLoaderServi - Failed to load IMAGE
18:52:30.306 [JavaFX Application Thread] WARN  FXGLAssetLoaderServi - Asset "/assets/textures/orange_particle.png" was not found!
18:52:30.306 [JavaFX Application Thread] WARN  FXGLAssetLoaderServi - Failed to load IMAGE
18:52:32.342 [JavaFX Application Thread] WARN  FXGLAssetLoaderServi - Asset "/assets/textures/orange_particle.png" was not found!
18:52:32.342 [JavaFX Application Thread] WARN  FXGLAssetLoaderServi - Failed to load IMAGE
18:52:32.503 [JavaFX Application Thread] DEBUG PrimaryStageWindow   - Push state: DialogSubScene
18:52:32.503 [JavaFX Application Thread] DEBUG Input                - Clearing active input actions
18:52:32.503 [JavaFX Application Thread] DEBUG GameApplicationServi - Removing overlay from GameScene and adding to DialogSubScene
18:52:32.503 [JavaFX Application Thread] DEBUG PrimaryStageWindow   - GameScene -> DialogSubScene
18:52:34.228 [JavaFX Application Thread] DEBUG PrimaryStageWindow   - Pop state: DialogSubScene
18:52:34.228 [JavaFX Application Thread] DEBUG Input                - Clearing active input actions
18:52:34.228 [JavaFX Application Thread] DEBUG GameApplicationServi - Removing overlay from DialogSubScene and adding to GameScene
18:52:34.228 [JavaFX Application Thread] DEBUG PrimaryStageWindow   - GameScene <- DialogSubScene
18:52:35.498 [JavaFX Application Thread] WARN  FXGLAssetLoaderServi - Asset "/assets/textures/orange_particle.png" was not found!
18:52:35.498 [JavaFX Application Thread] WARN  FXGLAssetLoaderServi - Failed to load IMAGE
18:52:37.034 [JavaFX Application Thread] WARN  FXGLAssetLoaderServi - Asset "/assets/textures/orange_particle.png" was not found!
18:52:37.034 [JavaFX Application Thread] WARN  FXGLAssetLoaderServi - Failed to load IMAGE
18:52:38.199 [JavaFX Application Thread] WARN  FXGLAssetLoaderServi - Asset "/assets/textures/green_particle.png" was not found!
18:52:38.199 [JavaFX Application Thread] WARN  FXGLAssetLoaderServi - Failed to load IMAGE
18:52:39.040 [JavaFX Application Thread] WARN  FXGLAssetLoaderServi - Asset "/assets/textures/orange_particle.png" was not found!
18:52:39.040 [JavaFX Application Thread] WARN  FXGLAssetLoaderServi - Failed to load IMAGE
18:52:41.075 [JavaFX Application Thread] WARN  FXGLAssetLoaderServi - Asset "/assets/textures/orange_particle.png" was not found!
18:52:41.076 [JavaFX Application Thread] WARN  FXGLAssetLoaderServi - Failed to load IMAGE
18:52:43.089 [JavaFX Application Thread] WARN  FXGLAssetLoaderServi - Asset "/assets/textures/orange_particle.png" was not found!
18:52:43.089 [JavaFX Application Thread] WARN  FXGLAssetLoaderServi - Failed to load IMAGE
18:52:43.225 [JavaFX Application Thread] WARN  FXGLAssetLoaderServi - Asset "/assets/textures/green_particle.png" was not found!
18:52:43.225 [JavaFX Application Thread] WARN  FXGLAssetLoaderServi - Failed to load IMAGE
18:52:45.071 [JavaFX Application Thread] WARN  FXGLAssetLoaderServi - Asset "/assets/textures/orange_particle.png" was not found!
18:52:45.071 [JavaFX Application Thread] WARN  FXGLAssetLoaderServi - Failed to load IMAGE
18:52:47.066 [JavaFX Application Thread] WARN  FXGLAssetLoaderServi - Asset "/assets/textures/orange_particle.png" was not found!
18:52:47.066 [JavaFX Application Thread] WARN  FXGLAssetLoaderServi - Failed to load IMAGE
18:52:48.113 [JavaFX Application Thread] DEBUG PrimaryStageWindow   - Push state: DialogSubScene
18:52:48.113 [JavaFX Application Thread] DEBUG Input                - Clearing active input actions
18:52:48.113 [JavaFX Application Thread] DEBUG GameApplicationServi - Removing overlay from GameScene and adding to DialogSubScene
18:52:48.113 [JavaFX Application Thread] DEBUG PrimaryStageWindow   - GameScene -> DialogSubScene
18:52:48.746 [JavaFX Application Thread] DEBUG PrimaryStageWindow   - Pop state: DialogSubScene
18:52:48.746 [JavaFX Application Thread] DEBUG Input                - Clearing active input actions
18:52:48.746 [JavaFX Application Thread] DEBUG GameApplicationServi - Removing overlay from DialogSubScene and adding to GameScene
18:52:48.746 [JavaFX Application Thread] DEBUG PrimaryStageWindow   - GameScene <- DialogSubScene
18:52:48.840 [JavaFX Application Thread] WARN  FXGLAssetLoaderServi - Asset "/assets/textures/green_particle.png" was not found!
18:52:48.840 [JavaFX Application Thread] WARN  FXGLAssetLoaderServi - Failed to load IMAGE
18:52:49.700 [JavaFX Application Thread] WARN  FXGLAssetLoaderServi - Asset "/assets/textures/orange_particle.png" was not found!
18:52:49.700 [JavaFX Application Thread] WARN  FXGLAssetLoaderServi - Failed to load IMAGE
18:52:51.705 [JavaFX Application Thread] WARN  FXGLAssetLoaderServi - Asset "/assets/textures/orange_particle.png" was not found!
18:52:51.705 [JavaFX Application Thread] WARN  FXGLAssetLoaderServi - Failed to load IMAGE
18:52:53.706 [JavaFX Application Thread] WARN  FXGLAssetLoaderServi - Asset "/assets/textures/orange_particle.png" was not found!
18:52:53.706 [JavaFX Application Thread] WARN  FXGLAssetLoaderServi - Failed to load IMAGE
18:52:53.850 [JavaFX Application Thread] WARN  FXGLAssetLoaderServi - Asset "/assets/textures/green_particle.png" was not found!
18:52:53.851 [JavaFX Application Thread] WARN  FXGLAssetLoaderServi - Failed to load IMAGE
18:52:55.695 [JavaFX Application Thread] WARN  FXGLAssetLoaderServi - Asset "/assets/textures/orange_particle.png" was not found!
18:52:55.695 [JavaFX Application Thread] WARN  FXGLAssetLoaderServi - Failed to load IMAGE
18:52:57.703 [JavaFX Application Thread] WARN  FXGLAssetLoaderServi - Asset "/assets/textures/orange_particle.png" was not found!
18:52:57.703 [JavaFX Application Thread] WARN  FXGLAssetLoaderServi - Failed to load IMAGE
18:52:58.847 [JavaFX Application Thread] WARN  FXGLAssetLoaderServi - Asset "/assets/textures/green_particle.png" was not found!
18:52:58.847 [JavaFX Application Thread] WARN  FXGLAssetLoaderServi - Failed to load IMAGE
18:52:59.702 [JavaFX Application Thread] WARN  FXGLAssetLoaderServi - Asset "/assets/textures/orange_particle.png" was not found!
18:52:59.702 [JavaFX Application Thread] WARN  FXGLAssetLoaderServi - Failed to load IMAGE
18:53:00.383 [JavaFX Application Thread] DEBUG PrimaryStageWindow   - Push state: DialogSubScene
18:53:00.383 [JavaFX Application Thread] DEBUG Input                - Clearing active input actions
18:53:00.383 [JavaFX Application Thread] DEBUG GameApplicationServi - Removing overlay from GameScene and adding to DialogSubScene
18:53:00.383 [JavaFX Application Thread] DEBUG PrimaryStageWindow   - GameScene -> DialogSubScene
18:53:01.533 [JavaFX Application Thread] DEBUG PrimaryStageWindow   - Pop state: DialogSubScene
18:53:01.533 [JavaFX Application Thread] DEBUG Input                - Clearing active input actions
18:53:01.533 [JavaFX Application Thread] DEBUG GameApplicationServi - Removing overlay from DialogSubScene and adding to GameScene
18:53:01.533 [JavaFX Application Thread] DEBUG PrimaryStageWindow   - GameScene <- DialogSubScene
18:53:02.793 [JavaFX Application Thread] WARN  FXGLAssetLoaderServi - Asset "/assets/textures/orange_particle.png" was not found!
18:53:02.793 [JavaFX Application Thread] WARN  FXGLAssetLoaderServi - Failed to load IMAGE
18:53:04.501 [JavaFX Application Thread] WARN  FXGLAssetLoaderServi - Asset "/assets/textures/orange_particle.png" was not found!
18:53:04.501 [JavaFX Application Thread] WARN  FXGLAssetLoaderServi - Failed to load IMAGE
18:53:04.635 [JavaFX Application Thread] WARN  FXGLAssetLoaderServi - Asset "/assets/textures/green_particle.png" was not found!
18:53:04.635 [JavaFX Application Thread] WARN  FXGLAssetLoaderServi - Failed to load IMAGE
18:53:06.505 [JavaFX Application Thread] WARN  FXGLAssetLoaderServi - Asset "/assets/textures/orange_particle.png" was not found!
18:53:06.505 [JavaFX Application Thread] WARN  FXGLAssetLoaderServi - Failed to load IMAGE
18:53:08.505 [JavaFX Application Thread] WARN  FXGLAssetLoaderServi - Asset "/assets/textures/orange_particle.png" was not found!
18:53:08.505 [JavaFX Application Thread] WARN  FXGLAssetLoaderServi - Failed to load IMAGE
18:53:09.639 [JavaFX Application Thread] WARN  FXGLAssetLoaderServi - Asset "/assets/textures/green_particle.png" was not found!
18:53:09.639 [JavaFX Application Thread] WARN  FXGLAssetLoaderServi - Failed to load IMAGE
18:53:10.490 [JavaFX Application Thread] WARN  FXGLAssetLoaderServi - Asset "/assets/textures/orange_particle.png" was not found!
18:53:10.490 [JavaFX Application Thread] WARN  FXGLAssetLoaderServi - Failed to load IMAGE
18:53:12.502 [JavaFX Application Thread] WARN  FXGLAssetLoaderServi - Asset "/assets/textures/orange_particle.png" was not found!
18:53:12.502 [JavaFX Application Thread] WARN  FXGLAssetLoaderServi - Failed to load IMAGE
18:53:14.495 [JavaFX Application Thread] WARN  FXGLAssetLoaderServi - Asset "/assets/textures/orange_particle.png" was not found!
18:53:14.495 [JavaFX Application Thread] WARN  FXGLAssetLoaderServi - Failed to load IMAGE
18:53:14.631 [JavaFX Application Thread] WARN  FXGLAssetLoaderServi - Asset "/assets/textures/green_particle.png" was not found!
18:53:14.631 [JavaFX Application Thread] WARN  FXGLAssetLoaderServi - Failed to load IMAGE
18:53:16.502 [JavaFX Application Thread] WARN  FXGLAssetLoaderServi - Asset "/assets/textures/orange_particle.png" was not found!
18:53:16.502 [JavaFX Application Thread] WARN  FXGLAssetLoaderServi - Failed to load IMAGE
18:53:18.535 [JavaFX Application Thread] WARN  FXGLAssetLoaderServi - Asset "/assets/textures/orange_particle.png" was not found!
18:53:18.535 [JavaFX Application Thread] WARN  FXGLAssetLoaderServi - Failed to load IMAGE
18:53:19.679 [JavaFX Application Thread] WARN  FXGLAssetLoaderServi - Asset "/assets/textures/green_particle.png" was not found!
18:53:19.681 [JavaFX Application Thread] WARN  FXGLAssetLoaderServi - Failed to load IMAGE
18:53:20.529 [JavaFX Application Thread] WARN  FXGLAssetLoaderServi - Asset "/assets/textures/orange_particle.png" was not found!
18:53:20.529 [JavaFX Application Thread] WARN  FXGLAssetLoaderServi - Failed to load IMAGE
18:53:22.535 [JavaFX Application Thread] WARN  FXGLAssetLoaderServi - Asset "/assets/textures/orange_particle.png" was not found!
18:53:22.535 [JavaFX Application Thread] WARN  FXGLAssetLoaderServi - Failed to load IMAGE
18:53:24.691 [JavaFX Application Thread] WARN  FXGLAssetLoaderServi - Asset "/assets/textures/orange_particle.png" was not found!
18:53:24.692 [JavaFX Application Thread] WARN  FXGLAssetLoaderServi - Failed to load IMAGE
18:53:24.813 [JavaFX Application Thread] WARN  FXGLAssetLoaderServi - Asset "/assets/textures/green_particle.png" was not found!
18:53:24.813 [JavaFX Application Thread] WARN  FXGLAssetLoaderServi - Failed to load IMAGE
18:53:26.763 [JavaFX Application Thread] WARN  FXGLAssetLoaderServi - Asset "/assets/textures/orange_particle.png" was not found!
18:53:26.763 [JavaFX Application Thread] WARN  FXGLAssetLoaderServi - Failed to load IMAGE
18:53:27.721 [JavaFX Application Thread] DEBUG LoopRunner           - Pausing loop
18:53:29.984 [JavaFX Application Thread] DEBUG LoopRunner           - Resuming loop
18:53:29.986 [JavaFX Application Thread] DEBUG GameWorld            - Game world initialized
18:53:29.986 [JavaFX Application Thread] DEBUG PhysicsWorld         - Physics world initialized: appHeight=720, physics.ppm=50.0
18:53:29.986 [JavaFX Application Thread] DEBUG PhysicsWorld         - Using strategy: BRUTE_FORCE
18:53:29.987 [JavaFX Application Thread] DEBUG GameScene            - Game scene initialized: 1280x720
18:53:29.991 [JavaFX Application Thread] DEBUG PrimaryStageWindow   - Push state: MainMenuScene
18:53:29.993 [JavaFX Application Thread] DEBUG Input                - Clearing active input actions
18:53:29.994 [JavaFX Application Thread] DEBUG GameApplicationServi - Removing overlay from GameScene and adding to MainMenuScene
18:53:29.994 [JavaFX Application Thread] DEBUG PrimaryStageWindow   - GameScene -> MainMenuScene
18:53:46.032 [JavaFX Application Thread] DEBUG FXGLApplication      - Exiting FXGL
18:53:46.032 [JavaFX Application Thread] DEBUG LoopRunner           - Stopping loop
18:53:46.032 [JavaFX Application Thread] DEBUG SystemBundleService  - Saving FXGL system data
18:53:46.034 [JavaFX Application Thread] DEBUG FileSystemAccess     - Writing to: F:\my files\School\2nd year 2nd sem\TheOnlyException\system\fxgl.bundle
18:53:46.466 [JavaFX Application Thread] DEBUG Async                - Shutting down background threads
18:53:46.466 [JavaFX Application Thread] DEBUG PrimaryStageWindow   - Closing main window
18:53:46.479 [JavaFX Application Thread] DEBUG Logger               - Closing Logger
