20:20:55.551 [main                     ] DEBUG Logger               - Configured Logger
20:20:55.574 [main                     ] DEBUG GameApplication      - Logging settings
Title: Prototype Game
Version: 0.1.5
Width: 1280
Height: 720
Fullscreen: false
Intro: false
Profiling: false
Single step:false
App Mode: DEVELOPER
Menu Key: ESCAPE
Stage Style: DECORATED
Scene Factory: class org.example.GameApp$1

20:20:56.522 [JavaFX Application Thread] DEBUG FXGLApplication      - Initializing FXGL
20:20:56.528 [JavaFX Application Thread] INFO  Engine               - FXGL-17+dev-SNAPSHOT (01.09.2022 03.33) on WINDOWS (J:23.0.1 FX:18)
20:20:56.528 [JavaFX Application Thread] DEBUG Engine               - JRE Vendor Name: Oracle Corporation
20:20:56.528 [JavaFX Application Thread] DEBUG Engine               - Running on OS: Windows 11 version 10.0
20:20:56.528 [JavaFX Application Thread] DEBUG Engine               - Architecture: amd64
20:20:56.528 [JavaFX Application Thread] INFO  Engine               - Source code and latest versions at: https://github.com/AlmasB/FXGL
20:20:56.528 [JavaFX Application Thread] INFO  Engine               -       Ask questions and discuss at: https://github.com/AlmasB/FXGL/discussions
20:20:56.528 [JavaFX Application Thread] INFO  Engine               -              Join the FXGL chat at: https://gitter.im/AlmasB/FXGL
20:20:56.683 [JavaFX Application Thread] DEBUG PrimaryStageWindow   - Creating a JavaFX scene
20:20:56.793 [JavaFX Application Thread] DEBUG PrimaryStageWindow   - Target settings size: 1280.0 x 720.0
20:20:56.793 [JavaFX Application Thread] DEBUG PrimaryStageWindow   - Scaled scene size:    1280.0 x 720.0
20:20:56.794 [JavaFX Application Thread] DEBUG PrimaryStageWindow   - Scaled ratio: (1.0, 1.0)
20:20:56.795 [JavaFX Application Thread] DEBUG PrimaryStageWindow   - Set initial scene to FXGLStartupScene
20:20:56.805 [JavaFX Application Thread] DEBUG PrimaryStageWindow   - Opening main window
20:20:56.946 [JavaFX Application Thread] DEBUG PrimaryStageWindow   - Window border size: (14.4000244140625, 37.5999755859375)
20:20:56.947 [JavaFX Application Thread] DEBUG PrimaryStageWindow   - Scaled size: 1280.0 x 720.0
20:20:56.947 [JavaFX Application Thread] DEBUG PrimaryStageWindow   - Scaled ratio: (1.0, 1.0)
20:20:56.947 [JavaFX Application Thread] DEBUG PrimaryStageWindow   - Scene size: 1280.0 x 720.0
20:20:56.947 [JavaFX Application Thread] DEBUG PrimaryStageWindow   - Stage size: 1294.4000244140625 x 757.5999755859375
20:20:56.959 [FXGL Background Thread 1 ] DEBUG Engine               - Initializing environment variables
20:20:57.054 [FXGL Background Thread 1 ] DEBUG FXGLAssetLoaderServi - User app class for loading assets: class org.example.GameApp
20:20:57.054 [FXGL Background Thread 1 ] DEBUG GameApplicationServi - Applying CSS: fxgl_dark.css
20:20:57.055 [FXGL Background Thread 1 ] DEBUG FXGLAssetLoaderServi - Loading from file system: jar:file:/C:/Users/khein/.m2/repository/com/github/AlmasB/FXGL/fxgl/17.2/fxgl-17.2.jar!/fxglassets/ui/css/fxgl_dark.css
20:20:57.097 [FXGL Background Thread 1 ] DEBUG GameApplicationServi - Initializing application scenes
20:20:57.154 [FXGL Background Thread 1 ] DEBUG GameWorld            - Game world initialized
20:20:57.254 [FXGL Background Thread 1 ] DEBUG PhysicsWorld         - Physics world initialized: appHeight=720, physics.ppm=50.0
20:20:57.254 [FXGL Background Thread 1 ] DEBUG PhysicsWorld         - Using strategy: BRUTE_FORCE
20:20:57.258 [FXGL Background Thread 1 ] DEBUG GameScene            - Game scene initialized: 1280x720
20:20:57.270 [FXGL Background Thread 1 ] DEBUG FXGL.DefaultMenu     - createMenuBodyGameMenu()
20:20:57.291 [FXGL Background Thread 1 ] DEBUG FXGL.DefaultMenu     - createOptionsMenu()
20:20:57.302 [FXGL Background Thread 1 ] DEBUG FXGLAssetLoaderServi - Loading from file system: jar:file:/C:/Users/khein/.m2/repository/com/github/AlmasB/FXGL/fxgl/17.2/fxgl-17.2.jar!/fxglassets/textures/particles/smoke.png
20:20:57.397 [FXGL Background Thread 1 ] DEBUG FXGLAssetLoaderServi - Loading from file system: jar:file:/C:/Users/khein/.m2/repository/com/github/AlmasB/FXGL/fxgl/17.2/fxgl-17.2.jar!/fxglassets/textures/particles/trace_horizontal.png
20:20:57.426 [FXGL Background Thread 1 ] DEBUG GameApplicationServi - Application scenes initialized
20:20:57.440 [FXGL Background Thread 1 ] DEBUG SystemBundleService  - Loading FXGL system data
20:20:57.445 [FXGL Background Thread 1 ] DEBUG FileSystemAccess     - Reading from: C:\Users\khein\IdeaProjects\TheOnlyException\system\fxgl.bundle
20:20:57.454 [FXGL Background Thread 1 ] DEBUG SystemBundleService  - Bundle FXGL: {}
20:20:57.455 [FXGL Background Thread 1 ] DEBUG UpdaterService       - Checking for updates
20:20:57.458 [FXGL Background Thread 4 ] DEBUG FXGLApplication      - Loading fonts
20:20:57.459 [FXGL Background Thread 4 ] DEBUG FXGLAssetLoaderServi - Loading from file system: jar:file:/C:/Users/khein/.m2/repository/com/github/AlmasB/FXGL/fxgl-samples/17.2/fxgl-samples-17.2.jar!/assets/ui/fonts/VarelaRound-Regular.ttf
20:20:57.460 [FXGL Background Thread 1 ] DEBUG FXGLApplication      - Loading default localization
20:20:57.460 [FXGL Background Thread 1 ] DEBUG FXGLAssetLoaderServi - Loading from file system: jar:file:/C:/Users/khein/.m2/repository/com/github/AlmasB/FXGL/fxgl/17.2/fxgl-17.2.jar!/fxglassets/languages/english.lang
20:20:57.494 [FXGL Background Thread 1 ] INFO  FXGLApplication      - FXGL initialization took: 0.535 sec
20:20:57.508 [JavaFX Application Thread] DEBUG Input                - Registered new binding: action0 - A
20:20:57.509 [JavaFX Application Thread] DEBUG Input                - Registered new binding: action1 - D
20:20:57.509 [JavaFX Application Thread] DEBUG Input                - Registered new binding: action2 - W
20:20:57.510 [JavaFX Application Thread] DEBUG Input                - Registered new binding: action3 - S
20:20:57.510 [JavaFX Application Thread] DEBUG FXGLAssetLoaderServi - Loading from file system: jar:file:/C:/Users/khein/.m2/repository/com/github/AlmasB/FXGL/fxgl/17.2/fxgl-17.2.jar!/fxglassets/textures/fxgl_icon.png
20:20:57.520 [FXGL Background Thread 4 ] DEBUG FXGLAssetLoaderServi - Loading from file system: jar:file:/C:/Users/khein/.m2/repository/com/github/AlmasB/FXGL/fxgl/17.2/fxgl-17.2.jar!/fxglassets/ui/fonts/Abel-Regular.ttf
20:20:57.528 [JavaFX Application Thread] DEBUG FXGLAssetLoaderServi - Loading from file system: jar:file:/C:/Users/khein/.m2/repository/com/github/AlmasB/FXGL/fxgl/17.2/fxgl-17.2.jar!/fxglassets/textures/fxgl_default_cursor.png
20:20:57.531 [JavaFX Application Thread] DEBUG Input                - Registered new binding: Screenshot - CTRL+8
20:20:57.532 [JavaFX Application Thread] DEBUG Input                - Registered new binding: System info dump - CTRL+9
20:20:57.533 [JavaFX Application Thread] DEBUG Input                - Registered new binding: Restart - CTRL+R
20:20:57.534 [JavaFX Application Thread] DEBUG Input                - Registered new binding: Toggle Debug Camera - CTRL+7
20:20:57.536 [FXGL Background Thread 4 ] DEBUG FXGLAssetLoaderServi - Loading from file system: jar:file:/C:/Users/khein/.m2/repository/com/github/AlmasB/FXGL/fxgl/17.2/fxgl-17.2.jar!/fxglassets/ui/fonts/TerminalLandMono-Regular.otf
20:20:57.537 [JavaFX Application Thread] DEBUG LoopRunner           - Starting loop
20:20:57.537 [JavaFX Application Thread] DEBUG LoopRunner           - Initializing JavaFX AnimationTimerLoop
20:20:57.542 [JavaFX Application Thread] DEBUG Input                - Clearing active input actions
20:20:57.551 [JavaFX Application Thread] DEBUG GameApplicationServi - Removing overlay from FXGLStartupScene and adding to FXGLMainMenuDummyScene
20:20:57.551 [JavaFX Application Thread] DEBUG PrimaryStageWindow   - FXGLStartupScene -> FXGLMainMenuDummyScene
20:20:57.551 [JavaFX Application Thread] DEBUG PrimaryStageWindow   - Push state: NameInputScene
20:20:57.554 [FXGL Background Thread 4 ] DEBUG FXGLAssetLoaderServi - Loading from file system: jar:file:/C:/Users/khein/.m2/repository/com/github/AlmasB/FXGL/fxgl/17.2/fxgl-17.2.jar!/fxglassets/ui/fonts/Courier-Prime.ttf
20:20:58.040 [JavaFX Application Thread] DEBUG Input                - Clearing active input actions
20:20:58.050 [JavaFX Application Thread] DEBUG GameApplicationServi - Removing overlay from FXGLMainMenuDummyScene and adding to NameInputScene
20:20:58.051 [JavaFX Application Thread] DEBUG PrimaryStageWindow   - FXGLMainMenuDummyScene -> NameInputScene
20:20:58.212 [JavaFX Application Thread] DEBUG FXGLApplication      - Registering font factories with UI factory
20:20:58.666 [JavaFX Application Thread] DEBUG FXGLApplication      - Exiting FXGL
20:20:58.667 [JavaFX Application Thread] DEBUG LoopRunner           - Stopping loop
20:20:58.667 [JavaFX Application Thread] DEBUG SystemBundleService  - Saving FXGL system data
20:20:58.672 [JavaFX Application Thread] DEBUG FileSystemAccess     - Writing to: C:\Users\khein\IdeaProjects\TheOnlyException\system\fxgl.bundle
20:20:58.677 [JavaFX Application Thread] DEBUG Async                - Shutting down background threads
20:20:58.678 [JavaFX Application Thread] DEBUG PrimaryStageWindow   - Closing main window
20:20:58.710 [JavaFX Application Thread] DEBUG Logger               - Closing Logger
