18:16:29.096 [main                     ] DEBUG Logger               - Configured Logger
18:16:29.103 [main                     ] DEBUG GameApplication      - Logging settings
Title: Prototype Game
Version: 0.1.5
Width: 1280
Height: 720
Fullscreen: false
Intro: false
Profiling: false
Single step:false
App Mode: DEVELOPER
Menu Key: ESCAPE
Stage Style: DECORATED
Scene Factory: class org.example.core.GameApp$1

18:16:29.456 [JavaFX Application Thread] DEBUG FXGLApplication      - Initializing FXGL
18:16:29.458 [JavaFX Application Thread] INFO  Engine               - FXGL-21+dev-SNAPSHOT (26.03.2024 19.46) on WINDOWS (J:24 FX:21.0.1)
18:16:29.459 [JavaFX Application Thread] DEBUG Engine               - JRE Vendor Name: Oracle Corporation
18:16:29.459 [JavaFX Application Thread] DEBUG Engine               - Running on OS: Windows 11 version 10.0
18:16:29.459 [JavaFX Application Thread] DEBUG Engine               - Architecture: amd64
18:16:29.459 [JavaFX Application Thread] INFO  Engine               - Source code and latest versions at: https://github.com/AlmasB/FXGL
18:16:29.459 [JavaFX Application Thread] INFO  Engine               -       Ask questions and discuss at: https://github.com/AlmasB/FXGL/discussions
18:16:29.459 [JavaFX Application Thread] INFO  Engine               -              Join the FXGL chat at: https://gitter.im/AlmasB/FXGL
18:16:29.552 [JavaFX Application Thread] DEBUG PrimaryStageWindow   - Creating a JavaFX scene
18:16:29.601 [JavaFX Application Thread] DEBUG PrimaryStageWindow   - Target settings size: 1280.0 x 720.0
18:16:29.601 [JavaFX Application Thread] DEBUG PrimaryStageWindow   - Scaled scene size:    1280.0 x 720.0
18:16:29.601 [JavaFX Application Thread] DEBUG PrimaryStageWindow   - Scaled ratio: (1.0, 1.0)
18:16:29.602 [JavaFX Application Thread] DEBUG PrimaryStageWindow   - Set initial scene to FXGLStartupScene
18:16:29.605 [JavaFX Application Thread] DEBUG PrimaryStageWindow   - Opening main window
18:16:29.716 [JavaFX Application Thread] DEBUG PrimaryStageWindow   - Window border size: (16.0, 39.0)
18:16:29.717 [JavaFX Application Thread] DEBUG PrimaryStageWindow   - Scaled size: 1280.0 x 720.0
18:16:29.717 [JavaFX Application Thread] DEBUG PrimaryStageWindow   - Scaled ratio: (1.0, 1.0)
18:16:29.717 [JavaFX Application Thread] DEBUG PrimaryStageWindow   - Scene size: 1280.0 x 720.0
18:16:29.717 [JavaFX Application Thread] DEBUG PrimaryStageWindow   - Stage size: 1296.0 x 759.0
18:16:29.723 [FXGL Background Thread 1 ] DEBUG Engine               - Initializing environment variables
18:16:29.769 [FXGL Background Thread 1 ] DEBUG FXGLAssetLoaderServi - User app class for loading assets: class org.example.core.GameApp
18:16:29.769 [FXGL Background Thread 1 ] DEBUG GameApplicationServi - Applying CSS: fxgl_dark.css
18:16:29.771 [FXGL Background Thread 1 ] DEBUG FXGLAssetLoaderServi - Loading from file system: jar:file:/C:/Users/primzcm/.m2/repository/com/github/almasb/fxgl/fxgl/21.1/fxgl-21.1.jar!/fxglassets/ui/css/fxgl_dark.css
18:16:29.809 [FXGL Background Thread 1 ] DEBUG GameApplicationServi - Initializing application scenes
18:16:29.836 [FXGL Background Thread 1 ] DEBUG GameWorld            - Game world initialized
18:16:29.877 [FXGL Background Thread 1 ] DEBUG PhysicsWorld         - Physics world initialized: appHeight=720, physics.ppm=50.0
18:16:29.877 [FXGL Background Thread 1 ] DEBUG PhysicsWorld         - Using strategy: BRUTE_FORCE
18:16:29.880 [FXGL Background Thread 1 ] DEBUG GameScene            - Game scene initialized: 1280x720
18:16:29.888 [FXGL Background Thread 1 ] DEBUG FXGL.DefaultMenu     - createMenuBodyGameMenu()
18:16:29.901 [FXGL Background Thread 1 ] DEBUG FXGL.DefaultMenu     - createOptionsMenu()
18:16:29.910 [FXGL Background Thread 1 ] DEBUG FXGLAssetLoaderServi - Loading from file system: jar:file:/C:/Users/primzcm/.m2/repository/com/github/almasb/fxgl/fxgl/21.1/fxgl-21.1.jar!/fxglassets/textures/particles/smoke.png
18:16:29.999 [FXGL Background Thread 1 ] DEBUG FXGLAssetLoaderServi - Loading from file system: jar:file:/C:/Users/primzcm/.m2/repository/com/github/almasb/fxgl/fxgl/21.1/fxgl-21.1.jar!/fxglassets/textures/particles/trace_horizontal.png
18:16:30.027 [FXGL Background Thread 1 ] DEBUG GameApplicationServi - Application scenes initialized
18:16:30.042 [FXGL Background Thread 1 ] DEBUG SystemBundleService  - Loading FXGL system data
18:16:30.046 [FXGL Background Thread 1 ] DEBUG FileSystemAccess     - Reading from: F:\my files\School\2nd year 2nd sem\TheOnlyException\system\fxgl.bundle
18:16:30.055 [FXGL Background Thread 1 ] DEBUG SystemBundleService  - Bundle FXGL: {}
18:16:30.055 [FXGL Background Thread 1 ] DEBUG UpdaterService       - Checking for updates
18:16:30.060 [FXGL Background Thread 4 ] DEBUG FXGLApplication      - Loading fonts
18:16:30.061 [FXGL Background Thread 4 ] DEBUG FXGLAssetLoaderServi - Loading from file system: jar:file:/C:/Users/primzcm/.m2/repository/com/github/almasb/fxgl/fxgl/21.1/fxgl-21.1.jar!/fxglassets/ui/fonts/VarelaRound-Regular.ttf
18:16:30.061 [FXGL Background Thread 1 ] DEBUG FXGLApplication      - Loading default localization
18:16:30.062 [FXGL Background Thread 1 ] DEBUG FXGLAssetLoaderServi - Loading from file system: jar:file:/C:/Users/primzcm/.m2/repository/com/github/almasb/fxgl/fxgl/21.1/fxgl-21.1.jar!/fxglassets/languages/english.lang
18:16:30.091 [FXGL Background Thread 1 ] INFO  FXGLApplication      - FXGL initialization took: 0.368 sec
18:16:30.093 [FXGL Background Thread 4 ] DEBUG FXGLAssetLoaderServi - Loading from file system: jar:file:/C:/Users/primzcm/.m2/repository/com/github/almasb/fxgl/fxgl/21.1/fxgl-21.1.jar!/fxglassets/ui/fonts/Abel-Regular.ttf
18:16:30.097 [FXGL Background Thread 4 ] DEBUG FXGLAssetLoaderServi - Loading from file system: jar:file:/C:/Users/primzcm/.m2/repository/com/github/almasb/fxgl/fxgl/21.1/fxgl-21.1.jar!/fxglassets/ui/fonts/TerminalLandMono-Regular.otf
18:16:30.099 [FXGL Background Thread 4 ] DEBUG FXGLAssetLoaderServi - Loading from file system: jar:file:/C:/Users/primzcm/.m2/repository/com/github/almasb/fxgl/fxgl/21.1/fxgl-21.1.jar!/fxglassets/ui/fonts/Courier-Prime.ttf
18:16:30.102 [JavaFX Application Thread] DEBUG Input                - Registered new binding: action0 - A
18:16:30.103 [JavaFX Application Thread] DEBUG Input                - Registered new binding: action1 - D
18:16:30.103 [JavaFX Application Thread] DEBUG Input                - Registered new binding: action2 - W
18:16:30.103 [JavaFX Application Thread] DEBUG Input                - Registered new binding: action3 - S
18:16:30.104 [JavaFX Application Thread] DEBUG FXGLAssetLoaderServi - Loading from file system: jar:file:/C:/Users/primzcm/.m2/repository/com/github/almasb/fxgl/fxgl/21.1/fxgl-21.1.jar!/fxglassets/textures/fxgl_icon.png
18:16:30.126 [JavaFX Application Thread] DEBUG FXGLAssetLoaderServi - Loading from file system: jar:file:/C:/Users/primzcm/.m2/repository/com/github/almasb/fxgl/fxgl/21.1/fxgl-21.1.jar!/fxglassets/textures/fxgl_default_cursor.png
18:16:30.129 [JavaFX Application Thread] DEBUG Input                - Registered new binding: Screenshot - CTRL+8
18:16:30.131 [JavaFX Application Thread] DEBUG Input                - Registered new binding: System info dump - CTRL+9
18:16:30.131 [JavaFX Application Thread] DEBUG Input                - Registered new binding: Restart - CTRL+R
18:16:30.132 [JavaFX Application Thread] DEBUG Input                - Registered new binding: Toggle Debug Camera - CTRL+7
18:16:30.135 [JavaFX Application Thread] DEBUG LoopRunner           - Starting loop
18:16:30.135 [JavaFX Application Thread] DEBUG LoopRunner           - Initializing JavaFX AnimationTimerLoop
18:16:30.139 [JavaFX Application Thread] DEBUG Input                - Clearing active input actions
18:16:30.146 [JavaFX Application Thread] DEBUG GameApplicationServi - Removing overlay from FXGLStartupScene and adding to FXGLMainMenuDummyScene
18:16:30.146 [JavaFX Application Thread] DEBUG PrimaryStageWindow   - FXGLStartupScene -> FXGLMainMenuDummyScene
18:16:30.147 [JavaFX Application Thread] DEBUG PrimaryStageWindow   - Push state: NameInputScene
18:16:30.397 [JavaFX Application Thread] DEBUG Input                - Clearing active input actions
18:16:30.409 [JavaFX Application Thread] DEBUG GameApplicationServi - Removing overlay from FXGLMainMenuDummyScene and adding to NameInputScene
18:16:30.409 [JavaFX Application Thread] DEBUG PrimaryStageWindow   - FXGLMainMenuDummyScene -> NameInputScene
18:16:30.410 [JavaFX Application Thread] DEBUG FXGLApplication      - Registering font factories with UI factory
18:16:30.490 [FXGL Background Thread 2 ] INFO  UpdaterService       - Your current version:  21+dev-SNAPSHOT
18:16:30.491 [FXGL Background Thread 2 ] INFO  UpdaterService       - Latest stable version: 21.1
18:16:33.059 [FXGL Background Thread 3 ] DEBUG Engine               - Logging environment variables
18:16:33.059 [FXGL Background Thread 3 ] DEBUG Engine               - achievements: []
18:16:33.059 [FXGL Background Thread 3 ] DEBUG Engine               - actualHeight: 720.0
18:16:33.059 [FXGL Background Thread 3 ] DEBUG Engine               - actualHeightProperty: ReadOnlyDoubleProperty [value: 720.0]
18:16:33.059 [FXGL Background Thread 3 ] DEBUG Engine               - actualWidth: 1280.0
18:16:33.059 [FXGL Background Thread 3 ] DEBUG Engine               - actualWidthProperty: ReadOnlyDoubleProperty [value: 1280.0]
18:16:33.059 [FXGL Background Thread 3 ] DEBUG Engine               - appIcon: fxgl_icon.png
18:16:33.059 [FXGL Background Thread 3 ] DEBUG Engine               - applicationMode: DEVELOPER
18:16:33.059 [FXGL Background Thread 3 ] DEBUG Engine               - cSSList: [fxgl_dark.css]
18:16:33.059 [FXGL Background Thread 3 ] DEBUG Engine               - collisionDetectionStrategy: BRUTE_FORCE
18:16:33.059 [FXGL Background Thread 3 ] DEBUG Engine               - configClass: Optional.empty
18:16:33.059 [FXGL Background Thread 3 ] DEBUG Engine               - credits: []
18:16:33.060 [FXGL Background Thread 3 ] DEBUG Engine               - defaultCursor: CursorInfo(imageName=fxgl_default_cursor.png, hotspotX=7.0, hotspotY=6.0)
18:16:33.060 [FXGL Background Thread 3 ] DEBUG Engine               - devBBoxColorProperty: ObjectProperty [value: 0xff0000ff]
18:16:33.060 [FXGL Background Thread 3 ] DEBUG Engine               - devEnableDebugCameraProperty: BooleanProperty [value: false]
18:16:33.060 [FXGL Background Thread 3 ] DEBUG Engine               - devSensorColorProperty: ObjectProperty [value: 0xffff00ff]
18:16:33.060 [FXGL Background Thread 3 ] DEBUG Engine               - devShowBBoxProperty: BooleanProperty [value: false]
18:16:33.060 [FXGL Background Thread 3 ] DEBUG Engine               - devShowPositionProperty: BooleanProperty [value: false]
18:16:33.060 [FXGL Background Thread 3 ] DEBUG Engine               - enabledMenuItems: []
18:16:33.060 [FXGL Background Thread 3 ] DEBUG Engine               - engineServices: [class com.almasb.fxgl.app.services.FXGLAssetLoaderService, class com.almasb.fxgl.app.FXGLApplication$GameApplicationService, class com.almasb.fxgl.app.services.FXGLDialogService, class com.almasb.fxgl.app.services.IOTaskExecutorService, class com.almasb.fxgl.io.FileSystemService, class com.almasb.fxgl.localization.LocalizationService, class com.almasb.fxgl.app.services.SystemBundleService, class com.almasb.fxgl.profile.SaveLoadService, class com.almasb.fxgl.ui.FXGLUIFactoryServiceProvider, class com.almasb.fxgl.ui.FXGLDialogFactoryServiceProvider, class com.almasb.fxgl.audio.AudioPlayer, class com.almasb.fxgl.notification.impl.NotificationServiceProvider, class com.almasb.fxgl.achievement.AchievementService, class com.almasb.fxgl.cutscene.CutsceneService, class com.almasb.fxgl.minigames.MiniGameService, class com.almasb.fxgl.net.NetService, class com.almasb.fxgl.app.services.UpdaterService, class com.almasb.fxgl.dev.DevService]
18:16:33.060 [FXGL Background Thread 3 ] DEBUG Engine               - fontGame: Abel-Regular.ttf
18:16:33.060 [FXGL Background Thread 3 ] DEBUG Engine               - fontMono: TerminalLandMono-Regular.otf
18:16:33.060 [FXGL Background Thread 3 ] DEBUG Engine               - fontSizeScaleUI: 1.0
18:16:33.060 [FXGL Background Thread 3 ] DEBUG Engine               - fontText: Courier-Prime.ttf
18:16:33.060 [FXGL Background Thread 3 ] DEBUG Engine               - fontUI: VarelaRound-Regular.ttf
18:16:33.060 [FXGL Background Thread 3 ] DEBUG Engine               - fullScreen: BooleanProperty [value: false]
18:16:33.060 [FXGL Background Thread 3 ] DEBUG Engine               - gameDifficulty: MEDIUM
18:16:33.060 [FXGL Background Thread 3 ] DEBUG Engine               - gameDifficultyProperty: ObjectProperty [value: MEDIUM]
18:16:33.060 [FXGL Background Thread 3 ] DEBUG Engine               - globalMusicVolume: 0.5
18:16:33.061 [FXGL Background Thread 3 ] DEBUG Engine               - globalMusicVolumeProperty: DoubleProperty [value: 0.5]
18:16:33.061 [FXGL Background Thread 3 ] DEBUG Engine               - globalSoundVolume: 0.5
18:16:33.061 [FXGL Background Thread 3 ] DEBUG Engine               - globalSoundVolumeProperty: DoubleProperty [value: 0.5]
18:16:33.061 [FXGL Background Thread 3 ] DEBUG Engine               - height: 720
18:16:33.061 [FXGL Background Thread 3 ] DEBUG Engine               - is3D: false
18:16:33.061 [FXGL Background Thread 3 ] DEBUG Engine               - isAndroid: false
18:16:33.061 [FXGL Background Thread 3 ] DEBUG Engine               - isBrowser: false
18:16:33.061 [FXGL Background Thread 3 ] DEBUG Engine               - isClickFeedbackEnabled: false
18:16:33.061 [FXGL Background Thread 3 ] DEBUG Engine               - isCloseConfirmation: false
18:16:33.061 [FXGL Background Thread 3 ] DEBUG Engine               - isDesktop: true
18:16:33.061 [FXGL Background Thread 3 ] DEBUG Engine               - isDeveloperMenuEnabled: false
18:16:33.061 [FXGL Background Thread 3 ] DEBUG Engine               - isEmbedded: false
18:16:33.061 [FXGL Background Thread 3 ] DEBUG Engine               - isEntityPreloadEnabled: true
18:16:33.061 [FXGL Background Thread 3 ] DEBUG Engine               - isExperimentalTiledLargeMap: false
18:16:33.061 [FXGL Background Thread 3 ] DEBUG Engine               - isFileSystemWriteAllowed: true
18:16:33.061 [FXGL Background Thread 3 ] DEBUG Engine               - isFullScreenAllowed: false
18:16:33.061 [FXGL Background Thread 3 ] DEBUG Engine               - isFullScreenFromStart: false
18:16:33.061 [FXGL Background Thread 3 ] DEBUG Engine               - isGameMenuEnabled: true
18:16:33.061 [FXGL Background Thread 3 ] DEBUG Engine               - isIOS: false
18:16:33.061 [FXGL Background Thread 3 ] DEBUG Engine               - isIntroEnabled: false
18:16:33.061 [FXGL Background Thread 3 ] DEBUG Engine               - isLinux: false
18:16:33.061 [FXGL Background Thread 3 ] DEBUG Engine               - isMac: false
18:16:33.061 [FXGL Background Thread 3 ] DEBUG Engine               - isMainMenuEnabled: true
18:16:33.061 [FXGL Background Thread 3 ] DEBUG Engine               - isManualResizeEnabled: false
18:16:33.061 [FXGL Background Thread 3 ] DEBUG Engine               - isMobile: false
18:16:33.061 [FXGL Background Thread 3 ] DEBUG Engine               - isNative: false
18:16:33.061 [FXGL Background Thread 3 ] DEBUG Engine               - isPauseMusicWhenMinimized: true
18:16:33.061 [FXGL Background Thread 3 ] DEBUG Engine               - isPreserveResizeRatio: false
18:16:33.061 [FXGL Background Thread 3 ] DEBUG Engine               - isProfilingEnabled: false
18:16:33.061 [FXGL Background Thread 3 ] DEBUG Engine               - isScaleAffectedOnResize: true
18:16:33.061 [FXGL Background Thread 3 ] DEBUG Engine               - isSingleStep: false
18:16:33.061 [FXGL Background Thread 3 ] DEBUG Engine               - isUserProfileEnabled: false
18:16:33.061 [FXGL Background Thread 3 ] DEBUG Engine               - isWindows: true
18:16:33.061 [FXGL Background Thread 3 ] DEBUG Engine               - language: ObjectProperty [value: ENGLISH]
18:16:33.061 [FXGL Background Thread 3 ] DEBUG Engine               - menuKey: ESCAPE
18:16:33.061 [FXGL Background Thread 3 ] DEBUG Engine               - mouseSensitivity: 0.2
18:16:33.061 [FXGL Background Thread 3 ] DEBUG Engine               - notificationViewClass: class com.almasb.fxgl.notification.view.XboxNotificationView
18:16:33.061 [FXGL Background Thread 3 ] DEBUG Engine               - pixelsPerMeter: 50.0
18:16:33.061 [FXGL Background Thread 3 ] DEBUG Engine               - platform: WINDOWS
18:16:33.061 [FXGL Background Thread 3 ] DEBUG Engine               - prefHeightProperty: ReadOnlyDoubleProperty [value: 720.0]
18:16:33.061 [FXGL Background Thread 3 ] DEBUG Engine               - prefWidthProperty: ReadOnlyDoubleProperty [value: 1280.0]
18:16:33.061 [FXGL Background Thread 3 ] DEBUG Engine               - profileDir: profiles/
18:16:33.061 [FXGL Background Thread 3 ] DEBUG Engine               - profileName: StringProperty [value: DEFAULT]
18:16:33.061 [FXGL Background Thread 3 ] DEBUG Engine               - randomSeed: -1
18:16:33.062 [FXGL Background Thread 3 ] DEBUG Engine               - runtimeInfo: RuntimeInfo(platform=WINDOWS, version=21+dev-SNAPSHOT, build=26.03.2024 19.46)
18:16:33.062 [FXGL Background Thread 3 ] DEBUG Engine               - saveFileExt: sav
18:16:33.062 [FXGL Background Thread 3 ] DEBUG Engine               - scaledHeightProp$fxgl: DoubleProperty [bound, value: 720.0]
18:16:33.062 [FXGL Background Thread 3 ] DEBUG Engine               - scaledWidthProp$fxgl: DoubleProperty [bound, value: 1280.0]
18:16:33.062 [FXGL Background Thread 3 ] DEBUG Engine               - sceneFactory: org.example.core.GameApp$1@262e3cbb
18:16:33.062 [FXGL Background Thread 3 ] DEBUG Engine               - secondsIn24h: 60
18:16:33.062 [FXGL Background Thread 3 ] DEBUG Engine               - soundMenuBack: menu/back.wav
18:16:33.062 [FXGL Background Thread 3 ] DEBUG Engine               - soundMenuPress: menu/press.wav
18:16:33.062 [FXGL Background Thread 3 ] DEBUG Engine               - soundMenuSelect: menu/select.wav
18:16:33.062 [FXGL Background Thread 3 ] DEBUG Engine               - soundNotification: core/notification.wav
18:16:33.062 [FXGL Background Thread 3 ] DEBUG Engine               - stageStyle: DECORATED
18:16:33.062 [FXGL Background Thread 3 ] DEBUG Engine               - supportedLanguages: [ENGLISH, FRENCH, GERMAN, HUNGARIAN, RUSSIAN]
18:16:33.062 [FXGL Background Thread 3 ] DEBUG Engine               - ticksPerSecond: -1
18:16:33.062 [FXGL Background Thread 3 ] DEBUG Engine               - title: Prototype Game
18:16:33.062 [FXGL Background Thread 3 ] DEBUG Engine               - urlGithub: https://github.com/AlmasB/FXGL
18:16:33.062 [FXGL Background Thread 3 ] DEBUG Engine               - urlLeaderboard: http://fxgl-top.herokuapp.com/
18:16:33.062 [FXGL Background Thread 3 ] DEBUG Engine               - urlPOM: https://raw.githubusercontent.com/AlmasB/FXGL/release/README.md
18:16:33.062 [FXGL Background Thread 3 ] DEBUG Engine               - userAppClass: class org.example.core.GameApp
18:16:33.062 [FXGL Background Thread 3 ] DEBUG Engine               - version: 0.1.5
18:16:33.062 [FXGL Background Thread 3 ] DEBUG Engine               - versionCheckDays: 7
18:16:33.062 [FXGL Background Thread 3 ] DEBUG Engine               - width: 1280
18:16:33.062 [FXGL Background Thread 3 ] DEBUG Engine               - Logging services
18:16:33.062 [FXGL Background Thread 3 ] DEBUG Engine               - class com.almasb.fxgl.app.services.FXGLAssetLoaderService
18:16:33.062 [FXGL Background Thread 3 ] DEBUG Engine               - class com.almasb.fxgl.app.FXGLApplication$GameApplicationService
18:16:33.062 [FXGL Background Thread 3 ] DEBUG Engine               - class com.almasb.fxgl.app.services.FXGLDialogService
18:16:33.062 [FXGL Background Thread 3 ] DEBUG Engine               - class com.almasb.fxgl.app.services.IOTaskExecutorService
18:16:33.062 [FXGL Background Thread 3 ] DEBUG Engine               - class com.almasb.fxgl.io.FileSystemService
18:16:33.062 [FXGL Background Thread 3 ] DEBUG Engine               - class com.almasb.fxgl.localization.LocalizationService
18:16:33.062 [FXGL Background Thread 3 ] DEBUG Engine               - class com.almasb.fxgl.app.services.SystemBundleService
18:16:33.062 [FXGL Background Thread 3 ] DEBUG Engine               - class com.almasb.fxgl.profile.SaveLoadService
18:16:33.062 [FXGL Background Thread 3 ] DEBUG Engine               - class com.almasb.fxgl.ui.FXGLUIFactoryServiceProvider
18:16:33.062 [FXGL Background Thread 3 ] DEBUG Engine               - class com.almasb.fxgl.ui.FXGLDialogFactoryServiceProvider
18:16:33.062 [FXGL Background Thread 3 ] DEBUG Engine               - class com.almasb.fxgl.audio.AudioPlayer
18:16:33.062 [FXGL Background Thread 3 ] DEBUG Engine               - class com.almasb.fxgl.notification.impl.NotificationServiceProvider
18:16:33.062 [FXGL Background Thread 3 ] DEBUG Engine               - class com.almasb.fxgl.achievement.AchievementService
18:16:33.062 [FXGL Background Thread 3 ] DEBUG Engine               - class com.almasb.fxgl.cutscene.CutsceneService
18:16:33.062 [FXGL Background Thread 3 ] DEBUG Engine               - class com.almasb.fxgl.minigames.MiniGameService
18:16:33.062 [FXGL Background Thread 3 ] DEBUG Engine               - class com.almasb.fxgl.net.NetService
18:16:33.062 [FXGL Background Thread 3 ] DEBUG Engine               - class com.almasb.fxgl.app.services.UpdaterService
18:16:33.062 [FXGL Background Thread 3 ] DEBUG Engine               - class com.almasb.fxgl.dev.DevService
18:16:33.661 [JavaFX Application Thread] DEBUG GameWorld            - Game world initialized
18:16:33.662 [JavaFX Application Thread] DEBUG PhysicsWorld         - Physics world initialized: appHeight=720, physics.ppm=50.0
18:16:33.662 [JavaFX Application Thread] DEBUG PhysicsWorld         - Using strategy: BRUTE_FORCE
18:16:33.664 [JavaFX Application Thread] DEBUG GameScene            - Game scene initialized: 1280x720
18:16:33.700 [JavaFX Application Thread] DEBUG PrimaryStageWindow   - Push state: MainMenuScene
18:16:33.705 [JavaFX Application Thread] DEBUG Input                - Clearing active input actions
18:16:33.709 [JavaFX Application Thread] DEBUG GameApplicationServi - Removing overlay from NameInputScene and adding to MainMenuScene
18:16:33.709 [JavaFX Application Thread] DEBUG PrimaryStageWindow   - NameInputScene -> MainMenuScene
18:16:34.432 [JavaFX Application Thread] DEBUG GameApplicationServi - Starting new game
18:16:34.434 [JavaFX Application Thread] DEBUG PrimaryStageWindow   - Pop state: MainMenuScene
18:16:34.434 [JavaFX Application Thread] DEBUG Input                - Clearing active input actions
18:16:34.435 [JavaFX Application Thread] DEBUG GameApplicationServi - Removing overlay from MainMenuScene and adding to NameInputScene
18:16:34.435 [JavaFX Application Thread] DEBUG PrimaryStageWindow   - NameInputScene <- MainMenuScene
18:16:34.436 [JavaFX Application Thread] DEBUG PrimaryStageWindow   - Pop state: NameInputScene
18:16:34.436 [JavaFX Application Thread] DEBUG Input                - Clearing active input actions
18:16:34.437 [JavaFX Application Thread] DEBUG GameApplicationServi - Removing overlay from NameInputScene and adding to FXGLMainMenuDummyScene
18:16:34.437 [JavaFX Application Thread] DEBUG PrimaryStageWindow   - FXGLMainMenuDummyScene <- NameInputScene
18:16:34.437 [JavaFX Application Thread] DEBUG Input                - Clearing active input actions
18:16:34.443 [JavaFX Application Thread] DEBUG GameApplicationServi - Removing overlay from FXGLMainMenuDummyScene and adding to FXGLLoadingScene
18:16:34.443 [JavaFX Application Thread] DEBUG PrimaryStageWindow   - FXGLMainMenuDummyScene -> FXGLLoadingScene
18:16:34.443 [JavaFX Application Thread] DEBUG GameApplicationServi - Clearing previous game
18:16:34.443 [JavaFX Application Thread] DEBUG GameScene            - Clearing game scene
18:16:34.443 [JavaFX Application Thread] DEBUG GameWorld            - Clearing game world
18:16:34.443 [JavaFX Application Thread] DEBUG PhysicsWorld         - Clearing physics world
18:16:34.446 [FXGL Background Thread 2 ] DEBUG FXGLApplication      - Initializing game
18:16:34.473 [JavaFX Application Thread] DEBUG LoopRunner           - Stopping loop
18:16:34.474 [JavaFX Application Thread] FATAL FXGLApplication      - Uncaught Exception:
java.lang.RuntimeException: Initialization failed
	at com.almasb.fxgl.app.FXGLApplication$InitAppTask.failed(FXGLApplication.kt:347)
	at javafx.concurrent.Task.setState(Task.java:710)
	at javafx.concurrent.Task$TaskCallable.lambda$call$2(Task.java:1429)
	at com.sun.javafx.application.PlatformImpl.lambda$runLater$10(PlatformImpl.java:456)
	at java.base/java.security.AccessController.doPrivileged(AccessController.java:138)
	at com.sun.javafx.application.PlatformImpl.lambda$runLater$11(PlatformImpl.java:455)
	at com.sun.glass.ui.InvokeLaterDispatcher$Future.run(InvokeLaterDispatcher.java:95)
	at com.sun.glass.ui.win.WinApplication._runLoop(Native Method)
	at com.sun.glass.ui.win.WinApplication.lambda$runLoop$3(WinApplication.java:185)
	at java.base/java.lang.Thread.run(Thread.java:1447)
Caused by: java.lang.ClassCastException: class java.lang.Double cannot be cast to class java.lang.Integer (java.lang.Double and java.lang.Integer are in module java.base of loader 'bootstrap')
	at org.example.core.GameEntityFactor.newTiledBackground(GameEntityFactor.java:48)
	at java.base/jdk.internal.reflect.DirectMethodHandleAccessor.invoke(DirectMethodHandleAccessor.java:104)
	at java.base/java.lang.reflect.Method.invoke(Method.java:565)
	at com.almasb.fxgl.core.reflect.ReflectionUtils.call(ReflectionUtils.java:104)
	at com.almasb.fxgl.core.reflect.ReflectionUtils.lambda$mapToFunction$3(ReflectionUtils.java:111)
	at com.almasb.fxgl.entity.GameWorld$create$2.invoke(GameWorld.kt:428)
	at com.almasb.fxgl.entity.GameWorld$create$2.invoke(GameWorld.kt:428)
	at com.almasb.fxgl.core.util.DSLKt.tryCatchRoot(DSL.kt:34)
	at com.almasb.fxgl.entity.GameWorld.create(GameWorld.kt:428)
	at com.almasb.fxgl.entity.GameWorld.spawn(GameWorld.kt:396)
	at com.almasb.fxgl.dsl.FXGL$Companion.spawn(FXGL.kt:574)
	at com.almasb.fxgl.dsl.FXGL.spawn(FXGL.kt)
	at org.example.core.GameApp.initGame(GameApp.java:339)
	at com.almasb.fxgl.app.FXGLApplication$InitAppTask.initGame(FXGLApplication.kt:343)
	at com.almasb.fxgl.app.FXGLApplication$InitAppTask.call(FXGLApplication.kt:321)
	at com.almasb.fxgl.app.FXGLApplication$InitAppTask.call(FXGLApplication.kt:313)
	at javafx.concurrent.Task$TaskCallable.call(Task.java:1399)
	at java.base/java.util.concurrent.FutureTask.run(FutureTask.java:328)
	at java.base/java.util.concurrent.Executors$RunnableAdapter.call(Executors.java:545)
	at java.base/java.util.concurrent.FutureTask.run(FutureTask.java:328)
	at java.base/java.util.concurrent.ThreadPoolExecutor.runWorker(ThreadPoolExecutor.java:1095)
	at java.base/java.util.concurrent.ThreadPoolExecutor$Worker.run(ThreadPoolExecutor.java:619)
	... 1 more

18:16:34.474 [JavaFX Application Thread] FATAL FXGLApplication      - Application will now exit
18:16:34.482 [JavaFX Application Thread] DEBUG PrimaryStageWindow   - Push state: ErrorSubScene
18:16:34.482 [JavaFX Application Thread] DEBUG Input                - Clearing active input actions
18:16:34.484 [JavaFX Application Thread] DEBUG GameApplicationServi - Removing overlay from FXGLLoadingScene and adding to ErrorSubScene
18:16:34.484 [JavaFX Application Thread] DEBUG PrimaryStageWindow   - FXGLLoadingScene -> ErrorSubScene
18:16:36.111 [JavaFX Application Thread] DEBUG FXGLApplication      - Exiting FXGL
18:16:36.111 [JavaFX Application Thread] DEBUG Async                - Shutting down background threads
18:16:36.111 [JavaFX Application Thread] DEBUG PrimaryStageWindow   - Closing main window
18:16:36.125 [JavaFX Application Thread] DEBUG Logger               - Closing Logger
