22:55:10.916 [main                     ] DEBUG Logger               - Configured Logger
22:55:10.920 [main                     ] DEBUG GameApplication      - Logging settings
Title: Prototype
Version: 0.1.5
Width: 1280
Height: 720
Fullscreen: false
Intro: false
Profiling: false
Single step:false
App Mode: DEVELOPER
Menu Key: ESCAPE
Stage Style: DECORATED
Scene Factory: class org.example.GameApp$1

22:55:11.207 [JavaFX Application Thread] DEBUG FXGLApplication      - Initializing FXGL
22:55:11.209 [JavaFX Application Thread] INFO  Engine               - FXGL-17+dev-SNAPSHOT (23.08.2022 11.12) on WINDOWS (J:24 FX:18)
22:55:11.209 [JavaFX Application Thread] DEBUG Engine               - JRE Vendor Name: Oracle Corporation
22:55:11.210 [JavaFX Application Thread] DEBUG Engine               - Running on OS: Windows 11 version 10.0
22:55:11.210 [JavaFX Application Thread] DEBUG Engine               - Architecture: amd64
22:55:11.210 [JavaFX Application Thread] INFO  Engine               - Source code and latest versions at: https://github.com/AlmasB/FXGL
22:55:11.210 [JavaFX Application Thread] INFO  Engine               -       Ask questions and discuss at: https://github.com/AlmasB/FXGL/discussions
22:55:11.210 [JavaFX Application Thread] INFO  Engine               -              Join the FXGL chat at: https://gitter.im/AlmasB/FXGL
22:55:11.288 [JavaFX Application Thread] DEBUG PrimaryStageWindow   - Creating a JavaFX scene
22:55:11.323 [JavaFX Application Thread] DEBUG PrimaryStageWindow   - Target settings size: 1280.0 x 720.0
22:55:11.323 [JavaFX Application Thread] DEBUG PrimaryStageWindow   - Scaled scene size:    1280.0 x 720.0
22:55:11.324 [JavaFX Application Thread] DEBUG PrimaryStageWindow   - Scaled ratio: (1.0, 1.0)
22:55:11.324 [JavaFX Application Thread] DEBUG PrimaryStageWindow   - Set initial scene to FXGLStartupScene
22:55:11.330 [JavaFX Application Thread] DEBUG PrimaryStageWindow   - Opening main window
22:55:11.408 [JavaFX Application Thread] DEBUG PrimaryStageWindow   - Window border size: (16.0, 39.0)
22:55:11.408 [JavaFX Application Thread] DEBUG PrimaryStageWindow   - Scaled size: 1280.0 x 720.0
22:55:11.409 [JavaFX Application Thread] DEBUG PrimaryStageWindow   - Scaled ratio: (1.0, 1.0)
22:55:11.409 [JavaFX Application Thread] DEBUG PrimaryStageWindow   - Scene size: 1280.0 x 720.0
22:55:11.409 [JavaFX Application Thread] DEBUG PrimaryStageWindow   - Stage size: 1296.0 x 759.0
22:55:11.413 [FXGL Background Thread 1 ] DEBUG Engine               - Initializing environment variables
22:55:11.441 [FXGL Background Thread 1 ] DEBUG FXGLAssetLoaderServi - User app class for loading assets: class org.example.GameApp
22:55:11.441 [FXGL Background Thread 1 ] DEBUG GameApplicationServi - Applying CSS: fxgl_dark.css
22:55:11.442 [FXGL Background Thread 1 ] DEBUG FXGLAssetLoaderServi - Loading from file system: jar:file:/C:/Users/primzcm/.m2/repository/com/github/almasb/fxgl/fxgl/17.2/fxgl-17.2.jar!/fxglassets/ui/css/fxgl_dark.css
22:55:11.474 [FXGL Background Thread 1 ] DEBUG GameApplicationServi - Initializing application scenes
22:55:11.502 [FXGL Background Thread 1 ] DEBUG GameWorld            - Game world initialized
22:55:11.541 [FXGL Background Thread 1 ] DEBUG PhysicsWorld         - Physics world initialized: appHeight=720, physics.ppm=50.0
22:55:11.541 [FXGL Background Thread 1 ] DEBUG PhysicsWorld         - Using strategy: BRUTE_FORCE
22:55:11.543 [FXGL Background Thread 1 ] DEBUG GameScene            - Game scene initialized: 1280x720
22:55:11.562 [FXGL Background Thread 1 ] DEBUG FXGL.DefaultMenu     - createMenuBodyGameMenu()
22:55:11.569 [FXGL Background Thread 1 ] DEBUG FXGL.DefaultMenu     - createOptionsMenu()
22:55:11.576 [FXGL Background Thread 1 ] DEBUG FXGLAssetLoaderServi - Loading from file system: jar:file:/C:/Users/primzcm/.m2/repository/com/github/almasb/fxgl/fxgl/17.2/fxgl-17.2.jar!/fxglassets/textures/particles/smoke.png
22:55:11.640 [FXGL Background Thread 1 ] DEBUG FXGLAssetLoaderServi - Loading from file system: jar:file:/C:/Users/primzcm/.m2/repository/com/github/almasb/fxgl/fxgl/17.2/fxgl-17.2.jar!/fxglassets/textures/particles/trace_horizontal.png
22:55:11.661 [FXGL Background Thread 1 ] DEBUG GameApplicationServi - Application scenes initialized
22:55:11.669 [FXGL Background Thread 1 ] DEBUG SystemBundleService  - Loading FXGL system data
22:55:11.670 [FXGL Background Thread 1 ] DEBUG FileSystemAccess     - Reading from: F:\my files\School\2nd year 2nd sem\TheOnlyException\system\fxgl.bundle
22:55:11.672 [FXGL Background Thread 1 ] DEBUG SystemBundleService  - Bundle FXGL: {}
22:55:11.672 [FXGL Background Thread 1 ] DEBUG UpdaterService       - Checking for updates
22:55:11.674 [FXGL Background Thread 4 ] DEBUG FXGLApplication      - Loading fonts
22:55:11.675 [FXGL Background Thread 4 ] DEBUG FXGLAssetLoaderServi - Loading from file system: jar:file:/C:/Users/primzcm/.m2/repository/com/github/almasb/fxgl/fxgl/17.2/fxgl-17.2.jar!/fxglassets/ui/fonts/VarelaRound-Regular.ttf
22:55:11.675 [FXGL Background Thread 1 ] DEBUG FXGLApplication      - Loading default localization
22:55:11.675 [FXGL Background Thread 1 ] DEBUG FXGLAssetLoaderServi - Loading from file system: jar:file:/C:/Users/primzcm/.m2/repository/com/github/almasb/fxgl/fxgl/17.2/fxgl-17.2.jar!/fxglassets/languages/english.lang
22:55:11.681 [FXGL Background Thread 4 ] DEBUG FXGLAssetLoaderServi - Loading from file system: jar:file:/C:/Users/primzcm/.m2/repository/com/github/almasb/fxgl/fxgl/17.2/fxgl-17.2.jar!/fxglassets/ui/fonts/Abel-Regular.ttf
22:55:11.684 [FXGL Background Thread 4 ] DEBUG FXGLAssetLoaderServi - Loading from file system: jar:file:/C:/Users/primzcm/.m2/repository/com/github/almasb/fxgl/fxgl/17.2/fxgl-17.2.jar!/fxglassets/ui/fonts/TerminalLandMono-Regular.otf
22:55:11.685 [FXGL Background Thread 4 ] DEBUG FXGLAssetLoaderServi - Loading from file system: jar:file:/C:/Users/primzcm/.m2/repository/com/github/almasb/fxgl/fxgl/17.2/fxgl-17.2.jar!/fxglassets/ui/fonts/Courier-Prime.ttf
22:55:11.690 [JavaFX Application Thread] DEBUG FXGLApplication      - Registering font factories with UI factory
22:55:11.698 [FXGL Background Thread 1 ] INFO  FXGLApplication      - FXGL initialization took: 0.284 sec
22:55:11.705 [JavaFX Application Thread] DEBUG Input                - Registered new binding: action0 - A
22:55:11.705 [JavaFX Application Thread] DEBUG Input                - Registered new binding: action1 - D
22:55:11.705 [JavaFX Application Thread] DEBUG Input                - Registered new binding: action2 - W
22:55:11.705 [JavaFX Application Thread] DEBUG Input                - Registered new binding: action3 - S
22:55:11.706 [JavaFX Application Thread] DEBUG FXGLAssetLoaderServi - Loading from file system: jar:file:/C:/Users/primzcm/.m2/repository/com/github/almasb/fxgl/fxgl/17.2/fxgl-17.2.jar!/fxglassets/textures/fxgl_icon.png
22:55:11.729 [JavaFX Application Thread] DEBUG FXGLAssetLoaderServi - Loading from file system: jar:file:/C:/Users/primzcm/.m2/repository/com/github/almasb/fxgl/fxgl/17.2/fxgl-17.2.jar!/fxglassets/textures/fxgl_default_cursor.png
22:55:11.731 [JavaFX Application Thread] DEBUG Input                - Registered new binding: Screenshot - CTRL+8
22:55:11.731 [JavaFX Application Thread] DEBUG Input                - Registered new binding: System info dump - CTRL+9
22:55:11.731 [JavaFX Application Thread] DEBUG Input                - Registered new binding: Restart - CTRL+R
22:55:11.732 [JavaFX Application Thread] DEBUG Input                - Registered new binding: Toggle Debug Camera - CTRL+7
22:55:11.735 [JavaFX Application Thread] DEBUG LoopRunner           - Starting loop
22:55:11.735 [JavaFX Application Thread] DEBUG LoopRunner           - Initializing JavaFX AnimationTimerLoop
22:55:11.739 [JavaFX Application Thread] DEBUG Input                - Clearing active input actions
22:55:11.743 [JavaFX Application Thread] DEBUG GameApplicationServi - Removing overlay from FXGLStartupScene and adding to FXGLMainMenuDummyScene
22:55:11.743 [JavaFX Application Thread] DEBUG PrimaryStageWindow   - FXGLStartupScene -> FXGLMainMenuDummyScene
22:55:11.743 [JavaFX Application Thread] DEBUG PrimaryStageWindow   - Push state: NameInputScene
22:55:11.743 [JavaFX Application Thread] DEBUG Input                - Clearing active input actions
22:55:11.752 [JavaFX Application Thread] DEBUG GameApplicationServi - Removing overlay from FXGLMainMenuDummyScene and adding to NameInputScene
22:55:11.753 [JavaFX Application Thread] DEBUG PrimaryStageWindow   - FXGLMainMenuDummyScene -> NameInputScene
22:55:12.278 [FXGL Background Thread 2 ] INFO  UpdaterService       - Your current version:  17+dev-SNAPSHOT
22:55:12.278 [FXGL Background Thread 2 ] INFO  UpdaterService       - Latest stable version: 21.1
22:55:14.574 [JavaFX Application Thread] DEBUG Menu                 - fireNewGame()
22:55:14.574 [JavaFX Application Thread] DEBUG GameApplicationServi - Starting new game
22:55:14.574 [JavaFX Application Thread] DEBUG PrimaryStageWindow   - Pop state: NameInputScene
22:55:14.574 [JavaFX Application Thread] DEBUG Input                - Clearing active input actions
22:55:14.575 [JavaFX Application Thread] DEBUG GameApplicationServi - Removing overlay from NameInputScene and adding to FXGLMainMenuDummyScene
22:55:14.575 [JavaFX Application Thread] DEBUG PrimaryStageWindow   - FXGLMainMenuDummyScene <- NameInputScene
22:55:14.575 [JavaFX Application Thread] DEBUG Input                - Clearing active input actions
22:55:14.580 [JavaFX Application Thread] DEBUG GameApplicationServi - Removing overlay from FXGLMainMenuDummyScene and adding to FXGLLoadingScene
22:55:14.580 [JavaFX Application Thread] DEBUG PrimaryStageWindow   - FXGLMainMenuDummyScene -> FXGLLoadingScene
22:55:14.580 [JavaFX Application Thread] DEBUG GameApplicationServi - Clearing previous game
22:55:14.580 [JavaFX Application Thread] DEBUG GameScene            - Clearing game scene
22:55:14.580 [JavaFX Application Thread] DEBUG GameWorld            - Clearing game world
22:55:14.580 [JavaFX Application Thread] DEBUG PhysicsWorld         - Clearing physics world
22:55:14.581 [FXGL Background Thread 2 ] DEBUG FXGLApplication      - Initializing game
22:55:14.582 [FXGL Background Thread 2 ] DEBUG Input                - Clearing active input actions
22:55:14.589 [FXGL Background Thread 2 ] DEBUG FXGLAssetLoaderServi - Loading from file system: file:/F:/my%20files/School/2nd%20year%202nd%20sem/TheOnlyException/Test/target/classes/assets/textures/dasd.png
22:55:14.606 [FXGL Background Thread 2 ] DEBUG FXGLAssetLoaderServi - Loading from file system: file:/F:/my%20files/School/2nd%20year%202nd%20sem/TheOnlyException/Test/target/classes/assets/textures/player-scaled.png
22:55:14.641 [FXGL Background Thread 2 ] INFO  FXGLApplication      - Game initialization took: 0.059 sec
22:55:14.641 [JavaFX Application Thread] DEBUG Input                - Clearing active input actions
22:55:14.645 [JavaFX Application Thread] DEBUG GameApplicationServi - Removing overlay from FXGLLoadingScene and adding to GameScene
22:55:14.646 [JavaFX Application Thread] DEBUG PrimaryStageWindow   - FXGLLoadingScene -> GameScene
22:55:14.674 [FXGL Background Thread 3 ] DEBUG Engine               - Logging environment variables
22:55:14.674 [FXGL Background Thread 3 ] DEBUG Engine               - achievements: []
22:55:14.674 [FXGL Background Thread 3 ] DEBUG Engine               - actualHeight: 720.0
22:55:14.674 [FXGL Background Thread 3 ] DEBUG Engine               - actualHeightProperty: ReadOnlyDoubleProperty [value: 720.0]
22:55:14.674 [FXGL Background Thread 3 ] DEBUG Engine               - actualWidth: 1280.0
22:55:14.674 [FXGL Background Thread 3 ] DEBUG Engine               - actualWidthProperty: ReadOnlyDoubleProperty [value: 1280.0]
22:55:14.674 [FXGL Background Thread 3 ] DEBUG Engine               - appIcon: fxgl_icon.png
22:55:14.675 [FXGL Background Thread 3 ] DEBUG Engine               - applicationMode: DEVELOPER
22:55:14.675 [FXGL Background Thread 3 ] DEBUG Engine               - cSSList: [fxgl_dark.css]
22:55:14.675 [FXGL Background Thread 3 ] DEBUG Engine               - collisionDetectionStrategy: BRUTE_FORCE
22:55:14.675 [FXGL Background Thread 3 ] DEBUG Engine               - configClass: Optional.empty
22:55:14.675 [FXGL Background Thread 3 ] DEBUG Engine               - credits: []
22:55:14.675 [FXGL Background Thread 3 ] DEBUG Engine               - defaultCursor: CursorInfo(imageName=fxgl_default_cursor.png, hotspotX=7.0, hotspotY=6.0)
22:55:14.675 [FXGL Background Thread 3 ] DEBUG Engine               - devBBoxColorProperty: ObjectProperty [value: 0xff0000ff]
22:55:14.676 [FXGL Background Thread 3 ] DEBUG Engine               - devEnableDebugCameraProperty: BooleanProperty [value: false]
22:55:14.676 [FXGL Background Thread 3 ] DEBUG Engine               - devSensorColorProperty: ObjectProperty [value: 0xffff00ff]
22:55:14.676 [FXGL Background Thread 3 ] DEBUG Engine               - devShowBBoxProperty: BooleanProperty [value: false]
22:55:14.676 [FXGL Background Thread 3 ] DEBUG Engine               - devShowPositionProperty: BooleanProperty [value: false]
22:55:14.676 [FXGL Background Thread 3 ] DEBUG Engine               - enabledMenuItems: []
22:55:14.676 [FXGL Background Thread 3 ] DEBUG Engine               - engineServices: [class com.almasb.fxgl.app.services.FXGLAssetLoaderService, class com.almasb.fxgl.app.FXGLApplication$GameApplicationService, class com.almasb.fxgl.app.services.FXGLDialogService, class com.almasb.fxgl.app.services.IOTaskExecutorService, class com.almasb.fxgl.io.FileSystemService, class com.almasb.fxgl.localization.LocalizationService, class com.almasb.fxgl.app.services.SystemBundleService, class com.almasb.fxgl.profile.SaveLoadService, class com.almasb.fxgl.ui.FXGLUIFactoryServiceProvider, class com.almasb.fxgl.ui.FXGLDialogFactoryServiceProvider, class com.almasb.fxgl.audio.AudioPlayer, class com.almasb.fxgl.notification.impl.NotificationServiceProvider, class com.almasb.fxgl.achievement.AchievementService, class com.almasb.fxgl.cutscene.CutsceneService, class com.almasb.fxgl.minigames.MiniGameService, class com.almasb.fxgl.net.NetService, class com.almasb.fxgl.app.services.UpdaterService, class com.almasb.fxgl.dev.DevService]
22:55:14.677 [FXGL Background Thread 3 ] DEBUG Engine               - fontGame: Abel-Regular.ttf
22:55:14.677 [FXGL Background Thread 3 ] DEBUG Engine               - fontMono: TerminalLandMono-Regular.otf
22:55:14.677 [FXGL Background Thread 3 ] DEBUG Engine               - fontText: Courier-Prime.ttf
22:55:14.677 [FXGL Background Thread 3 ] DEBUG Engine               - fontUI: VarelaRound-Regular.ttf
22:55:14.677 [FXGL Background Thread 3 ] DEBUG Engine               - fullScreen: BooleanProperty [value: false]
22:55:14.677 [FXGL Background Thread 3 ] DEBUG Engine               - gameDifficulty: MEDIUM
22:55:14.677 [FXGL Background Thread 3 ] DEBUG Engine               - gameDifficultyProperty: ObjectProperty [value: MEDIUM]
22:55:14.677 [FXGL Background Thread 3 ] DEBUG Engine               - globalMusicVolume: 0.5
22:55:14.677 [FXGL Background Thread 3 ] DEBUG Engine               - globalMusicVolumeProperty: DoubleProperty [value: 0.5]
22:55:14.677 [FXGL Background Thread 3 ] DEBUG Engine               - globalSoundVolume: 0.5
22:55:14.678 [FXGL Background Thread 3 ] DEBUG Engine               - globalSoundVolumeProperty: DoubleProperty [value: 0.5]
22:55:14.678 [FXGL Background Thread 3 ] DEBUG Engine               - height: 720
22:55:14.678 [FXGL Background Thread 3 ] DEBUG Engine               - is3D: false
22:55:14.678 [FXGL Background Thread 3 ] DEBUG Engine               - isAndroid: false
22:55:14.678 [FXGL Background Thread 3 ] DEBUG Engine               - isBrowser: false
22:55:14.678 [FXGL Background Thread 3 ] DEBUG Engine               - isClickFeedbackEnabled: false
22:55:14.678 [FXGL Background Thread 3 ] DEBUG Engine               - isCloseConfirmation: false
22:55:14.678 [FXGL Background Thread 3 ] DEBUG Engine               - isDesktop: true
22:55:14.678 [FXGL Background Thread 3 ] DEBUG Engine               - isDeveloperMenuEnabled: false
22:55:14.678 [FXGL Background Thread 3 ] DEBUG Engine               - isEmbedded: false
22:55:14.678 [FXGL Background Thread 3 ] DEBUG Engine               - isEntityPreloadEnabled: true
22:55:14.678 [FXGL Background Thread 3 ] DEBUG Engine               - isExperimentalTiledLargeMap: false
22:55:14.678 [FXGL Background Thread 3 ] DEBUG Engine               - isFileSystemWriteAllowed: true
22:55:14.678 [FXGL Background Thread 3 ] DEBUG Engine               - isFullScreenAllowed: false
22:55:14.678 [FXGL Background Thread 3 ] DEBUG Engine               - isFullScreenFromStart: false
22:55:14.678 [FXGL Background Thread 3 ] DEBUG Engine               - isGameMenuEnabled: true
22:55:14.678 [FXGL Background Thread 3 ] DEBUG Engine               - isIOS: false
22:55:14.678 [FXGL Background Thread 3 ] DEBUG Engine               - isIntroEnabled: false
22:55:14.678 [FXGL Background Thread 3 ] DEBUG Engine               - isLinux: false
22:55:14.678 [FXGL Background Thread 3 ] DEBUG Engine               - isMac: false
22:55:14.678 [FXGL Background Thread 3 ] DEBUG Engine               - isMainMenuEnabled: true
22:55:14.678 [FXGL Background Thread 3 ] DEBUG Engine               - isManualResizeEnabled: false
22:55:14.678 [FXGL Background Thread 3 ] DEBUG Engine               - isMobile: false
22:55:14.678 [FXGL Background Thread 3 ] DEBUG Engine               - isNative: false
22:55:14.678 [FXGL Background Thread 3 ] DEBUG Engine               - isPauseMusicWhenMinimized: true
22:55:14.678 [FXGL Background Thread 3 ] DEBUG Engine               - isPreserveResizeRatio: false
22:55:14.678 [FXGL Background Thread 3 ] DEBUG Engine               - isProfilingEnabled: false
22:55:14.678 [FXGL Background Thread 3 ] DEBUG Engine               - isScaleAffectedOnResize: true
22:55:14.678 [FXGL Background Thread 3 ] DEBUG Engine               - isSingleStep: false
22:55:14.678 [FXGL Background Thread 3 ] DEBUG Engine               - isUserProfileEnabled: false
22:55:14.678 [FXGL Background Thread 3 ] DEBUG Engine               - isWindows: true
22:55:14.678 [FXGL Background Thread 3 ] DEBUG Engine               - language: ObjectProperty [value: ENGLISH]
22:55:14.678 [FXGL Background Thread 3 ] DEBUG Engine               - menuKey: ESCAPE
22:55:14.678 [FXGL Background Thread 3 ] DEBUG Engine               - mouseSensitivity: 0.2
22:55:14.678 [FXGL Background Thread 3 ] DEBUG Engine               - notificationViewClass: class com.almasb.fxgl.notification.view.XboxNotificationView
22:55:14.678 [FXGL Background Thread 3 ] DEBUG Engine               - pixelsPerMeter: 50.0
22:55:14.678 [FXGL Background Thread 3 ] DEBUG Engine               - platform: WINDOWS
22:55:14.678 [FXGL Background Thread 3 ] DEBUG Engine               - prefHeightProperty: ReadOnlyDoubleProperty [value: 720.0]
22:55:14.678 [FXGL Background Thread 3 ] DEBUG Engine               - prefWidthProperty: ReadOnlyDoubleProperty [value: 1280.0]
22:55:14.679 [FXGL Background Thread 3 ] DEBUG Engine               - profileDir: profiles/
22:55:14.679 [FXGL Background Thread 3 ] DEBUG Engine               - profileName: StringProperty [value: DEFAULT]
22:55:14.679 [FXGL Background Thread 3 ] DEBUG Engine               - randomSeed: -1
22:55:14.679 [FXGL Background Thread 3 ] DEBUG Engine               - runtimeInfo: RuntimeInfo(platform=WINDOWS, version=17+dev-SNAPSHOT, build=23.08.2022 11.12)
22:55:14.679 [FXGL Background Thread 3 ] DEBUG Engine               - saveFileExt: sav
22:55:14.679 [FXGL Background Thread 3 ] DEBUG Engine               - scaledHeightProp$fxgl: DoubleProperty [bound, value: 720.0]
22:55:14.679 [FXGL Background Thread 3 ] DEBUG Engine               - scaledWidthProp$fxgl: DoubleProperty [bound, value: 1280.0]
22:55:14.679 [FXGL Background Thread 3 ] DEBUG Engine               - sceneFactory: org.example.GameApp$1@290fb562
22:55:14.679 [FXGL Background Thread 3 ] DEBUG Engine               - secondsIn24h: 60
22:55:14.679 [FXGL Background Thread 3 ] DEBUG Engine               - soundMenuBack: menu/back.wav
22:55:14.679 [FXGL Background Thread 3 ] DEBUG Engine               - soundMenuPress: menu/press.wav
22:55:14.679 [FXGL Background Thread 3 ] DEBUG Engine               - soundMenuSelect: menu/select.wav
22:55:14.679 [FXGL Background Thread 3 ] DEBUG Engine               - soundNotification: core/notification.wav
22:55:14.679 [FXGL Background Thread 3 ] DEBUG Engine               - stageStyle: DECORATED
22:55:14.679 [FXGL Background Thread 3 ] DEBUG Engine               - supportedLanguages: [ENGLISH, FRENCH, GERMAN, HUNGARIAN, RUSSIAN]
22:55:14.679 [FXGL Background Thread 3 ] DEBUG Engine               - ticksPerSecond: -1
22:55:14.679 [FXGL Background Thread 3 ] DEBUG Engine               - title: Prototype
22:55:14.679 [FXGL Background Thread 3 ] DEBUG Engine               - urlGithub: https://github.com/AlmasB/FXGL
22:55:14.679 [FXGL Background Thread 3 ] DEBUG Engine               - urlLeaderboard: http://fxgl-top.herokuapp.com/
22:55:14.679 [FXGL Background Thread 3 ] DEBUG Engine               - urlPOM: https://raw.githubusercontent.com/AlmasB/FXGL/release/README.md
22:55:14.679 [FXGL Background Thread 3 ] DEBUG Engine               - userAppClass: class org.example.GameApp
22:55:14.679 [FXGL Background Thread 3 ] DEBUG Engine               - version: 0.1.5
22:55:14.679 [FXGL Background Thread 3 ] DEBUG Engine               - versionCheckDays: 7
22:55:14.679 [FXGL Background Thread 3 ] DEBUG Engine               - width: 1280
22:55:14.679 [FXGL Background Thread 3 ] DEBUG Engine               - Logging services
22:55:14.679 [FXGL Background Thread 3 ] DEBUG Engine               - class com.almasb.fxgl.app.services.FXGLAssetLoaderService
22:55:14.679 [FXGL Background Thread 3 ] DEBUG Engine               - class com.almasb.fxgl.app.FXGLApplication$GameApplicationService
22:55:14.679 [FXGL Background Thread 3 ] DEBUG Engine               - class com.almasb.fxgl.app.services.FXGLDialogService
22:55:14.679 [FXGL Background Thread 3 ] DEBUG Engine               - class com.almasb.fxgl.app.services.IOTaskExecutorService
22:55:14.679 [FXGL Background Thread 3 ] DEBUG Engine               - class com.almasb.fxgl.io.FileSystemService
22:55:14.679 [FXGL Background Thread 3 ] DEBUG Engine               - class com.almasb.fxgl.localization.LocalizationService
22:55:14.679 [FXGL Background Thread 3 ] DEBUG Engine               - class com.almasb.fxgl.app.services.SystemBundleService
22:55:14.679 [FXGL Background Thread 3 ] DEBUG Engine               - class com.almasb.fxgl.profile.SaveLoadService
22:55:14.679 [FXGL Background Thread 3 ] DEBUG Engine               - class com.almasb.fxgl.ui.FXGLUIFactoryServiceProvider
22:55:14.679 [FXGL Background Thread 3 ] DEBUG Engine               - class com.almasb.fxgl.ui.FXGLDialogFactoryServiceProvider
22:55:14.679 [FXGL Background Thread 3 ] DEBUG Engine               - class com.almasb.fxgl.audio.AudioPlayer
22:55:14.679 [FXGL Background Thread 3 ] DEBUG Engine               - class com.almasb.fxgl.notification.impl.NotificationServiceProvider
22:55:14.679 [FXGL Background Thread 3 ] DEBUG Engine               - class com.almasb.fxgl.achievement.AchievementService
22:55:14.679 [FXGL Background Thread 3 ] DEBUG Engine               - class com.almasb.fxgl.cutscene.CutsceneService
22:55:14.679 [FXGL Background Thread 3 ] DEBUG Engine               - class com.almasb.fxgl.minigames.MiniGameService
22:55:14.679 [FXGL Background Thread 3 ] DEBUG Engine               - class com.almasb.fxgl.net.NetService
22:55:14.679 [FXGL Background Thread 3 ] DEBUG Engine               - class com.almasb.fxgl.app.services.UpdaterService
22:55:14.679 [FXGL Background Thread 3 ] DEBUG Engine               - class com.almasb.fxgl.dev.DevService
22:55:15.159 [JavaFX Application Thread] DEBUG FXGLAssetLoaderServi - Loading from file system: file:/F:/my%20files/School/2nd%20year%202nd%20sem/TheOnlyException/Test/target/classes/assets/textures/MaggotWalk-scaled.png
22:55:15.546 [JavaFX Application Thread] DEBUG FXGLAssetLoaderServi - Loading from file system: file:/F:/my%20files/School/2nd%20year%202nd%20sem/TheOnlyException/Test/target/classes/assets/textures/BeetleMove-scaled.png
22:55:16.045 [JavaFX Application Thread] DEBUG FXGLAssetLoaderServi - Loading from file system: file:/F:/my%20files/School/2nd%20year%202nd%20sem/TheOnlyException/Test/target/classes/assets/textures/MantisMove-scaled.png
22:55:18.924 [JavaFX Application Thread] DEBUG PrimaryStageWindow   - Push state: DialogSubScene
22:55:18.924 [JavaFX Application Thread] DEBUG Input                - Clearing active input actions
22:55:18.925 [JavaFX Application Thread] DEBUG GameApplicationServi - Removing overlay from GameScene and adding to DialogSubScene
22:55:18.925 [JavaFX Application Thread] DEBUG PrimaryStageWindow   - GameScene -> DialogSubScene
22:55:20.002 [JavaFX Application Thread] DEBUG PrimaryStageWindow   - Pop state: DialogSubScene
22:55:20.002 [JavaFX Application Thread] DEBUG Input                - Clearing active input actions
22:55:20.003 [JavaFX Application Thread] DEBUG GameApplicationServi - Removing overlay from DialogSubScene and adding to GameScene
22:55:20.003 [JavaFX Application Thread] DEBUG PrimaryStageWindow   - GameScene <- DialogSubScene
22:55:20.233 [JavaFX Application Thread] DEBUG LoopRunner           - Stopping loop
22:55:20.233 [JavaFX Application Thread] FATAL FXGLApplication      - Uncaught Exception:
java.lang.RuntimeException: Text.text : A bound value cannot be set.
	at javafx.beans.property.StringPropertyBase.set(StringPropertyBase.java:141)
	at javafx.beans.property.StringPropertyBase.set(StringPropertyBase.java:50)
	at javafx.scene.text.Text.setText(Text.java:444)
	at org.example.GameApp.lambda$resetTimers$5(GameApp.java:294)
	at com.almasb.fxgl.time.TimerAction.update(TimerAction.kt:69)
	at com.almasb.fxgl.time.Timer.update(Timer.kt:38)
	at com.almasb.fxgl.scene.Scene.update(Scene.kt:104)
	at com.almasb.fxgl.app.MainWindow$update$1.invoke(MainWindow.kt:115)
	at com.almasb.fxgl.app.MainWindow$update$1.invoke(MainWindow.kt:115)
	at com.almasb.fxgl.core.fsm.StateMachine.runOnActiveStates(StateMachine.kt:69)
	at com.almasb.fxgl.app.MainWindow.update(MainWindow.kt:115)
	at com.almasb.fxgl.app.FXGLApplication$GameApplicationService.onUpdate(FXGLApplication.kt:426)
	at com.almasb.fxgl.app.Engine.loop(Engine.kt:134)
	at com.almasb.fxgl.app.Engine.access$loop(Engine.kt:24)
	at com.almasb.fxgl.app.Engine$loop$1.invoke(Engine.kt:28)
	at com.almasb.fxgl.app.Engine$loop$1.invoke(Engine.kt:28)
	at com.almasb.fxgl.app.LoopRunner.frame(LoopRunner.kt:103)
	at com.almasb.fxgl.app.LoopRunner.access$frame(LoopRunner.kt:23)
	at com.almasb.fxgl.app.LoopRunner$impl$2$1.onTick(LoopRunner.kt:57)
	at com.almasb.fxgl.app.AnimationTimerLoop$timer$1.handle(LoopRunner.kt:137)
	at javafx.animation.AnimationTimer$AnimationTimerReceiver.lambda$handle$0(AnimationTimer.java:58)
	at java.base/java.security.AccessController.doPrivileged(AccessController.java:138)
	at javafx.animation.AnimationTimer$AnimationTimerReceiver.handle(AnimationTimer.java:57)
	at com.sun.scenario.animation.AbstractPrimaryTimer.timePulseImpl(AbstractPrimaryTimer.java:356)
	at com.sun.scenario.animation.AbstractPrimaryTimer$MainLoop.run(AbstractPrimaryTimer.java:266)
	at com.sun.javafx.tk.quantum.QuantumToolkit.pulse(QuantumToolkit.java:571)
	at com.sun.javafx.tk.quantum.QuantumToolkit.pulse(QuantumToolkit.java:555)
	at com.sun.javafx.tk.quantum.QuantumToolkit.pulseFromQueue(QuantumToolkit.java:548)
	at com.sun.javafx.tk.quantum.QuantumToolkit.lambda$runToolkit$11(QuantumToolkit.java:352)
	at com.sun.glass.ui.InvokeLaterDispatcher$Future.run(InvokeLaterDispatcher.java:96)
	at com.sun.glass.ui.win.WinApplication._runLoop(Native Method)
	at com.sun.glass.ui.win.WinApplication.lambda$runLoop$3(WinApplication.java:184)
	at java.base/java.lang.Thread.run(Thread.java:1447)

22:55:20.234 [JavaFX Application Thread] FATAL FXGLApplication      - Application will now exit
22:55:20.241 [JavaFX Application Thread] DEBUG PrimaryStageWindow   - Push state: ErrorSubScene
22:55:20.241 [JavaFX Application Thread] DEBUG Input                - Clearing active input actions
22:55:20.242 [JavaFX Application Thread] DEBUG GameApplicationServi - Removing overlay from GameScene and adding to ErrorSubScene
22:55:20.242 [JavaFX Application Thread] DEBUG PrimaryStageWindow   - GameScene -> ErrorSubScene
22:55:22.078 [JavaFX Application Thread] DEBUG FXGLApplication      - Exiting FXGL
22:55:22.078 [JavaFX Application Thread] DEBUG Async                - Shutting down background threads
22:55:22.078 [JavaFX Application Thread] DEBUG PrimaryStageWindow   - Closing main window
22:55:22.089 [JavaFX Application Thread] DEBUG Logger               - Closing Logger
