00:26:23.142 [main                     ] DEBUG Logger               - Configured Logger
00:26:23.148 [main                     ] DEBUG GameApplication      - Logging settings
Title: Prototype Game
Version: 0.1.5
Width: 1280
Height: 720
Fullscreen: false
Intro: false
Profiling: false
Single step:false
App Mode: DEVELOPER
Menu Key: ESCAPE
Stage Style: DECORATED
Scene Factory: class org.example.core.GameApp$1

00:26:23.290 [JavaFX Application Thread] DEBUG FXGLApplication      - Initializing FXGL
00:26:23.292 [JavaFX Application Thread] INFO  Engine               - FXGL-21+dev-SNAPSHOT (26.03.2024 19.46) on WINDOWS (J:24 FX:21.0.1)
00:26:23.292 [JavaFX Application Thread] DEBUG Engine               - JRE Vendor Name: Oracle Corporation
00:26:23.293 [JavaFX Application Thread] DEBUG Engine               - Running on OS: Windows 11 version 10.0
00:26:23.293 [JavaFX Application Thread] DEBUG Engine               - Architecture: amd64
00:26:23.293 [JavaFX Application Thread] INFO  Engine               - Source code and latest versions at: https://github.com/AlmasB/FXGL
00:26:23.293 [JavaFX Application Thread] INFO  Engine               -       Ask questions and discuss at: https://github.com/AlmasB/FXGL/discussions
00:26:23.293 [JavaFX Application Thread] INFO  Engine               -              Join the FXGL chat at: https://gitter.im/AlmasB/FXGL
00:26:23.375 [JavaFX Application Thread] DEBUG PrimaryStageWindow   - Creating a JavaFX scene
00:26:23.404 [JavaFX Application Thread] DEBUG PrimaryStageWindow   - Target settings size: 1280.0 x 720.0
00:26:23.404 [JavaFX Application Thread] DEBUG PrimaryStageWindow   - Scaled scene size:    1280.0 x 720.0
00:26:23.404 [JavaFX Application Thread] DEBUG PrimaryStageWindow   - Scaled ratio: (1.0, 1.0)
00:26:23.405 [JavaFX Application Thread] DEBUG PrimaryStageWindow   - Set initial scene to FXGLStartupScene
00:26:23.407 [JavaFX Application Thread] DEBUG PrimaryStageWindow   - Opening main window
00:26:23.493 [JavaFX Application Thread] DEBUG PrimaryStageWindow   - Window border size: (16.0, 39.0)
00:26:23.493 [JavaFX Application Thread] DEBUG PrimaryStageWindow   - Scaled size: 1280.0 x 720.0
00:26:23.493 [JavaFX Application Thread] DEBUG PrimaryStageWindow   - Scaled ratio: (1.0, 1.0)
00:26:23.493 [JavaFX Application Thread] DEBUG PrimaryStageWindow   - Scene size: 1280.0 x 720.0
00:26:23.494 [JavaFX Application Thread] DEBUG PrimaryStageWindow   - Stage size: 1296.0 x 759.0
00:26:23.499 [FXGL Background Thread 1 ] DEBUG Engine               - Initializing environment variables
00:26:23.542 [FXGL Background Thread 1 ] DEBUG FXGLAssetLoaderServi - User app class for loading assets: class org.example.core.GameApp
00:26:23.542 [FXGL Background Thread 1 ] DEBUG GameApplicationServi - Applying CSS: fxgl_dark.css
00:26:23.542 [FXGL Background Thread 1 ] DEBUG FXGLAssetLoaderServi - Loading from file system: jar:file:/C:/Users/primzcm/.m2/repository/com/github/almasb/fxgl/fxgl/21.1/fxgl-21.1.jar!/fxglassets/ui/css/fxgl_dark.css
00:26:23.578 [FXGL Background Thread 1 ] DEBUG GameApplicationServi - Initializing application scenes
00:26:23.597 [FXGL Background Thread 1 ] DEBUG GameWorld            - Game world initialized
00:26:23.636 [FXGL Background Thread 1 ] DEBUG PhysicsWorld         - Physics world initialized: appHeight=720, physics.ppm=50.0
00:26:23.637 [FXGL Background Thread 1 ] DEBUG PhysicsWorld         - Using strategy: BRUTE_FORCE
00:26:23.639 [FXGL Background Thread 1 ] DEBUG GameScene            - Game scene initialized: 1280x720
00:26:23.846 [FXGL Background Thread 1 ] DEBUG GameApplicationServi - Application scenes initialized
00:26:23.858 [FXGL Background Thread 1 ] DEBUG SystemBundleService  - Loading FXGL system data
00:26:23.861 [FXGL Background Thread 1 ] DEBUG FileSystemAccess     - Reading from: F:\my files\School\2nd year 2nd sem\TheOnlyException\system\fxgl.bundle
00:26:23.865 [FXGL Background Thread 1 ] DEBUG SystemBundleService  - Bundle FXGL: {}
00:26:23.865 [FXGL Background Thread 1 ] DEBUG UpdaterService       - Checking for updates
00:26:23.870 [FXGL Background Thread 4 ] DEBUG FXGLApplication      - Loading fonts
00:26:23.870 [FXGL Background Thread 4 ] DEBUG FXGLAssetLoaderServi - Loading from file system: jar:file:/C:/Users/primzcm/.m2/repository/com/github/almasb/fxgl/fxgl/21.1/fxgl-21.1.jar!/fxglassets/ui/fonts/VarelaRound-Regular.ttf
00:26:23.871 [FXGL Background Thread 1 ] DEBUG FXGLApplication      - Loading default localization
00:26:23.871 [FXGL Background Thread 1 ] DEBUG FXGLAssetLoaderServi - Loading from file system: jar:file:/C:/Users/primzcm/.m2/repository/com/github/almasb/fxgl/fxgl/21.1/fxgl-21.1.jar!/fxglassets/languages/english.lang
00:26:23.873 [FXGL Background Thread 4 ] DEBUG FXGLAssetLoaderServi - Loading from file system: jar:file:/C:/Users/primzcm/.m2/repository/com/github/almasb/fxgl/fxgl/21.1/fxgl-21.1.jar!/fxglassets/ui/fonts/Abel-Regular.ttf
00:26:23.875 [FXGL Background Thread 4 ] DEBUG FXGLAssetLoaderServi - Loading from file system: jar:file:/C:/Users/primzcm/.m2/repository/com/github/almasb/fxgl/fxgl/21.1/fxgl-21.1.jar!/fxglassets/ui/fonts/TerminalLandMono-Regular.otf
00:26:23.878 [FXGL Background Thread 4 ] DEBUG FXGLAssetLoaderServi - Loading from file system: jar:file:/C:/Users/primzcm/.m2/repository/com/github/almasb/fxgl/fxgl/21.1/fxgl-21.1.jar!/fxglassets/ui/fonts/Courier-Prime.ttf
00:26:23.882 [JavaFX Application Thread] DEBUG FXGLApplication      - Registering font factories with UI factory
00:26:23.890 [FXGL Background Thread 1 ] INFO  FXGLApplication      - FXGL initialization took: 0.390 sec
00:26:23.897 [JavaFX Application Thread] DEBUG Input                - Registered new binding: action0 - A
00:26:23.897 [JavaFX Application Thread] DEBUG Input                - Registered new binding: action1 - D
00:26:23.897 [JavaFX Application Thread] DEBUG Input                - Registered new binding: action2 - W
00:26:23.898 [JavaFX Application Thread] DEBUG Input                - Registered new binding: action3 - S
00:26:23.898 [JavaFX Application Thread] DEBUG Input                - Registered new binding: action4 - Esc
00:26:23.898 [JavaFX Application Thread] DEBUG FXGLAssetLoaderServi - Loading from file system: jar:file:/C:/Users/primzcm/.m2/repository/com/github/almasb/fxgl/fxgl/21.1/fxgl-21.1.jar!/fxglassets/textures/fxgl_icon.png
00:26:23.962 [JavaFX Application Thread] DEBUG FXGLAssetLoaderServi - Loading from file system: jar:file:/C:/Users/primzcm/.m2/repository/com/github/almasb/fxgl/fxgl/21.1/fxgl-21.1.jar!/fxglassets/textures/fxgl_default_cursor.png
00:26:23.966 [JavaFX Application Thread] DEBUG Input                - Registered new binding: Screenshot - CTRL+8
00:26:23.966 [JavaFX Application Thread] DEBUG Input                - Registered new binding: System info dump - CTRL+9
00:26:23.967 [JavaFX Application Thread] DEBUG Input                - Registered new binding: Restart - CTRL+R
00:26:23.967 [JavaFX Application Thread] DEBUG Input                - Registered new binding: Toggle Debug Camera - CTRL+7
00:26:23.973 [JavaFX Application Thread] DEBUG LoopRunner           - Starting loop
00:26:23.973 [JavaFX Application Thread] DEBUG LoopRunner           - Initializing JavaFX AnimationTimerLoop
00:26:23.978 [JavaFX Application Thread] DEBUG Input                - Clearing active input actions
00:26:23.987 [JavaFX Application Thread] DEBUG GameApplicationServi - Removing overlay from FXGLStartupScene and adding to FXGLMainMenuDummyScene
00:26:23.988 [JavaFX Application Thread] DEBUG PrimaryStageWindow   - FXGLStartupScene -> FXGLMainMenuDummyScene
00:26:23.988 [JavaFX Application Thread] DEBUG PrimaryStageWindow   - Push state: LoginScene
00:26:23.988 [JavaFX Application Thread] DEBUG Input                - Clearing active input actions
00:26:24.007 [JavaFX Application Thread] DEBUG GameApplicationServi - Removing overlay from FXGLMainMenuDummyScene and adding to LoginScene
00:26:24.008 [JavaFX Application Thread] DEBUG PrimaryStageWindow   - FXGLMainMenuDummyScene -> LoginScene
00:26:24.270 [FXGL Background Thread 2 ] INFO  UpdaterService       - Your current version:  21+dev-SNAPSHOT
00:26:24.271 [FXGL Background Thread 2 ] INFO  UpdaterService       - Latest stable version: 21.1
00:26:26.744 [JavaFX Application Thread] DEBUG GameWorld            - Game world initialized
00:26:26.745 [JavaFX Application Thread] DEBUG PhysicsWorld         - Physics world initialized: appHeight=720, physics.ppm=50.0
00:26:26.745 [JavaFX Application Thread] DEBUG PhysicsWorld         - Using strategy: BRUTE_FORCE
00:26:26.746 [JavaFX Application Thread] DEBUG GameScene            - Game scene initialized: 1280x720
00:26:26.777 [JavaFX Application Thread] DEBUG PrimaryStageWindow   - Push state: MainMenuScene
00:26:26.833 [JavaFX Application Thread] DEBUG Input                - Clearing active input actions
00:26:26.835 [JavaFX Application Thread] DEBUG GameApplicationServi - Removing overlay from LoginScene and adding to MainMenuScene
00:26:26.835 [JavaFX Application Thread] DEBUG PrimaryStageWindow   - LoginScene -> MainMenuScene
00:26:26.835 [JavaFX Application Thread] DEBUG GameWorld            - Game world initialized
00:26:26.836 [JavaFX Application Thread] DEBUG PhysicsWorld         - Physics world initialized: appHeight=720, physics.ppm=50.0
00:26:26.836 [JavaFX Application Thread] DEBUG PhysicsWorld         - Using strategy: BRUTE_FORCE
00:26:26.837 [JavaFX Application Thread] DEBUG GameScene            - Game scene initialized: 1280x720
00:26:26.849 [JavaFX Application Thread] DEBUG PrimaryStageWindow   - Push state: MainMenuScene
00:26:26.870 [FXGL Background Thread 3 ] DEBUG Engine               - Logging environment variables
00:26:26.870 [FXGL Background Thread 3 ] DEBUG Engine               - achievements: []
00:26:26.870 [FXGL Background Thread 3 ] DEBUG Engine               - actualHeight: 720.0
00:26:26.870 [FXGL Background Thread 3 ] DEBUG Engine               - actualHeightProperty: ReadOnlyDoubleProperty [value: 720.0]
00:26:26.870 [FXGL Background Thread 3 ] DEBUG Engine               - actualWidth: 1280.0
00:26:26.870 [FXGL Background Thread 3 ] DEBUG Engine               - actualWidthProperty: ReadOnlyDoubleProperty [value: 1280.0]
00:26:26.870 [FXGL Background Thread 3 ] DEBUG Engine               - appIcon: fxgl_icon.png
00:26:26.870 [FXGL Background Thread 3 ] DEBUG Engine               - applicationMode: DEVELOPER
00:26:26.870 [FXGL Background Thread 3 ] DEBUG Engine               - cSSList: [fxgl_dark.css]
00:26:26.870 [FXGL Background Thread 3 ] DEBUG Engine               - collisionDetectionStrategy: BRUTE_FORCE
00:26:26.870 [FXGL Background Thread 3 ] DEBUG Engine               - configClass: Optional.empty
00:26:26.870 [FXGL Background Thread 3 ] DEBUG Engine               - credits: []
00:26:26.872 [FXGL Background Thread 3 ] DEBUG Engine               - defaultCursor: CursorInfo(imageName=fxgl_default_cursor.png, hotspotX=7.0, hotspotY=6.0)
00:26:26.872 [FXGL Background Thread 3 ] DEBUG Engine               - devBBoxColorProperty: ObjectProperty [value: 0xff0000ff]
00:26:26.872 [FXGL Background Thread 3 ] DEBUG Engine               - devEnableDebugCameraProperty: BooleanProperty [value: false]
00:26:26.872 [FXGL Background Thread 3 ] DEBUG Engine               - devSensorColorProperty: ObjectProperty [value: 0xffff00ff]
00:26:26.872 [FXGL Background Thread 3 ] DEBUG Engine               - devShowBBoxProperty: BooleanProperty [value: false]
00:26:26.872 [FXGL Background Thread 3 ] DEBUG Engine               - devShowPositionProperty: BooleanProperty [value: false]
00:26:26.872 [FXGL Background Thread 3 ] DEBUG Engine               - enabledMenuItems: []
00:26:26.872 [FXGL Background Thread 3 ] DEBUG Engine               - engineServices: [class com.almasb.fxgl.app.services.FXGLAssetLoaderService, class com.almasb.fxgl.app.FXGLApplication$GameApplicationService, class com.almasb.fxgl.app.services.FXGLDialogService, class com.almasb.fxgl.app.services.IOTaskExecutorService, class com.almasb.fxgl.io.FileSystemService, class com.almasb.fxgl.localization.LocalizationService, class com.almasb.fxgl.app.services.SystemBundleService, class com.almasb.fxgl.profile.SaveLoadService, class com.almasb.fxgl.ui.FXGLUIFactoryServiceProvider, class com.almasb.fxgl.ui.FXGLDialogFactoryServiceProvider, class com.almasb.fxgl.audio.AudioPlayer, class com.almasb.fxgl.notification.impl.NotificationServiceProvider, class com.almasb.fxgl.achievement.AchievementService, class com.almasb.fxgl.cutscene.CutsceneService, class com.almasb.fxgl.minigames.MiniGameService, class com.almasb.fxgl.net.NetService, class com.almasb.fxgl.app.services.UpdaterService, class com.almasb.fxgl.dev.DevService]
00:26:26.872 [FXGL Background Thread 3 ] DEBUG Engine               - fontGame: Abel-Regular.ttf
00:26:26.872 [FXGL Background Thread 3 ] DEBUG Engine               - fontMono: TerminalLandMono-Regular.otf
00:26:26.872 [FXGL Background Thread 3 ] DEBUG Engine               - fontSizeScaleUI: 1.0
00:26:26.872 [FXGL Background Thread 3 ] DEBUG Engine               - fontText: Courier-Prime.ttf
00:26:26.873 [FXGL Background Thread 3 ] DEBUG Engine               - fontUI: VarelaRound-Regular.ttf
00:26:26.873 [FXGL Background Thread 3 ] DEBUG Engine               - fullScreen: BooleanProperty [value: false]
00:26:26.873 [FXGL Background Thread 3 ] DEBUG Engine               - gameDifficulty: MEDIUM
00:26:26.873 [FXGL Background Thread 3 ] DEBUG Engine               - gameDifficultyProperty: ObjectProperty [value: MEDIUM]
00:26:26.873 [FXGL Background Thread 3 ] DEBUG Engine               - globalMusicVolume: 0.5
00:26:26.873 [FXGL Background Thread 3 ] DEBUG Engine               - globalMusicVolumeProperty: DoubleProperty [value: 0.5]
00:26:26.873 [FXGL Background Thread 3 ] DEBUG Engine               - globalSoundVolume: 0.5
00:26:26.873 [FXGL Background Thread 3 ] DEBUG Engine               - globalSoundVolumeProperty: DoubleProperty [value: 0.5]
00:26:26.873 [FXGL Background Thread 3 ] DEBUG Engine               - height: 720
00:26:26.873 [FXGL Background Thread 3 ] DEBUG Engine               - is3D: false
00:26:26.873 [FXGL Background Thread 3 ] DEBUG Engine               - isAndroid: false
00:26:26.873 [FXGL Background Thread 3 ] DEBUG Engine               - isBrowser: false
00:26:26.873 [FXGL Background Thread 3 ] DEBUG Engine               - isClickFeedbackEnabled: false
00:26:26.873 [FXGL Background Thread 3 ] DEBUG Engine               - isCloseConfirmation: false
00:26:26.873 [FXGL Background Thread 3 ] DEBUG Engine               - isDesktop: true
00:26:26.873 [FXGL Background Thread 3 ] DEBUG Engine               - isDeveloperMenuEnabled: false
00:26:26.873 [FXGL Background Thread 3 ] DEBUG Engine               - isEmbedded: false
00:26:26.873 [FXGL Background Thread 3 ] DEBUG Engine               - isEntityPreloadEnabled: true
00:26:26.873 [FXGL Background Thread 3 ] DEBUG Engine               - isExperimentalTiledLargeMap: false
00:26:26.873 [FXGL Background Thread 3 ] DEBUG Engine               - isFileSystemWriteAllowed: true
00:26:26.873 [FXGL Background Thread 3 ] DEBUG Engine               - isFullScreenAllowed: false
00:26:26.873 [FXGL Background Thread 3 ] DEBUG Engine               - isFullScreenFromStart: false
00:26:26.873 [FXGL Background Thread 3 ] DEBUG Engine               - isGameMenuEnabled: false
00:26:26.873 [FXGL Background Thread 3 ] DEBUG Engine               - isIOS: false
00:26:26.873 [FXGL Background Thread 3 ] DEBUG Engine               - isIntroEnabled: false
00:26:26.873 [FXGL Background Thread 3 ] DEBUG Engine               - isLinux: false
00:26:26.873 [FXGL Background Thread 3 ] DEBUG Engine               - isMac: false
00:26:26.874 [FXGL Background Thread 3 ] DEBUG Engine               - isMainMenuEnabled: true
00:26:26.874 [FXGL Background Thread 3 ] DEBUG Engine               - isManualResizeEnabled: false
00:26:26.874 [FXGL Background Thread 3 ] DEBUG Engine               - isMobile: false
00:26:26.874 [FXGL Background Thread 3 ] DEBUG Engine               - isNative: false
00:26:26.874 [FXGL Background Thread 3 ] DEBUG Engine               - isPauseMusicWhenMinimized: true
00:26:26.874 [FXGL Background Thread 3 ] DEBUG Engine               - isPreserveResizeRatio: false
00:26:26.874 [FXGL Background Thread 3 ] DEBUG Engine               - isProfilingEnabled: false
00:26:26.874 [FXGL Background Thread 3 ] DEBUG Engine               - isScaleAffectedOnResize: true
00:26:26.874 [FXGL Background Thread 3 ] DEBUG Engine               - isSingleStep: false
00:26:26.874 [FXGL Background Thread 3 ] DEBUG Engine               - isUserProfileEnabled: false
00:26:26.874 [FXGL Background Thread 3 ] DEBUG Engine               - isWindows: true
00:26:26.874 [FXGL Background Thread 3 ] DEBUG Engine               - language: ObjectProperty [value: ENGLISH]
00:26:26.874 [FXGL Background Thread 3 ] DEBUG Engine               - menuKey: ESCAPE
00:26:26.874 [FXGL Background Thread 3 ] DEBUG Engine               - mouseSensitivity: 0.2
00:26:26.874 [FXGL Background Thread 3 ] DEBUG Engine               - notificationViewClass: class com.almasb.fxgl.notification.view.XboxNotificationView
00:26:26.874 [FXGL Background Thread 3 ] DEBUG Engine               - pixelsPerMeter: 50.0
00:26:26.874 [FXGL Background Thread 3 ] DEBUG Engine               - platform: WINDOWS
00:26:26.874 [FXGL Background Thread 3 ] DEBUG Engine               - prefHeightProperty: ReadOnlyDoubleProperty [value: 720.0]
00:26:26.874 [FXGL Background Thread 3 ] DEBUG Engine               - prefWidthProperty: ReadOnlyDoubleProperty [value: 1280.0]
00:26:26.874 [FXGL Background Thread 3 ] DEBUG Engine               - profileDir: profiles/
00:26:26.874 [FXGL Background Thread 3 ] DEBUG Engine               - profileName: StringProperty [value: DEFAULT]
00:26:26.874 [FXGL Background Thread 3 ] DEBUG Engine               - randomSeed: -1
00:26:26.874 [FXGL Background Thread 3 ] DEBUG Engine               - runtimeInfo: RuntimeInfo(platform=WINDOWS, version=21+dev-SNAPSHOT, build=26.03.2024 19.46)
00:26:26.874 [FXGL Background Thread 3 ] DEBUG Engine               - saveFileExt: sav
00:26:26.874 [FXGL Background Thread 3 ] DEBUG Engine               - scaledHeightProp$fxgl: DoubleProperty [bound, value: 720.0]
00:26:26.874 [FXGL Background Thread 3 ] DEBUG Engine               - scaledWidthProp$fxgl: DoubleProperty [bound, value: 1280.0]
00:26:26.874 [FXGL Background Thread 3 ] DEBUG Engine               - sceneFactory: org.example.core.GameApp$1@1c5667ba
00:26:26.874 [FXGL Background Thread 3 ] DEBUG Engine               - secondsIn24h: 60
00:26:26.874 [FXGL Background Thread 3 ] DEBUG Engine               - soundMenuBack: menu/back.wav
00:26:26.874 [FXGL Background Thread 3 ] DEBUG Engine               - soundMenuPress: menu/press.wav
00:26:26.874 [FXGL Background Thread 3 ] DEBUG Engine               - soundMenuSelect: menu/select.wav
00:26:26.874 [FXGL Background Thread 3 ] DEBUG Engine               - soundNotification: core/notification.wav
00:26:26.874 [FXGL Background Thread 3 ] DEBUG Engine               - stageStyle: DECORATED
00:26:26.874 [FXGL Background Thread 3 ] DEBUG Engine               - supportedLanguages: [ENGLISH, FRENCH, GERMAN, HUNGARIAN, RUSSIAN]
00:26:26.874 [FXGL Background Thread 3 ] DEBUG Engine               - ticksPerSecond: -1
00:26:26.875 [FXGL Background Thread 3 ] DEBUG Engine               - title: Prototype Game
00:26:26.875 [FXGL Background Thread 3 ] DEBUG Engine               - urlGithub: https://github.com/AlmasB/FXGL
00:26:26.875 [FXGL Background Thread 3 ] DEBUG Engine               - urlLeaderboard: http://fxgl-top.herokuapp.com/
00:26:26.875 [FXGL Background Thread 3 ] DEBUG Engine               - urlPOM: https://raw.githubusercontent.com/AlmasB/FXGL/release/README.md
00:26:26.875 [FXGL Background Thread 3 ] DEBUG Engine               - userAppClass: class org.example.core.GameApp
00:26:26.875 [FXGL Background Thread 3 ] DEBUG Engine               - version: 0.1.5
00:26:26.875 [FXGL Background Thread 3 ] DEBUG Engine               - versionCheckDays: 7
00:26:26.875 [FXGL Background Thread 3 ] DEBUG Engine               - width: 1280
00:26:26.875 [FXGL Background Thread 3 ] DEBUG Engine               - Logging services
00:26:26.875 [FXGL Background Thread 3 ] DEBUG Engine               - class com.almasb.fxgl.app.services.FXGLAssetLoaderService
00:26:26.875 [FXGL Background Thread 3 ] DEBUG Engine               - class com.almasb.fxgl.app.FXGLApplication$GameApplicationService
00:26:26.875 [FXGL Background Thread 3 ] DEBUG Engine               - class com.almasb.fxgl.app.services.FXGLDialogService
00:26:26.875 [FXGL Background Thread 3 ] DEBUG Engine               - class com.almasb.fxgl.app.services.IOTaskExecutorService
00:26:26.875 [FXGL Background Thread 3 ] DEBUG Engine               - class com.almasb.fxgl.io.FileSystemService
00:26:26.875 [FXGL Background Thread 3 ] DEBUG Engine               - class com.almasb.fxgl.localization.LocalizationService
00:26:26.875 [FXGL Background Thread 3 ] DEBUG Engine               - class com.almasb.fxgl.app.services.SystemBundleService
00:26:26.875 [FXGL Background Thread 3 ] DEBUG Engine               - class com.almasb.fxgl.profile.SaveLoadService
00:26:26.875 [FXGL Background Thread 3 ] DEBUG Engine               - class com.almasb.fxgl.ui.FXGLUIFactoryServiceProvider
00:26:26.875 [FXGL Background Thread 3 ] DEBUG Engine               - class com.almasb.fxgl.ui.FXGLDialogFactoryServiceProvider
00:26:26.875 [FXGL Background Thread 3 ] DEBUG Engine               - class com.almasb.fxgl.audio.AudioPlayer
00:26:26.875 [FXGL Background Thread 3 ] DEBUG Engine               - class com.almasb.fxgl.notification.impl.NotificationServiceProvider
00:26:26.875 [FXGL Background Thread 3 ] DEBUG Engine               - class com.almasb.fxgl.achievement.AchievementService
00:26:26.875 [FXGL Background Thread 3 ] DEBUG Engine               - class com.almasb.fxgl.cutscene.CutsceneService
00:26:26.875 [FXGL Background Thread 3 ] DEBUG Engine               - class com.almasb.fxgl.minigames.MiniGameService
00:26:26.875 [FXGL Background Thread 3 ] DEBUG Engine               - class com.almasb.fxgl.net.NetService
00:26:26.875 [FXGL Background Thread 3 ] DEBUG Engine               - class com.almasb.fxgl.app.services.UpdaterService
00:26:26.875 [FXGL Background Thread 3 ] DEBUG Engine               - class com.almasb.fxgl.dev.DevService
00:26:26.890 [JavaFX Application Thread] DEBUG Input                - Clearing active input actions
00:26:26.891 [JavaFX Application Thread] DEBUG GameApplicationServi - Removing overlay from MainMenuScene and adding to MainMenuScene
00:26:26.891 [JavaFX Application Thread] DEBUG PrimaryStageWindow   - MainMenuScene -> MainMenuScene
00:26:27.596 [JavaFX Application Thread] DEBUG GameApplicationServi - Starting new game
00:26:27.596 [JavaFX Application Thread] DEBUG PrimaryStageWindow   - Pop state: MainMenuScene
00:26:27.596 [JavaFX Application Thread] DEBUG Input                - Clearing active input actions
00:26:27.597 [JavaFX Application Thread] DEBUG GameApplicationServi - Removing overlay from MainMenuScene and adding to MainMenuScene
00:26:27.597 [JavaFX Application Thread] DEBUG PrimaryStageWindow   - MainMenuScene <- MainMenuScene
00:26:27.661 [JavaFX Application Thread] DEBUG PrimaryStageWindow   - Pop state: MainMenuScene
00:26:27.661 [JavaFX Application Thread] DEBUG Input                - Clearing active input actions
00:26:27.661 [JavaFX Application Thread] DEBUG GameApplicationServi - Removing overlay from MainMenuScene and adding to LoginScene
00:26:27.661 [JavaFX Application Thread] DEBUG PrimaryStageWindow   - LoginScene <- MainMenuScene
00:26:27.723 [JavaFX Application Thread] DEBUG PrimaryStageWindow   - Pop state: LoginScene
00:26:27.724 [JavaFX Application Thread] DEBUG Input                - Clearing active input actions
00:26:27.724 [JavaFX Application Thread] DEBUG GameApplicationServi - Removing overlay from LoginScene and adding to FXGLMainMenuDummyScene
00:26:27.724 [JavaFX Application Thread] DEBUG PrimaryStageWindow   - FXGLMainMenuDummyScene <- LoginScene
00:26:27.724 [JavaFX Application Thread] DEBUG Input                - Clearing active input actions
00:26:27.732 [JavaFX Application Thread] DEBUG GameApplicationServi - Removing overlay from FXGLMainMenuDummyScene and adding to FXGLLoadingScene
00:26:27.732 [JavaFX Application Thread] DEBUG PrimaryStageWindow   - FXGLMainMenuDummyScene -> FXGLLoadingScene
00:26:27.732 [JavaFX Application Thread] DEBUG GameApplicationServi - Clearing previous game
00:26:27.732 [JavaFX Application Thread] DEBUG GameScene            - Clearing game scene
00:26:27.732 [JavaFX Application Thread] DEBUG GameWorld            - Clearing game world
00:26:27.732 [JavaFX Application Thread] DEBUG PhysicsWorld         - Clearing physics world
00:26:27.733 [FXGL Background Thread 2 ] DEBUG FXGLApplication      - Initializing game
00:26:27.743 [FXGL Background Thread 2 ] DEBUG FXGLAssetLoaderServi - Loading from file system: file:/F:/my%20files/School/2nd%20year%202nd%20sem/TheOnlyException/Test/target/classes/assets/textures/worlda.png
00:26:27.800 [FXGL Background Thread 2 ] DEBUG FXGLAssetLoaderServi - Loading from file system: file:/F:/my%20files/School/2nd%20year%202nd%20sem/TheOnlyException/Test/target/classes/assets/textures/player-scaled.png
00:26:27.843 [FXGL Background Thread 2 ] INFO  FXGLApplication      - Game initialization took: 0.111 sec
00:26:27.849 [JavaFX Application Thread] DEBUG Input                - Clearing active input actions
00:26:27.855 [JavaFX Application Thread] DEBUG GameApplicationServi - Removing overlay from FXGLLoadingScene and adding to GameScene
00:26:27.855 [JavaFX Application Thread] DEBUG PrimaryStageWindow   - FXGLLoadingScene -> GameScene
00:26:28.296 [JavaFX Application Thread] DEBUG FXGLAssetLoaderServi - Loading from file system: file:/F:/my%20files/School/2nd%20year%202nd%20sem/TheOnlyException/Test/target/classes/assets/textures/MaggotWalk-scaled-recolored.png
00:26:28.301 [JavaFX Application Thread] DEBUG FXGLAssetLoaderServi - Loading from file system: file:/F:/my%20files/School/2nd%20year%202nd%20sem/TheOnlyException/Test/target/classes/assets/textures/BeetleMove-scaled-recolored.png
00:26:28.303 [JavaFX Application Thread] DEBUG FXGLAssetLoaderServi - Loading from file system: file:/F:/my%20files/School/2nd%20year%202nd%20sem/TheOnlyException/Test/target/classes/assets/textures/MantisMove-scaled-recolored.png
00:26:28.305 [JavaFX Application Thread] DEBUG FXGLAssetLoaderServi - Loading from file system: file:/F:/my%20files/School/2nd%20year%202nd%20sem/TheOnlyException/Test/target/classes/assets/textures/BeeMove-scaled-recolored.png
00:26:28.306 [JavaFX Application Thread] DEBUG FXGLAssetLoaderServi - Loading from file system: file:/F:/my%20files/School/2nd%20year%202nd%20sem/TheOnlyException/Test/target/classes/assets/textures/GiantFly-recolored.png
00:26:28.308 [JavaFX Application Thread] DEBUG FXGLAssetLoaderServi - Loading from file system: file:/F:/my%20files/School/2nd%20year%202nd%20sem/TheOnlyException/Test/target/classes/assets/textures/DragonFly-recolored.png
00:26:31.255 [JavaFX Application Thread] DEBUG FXGLAssetLoaderServi - Loading from file system: file:/F:/my%20files/School/2nd%20year%202nd%20sem/TheOnlyException/Test/target/classes/assets/textures/memorychip.png
00:26:32.939 [JavaFX Application Thread] DEBUG FXGLAssetLoaderServi - Loading from file system: file:/F:/my%20files/School/2nd%20year%202nd%20sem/TheOnlyException/Test/target/classes/assets/textures/firewallshield.png
00:26:32.956 [JavaFX Application Thread] DEBUG FXGLAssetLoaderServi - Loading from file system: file:/F:/my%20files/School/2nd%20year%202nd%20sem/TheOnlyException/Test/target/classes/assets/textures/datawipe.png
00:26:32.972 [JavaFX Application Thread] DEBUG FXGLAssetLoaderServi - Loading from file system: file:/F:/my%20files/School/2nd%20year%202nd%20sem/TheOnlyException/Test/target/classes/assets/textures/systemrestore.png
00:26:32.988 [JavaFX Application Thread] WARN  FXGLAssetLoaderServi - Asset "/assets/textures/gun.png" was not found!
00:26:32.988 [JavaFX Application Thread] WARN  FXGLAssetLoaderServi - Failed to load IMAGE
00:26:32.999 [JavaFX Application Thread] DEBUG PrimaryStageWindow   - Push state: DialogSubScene
00:26:32.999 [JavaFX Application Thread] DEBUG Input                - Clearing active input actions
00:26:33.000 [JavaFX Application Thread] DEBUG GameApplicationServi - Removing overlay from GameScene and adding to DialogSubScene
00:26:33.000 [JavaFX Application Thread] DEBUG PrimaryStageWindow   - GameScene -> DialogSubScene
00:26:34.571 [JavaFX Application Thread] DEBUG PrimaryStageWindow   - Pop state: DialogSubScene
00:26:34.571 [JavaFX Application Thread] DEBUG Input                - Clearing active input actions
00:26:34.572 [JavaFX Application Thread] DEBUG GameApplicationServi - Removing overlay from DialogSubScene and adding to GameScene
00:26:34.572 [JavaFX Application Thread] DEBUG PrimaryStageWindow   - GameScene <- DialogSubScene
00:26:37.104 [JavaFX Application Thread] DEBUG FXGLAssetLoaderServi - Loading from file system: file:/F:/my%20files/School/2nd%20year%202nd%20sem/TheOnlyException/Test/target/classes/assets/textures/shortcircuit.png
00:26:37.123 [JavaFX Application Thread] DEBUG PrimaryStageWindow   - Push state: DialogSubScene
00:26:37.123 [JavaFX Application Thread] DEBUG Input                - Clearing active input actions
00:26:37.124 [JavaFX Application Thread] DEBUG GameApplicationServi - Removing overlay from GameScene and adding to DialogSubScene
00:26:37.124 [JavaFX Application Thread] DEBUG PrimaryStageWindow   - GameScene -> DialogSubScene
00:26:38.809 [JavaFX Application Thread] DEBUG PrimaryStageWindow   - Pop state: DialogSubScene
00:26:38.809 [JavaFX Application Thread] DEBUG Input                - Clearing active input actions
00:26:38.810 [JavaFX Application Thread] DEBUG GameApplicationServi - Removing overlay from DialogSubScene and adding to GameScene
00:26:38.810 [JavaFX Application Thread] DEBUG PrimaryStageWindow   - GameScene <- DialogSubScene
00:26:40.396 [JavaFX Application Thread] DEBUG FXGLAssetLoaderServi - Loading from file system: file:/F:/my%20files/School/2nd%20year%202nd%20sem/TheOnlyException/Test/target/classes/assets/textures/datawipemine.png
00:26:42.336 [JavaFX Application Thread] DEBUG FXGLAssetLoaderServi - Loading from file system: file:/F:/my%20files/School/2nd%20year%202nd%20sem/TheOnlyException/Test/target/classes/assets/textures/smolderprotocol.png
00:26:42.364 [JavaFX Application Thread] WARN  FXGLAssetLoaderServi - Asset "/assets/textures/gun.png" was not found!
00:26:42.364 [JavaFX Application Thread] WARN  FXGLAssetLoaderServi - Failed to load IMAGE
00:26:42.368 [JavaFX Application Thread] DEBUG PrimaryStageWindow   - Push state: DialogSubScene
00:26:42.368 [JavaFX Application Thread] DEBUG Input                - Clearing active input actions
00:26:42.369 [JavaFX Application Thread] DEBUG GameApplicationServi - Removing overlay from GameScene and adding to DialogSubScene
00:26:42.369 [JavaFX Application Thread] DEBUG PrimaryStageWindow   - GameScene -> DialogSubScene
00:26:44.105 [JavaFX Application Thread] DEBUG PrimaryStageWindow   - Pop state: DialogSubScene
00:26:44.105 [JavaFX Application Thread] DEBUG Input                - Clearing active input actions
00:26:44.106 [JavaFX Application Thread] DEBUG GameApplicationServi - Removing overlay from DialogSubScene and adding to GameScene
00:26:44.106 [JavaFX Application Thread] DEBUG PrimaryStageWindow   - GameScene <- DialogSubScene
00:26:44.300 [JavaFX Application Thread] DEBUG FXGLAssetLoaderServi - Loading from file system: file:/F:/my%20files/School/2nd%20year%202nd%20sem/TheOnlyException/Test/target/classes/assets/textures/smolder.png
00:26:46.316 [JavaFX Application Thread] DEBUG FXGLAssetLoaderServi - Loading from file system: file:/F:/my%20files/School/2nd%20year%202nd%20sem/TheOnlyException/Test/target/classes/assets/textures/datawipeexplosion.png
00:26:46.321 [JavaFX Application Thread] WARN  FXGLAssetLoaderServi - Asset "/assets/textures/orange_particle.png" was not found!
00:26:46.321 [JavaFX Application Thread] WARN  FXGLAssetLoaderServi - Failed to load IMAGE
00:26:48.346 [JavaFX Application Thread] WARN  FXGLAssetLoaderServi - Asset "/assets/textures/orange_particle.png" was not found!
00:26:48.346 [JavaFX Application Thread] WARN  FXGLAssetLoaderServi - Failed to load IMAGE
00:26:50.199 [JavaFX Application Thread] DEBUG FXGLAssetLoaderServi - Loading from file system: file:/F:/my%20files/School/2nd%20year%202nd%20sem/TheOnlyException/Test/target/classes/assets/textures/realtimedefense.png
00:26:50.218 [JavaFX Application Thread] DEBUG PrimaryStageWindow   - Push state: DialogSubScene
00:26:50.218 [JavaFX Application Thread] DEBUG Input                - Clearing active input actions
00:26:50.219 [JavaFX Application Thread] DEBUG GameApplicationServi - Removing overlay from GameScene and adding to DialogSubScene
00:26:50.219 [JavaFX Application Thread] DEBUG PrimaryStageWindow   - GameScene -> DialogSubScene
00:26:51.679 [JavaFX Application Thread] DEBUG PrimaryStageWindow   - Pop state: DialogSubScene
00:26:51.679 [JavaFX Application Thread] DEBUG Input                - Clearing active input actions
00:26:51.680 [JavaFX Application Thread] DEBUG GameApplicationServi - Removing overlay from DialogSubScene and adding to GameScene
00:26:51.680 [JavaFX Application Thread] DEBUG PrimaryStageWindow   - GameScene <- DialogSubScene
00:26:51.823 [JavaFX Application Thread] WARN  FXGLAssetLoaderServi - Asset "/assets/textures/orange_particle.png" was not found!
00:26:51.823 [JavaFX Application Thread] WARN  FXGLAssetLoaderServi - Failed to load IMAGE
00:26:53.309 [JavaFX Application Thread] WARN  FXGLAssetLoaderServi - Asset "/assets/textures/orange_particle.png" was not found!
00:26:53.309 [JavaFX Application Thread] WARN  FXGLAssetLoaderServi - Failed to load IMAGE
00:26:54.926 [JavaFX Application Thread] WARN  FXGLAssetLoaderServi - Asset "/assets/textures/orange_particle.png" was not found!
00:26:54.926 [JavaFX Application Thread] WARN  FXGLAssetLoaderServi - Failed to load IMAGE
00:26:56.940 [JavaFX Application Thread] WARN  FXGLAssetLoaderServi - Asset "/assets/textures/orange_particle.png" was not found!
00:26:56.940 [JavaFX Application Thread] WARN  FXGLAssetLoaderServi - Failed to load IMAGE
00:26:58.965 [JavaFX Application Thread] WARN  FXGLAssetLoaderServi - Asset "/assets/textures/orange_particle.png" was not found!
00:26:58.965 [JavaFX Application Thread] WARN  FXGLAssetLoaderServi - Failed to load IMAGE
00:27:00.816 [JavaFX Application Thread] WARN  FXGLAssetLoaderServi - Asset "/assets/textures/gun.png" was not found!
00:27:00.816 [JavaFX Application Thread] WARN  FXGLAssetLoaderServi - Failed to load IMAGE
00:27:00.817 [JavaFX Application Thread] DEBUG PrimaryStageWindow   - Push state: DialogSubScene
00:27:00.817 [JavaFX Application Thread] DEBUG Input                - Clearing active input actions
00:27:00.817 [JavaFX Application Thread] DEBUG GameApplicationServi - Removing overlay from GameScene and adding to DialogSubScene
00:27:00.817 [JavaFX Application Thread] DEBUG PrimaryStageWindow   - GameScene -> DialogSubScene
00:27:03.037 [JavaFX Application Thread] DEBUG FXGLApplication      - Exiting FXGL
00:27:03.037 [JavaFX Application Thread] DEBUG LoopRunner           - Stopping loop
00:27:03.037 [JavaFX Application Thread] DEBUG SystemBundleService  - Saving FXGL system data
00:27:03.039 [JavaFX Application Thread] DEBUG FileSystemAccess     - Writing to: F:\my files\School\2nd year 2nd sem\TheOnlyException\system\fxgl.bundle
00:27:03.097 [JavaFX Application Thread] DEBUG Async                - Shutting down background threads
00:27:03.098 [JavaFX Application Thread] DEBUG PrimaryStageWindow   - Closing main window
00:27:03.114 [JavaFX Application Thread] DEBUG Logger               - Closing Logger
