01:04:00.792 [main                     ] DEBUG Logger               - Configured Logger
01:04:00.807 [main                     ] DEBUG GameApplication      - Logging settings
Title: Prototype
Version: 0.1.5
Width: 1280
Height: 720
Fullscreen: false
Intro: false
Profiling: false
Single step:false
App Mode: DEVELOPER
Menu Key: ESCAPE
Stage Style: DECORATED
Scene Factory: class org.example.GameApp$1

01:04:02.073 [JavaFX Application Thread] DEBUG FXGLApplication      - Initializing FXGL
01:04:02.083 [JavaFX Application Thread] INFO  Engine               - FXGL-17+dev-SNAPSHOT (01.09.2022 03.33) on WINDOWS (J:24 FX:18)
01:04:02.084 [JavaFX Application Thread] DEBUG Engine               - JRE Vendor Name: Oracle Corporation
01:04:02.086 [JavaFX Application Thread] DEBUG Engine               - Running on OS: Windows 11 version 10.0
01:04:02.086 [JavaFX Application Thread] DEBUG Engine               - Architecture: amd64
01:04:02.087 [JavaFX Application Thread] INFO  Engine               - Source code and latest versions at: https://github.com/AlmasB/FXGL
01:04:02.087 [JavaFX Application Thread] INFO  Engine               -       Ask questions and discuss at: https://github.com/AlmasB/FXGL/discussions
01:04:02.087 [JavaFX Application Thread] INFO  Engine               -              Join the FXGL chat at: https://gitter.im/AlmasB/FXGL
01:04:02.555 [JavaFX Application Thread] DEBUG PrimaryStageWindow   - Creating a JavaFX scene
01:04:02.555 [JavaFX Application Thread] DEBUG PrimaryStageWindow   - Target size > screen size
01:04:02.715 [JavaFX Application Thread] DEBUG PrimaryStageWindow   - Target settings size: 1280.0 x 720.0
01:04:02.716 [JavaFX Application Thread] DEBUG PrimaryStageWindow   - Scaled scene size:    1169.0 x 671.0
01:04:02.716 [JavaFX Application Thread] DEBUG PrimaryStageWindow   - Scaled ratio: (0.91328125, 0.9319444444444445)
01:04:02.721 [JavaFX Application Thread] DEBUG PrimaryStageWindow   - Set initial scene to FXGLStartupScene
01:04:02.750 [JavaFX Application Thread] DEBUG PrimaryStageWindow   - Opening main window
01:04:03.046 [JavaFX Application Thread] DEBUG PrimaryStageWindow   - Window border size: (15.0, 37.66668701171875)
01:04:03.047 [JavaFX Application Thread] DEBUG PrimaryStageWindow   - Scaled size: 1169.0 x 671.0
01:04:03.048 [JavaFX Application Thread] DEBUG PrimaryStageWindow   - Scaled ratio: (0.91328125, 0.9319444444444445)
01:04:03.049 [JavaFX Application Thread] DEBUG PrimaryStageWindow   - Scene size: 1169.0 x 671.0
01:04:03.050 [JavaFX Application Thread] DEBUG PrimaryStageWindow   - Stage size: 1184.0 x 708.6666870117188
01:04:03.081 [FXGL Background Thread 1 ] DEBUG Engine               - Initializing environment variables
01:04:03.222 [FXGL Background Thread 1 ] DEBUG FXGLAssetLoaderServi - User app class for loading assets: class org.example.GameApp
01:04:03.223 [FXGL Background Thread 1 ] DEBUG GameApplicationServi - Applying CSS: fxgl_dark.css
01:04:03.226 [FXGL Background Thread 1 ] DEBUG FXGLAssetLoaderServi - Loading from file system: jar:file:/C:/Users/ginac/.m2/repository/com/github/AlmasB/FXGL/fxgl/17.2/fxgl-17.2.jar!/fxglassets/ui/css/fxgl_dark.css
01:04:03.409 [FXGL Background Thread 1 ] DEBUG GameApplicationServi - Initializing application scenes
01:04:03.694 [FXGL Background Thread 1 ] DEBUG GameWorld            - Game world initialized
01:04:03.893 [FXGL Background Thread 1 ] DEBUG PhysicsWorld         - Physics world initialized: appHeight=720, physics.ppm=50.0
01:04:03.894 [FXGL Background Thread 1 ] DEBUG PhysicsWorld         - Using strategy: BRUTE_FORCE
01:04:03.904 [FXGL Background Thread 1 ] DEBUG GameScene            - Game scene initialized: 1280x720
01:04:03.989 [FXGL Background Thread 1 ] DEBUG FXGL.DefaultMenu     - createMenuBodyGameMenu()
01:04:04.020 [FXGL Background Thread 1 ] DEBUG FXGL.DefaultMenu     - createOptionsMenu()
01:04:04.048 [FXGL Background Thread 1 ] DEBUG FXGLAssetLoaderServi - Loading from file system: jar:file:/C:/Users/ginac/.m2/repository/com/github/AlmasB/FXGL/fxgl/17.2/fxgl-17.2.jar!/fxglassets/textures/particles/smoke.png
01:04:04.244 [FXGL Background Thread 1 ] DEBUG FXGLAssetLoaderServi - Loading from file system: jar:file:/C:/Users/ginac/.m2/repository/com/github/AlmasB/FXGL/fxgl/17.2/fxgl-17.2.jar!/fxglassets/textures/particles/trace_horizontal.png
01:04:04.298 [FXGL Background Thread 1 ] DEBUG GameApplicationServi - Application scenes initialized
01:04:04.337 [FXGL Background Thread 1 ] DEBUG SystemBundleService  - Loading FXGL system data
01:04:04.342 [FXGL Background Thread 1 ] DEBUG FileSystemAccess     - Reading from: C:\Users\ginac\IdeaProjects\TheOnlyException\system\fxgl.bundle
01:04:04.348 [FXGL Background Thread 1 ] DEBUG SystemBundleService  - Bundle FXGL: {}
01:04:04.349 [FXGL Background Thread 1 ] DEBUG UpdaterService       - Checking for updates
01:04:04.362 [FXGL Background Thread 4 ] DEBUG FXGLApplication      - Loading fonts
01:04:04.363 [FXGL Background Thread 4 ] DEBUG FXGLAssetLoaderServi - Loading from file system: jar:file:/C:/Users/ginac/.m2/repository/com/github/AlmasB/FXGL/fxgl-samples/17.2/fxgl-samples-17.2.jar!/assets/ui/fonts/VarelaRound-Regular.ttf
01:04:04.364 [FXGL Background Thread 1 ] DEBUG FXGLApplication      - Loading default localization
01:04:04.365 [FXGL Background Thread 1 ] DEBUG FXGLAssetLoaderServi - Loading from file system: jar:file:/C:/Users/ginac/.m2/repository/com/github/AlmasB/FXGL/fxgl/17.2/fxgl-17.2.jar!/fxglassets/languages/english.lang
01:04:04.391 [FXGL Background Thread 4 ] DEBUG FXGLAssetLoaderServi - Loading from file system: jar:file:/C:/Users/ginac/.m2/repository/com/github/AlmasB/FXGL/fxgl/17.2/fxgl-17.2.jar!/fxglassets/ui/fonts/Abel-Regular.ttf
01:04:04.404 [FXGL Background Thread 4 ] DEBUG FXGLAssetLoaderServi - Loading from file system: jar:file:/C:/Users/ginac/.m2/repository/com/github/AlmasB/FXGL/fxgl/17.2/fxgl-17.2.jar!/fxglassets/ui/fonts/TerminalLandMono-Regular.otf
01:04:04.419 [FXGL Background Thread 4 ] DEBUG FXGLAssetLoaderServi - Loading from file system: jar:file:/C:/Users/ginac/.m2/repository/com/github/AlmasB/FXGL/fxgl/17.2/fxgl-17.2.jar!/fxglassets/ui/fonts/Courier-Prime.ttf
01:04:04.426 [FXGL Background Thread 1 ] INFO  FXGLApplication      - FXGL initialization took: 1.345 sec
01:04:04.431 [JavaFX Application Thread] DEBUG Input                - Clearing active input actions
01:04:04.459 [JavaFX Application Thread] DEBUG Input                - Registered new binding: action0 - A
01:04:04.460 [JavaFX Application Thread] DEBUG Input                - Registered new binding: action1 - D
01:04:04.461 [JavaFX Application Thread] DEBUG Input                - Registered new binding: action2 - W
01:04:04.463 [JavaFX Application Thread] DEBUG Input                - Registered new binding: action3 - S
01:04:04.465 [JavaFX Application Thread] DEBUG FXGLAssetLoaderServi - Loading from file system: jar:file:/C:/Users/ginac/.m2/repository/com/github/AlmasB/FXGL/fxgl/17.2/fxgl-17.2.jar!/fxglassets/textures/fxgl_icon.png
01:04:04.541 [JavaFX Application Thread] DEBUG FXGLAssetLoaderServi - Loading from file system: jar:file:/C:/Users/ginac/.m2/repository/com/github/AlmasB/FXGL/fxgl/17.2/fxgl-17.2.jar!/fxglassets/textures/fxgl_default_cursor.png
01:04:04.550 [JavaFX Application Thread] DEBUG Input                - Registered new binding: Screenshot - CTRL+8
01:04:04.552 [JavaFX Application Thread] DEBUG Input                - Registered new binding: System info dump - CTRL+9
01:04:04.553 [JavaFX Application Thread] DEBUG Input                - Registered new binding: Restart - CTRL+R
01:04:04.557 [JavaFX Application Thread] DEBUG Input                - Registered new binding: Toggle Debug Camera - CTRL+7
01:04:04.566 [JavaFX Application Thread] DEBUG LoopRunner           - Starting loop
01:04:04.566 [JavaFX Application Thread] DEBUG LoopRunner           - Initializing JavaFX AnimationTimerLoop
01:04:04.578 [JavaFX Application Thread] DEBUG Input                - Clearing active input actions
01:04:04.593 [JavaFX Application Thread] DEBUG GameApplicationServi - Removing overlay from FXGLStartupScene and adding to FXGLMainMenuDummyScene
01:04:04.595 [JavaFX Application Thread] DEBUG PrimaryStageWindow   - FXGLStartupScene -> FXGLMainMenuDummyScene
01:04:04.595 [JavaFX Application Thread] DEBUG PrimaryStageWindow   - Push state: NameInputScene
01:04:04.596 [JavaFX Application Thread] DEBUG Input                - Clearing active input actions
01:04:04.634 [JavaFX Application Thread] DEBUG GameApplicationServi - Removing overlay from FXGLMainMenuDummyScene and adding to NameInputScene
01:04:04.635 [JavaFX Application Thread] DEBUG PrimaryStageWindow   - FXGLMainMenuDummyScene -> NameInputScene
01:04:04.636 [JavaFX Application Thread] DEBUG FXGLApplication      - Registering font factories with UI factory
01:04:05.825 [FXGL Background Thread 2 ] INFO  UpdaterService       - Your current version:  17+dev-SNAPSHOT
01:04:05.826 [FXGL Background Thread 2 ] INFO  UpdaterService       - Latest stable version: 21.1
01:04:07.358 [FXGL Background Thread 3 ] DEBUG Engine               - Logging environment variables
01:04:07.359 [FXGL Background Thread 3 ] DEBUG Engine               - achievements: []
01:04:07.359 [FXGL Background Thread 3 ] DEBUG Engine               - actualHeight: 671.0
01:04:07.360 [FXGL Background Thread 3 ] DEBUG Engine               - actualHeightProperty: ReadOnlyDoubleProperty [value: 671.0]
01:04:07.360 [FXGL Background Thread 3 ] DEBUG Engine               - actualWidth: 1169.0
01:04:07.360 [FXGL Background Thread 3 ] DEBUG Engine               - actualWidthProperty: ReadOnlyDoubleProperty [value: 1169.0]
01:04:07.360 [FXGL Background Thread 3 ] DEBUG Engine               - appIcon: fxgl_icon.png
01:04:07.360 [FXGL Background Thread 3 ] DEBUG Engine               - applicationMode: DEVELOPER
01:04:07.360 [FXGL Background Thread 3 ] DEBUG Engine               - cSSList: [fxgl_dark.css]
01:04:07.360 [FXGL Background Thread 3 ] DEBUG Engine               - collisionDetectionStrategy: BRUTE_FORCE
01:04:07.360 [FXGL Background Thread 3 ] DEBUG Engine               - configClass: Optional.empty
01:04:07.361 [FXGL Background Thread 3 ] DEBUG Engine               - credits: []
01:04:07.361 [FXGL Background Thread 3 ] DEBUG Engine               - defaultCursor: CursorInfo(imageName=fxgl_default_cursor.png, hotspotX=7.0, hotspotY=6.0)
01:04:07.361 [FXGL Background Thread 3 ] DEBUG Engine               - devBBoxColorProperty: ObjectProperty [value: 0xff0000ff]
01:04:07.361 [FXGL Background Thread 3 ] DEBUG Engine               - devEnableDebugCameraProperty: BooleanProperty [value: false]
01:04:07.362 [FXGL Background Thread 3 ] DEBUG Engine               - devSensorColorProperty: ObjectProperty [value: 0xffff00ff]
01:04:07.362 [FXGL Background Thread 3 ] DEBUG Engine               - devShowBBoxProperty: BooleanProperty [value: false]
01:04:07.362 [FXGL Background Thread 3 ] DEBUG Engine               - devShowPositionProperty: BooleanProperty [value: false]
01:04:07.362 [FXGL Background Thread 3 ] DEBUG Engine               - enabledMenuItems: []
01:04:07.362 [FXGL Background Thread 3 ] DEBUG Engine               - engineServices: [class com.almasb.fxgl.app.services.FXGLAssetLoaderService, class com.almasb.fxgl.app.FXGLApplication$GameApplicationService, class com.almasb.fxgl.app.services.FXGLDialogService, class com.almasb.fxgl.app.services.IOTaskExecutorService, class com.almasb.fxgl.io.FileSystemService, class com.almasb.fxgl.localization.LocalizationService, class com.almasb.fxgl.app.services.SystemBundleService, class com.almasb.fxgl.profile.SaveLoadService, class com.almasb.fxgl.ui.FXGLUIFactoryServiceProvider, class com.almasb.fxgl.ui.FXGLDialogFactoryServiceProvider, class com.almasb.fxgl.audio.AudioPlayer, class com.almasb.fxgl.notification.impl.NotificationServiceProvider, class com.almasb.fxgl.achievement.AchievementService, class com.almasb.fxgl.cutscene.CutsceneService, class com.almasb.fxgl.minigames.MiniGameService, class com.almasb.fxgl.net.NetService, class com.almasb.fxgl.app.services.UpdaterService, class com.almasb.fxgl.dev.DevService]
01:04:07.362 [FXGL Background Thread 3 ] DEBUG Engine               - fontGame: Abel-Regular.ttf
01:04:07.362 [FXGL Background Thread 3 ] DEBUG Engine               - fontMono: TerminalLandMono-Regular.otf
01:04:07.363 [FXGL Background Thread 3 ] DEBUG Engine               - fontText: Courier-Prime.ttf
01:04:07.363 [FXGL Background Thread 3 ] DEBUG Engine               - fontUI: VarelaRound-Regular.ttf
01:04:07.363 [FXGL Background Thread 3 ] DEBUG Engine               - fullScreen: BooleanProperty [value: false]
01:04:07.363 [FXGL Background Thread 3 ] DEBUG Engine               - gameDifficulty: MEDIUM
01:04:07.363 [FXGL Background Thread 3 ] DEBUG Engine               - gameDifficultyProperty: ObjectProperty [value: MEDIUM]
01:04:07.363 [FXGL Background Thread 3 ] DEBUG Engine               - globalMusicVolume: 0.5
01:04:07.363 [FXGL Background Thread 3 ] DEBUG Engine               - globalMusicVolumeProperty: DoubleProperty [value: 0.5]
01:04:07.364 [FXGL Background Thread 3 ] DEBUG Engine               - globalSoundVolume: 0.5
01:04:07.364 [FXGL Background Thread 3 ] DEBUG Engine               - globalSoundVolumeProperty: DoubleProperty [value: 0.5]
01:04:07.364 [FXGL Background Thread 3 ] DEBUG Engine               - height: 720
01:04:07.364 [FXGL Background Thread 3 ] DEBUG Engine               - is3D: false
01:04:07.364 [FXGL Background Thread 3 ] DEBUG Engine               - isAndroid: false
01:04:07.364 [FXGL Background Thread 3 ] DEBUG Engine               - isBrowser: false
01:04:07.364 [FXGL Background Thread 3 ] DEBUG Engine               - isClickFeedbackEnabled: false
01:04:07.364 [FXGL Background Thread 3 ] DEBUG Engine               - isCloseConfirmation: false
01:04:07.364 [FXGL Background Thread 3 ] DEBUG Engine               - isDesktop: true
01:04:07.364 [FXGL Background Thread 3 ] DEBUG Engine               - isDeveloperMenuEnabled: false
01:04:07.365 [FXGL Background Thread 3 ] DEBUG Engine               - isEmbedded: false
01:04:07.365 [FXGL Background Thread 3 ] DEBUG Engine               - isEntityPreloadEnabled: true
01:04:07.365 [FXGL Background Thread 3 ] DEBUG Engine               - isExperimentalTiledLargeMap: false
01:04:07.365 [FXGL Background Thread 3 ] DEBUG Engine               - isFileSystemWriteAllowed: true
01:04:07.365 [FXGL Background Thread 3 ] DEBUG Engine               - isFullScreenAllowed: false
01:04:07.365 [FXGL Background Thread 3 ] DEBUG Engine               - isFullScreenFromStart: false
01:04:07.365 [FXGL Background Thread 3 ] DEBUG Engine               - isGameMenuEnabled: true
01:04:07.365 [FXGL Background Thread 3 ] DEBUG Engine               - isIOS: false
01:04:07.365 [FXGL Background Thread 3 ] DEBUG Engine               - isIntroEnabled: false
01:04:07.365 [FXGL Background Thread 3 ] DEBUG Engine               - isLinux: false
01:04:07.365 [FXGL Background Thread 3 ] DEBUG Engine               - isMac: false
01:04:07.366 [FXGL Background Thread 3 ] DEBUG Engine               - isMainMenuEnabled: true
01:04:07.366 [FXGL Background Thread 3 ] DEBUG Engine               - isManualResizeEnabled: false
01:04:07.366 [FXGL Background Thread 3 ] DEBUG Engine               - isMobile: false
01:04:07.366 [FXGL Background Thread 3 ] DEBUG Engine               - isNative: false
01:04:07.366 [FXGL Background Thread 3 ] DEBUG Engine               - isPauseMusicWhenMinimized: true
01:04:07.366 [FXGL Background Thread 3 ] DEBUG Engine               - isPreserveResizeRatio: false
01:04:07.366 [FXGL Background Thread 3 ] DEBUG Engine               - isProfilingEnabled: false
01:04:07.367 [FXGL Background Thread 3 ] DEBUG Engine               - isScaleAffectedOnResize: true
01:04:07.367 [FXGL Background Thread 3 ] DEBUG Engine               - isSingleStep: false
01:04:07.367 [FXGL Background Thread 3 ] DEBUG Engine               - isUserProfileEnabled: false
01:04:07.367 [FXGL Background Thread 3 ] DEBUG Engine               - isWindows: true
01:04:07.367 [FXGL Background Thread 3 ] DEBUG Engine               - language: ObjectProperty [value: ENGLISH]
01:04:07.367 [FXGL Background Thread 3 ] DEBUG Engine               - menuKey: ESCAPE
01:04:07.367 [FXGL Background Thread 3 ] DEBUG Engine               - mouseSensitivity: 0.2
01:04:07.367 [FXGL Background Thread 3 ] DEBUG Engine               - notificationViewClass: class com.almasb.fxgl.notification.view.XboxNotificationView
01:04:07.367 [FXGL Background Thread 3 ] DEBUG Engine               - pixelsPerMeter: 50.0
01:04:07.367 [FXGL Background Thread 3 ] DEBUG Engine               - platform: WINDOWS
01:04:07.367 [FXGL Background Thread 3 ] DEBUG Engine               - prefHeightProperty: ReadOnlyDoubleProperty [value: 720.0]
01:04:07.367 [FXGL Background Thread 3 ] DEBUG Engine               - prefWidthProperty: ReadOnlyDoubleProperty [value: 1280.0]
01:04:07.368 [FXGL Background Thread 3 ] DEBUG Engine               - profileDir: profiles/
01:04:07.368 [FXGL Background Thread 3 ] DEBUG Engine               - profileName: StringProperty [value: DEFAULT]
01:04:07.368 [FXGL Background Thread 3 ] DEBUG Engine               - randomSeed: -1
01:04:07.368 [FXGL Background Thread 3 ] DEBUG Engine               - runtimeInfo: RuntimeInfo(platform=WINDOWS, version=17+dev-SNAPSHOT, build=01.09.2022 03.33)
01:04:07.369 [FXGL Background Thread 3 ] DEBUG Engine               - saveFileExt: sav
01:04:07.369 [FXGL Background Thread 3 ] DEBUG Engine               - scaledHeightProp$fxgl: DoubleProperty [bound, value: 671.0]
01:04:07.369 [FXGL Background Thread 3 ] DEBUG Engine               - scaledWidthProp$fxgl: DoubleProperty [bound, value: 1169.0]
01:04:07.369 [FXGL Background Thread 3 ] DEBUG Engine               - sceneFactory: org.example.GameApp$1@59cdb788
01:04:07.369 [FXGL Background Thread 3 ] DEBUG Engine               - secondsIn24h: 60
01:04:07.369 [FXGL Background Thread 3 ] DEBUG Engine               - soundMenuBack: menu/back.wav
01:04:07.369 [FXGL Background Thread 3 ] DEBUG Engine               - soundMenuPress: menu/press.wav
01:04:07.369 [FXGL Background Thread 3 ] DEBUG Engine               - soundMenuSelect: menu/select.wav
01:04:07.369 [FXGL Background Thread 3 ] DEBUG Engine               - soundNotification: core/notification.wav
01:04:07.369 [FXGL Background Thread 3 ] DEBUG Engine               - stageStyle: DECORATED
01:04:07.369 [FXGL Background Thread 3 ] DEBUG Engine               - supportedLanguages: [ENGLISH, FRENCH, GERMAN, HUNGARIAN, RUSSIAN]
01:04:07.370 [FXGL Background Thread 3 ] DEBUG Engine               - ticksPerSecond: -1
01:04:07.370 [FXGL Background Thread 3 ] DEBUG Engine               - title: Prototype
01:04:07.370 [FXGL Background Thread 3 ] DEBUG Engine               - urlGithub: https://github.com/AlmasB/FXGL
01:04:07.370 [FXGL Background Thread 3 ] DEBUG Engine               - urlLeaderboard: http://fxgl-top.herokuapp.com/
01:04:07.370 [FXGL Background Thread 3 ] DEBUG Engine               - urlPOM: https://raw.githubusercontent.com/AlmasB/FXGL/release/README.md
01:04:07.370 [FXGL Background Thread 3 ] DEBUG Engine               - userAppClass: class org.example.GameApp
01:04:07.370 [FXGL Background Thread 3 ] DEBUG Engine               - version: 0.1.5
01:04:07.370 [FXGL Background Thread 3 ] DEBUG Engine               - versionCheckDays: 7
01:04:07.370 [FXGL Background Thread 3 ] DEBUG Engine               - width: 1280
01:04:07.370 [FXGL Background Thread 3 ] DEBUG Engine               - Logging services
01:04:07.370 [FXGL Background Thread 3 ] DEBUG Engine               - class com.almasb.fxgl.app.services.FXGLAssetLoaderService
01:04:07.372 [FXGL Background Thread 3 ] DEBUG Engine               - class com.almasb.fxgl.app.FXGLApplication$GameApplicationService
01:04:07.372 [FXGL Background Thread 3 ] DEBUG Engine               - class com.almasb.fxgl.app.services.FXGLDialogService
01:04:07.372 [FXGL Background Thread 3 ] DEBUG Engine               - class com.almasb.fxgl.app.services.IOTaskExecutorService
01:04:07.372 [FXGL Background Thread 3 ] DEBUG Engine               - class com.almasb.fxgl.io.FileSystemService
01:04:07.372 [FXGL Background Thread 3 ] DEBUG Engine               - class com.almasb.fxgl.localization.LocalizationService
01:04:07.372 [FXGL Background Thread 3 ] DEBUG Engine               - class com.almasb.fxgl.app.services.SystemBundleService
01:04:07.372 [FXGL Background Thread 3 ] DEBUG Engine               - class com.almasb.fxgl.profile.SaveLoadService
01:04:07.373 [FXGL Background Thread 3 ] DEBUG Engine               - class com.almasb.fxgl.ui.FXGLUIFactoryServiceProvider
01:04:07.373 [FXGL Background Thread 3 ] DEBUG Engine               - class com.almasb.fxgl.ui.FXGLDialogFactoryServiceProvider
01:04:07.373 [FXGL Background Thread 3 ] DEBUG Engine               - class com.almasb.fxgl.audio.AudioPlayer
01:04:07.373 [FXGL Background Thread 3 ] DEBUG Engine               - class com.almasb.fxgl.notification.impl.NotificationServiceProvider
01:04:07.373 [FXGL Background Thread 3 ] DEBUG Engine               - class com.almasb.fxgl.achievement.AchievementService
01:04:07.373 [FXGL Background Thread 3 ] DEBUG Engine               - class com.almasb.fxgl.cutscene.CutsceneService
01:04:07.373 [FXGL Background Thread 3 ] DEBUG Engine               - class com.almasb.fxgl.minigames.MiniGameService
01:04:07.373 [FXGL Background Thread 3 ] DEBUG Engine               - class com.almasb.fxgl.net.NetService
01:04:07.373 [FXGL Background Thread 3 ] DEBUG Engine               - class com.almasb.fxgl.app.services.UpdaterService
01:04:07.373 [FXGL Background Thread 3 ] DEBUG Engine               - class com.almasb.fxgl.dev.DevService
01:04:23.192 [JavaFX Application Thread] DEBUG Menu                 - fireNewGame()
01:04:23.192 [JavaFX Application Thread] DEBUG GameApplicationServi - Starting new game
01:04:23.193 [JavaFX Application Thread] DEBUG PrimaryStageWindow   - Pop state: NameInputScene
01:04:23.193 [JavaFX Application Thread] DEBUG Input                - Clearing active input actions
01:04:23.194 [JavaFX Application Thread] DEBUG GameApplicationServi - Removing overlay from NameInputScene and adding to FXGLMainMenuDummyScene
01:04:23.196 [JavaFX Application Thread] DEBUG PrimaryStageWindow   - FXGLMainMenuDummyScene <- NameInputScene
01:04:23.196 [JavaFX Application Thread] DEBUG Input                - Clearing active input actions
01:04:23.217 [JavaFX Application Thread] DEBUG GameApplicationServi - Removing overlay from FXGLMainMenuDummyScene and adding to FXGLLoadingScene
01:04:23.217 [JavaFX Application Thread] DEBUG PrimaryStageWindow   - FXGLMainMenuDummyScene -> FXGLLoadingScene
01:04:23.217 [JavaFX Application Thread] DEBUG GameApplicationServi - Clearing previous game
01:04:23.217 [JavaFX Application Thread] DEBUG GameScene            - Clearing game scene
01:04:23.217 [JavaFX Application Thread] DEBUG GameWorld            - Clearing game world
01:04:23.218 [JavaFX Application Thread] DEBUG PhysicsWorld         - Clearing physics world
01:04:23.221 [FXGL Background Thread 2 ] DEBUG FXGLApplication      - Initializing game
01:04:23.227 [FXGL Background Thread 2 ] DEBUG Input                - Clearing active input actions
01:04:23.264 [FXGL Background Thread 2 ] DEBUG FXGLAssetLoaderServi - Loading from file system: file:/C:/Users/ginac/IdeaProjects/TheOnlyException/Test/target/classes/assets/textures/dasd.png
01:04:23.335 [FXGL Background Thread 2 ] DEBUG FXGLAssetLoaderServi - Loading from file system: file:/C:/Users/ginac/IdeaProjects/TheOnlyException/Test/target/classes/assets/textures/player-scaled.png
01:04:23.453 [FXGL Background Thread 2 ] INFO  FXGLApplication      - Game initialization took: 0.231 sec
01:04:23.461 [JavaFX Application Thread] DEBUG Input                - Clearing active input actions
01:04:23.477 [JavaFX Application Thread] DEBUG GameApplicationServi - Removing overlay from FXGLLoadingScene and adding to GameScene
01:04:23.478 [JavaFX Application Thread] DEBUG PrimaryStageWindow   - FXGLLoadingScene -> GameScene
01:04:24.547 [JavaFX Application Thread] DEBUG FXGLAssetLoaderServi - Loading from file system: file:/C:/Users/ginac/IdeaProjects/TheOnlyException/Test/target/classes/assets/textures/MaggotWalk-scaled.png
01:04:25.548 [JavaFX Application Thread] DEBUG FXGLAssetLoaderServi - Loading from file system: file:/C:/Users/ginac/IdeaProjects/TheOnlyException/Test/target/classes/assets/textures/BeetleMove-scaled.png
01:04:26.440 [JavaFX Application Thread] DEBUG FXGLAssetLoaderServi - Loading from file system: file:/C:/Users/ginac/IdeaProjects/TheOnlyException/Test/target/classes/assets/textures/MantisMove-scaled.png
01:04:39.914 [JavaFX Application Thread] DEBUG LoopRunner           - Pausing loop
01:04:39.921 [JavaFX Application Thread] DEBUG PrimaryStageWindow   - Push state: DialogSubScene
01:04:39.922 [JavaFX Application Thread] DEBUG Input                - Clearing active input actions
01:04:39.924 [JavaFX Application Thread] DEBUG GameApplicationServi - Removing overlay from GameScene and adding to DialogSubScene
01:04:39.924 [JavaFX Application Thread] DEBUG PrimaryStageWindow   - GameScene -> DialogSubScene
01:04:42.025 [JavaFX Application Thread] DEBUG PrimaryStageWindow   - Pop state: DialogSubScene
01:04:42.025 [JavaFX Application Thread] DEBUG Input                - Clearing active input actions
01:04:42.026 [JavaFX Application Thread] DEBUG GameApplicationServi - Removing overlay from DialogSubScene and adding to GameScene
01:04:42.026 [JavaFX Application Thread] DEBUG PrimaryStageWindow   - GameScene <- DialogSubScene
01:04:42.031 [JavaFX Application Thread] DEBUG Input                - Clearing active input actions
01:04:42.031 [JavaFX Application Thread] DEBUG Input                - Clearing active input actions
01:04:42.049 [JavaFX Application Thread] DEBUG GameApplicationServi - Removing overlay from GameScene and adding to FXGLMainMenuDummyScene
01:04:42.049 [JavaFX Application Thread] DEBUG PrimaryStageWindow   - GameScene -> FXGLMainMenuDummyScene
01:04:42.049 [JavaFX Application Thread] DEBUG PrimaryStageWindow   - Push state: NameInputScene
01:04:42.050 [JavaFX Application Thread] DEBUG Input                - Clearing active input actions
01:04:42.055 [JavaFX Application Thread] DEBUG GameApplicationServi - Removing overlay from FXGLMainMenuDummyScene and adding to NameInputScene
01:04:42.056 [JavaFX Application Thread] DEBUG PrimaryStageWindow   - FXGLMainMenuDummyScene -> NameInputScene
01:04:43.347 [JavaFX Application Thread] DEBUG Menu                 - fireNewGame()
01:04:43.347 [JavaFX Application Thread] DEBUG GameApplicationServi - Starting new game
01:04:43.347 [JavaFX Application Thread] DEBUG PrimaryStageWindow   - Pop state: NameInputScene
01:04:43.347 [JavaFX Application Thread] DEBUG Input                - Clearing active input actions
01:04:43.348 [JavaFX Application Thread] DEBUG GameApplicationServi - Removing overlay from NameInputScene and adding to FXGLMainMenuDummyScene
01:04:43.348 [JavaFX Application Thread] DEBUG PrimaryStageWindow   - FXGLMainMenuDummyScene <- NameInputScene
01:04:43.348 [JavaFX Application Thread] DEBUG Input                - Clearing active input actions
01:04:43.364 [JavaFX Application Thread] DEBUG GameApplicationServi - Removing overlay from FXGLMainMenuDummyScene and adding to FXGLLoadingScene
01:04:43.364 [JavaFX Application Thread] DEBUG PrimaryStageWindow   - FXGLMainMenuDummyScene -> FXGLLoadingScene
01:04:43.364 [JavaFX Application Thread] DEBUG GameApplicationServi - Clearing previous game
01:04:43.364 [JavaFX Application Thread] DEBUG GameScene            - Clearing game scene
01:04:43.364 [JavaFX Application Thread] DEBUG GameWorld            - Clearing game world
01:04:43.366 [JavaFX Application Thread] DEBUG PhysicsWorld         - Clearing physics world
01:04:43.368 [FXGL Background Thread 2 ] DEBUG FXGLApplication      - Initializing game
01:04:43.369 [FXGL Background Thread 2 ] DEBUG Input                - Clearing active input actions
01:04:43.386 [FXGL Background Thread 2 ] INFO  FXGLApplication      - Game initialization took: 0.018 sec
01:04:43.387 [JavaFX Application Thread] DEBUG Input                - Clearing active input actions
01:04:43.408 [JavaFX Application Thread] DEBUG GameApplicationServi - Removing overlay from FXGLLoadingScene and adding to GameScene
01:04:43.409 [JavaFX Application Thread] DEBUG PrimaryStageWindow   - FXGLLoadingScene -> GameScene
01:04:47.648 [JavaFX Application Thread] DEBUG FXGLApplication      - Exiting FXGL
01:04:47.648 [JavaFX Application Thread] DEBUG LoopRunner           - Stopping loop
01:04:47.650 [JavaFX Application Thread] DEBUG SystemBundleService  - Saving FXGL system data
01:04:47.653 [JavaFX Application Thread] DEBUG FileSystemAccess     - Writing to: C:\Users\ginac\IdeaProjects\TheOnlyException\system\fxgl.bundle
01:04:47.656 [JavaFX Application Thread] DEBUG Async                - Shutting down background threads
01:04:47.657 [JavaFX Application Thread] DEBUG PrimaryStageWindow   - Closing main window
01:04:47.711 [JavaFX Application Thread] DEBUG Logger               - Closing Logger
