02:47:58.250 [main                     ] DEBUG Logger               - Configured Logger
02:47:58.259 [main                     ] DEBUG GameApplication      - Logging settings
Title: Prototype Game
Version: 0.1.5
Width: 1280
Height: 720
Fullscreen: false
Intro: false
Profiling: false
Single step:false
App Mode: DEVELOPER
Menu Key: ESCAPE
Stage Style: DECORATED
Scene Factory: class org.example.GameApp$1

02:47:59.184 [JavaFX Application Thread] DEBUG FXGLApplication      - Initializing FXGL
02:47:59.190 [JavaFX Application Thread] INFO  Engine               - FXGL-17+dev-SNAPSHOT (01.09.2022 03.33) on WINDOWS (J:24 FX:17)
02:47:59.191 [JavaFX Application Thread] DEBUG Engine               - JRE Vendor Name: Oracle Corporation
02:47:59.191 [JavaFX Application Thread] DEBUG Engine               - Running on OS: Windows 11 version 10.0
02:47:59.191 [JavaFX Application Thread] DEBUG Engine               - Architecture: amd64
02:47:59.192 [JavaFX Application Thread] INFO  Engine               - Source code and latest versions at: https://github.com/AlmasB/FXGL
02:47:59.192 [JavaFX Application Thread] INFO  Engine               -       Ask questions and discuss at: https://github.com/AlmasB/FXGL/discussions
02:47:59.192 [JavaFX Application Thread] INFO  Engine               -              Join the FXGL chat at: https://gitter.im/AlmasB/FXGL
02:47:59.507 [JavaFX Application Thread] DEBUG PrimaryStageWindow   - Creating a JavaFX scene
02:47:59.507 [JavaFX Application Thread] DEBUG PrimaryStageWindow   - Target size > screen size
02:47:59.626 [JavaFX Application Thread] DEBUG PrimaryStageWindow   - Target settings size: 1280.0 x 720.0
02:47:59.626 [JavaFX Application Thread] DEBUG PrimaryStageWindow   - Scaled scene size:    1169.0 x 671.0
02:47:59.627 [JavaFX Application Thread] DEBUG PrimaryStageWindow   - Scaled ratio: (0.91328125, 0.9319444444444445)
02:47:59.629 [JavaFX Application Thread] DEBUG PrimaryStageWindow   - Set initial scene to FXGLStartupScene
02:47:59.648 [JavaFX Application Thread] DEBUG PrimaryStageWindow   - Opening main window
02:47:59.848 [JavaFX Application Thread] DEBUG PrimaryStageWindow   - Window border size: (15.0, 37.66668701171875)
02:47:59.848 [JavaFX Application Thread] DEBUG PrimaryStageWindow   - Scaled size: 1169.0 x 671.0
02:47:59.849 [JavaFX Application Thread] DEBUG PrimaryStageWindow   - Scaled ratio: (0.91328125, 0.9319444444444445)
02:47:59.849 [JavaFX Application Thread] DEBUG PrimaryStageWindow   - Scene size: 1169.0 x 671.0
02:47:59.850 [JavaFX Application Thread] DEBUG PrimaryStageWindow   - Stage size: 1184.0 x 708.6666870117188
02:47:59.865 [FXGL Background Thread 1 ] DEBUG Engine               - Initializing environment variables
02:47:59.956 [FXGL Background Thread 1 ] DEBUG FXGLAssetLoaderServi - User app class for loading assets: class org.example.GameApp
02:47:59.957 [FXGL Background Thread 1 ] DEBUG GameApplicationServi - Applying CSS: fxgl_dark.css
02:47:59.959 [FXGL Background Thread 1 ] DEBUG FXGLAssetLoaderServi - Loading from file system: jar:file:/C:/Users/ginac/.m2/repository/com/github/AlmasB/FXGL/fxgl/17.2/fxgl-17.2.jar!/fxglassets/ui/css/fxgl_dark.css
02:48:00.079 [FXGL Background Thread 1 ] DEBUG GameApplicationServi - Initializing application scenes
02:48:00.179 [FXGL Background Thread 1 ] DEBUG GameWorld            - Game world initialized
02:48:00.313 [FXGL Background Thread 1 ] DEBUG PhysicsWorld         - Physics world initialized: appHeight=720, physics.ppm=50.0
02:48:00.313 [FXGL Background Thread 1 ] DEBUG PhysicsWorld         - Using strategy: BRUTE_FORCE
02:48:00.322 [FXGL Background Thread 1 ] DEBUG GameScene            - Game scene initialized: 1280x720
02:48:00.343 [FXGL Background Thread 1 ] DEBUG FXGL.DefaultMenu     - createMenuBodyGameMenu()
02:48:00.380 [FXGL Background Thread 1 ] DEBUG FXGL.DefaultMenu     - createOptionsMenu()
02:48:00.403 [FXGL Background Thread 1 ] DEBUG FXGLAssetLoaderServi - Loading from file system: jar:file:/C:/Users/ginac/.m2/repository/com/github/AlmasB/FXGL/fxgl/17.2/fxgl-17.2.jar!/fxglassets/textures/particles/smoke.png
02:48:00.632 [FXGL Background Thread 1 ] DEBUG FXGLAssetLoaderServi - Loading from file system: jar:file:/C:/Users/ginac/.m2/repository/com/github/AlmasB/FXGL/fxgl/17.2/fxgl-17.2.jar!/fxglassets/textures/particles/trace_horizontal.png
02:48:00.676 [FXGL Background Thread 1 ] DEBUG GameApplicationServi - Application scenes initialized
02:48:00.705 [FXGL Background Thread 1 ] DEBUG SystemBundleService  - Loading FXGL system data
02:48:00.707 [FXGL Background Thread 1 ] DEBUG FileSystemAccess     - Reading from: C:\Users\ginac\IdeaProjects\TheOnlyException\system\fxgl.bundle
02:48:00.713 [FXGL Background Thread 1 ] DEBUG SystemBundleService  - Bundle FXGL: {}
02:48:00.713 [FXGL Background Thread 1 ] DEBUG UpdaterService       - Checking for updates
02:48:00.722 [FXGL Background Thread 4 ] DEBUG FXGLApplication      - Loading fonts
02:48:00.723 [FXGL Background Thread 4 ] DEBUG FXGLAssetLoaderServi - Loading from file system: jar:file:/C:/Users/ginac/.m2/repository/com/github/AlmasB/FXGL/fxgl-samples/17.2/fxgl-samples-17.2.jar!/assets/ui/fonts/VarelaRound-Regular.ttf
02:48:00.724 [FXGL Background Thread 1 ] DEBUG FXGLApplication      - Loading default localization
02:48:00.725 [FXGL Background Thread 1 ] DEBUG FXGLAssetLoaderServi - Loading from file system: jar:file:/C:/Users/ginac/.m2/repository/com/github/AlmasB/FXGL/fxgl/17.2/fxgl-17.2.jar!/fxglassets/languages/english.lang
02:48:00.746 [FXGL Background Thread 4 ] DEBUG FXGLAssetLoaderServi - Loading from file system: jar:file:/C:/Users/ginac/.m2/repository/com/github/AlmasB/FXGL/fxgl/17.2/fxgl-17.2.jar!/fxglassets/ui/fonts/Abel-Regular.ttf
02:48:00.756 [FXGL Background Thread 4 ] DEBUG FXGLAssetLoaderServi - Loading from file system: jar:file:/C:/Users/ginac/.m2/repository/com/github/AlmasB/FXGL/fxgl/17.2/fxgl-17.2.jar!/fxglassets/ui/fonts/TerminalLandMono-Regular.otf
02:48:00.765 [FXGL Background Thread 1 ] INFO  FXGLApplication      - FXGL initialization took: 0.899 sec
02:48:00.765 [FXGL Background Thread 4 ] DEBUG FXGLAssetLoaderServi - Loading from file system: jar:file:/C:/Users/ginac/.m2/repository/com/github/AlmasB/FXGL/fxgl/17.2/fxgl-17.2.jar!/fxglassets/ui/fonts/Courier-Prime.ttf
02:48:00.783 [JavaFX Application Thread] DEBUG Input                - Registered new binding: action0 - A
02:48:00.784 [JavaFX Application Thread] DEBUG Input                - Registered new binding: action1 - D
02:48:00.785 [JavaFX Application Thread] DEBUG Input                - Registered new binding: action2 - W
02:48:00.785 [JavaFX Application Thread] DEBUG Input                - Registered new binding: action3 - S
02:48:00.786 [JavaFX Application Thread] DEBUG FXGLAssetLoaderServi - Loading from file system: jar:file:/C:/Users/ginac/.m2/repository/com/github/AlmasB/FXGL/fxgl/17.2/fxgl-17.2.jar!/fxglassets/textures/fxgl_icon.png
02:48:00.825 [JavaFX Application Thread] DEBUG FXGLAssetLoaderServi - Loading from file system: jar:file:/C:/Users/ginac/.m2/repository/com/github/AlmasB/FXGL/fxgl/17.2/fxgl-17.2.jar!/fxglassets/textures/fxgl_default_cursor.png
02:48:00.829 [JavaFX Application Thread] DEBUG Input                - Registered new binding: Screenshot - CTRL+8
02:48:00.830 [JavaFX Application Thread] DEBUG Input                - Registered new binding: System info dump - CTRL+9
02:48:00.832 [JavaFX Application Thread] DEBUG Input                - Registered new binding: Restart - CTRL+R
02:48:00.833 [JavaFX Application Thread] DEBUG Input                - Registered new binding: Toggle Debug Camera - CTRL+7
02:48:00.837 [JavaFX Application Thread] DEBUG LoopRunner           - Starting loop
02:48:00.838 [JavaFX Application Thread] DEBUG LoopRunner           - Initializing JavaFX AnimationTimerLoop
02:48:00.844 [JavaFX Application Thread] DEBUG Input                - Clearing active input actions
02:48:00.871 [JavaFX Application Thread] DEBUG GameApplicationServi - Removing overlay from FXGLStartupScene and adding to FXGLMainMenuDummyScene
02:48:00.871 [JavaFX Application Thread] DEBUG PrimaryStageWindow   - FXGLStartupScene -> FXGLMainMenuDummyScene
02:48:00.872 [JavaFX Application Thread] DEBUG PrimaryStageWindow   - Push state: NameInputScene
02:48:01.432 [JavaFX Application Thread] DEBUG Input                - Clearing active input actions
02:48:01.454 [JavaFX Application Thread] DEBUG GameApplicationServi - Removing overlay from FXGLMainMenuDummyScene and adding to NameInputScene
02:48:01.455 [JavaFX Application Thread] DEBUG PrimaryStageWindow   - FXGLMainMenuDummyScene -> NameInputScene
02:48:01.456 [JavaFX Application Thread] DEBUG FXGLApplication      - Registering font factories with UI factory
02:48:01.995 [FXGL Background Thread 2 ] INFO  UpdaterService       - Your current version:  17+dev-SNAPSHOT
02:48:01.995 [FXGL Background Thread 2 ] INFO  UpdaterService       - Latest stable version: 21.1
02:48:03.720 [FXGL Background Thread 3 ] DEBUG Engine               - Logging environment variables
02:48:03.720 [FXGL Background Thread 3 ] DEBUG Engine               - achievements: []
02:48:03.721 [FXGL Background Thread 3 ] DEBUG Engine               - actualHeight: 671.0
02:48:03.721 [FXGL Background Thread 3 ] DEBUG Engine               - actualHeightProperty: ReadOnlyDoubleProperty [value: 671.0]
02:48:03.721 [FXGL Background Thread 3 ] DEBUG Engine               - actualWidth: 1169.0
02:48:03.721 [FXGL Background Thread 3 ] DEBUG Engine               - actualWidthProperty: ReadOnlyDoubleProperty [value: 1169.0]
02:48:03.721 [FXGL Background Thread 3 ] DEBUG Engine               - appIcon: fxgl_icon.png
02:48:03.721 [FXGL Background Thread 3 ] DEBUG Engine               - applicationMode: DEVELOPER
02:48:03.721 [FXGL Background Thread 3 ] DEBUG Engine               - cSSList: [fxgl_dark.css]
02:48:03.721 [FXGL Background Thread 3 ] DEBUG Engine               - collisionDetectionStrategy: BRUTE_FORCE
02:48:03.721 [FXGL Background Thread 3 ] DEBUG Engine               - configClass: Optional.empty
02:48:03.721 [FXGL Background Thread 3 ] DEBUG Engine               - credits: []
02:48:03.721 [FXGL Background Thread 3 ] DEBUG Engine               - defaultCursor: CursorInfo(imageName=fxgl_default_cursor.png, hotspotX=7.0, hotspotY=6.0)
02:48:03.721 [FXGL Background Thread 3 ] DEBUG Engine               - devBBoxColorProperty: ObjectProperty [value: 0xff0000ff]
02:48:03.722 [FXGL Background Thread 3 ] DEBUG Engine               - devEnableDebugCameraProperty: BooleanProperty [value: false]
02:48:03.722 [FXGL Background Thread 3 ] DEBUG Engine               - devSensorColorProperty: ObjectProperty [value: 0xffff00ff]
02:48:03.722 [FXGL Background Thread 3 ] DEBUG Engine               - devShowBBoxProperty: BooleanProperty [value: false]
02:48:03.722 [FXGL Background Thread 3 ] DEBUG Engine               - devShowPositionProperty: BooleanProperty [value: false]
02:48:03.722 [FXGL Background Thread 3 ] DEBUG Engine               - enabledMenuItems: []
02:48:03.723 [FXGL Background Thread 3 ] DEBUG Engine               - engineServices: [class com.almasb.fxgl.app.services.FXGLAssetLoaderService, class com.almasb.fxgl.app.FXGLApplication$GameApplicationService, class com.almasb.fxgl.app.services.FXGLDialogService, class com.almasb.fxgl.app.services.IOTaskExecutorService, class com.almasb.fxgl.io.FileSystemService, class com.almasb.fxgl.localization.LocalizationService, class com.almasb.fxgl.app.services.SystemBundleService, class com.almasb.fxgl.profile.SaveLoadService, class com.almasb.fxgl.ui.FXGLUIFactoryServiceProvider, class com.almasb.fxgl.ui.FXGLDialogFactoryServiceProvider, class com.almasb.fxgl.audio.AudioPlayer, class com.almasb.fxgl.notification.impl.NotificationServiceProvider, class com.almasb.fxgl.achievement.AchievementService, class com.almasb.fxgl.cutscene.CutsceneService, class com.almasb.fxgl.minigames.MiniGameService, class com.almasb.fxgl.net.NetService, class com.almasb.fxgl.app.services.UpdaterService, class com.almasb.fxgl.dev.DevService]
02:48:03.723 [FXGL Background Thread 3 ] DEBUG Engine               - fontGame: Abel-Regular.ttf
02:48:03.723 [FXGL Background Thread 3 ] DEBUG Engine               - fontMono: TerminalLandMono-Regular.otf
02:48:03.723 [FXGL Background Thread 3 ] DEBUG Engine               - fontText: Courier-Prime.ttf
02:48:03.723 [FXGL Background Thread 3 ] DEBUG Engine               - fontUI: VarelaRound-Regular.ttf
02:48:03.723 [FXGL Background Thread 3 ] DEBUG Engine               - fullScreen: BooleanProperty [value: false]
02:48:03.723 [FXGL Background Thread 3 ] DEBUG Engine               - gameDifficulty: MEDIUM
02:48:03.723 [FXGL Background Thread 3 ] DEBUG Engine               - gameDifficultyProperty: ObjectProperty [value: MEDIUM]
02:48:03.723 [FXGL Background Thread 3 ] DEBUG Engine               - globalMusicVolume: 0.5
02:48:03.723 [FXGL Background Thread 3 ] DEBUG Engine               - globalMusicVolumeProperty: DoubleProperty [value: 0.5]
02:48:03.724 [FXGL Background Thread 3 ] DEBUG Engine               - globalSoundVolume: 0.5
02:48:03.724 [FXGL Background Thread 3 ] DEBUG Engine               - globalSoundVolumeProperty: DoubleProperty [value: 0.5]
02:48:03.724 [FXGL Background Thread 3 ] DEBUG Engine               - height: 720
02:48:03.724 [FXGL Background Thread 3 ] DEBUG Engine               - is3D: false
02:48:03.724 [FXGL Background Thread 3 ] DEBUG Engine               - isAndroid: false
02:48:03.724 [FXGL Background Thread 3 ] DEBUG Engine               - isBrowser: false
02:48:03.724 [FXGL Background Thread 3 ] DEBUG Engine               - isClickFeedbackEnabled: false
02:48:03.724 [FXGL Background Thread 3 ] DEBUG Engine               - isCloseConfirmation: false
02:48:03.724 [FXGL Background Thread 3 ] DEBUG Engine               - isDesktop: true
02:48:03.724 [FXGL Background Thread 3 ] DEBUG Engine               - isDeveloperMenuEnabled: false
02:48:03.724 [FXGL Background Thread 3 ] DEBUG Engine               - isEmbedded: false
02:48:03.724 [FXGL Background Thread 3 ] DEBUG Engine               - isEntityPreloadEnabled: true
02:48:03.724 [FXGL Background Thread 3 ] DEBUG Engine               - isExperimentalTiledLargeMap: false
02:48:03.724 [FXGL Background Thread 3 ] DEBUG Engine               - isFileSystemWriteAllowed: true
02:48:03.724 [FXGL Background Thread 3 ] DEBUG Engine               - isFullScreenAllowed: false
02:48:03.724 [FXGL Background Thread 3 ] DEBUG Engine               - isFullScreenFromStart: false
02:48:03.725 [FXGL Background Thread 3 ] DEBUG Engine               - isGameMenuEnabled: true
02:48:03.725 [FXGL Background Thread 3 ] DEBUG Engine               - isIOS: false
02:48:03.725 [FXGL Background Thread 3 ] DEBUG Engine               - isIntroEnabled: false
02:48:03.725 [FXGL Background Thread 3 ] DEBUG Engine               - isLinux: false
02:48:03.725 [FXGL Background Thread 3 ] DEBUG Engine               - isMac: false
02:48:03.725 [FXGL Background Thread 3 ] DEBUG Engine               - isMainMenuEnabled: true
02:48:03.725 [FXGL Background Thread 3 ] DEBUG Engine               - isManualResizeEnabled: false
02:48:03.725 [FXGL Background Thread 3 ] DEBUG Engine               - isMobile: false
02:48:03.725 [FXGL Background Thread 3 ] DEBUG Engine               - isNative: false
02:48:03.725 [FXGL Background Thread 3 ] DEBUG Engine               - isPauseMusicWhenMinimized: true
02:48:03.725 [FXGL Background Thread 3 ] DEBUG Engine               - isPreserveResizeRatio: false
02:48:03.726 [FXGL Background Thread 3 ] DEBUG Engine               - isProfilingEnabled: false
02:48:03.726 [FXGL Background Thread 3 ] DEBUG Engine               - isScaleAffectedOnResize: true
02:48:03.726 [FXGL Background Thread 3 ] DEBUG Engine               - isSingleStep: false
02:48:03.726 [FXGL Background Thread 3 ] DEBUG Engine               - isUserProfileEnabled: false
02:48:03.726 [FXGL Background Thread 3 ] DEBUG Engine               - isWindows: true
02:48:03.726 [FXGL Background Thread 3 ] DEBUG Engine               - language: ObjectProperty [value: ENGLISH]
02:48:03.726 [FXGL Background Thread 3 ] DEBUG Engine               - menuKey: ESCAPE
02:48:03.726 [FXGL Background Thread 3 ] DEBUG Engine               - mouseSensitivity: 0.2
02:48:03.726 [FXGL Background Thread 3 ] DEBUG Engine               - notificationViewClass: class com.almasb.fxgl.notification.view.XboxNotificationView
02:48:03.726 [FXGL Background Thread 3 ] DEBUG Engine               - pixelsPerMeter: 50.0
02:48:03.726 [FXGL Background Thread 3 ] DEBUG Engine               - platform: WINDOWS
02:48:03.726 [FXGL Background Thread 3 ] DEBUG Engine               - prefHeightProperty: ReadOnlyDoubleProperty [value: 720.0]
02:48:03.727 [FXGL Background Thread 3 ] DEBUG Engine               - prefWidthProperty: ReadOnlyDoubleProperty [value: 1280.0]
02:48:03.727 [FXGL Background Thread 3 ] DEBUG Engine               - profileDir: profiles/
02:48:03.727 [FXGL Background Thread 3 ] DEBUG Engine               - profileName: StringProperty [value: DEFAULT]
02:48:03.727 [FXGL Background Thread 3 ] DEBUG Engine               - randomSeed: -1
02:48:03.727 [FXGL Background Thread 3 ] DEBUG Engine               - runtimeInfo: RuntimeInfo(platform=WINDOWS, version=17+dev-SNAPSHOT, build=01.09.2022 03.33)
02:48:03.727 [FXGL Background Thread 3 ] DEBUG Engine               - saveFileExt: sav
02:48:03.727 [FXGL Background Thread 3 ] DEBUG Engine               - scaledHeightProp$fxgl: DoubleProperty [bound, value: 671.0]
02:48:03.727 [FXGL Background Thread 3 ] DEBUG Engine               - scaledWidthProp$fxgl: DoubleProperty [bound, value: 1169.0]
02:48:03.728 [FXGL Background Thread 3 ] DEBUG Engine               - sceneFactory: org.example.GameApp$1@5734b9be
02:48:03.728 [FXGL Background Thread 3 ] DEBUG Engine               - secondsIn24h: 60
02:48:03.728 [FXGL Background Thread 3 ] DEBUG Engine               - soundMenuBack: menu/back.wav
02:48:03.728 [FXGL Background Thread 3 ] DEBUG Engine               - soundMenuPress: menu/press.wav
02:48:03.728 [FXGL Background Thread 3 ] DEBUG Engine               - soundMenuSelect: menu/select.wav
02:48:03.728 [FXGL Background Thread 3 ] DEBUG Engine               - soundNotification: core/notification.wav
02:48:03.728 [FXGL Background Thread 3 ] DEBUG Engine               - stageStyle: DECORATED
02:48:03.728 [FXGL Background Thread 3 ] DEBUG Engine               - supportedLanguages: [ENGLISH, FRENCH, GERMAN, HUNGARIAN, RUSSIAN]
02:48:03.728 [FXGL Background Thread 3 ] DEBUG Engine               - ticksPerSecond: -1
02:48:03.728 [FXGL Background Thread 3 ] DEBUG Engine               - title: Prototype Game
02:48:03.728 [FXGL Background Thread 3 ] DEBUG Engine               - urlGithub: https://github.com/AlmasB/FXGL
02:48:03.728 [FXGL Background Thread 3 ] DEBUG Engine               - urlLeaderboard: http://fxgl-top.herokuapp.com/
02:48:03.728 [FXGL Background Thread 3 ] DEBUG Engine               - urlPOM: https://raw.githubusercontent.com/AlmasB/FXGL/release/README.md
02:48:03.728 [FXGL Background Thread 3 ] DEBUG Engine               - userAppClass: class org.example.GameApp
02:48:03.728 [FXGL Background Thread 3 ] DEBUG Engine               - version: 0.1.5
02:48:03.728 [FXGL Background Thread 3 ] DEBUG Engine               - versionCheckDays: 7
02:48:03.728 [FXGL Background Thread 3 ] DEBUG Engine               - width: 1280
02:48:03.730 [FXGL Background Thread 3 ] DEBUG Engine               - Logging services
02:48:03.730 [FXGL Background Thread 3 ] DEBUG Engine               - class com.almasb.fxgl.app.services.FXGLAssetLoaderService
02:48:03.730 [FXGL Background Thread 3 ] DEBUG Engine               - class com.almasb.fxgl.app.FXGLApplication$GameApplicationService
02:48:03.730 [FXGL Background Thread 3 ] DEBUG Engine               - class com.almasb.fxgl.app.services.FXGLDialogService
02:48:03.730 [FXGL Background Thread 3 ] DEBUG Engine               - class com.almasb.fxgl.app.services.IOTaskExecutorService
02:48:03.730 [FXGL Background Thread 3 ] DEBUG Engine               - class com.almasb.fxgl.io.FileSystemService
02:48:03.730 [FXGL Background Thread 3 ] DEBUG Engine               - class com.almasb.fxgl.localization.LocalizationService
02:48:03.730 [FXGL Background Thread 3 ] DEBUG Engine               - class com.almasb.fxgl.app.services.SystemBundleService
02:48:03.730 [FXGL Background Thread 3 ] DEBUG Engine               - class com.almasb.fxgl.profile.SaveLoadService
02:48:03.730 [FXGL Background Thread 3 ] DEBUG Engine               - class com.almasb.fxgl.ui.FXGLUIFactoryServiceProvider
02:48:03.730 [FXGL Background Thread 3 ] DEBUG Engine               - class com.almasb.fxgl.ui.FXGLDialogFactoryServiceProvider
02:48:03.730 [FXGL Background Thread 3 ] DEBUG Engine               - class com.almasb.fxgl.audio.AudioPlayer
02:48:03.730 [FXGL Background Thread 3 ] DEBUG Engine               - class com.almasb.fxgl.notification.impl.NotificationServiceProvider
02:48:03.730 [FXGL Background Thread 3 ] DEBUG Engine               - class com.almasb.fxgl.achievement.AchievementService
02:48:03.730 [FXGL Background Thread 3 ] DEBUG Engine               - class com.almasb.fxgl.cutscene.CutsceneService
02:48:03.730 [FXGL Background Thread 3 ] DEBUG Engine               - class com.almasb.fxgl.minigames.MiniGameService
02:48:03.731 [FXGL Background Thread 3 ] DEBUG Engine               - class com.almasb.fxgl.net.NetService
02:48:03.731 [FXGL Background Thread 3 ] DEBUG Engine               - class com.almasb.fxgl.app.services.UpdaterService
02:48:03.731 [FXGL Background Thread 3 ] DEBUG Engine               - class com.almasb.fxgl.dev.DevService
02:48:07.008 [JavaFX Application Thread] DEBUG GameWorld            - Game world initialized
02:48:07.010 [JavaFX Application Thread] DEBUG PhysicsWorld         - Physics world initialized: appHeight=720, physics.ppm=50.0
02:48:07.010 [JavaFX Application Thread] DEBUG PhysicsWorld         - Using strategy: BRUTE_FORCE
02:48:07.012 [JavaFX Application Thread] DEBUG GameScene            - Game scene initialized: 1280x720
02:48:07.077 [JavaFX Application Thread] DEBUG PrimaryStageWindow   - Push state: MainMenuScene
02:48:07.091 [JavaFX Application Thread] DEBUG Input                - Clearing active input actions
02:48:07.098 [JavaFX Application Thread] DEBUG GameApplicationServi - Removing overlay from NameInputScene and adding to MainMenuScene
02:48:07.098 [JavaFX Application Thread] DEBUG PrimaryStageWindow   - NameInputScene -> MainMenuScene
02:48:09.934 [JavaFX Application Thread] DEBUG PrimaryStageWindow   - Push state: DialogSubScene
02:48:09.934 [JavaFX Application Thread] DEBUG Input                - Clearing active input actions
02:48:09.939 [JavaFX Application Thread] DEBUG GameApplicationServi - Removing overlay from MainMenuScene and adding to DialogSubScene
02:48:09.939 [JavaFX Application Thread] DEBUG PrimaryStageWindow   - MainMenuScene -> DialogSubScene
02:48:12.811 [JavaFX Application Thread] DEBUG PrimaryStageWindow   - Pop state: DialogSubScene
02:48:12.811 [JavaFX Application Thread] DEBUG Input                - Clearing active input actions
02:48:12.813 [JavaFX Application Thread] DEBUG GameApplicationServi - Removing overlay from DialogSubScene and adding to MainMenuScene
02:48:12.814 [JavaFX Application Thread] DEBUG PrimaryStageWindow   - MainMenuScene <- DialogSubScene
02:48:13.588 [JavaFX Application Thread] DEBUG GameApplicationServi - Starting new game
02:48:13.588 [JavaFX Application Thread] DEBUG PrimaryStageWindow   - Pop state: MainMenuScene
02:48:13.588 [JavaFX Application Thread] DEBUG Input                - Clearing active input actions
02:48:13.589 [JavaFX Application Thread] DEBUG GameApplicationServi - Removing overlay from MainMenuScene and adding to NameInputScene
02:48:13.589 [JavaFX Application Thread] DEBUG PrimaryStageWindow   - NameInputScene <- MainMenuScene
02:48:13.590 [JavaFX Application Thread] DEBUG PrimaryStageWindow   - Pop state: NameInputScene
02:48:13.592 [JavaFX Application Thread] DEBUG Input                - Clearing active input actions
02:48:13.592 [JavaFX Application Thread] DEBUG GameApplicationServi - Removing overlay from NameInputScene and adding to FXGLMainMenuDummyScene
02:48:13.592 [JavaFX Application Thread] DEBUG PrimaryStageWindow   - FXGLMainMenuDummyScene <- NameInputScene
02:48:13.593 [JavaFX Application Thread] DEBUG Input                - Clearing active input actions
02:48:13.610 [JavaFX Application Thread] DEBUG GameApplicationServi - Removing overlay from FXGLMainMenuDummyScene and adding to FXGLLoadingScene
02:48:13.610 [JavaFX Application Thread] DEBUG PrimaryStageWindow   - FXGLMainMenuDummyScene -> FXGLLoadingScene
02:48:13.610 [JavaFX Application Thread] DEBUG GameApplicationServi - Clearing previous game
02:48:13.610 [JavaFX Application Thread] DEBUG GameScene            - Clearing game scene
02:48:13.610 [JavaFX Application Thread] DEBUG GameWorld            - Clearing game world
02:48:13.610 [JavaFX Application Thread] DEBUG PhysicsWorld         - Clearing physics world
02:48:13.627 [FXGL Background Thread 2 ] DEBUG FXGLApplication      - Initializing game
02:48:13.666 [FXGL Background Thread 2 ] DEBUG FXGLAssetLoaderServi - Loading from file system: file:/C:/Users/ginac/IdeaProjects/TheOnlyException/Test/target/classes/assets/textures/dasd.png
02:48:13.723 [FXGL Background Thread 2 ] DEBUG FXGLAssetLoaderServi - Loading from file system: file:/C:/Users/ginac/IdeaProjects/TheOnlyException/Test/target/classes/assets/textures/player-scaled.png
02:48:13.898 [JavaFX Application Thread] DEBUG LoopRunner           - Stopping loop
02:48:13.902 [JavaFX Application Thread] FATAL FXGLApplication      - Uncaught Exception:
java.lang.RuntimeException: Initialization failed
	at com.almasb.fxgl.app.FXGLApplication$InitAppTask.failed(FXGLApplication.kt:343)
	at javafx.concurrent.Task.setState(Task.java:710)
	at javafx.concurrent.Task$TaskCallable.lambda$call$2(Task.java:1456)
	at com.sun.javafx.application.PlatformImpl.lambda$runLater$10(PlatformImpl.java:457)
	at java.base/java.security.AccessController.doPrivileged(AccessController.java:138)
	at com.sun.javafx.application.PlatformImpl.lambda$runLater$11(PlatformImpl.java:456)
	at com.sun.glass.ui.InvokeLaterDispatcher$Future.run(InvokeLaterDispatcher.java:96)
	at com.sun.glass.ui.win.WinApplication._runLoop(Native Method)
	at com.sun.glass.ui.win.WinApplication.lambda$runLoop$3(WinApplication.java:184)
	at java.base/java.lang.Thread.run(Thread.java:1447)
Caused by: java.lang.NullPointerException: Cannot invoke "javafx.scene.shape.Rectangle.setWidth(double)" because "this.expBarFill" is null
	at org.example.GameApp.updateExpBar(GameApp.java:213)
	at org.example.GameApp.initGame(GameApp.java:360)
	at com.almasb.fxgl.app.FXGLApplication$InitAppTask.initGame(FXGLApplication.kt:339)
	at com.almasb.fxgl.app.FXGLApplication$InitAppTask.call(FXGLApplication.kt:319)
	at com.almasb.fxgl.app.FXGLApplication$InitAppTask.call(FXGLApplication.kt:311)
	at javafx.concurrent.Task$TaskCallable.call(Task.java:1426)
	at java.base/java.util.concurrent.FutureTask.run(FutureTask.java:328)
	at java.base/java.util.concurrent.Executors$RunnableAdapter.call(Executors.java:545)
	at java.base/java.util.concurrent.FutureTask.run(FutureTask.java:328)
	at java.base/java.util.concurrent.ThreadPoolExecutor.runWorker(ThreadPoolExecutor.java:1095)
	at java.base/java.util.concurrent.ThreadPoolExecutor$Worker.run(ThreadPoolExecutor.java:619)
	... 1 more

02:48:13.902 [JavaFX Application Thread] FATAL FXGLApplication      - Application will now exit
02:48:13.915 [JavaFX Application Thread] DEBUG PrimaryStageWindow   - Push state: ErrorSubScene
02:48:13.915 [JavaFX Application Thread] DEBUG Input                - Clearing active input actions
02:48:13.916 [JavaFX Application Thread] DEBUG GameApplicationServi - Removing overlay from FXGLLoadingScene and adding to ErrorSubScene
02:48:13.917 [JavaFX Application Thread] DEBUG PrimaryStageWindow   - FXGLLoadingScene -> ErrorSubScene
02:48:18.021 [JavaFX Application Thread] DEBUG FXGLApplication      - Exiting FXGL
02:48:18.022 [JavaFX Application Thread] DEBUG Async                - Shutting down background threads
02:48:18.022 [JavaFX Application Thread] DEBUG PrimaryStageWindow   - Closing main window
02:48:18.063 [JavaFX Application Thread] DEBUG Logger               - Closing Logger
