02:55:03.975 [main                     ] DEBUG Logger               - Configured Logger
02:55:03.986 [main                     ] DEBUG GameApplication      - Logging settings
Title: Prototype Game
Version: 0.1.5
Width: 1280
Height: 720
Fullscreen: false
Intro: false
Profiling: false
Single step:false
App Mode: DEVELOPER
Menu Key: ESCAPE
Stage Style: DECORATED
Scene Factory: class org.example.GameApp$1

02:55:05.103 [JavaFX Application Thread] DEBUG FXGLApplication      - Initializing FXGL
02:55:05.110 [JavaFX Application Thread] INFO  Engine               - FXGL-17+dev-SNAPSHOT (01.09.2022 03.33) on WINDOWS (J:24 FX:17)
02:55:05.111 [JavaFX Application Thread] DEBUG Engine               - JRE Vendor Name: Oracle Corporation
02:55:05.111 [JavaFX Application Thread] DEBUG Engine               - Running on OS: Windows 11 version 10.0
02:55:05.111 [JavaFX Application Thread] DEBUG Engine               - Architecture: amd64
02:55:05.111 [JavaFX Application Thread] INFO  Engine               - Source code and latest versions at: https://github.com/AlmasB/FXGL
02:55:05.112 [JavaFX Application Thread] INFO  Engine               -       Ask questions and discuss at: https://github.com/AlmasB/FXGL/discussions
02:55:05.112 [JavaFX Application Thread] INFO  Engine               -              Join the FXGL chat at: https://gitter.im/AlmasB/FXGL
02:55:05.442 [JavaFX Application Thread] DEBUG PrimaryStageWindow   - Creating a JavaFX scene
02:55:05.443 [JavaFX Application Thread] DEBUG PrimaryStageWindow   - Target size > screen size
02:55:05.566 [JavaFX Application Thread] DEBUG PrimaryStageWindow   - Target settings size: 1280.0 x 720.0
02:55:05.567 [JavaFX Application Thread] DEBUG PrimaryStageWindow   - Scaled scene size:    1169.0 x 671.0
02:55:05.567 [JavaFX Application Thread] DEBUG PrimaryStageWindow   - Scaled ratio: (0.91328125, 0.9319444444444445)
02:55:05.569 [JavaFX Application Thread] DEBUG PrimaryStageWindow   - Set initial scene to FXGLStartupScene
02:55:05.589 [JavaFX Application Thread] DEBUG PrimaryStageWindow   - Opening main window
02:55:05.798 [JavaFX Application Thread] DEBUG PrimaryStageWindow   - Window border size: (15.0, 37.66668701171875)
02:55:05.799 [JavaFX Application Thread] DEBUG PrimaryStageWindow   - Scaled size: 1169.0 x 671.0
02:55:05.799 [JavaFX Application Thread] DEBUG PrimaryStageWindow   - Scaled ratio: (0.91328125, 0.9319444444444445)
02:55:05.800 [JavaFX Application Thread] DEBUG PrimaryStageWindow   - Scene size: 1169.0 x 671.0
02:55:05.800 [JavaFX Application Thread] DEBUG PrimaryStageWindow   - Stage size: 1184.0 x 708.6666870117188
02:55:05.817 [FXGL Background Thread 1 ] DEBUG Engine               - Initializing environment variables
02:55:05.910 [FXGL Background Thread 1 ] DEBUG FXGLAssetLoaderServi - User app class for loading assets: class org.example.GameApp
02:55:05.910 [FXGL Background Thread 1 ] DEBUG GameApplicationServi - Applying CSS: fxgl_dark.css
02:55:05.912 [FXGL Background Thread 1 ] DEBUG FXGLAssetLoaderServi - Loading from file system: jar:file:/C:/Users/ginac/.m2/repository/com/github/AlmasB/FXGL/fxgl/17.2/fxgl-17.2.jar!/fxglassets/ui/css/fxgl_dark.css
02:55:06.007 [FXGL Background Thread 1 ] DEBUG GameApplicationServi - Initializing application scenes
02:55:06.137 [FXGL Background Thread 1 ] DEBUG GameWorld            - Game world initialized
02:55:06.264 [FXGL Background Thread 1 ] DEBUG PhysicsWorld         - Physics world initialized: appHeight=720, physics.ppm=50.0
02:55:06.264 [FXGL Background Thread 1 ] DEBUG PhysicsWorld         - Using strategy: BRUTE_FORCE
02:55:06.271 [FXGL Background Thread 1 ] DEBUG GameScene            - Game scene initialized: 1280x720
02:55:06.295 [FXGL Background Thread 1 ] DEBUG FXGL.DefaultMenu     - createMenuBodyGameMenu()
02:55:06.332 [FXGL Background Thread 1 ] DEBUG FXGL.DefaultMenu     - createOptionsMenu()
02:55:06.357 [FXGL Background Thread 1 ] DEBUG FXGLAssetLoaderServi - Loading from file system: jar:file:/C:/Users/ginac/.m2/repository/com/github/AlmasB/FXGL/fxgl/17.2/fxgl-17.2.jar!/fxglassets/textures/particles/smoke.png
02:55:06.542 [FXGL Background Thread 1 ] DEBUG FXGLAssetLoaderServi - Loading from file system: jar:file:/C:/Users/ginac/.m2/repository/com/github/AlmasB/FXGL/fxgl/17.2/fxgl-17.2.jar!/fxglassets/textures/particles/trace_horizontal.png
02:55:06.591 [FXGL Background Thread 1 ] DEBUG GameApplicationServi - Application scenes initialized
02:55:06.617 [FXGL Background Thread 1 ] DEBUG SystemBundleService  - Loading FXGL system data
02:55:06.621 [FXGL Background Thread 1 ] DEBUG FileSystemAccess     - Reading from: C:\Users\ginac\IdeaProjects\TheOnlyException\system\fxgl.bundle
02:55:06.627 [FXGL Background Thread 1 ] DEBUG SystemBundleService  - Bundle FXGL: {}
02:55:06.628 [FXGL Background Thread 1 ] DEBUG UpdaterService       - Checking for updates
02:55:06.638 [FXGL Background Thread 4 ] DEBUG FXGLApplication      - Loading fonts
02:55:06.638 [FXGL Background Thread 4 ] DEBUG FXGLAssetLoaderServi - Loading from file system: jar:file:/C:/Users/ginac/.m2/repository/com/github/AlmasB/FXGL/fxgl-samples/17.2/fxgl-samples-17.2.jar!/assets/ui/fonts/VarelaRound-Regular.ttf
02:55:06.639 [FXGL Background Thread 1 ] DEBUG FXGLApplication      - Loading default localization
02:55:06.640 [FXGL Background Thread 1 ] DEBUG FXGLAssetLoaderServi - Loading from file system: jar:file:/C:/Users/ginac/.m2/repository/com/github/AlmasB/FXGL/fxgl/17.2/fxgl-17.2.jar!/fxglassets/languages/english.lang
02:55:06.662 [FXGL Background Thread 4 ] DEBUG FXGLAssetLoaderServi - Loading from file system: jar:file:/C:/Users/ginac/.m2/repository/com/github/AlmasB/FXGL/fxgl/17.2/fxgl-17.2.jar!/fxglassets/ui/fonts/Abel-Regular.ttf
02:55:06.673 [FXGL Background Thread 4 ] DEBUG FXGLAssetLoaderServi - Loading from file system: jar:file:/C:/Users/ginac/.m2/repository/com/github/AlmasB/FXGL/fxgl/17.2/fxgl-17.2.jar!/fxglassets/ui/fonts/TerminalLandMono-Regular.otf
02:55:06.682 [FXGL Background Thread 4 ] DEBUG FXGLAssetLoaderServi - Loading from file system: jar:file:/C:/Users/ginac/.m2/repository/com/github/AlmasB/FXGL/fxgl/17.2/fxgl-17.2.jar!/fxglassets/ui/fonts/Courier-Prime.ttf
02:55:06.690 [FXGL Background Thread 1 ] INFO  FXGLApplication      - FXGL initialization took: 0.872 sec
02:55:06.708 [JavaFX Application Thread] DEBUG Input                - Registered new binding: action0 - A
02:55:06.710 [JavaFX Application Thread] DEBUG Input                - Registered new binding: action1 - D
02:55:06.710 [JavaFX Application Thread] DEBUG Input                - Registered new binding: action2 - W
02:55:06.711 [JavaFX Application Thread] DEBUG Input                - Registered new binding: action3 - S
02:55:06.712 [JavaFX Application Thread] DEBUG FXGLAssetLoaderServi - Loading from file system: jar:file:/C:/Users/ginac/.m2/repository/com/github/AlmasB/FXGL/fxgl/17.2/fxgl-17.2.jar!/fxglassets/textures/fxgl_icon.png
02:55:06.748 [JavaFX Application Thread] DEBUG FXGLAssetLoaderServi - Loading from file system: jar:file:/C:/Users/ginac/.m2/repository/com/github/AlmasB/FXGL/fxgl/17.2/fxgl-17.2.jar!/fxglassets/textures/fxgl_default_cursor.png
02:55:06.752 [JavaFX Application Thread] DEBUG Input                - Registered new binding: Screenshot - CTRL+8
02:55:06.753 [JavaFX Application Thread] DEBUG Input                - Registered new binding: System info dump - CTRL+9
02:55:06.754 [JavaFX Application Thread] DEBUG Input                - Registered new binding: Restart - CTRL+R
02:55:06.757 [JavaFX Application Thread] DEBUG Input                - Registered new binding: Toggle Debug Camera - CTRL+7
02:55:06.762 [JavaFX Application Thread] DEBUG LoopRunner           - Starting loop
02:55:06.762 [JavaFX Application Thread] DEBUG LoopRunner           - Initializing JavaFX AnimationTimerLoop
02:55:06.767 [JavaFX Application Thread] DEBUG Input                - Clearing active input actions
02:55:06.790 [JavaFX Application Thread] DEBUG GameApplicationServi - Removing overlay from FXGLStartupScene and adding to FXGLMainMenuDummyScene
02:55:06.792 [JavaFX Application Thread] DEBUG PrimaryStageWindow   - FXGLStartupScene -> FXGLMainMenuDummyScene
02:55:06.792 [JavaFX Application Thread] DEBUG PrimaryStageWindow   - Push state: NameInputScene
02:55:07.392 [JavaFX Application Thread] DEBUG Input                - Clearing active input actions
02:55:07.420 [JavaFX Application Thread] DEBUG GameApplicationServi - Removing overlay from FXGLMainMenuDummyScene and adding to NameInputScene
02:55:07.421 [JavaFX Application Thread] DEBUG PrimaryStageWindow   - FXGLMainMenuDummyScene -> NameInputScene
02:55:07.422 [JavaFX Application Thread] DEBUG FXGLApplication      - Registering font factories with UI factory
02:55:08.175 [FXGL Background Thread 2 ] INFO  UpdaterService       - Your current version:  17+dev-SNAPSHOT
02:55:08.176 [FXGL Background Thread 2 ] INFO  UpdaterService       - Latest stable version: 21.1
02:55:09.634 [FXGL Background Thread 3 ] DEBUG Engine               - Logging environment variables
02:55:09.634 [FXGL Background Thread 3 ] DEBUG Engine               - achievements: []
02:55:09.634 [FXGL Background Thread 3 ] DEBUG Engine               - actualHeight: 671.0
02:55:09.634 [FXGL Background Thread 3 ] DEBUG Engine               - actualHeightProperty: ReadOnlyDoubleProperty [value: 671.0]
02:55:09.635 [FXGL Background Thread 3 ] DEBUG Engine               - actualWidth: 1169.0
02:55:09.635 [FXGL Background Thread 3 ] DEBUG Engine               - actualWidthProperty: ReadOnlyDoubleProperty [value: 1169.0]
02:55:09.635 [FXGL Background Thread 3 ] DEBUG Engine               - appIcon: fxgl_icon.png
02:55:09.635 [FXGL Background Thread 3 ] DEBUG Engine               - applicationMode: DEVELOPER
02:55:09.635 [FXGL Background Thread 3 ] DEBUG Engine               - cSSList: [fxgl_dark.css]
02:55:09.635 [FXGL Background Thread 3 ] DEBUG Engine               - collisionDetectionStrategy: BRUTE_FORCE
02:55:09.635 [FXGL Background Thread 3 ] DEBUG Engine               - configClass: Optional.empty
02:55:09.635 [FXGL Background Thread 3 ] DEBUG Engine               - credits: []
02:55:09.636 [FXGL Background Thread 3 ] DEBUG Engine               - defaultCursor: CursorInfo(imageName=fxgl_default_cursor.png, hotspotX=7.0, hotspotY=6.0)
02:55:09.636 [FXGL Background Thread 3 ] DEBUG Engine               - devBBoxColorProperty: ObjectProperty [value: 0xff0000ff]
02:55:09.637 [FXGL Background Thread 3 ] DEBUG Engine               - devEnableDebugCameraProperty: BooleanProperty [value: false]
02:55:09.637 [FXGL Background Thread 3 ] DEBUG Engine               - devSensorColorProperty: ObjectProperty [value: 0xffff00ff]
02:55:09.637 [FXGL Background Thread 3 ] DEBUG Engine               - devShowBBoxProperty: BooleanProperty [value: false]
02:55:09.637 [FXGL Background Thread 3 ] DEBUG Engine               - devShowPositionProperty: BooleanProperty [value: false]
02:55:09.637 [FXGL Background Thread 3 ] DEBUG Engine               - enabledMenuItems: []
02:55:09.637 [FXGL Background Thread 3 ] DEBUG Engine               - engineServices: [class com.almasb.fxgl.app.services.FXGLAssetLoaderService, class com.almasb.fxgl.app.FXGLApplication$GameApplicationService, class com.almasb.fxgl.app.services.FXGLDialogService, class com.almasb.fxgl.app.services.IOTaskExecutorService, class com.almasb.fxgl.io.FileSystemService, class com.almasb.fxgl.localization.LocalizationService, class com.almasb.fxgl.app.services.SystemBundleService, class com.almasb.fxgl.profile.SaveLoadService, class com.almasb.fxgl.ui.FXGLUIFactoryServiceProvider, class com.almasb.fxgl.ui.FXGLDialogFactoryServiceProvider, class com.almasb.fxgl.audio.AudioPlayer, class com.almasb.fxgl.notification.impl.NotificationServiceProvider, class com.almasb.fxgl.achievement.AchievementService, class com.almasb.fxgl.cutscene.CutsceneService, class com.almasb.fxgl.minigames.MiniGameService, class com.almasb.fxgl.net.NetService, class com.almasb.fxgl.app.services.UpdaterService, class com.almasb.fxgl.dev.DevService]
02:55:09.637 [FXGL Background Thread 3 ] DEBUG Engine               - fontGame: Abel-Regular.ttf
02:55:09.637 [FXGL Background Thread 3 ] DEBUG Engine               - fontMono: TerminalLandMono-Regular.otf
02:55:09.638 [FXGL Background Thread 3 ] DEBUG Engine               - fontText: Courier-Prime.ttf
02:55:09.638 [FXGL Background Thread 3 ] DEBUG Engine               - fontUI: VarelaRound-Regular.ttf
02:55:09.638 [FXGL Background Thread 3 ] DEBUG Engine               - fullScreen: BooleanProperty [value: false]
02:55:09.638 [FXGL Background Thread 3 ] DEBUG Engine               - gameDifficulty: MEDIUM
02:55:09.638 [FXGL Background Thread 3 ] DEBUG Engine               - gameDifficultyProperty: ObjectProperty [value: MEDIUM]
02:55:09.638 [FXGL Background Thread 3 ] DEBUG Engine               - globalMusicVolume: 0.5
02:55:09.638 [FXGL Background Thread 3 ] DEBUG Engine               - globalMusicVolumeProperty: DoubleProperty [value: 0.5]
02:55:09.639 [FXGL Background Thread 3 ] DEBUG Engine               - globalSoundVolume: 0.5
02:55:09.639 [FXGL Background Thread 3 ] DEBUG Engine               - globalSoundVolumeProperty: DoubleProperty [value: 0.5]
02:55:09.639 [FXGL Background Thread 3 ] DEBUG Engine               - height: 720
02:55:09.639 [FXGL Background Thread 3 ] DEBUG Engine               - is3D: false
02:55:09.639 [FXGL Background Thread 3 ] DEBUG Engine               - isAndroid: false
02:55:09.639 [FXGL Background Thread 3 ] DEBUG Engine               - isBrowser: false
02:55:09.639 [FXGL Background Thread 3 ] DEBUG Engine               - isClickFeedbackEnabled: false
02:55:09.639 [FXGL Background Thread 3 ] DEBUG Engine               - isCloseConfirmation: false
02:55:09.639 [FXGL Background Thread 3 ] DEBUG Engine               - isDesktop: true
02:55:09.639 [FXGL Background Thread 3 ] DEBUG Engine               - isDeveloperMenuEnabled: false
02:55:09.639 [FXGL Background Thread 3 ] DEBUG Engine               - isEmbedded: false
02:55:09.640 [FXGL Background Thread 3 ] DEBUG Engine               - isEntityPreloadEnabled: true
02:55:09.640 [FXGL Background Thread 3 ] DEBUG Engine               - isExperimentalTiledLargeMap: false
02:55:09.640 [FXGL Background Thread 3 ] DEBUG Engine               - isFileSystemWriteAllowed: true
02:55:09.640 [FXGL Background Thread 3 ] DEBUG Engine               - isFullScreenAllowed: false
02:55:09.640 [FXGL Background Thread 3 ] DEBUG Engine               - isFullScreenFromStart: false
02:55:09.640 [FXGL Background Thread 3 ] DEBUG Engine               - isGameMenuEnabled: true
02:55:09.640 [FXGL Background Thread 3 ] DEBUG Engine               - isIOS: false
02:55:09.640 [FXGL Background Thread 3 ] DEBUG Engine               - isIntroEnabled: false
02:55:09.640 [FXGL Background Thread 3 ] DEBUG Engine               - isLinux: false
02:55:09.640 [FXGL Background Thread 3 ] DEBUG Engine               - isMac: false
02:55:09.640 [FXGL Background Thread 3 ] DEBUG Engine               - isMainMenuEnabled: true
02:55:09.640 [FXGL Background Thread 3 ] DEBUG Engine               - isManualResizeEnabled: false
02:55:09.640 [FXGL Background Thread 3 ] DEBUG Engine               - isMobile: false
02:55:09.640 [FXGL Background Thread 3 ] DEBUG Engine               - isNative: false
02:55:09.640 [FXGL Background Thread 3 ] DEBUG Engine               - isPauseMusicWhenMinimized: true
02:55:09.642 [FXGL Background Thread 3 ] DEBUG Engine               - isPreserveResizeRatio: false
02:55:09.642 [FXGL Background Thread 3 ] DEBUG Engine               - isProfilingEnabled: false
02:55:09.642 [FXGL Background Thread 3 ] DEBUG Engine               - isScaleAffectedOnResize: true
02:55:09.642 [FXGL Background Thread 3 ] DEBUG Engine               - isSingleStep: false
02:55:09.642 [FXGL Background Thread 3 ] DEBUG Engine               - isUserProfileEnabled: false
02:55:09.642 [FXGL Background Thread 3 ] DEBUG Engine               - isWindows: true
02:55:09.642 [FXGL Background Thread 3 ] DEBUG Engine               - language: ObjectProperty [value: ENGLISH]
02:55:09.642 [FXGL Background Thread 3 ] DEBUG Engine               - menuKey: ESCAPE
02:55:09.642 [FXGL Background Thread 3 ] DEBUG Engine               - mouseSensitivity: 0.2
02:55:09.642 [FXGL Background Thread 3 ] DEBUG Engine               - notificationViewClass: class com.almasb.fxgl.notification.view.XboxNotificationView
02:55:09.642 [FXGL Background Thread 3 ] DEBUG Engine               - pixelsPerMeter: 50.0
02:55:09.642 [FXGL Background Thread 3 ] DEBUG Engine               - platform: WINDOWS
02:55:09.642 [FXGL Background Thread 3 ] DEBUG Engine               - prefHeightProperty: ReadOnlyDoubleProperty [value: 720.0]
02:55:09.643 [FXGL Background Thread 3 ] DEBUG Engine               - prefWidthProperty: ReadOnlyDoubleProperty [value: 1280.0]
02:55:09.643 [FXGL Background Thread 3 ] DEBUG Engine               - profileDir: profiles/
02:55:09.643 [FXGL Background Thread 3 ] DEBUG Engine               - profileName: StringProperty [value: DEFAULT]
02:55:09.643 [FXGL Background Thread 3 ] DEBUG Engine               - randomSeed: -1
02:55:09.643 [FXGL Background Thread 3 ] DEBUG Engine               - runtimeInfo: RuntimeInfo(platform=WINDOWS, version=17+dev-SNAPSHOT, build=01.09.2022 03.33)
02:55:09.643 [FXGL Background Thread 3 ] DEBUG Engine               - saveFileExt: sav
02:55:09.644 [FXGL Background Thread 3 ] DEBUG Engine               - scaledHeightProp$fxgl: DoubleProperty [bound, value: 671.0]
02:55:09.644 [FXGL Background Thread 3 ] DEBUG Engine               - scaledWidthProp$fxgl: DoubleProperty [bound, value: 1169.0]
02:55:09.644 [FXGL Background Thread 3 ] DEBUG Engine               - sceneFactory: org.example.GameApp$1@681b6753
02:55:09.644 [FXGL Background Thread 3 ] DEBUG Engine               - secondsIn24h: 60
02:55:09.644 [FXGL Background Thread 3 ] DEBUG Engine               - soundMenuBack: menu/back.wav
02:55:09.644 [FXGL Background Thread 3 ] DEBUG Engine               - soundMenuPress: menu/press.wav
02:55:09.644 [FXGL Background Thread 3 ] DEBUG Engine               - soundMenuSelect: menu/select.wav
02:55:09.644 [FXGL Background Thread 3 ] DEBUG Engine               - soundNotification: core/notification.wav
02:55:09.645 [FXGL Background Thread 3 ] DEBUG Engine               - stageStyle: DECORATED
02:55:09.645 [FXGL Background Thread 3 ] DEBUG Engine               - supportedLanguages: [ENGLISH, FRENCH, GERMAN, HUNGARIAN, RUSSIAN]
02:55:09.645 [FXGL Background Thread 3 ] DEBUG Engine               - ticksPerSecond: -1
02:55:09.645 [FXGL Background Thread 3 ] DEBUG Engine               - title: Prototype Game
02:55:09.645 [FXGL Background Thread 3 ] DEBUG Engine               - urlGithub: https://github.com/AlmasB/FXGL
02:55:09.645 [FXGL Background Thread 3 ] DEBUG Engine               - urlLeaderboard: http://fxgl-top.herokuapp.com/
02:55:09.645 [FXGL Background Thread 3 ] DEBUG Engine               - urlPOM: https://raw.githubusercontent.com/AlmasB/FXGL/release/README.md
02:55:09.645 [FXGL Background Thread 3 ] DEBUG Engine               - userAppClass: class org.example.GameApp
02:55:09.645 [FXGL Background Thread 3 ] DEBUG Engine               - version: 0.1.5
02:55:09.646 [FXGL Background Thread 3 ] DEBUG Engine               - versionCheckDays: 7
02:55:09.646 [FXGL Background Thread 3 ] DEBUG Engine               - width: 1280
02:55:09.646 [FXGL Background Thread 3 ] DEBUG Engine               - Logging services
02:55:09.646 [FXGL Background Thread 3 ] DEBUG Engine               - class com.almasb.fxgl.app.services.FXGLAssetLoaderService
02:55:09.646 [FXGL Background Thread 3 ] DEBUG Engine               - class com.almasb.fxgl.app.FXGLApplication$GameApplicationService
02:55:09.646 [FXGL Background Thread 3 ] DEBUG Engine               - class com.almasb.fxgl.app.services.FXGLDialogService
02:55:09.646 [FXGL Background Thread 3 ] DEBUG Engine               - class com.almasb.fxgl.app.services.IOTaskExecutorService
02:55:09.646 [FXGL Background Thread 3 ] DEBUG Engine               - class com.almasb.fxgl.io.FileSystemService
02:55:09.646 [FXGL Background Thread 3 ] DEBUG Engine               - class com.almasb.fxgl.localization.LocalizationService
02:55:09.647 [FXGL Background Thread 3 ] DEBUG Engine               - class com.almasb.fxgl.app.services.SystemBundleService
02:55:09.647 [FXGL Background Thread 3 ] DEBUG Engine               - class com.almasb.fxgl.profile.SaveLoadService
02:55:09.647 [FXGL Background Thread 3 ] DEBUG Engine               - class com.almasb.fxgl.ui.FXGLUIFactoryServiceProvider
02:55:09.647 [FXGL Background Thread 3 ] DEBUG Engine               - class com.almasb.fxgl.ui.FXGLDialogFactoryServiceProvider
02:55:09.647 [FXGL Background Thread 3 ] DEBUG Engine               - class com.almasb.fxgl.audio.AudioPlayer
02:55:09.647 [FXGL Background Thread 3 ] DEBUG Engine               - class com.almasb.fxgl.notification.impl.NotificationServiceProvider
02:55:09.647 [FXGL Background Thread 3 ] DEBUG Engine               - class com.almasb.fxgl.achievement.AchievementService
02:55:09.647 [FXGL Background Thread 3 ] DEBUG Engine               - class com.almasb.fxgl.cutscene.CutsceneService
02:55:09.647 [FXGL Background Thread 3 ] DEBUG Engine               - class com.almasb.fxgl.minigames.MiniGameService
02:55:09.647 [FXGL Background Thread 3 ] DEBUG Engine               - class com.almasb.fxgl.net.NetService
02:55:09.648 [FXGL Background Thread 3 ] DEBUG Engine               - class com.almasb.fxgl.app.services.UpdaterService
02:55:09.648 [FXGL Background Thread 3 ] DEBUG Engine               - class com.almasb.fxgl.dev.DevService
02:55:13.631 [JavaFX Application Thread] DEBUG GameWorld            - Game world initialized
02:55:13.634 [JavaFX Application Thread] DEBUG PhysicsWorld         - Physics world initialized: appHeight=720, physics.ppm=50.0
02:55:13.634 [JavaFX Application Thread] DEBUG PhysicsWorld         - Using strategy: BRUTE_FORCE
02:55:13.636 [JavaFX Application Thread] DEBUG GameScene            - Game scene initialized: 1280x720
02:55:13.759 [JavaFX Application Thread] DEBUG PrimaryStageWindow   - Push state: MainMenuScene
02:55:13.778 [JavaFX Application Thread] DEBUG Input                - Clearing active input actions
02:55:13.790 [JavaFX Application Thread] DEBUG GameApplicationServi - Removing overlay from NameInputScene and adding to MainMenuScene
02:55:13.792 [JavaFX Application Thread] DEBUG PrimaryStageWindow   - NameInputScene -> MainMenuScene
02:55:16.807 [JavaFX Application Thread] DEBUG GameApplicationServi - Starting new game
02:55:16.808 [JavaFX Application Thread] DEBUG PrimaryStageWindow   - Pop state: MainMenuScene
02:55:16.809 [JavaFX Application Thread] DEBUG Input                - Clearing active input actions
02:55:16.810 [JavaFX Application Thread] DEBUG GameApplicationServi - Removing overlay from MainMenuScene and adding to NameInputScene
02:55:16.811 [JavaFX Application Thread] DEBUG PrimaryStageWindow   - NameInputScene <- MainMenuScene
02:55:16.811 [JavaFX Application Thread] DEBUG PrimaryStageWindow   - Pop state: NameInputScene
02:55:16.811 [JavaFX Application Thread] DEBUG Input                - Clearing active input actions
02:55:16.812 [JavaFX Application Thread] DEBUG GameApplicationServi - Removing overlay from NameInputScene and adding to FXGLMainMenuDummyScene
02:55:16.812 [JavaFX Application Thread] DEBUG PrimaryStageWindow   - FXGLMainMenuDummyScene <- NameInputScene
02:55:16.812 [JavaFX Application Thread] DEBUG Input                - Clearing active input actions
02:55:16.823 [JavaFX Application Thread] DEBUG GameApplicationServi - Removing overlay from FXGLMainMenuDummyScene and adding to FXGLLoadingScene
02:55:16.823 [JavaFX Application Thread] DEBUG PrimaryStageWindow   - FXGLMainMenuDummyScene -> FXGLLoadingScene
02:55:16.824 [JavaFX Application Thread] DEBUG GameApplicationServi - Clearing previous game
02:55:16.824 [JavaFX Application Thread] DEBUG GameScene            - Clearing game scene
02:55:16.824 [JavaFX Application Thread] DEBUG GameWorld            - Clearing game world
02:55:16.824 [JavaFX Application Thread] DEBUG PhysicsWorld         - Clearing physics world
02:55:16.833 [FXGL Background Thread 2 ] DEBUG FXGLApplication      - Initializing game
02:55:16.867 [FXGL Background Thread 2 ] DEBUG FXGLAssetLoaderServi - Loading from file system: file:/C:/Users/ginac/IdeaProjects/TheOnlyException/Test/target/classes/assets/textures/dasd.png
02:55:16.926 [FXGL Background Thread 2 ] DEBUG FXGLAssetLoaderServi - Loading from file system: file:/C:/Users/ginac/IdeaProjects/TheOnlyException/Test/target/classes/assets/textures/player-scaled.png
02:55:17.093 [FXGL Background Thread 2 ] INFO  FXGLApplication      - Game initialization took: 0.262 sec
02:55:17.105 [JavaFX Application Thread] DEBUG Input                - Clearing active input actions
02:55:17.115 [JavaFX Application Thread] DEBUG GameApplicationServi - Removing overlay from FXGLLoadingScene and adding to GameScene
02:55:17.116 [JavaFX Application Thread] DEBUG PrimaryStageWindow   - FXGLLoadingScene -> GameScene
02:55:18.317 [JavaFX Application Thread] DEBUG FXGLAssetLoaderServi - Loading from file system: file:/C:/Users/ginac/IdeaProjects/TheOnlyException/Test/target/classes/assets/textures/MaggotWalk-scaled.png
02:55:19.465 [JavaFX Application Thread] DEBUG FXGLAssetLoaderServi - Loading from file system: file:/C:/Users/ginac/IdeaProjects/TheOnlyException/Test/target/classes/assets/textures/BeetleMove-scaled.png
02:55:19.485 [JavaFX Application Thread] DEBUG PrimaryStageWindow   - Push state: FXGLDefaultMenu
02:55:19.490 [JavaFX Application Thread] DEBUG Input                - Clearing active input actions
02:55:19.491 [JavaFX Application Thread] DEBUG GameApplicationServi - Removing overlay from GameScene and adding to FXGLDefaultMenu
02:55:19.491 [JavaFX Application Thread] DEBUG PrimaryStageWindow   - GameScene -> FXGLDefaultMenu
02:55:20.410 [JavaFX Application Thread] DEBUG PrimaryStageWindow   - Pop state: FXGLDefaultMenu
02:55:20.411 [JavaFX Application Thread] DEBUG Input                - Clearing active input actions
02:55:20.413 [JavaFX Application Thread] DEBUG GameApplicationServi - Removing overlay from FXGLDefaultMenu and adding to GameScene
02:55:20.414 [JavaFX Application Thread] DEBUG PrimaryStageWindow   - GameScene <- FXGLDefaultMenu
02:55:21.494 [JavaFX Application Thread] DEBUG FXGLAssetLoaderServi - Loading from file system: file:/C:/Users/ginac/IdeaProjects/TheOnlyException/Test/target/classes/assets/textures/MantisMove-scaled.png
02:55:30.130 [JavaFX Application Thread] DEBUG LoopRunner           - Pausing loop
02:55:30.157 [JavaFX Application Thread] DEBUG PrimaryStageWindow   - Push state: DialogSubScene
02:55:30.158 [JavaFX Application Thread] DEBUG Input                - Clearing active input actions
02:55:30.158 [JavaFX Application Thread] DEBUG GameApplicationServi - Removing overlay from GameScene and adding to DialogSubScene
02:55:30.159 [JavaFX Application Thread] DEBUG PrimaryStageWindow   - GameScene -> DialogSubScene
02:55:35.250 [JavaFX Application Thread] DEBUG PrimaryStageWindow   - Pop state: DialogSubScene
02:55:35.250 [JavaFX Application Thread] DEBUG Input                - Clearing active input actions
02:55:35.251 [JavaFX Application Thread] DEBUG GameApplicationServi - Removing overlay from DialogSubScene and adding to GameScene
02:55:35.251 [JavaFX Application Thread] DEBUG PrimaryStageWindow   - GameScene <- DialogSubScene
02:55:35.294 [JavaFX Application Thread] DEBUG LoopRunner           - Pausing loop
02:55:46.301 [JavaFX Application Thread] DEBUG LoopRunner           - Resuming loop
02:55:46.303 [JavaFX Application Thread] DEBUG GameWorld            - Game world initialized
02:55:46.303 [JavaFX Application Thread] DEBUG PhysicsWorld         - Physics world initialized: appHeight=720, physics.ppm=50.0
02:55:46.303 [JavaFX Application Thread] DEBUG PhysicsWorld         - Using strategy: BRUTE_FORCE
02:55:46.304 [JavaFX Application Thread] DEBUG GameScene            - Game scene initialized: 1280x720
02:55:46.315 [JavaFX Application Thread] DEBUG PrimaryStageWindow   - Push state: MainMenuScene
02:55:46.325 [JavaFX Application Thread] DEBUG Input                - Clearing active input actions
02:55:46.326 [JavaFX Application Thread] DEBUG GameApplicationServi - Removing overlay from GameScene and adding to MainMenuScene
02:55:46.334 [JavaFX Application Thread] DEBUG PrimaryStageWindow   - GameScene -> MainMenuScene
02:55:48.323 [JavaFX Application Thread] DEBUG GameApplicationServi - Starting new game
02:55:48.324 [JavaFX Application Thread] DEBUG PrimaryStageWindow   - Pop state: MainMenuScene
02:55:48.324 [JavaFX Application Thread] DEBUG Input                - Clearing active input actions
02:55:48.325 [JavaFX Application Thread] DEBUG GameApplicationServi - Removing overlay from MainMenuScene and adding to GameScene
02:55:48.325 [JavaFX Application Thread] DEBUG PrimaryStageWindow   - GameScene <- MainMenuScene
02:55:48.325 [JavaFX Application Thread] DEBUG Input                - Clearing active input actions
02:55:48.338 [JavaFX Application Thread] DEBUG GameApplicationServi - Removing overlay from GameScene and adding to FXGLLoadingScene
02:55:48.338 [JavaFX Application Thread] DEBUG PrimaryStageWindow   - GameScene -> FXGLLoadingScene
02:55:48.339 [JavaFX Application Thread] DEBUG GameApplicationServi - Clearing previous game
02:55:48.339 [JavaFX Application Thread] DEBUG GameScene            - Clearing game scene
02:55:48.339 [JavaFX Application Thread] DEBUG GameWorld            - Clearing game world
02:55:48.342 [JavaFX Application Thread] DEBUG PhysicsWorld         - Clearing physics world
02:55:48.344 [FXGL Background Thread 2 ] DEBUG FXGLApplication      - Initializing game
02:55:48.393 [FXGL Background Thread 2 ] INFO  FXGLApplication      - Game initialization took: 0.048 sec
02:55:48.407 [JavaFX Application Thread] DEBUG Input                - Clearing active input actions
02:55:48.416 [JavaFX Application Thread] DEBUG GameApplicationServi - Removing overlay from FXGLLoadingScene and adding to GameScene
02:55:48.416 [JavaFX Application Thread] DEBUG PrimaryStageWindow   - FXGLLoadingScene -> GameScene
02:55:56.373 [JavaFX Application Thread] DEBUG LoopRunner           - Pausing loop
02:55:56.376 [JavaFX Application Thread] DEBUG PrimaryStageWindow   - Push state: DialogSubScene
02:55:56.376 [JavaFX Application Thread] DEBUG Input                - Clearing active input actions
02:55:56.378 [JavaFX Application Thread] DEBUG GameApplicationServi - Removing overlay from GameScene and adding to DialogSubScene
02:55:56.378 [JavaFX Application Thread] DEBUG PrimaryStageWindow   - GameScene -> DialogSubScene
02:55:57.472 [JavaFX Application Thread] DEBUG PrimaryStageWindow   - Pop state: DialogSubScene
02:55:57.472 [JavaFX Application Thread] DEBUG Input                - Clearing active input actions
02:55:57.472 [JavaFX Application Thread] DEBUG GameApplicationServi - Removing overlay from DialogSubScene and adding to GameScene
02:55:57.473 [JavaFX Application Thread] DEBUG PrimaryStageWindow   - GameScene <- DialogSubScene
02:55:57.517 [JavaFX Application Thread] DEBUG LoopRunner           - Pausing loop
02:55:59.785 [JavaFX Application Thread] DEBUG FXGLApplication      - Exiting FXGL
02:55:59.785 [JavaFX Application Thread] DEBUG LoopRunner           - Stopping loop
02:55:59.785 [JavaFX Application Thread] DEBUG SystemBundleService  - Saving FXGL system data
02:55:59.788 [JavaFX Application Thread] DEBUG FileSystemAccess     - Writing to: C:\Users\ginac\IdeaProjects\TheOnlyException\system\fxgl.bundle
02:55:59.790 [JavaFX Application Thread] DEBUG Async                - Shutting down background threads
02:55:59.791 [JavaFX Application Thread] DEBUG PrimaryStageWindow   - Closing main window
02:55:59.822 [JavaFX Application Thread] DEBUG Logger               - Closing Logger
