01:18:01.161 [main                     ] DEBUG Logger               - Configured Logger
01:18:01.167 [main                     ] DEBUG GameApplication      - Logging settings
Title: Prototype Game
Version: 0.1.5
Width: 1280
Height: 720
Fullscreen: false
Intro: false
Profiling: false
Single step:false
App Mode: DEVELOPER
Menu Key: ESCAPE
Stage Style: DECORATED
Scene Factory: class org.example.core.GameApp$1

01:18:01.324 [JavaFX Application Thread] DEBUG FXGLApplication      - Initializing FXGL
01:18:01.327 [JavaFX Application Thread] INFO  Engine               - FXGL-21+dev-SNAPSHOT (26.03.2024 19.46) on WINDOWS (J:24 FX:21.0.1)
01:18:01.327 [JavaFX Application Thread] DEBUG Engine               - JRE Vendor Name: Oracle Corporation
01:18:01.328 [JavaFX Application Thread] DEBUG Engine               - Running on OS: Windows 11 version 10.0
01:18:01.328 [JavaFX Application Thread] DEBUG Engine               - Architecture: amd64
01:18:01.328 [JavaFX Application Thread] INFO  Engine               - Source code and latest versions at: https://github.com/AlmasB/FXGL
01:18:01.328 [JavaFX Application Thread] INFO  Engine               -       Ask questions and discuss at: https://github.com/AlmasB/FXGL/discussions
01:18:01.328 [JavaFX Application Thread] INFO  Engine               -              Join the FXGL chat at: https://gitter.im/AlmasB/FXGL
01:18:01.415 [JavaFX Application Thread] DEBUG PrimaryStageWindow   - Creating a JavaFX scene
01:18:01.443 [JavaFX Application Thread] DEBUG PrimaryStageWindow   - Target settings size: 1280.0 x 720.0
01:18:01.443 [JavaFX Application Thread] DEBUG PrimaryStageWindow   - Scaled scene size:    1280.0 x 720.0
01:18:01.443 [JavaFX Application Thread] DEBUG PrimaryStageWindow   - Scaled ratio: (1.0, 1.0)
01:18:01.444 [JavaFX Application Thread] DEBUG PrimaryStageWindow   - Set initial scene to FXGLStartupScene
01:18:01.447 [JavaFX Application Thread] DEBUG PrimaryStageWindow   - Opening main window
01:18:01.541 [JavaFX Application Thread] DEBUG PrimaryStageWindow   - Window border size: (16.0, 39.0)
01:18:01.541 [JavaFX Application Thread] DEBUG PrimaryStageWindow   - Scaled size: 1280.0 x 720.0
01:18:01.541 [JavaFX Application Thread] DEBUG PrimaryStageWindow   - Scaled ratio: (1.0, 1.0)
01:18:01.541 [JavaFX Application Thread] DEBUG PrimaryStageWindow   - Scene size: 1280.0 x 720.0
01:18:01.541 [JavaFX Application Thread] DEBUG PrimaryStageWindow   - Stage size: 1296.0 x 759.0
01:18:01.549 [FXGL Background Thread 1 ] DEBUG Engine               - Initializing environment variables
01:18:01.597 [FXGL Background Thread 1 ] DEBUG FXGLAssetLoaderServi - User app class for loading assets: class org.example.core.GameApp
01:18:01.597 [FXGL Background Thread 1 ] DEBUG GameApplicationServi - Applying CSS: fxgl_dark.css
01:18:01.597 [FXGL Background Thread 1 ] DEBUG FXGLAssetLoaderServi - Loading from file system: jar:file:/C:/Users/primzcm/.m2/repository/com/github/almasb/fxgl/fxgl/21.1/fxgl-21.1.jar!/fxglassets/ui/css/fxgl_dark.css
01:18:01.634 [FXGL Background Thread 1 ] DEBUG GameApplicationServi - Initializing application scenes
01:18:01.652 [FXGL Background Thread 1 ] DEBUG GameWorld            - Game world initialized
01:18:01.695 [FXGL Background Thread 1 ] DEBUG PhysicsWorld         - Physics world initialized: appHeight=720, physics.ppm=50.0
01:18:01.695 [FXGL Background Thread 1 ] DEBUG PhysicsWorld         - Using strategy: BRUTE_FORCE
01:18:01.698 [FXGL Background Thread 1 ] DEBUG GameScene            - Game scene initialized: 1280x720
01:18:01.889 [FXGL Background Thread 1 ] DEBUG GameApplicationServi - Application scenes initialized
01:18:01.902 [FXGL Background Thread 1 ] DEBUG SystemBundleService  - Loading FXGL system data
01:18:01.904 [FXGL Background Thread 1 ] DEBUG FileSystemAccess     - Reading from: F:\my files\School\2nd year 2nd sem\TheOnlyException\system\fxgl.bundle
01:18:01.909 [FXGL Background Thread 1 ] DEBUG SystemBundleService  - Bundle FXGL: {}
01:18:01.909 [FXGL Background Thread 1 ] DEBUG UpdaterService       - Checking for updates
01:18:01.913 [FXGL Background Thread 4 ] DEBUG FXGLApplication      - Loading fonts
01:18:01.914 [FXGL Background Thread 4 ] DEBUG FXGLAssetLoaderServi - Loading from file system: jar:file:/C:/Users/primzcm/.m2/repository/com/github/almasb/fxgl/fxgl/21.1/fxgl-21.1.jar!/fxglassets/ui/fonts/VarelaRound-Regular.ttf
01:18:01.914 [FXGL Background Thread 1 ] DEBUG FXGLApplication      - Loading default localization
01:18:01.914 [FXGL Background Thread 1 ] DEBUG FXGLAssetLoaderServi - Loading from file system: jar:file:/C:/Users/primzcm/.m2/repository/com/github/almasb/fxgl/fxgl/21.1/fxgl-21.1.jar!/fxglassets/languages/english.lang
01:18:01.916 [FXGL Background Thread 4 ] DEBUG FXGLAssetLoaderServi - Loading from file system: jar:file:/C:/Users/primzcm/.m2/repository/com/github/almasb/fxgl/fxgl/21.1/fxgl-21.1.jar!/fxglassets/ui/fonts/Abel-Regular.ttf
01:18:01.919 [FXGL Background Thread 4 ] DEBUG FXGLAssetLoaderServi - Loading from file system: jar:file:/C:/Users/primzcm/.m2/repository/com/github/almasb/fxgl/fxgl/21.1/fxgl-21.1.jar!/fxglassets/ui/fonts/TerminalLandMono-Regular.otf
01:18:01.921 [FXGL Background Thread 4 ] DEBUG FXGLAssetLoaderServi - Loading from file system: jar:file:/C:/Users/primzcm/.m2/repository/com/github/almasb/fxgl/fxgl/21.1/fxgl-21.1.jar!/fxglassets/ui/fonts/Courier-Prime.ttf
01:18:01.926 [JavaFX Application Thread] DEBUG FXGLApplication      - Registering font factories with UI factory
01:18:01.936 [FXGL Background Thread 1 ] INFO  FXGLApplication      - FXGL initialization took: 0.388 sec
01:18:01.944 [JavaFX Application Thread] DEBUG Input                - Registered new binding: action0 - A
01:18:01.944 [JavaFX Application Thread] DEBUG Input                - Registered new binding: action1 - D
01:18:01.944 [JavaFX Application Thread] DEBUG Input                - Registered new binding: action2 - W
01:18:01.944 [JavaFX Application Thread] DEBUG Input                - Registered new binding: action3 - S
01:18:01.945 [JavaFX Application Thread] DEBUG Input                - Registered new binding: action4 - Esc
01:18:01.945 [JavaFX Application Thread] DEBUG FXGLAssetLoaderServi - Loading from file system: jar:file:/C:/Users/primzcm/.m2/repository/com/github/almasb/fxgl/fxgl/21.1/fxgl-21.1.jar!/fxglassets/textures/fxgl_icon.png
01:18:02.003 [JavaFX Application Thread] DEBUG FXGLAssetLoaderServi - Loading from file system: jar:file:/C:/Users/primzcm/.m2/repository/com/github/almasb/fxgl/fxgl/21.1/fxgl-21.1.jar!/fxglassets/textures/fxgl_default_cursor.png
01:18:02.006 [JavaFX Application Thread] DEBUG Input                - Registered new binding: Screenshot - CTRL+8
01:18:02.007 [JavaFX Application Thread] DEBUG Input                - Registered new binding: System info dump - CTRL+9
01:18:02.007 [JavaFX Application Thread] DEBUG Input                - Registered new binding: Restart - CTRL+R
01:18:02.008 [JavaFX Application Thread] DEBUG Input                - Registered new binding: Toggle Debug Camera - CTRL+7
01:18:02.012 [JavaFX Application Thread] DEBUG LoopRunner           - Starting loop
01:18:02.012 [JavaFX Application Thread] DEBUG LoopRunner           - Initializing JavaFX AnimationTimerLoop
01:18:02.016 [JavaFX Application Thread] DEBUG Input                - Clearing active input actions
01:18:02.021 [JavaFX Application Thread] DEBUG GameApplicationServi - Removing overlay from FXGLStartupScene and adding to FXGLMainMenuDummyScene
01:18:02.021 [JavaFX Application Thread] DEBUG PrimaryStageWindow   - FXGLStartupScene -> FXGLMainMenuDummyScene
01:18:02.021 [JavaFX Application Thread] DEBUG PrimaryStageWindow   - Push state: LoginScene
01:18:02.021 [JavaFX Application Thread] DEBUG Input                - Clearing active input actions
01:18:02.034 [JavaFX Application Thread] DEBUG GameApplicationServi - Removing overlay from FXGLMainMenuDummyScene and adding to LoginScene
01:18:02.034 [JavaFX Application Thread] DEBUG PrimaryStageWindow   - FXGLMainMenuDummyScene -> LoginScene
01:18:02.254 [FXGL Background Thread 2 ] INFO  UpdaterService       - Your current version:  21+dev-SNAPSHOT
01:18:02.254 [FXGL Background Thread 2 ] INFO  UpdaterService       - Latest stable version: 21.1
01:18:04.913 [FXGL Background Thread 3 ] DEBUG Engine               - Logging environment variables
01:18:04.913 [FXGL Background Thread 3 ] DEBUG Engine               - achievements: []
01:18:04.913 [FXGL Background Thread 3 ] DEBUG Engine               - actualHeight: 720.0
01:18:04.913 [FXGL Background Thread 3 ] DEBUG Engine               - actualHeightProperty: ReadOnlyDoubleProperty [value: 720.0]
01:18:04.913 [FXGL Background Thread 3 ] DEBUG Engine               - actualWidth: 1280.0
01:18:04.913 [FXGL Background Thread 3 ] DEBUG Engine               - actualWidthProperty: ReadOnlyDoubleProperty [value: 1280.0]
01:18:04.913 [FXGL Background Thread 3 ] DEBUG Engine               - appIcon: fxgl_icon.png
01:18:04.913 [FXGL Background Thread 3 ] DEBUG Engine               - applicationMode: DEVELOPER
01:18:04.913 [FXGL Background Thread 3 ] DEBUG Engine               - cSSList: [fxgl_dark.css]
01:18:04.913 [FXGL Background Thread 3 ] DEBUG Engine               - collisionDetectionStrategy: BRUTE_FORCE
01:18:04.913 [FXGL Background Thread 3 ] DEBUG Engine               - configClass: Optional.empty
01:18:04.914 [FXGL Background Thread 3 ] DEBUG Engine               - credits: []
01:18:04.915 [FXGL Background Thread 3 ] DEBUG Engine               - defaultCursor: CursorInfo(imageName=fxgl_default_cursor.png, hotspotX=7.0, hotspotY=6.0)
01:18:04.915 [FXGL Background Thread 3 ] DEBUG Engine               - devBBoxColorProperty: ObjectProperty [value: 0xff0000ff]
01:18:04.915 [FXGL Background Thread 3 ] DEBUG Engine               - devEnableDebugCameraProperty: BooleanProperty [value: false]
01:18:04.915 [FXGL Background Thread 3 ] DEBUG Engine               - devSensorColorProperty: ObjectProperty [value: 0xffff00ff]
01:18:04.915 [FXGL Background Thread 3 ] DEBUG Engine               - devShowBBoxProperty: BooleanProperty [value: false]
01:18:04.916 [FXGL Background Thread 3 ] DEBUG Engine               - devShowPositionProperty: BooleanProperty [value: false]
01:18:04.916 [FXGL Background Thread 3 ] DEBUG Engine               - enabledMenuItems: []
01:18:04.916 [FXGL Background Thread 3 ] DEBUG Engine               - engineServices: [class com.almasb.fxgl.app.services.FXGLAssetLoaderService, class com.almasb.fxgl.app.FXGLApplication$GameApplicationService, class com.almasb.fxgl.app.services.FXGLDialogService, class com.almasb.fxgl.app.services.IOTaskExecutorService, class com.almasb.fxgl.io.FileSystemService, class com.almasb.fxgl.localization.LocalizationService, class com.almasb.fxgl.app.services.SystemBundleService, class com.almasb.fxgl.profile.SaveLoadService, class com.almasb.fxgl.ui.FXGLUIFactoryServiceProvider, class com.almasb.fxgl.ui.FXGLDialogFactoryServiceProvider, class com.almasb.fxgl.audio.AudioPlayer, class com.almasb.fxgl.notification.impl.NotificationServiceProvider, class com.almasb.fxgl.achievement.AchievementService, class com.almasb.fxgl.cutscene.CutsceneService, class com.almasb.fxgl.minigames.MiniGameService, class com.almasb.fxgl.net.NetService, class com.almasb.fxgl.app.services.UpdaterService, class com.almasb.fxgl.dev.DevService]
01:18:04.916 [FXGL Background Thread 3 ] DEBUG Engine               - fontGame: Abel-Regular.ttf
01:18:04.916 [FXGL Background Thread 3 ] DEBUG Engine               - fontMono: TerminalLandMono-Regular.otf
01:18:04.916 [FXGL Background Thread 3 ] DEBUG Engine               - fontSizeScaleUI: 1.0
01:18:04.916 [FXGL Background Thread 3 ] DEBUG Engine               - fontText: Courier-Prime.ttf
01:18:04.916 [FXGL Background Thread 3 ] DEBUG Engine               - fontUI: VarelaRound-Regular.ttf
01:18:04.916 [FXGL Background Thread 3 ] DEBUG Engine               - fullScreen: BooleanProperty [value: false]
01:18:04.916 [FXGL Background Thread 3 ] DEBUG Engine               - gameDifficulty: MEDIUM
01:18:04.916 [FXGL Background Thread 3 ] DEBUG Engine               - gameDifficultyProperty: ObjectProperty [value: MEDIUM]
01:18:04.916 [FXGL Background Thread 3 ] DEBUG Engine               - globalMusicVolume: 0.5
01:18:04.916 [FXGL Background Thread 3 ] DEBUG Engine               - globalMusicVolumeProperty: DoubleProperty [value: 0.5]
01:18:04.916 [FXGL Background Thread 3 ] DEBUG Engine               - globalSoundVolume: 0.5
01:18:04.916 [FXGL Background Thread 3 ] DEBUG Engine               - globalSoundVolumeProperty: DoubleProperty [value: 0.5]
01:18:04.916 [FXGL Background Thread 3 ] DEBUG Engine               - height: 720
01:18:04.916 [FXGL Background Thread 3 ] DEBUG Engine               - is3D: false
01:18:04.916 [FXGL Background Thread 3 ] DEBUG Engine               - isAndroid: false
01:18:04.916 [FXGL Background Thread 3 ] DEBUG Engine               - isBrowser: false
01:18:04.916 [FXGL Background Thread 3 ] DEBUG Engine               - isClickFeedbackEnabled: false
01:18:04.916 [FXGL Background Thread 3 ] DEBUG Engine               - isCloseConfirmation: false
01:18:04.916 [FXGL Background Thread 3 ] DEBUG Engine               - isDesktop: true
01:18:04.916 [FXGL Background Thread 3 ] DEBUG Engine               - isDeveloperMenuEnabled: false
01:18:04.916 [FXGL Background Thread 3 ] DEBUG Engine               - isEmbedded: false
01:18:04.916 [FXGL Background Thread 3 ] DEBUG Engine               - isEntityPreloadEnabled: true
01:18:04.916 [FXGL Background Thread 3 ] DEBUG Engine               - isExperimentalTiledLargeMap: false
01:18:04.916 [FXGL Background Thread 3 ] DEBUG Engine               - isFileSystemWriteAllowed: true
01:18:04.916 [FXGL Background Thread 3 ] DEBUG Engine               - isFullScreenAllowed: false
01:18:04.916 [FXGL Background Thread 3 ] DEBUG Engine               - isFullScreenFromStart: false
01:18:04.916 [FXGL Background Thread 3 ] DEBUG Engine               - isGameMenuEnabled: false
01:18:04.917 [FXGL Background Thread 3 ] DEBUG Engine               - isIOS: false
01:18:04.917 [FXGL Background Thread 3 ] DEBUG Engine               - isIntroEnabled: false
01:18:04.917 [FXGL Background Thread 3 ] DEBUG Engine               - isLinux: false
01:18:04.917 [FXGL Background Thread 3 ] DEBUG Engine               - isMac: false
01:18:04.917 [FXGL Background Thread 3 ] DEBUG Engine               - isMainMenuEnabled: true
01:18:04.917 [FXGL Background Thread 3 ] DEBUG Engine               - isManualResizeEnabled: false
01:18:04.917 [FXGL Background Thread 3 ] DEBUG Engine               - isMobile: false
01:18:04.917 [FXGL Background Thread 3 ] DEBUG Engine               - isNative: false
01:18:04.917 [FXGL Background Thread 3 ] DEBUG Engine               - isPauseMusicWhenMinimized: true
01:18:04.917 [FXGL Background Thread 3 ] DEBUG Engine               - isPreserveResizeRatio: false
01:18:04.917 [FXGL Background Thread 3 ] DEBUG Engine               - isProfilingEnabled: false
01:18:04.917 [FXGL Background Thread 3 ] DEBUG Engine               - isScaleAffectedOnResize: true
01:18:04.917 [FXGL Background Thread 3 ] DEBUG Engine               - isSingleStep: false
01:18:04.917 [FXGL Background Thread 3 ] DEBUG Engine               - isUserProfileEnabled: false
01:18:04.917 [FXGL Background Thread 3 ] DEBUG Engine               - isWindows: true
01:18:04.917 [FXGL Background Thread 3 ] DEBUG Engine               - language: ObjectProperty [value: ENGLISH]
01:18:04.917 [FXGL Background Thread 3 ] DEBUG Engine               - menuKey: ESCAPE
01:18:04.917 [FXGL Background Thread 3 ] DEBUG Engine               - mouseSensitivity: 0.2
01:18:04.917 [FXGL Background Thread 3 ] DEBUG Engine               - notificationViewClass: class com.almasb.fxgl.notification.view.XboxNotificationView
01:18:04.917 [FXGL Background Thread 3 ] DEBUG Engine               - pixelsPerMeter: 50.0
01:18:04.917 [FXGL Background Thread 3 ] DEBUG Engine               - platform: WINDOWS
01:18:04.917 [FXGL Background Thread 3 ] DEBUG Engine               - prefHeightProperty: ReadOnlyDoubleProperty [value: 720.0]
01:18:04.917 [FXGL Background Thread 3 ] DEBUG Engine               - prefWidthProperty: ReadOnlyDoubleProperty [value: 1280.0]
01:18:04.917 [FXGL Background Thread 3 ] DEBUG Engine               - profileDir: profiles/
01:18:04.917 [FXGL Background Thread 3 ] DEBUG Engine               - profileName: StringProperty [value: DEFAULT]
01:18:04.917 [FXGL Background Thread 3 ] DEBUG Engine               - randomSeed: -1
01:18:04.917 [FXGL Background Thread 3 ] DEBUG Engine               - runtimeInfo: RuntimeInfo(platform=WINDOWS, version=21+dev-SNAPSHOT, build=26.03.2024 19.46)
01:18:04.917 [FXGL Background Thread 3 ] DEBUG Engine               - saveFileExt: sav
01:18:04.917 [FXGL Background Thread 3 ] DEBUG Engine               - scaledHeightProp$fxgl: DoubleProperty [bound, value: 720.0]
01:18:04.917 [FXGL Background Thread 3 ] DEBUG Engine               - scaledWidthProp$fxgl: DoubleProperty [bound, value: 1280.0]
01:18:04.917 [FXGL Background Thread 3 ] DEBUG Engine               - sceneFactory: org.example.core.GameApp$1@379c9092
01:18:04.918 [FXGL Background Thread 3 ] DEBUG Engine               - secondsIn24h: 60
01:18:04.918 [FXGL Background Thread 3 ] DEBUG Engine               - soundMenuBack: menu/back.wav
01:18:04.918 [FXGL Background Thread 3 ] DEBUG Engine               - soundMenuPress: menu/press.wav
01:18:04.918 [FXGL Background Thread 3 ] DEBUG Engine               - soundMenuSelect: menu/select.wav
01:18:04.918 [FXGL Background Thread 3 ] DEBUG Engine               - soundNotification: core/notification.wav
01:18:04.918 [FXGL Background Thread 3 ] DEBUG Engine               - stageStyle: DECORATED
01:18:04.918 [FXGL Background Thread 3 ] DEBUG Engine               - supportedLanguages: [ENGLISH, FRENCH, GERMAN, HUNGARIAN, RUSSIAN]
01:18:04.918 [FXGL Background Thread 3 ] DEBUG Engine               - ticksPerSecond: -1
01:18:04.918 [FXGL Background Thread 3 ] DEBUG Engine               - title: Prototype Game
01:18:04.918 [FXGL Background Thread 3 ] DEBUG Engine               - urlGithub: https://github.com/AlmasB/FXGL
01:18:04.918 [FXGL Background Thread 3 ] DEBUG Engine               - urlLeaderboard: http://fxgl-top.herokuapp.com/
01:18:04.918 [FXGL Background Thread 3 ] DEBUG Engine               - urlPOM: https://raw.githubusercontent.com/AlmasB/FXGL/release/README.md
01:18:04.918 [FXGL Background Thread 3 ] DEBUG Engine               - userAppClass: class org.example.core.GameApp
01:18:04.918 [FXGL Background Thread 3 ] DEBUG Engine               - version: 0.1.5
01:18:04.918 [FXGL Background Thread 3 ] DEBUG Engine               - versionCheckDays: 7
01:18:04.918 [FXGL Background Thread 3 ] DEBUG Engine               - width: 1280
01:18:04.918 [FXGL Background Thread 3 ] DEBUG Engine               - Logging services
01:18:04.918 [FXGL Background Thread 3 ] DEBUG Engine               - class com.almasb.fxgl.app.services.FXGLAssetLoaderService
01:18:04.918 [FXGL Background Thread 3 ] DEBUG Engine               - class com.almasb.fxgl.app.FXGLApplication$GameApplicationService
01:18:04.918 [FXGL Background Thread 3 ] DEBUG Engine               - class com.almasb.fxgl.app.services.FXGLDialogService
01:18:04.918 [FXGL Background Thread 3 ] DEBUG Engine               - class com.almasb.fxgl.app.services.IOTaskExecutorService
01:18:04.918 [FXGL Background Thread 3 ] DEBUG Engine               - class com.almasb.fxgl.io.FileSystemService
01:18:04.918 [FXGL Background Thread 3 ] DEBUG Engine               - class com.almasb.fxgl.localization.LocalizationService
01:18:04.918 [FXGL Background Thread 3 ] DEBUG Engine               - class com.almasb.fxgl.app.services.SystemBundleService
01:18:04.918 [FXGL Background Thread 3 ] DEBUG Engine               - class com.almasb.fxgl.profile.SaveLoadService
01:18:04.918 [FXGL Background Thread 3 ] DEBUG Engine               - class com.almasb.fxgl.ui.FXGLUIFactoryServiceProvider
01:18:04.918 [FXGL Background Thread 3 ] DEBUG Engine               - class com.almasb.fxgl.ui.FXGLDialogFactoryServiceProvider
01:18:04.918 [FXGL Background Thread 3 ] DEBUG Engine               - class com.almasb.fxgl.audio.AudioPlayer
01:18:04.918 [FXGL Background Thread 3 ] DEBUG Engine               - class com.almasb.fxgl.notification.impl.NotificationServiceProvider
01:18:04.918 [FXGL Background Thread 3 ] DEBUG Engine               - class com.almasb.fxgl.achievement.AchievementService
01:18:04.918 [FXGL Background Thread 3 ] DEBUG Engine               - class com.almasb.fxgl.cutscene.CutsceneService
01:18:04.918 [FXGL Background Thread 3 ] DEBUG Engine               - class com.almasb.fxgl.minigames.MiniGameService
01:18:04.918 [FXGL Background Thread 3 ] DEBUG Engine               - class com.almasb.fxgl.net.NetService
01:18:04.918 [FXGL Background Thread 3 ] DEBUG Engine               - class com.almasb.fxgl.app.services.UpdaterService
01:18:04.918 [FXGL Background Thread 3 ] DEBUG Engine               - class com.almasb.fxgl.dev.DevService
01:18:06.057 [JavaFX Application Thread] DEBUG GameWorld            - Game world initialized
01:18:06.058 [JavaFX Application Thread] DEBUG PhysicsWorld         - Physics world initialized: appHeight=720, physics.ppm=50.0
01:18:06.058 [JavaFX Application Thread] DEBUG PhysicsWorld         - Using strategy: BRUTE_FORCE
01:18:06.059 [JavaFX Application Thread] DEBUG GameScene            - Game scene initialized: 1280x720
01:18:06.091 [JavaFX Application Thread] DEBUG PrimaryStageWindow   - Push state: MainMenuScene
01:18:06.131 [JavaFX Application Thread] DEBUG Input                - Clearing active input actions
01:18:06.132 [JavaFX Application Thread] DEBUG GameApplicationServi - Removing overlay from LoginScene and adding to MainMenuScene
01:18:06.133 [JavaFX Application Thread] DEBUG PrimaryStageWindow   - LoginScene -> MainMenuScene
01:18:06.133 [JavaFX Application Thread] DEBUG GameWorld            - Game world initialized
01:18:06.133 [JavaFX Application Thread] DEBUG PhysicsWorld         - Physics world initialized: appHeight=720, physics.ppm=50.0
01:18:06.134 [JavaFX Application Thread] DEBUG PhysicsWorld         - Using strategy: BRUTE_FORCE
01:18:06.134 [JavaFX Application Thread] DEBUG GameScene            - Game scene initialized: 1280x720
01:18:06.150 [JavaFX Application Thread] DEBUG PrimaryStageWindow   - Push state: MainMenuScene
01:18:06.195 [JavaFX Application Thread] DEBUG Input                - Clearing active input actions
01:18:06.196 [JavaFX Application Thread] DEBUG GameApplicationServi - Removing overlay from MainMenuScene and adding to MainMenuScene
01:18:06.196 [JavaFX Application Thread] DEBUG PrimaryStageWindow   - MainMenuScene -> MainMenuScene
01:18:06.975 [JavaFX Application Thread] DEBUG GameWorld            - Game world initialized
01:18:06.975 [JavaFX Application Thread] DEBUG PhysicsWorld         - Physics world initialized: appHeight=720, physics.ppm=50.0
01:18:06.975 [JavaFX Application Thread] DEBUG PhysicsWorld         - Using strategy: BRUTE_FORCE
01:18:06.976 [JavaFX Application Thread] DEBUG GameScene            - Game scene initialized: 1280x720
01:18:06.988 [JavaFX Application Thread] DEBUG PrimaryStageWindow   - Push state: SettingsScene
01:18:06.988 [JavaFX Application Thread] DEBUG Input                - Clearing active input actions
01:18:06.993 [JavaFX Application Thread] DEBUG GameApplicationServi - Removing overlay from MainMenuScene and adding to SettingsScene
01:18:06.993 [JavaFX Application Thread] DEBUG PrimaryStageWindow   - MainMenuScene -> SettingsScene
01:18:07.853 [JavaFX Application Thread] DEBUG PrimaryStageWindow   - Pop state: SettingsScene
01:18:07.853 [JavaFX Application Thread] DEBUG Input                - Clearing active input actions
01:18:07.853 [JavaFX Application Thread] DEBUG GameApplicationServi - Removing overlay from SettingsScene and adding to MainMenuScene
01:18:07.854 [JavaFX Application Thread] DEBUG PrimaryStageWindow   - MainMenuScene <- SettingsScene
01:18:08.759 [JavaFX Application Thread] DEBUG PrimaryStageWindow   - Push state: DialogSubScene
01:18:08.759 [JavaFX Application Thread] DEBUG Input                - Clearing active input actions
01:18:08.761 [JavaFX Application Thread] DEBUG GameApplicationServi - Removing overlay from MainMenuScene and adding to DialogSubScene
01:18:08.761 [JavaFX Application Thread] DEBUG PrimaryStageWindow   - MainMenuScene -> DialogSubScene
01:18:09.713 [JavaFX Application Thread] DEBUG PrimaryStageWindow   - Pop state: DialogSubScene
01:18:09.713 [JavaFX Application Thread] DEBUG Input                - Clearing active input actions
01:18:09.716 [JavaFX Application Thread] DEBUG GameApplicationServi - Removing overlay from DialogSubScene and adding to MainMenuScene
01:18:09.716 [JavaFX Application Thread] DEBUG PrimaryStageWindow   - MainMenuScene <- DialogSubScene
01:18:09.716 [JavaFX Application Thread] DEBUG GameWorld            - Game world initialized
01:18:09.717 [JavaFX Application Thread] DEBUG PhysicsWorld         - Physics world initialized: appHeight=720, physics.ppm=50.0
01:18:09.717 [JavaFX Application Thread] DEBUG PhysicsWorld         - Using strategy: BRUTE_FORCE
01:18:09.717 [JavaFX Application Thread] DEBUG GameScene            - Game scene initialized: 1280x720
01:18:09.730 [JavaFX Application Thread] DEBUG PrimaryStageWindow   - Push state: MainMenuScene
01:18:09.763 [JavaFX Application Thread] DEBUG Input                - Clearing active input actions
01:18:09.764 [JavaFX Application Thread] DEBUG GameApplicationServi - Removing overlay from MainMenuScene and adding to MainMenuScene
01:18:09.764 [JavaFX Application Thread] DEBUG PrimaryStageWindow   - MainMenuScene -> MainMenuScene
01:18:11.766 [JavaFX Application Thread] DEBUG GameWorld            - Game world initialized
01:18:11.767 [JavaFX Application Thread] DEBUG PhysicsWorld         - Physics world initialized: appHeight=720, physics.ppm=50.0
01:18:11.767 [JavaFX Application Thread] DEBUG PhysicsWorld         - Using strategy: BRUTE_FORCE
01:18:11.767 [JavaFX Application Thread] DEBUG GameScene            - Game scene initialized: 1280x720
01:18:11.780 [JavaFX Application Thread] DEBUG PrimaryStageWindow   - Push state: SettingsScene
01:18:11.781 [JavaFX Application Thread] DEBUG Input                - Clearing active input actions
01:18:11.781 [JavaFX Application Thread] DEBUG GameApplicationServi - Removing overlay from MainMenuScene and adding to SettingsScene
01:18:11.781 [JavaFX Application Thread] DEBUG PrimaryStageWindow   - MainMenuScene -> SettingsScene
01:18:14.983 [JavaFX Application Thread] DEBUG PrimaryStageWindow   - Pop state: SettingsScene
01:18:14.983 [JavaFX Application Thread] DEBUG Input                - Clearing active input actions
01:18:14.983 [JavaFX Application Thread] DEBUG GameApplicationServi - Removing overlay from SettingsScene and adding to MainMenuScene
01:18:14.983 [JavaFX Application Thread] DEBUG PrimaryStageWindow   - MainMenuScene <- SettingsScene
01:18:15.662 [JavaFX Application Thread] DEBUG GameWorld            - Game world initialized
01:18:15.663 [JavaFX Application Thread] DEBUG PhysicsWorld         - Physics world initialized: appHeight=720, physics.ppm=50.0
01:18:15.663 [JavaFX Application Thread] DEBUG PhysicsWorld         - Using strategy: BRUTE_FORCE
01:18:15.664 [JavaFX Application Thread] DEBUG GameScene            - Game scene initialized: 1280x720
01:18:15.675 [JavaFX Application Thread] DEBUG PrimaryStageWindow   - Push state: SettingsScene
01:18:15.675 [JavaFX Application Thread] DEBUG Input                - Clearing active input actions
01:18:15.676 [JavaFX Application Thread] DEBUG GameApplicationServi - Removing overlay from MainMenuScene and adding to SettingsScene
01:18:15.676 [JavaFX Application Thread] DEBUG PrimaryStageWindow   - MainMenuScene -> SettingsScene
01:18:17.045 [JavaFX Application Thread] DEBUG PrimaryStageWindow   - Pop state: SettingsScene
01:18:17.046 [JavaFX Application Thread] DEBUG Input                - Clearing active input actions
01:18:17.046 [JavaFX Application Thread] DEBUG GameApplicationServi - Removing overlay from SettingsScene and adding to MainMenuScene
01:18:17.046 [JavaFX Application Thread] DEBUG PrimaryStageWindow   - MainMenuScene <- SettingsScene
01:18:19.190 [JavaFX Application Thread] DEBUG GameWorld            - Game world initialized
01:18:19.191 [JavaFX Application Thread] DEBUG PhysicsWorld         - Physics world initialized: appHeight=720, physics.ppm=50.0
01:18:19.191 [JavaFX Application Thread] DEBUG PhysicsWorld         - Using strategy: BRUTE_FORCE
01:18:19.191 [JavaFX Application Thread] DEBUG GameScene            - Game scene initialized: 1280x720
01:18:19.201 [JavaFX Application Thread] DEBUG PrimaryStageWindow   - Push state: SettingsScene
01:18:19.201 [JavaFX Application Thread] DEBUG Input                - Clearing active input actions
01:18:19.201 [JavaFX Application Thread] DEBUG GameApplicationServi - Removing overlay from MainMenuScene and adding to SettingsScene
01:18:19.201 [JavaFX Application Thread] DEBUG PrimaryStageWindow   - MainMenuScene -> SettingsScene
01:18:20.098 [JavaFX Application Thread] DEBUG PrimaryStageWindow   - Pop state: SettingsScene
01:18:20.098 [JavaFX Application Thread] DEBUG Input                - Clearing active input actions
01:18:20.098 [JavaFX Application Thread] DEBUG GameApplicationServi - Removing overlay from SettingsScene and adding to MainMenuScene
01:18:20.098 [JavaFX Application Thread] DEBUG PrimaryStageWindow   - MainMenuScene <- SettingsScene
01:18:20.832 [JavaFX Application Thread] DEBUG PrimaryStageWindow   - Push state: DialogSubScene
01:18:20.832 [JavaFX Application Thread] DEBUG Input                - Clearing active input actions
01:18:20.834 [JavaFX Application Thread] DEBUG GameApplicationServi - Removing overlay from MainMenuScene and adding to DialogSubScene
01:18:20.834 [JavaFX Application Thread] DEBUG PrimaryStageWindow   - MainMenuScene -> DialogSubScene
01:18:22.566 [JavaFX Application Thread] DEBUG PrimaryStageWindow   - Pop state: DialogSubScene
01:18:22.566 [JavaFX Application Thread] DEBUG Input                - Clearing active input actions
01:18:22.567 [JavaFX Application Thread] DEBUG GameApplicationServi - Removing overlay from DialogSubScene and adding to MainMenuScene
01:18:22.567 [JavaFX Application Thread] DEBUG PrimaryStageWindow   - MainMenuScene <- DialogSubScene
01:18:22.568 [JavaFX Application Thread] DEBUG GameWorld            - Game world initialized
01:18:22.568 [JavaFX Application Thread] DEBUG PhysicsWorld         - Physics world initialized: appHeight=720, physics.ppm=50.0
01:18:22.568 [JavaFX Application Thread] DEBUG PhysicsWorld         - Using strategy: BRUTE_FORCE
01:18:22.568 [JavaFX Application Thread] DEBUG GameScene            - Game scene initialized: 1280x720
01:18:22.576 [JavaFX Application Thread] DEBUG PrimaryStageWindow   - Push state: MainMenuScene
01:18:22.604 [JavaFX Application Thread] DEBUG Input                - Clearing active input actions
01:18:22.604 [JavaFX Application Thread] DEBUG GameApplicationServi - Removing overlay from MainMenuScene and adding to MainMenuScene
01:18:22.604 [JavaFX Application Thread] DEBUG PrimaryStageWindow   - MainMenuScene -> MainMenuScene
01:18:23.525 [JavaFX Application Thread] DEBUG PrimaryStageWindow   - Push state: DialogSubScene
01:18:23.525 [JavaFX Application Thread] DEBUG Input                - Clearing active input actions
01:18:23.526 [JavaFX Application Thread] DEBUG GameApplicationServi - Removing overlay from MainMenuScene and adding to DialogSubScene
01:18:23.527 [JavaFX Application Thread] DEBUG PrimaryStageWindow   - MainMenuScene -> DialogSubScene
01:18:24.313 [JavaFX Application Thread] DEBUG PrimaryStageWindow   - Pop state: DialogSubScene
01:18:24.313 [JavaFX Application Thread] DEBUG Input                - Clearing active input actions
01:18:24.313 [JavaFX Application Thread] DEBUG GameApplicationServi - Removing overlay from DialogSubScene and adding to MainMenuScene
01:18:24.313 [JavaFX Application Thread] DEBUG PrimaryStageWindow   - MainMenuScene <- DialogSubScene
01:18:24.313 [JavaFX Application Thread] DEBUG GameWorld            - Game world initialized
01:18:24.314 [JavaFX Application Thread] DEBUG PhysicsWorld         - Physics world initialized: appHeight=720, physics.ppm=50.0
01:18:24.314 [JavaFX Application Thread] DEBUG PhysicsWorld         - Using strategy: BRUTE_FORCE
01:18:24.314 [JavaFX Application Thread] DEBUG GameScene            - Game scene initialized: 1280x720
01:18:24.323 [JavaFX Application Thread] DEBUG PrimaryStageWindow   - Push state: MainMenuScene
01:18:24.351 [JavaFX Application Thread] DEBUG Input                - Clearing active input actions
01:18:24.351 [JavaFX Application Thread] DEBUG GameApplicationServi - Removing overlay from MainMenuScene and adding to MainMenuScene
01:18:24.351 [JavaFX Application Thread] DEBUG PrimaryStageWindow   - MainMenuScene -> MainMenuScene
01:18:30.894 [JavaFX Application Thread] DEBUG GameApplicationServi - Starting new game
01:18:30.894 [JavaFX Application Thread] DEBUG PrimaryStageWindow   - Pop state: MainMenuScene
01:18:30.894 [JavaFX Application Thread] DEBUG Input                - Clearing active input actions
01:18:30.895 [JavaFX Application Thread] DEBUG GameApplicationServi - Removing overlay from MainMenuScene and adding to MainMenuScene
01:18:30.895 [JavaFX Application Thread] DEBUG PrimaryStageWindow   - MainMenuScene <- MainMenuScene
01:18:30.934 [JavaFX Application Thread] DEBUG PrimaryStageWindow   - Pop state: MainMenuScene
01:18:30.934 [JavaFX Application Thread] DEBUG Input                - Clearing active input actions
01:18:30.934 [JavaFX Application Thread] DEBUG GameApplicationServi - Removing overlay from MainMenuScene and adding to MainMenuScene
01:18:30.934 [JavaFX Application Thread] DEBUG PrimaryStageWindow   - MainMenuScene <- MainMenuScene
01:18:30.990 [JavaFX Application Thread] DEBUG PrimaryStageWindow   - Pop state: MainMenuScene
01:18:30.991 [JavaFX Application Thread] DEBUG Input                - Clearing active input actions
01:18:30.991 [JavaFX Application Thread] DEBUG GameApplicationServi - Removing overlay from MainMenuScene and adding to MainMenuScene
01:18:30.991 [JavaFX Application Thread] DEBUG PrimaryStageWindow   - MainMenuScene <- MainMenuScene
01:18:31.037 [JavaFX Application Thread] DEBUG PrimaryStageWindow   - Pop state: MainMenuScene
01:18:31.037 [JavaFX Application Thread] DEBUG Input                - Clearing active input actions
01:18:31.038 [JavaFX Application Thread] DEBUG GameApplicationServi - Removing overlay from MainMenuScene and adding to MainMenuScene
01:18:31.038 [JavaFX Application Thread] DEBUG PrimaryStageWindow   - MainMenuScene <- MainMenuScene
01:18:31.086 [JavaFX Application Thread] DEBUG PrimaryStageWindow   - Pop state: MainMenuScene
01:18:31.086 [JavaFX Application Thread] DEBUG Input                - Clearing active input actions
01:18:31.086 [JavaFX Application Thread] DEBUG GameApplicationServi - Removing overlay from MainMenuScene and adding to LoginScene
01:18:31.086 [JavaFX Application Thread] DEBUG PrimaryStageWindow   - LoginScene <- MainMenuScene
01:18:31.158 [JavaFX Application Thread] DEBUG PrimaryStageWindow   - Pop state: LoginScene
01:18:31.158 [JavaFX Application Thread] DEBUG Input                - Clearing active input actions
01:18:31.158 [JavaFX Application Thread] DEBUG GameApplicationServi - Removing overlay from LoginScene and adding to FXGLMainMenuDummyScene
01:18:31.158 [JavaFX Application Thread] DEBUG PrimaryStageWindow   - FXGLMainMenuDummyScene <- LoginScene
01:18:31.158 [JavaFX Application Thread] DEBUG Input                - Clearing active input actions
01:18:31.164 [JavaFX Application Thread] DEBUG GameApplicationServi - Removing overlay from FXGLMainMenuDummyScene and adding to FXGLLoadingScene
01:18:31.164 [JavaFX Application Thread] DEBUG PrimaryStageWindow   - FXGLMainMenuDummyScene -> FXGLLoadingScene
01:18:31.164 [JavaFX Application Thread] DEBUG GameApplicationServi - Clearing previous game
01:18:31.164 [JavaFX Application Thread] DEBUG GameScene            - Clearing game scene
01:18:31.164 [JavaFX Application Thread] DEBUG GameWorld            - Clearing game world
01:18:31.164 [JavaFX Application Thread] DEBUG PhysicsWorld         - Clearing physics world
01:18:31.165 [FXGL Background Thread 2 ] DEBUG FXGLApplication      - Initializing game
01:18:31.174 [FXGL Background Thread 2 ] DEBUG FXGLAssetLoaderServi - Loading from file system: file:/F:/my%20files/School/2nd%20year%202nd%20sem/TheOnlyException/Test/target/classes/assets/textures/worlda.png
01:18:31.245 [FXGL Background Thread 2 ] DEBUG FXGLAssetLoaderServi - Loading from file system: file:/F:/my%20files/School/2nd%20year%202nd%20sem/TheOnlyException/Test/target/classes/assets/textures/player-scaled.png
01:18:31.290 [FXGL Background Thread 2 ] INFO  FXGLApplication      - Game initialization took: 0.125 sec
01:18:31.291 [JavaFX Application Thread] DEBUG Input                - Clearing active input actions
01:18:31.297 [JavaFX Application Thread] DEBUG GameApplicationServi - Removing overlay from FXGLLoadingScene and adding to GameScene
01:18:31.297 [JavaFX Application Thread] DEBUG PrimaryStageWindow   - FXGLLoadingScene -> GameScene
01:18:32.087 [JavaFX Application Thread] DEBUG FXGLAssetLoaderServi - Loading from file system: file:/F:/my%20files/School/2nd%20year%202nd%20sem/TheOnlyException/Test/target/classes/assets/textures/MaggotWalk-scaled-recolored.png
01:18:32.093 [JavaFX Application Thread] DEBUG FXGLAssetLoaderServi - Loading from file system: file:/F:/my%20files/School/2nd%20year%202nd%20sem/TheOnlyException/Test/target/classes/assets/textures/BeetleMove-scaled-recolored.png
01:18:32.095 [JavaFX Application Thread] DEBUG FXGLAssetLoaderServi - Loading from file system: file:/F:/my%20files/School/2nd%20year%202nd%20sem/TheOnlyException/Test/target/classes/assets/textures/MantisMove-scaled-recolored.png
01:18:32.097 [JavaFX Application Thread] DEBUG FXGLAssetLoaderServi - Loading from file system: file:/F:/my%20files/School/2nd%20year%202nd%20sem/TheOnlyException/Test/target/classes/assets/textures/BeeMove-scaled-recolored.png
01:18:32.098 [JavaFX Application Thread] DEBUG FXGLAssetLoaderServi - Loading from file system: file:/F:/my%20files/School/2nd%20year%202nd%20sem/TheOnlyException/Test/target/classes/assets/textures/GiantFly-recolored.png
01:18:32.100 [JavaFX Application Thread] DEBUG FXGLAssetLoaderServi - Loading from file system: file:/F:/my%20files/School/2nd%20year%202nd%20sem/TheOnlyException/Test/target/classes/assets/textures/DragonFly-recolored.png
01:18:39.854 [JavaFX Application Thread] DEBUG FXGLAssetLoaderServi - Loading from file system: file:/F:/my%20files/School/2nd%20year%202nd%20sem/TheOnlyException/Test/target/classes/assets/textures/memorychip.png
01:18:41.127 [JavaFX Application Thread] DEBUG FXGLAssetLoaderServi - Loading from file system: file:/F:/my%20files/School/2nd%20year%202nd%20sem/TheOnlyException/Test/target/classes/assets/textures/systemrestore.png
01:18:41.143 [JavaFX Application Thread] DEBUG FXGLAssetLoaderServi - Loading from file system: file:/F:/my%20files/School/2nd%20year%202nd%20sem/TheOnlyException/Test/target/classes/assets/textures/firewallshield.png
01:18:41.160 [JavaFX Application Thread] DEBUG FXGLAssetLoaderServi - Loading from file system: file:/F:/my%20files/School/2nd%20year%202nd%20sem/TheOnlyException/Test/target/classes/assets/textures/smolderprotocol.png
01:18:41.188 [JavaFX Application Thread] DEBUG FXGLAssetLoaderServi - Loading from file system: file:/F:/my%20files/School/2nd%20year%202nd%20sem/TheOnlyException/Test/target/classes/assets/textures/nullblaster.png
01:18:41.210 [JavaFX Application Thread] DEBUG PrimaryStageWindow   - Push state: DialogSubScene
01:18:41.210 [JavaFX Application Thread] DEBUG Input                - Clearing active input actions
01:18:41.211 [JavaFX Application Thread] DEBUG GameApplicationServi - Removing overlay from GameScene and adding to DialogSubScene
01:18:41.211 [JavaFX Application Thread] DEBUG PrimaryStageWindow   - GameScene -> DialogSubScene
01:18:42.555 [JavaFX Application Thread] DEBUG PrimaryStageWindow   - Pop state: DialogSubScene
01:18:42.555 [JavaFX Application Thread] DEBUG Input                - Clearing active input actions
01:18:42.555 [JavaFX Application Thread] DEBUG GameApplicationServi - Removing overlay from DialogSubScene and adding to GameScene
01:18:42.556 [JavaFX Application Thread] DEBUG PrimaryStageWindow   - GameScene <- DialogSubScene
01:18:45.916 [JavaFX Application Thread] DEBUG FXGLAssetLoaderServi - Loading from file system: file:/F:/my%20files/School/2nd%20year%202nd%20sem/TheOnlyException/Test/target/classes/assets/textures/shortcircuit.png
01:18:45.935 [JavaFX Application Thread] DEBUG FXGLAssetLoaderServi - Loading from file system: file:/F:/my%20files/School/2nd%20year%202nd%20sem/TheOnlyException/Test/target/classes/assets/textures/datawipe.png
01:18:45.950 [JavaFX Application Thread] DEBUG PrimaryStageWindow   - Push state: DialogSubScene
01:18:45.950 [JavaFX Application Thread] DEBUG Input                - Clearing active input actions
01:18:45.951 [JavaFX Application Thread] DEBUG GameApplicationServi - Removing overlay from GameScene and adding to DialogSubScene
01:18:45.951 [JavaFX Application Thread] DEBUG PrimaryStageWindow   - GameScene -> DialogSubScene
01:18:55.894 [JavaFX Application Thread] DEBUG PrimaryStageWindow   - Pop state: DialogSubScene
01:18:55.894 [JavaFX Application Thread] DEBUG Input                - Clearing active input actions
01:18:55.894 [JavaFX Application Thread] DEBUG GameApplicationServi - Removing overlay from DialogSubScene and adding to GameScene
01:18:55.894 [JavaFX Application Thread] DEBUG PrimaryStageWindow   - GameScene <- DialogSubScene
01:18:56.399 [JavaFX Application Thread] DEBUG FXGLAssetLoaderServi - Loading from file system: file:/F:/my%20files/School/2nd%20year%202nd%20sem/TheOnlyException/Test/target/classes/assets/textures/smolder.png
01:18:56.431 [JavaFX Application Thread] DEBUG GameWorld            - Game world initialized
01:18:56.431 [JavaFX Application Thread] DEBUG PhysicsWorld         - Physics world initialized: appHeight=720, physics.ppm=50.0
01:18:56.431 [JavaFX Application Thread] DEBUG PhysicsWorld         - Using strategy: BRUTE_FORCE
01:18:56.431 [JavaFX Application Thread] DEBUG GameScene            - Game scene initialized: 1280x720
01:18:56.439 [JavaFX Application Thread] DEBUG PrimaryStageWindow   - Push state: PauseScene
01:18:56.439 [JavaFX Application Thread] DEBUG Input                - Clearing active input actions
01:18:56.440 [JavaFX Application Thread] DEBUG GameApplicationServi - Removing overlay from GameScene and adding to PauseScene
01:18:56.440 [JavaFX Application Thread] DEBUG PrimaryStageWindow   - GameScene -> PauseScene
01:18:57.534 [JavaFX Application Thread] DEBUG PrimaryStageWindow   - Pop state: PauseScene
01:18:57.534 [JavaFX Application Thread] DEBUG Input                - Clearing active input actions
01:18:57.535 [JavaFX Application Thread] DEBUG GameApplicationServi - Removing overlay from PauseScene and adding to GameScene
01:18:57.535 [JavaFX Application Thread] DEBUG PrimaryStageWindow   - GameScene <- PauseScene
01:18:57.861 [JavaFX Application Thread] DEBUG FXGLAssetLoaderServi - Loading from file system: file:/F:/my%20files/School/2nd%20year%202nd%20sem/TheOnlyException/Test/target/classes/assets/textures/datawipemine.png
01:18:57.923 [JavaFX Application Thread] DEBUG FXGLAssetLoaderServi - Loading from file system: file:/F:/my%20files/School/2nd%20year%202nd%20sem/TheOnlyException/Test/target/classes/assets/textures/realtimedefense.png
01:18:57.942 [JavaFX Application Thread] DEBUG PrimaryStageWindow   - Push state: DialogSubScene
01:18:57.942 [JavaFX Application Thread] DEBUG Input                - Clearing active input actions
01:18:57.942 [JavaFX Application Thread] DEBUG GameApplicationServi - Removing overlay from GameScene and adding to DialogSubScene
01:18:57.942 [JavaFX Application Thread] DEBUG PrimaryStageWindow   - GameScene -> DialogSubScene
01:18:59.202 [JavaFX Application Thread] DEBUG PrimaryStageWindow   - Pop state: DialogSubScene
01:18:59.202 [JavaFX Application Thread] DEBUG Input                - Clearing active input actions
01:18:59.202 [JavaFX Application Thread] DEBUG GameApplicationServi - Removing overlay from DialogSubScene and adding to GameScene
01:18:59.202 [JavaFX Application Thread] DEBUG PrimaryStageWindow   - GameScene <- DialogSubScene
01:18:59.203 [JavaFX Application Thread] DEBUG FXGLAssetLoaderServi - Loading from file system: file:/F:/my%20files/School/2nd%20year%202nd%20sem/TheOnlyException/Test/target/classes/assets/textures/realtimedefenseaura.png
01:18:59.408 [JavaFX Application Thread] DEBUG GameWorld            - Game world initialized
01:18:59.408 [JavaFX Application Thread] DEBUG PhysicsWorld         - Physics world initialized: appHeight=720, physics.ppm=50.0
01:18:59.408 [JavaFX Application Thread] DEBUG PhysicsWorld         - Using strategy: BRUTE_FORCE
01:18:59.408 [JavaFX Application Thread] DEBUG GameScene            - Game scene initialized: 1280x720
01:18:59.413 [JavaFX Application Thread] DEBUG PrimaryStageWindow   - Push state: PauseScene
01:18:59.413 [JavaFX Application Thread] DEBUG Input                - Clearing active input actions
01:18:59.413 [JavaFX Application Thread] DEBUG GameApplicationServi - Removing overlay from GameScene and adding to PauseScene
01:18:59.413 [JavaFX Application Thread] DEBUG PrimaryStageWindow   - GameScene -> PauseScene
01:19:18.718 [JavaFX Application Thread] DEBUG PrimaryStageWindow   - Pop state: PauseScene
01:19:18.718 [JavaFX Application Thread] DEBUG Input                - Clearing active input actions
01:19:18.719 [JavaFX Application Thread] DEBUG GameApplicationServi - Removing overlay from PauseScene and adding to GameScene
01:19:18.719 [JavaFX Application Thread] DEBUG PrimaryStageWindow   - GameScene <- PauseScene
01:19:20.429 [JavaFX Application Thread] DEBUG FXGLAssetLoaderServi - Loading from file system: file:/F:/my%20files/School/2nd%20year%202nd%20sem/TheOnlyException/Test/target/classes/assets/textures/datawipeexplosion.png
01:19:20.435 [JavaFX Application Thread] WARN  FXGLAssetLoaderServi - Asset "/assets/textures/orange_particle.png" was not found!
01:19:20.435 [JavaFX Application Thread] WARN  FXGLAssetLoaderServi - Failed to load IMAGE
01:19:22.014 [JavaFX Application Thread] DEBUG PrimaryStageWindow   - Push state: DialogSubScene
01:19:22.014 [JavaFX Application Thread] DEBUG Input                - Clearing active input actions
01:19:22.014 [JavaFX Application Thread] DEBUG GameApplicationServi - Removing overlay from GameScene and adding to DialogSubScene
01:19:22.014 [JavaFX Application Thread] DEBUG PrimaryStageWindow   - GameScene -> DialogSubScene
01:19:26.698 [JavaFX Application Thread] DEBUG PrimaryStageWindow   - Pop state: DialogSubScene
01:19:26.698 [JavaFX Application Thread] DEBUG Input                - Clearing active input actions
01:19:26.698 [JavaFX Application Thread] DEBUG GameApplicationServi - Removing overlay from DialogSubScene and adding to GameScene
01:19:26.698 [JavaFX Application Thread] DEBUG PrimaryStageWindow   - GameScene <- DialogSubScene
01:19:26.792 [JavaFX Application Thread] WARN  FXGLAssetLoaderServi - Asset "/assets/textures/orange_particle.png" was not found!
01:19:26.792 [JavaFX Application Thread] WARN  FXGLAssetLoaderServi - Failed to load IMAGE
01:19:27.549 [JavaFX Application Thread] WARN  FXGLAssetLoaderServi - Asset "/assets/textures/orange_particle.png" was not found!
01:19:27.550 [JavaFX Application Thread] WARN  FXGLAssetLoaderServi - Failed to load IMAGE
01:19:28.302 [JavaFX Application Thread] WARN  FXGLAssetLoaderServi - Asset "/assets/textures/orange_particle.png" was not found!
01:19:28.302 [JavaFX Application Thread] WARN  FXGLAssetLoaderServi - Failed to load IMAGE
01:19:28.896 [JavaFX Application Thread] DEBUG FXGLAssetLoaderServi - Loading from file system: file:/F:/my%20files/School/2nd%20year%202nd%20sem/TheOnlyException/Test/target/classes/assets/textures/lightning_strike.png
01:19:29.926 [JavaFX Application Thread] WARN  FXGLAssetLoaderServi - Asset "/assets/textures/orange_particle.png" was not found!
01:19:29.926 [JavaFX Application Thread] WARN  FXGLAssetLoaderServi - Failed to load IMAGE
01:19:31.871 [JavaFX Application Thread] WARN  FXGLAssetLoaderServi - Asset "/assets/textures/orange_particle.png" was not found!
01:19:31.871 [JavaFX Application Thread] WARN  FXGLAssetLoaderServi - Failed to load IMAGE
01:19:33.871 [JavaFX Application Thread] WARN  FXGLAssetLoaderServi - Asset "/assets/textures/orange_particle.png" was not found!
01:19:33.871 [JavaFX Application Thread] WARN  FXGLAssetLoaderServi - Failed to load IMAGE
01:19:34.538 [JavaFX Application Thread] DEBUG PrimaryStageWindow   - Push state: DialogSubScene
01:19:34.539 [JavaFX Application Thread] DEBUG Input                - Clearing active input actions
01:19:34.539 [JavaFX Application Thread] DEBUG GameApplicationServi - Removing overlay from GameScene and adding to DialogSubScene
01:19:34.539 [JavaFX Application Thread] DEBUG PrimaryStageWindow   - GameScene -> DialogSubScene
01:19:35.770 [JavaFX Application Thread] DEBUG PrimaryStageWindow   - Pop state: DialogSubScene
01:19:35.771 [JavaFX Application Thread] DEBUG Input                - Clearing active input actions
01:19:35.771 [JavaFX Application Thread] DEBUG GameApplicationServi - Removing overlay from DialogSubScene and adding to GameScene
01:19:35.771 [JavaFX Application Thread] DEBUG PrimaryStageWindow   - GameScene <- DialogSubScene
01:19:35.771 [JavaFX Application Thread] WARN  FXGLAssetLoaderServi - Asset "/assets/textures/particles/spark.png" was not found!
01:19:35.772 [JavaFX Application Thread] WARN  FXGLAssetLoaderServi - Failed to load RESIZABLE_IMAGE
01:19:36.928 [JavaFX Application Thread] WARN  FXGLAssetLoaderServi - Asset "/assets/textures/orange_particle.png" was not found!
01:19:36.928 [JavaFX Application Thread] WARN  FXGLAssetLoaderServi - Failed to load IMAGE
01:19:38.319 [JavaFX Application Thread] WARN  FXGLAssetLoaderServi - Asset "/assets/textures/orange_particle.png" was not found!
01:19:38.319 [JavaFX Application Thread] WARN  FXGLAssetLoaderServi - Failed to load IMAGE
01:19:40.222 [JavaFX Application Thread] WARN  FXGLAssetLoaderServi - Asset "/assets/textures/orange_particle.png" was not found!
01:19:40.222 [JavaFX Application Thread] WARN  FXGLAssetLoaderServi - Failed to load IMAGE
01:19:42.232 [JavaFX Application Thread] WARN  FXGLAssetLoaderServi - Asset "/assets/textures/orange_particle.png" was not found!
01:19:42.232 [JavaFX Application Thread] WARN  FXGLAssetLoaderServi - Failed to load IMAGE
01:19:43.361 [JavaFX Application Thread] DEBUG PrimaryStageWindow   - Push state: DialogSubScene
01:19:43.361 [JavaFX Application Thread] DEBUG Input                - Clearing active input actions
01:19:43.361 [JavaFX Application Thread] DEBUG GameApplicationServi - Removing overlay from GameScene and adding to DialogSubScene
01:19:43.361 [JavaFX Application Thread] DEBUG PrimaryStageWindow   - GameScene -> DialogSubScene
01:19:44.080 [JavaFX Application Thread] DEBUG PrimaryStageWindow   - Pop state: DialogSubScene
01:19:44.080 [JavaFX Application Thread] DEBUG Input                - Clearing active input actions
01:19:44.080 [JavaFX Application Thread] DEBUG GameApplicationServi - Removing overlay from DialogSubScene and adding to GameScene
01:19:44.080 [JavaFX Application Thread] DEBUG PrimaryStageWindow   - GameScene <- DialogSubScene
01:19:44.944 [JavaFX Application Thread] WARN  FXGLAssetLoaderServi - Asset "/assets/textures/orange_particle.png" was not found!
01:19:44.944 [JavaFX Application Thread] WARN  FXGLAssetLoaderServi - Failed to load IMAGE
01:19:46.924 [JavaFX Application Thread] WARN  FXGLAssetLoaderServi - Asset "/assets/textures/orange_particle.png" was not found!
01:19:46.924 [JavaFX Application Thread] WARN  FXGLAssetLoaderServi - Failed to load IMAGE
01:19:48.241 [JavaFX Application Thread] DEBUG LoopRunner           - Pausing loop
01:19:50.193 [JavaFX Application Thread] DEBUG LoopRunner           - Resuming loop
01:19:50.213 [JavaFX Application Thread] DEBUG GameWorld            - Game world initialized
01:19:50.213 [JavaFX Application Thread] DEBUG PhysicsWorld         - Physics world initialized: appHeight=720, physics.ppm=50.0
01:19:50.213 [JavaFX Application Thread] DEBUG PhysicsWorld         - Using strategy: BRUTE_FORCE
01:19:50.214 [JavaFX Application Thread] DEBUG GameScene            - Game scene initialized: 1280x720
01:19:50.220 [JavaFX Application Thread] DEBUG PrimaryStageWindow   - Push state: MainMenuScene
01:19:50.245 [JavaFX Application Thread] DEBUG Input                - Clearing active input actions
01:19:50.246 [JavaFX Application Thread] DEBUG GameApplicationServi - Removing overlay from GameScene and adding to MainMenuScene
01:19:50.246 [JavaFX Application Thread] DEBUG PrimaryStageWindow   - GameScene -> MainMenuScene
01:20:54.693 [JavaFX Application Thread] DEBUG FXGLApplication      - Exiting FXGL
01:20:54.693 [JavaFX Application Thread] DEBUG LoopRunner           - Stopping loop
01:20:54.693 [JavaFX Application Thread] DEBUG SystemBundleService  - Saving FXGL system data
01:20:54.695 [JavaFX Application Thread] DEBUG FileSystemAccess     - Writing to: F:\my files\School\2nd year 2nd sem\TheOnlyException\system\fxgl.bundle
01:20:54.761 [JavaFX Application Thread] DEBUG Async                - Shutting down background threads
01:20:54.761 [JavaFX Application Thread] DEBUG PrimaryStageWindow   - Closing main window
01:20:54.781 [JavaFX Application Thread] DEBUG Logger               - Closing Logger
