14:50:21.324 [main                     ] DEBUG Logger               - Configured Logger
14:50:21.333 [main                     ] DEBUG GameApplication      - Logging settings
Title: Prototype Game
Version: 0.1.5
Width: 1280
Height: 720
Fullscreen: false
Intro: false
Profiling: false
Single step:false
App Mode: DEVELOPER
Menu Key: ESCAPE
Stage Style: DECORATED
Scene Factory: class org.example.core.GameApp$1

14:50:21.656 [JavaFX Application Thread] DEBUG FXGLApplication      - Initializing FXGL
14:50:21.658 [JavaFX Application Thread] INFO  Engine               - FXGL-21+dev-SNAPSHOT (26.03.2024 19.46) on WINDOWS (J:24 FX:21.0.1)
14:50:21.658 [JavaFX Application Thread] DEBUG Engine               - JRE Vendor Name: Oracle Corporation
14:50:21.658 [JavaFX Application Thread] DEBUG Engine               - Running on OS: Windows 11 version 10.0
14:50:21.658 [JavaFX Application Thread] DEBUG Engine               - Architecture: amd64
14:50:21.658 [JavaFX Application Thread] INFO  Engine               - Source code and latest versions at: https://github.com/AlmasB/FXGL
14:50:21.658 [JavaFX Application Thread] INFO  Engine               -       Ask questions and discuss at: https://github.com/AlmasB/FXGL/discussions
14:50:21.658 [JavaFX Application Thread] INFO  Engine               -              Join the FXGL chat at: https://gitter.im/AlmasB/FXGL
14:50:21.749 [JavaFX Application Thread] DEBUG PrimaryStageWindow   - Creating a JavaFX scene
14:50:21.793 [JavaFX Application Thread] DEBUG PrimaryStageWindow   - Target settings size: 1280.0 x 720.0
14:50:21.793 [JavaFX Application Thread] DEBUG PrimaryStageWindow   - Scaled scene size:    1280.0 x 720.0
14:50:21.793 [JavaFX Application Thread] DEBUG PrimaryStageWindow   - Scaled ratio: (1.0, 1.0)
14:50:21.794 [JavaFX Application Thread] DEBUG PrimaryStageWindow   - Set initial scene to FXGLStartupScene
14:50:21.797 [JavaFX Application Thread] DEBUG PrimaryStageWindow   - Opening main window
14:50:21.876 [JavaFX Application Thread] DEBUG PrimaryStageWindow   - Window border size: (16.0, 39.0)
14:50:21.876 [JavaFX Application Thread] DEBUG PrimaryStageWindow   - Scaled size: 1280.0 x 720.0
14:50:21.877 [JavaFX Application Thread] DEBUG PrimaryStageWindow   - Scaled ratio: (1.0, 1.0)
14:50:21.877 [JavaFX Application Thread] DEBUG PrimaryStageWindow   - Scene size: 1280.0 x 720.0
14:50:21.877 [JavaFX Application Thread] DEBUG PrimaryStageWindow   - Stage size: 1296.0 x 759.0
14:50:21.883 [FXGL Background Thread 1 ] DEBUG Engine               - Initializing environment variables
14:50:21.929 [FXGL Background Thread 1 ] DEBUG FXGLAssetLoaderServi - User app class for loading assets: class org.example.core.GameApp
14:50:21.930 [FXGL Background Thread 1 ] DEBUG GameApplicationServi - Applying CSS: fxgl_dark.css
14:50:21.930 [FXGL Background Thread 1 ] DEBUG FXGLAssetLoaderServi - Loading from file system: jar:file:/C:/Users/primzcm/.m2/repository/com/github/almasb/fxgl/fxgl/21.1/fxgl-21.1.jar!/fxglassets/ui/css/fxgl_dark.css
14:50:21.966 [FXGL Background Thread 1 ] DEBUG GameApplicationServi - Initializing application scenes
14:50:21.994 [FXGL Background Thread 1 ] DEBUG GameWorld            - Game world initialized
14:50:22.029 [FXGL Background Thread 1 ] DEBUG PhysicsWorld         - Physics world initialized: appHeight=720, physics.ppm=50.0
14:50:22.030 [FXGL Background Thread 1 ] DEBUG PhysicsWorld         - Using strategy: BRUTE_FORCE
14:50:22.032 [FXGL Background Thread 1 ] DEBUG GameScene            - Game scene initialized: 1280x720
14:50:22.041 [FXGL Background Thread 1 ] DEBUG FXGL.DefaultMenu     - createMenuBodyGameMenu()
14:50:22.053 [FXGL Background Thread 1 ] DEBUG FXGL.DefaultMenu     - createOptionsMenu()
14:50:22.060 [FXGL Background Thread 1 ] DEBUG FXGLAssetLoaderServi - Loading from file system: jar:file:/C:/Users/primzcm/.m2/repository/com/github/almasb/fxgl/fxgl/21.1/fxgl-21.1.jar!/fxglassets/textures/particles/smoke.png
14:50:22.135 [FXGL Background Thread 1 ] DEBUG FXGLAssetLoaderServi - Loading from file system: jar:file:/C:/Users/primzcm/.m2/repository/com/github/almasb/fxgl/fxgl/21.1/fxgl-21.1.jar!/fxglassets/textures/particles/trace_horizontal.png
14:50:22.157 [FXGL Background Thread 1 ] DEBUG GameApplicationServi - Application scenes initialized
14:50:22.166 [FXGL Background Thread 1 ] DEBUG SystemBundleService  - Loading FXGL system data
14:50:22.169 [FXGL Background Thread 1 ] DEBUG FileSystemAccess     - Reading from: F:\my files\School\2nd year 2nd sem\TheOnlyException\system\fxgl.bundle
14:50:22.174 [FXGL Background Thread 1 ] DEBUG SystemBundleService  - Bundle FXGL: {}
14:50:22.174 [FXGL Background Thread 1 ] DEBUG UpdaterService       - Checking for updates
14:50:22.177 [FXGL Background Thread 4 ] DEBUG FXGLApplication      - Loading fonts
14:50:22.178 [FXGL Background Thread 4 ] DEBUG FXGLAssetLoaderServi - Loading from file system: jar:file:/C:/Users/primzcm/.m2/repository/com/github/almasb/fxgl/fxgl/21.1/fxgl-21.1.jar!/fxglassets/ui/fonts/VarelaRound-Regular.ttf
14:50:22.178 [FXGL Background Thread 1 ] DEBUG FXGLApplication      - Loading default localization
14:50:22.178 [FXGL Background Thread 1 ] DEBUG FXGLAssetLoaderServi - Loading from file system: jar:file:/C:/Users/primzcm/.m2/repository/com/github/almasb/fxgl/fxgl/21.1/fxgl-21.1.jar!/fxglassets/languages/english.lang
14:50:22.203 [FXGL Background Thread 4 ] DEBUG FXGLAssetLoaderServi - Loading from file system: jar:file:/C:/Users/primzcm/.m2/repository/com/github/almasb/fxgl/fxgl/21.1/fxgl-21.1.jar!/fxglassets/ui/fonts/Abel-Regular.ttf
14:50:22.203 [FXGL Background Thread 1 ] INFO  FXGLApplication      - FXGL initialization took: 0.320 sec
14:50:22.205 [FXGL Background Thread 4 ] DEBUG FXGLAssetLoaderServi - Loading from file system: jar:file:/C:/Users/primzcm/.m2/repository/com/github/almasb/fxgl/fxgl/21.1/fxgl-21.1.jar!/fxglassets/ui/fonts/TerminalLandMono-Regular.otf
14:50:22.207 [FXGL Background Thread 4 ] DEBUG FXGLAssetLoaderServi - Loading from file system: jar:file:/C:/Users/primzcm/.m2/repository/com/github/almasb/fxgl/fxgl/21.1/fxgl-21.1.jar!/fxglassets/ui/fonts/Courier-Prime.ttf
14:50:22.213 [JavaFX Application Thread] DEBUG Input                - Registered new binding: action0 - A
14:50:22.214 [JavaFX Application Thread] DEBUG Input                - Registered new binding: action1 - D
14:50:22.214 [JavaFX Application Thread] DEBUG Input                - Registered new binding: action2 - W
14:50:22.214 [JavaFX Application Thread] DEBUG Input                - Registered new binding: action3 - S
14:50:22.215 [JavaFX Application Thread] DEBUG FXGLAssetLoaderServi - Loading from file system: jar:file:/C:/Users/primzcm/.m2/repository/com/github/almasb/fxgl/fxgl/21.1/fxgl-21.1.jar!/fxglassets/textures/fxgl_icon.png
14:50:22.234 [JavaFX Application Thread] DEBUG FXGLAssetLoaderServi - Loading from file system: jar:file:/C:/Users/primzcm/.m2/repository/com/github/almasb/fxgl/fxgl/21.1/fxgl-21.1.jar!/fxglassets/textures/fxgl_default_cursor.png
14:50:22.236 [JavaFX Application Thread] DEBUG Input                - Registered new binding: Screenshot - CTRL+8
14:50:22.236 [JavaFX Application Thread] DEBUG Input                - Registered new binding: System info dump - CTRL+9
14:50:22.237 [JavaFX Application Thread] DEBUG Input                - Registered new binding: Restart - CTRL+R
14:50:22.237 [JavaFX Application Thread] DEBUG Input                - Registered new binding: Toggle Debug Camera - CTRL+7
14:50:22.239 [JavaFX Application Thread] DEBUG LoopRunner           - Starting loop
14:50:22.239 [JavaFX Application Thread] DEBUG LoopRunner           - Initializing JavaFX AnimationTimerLoop
14:50:22.242 [JavaFX Application Thread] DEBUG Input                - Clearing active input actions
14:50:22.247 [JavaFX Application Thread] DEBUG GameApplicationServi - Removing overlay from FXGLStartupScene and adding to FXGLMainMenuDummyScene
14:50:22.247 [JavaFX Application Thread] DEBUG PrimaryStageWindow   - FXGLStartupScene -> FXGLMainMenuDummyScene
14:50:22.247 [JavaFX Application Thread] DEBUG PrimaryStageWindow   - Push state: NameInputScene
14:50:22.441 [JavaFX Application Thread] DEBUG Input                - Clearing active input actions
14:50:22.448 [JavaFX Application Thread] DEBUG GameApplicationServi - Removing overlay from FXGLMainMenuDummyScene and adding to NameInputScene
14:50:22.448 [JavaFX Application Thread] DEBUG PrimaryStageWindow   - FXGLMainMenuDummyScene -> NameInputScene
14:50:22.454 [JavaFX Application Thread] DEBUG FXGLApplication      - Registering font factories with UI factory
14:50:22.529 [FXGL Background Thread 2 ] INFO  UpdaterService       - Your current version:  21+dev-SNAPSHOT
14:50:22.530 [FXGL Background Thread 2 ] INFO  UpdaterService       - Latest stable version: 21.1
14:50:23.544 [JavaFX Application Thread] DEBUG FXGLApplication      - Exiting FXGL
14:50:23.544 [JavaFX Application Thread] DEBUG LoopRunner           - Stopping loop
14:50:23.544 [JavaFX Application Thread] DEBUG SystemBundleService  - Saving FXGL system data
14:50:23.545 [JavaFX Application Thread] DEBUG FileSystemAccess     - Writing to: F:\my files\School\2nd year 2nd sem\TheOnlyException\system\fxgl.bundle
14:50:23.591 [JavaFX Application Thread] DEBUG Async                - Shutting down background threads
14:50:23.591 [JavaFX Application Thread] DEBUG PrimaryStageWindow   - Closing main window
14:50:23.607 [JavaFX Application Thread] DEBUG Logger               - Closing Logger
