01:13:11.340 [main                     ] DEBUG Logger               - Configured Logger
01:13:11.353 [main                     ] DEBUG GameApplication      - Logging settings
Title: Prototype
Version: 0.1.5
Width: 1280
Height: 720
Fullscreen: false
Intro: false
Profiling: false
Single step:false
App Mode: DEVELOPER
Menu Key: ESCAPE
Stage Style: DECORATED
Scene Factory: class org.example.GameApp$1

01:13:12.618 [JavaFX Application Thread] DEBUG FXGLApplication      - Initializing FXGL
01:13:12.629 [JavaFX Application Thread] INFO  Engine               - FXGL-17+dev-SNAPSHOT (01.09.2022 03.33) on WINDOWS (J:24 FX:18)
01:13:12.630 [JavaFX Application Thread] DEBUG Engine               - JRE Vendor Name: Oracle Corporation
01:13:12.630 [JavaFX Application Thread] DEBUG Engine               - Running on OS: Windows 11 version 10.0
01:13:12.630 [JavaFX Application Thread] DEBUG Engine               - Architecture: amd64
01:13:12.631 [JavaFX Application Thread] INFO  Engine               - Source code and latest versions at: https://github.com/AlmasB/FXGL
01:13:12.631 [JavaFX Application Thread] INFO  Engine               -       Ask questions and discuss at: https://github.com/AlmasB/FXGL/discussions
01:13:12.631 [JavaFX Application Thread] INFO  Engine               -              Join the FXGL chat at: https://gitter.im/AlmasB/FXGL
01:13:13.073 [JavaFX Application Thread] DEBUG PrimaryStageWindow   - Creating a JavaFX scene
01:13:13.073 [JavaFX Application Thread] DEBUG PrimaryStageWindow   - Target size > screen size
01:13:13.227 [JavaFX Application Thread] DEBUG PrimaryStageWindow   - Target settings size: 1280.0 x 720.0
01:13:13.227 [JavaFX Application Thread] DEBUG PrimaryStageWindow   - Scaled scene size:    1169.0 x 671.0
01:13:13.228 [JavaFX Application Thread] DEBUG PrimaryStageWindow   - Scaled ratio: (0.91328125, 0.9319444444444445)
01:13:13.232 [JavaFX Application Thread] DEBUG PrimaryStageWindow   - Set initial scene to FXGLStartupScene
01:13:13.256 [JavaFX Application Thread] DEBUG PrimaryStageWindow   - Opening main window
01:13:13.554 [JavaFX Application Thread] DEBUG PrimaryStageWindow   - Window border size: (15.0, 37.66668701171875)
01:13:13.554 [JavaFX Application Thread] DEBUG PrimaryStageWindow   - Scaled size: 1169.0 x 671.0
01:13:13.555 [JavaFX Application Thread] DEBUG PrimaryStageWindow   - Scaled ratio: (0.91328125, 0.9319444444444445)
01:13:13.555 [JavaFX Application Thread] DEBUG PrimaryStageWindow   - Scene size: 1169.0 x 671.0
01:13:13.556 [JavaFX Application Thread] DEBUG PrimaryStageWindow   - Stage size: 1184.0 x 708.6666870117188
01:13:13.583 [FXGL Background Thread 1 ] DEBUG Engine               - Initializing environment variables
01:13:13.730 [FXGL Background Thread 1 ] DEBUG FXGLAssetLoaderServi - User app class for loading assets: class org.example.GameApp
01:13:13.731 [FXGL Background Thread 1 ] DEBUG GameApplicationServi - Applying CSS: fxgl_dark.css
01:13:13.736 [FXGL Background Thread 1 ] DEBUG FXGLAssetLoaderServi - Loading from file system: jar:file:/C:/Users/ginac/.m2/repository/com/github/AlmasB/FXGL/fxgl/17.2/fxgl-17.2.jar!/fxglassets/ui/css/fxgl_dark.css
01:13:13.917 [FXGL Background Thread 1 ] DEBUG GameApplicationServi - Initializing application scenes
01:13:14.145 [FXGL Background Thread 1 ] DEBUG GameWorld            - Game world initialized
01:13:14.295 [FXGL Background Thread 1 ] DEBUG PhysicsWorld         - Physics world initialized: appHeight=720, physics.ppm=50.0
01:13:14.296 [FXGL Background Thread 1 ] DEBUG PhysicsWorld         - Using strategy: BRUTE_FORCE
01:13:14.305 [FXGL Background Thread 1 ] DEBUG GameScene            - Game scene initialized: 1280x720
01:13:14.397 [FXGL Background Thread 1 ] DEBUG FXGL.DefaultMenu     - createMenuBodyGameMenu()
01:13:14.426 [FXGL Background Thread 1 ] DEBUG FXGL.DefaultMenu     - createOptionsMenu()
01:13:14.459 [FXGL Background Thread 1 ] DEBUG FXGLAssetLoaderServi - Loading from file system: jar:file:/C:/Users/ginac/.m2/repository/com/github/AlmasB/FXGL/fxgl/17.2/fxgl-17.2.jar!/fxglassets/textures/particles/smoke.png
01:13:14.691 [FXGL Background Thread 1 ] DEBUG FXGLAssetLoaderServi - Loading from file system: jar:file:/C:/Users/ginac/.m2/repository/com/github/AlmasB/FXGL/fxgl/17.2/fxgl-17.2.jar!/fxglassets/textures/particles/trace_horizontal.png
01:13:14.756 [FXGL Background Thread 1 ] DEBUG GameApplicationServi - Application scenes initialized
01:13:14.822 [FXGL Background Thread 1 ] DEBUG SystemBundleService  - Loading FXGL system data
01:13:14.829 [FXGL Background Thread 1 ] DEBUG FileSystemAccess     - Reading from: C:\Users\ginac\IdeaProjects\TheOnlyException\system\fxgl.bundle
01:13:14.838 [FXGL Background Thread 1 ] DEBUG SystemBundleService  - Bundle FXGL: {}
01:13:14.838 [FXGL Background Thread 1 ] DEBUG UpdaterService       - Checking for updates
01:13:14.858 [FXGL Background Thread 4 ] DEBUG FXGLApplication      - Loading fonts
01:13:14.859 [FXGL Background Thread 4 ] DEBUG FXGLAssetLoaderServi - Loading from file system: jar:file:/C:/Users/ginac/.m2/repository/com/github/AlmasB/FXGL/fxgl-samples/17.2/fxgl-samples-17.2.jar!/assets/ui/fonts/VarelaRound-Regular.ttf
01:13:14.860 [FXGL Background Thread 1 ] DEBUG FXGLApplication      - Loading default localization
01:13:14.862 [FXGL Background Thread 1 ] DEBUG FXGLAssetLoaderServi - Loading from file system: jar:file:/C:/Users/ginac/.m2/repository/com/github/AlmasB/FXGL/fxgl/17.2/fxgl-17.2.jar!/fxglassets/languages/english.lang
01:13:14.891 [FXGL Background Thread 4 ] DEBUG FXGLAssetLoaderServi - Loading from file system: jar:file:/C:/Users/ginac/.m2/repository/com/github/AlmasB/FXGL/fxgl/17.2/fxgl-17.2.jar!/fxglassets/ui/fonts/Abel-Regular.ttf
01:13:14.906 [FXGL Background Thread 4 ] DEBUG FXGLAssetLoaderServi - Loading from file system: jar:file:/C:/Users/ginac/.m2/repository/com/github/AlmasB/FXGL/fxgl/17.2/fxgl-17.2.jar!/fxglassets/ui/fonts/TerminalLandMono-Regular.otf
01:13:14.926 [FXGL Background Thread 1 ] INFO  FXGLApplication      - FXGL initialization took: 1.343 sec
01:13:14.931 [JavaFX Application Thread] DEBUG Input                - Clearing active input actions
01:13:14.934 [FXGL Background Thread 4 ] DEBUG FXGLAssetLoaderServi - Loading from file system: jar:file:/C:/Users/ginac/.m2/repository/com/github/AlmasB/FXGL/fxgl/17.2/fxgl-17.2.jar!/fxglassets/ui/fonts/Courier-Prime.ttf
01:13:14.956 [JavaFX Application Thread] DEBUG Input                - Registered new binding: action0 - A
01:13:14.957 [JavaFX Application Thread] DEBUG Input                - Registered new binding: action1 - D
01:13:14.958 [JavaFX Application Thread] DEBUG Input                - Registered new binding: action2 - W
01:13:14.959 [JavaFX Application Thread] DEBUG Input                - Registered new binding: action3 - S
01:13:14.962 [JavaFX Application Thread] DEBUG FXGLAssetLoaderServi - Loading from file system: jar:file:/C:/Users/ginac/.m2/repository/com/github/AlmasB/FXGL/fxgl/17.2/fxgl-17.2.jar!/fxglassets/textures/fxgl_icon.png
01:13:15.051 [JavaFX Application Thread] DEBUG FXGLAssetLoaderServi - Loading from file system: jar:file:/C:/Users/ginac/.m2/repository/com/github/AlmasB/FXGL/fxgl/17.2/fxgl-17.2.jar!/fxglassets/textures/fxgl_default_cursor.png
01:13:15.057 [JavaFX Application Thread] DEBUG Input                - Registered new binding: Screenshot - CTRL+8
01:13:15.059 [JavaFX Application Thread] DEBUG Input                - Registered new binding: System info dump - CTRL+9
01:13:15.060 [JavaFX Application Thread] DEBUG Input                - Registered new binding: Restart - CTRL+R
01:13:15.062 [JavaFX Application Thread] DEBUG Input                - Registered new binding: Toggle Debug Camera - CTRL+7
01:13:15.070 [JavaFX Application Thread] DEBUG LoopRunner           - Starting loop
01:13:15.070 [JavaFX Application Thread] DEBUG LoopRunner           - Initializing JavaFX AnimationTimerLoop
01:13:15.080 [JavaFX Application Thread] DEBUG Input                - Clearing active input actions
01:13:15.092 [JavaFX Application Thread] DEBUG GameApplicationServi - Removing overlay from FXGLStartupScene and adding to FXGLMainMenuDummyScene
01:13:15.094 [JavaFX Application Thread] DEBUG PrimaryStageWindow   - FXGLStartupScene -> FXGLMainMenuDummyScene
01:13:15.095 [JavaFX Application Thread] DEBUG PrimaryStageWindow   - Push state: NameInputScene
01:13:15.095 [JavaFX Application Thread] DEBUG Input                - Clearing active input actions
01:13:15.126 [JavaFX Application Thread] DEBUG GameApplicationServi - Removing overlay from FXGLMainMenuDummyScene and adding to NameInputScene
01:13:15.128 [JavaFX Application Thread] DEBUG PrimaryStageWindow   - FXGLMainMenuDummyScene -> NameInputScene
01:13:15.129 [JavaFX Application Thread] DEBUG FXGLApplication      - Registering font factories with UI factory
01:13:16.304 [FXGL Background Thread 2 ] INFO  UpdaterService       - Your current version:  17+dev-SNAPSHOT
01:13:16.304 [FXGL Background Thread 2 ] INFO  UpdaterService       - Latest stable version: 21.1
01:13:17.852 [FXGL Background Thread 3 ] DEBUG Engine               - Logging environment variables
01:13:17.853 [FXGL Background Thread 3 ] DEBUG Engine               - achievements: []
01:13:17.853 [FXGL Background Thread 3 ] DEBUG Engine               - actualHeight: 671.0
01:13:17.854 [FXGL Background Thread 3 ] DEBUG Engine               - actualHeightProperty: ReadOnlyDoubleProperty [value: 671.0]
01:13:17.854 [FXGL Background Thread 3 ] DEBUG Engine               - actualWidth: 1169.0
01:13:17.854 [FXGL Background Thread 3 ] DEBUG Engine               - actualWidthProperty: ReadOnlyDoubleProperty [value: 1169.0]
01:13:17.854 [FXGL Background Thread 3 ] DEBUG Engine               - appIcon: fxgl_icon.png
01:13:17.854 [FXGL Background Thread 3 ] DEBUG Engine               - applicationMode: DEVELOPER
01:13:17.854 [FXGL Background Thread 3 ] DEBUG Engine               - cSSList: [fxgl_dark.css]
01:13:17.854 [FXGL Background Thread 3 ] DEBUG Engine               - collisionDetectionStrategy: BRUTE_FORCE
01:13:17.855 [FXGL Background Thread 3 ] DEBUG Engine               - configClass: Optional.empty
01:13:17.855 [FXGL Background Thread 3 ] DEBUG Engine               - credits: []
01:13:17.856 [FXGL Background Thread 3 ] DEBUG Engine               - defaultCursor: CursorInfo(imageName=fxgl_default_cursor.png, hotspotX=7.0, hotspotY=6.0)
01:13:17.856 [FXGL Background Thread 3 ] DEBUG Engine               - devBBoxColorProperty: ObjectProperty [value: 0xff0000ff]
01:13:17.856 [FXGL Background Thread 3 ] DEBUG Engine               - devEnableDebugCameraProperty: BooleanProperty [value: false]
01:13:17.856 [FXGL Background Thread 3 ] DEBUG Engine               - devSensorColorProperty: ObjectProperty [value: 0xffff00ff]
01:13:17.856 [FXGL Background Thread 3 ] DEBUG Engine               - devShowBBoxProperty: BooleanProperty [value: false]
01:13:17.856 [FXGL Background Thread 3 ] DEBUG Engine               - devShowPositionProperty: BooleanProperty [value: false]
01:13:17.857 [FXGL Background Thread 3 ] DEBUG Engine               - enabledMenuItems: []
01:13:17.857 [FXGL Background Thread 3 ] DEBUG Engine               - engineServices: [class com.almasb.fxgl.app.services.FXGLAssetLoaderService, class com.almasb.fxgl.app.FXGLApplication$GameApplicationService, class com.almasb.fxgl.app.services.FXGLDialogService, class com.almasb.fxgl.app.services.IOTaskExecutorService, class com.almasb.fxgl.io.FileSystemService, class com.almasb.fxgl.localization.LocalizationService, class com.almasb.fxgl.app.services.SystemBundleService, class com.almasb.fxgl.profile.SaveLoadService, class com.almasb.fxgl.ui.FXGLUIFactoryServiceProvider, class com.almasb.fxgl.ui.FXGLDialogFactoryServiceProvider, class com.almasb.fxgl.audio.AudioPlayer, class com.almasb.fxgl.notification.impl.NotificationServiceProvider, class com.almasb.fxgl.achievement.AchievementService, class com.almasb.fxgl.cutscene.CutsceneService, class com.almasb.fxgl.minigames.MiniGameService, class com.almasb.fxgl.net.NetService, class com.almasb.fxgl.app.services.UpdaterService, class com.almasb.fxgl.dev.DevService]
01:13:17.857 [FXGL Background Thread 3 ] DEBUG Engine               - fontGame: Abel-Regular.ttf
01:13:17.857 [FXGL Background Thread 3 ] DEBUG Engine               - fontMono: TerminalLandMono-Regular.otf
01:13:17.857 [FXGL Background Thread 3 ] DEBUG Engine               - fontText: Courier-Prime.ttf
01:13:17.857 [FXGL Background Thread 3 ] DEBUG Engine               - fontUI: VarelaRound-Regular.ttf
01:13:17.857 [FXGL Background Thread 3 ] DEBUG Engine               - fullScreen: BooleanProperty [value: false]
01:13:17.857 [FXGL Background Thread 3 ] DEBUG Engine               - gameDifficulty: MEDIUM
01:13:17.857 [FXGL Background Thread 3 ] DEBUG Engine               - gameDifficultyProperty: ObjectProperty [value: MEDIUM]
01:13:17.858 [FXGL Background Thread 3 ] DEBUG Engine               - globalMusicVolume: 0.5
01:13:17.858 [FXGL Background Thread 3 ] DEBUG Engine               - globalMusicVolumeProperty: DoubleProperty [value: 0.5]
01:13:17.858 [FXGL Background Thread 3 ] DEBUG Engine               - globalSoundVolume: 0.5
01:13:17.858 [FXGL Background Thread 3 ] DEBUG Engine               - globalSoundVolumeProperty: DoubleProperty [value: 0.5]
01:13:17.858 [FXGL Background Thread 3 ] DEBUG Engine               - height: 720
01:13:17.858 [FXGL Background Thread 3 ] DEBUG Engine               - is3D: false
01:13:17.858 [FXGL Background Thread 3 ] DEBUG Engine               - isAndroid: false
01:13:17.859 [FXGL Background Thread 3 ] DEBUG Engine               - isBrowser: false
01:13:17.859 [FXGL Background Thread 3 ] DEBUG Engine               - isClickFeedbackEnabled: false
01:13:17.859 [FXGL Background Thread 3 ] DEBUG Engine               - isCloseConfirmation: false
01:13:17.859 [FXGL Background Thread 3 ] DEBUG Engine               - isDesktop: true
01:13:17.859 [FXGL Background Thread 3 ] DEBUG Engine               - isDeveloperMenuEnabled: false
01:13:17.859 [FXGL Background Thread 3 ] DEBUG Engine               - isEmbedded: false
01:13:17.859 [FXGL Background Thread 3 ] DEBUG Engine               - isEntityPreloadEnabled: true
01:13:17.860 [FXGL Background Thread 3 ] DEBUG Engine               - isExperimentalTiledLargeMap: false
01:13:17.860 [FXGL Background Thread 3 ] DEBUG Engine               - isFileSystemWriteAllowed: true
01:13:17.860 [FXGL Background Thread 3 ] DEBUG Engine               - isFullScreenAllowed: false
01:13:17.860 [FXGL Background Thread 3 ] DEBUG Engine               - isFullScreenFromStart: false
01:13:17.860 [FXGL Background Thread 3 ] DEBUG Engine               - isGameMenuEnabled: true
01:13:17.860 [FXGL Background Thread 3 ] DEBUG Engine               - isIOS: false
01:13:17.860 [FXGL Background Thread 3 ] DEBUG Engine               - isIntroEnabled: false
01:13:17.860 [FXGL Background Thread 3 ] DEBUG Engine               - isLinux: false
01:13:17.860 [FXGL Background Thread 3 ] DEBUG Engine               - isMac: false
01:13:17.860 [FXGL Background Thread 3 ] DEBUG Engine               - isMainMenuEnabled: true
01:13:17.860 [FXGL Background Thread 3 ] DEBUG Engine               - isManualResizeEnabled: false
01:13:17.861 [FXGL Background Thread 3 ] DEBUG Engine               - isMobile: false
01:13:17.861 [FXGL Background Thread 3 ] DEBUG Engine               - isNative: false
01:13:17.861 [FXGL Background Thread 3 ] DEBUG Engine               - isPauseMusicWhenMinimized: true
01:13:17.861 [FXGL Background Thread 3 ] DEBUG Engine               - isPreserveResizeRatio: false
01:13:17.861 [FXGL Background Thread 3 ] DEBUG Engine               - isProfilingEnabled: false
01:13:17.861 [FXGL Background Thread 3 ] DEBUG Engine               - isScaleAffectedOnResize: true
01:13:17.862 [FXGL Background Thread 3 ] DEBUG Engine               - isSingleStep: false
01:13:17.862 [FXGL Background Thread 3 ] DEBUG Engine               - isUserProfileEnabled: false
01:13:17.862 [FXGL Background Thread 3 ] DEBUG Engine               - isWindows: true
01:13:17.862 [FXGL Background Thread 3 ] DEBUG Engine               - language: ObjectProperty [value: ENGLISH]
01:13:17.862 [FXGL Background Thread 3 ] DEBUG Engine               - menuKey: ESCAPE
01:13:17.862 [FXGL Background Thread 3 ] DEBUG Engine               - mouseSensitivity: 0.2
01:13:17.862 [FXGL Background Thread 3 ] DEBUG Engine               - notificationViewClass: class com.almasb.fxgl.notification.view.XboxNotificationView
01:13:17.862 [FXGL Background Thread 3 ] DEBUG Engine               - pixelsPerMeter: 50.0
01:13:17.862 [FXGL Background Thread 3 ] DEBUG Engine               - platform: WINDOWS
01:13:17.863 [FXGL Background Thread 3 ] DEBUG Engine               - prefHeightProperty: ReadOnlyDoubleProperty [value: 720.0]
01:13:17.863 [FXGL Background Thread 3 ] DEBUG Engine               - prefWidthProperty: ReadOnlyDoubleProperty [value: 1280.0]
01:13:17.863 [FXGL Background Thread 3 ] DEBUG Engine               - profileDir: profiles/
01:13:17.863 [FXGL Background Thread 3 ] DEBUG Engine               - profileName: StringProperty [value: DEFAULT]
01:13:17.863 [FXGL Background Thread 3 ] DEBUG Engine               - randomSeed: -1
01:13:17.863 [FXGL Background Thread 3 ] DEBUG Engine               - runtimeInfo: RuntimeInfo(platform=WINDOWS, version=17+dev-SNAPSHOT, build=01.09.2022 03.33)
01:13:17.863 [FXGL Background Thread 3 ] DEBUG Engine               - saveFileExt: sav
01:13:17.864 [FXGL Background Thread 3 ] DEBUG Engine               - scaledHeightProp$fxgl: DoubleProperty [bound, value: 671.0]
01:13:17.864 [FXGL Background Thread 3 ] DEBUG Engine               - scaledWidthProp$fxgl: DoubleProperty [bound, value: 1169.0]
01:13:17.864 [FXGL Background Thread 3 ] DEBUG Engine               - sceneFactory: org.example.GameApp$1@71c405d5
01:13:17.864 [FXGL Background Thread 3 ] DEBUG Engine               - secondsIn24h: 60
01:13:17.864 [FXGL Background Thread 3 ] DEBUG Engine               - soundMenuBack: menu/back.wav
01:13:17.864 [FXGL Background Thread 3 ] DEBUG Engine               - soundMenuPress: menu/press.wav
01:13:17.864 [FXGL Background Thread 3 ] DEBUG Engine               - soundMenuSelect: menu/select.wav
01:13:17.864 [FXGL Background Thread 3 ] DEBUG Engine               - soundNotification: core/notification.wav
01:13:17.864 [FXGL Background Thread 3 ] DEBUG Engine               - stageStyle: DECORATED
01:13:17.866 [FXGL Background Thread 3 ] DEBUG Engine               - supportedLanguages: [ENGLISH, FRENCH, GERMAN, HUNGARIAN, RUSSIAN]
01:13:17.866 [FXGL Background Thread 3 ] DEBUG Engine               - ticksPerSecond: -1
01:13:17.866 [FXGL Background Thread 3 ] DEBUG Engine               - title: Prototype
01:13:17.866 [FXGL Background Thread 3 ] DEBUG Engine               - urlGithub: https://github.com/AlmasB/FXGL
01:13:17.866 [FXGL Background Thread 3 ] DEBUG Engine               - urlLeaderboard: http://fxgl-top.herokuapp.com/
01:13:17.866 [FXGL Background Thread 3 ] DEBUG Engine               - urlPOM: https://raw.githubusercontent.com/AlmasB/FXGL/release/README.md
01:13:17.866 [FXGL Background Thread 3 ] DEBUG Engine               - userAppClass: class org.example.GameApp
01:13:17.866 [FXGL Background Thread 3 ] DEBUG Engine               - version: 0.1.5
01:13:17.867 [FXGL Background Thread 3 ] DEBUG Engine               - versionCheckDays: 7
01:13:17.867 [FXGL Background Thread 3 ] DEBUG Engine               - width: 1280
01:13:17.867 [FXGL Background Thread 3 ] DEBUG Engine               - Logging services
01:13:17.867 [FXGL Background Thread 3 ] DEBUG Engine               - class com.almasb.fxgl.app.services.FXGLAssetLoaderService
01:13:17.867 [FXGL Background Thread 3 ] DEBUG Engine               - class com.almasb.fxgl.app.FXGLApplication$GameApplicationService
01:13:17.867 [FXGL Background Thread 3 ] DEBUG Engine               - class com.almasb.fxgl.app.services.FXGLDialogService
01:13:17.867 [FXGL Background Thread 3 ] DEBUG Engine               - class com.almasb.fxgl.app.services.IOTaskExecutorService
01:13:17.867 [FXGL Background Thread 3 ] DEBUG Engine               - class com.almasb.fxgl.io.FileSystemService
01:13:17.867 [FXGL Background Thread 3 ] DEBUG Engine               - class com.almasb.fxgl.localization.LocalizationService
01:13:17.868 [FXGL Background Thread 3 ] DEBUG Engine               - class com.almasb.fxgl.app.services.SystemBundleService
01:13:17.868 [FXGL Background Thread 3 ] DEBUG Engine               - class com.almasb.fxgl.profile.SaveLoadService
01:13:17.868 [FXGL Background Thread 3 ] DEBUG Engine               - class com.almasb.fxgl.ui.FXGLUIFactoryServiceProvider
01:13:17.868 [FXGL Background Thread 3 ] DEBUG Engine               - class com.almasb.fxgl.ui.FXGLDialogFactoryServiceProvider
01:13:17.868 [FXGL Background Thread 3 ] DEBUG Engine               - class com.almasb.fxgl.audio.AudioPlayer
01:13:17.868 [FXGL Background Thread 3 ] DEBUG Engine               - class com.almasb.fxgl.notification.impl.NotificationServiceProvider
01:13:17.868 [FXGL Background Thread 3 ] DEBUG Engine               - class com.almasb.fxgl.achievement.AchievementService
01:13:17.868 [FXGL Background Thread 3 ] DEBUG Engine               - class com.almasb.fxgl.cutscene.CutsceneService
01:13:17.868 [FXGL Background Thread 3 ] DEBUG Engine               - class com.almasb.fxgl.minigames.MiniGameService
01:13:17.868 [FXGL Background Thread 3 ] DEBUG Engine               - class com.almasb.fxgl.net.NetService
01:13:17.868 [FXGL Background Thread 3 ] DEBUG Engine               - class com.almasb.fxgl.app.services.UpdaterService
01:13:17.869 [FXGL Background Thread 3 ] DEBUG Engine               - class com.almasb.fxgl.dev.DevService
01:13:27.556 [JavaFX Application Thread] DEBUG LoopRunner           - Resuming loop
01:13:32.024 [JavaFX Application Thread] DEBUG Menu                 - fireNewGame()
01:13:32.024 [JavaFX Application Thread] DEBUG GameApplicationServi - Starting new game
01:13:32.025 [JavaFX Application Thread] DEBUG PrimaryStageWindow   - Pop state: NameInputScene
01:13:32.025 [JavaFX Application Thread] DEBUG Input                - Clearing active input actions
01:13:32.026 [JavaFX Application Thread] DEBUG GameApplicationServi - Removing overlay from NameInputScene and adding to FXGLMainMenuDummyScene
01:13:32.027 [JavaFX Application Thread] DEBUG PrimaryStageWindow   - FXGLMainMenuDummyScene <- NameInputScene
01:13:32.028 [JavaFX Application Thread] DEBUG Input                - Clearing active input actions
01:13:32.049 [JavaFX Application Thread] DEBUG GameApplicationServi - Removing overlay from FXGLMainMenuDummyScene and adding to FXGLLoadingScene
01:13:32.050 [JavaFX Application Thread] DEBUG PrimaryStageWindow   - FXGLMainMenuDummyScene -> FXGLLoadingScene
01:13:32.051 [JavaFX Application Thread] DEBUG GameApplicationServi - Clearing previous game
01:13:32.051 [JavaFX Application Thread] DEBUG GameScene            - Clearing game scene
01:13:32.051 [JavaFX Application Thread] DEBUG GameWorld            - Clearing game world
01:13:32.051 [JavaFX Application Thread] DEBUG PhysicsWorld         - Clearing physics world
01:13:32.056 [FXGL Background Thread 2 ] DEBUG FXGLApplication      - Initializing game
01:13:32.063 [FXGL Background Thread 2 ] DEBUG Input                - Clearing active input actions
01:13:32.105 [FXGL Background Thread 2 ] DEBUG FXGLAssetLoaderServi - Loading from file system: file:/C:/Users/ginac/IdeaProjects/TheOnlyException/Test/target/classes/assets/textures/dasd.png
01:13:32.191 [FXGL Background Thread 2 ] DEBUG FXGLAssetLoaderServi - Loading from file system: file:/C:/Users/ginac/IdeaProjects/TheOnlyException/Test/target/classes/assets/textures/player-scaled.png
01:13:32.324 [FXGL Background Thread 2 ] INFO  FXGLApplication      - Game initialization took: 0.267 sec
01:13:32.342 [JavaFX Application Thread] DEBUG Input                - Clearing active input actions
01:13:32.361 [JavaFX Application Thread] DEBUG GameApplicationServi - Removing overlay from FXGLLoadingScene and adding to GameScene
01:13:32.361 [JavaFX Application Thread] DEBUG PrimaryStageWindow   - FXGLLoadingScene -> GameScene
01:13:33.370 [JavaFX Application Thread] DEBUG FXGLAssetLoaderServi - Loading from file system: file:/C:/Users/ginac/IdeaProjects/TheOnlyException/Test/target/classes/assets/textures/MaggotWalk-scaled.png
01:13:33.938 [JavaFX Application Thread] DEBUG FXGLAssetLoaderServi - Loading from file system: file:/C:/Users/ginac/IdeaProjects/TheOnlyException/Test/target/classes/assets/textures/BeetleMove-scaled.png
01:13:34.528 [JavaFX Application Thread] DEBUG FXGLAssetLoaderServi - Loading from file system: file:/C:/Users/ginac/IdeaProjects/TheOnlyException/Test/target/classes/assets/textures/MantisMove-scaled.png
01:13:46.016 [JavaFX Application Thread] DEBUG LoopRunner           - Pausing loop
01:13:46.021 [JavaFX Application Thread] DEBUG PrimaryStageWindow   - Push state: DialogSubScene
01:13:46.021 [JavaFX Application Thread] DEBUG Input                - Clearing active input actions
01:13:46.023 [JavaFX Application Thread] DEBUG GameApplicationServi - Removing overlay from GameScene and adding to DialogSubScene
01:13:46.023 [JavaFX Application Thread] DEBUG PrimaryStageWindow   - GameScene -> DialogSubScene
01:13:47.690 [JavaFX Application Thread] DEBUG PrimaryStageWindow   - Pop state: DialogSubScene
01:13:47.690 [JavaFX Application Thread] DEBUG Input                - Clearing active input actions
01:13:47.691 [JavaFX Application Thread] DEBUG GameApplicationServi - Removing overlay from DialogSubScene and adding to GameScene
01:13:47.691 [JavaFX Application Thread] DEBUG PrimaryStageWindow   - GameScene <- DialogSubScene
01:13:47.696 [JavaFX Application Thread] DEBUG Input                - Clearing active input actions
01:13:47.697 [JavaFX Application Thread] DEBUG Input                - Clearing active input actions
01:13:47.710 [JavaFX Application Thread] DEBUG GameApplicationServi - Removing overlay from GameScene and adding to FXGLMainMenuDummyScene
01:13:47.711 [JavaFX Application Thread] DEBUG PrimaryStageWindow   - GameScene -> FXGLMainMenuDummyScene
01:13:47.711 [JavaFX Application Thread] DEBUG PrimaryStageWindow   - Push state: NameInputScene
01:13:47.711 [JavaFX Application Thread] DEBUG Input                - Clearing active input actions
01:13:47.715 [JavaFX Application Thread] DEBUG GameApplicationServi - Removing overlay from FXGLMainMenuDummyScene and adding to NameInputScene
01:13:47.715 [JavaFX Application Thread] DEBUG PrimaryStageWindow   - FXGLMainMenuDummyScene -> NameInputScene
01:13:47.715 [JavaFX Application Thread] DEBUG LoopRunner           - Resuming loop
01:13:49.106 [JavaFX Application Thread] DEBUG Menu                 - fireNewGame()
01:13:49.106 [JavaFX Application Thread] DEBUG GameApplicationServi - Starting new game
01:13:49.106 [JavaFX Application Thread] DEBUG PrimaryStageWindow   - Pop state: NameInputScene
01:13:49.106 [JavaFX Application Thread] DEBUG Input                - Clearing active input actions
01:13:49.108 [JavaFX Application Thread] DEBUG GameApplicationServi - Removing overlay from NameInputScene and adding to FXGLMainMenuDummyScene
01:13:49.108 [JavaFX Application Thread] DEBUG PrimaryStageWindow   - FXGLMainMenuDummyScene <- NameInputScene
01:13:49.109 [JavaFX Application Thread] DEBUG Input                - Clearing active input actions
01:13:49.137 [JavaFX Application Thread] DEBUG GameApplicationServi - Removing overlay from FXGLMainMenuDummyScene and adding to FXGLLoadingScene
01:13:49.137 [JavaFX Application Thread] DEBUG PrimaryStageWindow   - FXGLMainMenuDummyScene -> FXGLLoadingScene
01:13:49.137 [JavaFX Application Thread] DEBUG GameApplicationServi - Clearing previous game
01:13:49.137 [JavaFX Application Thread] DEBUG GameScene            - Clearing game scene
01:13:49.138 [JavaFX Application Thread] DEBUG GameWorld            - Clearing game world
01:13:49.140 [JavaFX Application Thread] DEBUG PhysicsWorld         - Clearing physics world
01:13:49.141 [FXGL Background Thread 2 ] DEBUG FXGLApplication      - Initializing game
01:13:49.142 [FXGL Background Thread 2 ] DEBUG Input                - Clearing active input actions
01:13:49.158 [FXGL Background Thread 2 ] INFO  FXGLApplication      - Game initialization took: 0.016 sec
01:13:49.169 [JavaFX Application Thread] DEBUG Input                - Clearing active input actions
01:13:49.188 [JavaFX Application Thread] DEBUG GameApplicationServi - Removing overlay from FXGLLoadingScene and adding to GameScene
01:13:49.189 [JavaFX Application Thread] DEBUG PrimaryStageWindow   - FXGLLoadingScene -> GameScene
01:14:04.112 [JavaFX Application Thread] DEBUG LoopRunner           - Pausing loop
01:14:04.114 [JavaFX Application Thread] DEBUG PrimaryStageWindow   - Push state: DialogSubScene
01:14:04.114 [JavaFX Application Thread] DEBUG Input                - Clearing active input actions
01:14:04.118 [JavaFX Application Thread] DEBUG GameApplicationServi - Removing overlay from GameScene and adding to DialogSubScene
01:14:04.119 [JavaFX Application Thread] DEBUG PrimaryStageWindow   - GameScene -> DialogSubScene
01:14:05.359 [JavaFX Application Thread] DEBUG PrimaryStageWindow   - Pop state: DialogSubScene
01:14:05.360 [JavaFX Application Thread] DEBUG Input                - Clearing active input actions
01:14:05.360 [JavaFX Application Thread] DEBUG GameApplicationServi - Removing overlay from DialogSubScene and adding to GameScene
01:14:05.361 [JavaFX Application Thread] DEBUG PrimaryStageWindow   - GameScene <- DialogSubScene
01:14:05.361 [JavaFX Application Thread] DEBUG Input                - Clearing active input actions
01:14:05.361 [JavaFX Application Thread] DEBUG Input                - Clearing active input actions
01:14:05.366 [JavaFX Application Thread] DEBUG GameApplicationServi - Removing overlay from GameScene and adding to FXGLMainMenuDummyScene
01:14:05.366 [JavaFX Application Thread] DEBUG PrimaryStageWindow   - GameScene -> FXGLMainMenuDummyScene
01:14:05.366 [JavaFX Application Thread] DEBUG PrimaryStageWindow   - Push state: NameInputScene
01:14:05.366 [JavaFX Application Thread] DEBUG Input                - Clearing active input actions
01:14:05.368 [JavaFX Application Thread] DEBUG GameApplicationServi - Removing overlay from FXGLMainMenuDummyScene and adding to NameInputScene
01:14:05.370 [JavaFX Application Thread] DEBUG PrimaryStageWindow   - FXGLMainMenuDummyScene -> NameInputScene
01:14:05.370 [JavaFX Application Thread] DEBUG LoopRunner           - Resuming loop
01:14:06.268 [JavaFX Application Thread] DEBUG Menu                 - fireNewGame()
01:14:06.268 [JavaFX Application Thread] DEBUG GameApplicationServi - Starting new game
01:14:06.268 [JavaFX Application Thread] DEBUG PrimaryStageWindow   - Pop state: NameInputScene
01:14:06.268 [JavaFX Application Thread] DEBUG Input                - Clearing active input actions
01:14:06.269 [JavaFX Application Thread] DEBUG GameApplicationServi - Removing overlay from NameInputScene and adding to FXGLMainMenuDummyScene
01:14:06.269 [JavaFX Application Thread] DEBUG PrimaryStageWindow   - FXGLMainMenuDummyScene <- NameInputScene
01:14:06.269 [JavaFX Application Thread] DEBUG Input                - Clearing active input actions
01:14:06.275 [JavaFX Application Thread] DEBUG GameApplicationServi - Removing overlay from FXGLMainMenuDummyScene and adding to FXGLLoadingScene
01:14:06.275 [JavaFX Application Thread] DEBUG PrimaryStageWindow   - FXGLMainMenuDummyScene -> FXGLLoadingScene
01:14:06.275 [JavaFX Application Thread] DEBUG GameApplicationServi - Clearing previous game
01:14:06.275 [JavaFX Application Thread] DEBUG GameScene            - Clearing game scene
01:14:06.275 [JavaFX Application Thread] DEBUG GameWorld            - Clearing game world
01:14:06.276 [JavaFX Application Thread] DEBUG PhysicsWorld         - Clearing physics world
01:14:06.277 [FXGL Background Thread 2 ] DEBUG FXGLApplication      - Initializing game
01:14:06.277 [FXGL Background Thread 2 ] DEBUG Input                - Clearing active input actions
01:14:06.287 [FXGL Background Thread 2 ] INFO  FXGLApplication      - Game initialization took: 0.009 sec
01:14:06.297 [JavaFX Application Thread] DEBUG Input                - Clearing active input actions
01:14:06.304 [JavaFX Application Thread] DEBUG GameApplicationServi - Removing overlay from FXGLLoadingScene and adding to GameScene
01:14:06.305 [JavaFX Application Thread] DEBUG PrimaryStageWindow   - FXGLLoadingScene -> GameScene
01:14:22.799 [JavaFX Application Thread] DEBUG LoopRunner           - Pausing loop
01:14:22.801 [JavaFX Application Thread] DEBUG PrimaryStageWindow   - Push state: DialogSubScene
01:14:22.802 [JavaFX Application Thread] DEBUG Input                - Clearing active input actions
01:14:22.804 [JavaFX Application Thread] DEBUG GameApplicationServi - Removing overlay from GameScene and adding to DialogSubScene
01:14:22.804 [JavaFX Application Thread] DEBUG PrimaryStageWindow   - GameScene -> DialogSubScene
01:14:24.819 [JavaFX Application Thread] DEBUG PrimaryStageWindow   - Pop state: DialogSubScene
01:14:24.819 [JavaFX Application Thread] DEBUG Input                - Clearing active input actions
01:14:24.820 [JavaFX Application Thread] DEBUG GameApplicationServi - Removing overlay from DialogSubScene and adding to GameScene
01:14:24.820 [JavaFX Application Thread] DEBUG PrimaryStageWindow   - GameScene <- DialogSubScene
01:14:24.821 [JavaFX Application Thread] DEBUG Input                - Clearing active input actions
01:14:24.821 [JavaFX Application Thread] DEBUG Input                - Clearing active input actions
01:14:24.827 [JavaFX Application Thread] DEBUG GameApplicationServi - Removing overlay from GameScene and adding to FXGLMainMenuDummyScene
01:14:24.828 [JavaFX Application Thread] DEBUG PrimaryStageWindow   - GameScene -> FXGLMainMenuDummyScene
01:14:24.828 [JavaFX Application Thread] DEBUG PrimaryStageWindow   - Push state: NameInputScene
01:14:24.828 [JavaFX Application Thread] DEBUG Input                - Clearing active input actions
01:14:24.829 [JavaFX Application Thread] DEBUG GameApplicationServi - Removing overlay from FXGLMainMenuDummyScene and adding to NameInputScene
01:14:24.829 [JavaFX Application Thread] DEBUG PrimaryStageWindow   - FXGLMainMenuDummyScene -> NameInputScene
01:14:24.829 [JavaFX Application Thread] DEBUG LoopRunner           - Resuming loop
01:14:25.647 [JavaFX Application Thread] DEBUG Menu                 - fireNewGame()
01:14:25.647 [JavaFX Application Thread] DEBUG GameApplicationServi - Starting new game
01:14:25.647 [JavaFX Application Thread] DEBUG PrimaryStageWindow   - Pop state: NameInputScene
01:14:25.647 [JavaFX Application Thread] DEBUG Input                - Clearing active input actions
01:14:25.648 [JavaFX Application Thread] DEBUG GameApplicationServi - Removing overlay from NameInputScene and adding to FXGLMainMenuDummyScene
01:14:25.648 [JavaFX Application Thread] DEBUG PrimaryStageWindow   - FXGLMainMenuDummyScene <- NameInputScene
01:14:25.648 [JavaFX Application Thread] DEBUG Input                - Clearing active input actions
01:14:25.654 [JavaFX Application Thread] DEBUG GameApplicationServi - Removing overlay from FXGLMainMenuDummyScene and adding to FXGLLoadingScene
01:14:25.655 [JavaFX Application Thread] DEBUG PrimaryStageWindow   - FXGLMainMenuDummyScene -> FXGLLoadingScene
01:14:25.655 [JavaFX Application Thread] DEBUG GameApplicationServi - Clearing previous game
01:14:25.655 [JavaFX Application Thread] DEBUG GameScene            - Clearing game scene
01:14:25.655 [JavaFX Application Thread] DEBUG GameWorld            - Clearing game world
01:14:25.656 [JavaFX Application Thread] DEBUG PhysicsWorld         - Clearing physics world
01:14:25.657 [FXGL Background Thread 2 ] DEBUG FXGLApplication      - Initializing game
01:14:25.657 [FXGL Background Thread 2 ] DEBUG Input                - Clearing active input actions
01:14:25.665 [FXGL Background Thread 2 ] INFO  FXGLApplication      - Game initialization took: 0.008 sec
01:14:25.667 [JavaFX Application Thread] DEBUG Input                - Clearing active input actions
01:14:25.672 [JavaFX Application Thread] DEBUG GameApplicationServi - Removing overlay from FXGLLoadingScene and adding to GameScene
01:14:25.673 [JavaFX Application Thread] DEBUG PrimaryStageWindow   - FXGLLoadingScene -> GameScene
01:14:27.754 [JavaFX Application Thread] DEBUG FXGLApplication      - Exiting FXGL
01:14:27.754 [JavaFX Application Thread] DEBUG LoopRunner           - Stopping loop
01:14:27.754 [JavaFX Application Thread] DEBUG SystemBundleService  - Saving FXGL system data
01:14:27.758 [JavaFX Application Thread] DEBUG FileSystemAccess     - Writing to: C:\Users\ginac\IdeaProjects\TheOnlyException\system\fxgl.bundle
01:14:27.763 [JavaFX Application Thread] DEBUG Async                - Shutting down background threads
01:14:27.763 [JavaFX Application Thread] DEBUG PrimaryStageWindow   - Closing main window
01:14:27.806 [JavaFX Application Thread] DEBUG Logger               - Closing Logger
