17:20:59.206 [main                     ] DEBUG Logger               - Configured Logger
17:20:59.222 [main                     ] DEBUG GameApplication      - Logging settings
Title: Prototype
Version: 0.1.5
Width: 1280
Height: 720
Fullscreen: false
Intro: false
Profiling: false
Single step:false
App Mode: DEVELOPER
Menu Key: ESCAPE
Stage Style: DECORATED
Scene Factory: class org.example.GameApp$1

17:20:59.512 [JavaFX Application Thread] DEBUG FXGLApplication      - Initializing FXGL
17:20:59.514 [JavaFX Application Thread] INFO  Engine               - FXGL-17+dev-SNAPSHOT (01.09.2022 03.33) on WINDOWS (J:19.0.2 FX:18)
17:20:59.515 [JavaFX Application Thread] DEBUG Engine               - JRE Vendor Name: Oracle Corporation
17:20:59.515 [JavaFX Application Thread] DEBUG Engine               - Running on OS: Windows 11 version 10.0
17:20:59.515 [JavaFX Application Thread] DEBUG Engine               - Architecture: amd64
17:20:59.515 [JavaFX Application Thread] INFO  Engine               - Source code and latest versions at: https://github.com/AlmasB/FXGL
17:20:59.515 [JavaFX Application Thread] INFO  Engine               -       Ask questions and discuss at: https://github.com/AlmasB/FXGL/discussions
17:20:59.515 [JavaFX Application Thread] INFO  Engine               -              Join the FXGL chat at: https://gitter.im/AlmasB/FXGL
17:20:59.570 [JavaFX Application Thread] DEBUG PrimaryStageWindow   - Creating a JavaFX scene
17:20:59.593 [JavaFX Application Thread] DEBUG PrimaryStageWindow   - Target settings size: 1280.0 x 720.0
17:20:59.593 [JavaFX Application Thread] DEBUG PrimaryStageWindow   - Scaled scene size:    1280.0 x 720.0
17:20:59.593 [JavaFX Application Thread] DEBUG PrimaryStageWindow   - Scaled ratio: (1.0, 1.0)
17:20:59.594 [JavaFX Application Thread] DEBUG PrimaryStageWindow   - Set initial scene to FXGLStartupScene
17:20:59.599 [JavaFX Application Thread] DEBUG PrimaryStageWindow   - Opening main window
17:20:59.642 [JavaFX Application Thread] DEBUG PrimaryStageWindow   - Window border size: (16.0, 39.0)
17:20:59.642 [JavaFX Application Thread] DEBUG PrimaryStageWindow   - Scaled size: 1280.0 x 720.0
17:20:59.642 [JavaFX Application Thread] DEBUG PrimaryStageWindow   - Scaled ratio: (1.0, 1.0)
17:20:59.642 [JavaFX Application Thread] DEBUG PrimaryStageWindow   - Scene size: 1280.0 x 720.0
17:20:59.642 [JavaFX Application Thread] DEBUG PrimaryStageWindow   - Stage size: 1296.0 x 759.0
17:20:59.646 [FXGL Background Thread 1 ] DEBUG Engine               - Initializing environment variables
17:20:59.673 [FXGL Background Thread 1 ] DEBUG FXGLAssetLoaderServi - User app class for loading assets: class org.example.GameApp
17:20:59.674 [FXGL Background Thread 1 ] DEBUG GameApplicationServi - Applying CSS: fxgl_dark.css
17:20:59.674 [FXGL Background Thread 1 ] DEBUG FXGLAssetLoaderServi - Loading from file system: jar:file:/C:/Users/L13X15W17/.m2/repository/com/github/AlmasB/FXGL/fxgl/17.2/fxgl-17.2.jar!/fxglassets/ui/css/fxgl_dark.css
17:20:59.695 [FXGL Background Thread 1 ] DEBUG GameApplicationServi - Initializing application scenes
17:20:59.714 [FXGL Background Thread 1 ] DEBUG GameWorld            - Game world initialized
17:20:59.745 [FXGL Background Thread 1 ] DEBUG PhysicsWorld         - Physics world initialized: appHeight=720, physics.ppm=50.0
17:20:59.746 [FXGL Background Thread 1 ] DEBUG PhysicsWorld         - Using strategy: BRUTE_FORCE
17:20:59.748 [FXGL Background Thread 1 ] DEBUG GameScene            - Game scene initialized: 1280x720
17:20:59.766 [FXGL Background Thread 1 ] DEBUG FXGL.DefaultMenu     - createMenuBodyGameMenu()
17:20:59.772 [FXGL Background Thread 1 ] DEBUG FXGL.DefaultMenu     - createOptionsMenu()
17:20:59.779 [FXGL Background Thread 1 ] DEBUG FXGLAssetLoaderServi - Loading from file system: jar:file:/C:/Users/L13X15W17/.m2/repository/com/github/AlmasB/FXGL/fxgl/17.2/fxgl-17.2.jar!/fxglassets/textures/particles/smoke.png
17:20:59.840 [FXGL Background Thread 1 ] DEBUG FXGLAssetLoaderServi - Loading from file system: jar:file:/C:/Users/L13X15W17/.m2/repository/com/github/AlmasB/FXGL/fxgl/17.2/fxgl-17.2.jar!/fxglassets/textures/particles/trace_horizontal.png
17:20:59.854 [FXGL Background Thread 1 ] DEBUG GameApplicationServi - Application scenes initialized
17:20:59.861 [FXGL Background Thread 1 ] DEBUG SystemBundleService  - Loading FXGL system data
17:20:59.863 [FXGL Background Thread 1 ] DEBUG FileSystemAccess     - Reading from: C:\Users\L13X15W17\IdeaProjects\TheOnlyException\system\fxgl.bundle
17:20:59.869 [FXGL Background Thread 1 ] DEBUG SystemBundleService  - Bundle FXGL: {}
17:20:59.869 [FXGL Background Thread 1 ] DEBUG UpdaterService       - Checking for updates
17:20:59.871 [FXGL Background Thread 4 ] DEBUG FXGLApplication      - Loading fonts
17:20:59.871 [FXGL Background Thread 4 ] DEBUG FXGLAssetLoaderServi - Loading from file system: jar:file:/C:/Users/L13X15W17/.m2/repository/com/github/AlmasB/FXGL/fxgl-samples/17.2/fxgl-samples-17.2.jar!/assets/ui/fonts/VarelaRound-Regular.ttf
17:20:59.871 [FXGL Background Thread 1 ] DEBUG FXGLApplication      - Loading default localization
17:20:59.871 [FXGL Background Thread 1 ] DEBUG FXGLAssetLoaderServi - Loading from file system: jar:file:/C:/Users/L13X15W17/.m2/repository/com/github/AlmasB/FXGL/fxgl/17.2/fxgl-17.2.jar!/fxglassets/languages/english.lang
17:20:59.884 [FXGL Background Thread 1 ] INFO  FXGLApplication      - FXGL initialization took: 0.238 sec
17:20:59.889 [JavaFX Application Thread] DEBUG Input                - Registered new binding: action0 - A
17:20:59.890 [JavaFX Application Thread] DEBUG Input                - Registered new binding: action1 - D
17:20:59.890 [JavaFX Application Thread] DEBUG Input                - Registered new binding: action2 - W
17:20:59.891 [JavaFX Application Thread] DEBUG Input                - Registered new binding: action3 - S
17:20:59.891 [JavaFX Application Thread] DEBUG FXGLAssetLoaderServi - Loading from file system: jar:file:/C:/Users/L13X15W17/.m2/repository/com/github/AlmasB/FXGL/fxgl/17.2/fxgl-17.2.jar!/fxglassets/textures/fxgl_icon.png
17:20:59.898 [FXGL Background Thread 4 ] DEBUG FXGLAssetLoaderServi - Loading from file system: jar:file:/C:/Users/L13X15W17/.m2/repository/com/github/AlmasB/FXGL/fxgl/17.2/fxgl-17.2.jar!/fxglassets/ui/fonts/Abel-Regular.ttf
17:20:59.901 [FXGL Background Thread 4 ] DEBUG FXGLAssetLoaderServi - Loading from file system: jar:file:/C:/Users/L13X15W17/.m2/repository/com/github/AlmasB/FXGL/fxgl/17.2/fxgl-17.2.jar!/fxglassets/ui/fonts/TerminalLandMono-Regular.otf
17:20:59.902 [JavaFX Application Thread] DEBUG FXGLAssetLoaderServi - Loading from file system: jar:file:/C:/Users/L13X15W17/.m2/repository/com/github/AlmasB/FXGL/fxgl/17.2/fxgl-17.2.jar!/fxglassets/textures/fxgl_default_cursor.png
17:20:59.903 [FXGL Background Thread 4 ] DEBUG FXGLAssetLoaderServi - Loading from file system: jar:file:/C:/Users/L13X15W17/.m2/repository/com/github/AlmasB/FXGL/fxgl/17.2/fxgl-17.2.jar!/fxglassets/ui/fonts/Courier-Prime.ttf
17:20:59.904 [JavaFX Application Thread] DEBUG Input                - Registered new binding: Screenshot - CTRL+8
17:20:59.905 [JavaFX Application Thread] DEBUG Input                - Registered new binding: System info dump - CTRL+9
17:20:59.905 [JavaFX Application Thread] DEBUG Input                - Registered new binding: Restart - CTRL+R
17:20:59.906 [JavaFX Application Thread] DEBUG Input                - Registered new binding: Toggle Debug Camera - CTRL+7
17:20:59.908 [JavaFX Application Thread] DEBUG LoopRunner           - Starting loop
17:20:59.908 [JavaFX Application Thread] DEBUG LoopRunner           - Initializing JavaFX AnimationTimerLoop
17:20:59.911 [JavaFX Application Thread] DEBUG Input                - Clearing active input actions
17:20:59.914 [JavaFX Application Thread] DEBUG GameApplicationServi - Removing overlay from FXGLStartupScene and adding to FXGLMainMenuDummyScene
17:20:59.915 [JavaFX Application Thread] DEBUG PrimaryStageWindow   - FXGLStartupScene -> FXGLMainMenuDummyScene
17:20:59.915 [JavaFX Application Thread] DEBUG PrimaryStageWindow   - Push state: NameInputScene
17:20:59.915 [JavaFX Application Thread] DEBUG Input                - Clearing active input actions
17:20:59.923 [JavaFX Application Thread] DEBUG GameApplicationServi - Removing overlay from FXGLMainMenuDummyScene and adding to NameInputScene
17:20:59.924 [JavaFX Application Thread] DEBUG PrimaryStageWindow   - FXGLMainMenuDummyScene -> NameInputScene
17:20:59.925 [JavaFX Application Thread] DEBUG FXGLApplication      - Registering font factories with UI factory
17:21:00.847 [FXGL Background Thread 2 ] INFO  UpdaterService       - Your current version:  17+dev-SNAPSHOT
17:21:00.847 [FXGL Background Thread 2 ] INFO  UpdaterService       - Latest stable version: 21.1
17:21:02.871 [FXGL Background Thread 3 ] DEBUG Engine               - Logging environment variables
17:21:02.873 [FXGL Background Thread 3 ] DEBUG Engine               - achievements: []
17:21:02.873 [FXGL Background Thread 3 ] DEBUG Engine               - actualHeight: 720.0
17:21:02.873 [FXGL Background Thread 3 ] DEBUG Engine               - actualHeightProperty: ReadOnlyDoubleProperty [value: 720.0]
17:21:02.873 [FXGL Background Thread 3 ] DEBUG Engine               - actualWidth: 1280.0
17:21:02.874 [FXGL Background Thread 3 ] DEBUG Engine               - actualWidthProperty: ReadOnlyDoubleProperty [value: 1280.0]
17:21:02.874 [FXGL Background Thread 3 ] DEBUG Engine               - appIcon: fxgl_icon.png
17:21:02.874 [FXGL Background Thread 3 ] DEBUG Engine               - applicationMode: DEVELOPER
17:21:02.874 [FXGL Background Thread 3 ] DEBUG Engine               - cSSList: [fxgl_dark.css]
17:21:02.874 [FXGL Background Thread 3 ] DEBUG Engine               - collisionDetectionStrategy: BRUTE_FORCE
17:21:02.874 [FXGL Background Thread 3 ] DEBUG Engine               - configClass: Optional.empty
17:21:02.874 [FXGL Background Thread 3 ] DEBUG Engine               - credits: []
17:21:02.875 [FXGL Background Thread 3 ] DEBUG Engine               - defaultCursor: CursorInfo(imageName=fxgl_default_cursor.png, hotspotX=7.0, hotspotY=6.0)
17:21:02.875 [FXGL Background Thread 3 ] DEBUG Engine               - devBBoxColorProperty: ObjectProperty [value: 0xff0000ff]
17:21:02.876 [FXGL Background Thread 3 ] DEBUG Engine               - devEnableDebugCameraProperty: BooleanProperty [value: false]
17:21:02.876 [FXGL Background Thread 3 ] DEBUG Engine               - devSensorColorProperty: ObjectProperty [value: 0xffff00ff]
17:21:02.876 [FXGL Background Thread 3 ] DEBUG Engine               - devShowBBoxProperty: BooleanProperty [value: false]
17:21:02.876 [FXGL Background Thread 3 ] DEBUG Engine               - devShowPositionProperty: BooleanProperty [value: false]
17:21:02.876 [FXGL Background Thread 3 ] DEBUG Engine               - enabledMenuItems: []
17:21:02.876 [FXGL Background Thread 3 ] DEBUG Engine               - engineServices: [class com.almasb.fxgl.app.services.FXGLAssetLoaderService, class com.almasb.fxgl.app.FXGLApplication$GameApplicationService, class com.almasb.fxgl.app.services.FXGLDialogService, class com.almasb.fxgl.app.services.IOTaskExecutorService, class com.almasb.fxgl.io.FileSystemService, class com.almasb.fxgl.localization.LocalizationService, class com.almasb.fxgl.app.services.SystemBundleService, class com.almasb.fxgl.profile.SaveLoadService, class com.almasb.fxgl.ui.FXGLUIFactoryServiceProvider, class com.almasb.fxgl.ui.FXGLDialogFactoryServiceProvider, class com.almasb.fxgl.audio.AudioPlayer, class com.almasb.fxgl.notification.impl.NotificationServiceProvider, class com.almasb.fxgl.achievement.AchievementService, class com.almasb.fxgl.cutscene.CutsceneService, class com.almasb.fxgl.minigames.MiniGameService, class com.almasb.fxgl.net.NetService, class com.almasb.fxgl.app.services.UpdaterService, class com.almasb.fxgl.dev.DevService]
17:21:02.876 [FXGL Background Thread 3 ] DEBUG Engine               - fontGame: Abel-Regular.ttf
17:21:02.876 [FXGL Background Thread 3 ] DEBUG Engine               - fontMono: TerminalLandMono-Regular.otf
17:21:02.876 [FXGL Background Thread 3 ] DEBUG Engine               - fontText: Courier-Prime.ttf
17:21:02.876 [FXGL Background Thread 3 ] DEBUG Engine               - fontUI: VarelaRound-Regular.ttf
17:21:02.876 [FXGL Background Thread 3 ] DEBUG Engine               - fullScreen: BooleanProperty [value: false]
17:21:02.876 [FXGL Background Thread 3 ] DEBUG Engine               - gameDifficulty: MEDIUM
17:21:02.876 [FXGL Background Thread 3 ] DEBUG Engine               - gameDifficultyProperty: ObjectProperty [value: MEDIUM]
17:21:02.876 [FXGL Background Thread 3 ] DEBUG Engine               - globalMusicVolume: 0.5
17:21:02.876 [FXGL Background Thread 3 ] DEBUG Engine               - globalMusicVolumeProperty: DoubleProperty [value: 0.5]
17:21:02.876 [FXGL Background Thread 3 ] DEBUG Engine               - globalSoundVolume: 0.5
17:21:02.877 [FXGL Background Thread 3 ] DEBUG Engine               - globalSoundVolumeProperty: DoubleProperty [value: 0.5]
17:21:02.877 [FXGL Background Thread 3 ] DEBUG Engine               - height: 720
17:21:02.877 [FXGL Background Thread 3 ] DEBUG Engine               - is3D: false
17:21:02.877 [FXGL Background Thread 3 ] DEBUG Engine               - isAndroid: false
17:21:02.877 [FXGL Background Thread 3 ] DEBUG Engine               - isBrowser: false
17:21:02.877 [FXGL Background Thread 3 ] DEBUG Engine               - isClickFeedbackEnabled: false
17:21:02.877 [FXGL Background Thread 3 ] DEBUG Engine               - isCloseConfirmation: false
17:21:02.877 [FXGL Background Thread 3 ] DEBUG Engine               - isDesktop: true
17:21:02.877 [FXGL Background Thread 3 ] DEBUG Engine               - isDeveloperMenuEnabled: false
17:21:02.877 [FXGL Background Thread 3 ] DEBUG Engine               - isEmbedded: false
17:21:02.877 [FXGL Background Thread 3 ] DEBUG Engine               - isEntityPreloadEnabled: true
17:21:02.878 [FXGL Background Thread 3 ] DEBUG Engine               - isExperimentalTiledLargeMap: false
17:21:02.878 [FXGL Background Thread 3 ] DEBUG Engine               - isFileSystemWriteAllowed: true
17:21:02.878 [FXGL Background Thread 3 ] DEBUG Engine               - isFullScreenAllowed: false
17:21:02.878 [FXGL Background Thread 3 ] DEBUG Engine               - isFullScreenFromStart: false
17:21:02.878 [FXGL Background Thread 3 ] DEBUG Engine               - isGameMenuEnabled: true
17:21:02.878 [FXGL Background Thread 3 ] DEBUG Engine               - isIOS: false
17:21:02.878 [FXGL Background Thread 3 ] DEBUG Engine               - isIntroEnabled: false
17:21:02.878 [FXGL Background Thread 3 ] DEBUG Engine               - isLinux: false
17:21:02.878 [FXGL Background Thread 3 ] DEBUG Engine               - isMac: false
17:21:02.878 [FXGL Background Thread 3 ] DEBUG Engine               - isMainMenuEnabled: true
17:21:02.878 [FXGL Background Thread 3 ] DEBUG Engine               - isManualResizeEnabled: false
17:21:02.878 [FXGL Background Thread 3 ] DEBUG Engine               - isMobile: false
17:21:02.878 [FXGL Background Thread 3 ] DEBUG Engine               - isNative: false
17:21:02.878 [FXGL Background Thread 3 ] DEBUG Engine               - isPauseMusicWhenMinimized: true
17:21:02.878 [FXGL Background Thread 3 ] DEBUG Engine               - isPreserveResizeRatio: false
17:21:02.878 [FXGL Background Thread 3 ] DEBUG Engine               - isProfilingEnabled: false
17:21:02.878 [FXGL Background Thread 3 ] DEBUG Engine               - isScaleAffectedOnResize: true
17:21:02.879 [FXGL Background Thread 3 ] DEBUG Engine               - isSingleStep: false
17:21:02.879 [FXGL Background Thread 3 ] DEBUG Engine               - isUserProfileEnabled: false
17:21:02.879 [FXGL Background Thread 3 ] DEBUG Engine               - isWindows: true
17:21:02.879 [FXGL Background Thread 3 ] DEBUG Engine               - language: ObjectProperty [value: ENGLISH]
17:21:02.879 [FXGL Background Thread 3 ] DEBUG Engine               - menuKey: ESCAPE
17:21:02.879 [FXGL Background Thread 3 ] DEBUG Engine               - mouseSensitivity: 0.2
17:21:02.879 [FXGL Background Thread 3 ] DEBUG Engine               - notificationViewClass: class com.almasb.fxgl.notification.view.XboxNotificationView
17:21:02.879 [FXGL Background Thread 3 ] DEBUG Engine               - pixelsPerMeter: 50.0
17:21:02.879 [FXGL Background Thread 3 ] DEBUG Engine               - platform: WINDOWS
17:21:02.879 [FXGL Background Thread 3 ] DEBUG Engine               - prefHeightProperty: ReadOnlyDoubleProperty [value: 720.0]
17:21:02.879 [FXGL Background Thread 3 ] DEBUG Engine               - prefWidthProperty: ReadOnlyDoubleProperty [value: 1280.0]
17:21:02.879 [FXGL Background Thread 3 ] DEBUG Engine               - profileDir: profiles/
17:21:02.879 [FXGL Background Thread 3 ] DEBUG Engine               - profileName: StringProperty [value: DEFAULT]
17:21:02.879 [FXGL Background Thread 3 ] DEBUG Engine               - randomSeed: -1
17:21:02.879 [FXGL Background Thread 3 ] DEBUG Engine               - runtimeInfo: RuntimeInfo(platform=WINDOWS, version=17+dev-SNAPSHOT, build=01.09.2022 03.33)
17:21:02.879 [FXGL Background Thread 3 ] DEBUG Engine               - saveFileExt: sav
17:21:02.879 [FXGL Background Thread 3 ] DEBUG Engine               - scaledHeightProp$fxgl: DoubleProperty [bound, value: 720.0]
17:21:02.879 [FXGL Background Thread 3 ] DEBUG Engine               - scaledWidthProp$fxgl: DoubleProperty [bound, value: 1280.0]
17:21:02.879 [FXGL Background Thread 3 ] DEBUG Engine               - sceneFactory: org.example.GameApp$1@7dc37c0c
17:21:02.879 [FXGL Background Thread 3 ] DEBUG Engine               - secondsIn24h: 60
17:21:02.879 [FXGL Background Thread 3 ] DEBUG Engine               - soundMenuBack: menu/back.wav
17:21:02.879 [FXGL Background Thread 3 ] DEBUG Engine               - soundMenuPress: menu/press.wav
17:21:02.879 [FXGL Background Thread 3 ] DEBUG Engine               - soundMenuSelect: menu/select.wav
17:21:02.879 [FXGL Background Thread 3 ] DEBUG Engine               - soundNotification: core/notification.wav
17:21:02.879 [FXGL Background Thread 3 ] DEBUG Engine               - stageStyle: DECORATED
17:21:02.879 [FXGL Background Thread 3 ] DEBUG Engine               - supportedLanguages: [ENGLISH, FRENCH, GERMAN, HUNGARIAN, RUSSIAN]
17:21:02.879 [FXGL Background Thread 3 ] DEBUG Engine               - ticksPerSecond: -1
17:21:02.879 [FXGL Background Thread 3 ] DEBUG Engine               - title: Prototype
17:21:02.880 [FXGL Background Thread 3 ] DEBUG Engine               - urlGithub: https://github.com/AlmasB/FXGL
17:21:02.880 [FXGL Background Thread 3 ] DEBUG Engine               - urlLeaderboard: http://fxgl-top.herokuapp.com/
17:21:02.880 [FXGL Background Thread 3 ] DEBUG Engine               - urlPOM: https://raw.githubusercontent.com/AlmasB/FXGL/release/README.md
17:21:02.880 [FXGL Background Thread 3 ] DEBUG Engine               - userAppClass: class org.example.GameApp
17:21:02.880 [FXGL Background Thread 3 ] DEBUG Engine               - version: 0.1.5
17:21:02.880 [FXGL Background Thread 3 ] DEBUG Engine               - versionCheckDays: 7
17:21:02.880 [FXGL Background Thread 3 ] DEBUG Engine               - width: 1280
17:21:02.880 [FXGL Background Thread 3 ] DEBUG Engine               - Logging services
17:21:02.880 [FXGL Background Thread 3 ] DEBUG Engine               - class com.almasb.fxgl.app.services.FXGLAssetLoaderService
17:21:02.880 [FXGL Background Thread 3 ] DEBUG Engine               - class com.almasb.fxgl.app.FXGLApplication$GameApplicationService
17:21:02.880 [FXGL Background Thread 3 ] DEBUG Engine               - class com.almasb.fxgl.app.services.FXGLDialogService
17:21:02.880 [FXGL Background Thread 3 ] DEBUG Engine               - class com.almasb.fxgl.app.services.IOTaskExecutorService
17:21:02.880 [FXGL Background Thread 3 ] DEBUG Engine               - class com.almasb.fxgl.io.FileSystemService
17:21:02.880 [FXGL Background Thread 3 ] DEBUG Engine               - class com.almasb.fxgl.localization.LocalizationService
17:21:02.880 [FXGL Background Thread 3 ] DEBUG Engine               - class com.almasb.fxgl.app.services.SystemBundleService
17:21:02.880 [FXGL Background Thread 3 ] DEBUG Engine               - class com.almasb.fxgl.profile.SaveLoadService
17:21:02.880 [FXGL Background Thread 3 ] DEBUG Engine               - class com.almasb.fxgl.ui.FXGLUIFactoryServiceProvider
17:21:02.880 [FXGL Background Thread 3 ] DEBUG Engine               - class com.almasb.fxgl.ui.FXGLDialogFactoryServiceProvider
17:21:02.880 [FXGL Background Thread 3 ] DEBUG Engine               - class com.almasb.fxgl.audio.AudioPlayer
17:21:02.880 [FXGL Background Thread 3 ] DEBUG Engine               - class com.almasb.fxgl.notification.impl.NotificationServiceProvider
17:21:02.880 [FXGL Background Thread 3 ] DEBUG Engine               - class com.almasb.fxgl.achievement.AchievementService
17:21:02.880 [FXGL Background Thread 3 ] DEBUG Engine               - class com.almasb.fxgl.cutscene.CutsceneService
17:21:02.880 [FXGL Background Thread 3 ] DEBUG Engine               - class com.almasb.fxgl.minigames.MiniGameService
17:21:02.880 [FXGL Background Thread 3 ] DEBUG Engine               - class com.almasb.fxgl.net.NetService
17:21:02.880 [FXGL Background Thread 3 ] DEBUG Engine               - class com.almasb.fxgl.app.services.UpdaterService
17:21:02.880 [FXGL Background Thread 3 ] DEBUG Engine               - class com.almasb.fxgl.dev.DevService
17:21:05.830 [JavaFX Application Thread] DEBUG Menu                 - fireNewGame()
17:21:05.830 [JavaFX Application Thread] DEBUG GameApplicationServi - Starting new game
17:21:05.830 [JavaFX Application Thread] DEBUG PrimaryStageWindow   - Pop state: NameInputScene
17:21:05.830 [JavaFX Application Thread] DEBUG Input                - Clearing active input actions
17:21:05.830 [JavaFX Application Thread] DEBUG GameApplicationServi - Removing overlay from NameInputScene and adding to FXGLMainMenuDummyScene
17:21:05.830 [JavaFX Application Thread] DEBUG PrimaryStageWindow   - FXGLMainMenuDummyScene <- NameInputScene
17:21:05.831 [JavaFX Application Thread] DEBUG Input                - Clearing active input actions
17:21:05.835 [JavaFX Application Thread] DEBUG GameApplicationServi - Removing overlay from FXGLMainMenuDummyScene and adding to FXGLLoadingScene
17:21:05.835 [JavaFX Application Thread] DEBUG PrimaryStageWindow   - FXGLMainMenuDummyScene -> FXGLLoadingScene
17:21:05.835 [JavaFX Application Thread] DEBUG GameApplicationServi - Clearing previous game
17:21:05.835 [JavaFX Application Thread] DEBUG GameScene            - Clearing game scene
17:21:05.835 [JavaFX Application Thread] DEBUG GameWorld            - Clearing game world
17:21:05.835 [JavaFX Application Thread] DEBUG PhysicsWorld         - Clearing physics world
17:21:05.836 [FXGL Background Thread 2 ] DEBUG FXGLApplication      - Initializing game
17:21:05.844 [FXGL Background Thread 2 ] DEBUG FXGLAssetLoaderServi - Loading from file system: file:/C:/Users/L13X15W17/IdeaProjects/TheOnlyException/Test/target/classes/assets/textures/dasd.png
17:21:05.855 [FXGL Background Thread 2 ] DEBUG FXGLAssetLoaderServi - Loading from file system: file:/C:/Users/L13X15W17/IdeaProjects/TheOnlyException/Test/target/classes/assets/textures/player-scaled.png
17:21:05.884 [FXGL Background Thread 2 ] INFO  FXGLApplication      - Game initialization took: 0.047 sec
17:21:05.884 [JavaFX Application Thread] DEBUG Input                - Clearing active input actions
17:21:05.889 [JavaFX Application Thread] DEBUG GameApplicationServi - Removing overlay from FXGLLoadingScene and adding to GameScene
17:21:05.889 [JavaFX Application Thread] DEBUG PrimaryStageWindow   - FXGLLoadingScene -> GameScene
17:21:06.725 [JavaFX Application Thread] DEBUG FXGLAssetLoaderServi - Loading from file system: file:/C:/Users/L13X15W17/IdeaProjects/TheOnlyException/Test/target/classes/assets/textures/MaggotWalk-scaled.png
17:21:07.593 [JavaFX Application Thread] DEBUG FXGLAssetLoaderServi - Loading from file system: file:/C:/Users/L13X15W17/IdeaProjects/TheOnlyException/Test/target/classes/assets/textures/BeetleMove-scaled.png
17:21:08.530 [JavaFX Application Thread] DEBUG FXGLAssetLoaderServi - Loading from file system: file:/C:/Users/L13X15W17/IdeaProjects/TheOnlyException/Test/target/classes/assets/textures/MantisMove-scaled.png
17:22:29.062 [JavaFX Application Thread] DEBUG FXGLApplication      - Exiting FXGL
17:22:29.062 [JavaFX Application Thread] DEBUG LoopRunner           - Stopping loop
17:22:29.062 [JavaFX Application Thread] DEBUG SystemBundleService  - Saving FXGL system data
17:22:29.063 [JavaFX Application Thread] DEBUG FileSystemAccess     - Writing to: C:\Users\L13X15W17\IdeaProjects\TheOnlyException\system\fxgl.bundle
17:22:29.064 [JavaFX Application Thread] DEBUG Async                - Shutting down background threads
17:22:29.064 [JavaFX Application Thread] DEBUG PrimaryStageWindow   - Closing main window
17:22:29.070 [JavaFX Application Thread] DEBUG Logger               - Closing Logger
