21:19:21.158 [main                     ] DEBUG Logger               - Configured Logger
21:19:21.178 [main                     ] DEBUG GameApplication      - Logging settings
Title: Prototype Game
Version: 0.1.5
Width: 1280
Height: 720
Fullscreen: false
Intro: false
Profiling: false
Single step:false
App Mode: DEVELOPER
Menu Key: ESCAPE
Stage Style: DECORATED
Scene Factory: class org.example.GameApp$1

21:19:22.032 [JavaFX Application Thread] DEBUG FXGLApplication      - Initializing FXGL
21:19:22.039 [JavaFX Application Thread] INFO  Engine               - FXGL-17+dev-SNAPSHOT (01.09.2022 03.33) on WINDOWS (J:23.0.1 FX:18)
21:19:22.039 [JavaFX Application Thread] DEBUG Engine               - JRE Vendor Name: Oracle Corporation
21:19:22.040 [JavaFX Application Thread] DEBUG Engine               - Running on OS: Windows 11 version 10.0
21:19:22.040 [JavaFX Application Thread] DEBUG Engine               - Architecture: amd64
21:19:22.040 [JavaFX Application Thread] INFO  Engine               - Source code and latest versions at: https://github.com/AlmasB/FXGL
21:19:22.040 [JavaFX Application Thread] INFO  Engine               -       Ask questions and discuss at: https://github.com/AlmasB/FXGL/discussions
21:19:22.040 [JavaFX Application Thread] INFO  Engine               -              Join the FXGL chat at: https://gitter.im/AlmasB/FXGL
21:19:22.178 [JavaFX Application Thread] DEBUG PrimaryStageWindow   - Creating a JavaFX scene
21:19:22.232 [JavaFX Application Thread] DEBUG PrimaryStageWindow   - Target settings size: 1280.0 x 720.0
21:19:22.232 [JavaFX Application Thread] DEBUG PrimaryStageWindow   - Scaled scene size:    1280.0 x 720.0
21:19:22.232 [JavaFX Application Thread] DEBUG PrimaryStageWindow   - Scaled ratio: (1.0, 1.0)
21:19:22.233 [JavaFX Application Thread] DEBUG PrimaryStageWindow   - Set initial scene to FXGLStartupScene
21:19:22.242 [JavaFX Application Thread] DEBUG PrimaryStageWindow   - Opening main window
21:19:22.357 [JavaFX Application Thread] DEBUG PrimaryStageWindow   - Window border size: (14.4000244140625, 37.5999755859375)
21:19:22.357 [JavaFX Application Thread] DEBUG PrimaryStageWindow   - Scaled size: 1280.0 x 720.0
21:19:22.357 [JavaFX Application Thread] DEBUG PrimaryStageWindow   - Scaled ratio: (1.0, 1.0)
21:19:22.357 [JavaFX Application Thread] DEBUG PrimaryStageWindow   - Scene size: 1280.0 x 720.0
21:19:22.358 [JavaFX Application Thread] DEBUG PrimaryStageWindow   - Stage size: 1294.4000244140625 x 757.5999755859375
21:19:22.369 [FXGL Background Thread 1 ] DEBUG Engine               - Initializing environment variables
21:19:22.465 [FXGL Background Thread 1 ] DEBUG FXGLAssetLoaderServi - User app class for loading assets: class org.example.GameApp
21:19:22.465 [FXGL Background Thread 1 ] DEBUG GameApplicationServi - Applying CSS: fxgl_dark.css
21:19:22.466 [FXGL Background Thread 1 ] DEBUG FXGLAssetLoaderServi - Loading from file system: jar:file:/C:/Users/khein/.m2/repository/com/github/AlmasB/FXGL/fxgl/17.2/fxgl-17.2.jar!/fxglassets/ui/css/fxgl_dark.css
21:19:22.505 [FXGL Background Thread 1 ] DEBUG GameApplicationServi - Initializing application scenes
21:19:22.565 [FXGL Background Thread 1 ] DEBUG GameWorld            - Game world initialized
21:19:22.645 [FXGL Background Thread 1 ] DEBUG PhysicsWorld         - Physics world initialized: appHeight=720, physics.ppm=50.0
21:19:22.645 [FXGL Background Thread 1 ] DEBUG PhysicsWorld         - Using strategy: BRUTE_FORCE
21:19:22.651 [FXGL Background Thread 1 ] DEBUG GameScene            - Game scene initialized: 1280x720
21:19:22.664 [FXGL Background Thread 1 ] DEBUG FXGL.DefaultMenu     - createMenuBodyGameMenu()
21:19:22.684 [FXGL Background Thread 1 ] DEBUG FXGL.DefaultMenu     - createOptionsMenu()
21:19:22.695 [FXGL Background Thread 1 ] DEBUG FXGLAssetLoaderServi - Loading from file system: jar:file:/C:/Users/khein/.m2/repository/com/github/AlmasB/FXGL/fxgl/17.2/fxgl-17.2.jar!/fxglassets/textures/particles/smoke.png
21:19:22.813 [FXGL Background Thread 1 ] DEBUG FXGLAssetLoaderServi - Loading from file system: jar:file:/C:/Users/khein/.m2/repository/com/github/AlmasB/FXGL/fxgl/17.2/fxgl-17.2.jar!/fxglassets/textures/particles/trace_horizontal.png
21:19:22.850 [FXGL Background Thread 1 ] DEBUG GameApplicationServi - Application scenes initialized
21:19:22.863 [FXGL Background Thread 1 ] DEBUG SystemBundleService  - Loading FXGL system data
21:19:22.869 [FXGL Background Thread 1 ] DEBUG FileSystemAccess     - Reading from: C:\Users\khein\IdeaProjects\TheOnlyException\system\fxgl.bundle
21:19:22.878 [FXGL Background Thread 1 ] DEBUG SystemBundleService  - Bundle FXGL: {}
21:19:22.878 [FXGL Background Thread 1 ] DEBUG UpdaterService       - Checking for updates
21:19:22.883 [FXGL Background Thread 4 ] DEBUG FXGLApplication      - Loading fonts
21:19:22.883 [FXGL Background Thread 4 ] DEBUG FXGLAssetLoaderServi - Loading from file system: jar:file:/C:/Users/khein/.m2/repository/com/github/AlmasB/FXGL/fxgl-samples/17.2/fxgl-samples-17.2.jar!/assets/ui/fonts/VarelaRound-Regular.ttf
21:19:22.884 [FXGL Background Thread 1 ] DEBUG FXGLApplication      - Loading default localization
21:19:22.884 [FXGL Background Thread 1 ] DEBUG FXGLAssetLoaderServi - Loading from file system: jar:file:/C:/Users/khein/.m2/repository/com/github/AlmasB/FXGL/fxgl/17.2/fxgl-17.2.jar!/fxglassets/languages/english.lang
21:19:22.914 [FXGL Background Thread 1 ] INFO  FXGLApplication      - FXGL initialization took: 0.545 sec
21:19:22.927 [JavaFX Application Thread] DEBUG Input                - Registered new binding: action0 - A
21:19:22.929 [JavaFX Application Thread] DEBUG Input                - Registered new binding: action1 - D
21:19:22.929 [JavaFX Application Thread] DEBUG Input                - Registered new binding: action2 - W
21:19:22.929 [JavaFX Application Thread] DEBUG Input                - Registered new binding: action3 - S
21:19:22.930 [JavaFX Application Thread] DEBUG FXGLAssetLoaderServi - Loading from file system: jar:file:/C:/Users/khein/.m2/repository/com/github/AlmasB/FXGL/fxgl/17.2/fxgl-17.2.jar!/fxglassets/textures/fxgl_icon.png
21:19:22.932 [FXGL Background Thread 4 ] DEBUG FXGLAssetLoaderServi - Loading from file system: jar:file:/C:/Users/khein/.m2/repository/com/github/AlmasB/FXGL/fxgl/17.2/fxgl-17.2.jar!/fxglassets/ui/fonts/Abel-Regular.ttf
21:19:22.947 [FXGL Background Thread 4 ] DEBUG FXGLAssetLoaderServi - Loading from file system: jar:file:/C:/Users/khein/.m2/repository/com/github/AlmasB/FXGL/fxgl/17.2/fxgl-17.2.jar!/fxglassets/ui/fonts/TerminalLandMono-Regular.otf
21:19:22.954 [JavaFX Application Thread] DEBUG FXGLAssetLoaderServi - Loading from file system: jar:file:/C:/Users/khein/.m2/repository/com/github/AlmasB/FXGL/fxgl/17.2/fxgl-17.2.jar!/fxglassets/textures/fxgl_default_cursor.png
21:19:22.959 [JavaFX Application Thread] DEBUG Input                - Registered new binding: Screenshot - CTRL+8
21:19:22.959 [JavaFX Application Thread] DEBUG Input                - Registered new binding: System info dump - CTRL+9
21:19:22.960 [JavaFX Application Thread] DEBUG Input                - Registered new binding: Restart - CTRL+R
21:19:22.961 [JavaFX Application Thread] DEBUG Input                - Registered new binding: Toggle Debug Camera - CTRL+7
21:19:22.963 [JavaFX Application Thread] DEBUG LoopRunner           - Starting loop
21:19:22.964 [JavaFX Application Thread] DEBUG LoopRunner           - Initializing JavaFX AnimationTimerLoop
21:19:22.964 [FXGL Background Thread 4 ] DEBUG FXGLAssetLoaderServi - Loading from file system: jar:file:/C:/Users/khein/.m2/repository/com/github/AlmasB/FXGL/fxgl/17.2/fxgl-17.2.jar!/fxglassets/ui/fonts/Courier-Prime.ttf
21:19:22.969 [JavaFX Application Thread] DEBUG Input                - Clearing active input actions
21:19:22.977 [JavaFX Application Thread] DEBUG GameApplicationServi - Removing overlay from FXGLStartupScene and adding to FXGLMainMenuDummyScene
21:19:22.977 [JavaFX Application Thread] DEBUG PrimaryStageWindow   - FXGLStartupScene -> FXGLMainMenuDummyScene
21:19:22.977 [JavaFX Application Thread] DEBUG PrimaryStageWindow   - Push state: NameInputScene
21:19:23.317 [JavaFX Application Thread] DEBUG Input                - Clearing active input actions
21:19:23.327 [JavaFX Application Thread] DEBUG GameApplicationServi - Removing overlay from FXGLMainMenuDummyScene and adding to NameInputScene
21:19:23.328 [JavaFX Application Thread] DEBUG PrimaryStageWindow   - FXGLMainMenuDummyScene -> NameInputScene
21:19:23.546 [FXGL Background Thread 2 ] INFO  UpdaterService       - Your current version:  17+dev-SNAPSHOT
21:19:23.546 [FXGL Background Thread 2 ] INFO  UpdaterService       - Latest stable version: 21.1
21:19:23.565 [JavaFX Application Thread] DEBUG FXGLApplication      - Registering font factories with UI factory
21:19:25.882 [FXGL Background Thread 3 ] DEBUG Engine               - Logging environment variables
21:19:25.882 [FXGL Background Thread 3 ] DEBUG Engine               - achievements: []
21:19:25.882 [FXGL Background Thread 3 ] DEBUG Engine               - actualHeight: 720.0
21:19:25.883 [FXGL Background Thread 3 ] DEBUG Engine               - actualHeightProperty: ReadOnlyDoubleProperty [value: 720.0]
21:19:25.883 [FXGL Background Thread 3 ] DEBUG Engine               - actualWidth: 1280.0
21:19:25.883 [FXGL Background Thread 3 ] DEBUG Engine               - actualWidthProperty: ReadOnlyDoubleProperty [value: 1280.0]
21:19:25.883 [FXGL Background Thread 3 ] DEBUG Engine               - appIcon: fxgl_icon.png
21:19:25.883 [FXGL Background Thread 3 ] DEBUG Engine               - applicationMode: DEVELOPER
21:19:25.883 [FXGL Background Thread 3 ] DEBUG Engine               - cSSList: [fxgl_dark.css]
21:19:25.883 [FXGL Background Thread 3 ] DEBUG Engine               - collisionDetectionStrategy: BRUTE_FORCE
21:19:25.883 [FXGL Background Thread 3 ] DEBUG Engine               - configClass: Optional.empty
21:19:25.883 [FXGL Background Thread 3 ] DEBUG Engine               - credits: []
21:19:25.883 [FXGL Background Thread 3 ] DEBUG Engine               - defaultCursor: CursorInfo(imageName=fxgl_default_cursor.png, hotspotX=7.0, hotspotY=6.0)
21:19:25.883 [FXGL Background Thread 3 ] DEBUG Engine               - devBBoxColorProperty: ObjectProperty [value: 0xff0000ff]
21:19:25.883 [FXGL Background Thread 3 ] DEBUG Engine               - devEnableDebugCameraProperty: BooleanProperty [value: false]
21:19:25.883 [FXGL Background Thread 3 ] DEBUG Engine               - devSensorColorProperty: ObjectProperty [value: 0xffff00ff]
21:19:25.884 [FXGL Background Thread 3 ] DEBUG Engine               - devShowBBoxProperty: BooleanProperty [value: false]
21:19:25.884 [FXGL Background Thread 3 ] DEBUG Engine               - devShowPositionProperty: BooleanProperty [value: false]
21:19:25.884 [FXGL Background Thread 3 ] DEBUG Engine               - enabledMenuItems: []
21:19:25.884 [FXGL Background Thread 3 ] DEBUG Engine               - engineServices: [class com.almasb.fxgl.app.services.FXGLAssetLoaderService, class com.almasb.fxgl.app.FXGLApplication$GameApplicationService, class com.almasb.fxgl.app.services.FXGLDialogService, class com.almasb.fxgl.app.services.IOTaskExecutorService, class com.almasb.fxgl.io.FileSystemService, class com.almasb.fxgl.localization.LocalizationService, class com.almasb.fxgl.app.services.SystemBundleService, class com.almasb.fxgl.profile.SaveLoadService, class com.almasb.fxgl.ui.FXGLUIFactoryServiceProvider, class com.almasb.fxgl.ui.FXGLDialogFactoryServiceProvider, class com.almasb.fxgl.audio.AudioPlayer, class com.almasb.fxgl.notification.impl.NotificationServiceProvider, class com.almasb.fxgl.achievement.AchievementService, class com.almasb.fxgl.cutscene.CutsceneService, class com.almasb.fxgl.minigames.MiniGameService, class com.almasb.fxgl.net.NetService, class com.almasb.fxgl.app.services.UpdaterService, class com.almasb.fxgl.dev.DevService]
21:19:25.884 [FXGL Background Thread 3 ] DEBUG Engine               - fontGame: Abel-Regular.ttf
21:19:25.884 [FXGL Background Thread 3 ] DEBUG Engine               - fontMono: TerminalLandMono-Regular.otf
21:19:25.884 [FXGL Background Thread 3 ] DEBUG Engine               - fontText: Courier-Prime.ttf
21:19:25.884 [FXGL Background Thread 3 ] DEBUG Engine               - fontUI: VarelaRound-Regular.ttf
21:19:25.884 [FXGL Background Thread 3 ] DEBUG Engine               - fullScreen: BooleanProperty [value: false]
21:19:25.884 [FXGL Background Thread 3 ] DEBUG Engine               - gameDifficulty: MEDIUM
21:19:25.884 [FXGL Background Thread 3 ] DEBUG Engine               - gameDifficultyProperty: ObjectProperty [value: MEDIUM]
21:19:25.884 [FXGL Background Thread 3 ] DEBUG Engine               - globalMusicVolume: 0.5
21:19:25.884 [FXGL Background Thread 3 ] DEBUG Engine               - globalMusicVolumeProperty: DoubleProperty [value: 0.5]
21:19:25.884 [FXGL Background Thread 3 ] DEBUG Engine               - globalSoundVolume: 0.5
21:19:25.884 [FXGL Background Thread 3 ] DEBUG Engine               - globalSoundVolumeProperty: DoubleProperty [value: 0.5]
21:19:25.884 [FXGL Background Thread 3 ] DEBUG Engine               - height: 720
21:19:25.884 [FXGL Background Thread 3 ] DEBUG Engine               - is3D: false
21:19:25.884 [FXGL Background Thread 3 ] DEBUG Engine               - isAndroid: false
21:19:25.884 [FXGL Background Thread 3 ] DEBUG Engine               - isBrowser: false
21:19:25.884 [FXGL Background Thread 3 ] DEBUG Engine               - isClickFeedbackEnabled: false
21:19:25.884 [FXGL Background Thread 3 ] DEBUG Engine               - isCloseConfirmation: false
21:19:25.884 [FXGL Background Thread 3 ] DEBUG Engine               - isDesktop: true
21:19:25.884 [FXGL Background Thread 3 ] DEBUG Engine               - isDeveloperMenuEnabled: false
21:19:25.884 [FXGL Background Thread 3 ] DEBUG Engine               - isEmbedded: false
21:19:25.884 [FXGL Background Thread 3 ] DEBUG Engine               - isEntityPreloadEnabled: true
21:19:25.884 [FXGL Background Thread 3 ] DEBUG Engine               - isExperimentalTiledLargeMap: false
21:19:25.884 [FXGL Background Thread 3 ] DEBUG Engine               - isFileSystemWriteAllowed: true
21:19:25.884 [FXGL Background Thread 3 ] DEBUG Engine               - isFullScreenAllowed: false
21:19:25.884 [FXGL Background Thread 3 ] DEBUG Engine               - isFullScreenFromStart: false
21:19:25.884 [FXGL Background Thread 3 ] DEBUG Engine               - isGameMenuEnabled: true
21:19:25.884 [FXGL Background Thread 3 ] DEBUG Engine               - isIOS: false
21:19:25.884 [FXGL Background Thread 3 ] DEBUG Engine               - isIntroEnabled: false
21:19:25.884 [FXGL Background Thread 3 ] DEBUG Engine               - isLinux: false
21:19:25.884 [FXGL Background Thread 3 ] DEBUG Engine               - isMac: false
21:19:25.884 [FXGL Background Thread 3 ] DEBUG Engine               - isMainMenuEnabled: true
21:19:25.884 [FXGL Background Thread 3 ] DEBUG Engine               - isManualResizeEnabled: false
21:19:25.886 [FXGL Background Thread 3 ] DEBUG Engine               - isMobile: false
21:19:25.886 [FXGL Background Thread 3 ] DEBUG Engine               - isNative: false
21:19:25.886 [FXGL Background Thread 3 ] DEBUG Engine               - isPauseMusicWhenMinimized: true
21:19:25.886 [FXGL Background Thread 3 ] DEBUG Engine               - isPreserveResizeRatio: false
21:19:25.886 [FXGL Background Thread 3 ] DEBUG Engine               - isProfilingEnabled: false
21:19:25.886 [FXGL Background Thread 3 ] DEBUG Engine               - isScaleAffectedOnResize: true
21:19:25.886 [FXGL Background Thread 3 ] DEBUG Engine               - isSingleStep: false
21:19:25.886 [FXGL Background Thread 3 ] DEBUG Engine               - isUserProfileEnabled: false
21:19:25.886 [FXGL Background Thread 3 ] DEBUG Engine               - isWindows: true
21:19:25.886 [FXGL Background Thread 3 ] DEBUG Engine               - language: ObjectProperty [value: ENGLISH]
21:19:25.886 [FXGL Background Thread 3 ] DEBUG Engine               - menuKey: ESCAPE
21:19:25.886 [FXGL Background Thread 3 ] DEBUG Engine               - mouseSensitivity: 0.2
21:19:25.886 [FXGL Background Thread 3 ] DEBUG Engine               - notificationViewClass: class com.almasb.fxgl.notification.view.XboxNotificationView
21:19:25.886 [FXGL Background Thread 3 ] DEBUG Engine               - pixelsPerMeter: 50.0
21:19:25.886 [FXGL Background Thread 3 ] DEBUG Engine               - platform: WINDOWS
21:19:25.886 [FXGL Background Thread 3 ] DEBUG Engine               - prefHeightProperty: ReadOnlyDoubleProperty [value: 720.0]
21:19:25.887 [FXGL Background Thread 3 ] DEBUG Engine               - prefWidthProperty: ReadOnlyDoubleProperty [value: 1280.0]
21:19:25.887 [FXGL Background Thread 3 ] DEBUG Engine               - profileDir: profiles/
21:19:25.887 [FXGL Background Thread 3 ] DEBUG Engine               - profileName: StringProperty [value: DEFAULT]
21:19:25.887 [FXGL Background Thread 3 ] DEBUG Engine               - randomSeed: -1
21:19:25.887 [FXGL Background Thread 3 ] DEBUG Engine               - runtimeInfo: RuntimeInfo(platform=WINDOWS, version=17+dev-SNAPSHOT, build=01.09.2022 03.33)
21:19:25.888 [FXGL Background Thread 3 ] DEBUG Engine               - saveFileExt: sav
21:19:25.888 [FXGL Background Thread 3 ] DEBUG Engine               - scaledHeightProp$fxgl: DoubleProperty [bound, value: 720.0]
21:19:25.888 [FXGL Background Thread 3 ] DEBUG Engine               - scaledWidthProp$fxgl: DoubleProperty [bound, value: 1280.0]
21:19:25.888 [FXGL Background Thread 3 ] DEBUG Engine               - sceneFactory: org.example.GameApp$1@6a7eec52
21:19:25.888 [FXGL Background Thread 3 ] DEBUG Engine               - secondsIn24h: 60
21:19:25.888 [FXGL Background Thread 3 ] DEBUG Engine               - soundMenuBack: menu/back.wav
21:19:25.888 [FXGL Background Thread 3 ] DEBUG Engine               - soundMenuPress: menu/press.wav
21:19:25.888 [FXGL Background Thread 3 ] DEBUG Engine               - soundMenuSelect: menu/select.wav
21:19:25.888 [FXGL Background Thread 3 ] DEBUG Engine               - soundNotification: core/notification.wav
21:19:25.888 [FXGL Background Thread 3 ] DEBUG Engine               - stageStyle: DECORATED
21:19:25.888 [FXGL Background Thread 3 ] DEBUG Engine               - supportedLanguages: [ENGLISH, FRENCH, GERMAN, HUNGARIAN, RUSSIAN]
21:19:25.888 [FXGL Background Thread 3 ] DEBUG Engine               - ticksPerSecond: -1
21:19:25.888 [FXGL Background Thread 3 ] DEBUG Engine               - title: Prototype Game
21:19:25.888 [FXGL Background Thread 3 ] DEBUG Engine               - urlGithub: https://github.com/AlmasB/FXGL
21:19:25.888 [FXGL Background Thread 3 ] DEBUG Engine               - urlLeaderboard: http://fxgl-top.herokuapp.com/
21:19:25.888 [FXGL Background Thread 3 ] DEBUG Engine               - urlPOM: https://raw.githubusercontent.com/AlmasB/FXGL/release/README.md
21:19:25.888 [FXGL Background Thread 3 ] DEBUG Engine               - userAppClass: class org.example.GameApp
21:19:25.888 [FXGL Background Thread 3 ] DEBUG Engine               - version: 0.1.5
21:19:25.888 [FXGL Background Thread 3 ] DEBUG Engine               - versionCheckDays: 7
21:19:25.889 [FXGL Background Thread 3 ] DEBUG Engine               - width: 1280
21:19:25.889 [FXGL Background Thread 3 ] DEBUG Engine               - Logging services
21:19:25.889 [FXGL Background Thread 3 ] DEBUG Engine               - class com.almasb.fxgl.app.services.FXGLAssetLoaderService
21:19:25.889 [FXGL Background Thread 3 ] DEBUG Engine               - class com.almasb.fxgl.app.FXGLApplication$GameApplicationService
21:19:25.889 [FXGL Background Thread 3 ] DEBUG Engine               - class com.almasb.fxgl.app.services.FXGLDialogService
21:19:25.889 [FXGL Background Thread 3 ] DEBUG Engine               - class com.almasb.fxgl.app.services.IOTaskExecutorService
21:19:25.889 [FXGL Background Thread 3 ] DEBUG Engine               - class com.almasb.fxgl.io.FileSystemService
21:19:25.889 [FXGL Background Thread 3 ] DEBUG Engine               - class com.almasb.fxgl.localization.LocalizationService
21:19:25.889 [FXGL Background Thread 3 ] DEBUG Engine               - class com.almasb.fxgl.app.services.SystemBundleService
21:19:25.889 [FXGL Background Thread 3 ] DEBUG Engine               - class com.almasb.fxgl.profile.SaveLoadService
21:19:25.889 [FXGL Background Thread 3 ] DEBUG Engine               - class com.almasb.fxgl.ui.FXGLUIFactoryServiceProvider
21:19:25.889 [FXGL Background Thread 3 ] DEBUG Engine               - class com.almasb.fxgl.ui.FXGLDialogFactoryServiceProvider
21:19:25.889 [FXGL Background Thread 3 ] DEBUG Engine               - class com.almasb.fxgl.audio.AudioPlayer
21:19:25.889 [FXGL Background Thread 3 ] DEBUG Engine               - class com.almasb.fxgl.notification.impl.NotificationServiceProvider
21:19:25.890 [FXGL Background Thread 3 ] DEBUG Engine               - class com.almasb.fxgl.achievement.AchievementService
21:19:25.890 [FXGL Background Thread 3 ] DEBUG Engine               - class com.almasb.fxgl.cutscene.CutsceneService
21:19:25.890 [FXGL Background Thread 3 ] DEBUG Engine               - class com.almasb.fxgl.minigames.MiniGameService
21:19:25.890 [FXGL Background Thread 3 ] DEBUG Engine               - class com.almasb.fxgl.net.NetService
21:19:25.890 [FXGL Background Thread 3 ] DEBUG Engine               - class com.almasb.fxgl.app.services.UpdaterService
21:19:25.890 [FXGL Background Thread 3 ] DEBUG Engine               - class com.almasb.fxgl.dev.DevService
21:19:27.103 [JavaFX Application Thread] DEBUG GameWorld            - Game world initialized
21:19:27.104 [JavaFX Application Thread] DEBUG PhysicsWorld         - Physics world initialized: appHeight=720, physics.ppm=50.0
21:19:27.104 [JavaFX Application Thread] DEBUG PhysicsWorld         - Using strategy: BRUTE_FORCE
21:19:27.108 [JavaFX Application Thread] DEBUG GameScene            - Game scene initialized: 1280x720
21:19:27.137 [JavaFX Application Thread] DEBUG PrimaryStageWindow   - Push state: MainMenuScene
21:19:27.145 [JavaFX Application Thread] DEBUG Input                - Clearing active input actions
21:19:27.149 [JavaFX Application Thread] DEBUG GameApplicationServi - Removing overlay from NameInputScene and adding to MainMenuScene
21:19:27.149 [JavaFX Application Thread] DEBUG PrimaryStageWindow   - NameInputScene -> MainMenuScene
21:19:28.142 [JavaFX Application Thread] DEBUG GameApplicationServi - Starting new game
21:19:28.144 [JavaFX Application Thread] DEBUG PrimaryStageWindow   - Pop state: MainMenuScene
21:19:28.146 [JavaFX Application Thread] DEBUG Input                - Clearing active input actions
21:19:28.147 [JavaFX Application Thread] DEBUG GameApplicationServi - Removing overlay from MainMenuScene and adding to NameInputScene
21:19:28.149 [JavaFX Application Thread] DEBUG PrimaryStageWindow   - NameInputScene <- MainMenuScene
21:19:28.154 [JavaFX Application Thread] DEBUG PrimaryStageWindow   - Pop state: NameInputScene
21:19:28.154 [JavaFX Application Thread] DEBUG Input                - Clearing active input actions
21:19:28.154 [JavaFX Application Thread] DEBUG GameApplicationServi - Removing overlay from NameInputScene and adding to FXGLMainMenuDummyScene
21:19:28.154 [JavaFX Application Thread] DEBUG PrimaryStageWindow   - FXGLMainMenuDummyScene <- NameInputScene
21:19:28.156 [JavaFX Application Thread] DEBUG Input                - Clearing active input actions
21:19:28.169 [JavaFX Application Thread] DEBUG GameApplicationServi - Removing overlay from FXGLMainMenuDummyScene and adding to FXGLLoadingScene
21:19:28.170 [JavaFX Application Thread] DEBUG PrimaryStageWindow   - FXGLMainMenuDummyScene -> FXGLLoadingScene
21:19:28.170 [JavaFX Application Thread] DEBUG GameApplicationServi - Clearing previous game
21:19:28.170 [JavaFX Application Thread] DEBUG GameScene            - Clearing game scene
21:19:28.170 [JavaFX Application Thread] DEBUG GameWorld            - Clearing game world
21:19:28.170 [JavaFX Application Thread] DEBUG PhysicsWorld         - Clearing physics world
21:19:28.175 [FXGL Background Thread 2 ] DEBUG FXGLApplication      - Initializing game
21:19:28.200 [FXGL Background Thread 2 ] DEBUG FXGLAssetLoaderServi - Loading from file system: file:/C:/Users/khein/IdeaProjects/TheOnlyException/Test/target/classes/assets/textures/dasd.png
21:19:28.247 [FXGL Background Thread 2 ] DEBUG FXGLAssetLoaderServi - Loading from file system: file:/C:/Users/khein/IdeaProjects/TheOnlyException/Test/target/classes/assets/textures/player-scaled.png
21:19:28.342 [FXGL Background Thread 2 ] INFO  FXGLApplication      - Game initialization took: 0.167 sec
21:19:28.344 [JavaFX Application Thread] DEBUG Input                - Clearing active input actions
21:19:28.353 [JavaFX Application Thread] DEBUG GameApplicationServi - Removing overlay from FXGLLoadingScene and adding to GameScene
21:19:28.353 [JavaFX Application Thread] DEBUG PrimaryStageWindow   - FXGLLoadingScene -> GameScene
21:19:29.491 [JavaFX Application Thread] DEBUG FXGLAssetLoaderServi - Loading from file system: file:/C:/Users/khein/IdeaProjects/TheOnlyException/Test/target/classes/assets/textures/MaggotWalk-scaled.png
21:19:30.656 [JavaFX Application Thread] DEBUG FXGLAssetLoaderServi - Loading from file system: file:/C:/Users/khein/IdeaProjects/TheOnlyException/Test/target/classes/assets/textures/BeetleMove-scaled.png
21:19:31.233 [JavaFX Application Thread] DEBUG FXGLAssetLoaderServi - Loading from file system: file:/C:/Users/khein/IdeaProjects/TheOnlyException/Test/target/classes/assets/textures/BeeMove-scaled.png
21:19:31.760 [JavaFX Application Thread] DEBUG FXGLAssetLoaderServi - Loading from file system: file:/C:/Users/khein/IdeaProjects/TheOnlyException/Test/target/classes/assets/textures/MantisMove-scaled.png
21:19:33.759 [JavaFX Application Thread] DEBUG FXGLAssetLoaderServi - Loading from file system: file:/C:/Users/khein/IdeaProjects/TheOnlyException/Test/target/classes/assets/textures/DragonFly.png
21:19:34.751 [JavaFX Application Thread] DEBUG FXGLAssetLoaderServi - Loading from file system: file:/C:/Users/khein/IdeaProjects/TheOnlyException/Test/target/classes/assets/textures/GiantFly.png
21:19:39.819 [JavaFX Application Thread] DEBUG PrimaryStageWindow   - Push state: DialogSubScene
21:19:39.819 [JavaFX Application Thread] DEBUG Input                - Clearing active input actions
21:19:39.821 [JavaFX Application Thread] DEBUG GameApplicationServi - Removing overlay from GameScene and adding to DialogSubScene
21:19:39.821 [JavaFX Application Thread] DEBUG PrimaryStageWindow   - GameScene -> DialogSubScene
21:19:40.777 [JavaFX Application Thread] DEBUG PrimaryStageWindow   - Pop state: DialogSubScene
21:19:40.777 [JavaFX Application Thread] DEBUG Input                - Clearing active input actions
21:19:40.779 [JavaFX Application Thread] DEBUG GameApplicationServi - Removing overlay from DialogSubScene and adding to GameScene
21:19:40.779 [JavaFX Application Thread] DEBUG PrimaryStageWindow   - GameScene <- DialogSubScene
21:19:45.460 [JavaFX Application Thread] DEBUG PrimaryStageWindow   - Push state: DialogSubScene
21:19:45.460 [JavaFX Application Thread] DEBUG Input                - Clearing active input actions
21:19:45.460 [JavaFX Application Thread] DEBUG GameApplicationServi - Removing overlay from GameScene and adding to DialogSubScene
21:19:45.461 [JavaFX Application Thread] DEBUG PrimaryStageWindow   - GameScene -> DialogSubScene
21:19:46.265 [JavaFX Application Thread] DEBUG PrimaryStageWindow   - Pop state: DialogSubScene
21:19:46.265 [JavaFX Application Thread] DEBUG Input                - Clearing active input actions
21:19:46.266 [JavaFX Application Thread] DEBUG GameApplicationServi - Removing overlay from DialogSubScene and adding to GameScene
21:19:46.266 [JavaFX Application Thread] DEBUG PrimaryStageWindow   - GameScene <- DialogSubScene
21:19:51.666 [JavaFX Application Thread] DEBUG FXGLApplication      - Exiting FXGL
21:19:51.666 [JavaFX Application Thread] DEBUG LoopRunner           - Stopping loop
21:19:51.666 [JavaFX Application Thread] DEBUG SystemBundleService  - Saving FXGL system data
21:19:51.674 [JavaFX Application Thread] DEBUG FileSystemAccess     - Writing to: C:\Users\khein\IdeaProjects\TheOnlyException\system\fxgl.bundle
21:19:51.680 [JavaFX Application Thread] DEBUG Async                - Shutting down background threads
21:19:51.680 [JavaFX Application Thread] DEBUG PrimaryStageWindow   - Closing main window
21:19:51.705 [JavaFX Application Thread] DEBUG Logger               - Closing Logger
