21:28:25.224 [main                     ] DEBUG Logger               - Configured Logger
21:28:25.228 [main                     ] DEBUG GameApplication      - Logging settings
Title: Prototype Game
Version: 0.1.5
Width: 1280
Height: 720
Fullscreen: false
Intro: false
Profiling: false
Single step:false
App Mode: DEVELOPER
Menu Key: ESCAPE
Stage Style: DECORATED
Scene Factory: class org.example.core.GameApp$1

21:28:25.351 [JavaFX Application Thread] DEBUG FXGLApplication      - Initializing FXGL
21:28:25.355 [JavaFX Application Thread] INFO  Engine               - FXGL-21+dev-SNAPSHOT (26.03.2024 19.46) on WINDOWS (J:24 FX:21.0.1)
21:28:25.355 [JavaFX Application Thread] DEBUG Engine               - JRE Vendor Name: Oracle Corporation
21:28:25.355 [JavaFX Application Thread] DEBUG Engine               - Running on OS: Windows 11 version 10.0
21:28:25.355 [JavaFX Application Thread] DEBUG Engine               - Architecture: amd64
21:28:25.355 [JavaFX Application Thread] INFO  Engine               - Source code and latest versions at: https://github.com/AlmasB/FXGL
21:28:25.355 [JavaFX Application Thread] INFO  Engine               -       Ask questions and discuss at: https://github.com/AlmasB/FXGL/discussions
21:28:25.355 [JavaFX Application Thread] INFO  Engine               -              Join the FXGL chat at: https://gitter.im/AlmasB/FXGL
21:28:25.441 [JavaFX Application Thread] DEBUG PrimaryStageWindow   - Creating a JavaFX scene
21:28:25.471 [JavaFX Application Thread] DEBUG PrimaryStageWindow   - Target settings size: 1280.0 x 720.0
21:28:25.471 [JavaFX Application Thread] DEBUG PrimaryStageWindow   - Scaled scene size:    1280.0 x 720.0
21:28:25.471 [JavaFX Application Thread] DEBUG PrimaryStageWindow   - Scaled ratio: (1.0, 1.0)
21:28:25.471 [JavaFX Application Thread] DEBUG PrimaryStageWindow   - Set initial scene to FXGLStartupScene
21:28:25.475 [JavaFX Application Thread] DEBUG PrimaryStageWindow   - Opening main window
21:28:25.556 [JavaFX Application Thread] DEBUG PrimaryStageWindow   - Window border size: (16.0, 39.0)
21:28:25.556 [JavaFX Application Thread] DEBUG PrimaryStageWindow   - Scaled size: 1280.0 x 720.0
21:28:25.556 [JavaFX Application Thread] DEBUG PrimaryStageWindow   - Scaled ratio: (1.0, 1.0)
21:28:25.556 [JavaFX Application Thread] DEBUG PrimaryStageWindow   - Scene size: 1280.0 x 720.0
21:28:25.556 [JavaFX Application Thread] DEBUG PrimaryStageWindow   - Stage size: 1296.0 x 759.0
21:28:25.562 [FXGL Background Thread 1 ] DEBUG Engine               - Initializing environment variables
21:28:25.605 [FXGL Background Thread 1 ] DEBUG FXGLAssetLoaderServi - User app class for loading assets: class org.example.core.GameApp
21:28:25.606 [FXGL Background Thread 1 ] DEBUG GameApplicationServi - Applying CSS: fxgl_dark.css
21:28:25.606 [FXGL Background Thread 1 ] DEBUG FXGLAssetLoaderServi - Loading from file system: jar:file:/C:/Users/primzcm/.m2/repository/com/github/almasb/fxgl/fxgl/21.1/fxgl-21.1.jar!/fxglassets/ui/css/fxgl_dark.css
21:28:25.647 [FXGL Background Thread 1 ] DEBUG GameApplicationServi - Initializing application scenes
21:28:25.668 [FXGL Background Thread 1 ] DEBUG GameWorld            - Game world initialized
21:28:25.717 [FXGL Background Thread 1 ] DEBUG PhysicsWorld         - Physics world initialized: appHeight=720, physics.ppm=50.0
21:28:25.717 [FXGL Background Thread 1 ] DEBUG PhysicsWorld         - Using strategy: BRUTE_FORCE
21:28:25.721 [FXGL Background Thread 1 ] DEBUG GameScene            - Game scene initialized: 1280x720
21:28:25.939 [FXGL Background Thread 1 ] DEBUG GameApplicationServi - Application scenes initialized
21:28:25.952 [FXGL Background Thread 1 ] DEBUG SystemBundleService  - Loading FXGL system data
21:28:25.956 [FXGL Background Thread 1 ] DEBUG FileSystemAccess     - Reading from: F:\my files\School\2nd year 2nd sem\TheOnlyException\system\fxgl.bundle
21:28:25.961 [FXGL Background Thread 1 ] DEBUG SystemBundleService  - Bundle FXGL: {}
21:28:25.961 [FXGL Background Thread 1 ] DEBUG UpdaterService       - Checking for updates
21:28:25.967 [FXGL Background Thread 4 ] DEBUG FXGLApplication      - Loading fonts
21:28:25.967 [FXGL Background Thread 4 ] DEBUG FXGLAssetLoaderServi - Loading from file system: jar:file:/C:/Users/primzcm/.m2/repository/com/github/almasb/fxgl/fxgl/21.1/fxgl-21.1.jar!/fxglassets/ui/fonts/VarelaRound-Regular.ttf
21:28:25.967 [FXGL Background Thread 1 ] DEBUG FXGLApplication      - Loading default localization
21:28:25.968 [FXGL Background Thread 1 ] DEBUG FXGLAssetLoaderServi - Loading from file system: jar:file:/C:/Users/primzcm/.m2/repository/com/github/almasb/fxgl/fxgl/21.1/fxgl-21.1.jar!/fxglassets/languages/english.lang
21:28:25.970 [FXGL Background Thread 4 ] DEBUG FXGLAssetLoaderServi - Loading from file system: jar:file:/C:/Users/primzcm/.m2/repository/com/github/almasb/fxgl/fxgl/21.1/fxgl-21.1.jar!/fxglassets/ui/fonts/Abel-Regular.ttf
21:28:25.973 [FXGL Background Thread 4 ] DEBUG FXGLAssetLoaderServi - Loading from file system: jar:file:/C:/Users/primzcm/.m2/repository/com/github/almasb/fxgl/fxgl/21.1/fxgl-21.1.jar!/fxglassets/ui/fonts/TerminalLandMono-Regular.otf
21:28:25.975 [FXGL Background Thread 4 ] DEBUG FXGLAssetLoaderServi - Loading from file system: jar:file:/C:/Users/primzcm/.m2/repository/com/github/almasb/fxgl/fxgl/21.1/fxgl-21.1.jar!/fxglassets/ui/fonts/Courier-Prime.ttf
21:28:25.982 [JavaFX Application Thread] DEBUG FXGLApplication      - Registering font factories with UI factory
21:28:25.988 [FXGL Background Thread 1 ] INFO  FXGLApplication      - FXGL initialization took: 0.426 sec
21:28:25.998 [JavaFX Application Thread] DEBUG Input                - Registered new binding: action0 - A
21:28:25.999 [JavaFX Application Thread] DEBUG Input                - Registered new binding: action1 - D
21:28:25.999 [JavaFX Application Thread] DEBUG Input                - Registered new binding: action2 - W
21:28:26.000 [JavaFX Application Thread] DEBUG Input                - Registered new binding: action3 - S
21:28:26.001 [JavaFX Application Thread] DEBUG FXGLAssetLoaderServi - Loading from file system: jar:file:/C:/Users/primzcm/.m2/repository/com/github/almasb/fxgl/fxgl/21.1/fxgl-21.1.jar!/fxglassets/textures/fxgl_icon.png
21:28:26.075 [JavaFX Application Thread] DEBUG FXGLAssetLoaderServi - Loading from file system: jar:file:/C:/Users/primzcm/.m2/repository/com/github/almasb/fxgl/fxgl/21.1/fxgl-21.1.jar!/fxglassets/textures/fxgl_default_cursor.png
21:28:26.078 [JavaFX Application Thread] DEBUG Input                - Registered new binding: Screenshot - CTRL+8
21:28:26.079 [JavaFX Application Thread] DEBUG Input                - Registered new binding: System info dump - CTRL+9
21:28:26.079 [JavaFX Application Thread] DEBUG Input                - Registered new binding: Restart - CTRL+R
21:28:26.081 [JavaFX Application Thread] DEBUG Input                - Registered new binding: Toggle Debug Camera - CTRL+7
21:28:26.085 [JavaFX Application Thread] DEBUG LoopRunner           - Starting loop
21:28:26.085 [JavaFX Application Thread] DEBUG LoopRunner           - Initializing JavaFX AnimationTimerLoop
21:28:26.088 [JavaFX Application Thread] DEBUG Input                - Clearing active input actions
21:28:26.094 [JavaFX Application Thread] DEBUG GameApplicationServi - Removing overlay from FXGLStartupScene and adding to FXGLMainMenuDummyScene
21:28:26.095 [JavaFX Application Thread] DEBUG PrimaryStageWindow   - FXGLStartupScene -> FXGLMainMenuDummyScene
21:28:26.095 [JavaFX Application Thread] DEBUG PrimaryStageWindow   - Push state: LoginScene
21:28:26.095 [JavaFX Application Thread] DEBUG Input                - Clearing active input actions
21:28:26.128 [JavaFX Application Thread] DEBUG GameApplicationServi - Removing overlay from FXGLMainMenuDummyScene and adding to LoginScene
21:28:26.128 [JavaFX Application Thread] DEBUG PrimaryStageWindow   - FXGLMainMenuDummyScene -> LoginScene
21:28:26.406 [FXGL Background Thread 2 ] INFO  UpdaterService       - Your current version:  21+dev-SNAPSHOT
21:28:26.406 [FXGL Background Thread 2 ] INFO  UpdaterService       - Latest stable version: 21.1
21:28:28.947 [JavaFX Application Thread] DEBUG GameWorld            - Game world initialized
21:28:28.948 [JavaFX Application Thread] DEBUG PhysicsWorld         - Physics world initialized: appHeight=720, physics.ppm=50.0
21:28:28.948 [JavaFX Application Thread] DEBUG PhysicsWorld         - Using strategy: BRUTE_FORCE
21:28:28.949 [JavaFX Application Thread] DEBUG GameScene            - Game scene initialized: 1280x720
21:28:28.965 [JavaFX Application Thread] DEBUG PrimaryStageWindow   - Push state: MainMenuScene
21:28:28.966 [FXGL Background Thread 3 ] DEBUG Engine               - Logging environment variables
21:28:28.966 [FXGL Background Thread 3 ] DEBUG Engine               - achievements: []
21:28:28.966 [FXGL Background Thread 3 ] DEBUG Engine               - actualHeight: 720.0
21:28:28.966 [FXGL Background Thread 3 ] DEBUG Engine               - actualHeightProperty: ReadOnlyDoubleProperty [value: 720.0]
21:28:28.966 [FXGL Background Thread 3 ] DEBUG Engine               - actualWidth: 1280.0
21:28:28.966 [FXGL Background Thread 3 ] DEBUG Engine               - actualWidthProperty: ReadOnlyDoubleProperty [value: 1280.0]
21:28:28.966 [FXGL Background Thread 3 ] DEBUG Engine               - appIcon: fxgl_icon.png
21:28:28.966 [FXGL Background Thread 3 ] DEBUG Engine               - applicationMode: DEVELOPER
21:28:28.966 [FXGL Background Thread 3 ] DEBUG Engine               - cSSList: [fxgl_dark.css]
21:28:28.966 [FXGL Background Thread 3 ] DEBUG Engine               - collisionDetectionStrategy: BRUTE_FORCE
21:28:28.966 [FXGL Background Thread 3 ] DEBUG Engine               - configClass: Optional.empty
21:28:28.966 [FXGL Background Thread 3 ] DEBUG Engine               - credits: []
21:28:28.968 [FXGL Background Thread 3 ] DEBUG Engine               - defaultCursor: CursorInfo(imageName=fxgl_default_cursor.png, hotspotX=7.0, hotspotY=6.0)
21:28:28.968 [FXGL Background Thread 3 ] DEBUG Engine               - devBBoxColorProperty: ObjectProperty [value: 0xff0000ff]
21:28:28.968 [FXGL Background Thread 3 ] DEBUG Engine               - devEnableDebugCameraProperty: BooleanProperty [value: false]
21:28:28.968 [FXGL Background Thread 3 ] DEBUG Engine               - devSensorColorProperty: ObjectProperty [value: 0xffff00ff]
21:28:28.968 [FXGL Background Thread 3 ] DEBUG Engine               - devShowBBoxProperty: BooleanProperty [value: false]
21:28:28.968 [FXGL Background Thread 3 ] DEBUG Engine               - devShowPositionProperty: BooleanProperty [value: false]
21:28:28.968 [FXGL Background Thread 3 ] DEBUG Engine               - enabledMenuItems: []
21:28:28.968 [FXGL Background Thread 3 ] DEBUG Engine               - engineServices: [class com.almasb.fxgl.app.services.FXGLAssetLoaderService, class com.almasb.fxgl.app.FXGLApplication$GameApplicationService, class com.almasb.fxgl.app.services.FXGLDialogService, class com.almasb.fxgl.app.services.IOTaskExecutorService, class com.almasb.fxgl.io.FileSystemService, class com.almasb.fxgl.localization.LocalizationService, class com.almasb.fxgl.app.services.SystemBundleService, class com.almasb.fxgl.profile.SaveLoadService, class com.almasb.fxgl.ui.FXGLUIFactoryServiceProvider, class com.almasb.fxgl.ui.FXGLDialogFactoryServiceProvider, class com.almasb.fxgl.audio.AudioPlayer, class com.almasb.fxgl.notification.impl.NotificationServiceProvider, class com.almasb.fxgl.achievement.AchievementService, class com.almasb.fxgl.cutscene.CutsceneService, class com.almasb.fxgl.minigames.MiniGameService, class com.almasb.fxgl.net.NetService, class com.almasb.fxgl.app.services.UpdaterService, class com.almasb.fxgl.dev.DevService]
21:28:28.968 [FXGL Background Thread 3 ] DEBUG Engine               - fontGame: Abel-Regular.ttf
21:28:28.968 [FXGL Background Thread 3 ] DEBUG Engine               - fontMono: TerminalLandMono-Regular.otf
21:28:28.968 [FXGL Background Thread 3 ] DEBUG Engine               - fontSizeScaleUI: 1.0
21:28:28.968 [FXGL Background Thread 3 ] DEBUG Engine               - fontText: Courier-Prime.ttf
21:28:28.968 [FXGL Background Thread 3 ] DEBUG Engine               - fontUI: VarelaRound-Regular.ttf
21:28:28.968 [FXGL Background Thread 3 ] DEBUG Engine               - fullScreen: BooleanProperty [value: false]
21:28:28.968 [FXGL Background Thread 3 ] DEBUG Engine               - gameDifficulty: MEDIUM
21:28:28.968 [FXGL Background Thread 3 ] DEBUG Engine               - gameDifficultyProperty: ObjectProperty [value: MEDIUM]
21:28:28.968 [FXGL Background Thread 3 ] DEBUG Engine               - globalMusicVolume: 0.5
21:28:28.968 [FXGL Background Thread 3 ] DEBUG Engine               - globalMusicVolumeProperty: DoubleProperty [value: 0.5]
21:28:28.968 [FXGL Background Thread 3 ] DEBUG Engine               - globalSoundVolume: 0.5
21:28:28.968 [FXGL Background Thread 3 ] DEBUG Engine               - globalSoundVolumeProperty: DoubleProperty [value: 0.5]
21:28:28.968 [FXGL Background Thread 3 ] DEBUG Engine               - height: 720
21:28:28.968 [FXGL Background Thread 3 ] DEBUG Engine               - is3D: false
21:28:28.968 [FXGL Background Thread 3 ] DEBUG Engine               - isAndroid: false
21:28:28.969 [FXGL Background Thread 3 ] DEBUG Engine               - isBrowser: false
21:28:28.969 [FXGL Background Thread 3 ] DEBUG Engine               - isClickFeedbackEnabled: false
21:28:28.969 [FXGL Background Thread 3 ] DEBUG Engine               - isCloseConfirmation: false
21:28:28.969 [FXGL Background Thread 3 ] DEBUG Engine               - isDesktop: true
21:28:28.969 [FXGL Background Thread 3 ] DEBUG Engine               - isDeveloperMenuEnabled: false
21:28:28.969 [FXGL Background Thread 3 ] DEBUG Engine               - isEmbedded: false
21:28:28.969 [FXGL Background Thread 3 ] DEBUG Engine               - isEntityPreloadEnabled: true
21:28:28.969 [FXGL Background Thread 3 ] DEBUG Engine               - isExperimentalTiledLargeMap: false
21:28:28.969 [FXGL Background Thread 3 ] DEBUG Engine               - isFileSystemWriteAllowed: true
21:28:28.969 [FXGL Background Thread 3 ] DEBUG Engine               - isFullScreenAllowed: false
21:28:28.969 [FXGL Background Thread 3 ] DEBUG Engine               - isFullScreenFromStart: false
21:28:28.969 [FXGL Background Thread 3 ] DEBUG Engine               - isGameMenuEnabled: false
21:28:28.969 [FXGL Background Thread 3 ] DEBUG Engine               - isIOS: false
21:28:28.969 [FXGL Background Thread 3 ] DEBUG Engine               - isIntroEnabled: false
21:28:28.969 [FXGL Background Thread 3 ] DEBUG Engine               - isLinux: false
21:28:28.969 [FXGL Background Thread 3 ] DEBUG Engine               - isMac: false
21:28:28.969 [FXGL Background Thread 3 ] DEBUG Engine               - isMainMenuEnabled: true
21:28:28.969 [FXGL Background Thread 3 ] DEBUG Engine               - isManualResizeEnabled: false
21:28:28.969 [FXGL Background Thread 3 ] DEBUG Engine               - isMobile: false
21:28:28.969 [FXGL Background Thread 3 ] DEBUG Engine               - isNative: false
21:28:28.969 [FXGL Background Thread 3 ] DEBUG Engine               - isPauseMusicWhenMinimized: true
21:28:28.969 [FXGL Background Thread 3 ] DEBUG Engine               - isPreserveResizeRatio: false
21:28:28.969 [FXGL Background Thread 3 ] DEBUG Engine               - isProfilingEnabled: false
21:28:28.969 [FXGL Background Thread 3 ] DEBUG Engine               - isScaleAffectedOnResize: true
21:28:28.969 [FXGL Background Thread 3 ] DEBUG Engine               - isSingleStep: false
21:28:28.969 [FXGL Background Thread 3 ] DEBUG Engine               - isUserProfileEnabled: false
21:28:28.969 [FXGL Background Thread 3 ] DEBUG Engine               - isWindows: true
21:28:28.969 [FXGL Background Thread 3 ] DEBUG Engine               - language: ObjectProperty [value: ENGLISH]
21:28:28.969 [FXGL Background Thread 3 ] DEBUG Engine               - menuKey: ESCAPE
21:28:28.969 [FXGL Background Thread 3 ] DEBUG Engine               - mouseSensitivity: 0.2
21:28:28.969 [FXGL Background Thread 3 ] DEBUG Engine               - notificationViewClass: class com.almasb.fxgl.notification.view.XboxNotificationView
21:28:28.969 [FXGL Background Thread 3 ] DEBUG Engine               - pixelsPerMeter: 50.0
21:28:28.969 [FXGL Background Thread 3 ] DEBUG Engine               - platform: WINDOWS
21:28:28.969 [FXGL Background Thread 3 ] DEBUG Engine               - prefHeightProperty: ReadOnlyDoubleProperty [value: 720.0]
21:28:28.969 [FXGL Background Thread 3 ] DEBUG Engine               - prefWidthProperty: ReadOnlyDoubleProperty [value: 1280.0]
21:28:28.969 [FXGL Background Thread 3 ] DEBUG Engine               - profileDir: profiles/
21:28:28.970 [FXGL Background Thread 3 ] DEBUG Engine               - profileName: StringProperty [value: DEFAULT]
21:28:28.970 [FXGL Background Thread 3 ] DEBUG Engine               - randomSeed: -1
21:28:28.970 [FXGL Background Thread 3 ] DEBUG Engine               - runtimeInfo: RuntimeInfo(platform=WINDOWS, version=21+dev-SNAPSHOT, build=26.03.2024 19.46)
21:28:28.970 [FXGL Background Thread 3 ] DEBUG Engine               - saveFileExt: sav
21:28:28.970 [FXGL Background Thread 3 ] DEBUG Engine               - scaledHeightProp$fxgl: DoubleProperty [bound, value: 720.0]
21:28:28.970 [FXGL Background Thread 3 ] DEBUG Engine               - scaledWidthProp$fxgl: DoubleProperty [bound, value: 1280.0]
21:28:28.970 [FXGL Background Thread 3 ] DEBUG Engine               - sceneFactory: org.example.core.GameApp$1@bbaf82
21:28:28.970 [FXGL Background Thread 3 ] DEBUG Engine               - secondsIn24h: 60
21:28:28.970 [FXGL Background Thread 3 ] DEBUG Engine               - soundMenuBack: menu/back.wav
21:28:28.970 [FXGL Background Thread 3 ] DEBUG Engine               - soundMenuPress: menu/press.wav
21:28:28.970 [FXGL Background Thread 3 ] DEBUG Engine               - soundMenuSelect: menu/select.wav
21:28:28.970 [FXGL Background Thread 3 ] DEBUG Engine               - soundNotification: core/notification.wav
21:28:28.970 [FXGL Background Thread 3 ] DEBUG Engine               - stageStyle: DECORATED
21:28:28.970 [FXGL Background Thread 3 ] DEBUG Engine               - supportedLanguages: [ENGLISH, FRENCH, GERMAN, HUNGARIAN, RUSSIAN]
21:28:28.970 [FXGL Background Thread 3 ] DEBUG Engine               - ticksPerSecond: -1
21:28:28.970 [FXGL Background Thread 3 ] DEBUG Engine               - title: Prototype Game
21:28:28.970 [FXGL Background Thread 3 ] DEBUG Engine               - urlGithub: https://github.com/AlmasB/FXGL
21:28:28.970 [FXGL Background Thread 3 ] DEBUG Engine               - urlLeaderboard: http://fxgl-top.herokuapp.com/
21:28:28.970 [FXGL Background Thread 3 ] DEBUG Engine               - urlPOM: https://raw.githubusercontent.com/AlmasB/FXGL/release/README.md
21:28:28.970 [FXGL Background Thread 3 ] DEBUG Engine               - userAppClass: class org.example.core.GameApp
21:28:28.970 [FXGL Background Thread 3 ] DEBUG Engine               - version: 0.1.5
21:28:28.970 [FXGL Background Thread 3 ] DEBUG Engine               - versionCheckDays: 7
21:28:28.970 [FXGL Background Thread 3 ] DEBUG Engine               - width: 1280
21:28:28.970 [FXGL Background Thread 3 ] DEBUG Engine               - Logging services
21:28:28.970 [FXGL Background Thread 3 ] DEBUG Engine               - class com.almasb.fxgl.app.services.FXGLAssetLoaderService
21:28:28.970 [FXGL Background Thread 3 ] DEBUG Engine               - class com.almasb.fxgl.app.FXGLApplication$GameApplicationService
21:28:28.970 [FXGL Background Thread 3 ] DEBUG Engine               - class com.almasb.fxgl.app.services.FXGLDialogService
21:28:28.970 [FXGL Background Thread 3 ] DEBUG Engine               - class com.almasb.fxgl.app.services.IOTaskExecutorService
21:28:28.970 [FXGL Background Thread 3 ] DEBUG Engine               - class com.almasb.fxgl.io.FileSystemService
21:28:28.970 [FXGL Background Thread 3 ] DEBUG Engine               - class com.almasb.fxgl.localization.LocalizationService
21:28:28.970 [FXGL Background Thread 3 ] DEBUG Engine               - class com.almasb.fxgl.app.services.SystemBundleService
21:28:28.970 [FXGL Background Thread 3 ] DEBUG Engine               - class com.almasb.fxgl.profile.SaveLoadService
21:28:28.970 [FXGL Background Thread 3 ] DEBUG Engine               - class com.almasb.fxgl.ui.FXGLUIFactoryServiceProvider
21:28:28.970 [FXGL Background Thread 3 ] DEBUG Engine               - class com.almasb.fxgl.ui.FXGLDialogFactoryServiceProvider
21:28:28.971 [FXGL Background Thread 3 ] DEBUG Engine               - class com.almasb.fxgl.audio.AudioPlayer
21:28:28.971 [FXGL Background Thread 3 ] DEBUG Engine               - class com.almasb.fxgl.notification.impl.NotificationServiceProvider
21:28:28.971 [FXGL Background Thread 3 ] DEBUG Engine               - class com.almasb.fxgl.achievement.AchievementService
21:28:28.971 [FXGL Background Thread 3 ] DEBUG Engine               - class com.almasb.fxgl.cutscene.CutsceneService
21:28:28.971 [FXGL Background Thread 3 ] DEBUG Engine               - class com.almasb.fxgl.minigames.MiniGameService
21:28:28.971 [FXGL Background Thread 3 ] DEBUG Engine               - class com.almasb.fxgl.net.NetService
21:28:28.971 [FXGL Background Thread 3 ] DEBUG Engine               - class com.almasb.fxgl.app.services.UpdaterService
21:28:28.971 [FXGL Background Thread 3 ] DEBUG Engine               - class com.almasb.fxgl.dev.DevService
21:28:28.991 [JavaFX Application Thread] DEBUG Input                - Clearing active input actions
21:28:28.992 [JavaFX Application Thread] DEBUG GameApplicationServi - Removing overlay from LoginScene and adding to MainMenuScene
21:28:28.992 [JavaFX Application Thread] DEBUG PrimaryStageWindow   - LoginScene -> MainMenuScene
21:28:28.994 [JavaFX Application Thread] DEBUG GameWorld            - Game world initialized
21:28:28.995 [JavaFX Application Thread] DEBUG PhysicsWorld         - Physics world initialized: appHeight=720, physics.ppm=50.0
21:28:28.995 [JavaFX Application Thread] DEBUG PhysicsWorld         - Using strategy: BRUTE_FORCE
21:28:28.996 [JavaFX Application Thread] DEBUG GameScene            - Game scene initialized: 1280x720
21:28:29.007 [JavaFX Application Thread] DEBUG PrimaryStageWindow   - Push state: MainMenuScene
21:28:29.044 [JavaFX Application Thread] DEBUG Input                - Clearing active input actions
21:28:29.046 [JavaFX Application Thread] DEBUG GameApplicationServi - Removing overlay from MainMenuScene and adding to MainMenuScene
21:28:29.046 [JavaFX Application Thread] DEBUG PrimaryStageWindow   - MainMenuScene -> MainMenuScene
21:28:30.166 [JavaFX Application Thread] DEBUG GameWorld            - Game world initialized
21:28:30.167 [JavaFX Application Thread] DEBUG PhysicsWorld         - Physics world initialized: appHeight=720, physics.ppm=50.0
21:28:30.167 [JavaFX Application Thread] DEBUG PhysicsWorld         - Using strategy: BRUTE_FORCE
21:28:30.167 [JavaFX Application Thread] DEBUG GameScene            - Game scene initialized: 1280x720
21:28:30.178 [JavaFX Application Thread] DEBUG PrimaryStageWindow   - Push state: SettingsScene
21:28:30.178 [JavaFX Application Thread] DEBUG Input                - Clearing active input actions
21:28:30.182 [JavaFX Application Thread] DEBUG GameApplicationServi - Removing overlay from MainMenuScene and adding to SettingsScene
21:28:30.182 [JavaFX Application Thread] DEBUG PrimaryStageWindow   - MainMenuScene -> SettingsScene
21:28:32.831 [JavaFX Application Thread] DEBUG PrimaryStageWindow   - Pop state: SettingsScene
21:28:32.831 [JavaFX Application Thread] DEBUG Input                - Clearing active input actions
21:28:32.832 [JavaFX Application Thread] DEBUG GameApplicationServi - Removing overlay from SettingsScene and adding to MainMenuScene
21:28:32.832 [JavaFX Application Thread] DEBUG PrimaryStageWindow   - MainMenuScene <- SettingsScene
21:28:33.998 [JavaFX Application Thread] DEBUG GameApplicationServi - Starting new game
21:28:33.998 [JavaFX Application Thread] DEBUG PrimaryStageWindow   - Pop state: MainMenuScene
21:28:33.998 [JavaFX Application Thread] DEBUG Input                - Clearing active input actions
21:28:33.999 [JavaFX Application Thread] DEBUG GameApplicationServi - Removing overlay from MainMenuScene and adding to MainMenuScene
21:28:33.999 [JavaFX Application Thread] DEBUG PrimaryStageWindow   - MainMenuScene <- MainMenuScene
21:28:34.075 [JavaFX Application Thread] DEBUG PrimaryStageWindow   - Pop state: MainMenuScene
21:28:34.075 [JavaFX Application Thread] DEBUG Input                - Clearing active input actions
21:28:34.075 [JavaFX Application Thread] DEBUG GameApplicationServi - Removing overlay from MainMenuScene and adding to LoginScene
21:28:34.075 [JavaFX Application Thread] DEBUG PrimaryStageWindow   - LoginScene <- MainMenuScene
21:28:34.086 [JavaFX Application Thread] DEBUG PrimaryStageWindow   - Pop state: LoginScene
21:28:34.086 [JavaFX Application Thread] DEBUG Input                - Clearing active input actions
21:28:34.086 [JavaFX Application Thread] DEBUG GameApplicationServi - Removing overlay from LoginScene and adding to FXGLMainMenuDummyScene
21:28:34.086 [JavaFX Application Thread] DEBUG PrimaryStageWindow   - FXGLMainMenuDummyScene <- LoginScene
21:28:34.086 [JavaFX Application Thread] DEBUG Input                - Clearing active input actions
21:28:34.096 [JavaFX Application Thread] DEBUG GameApplicationServi - Removing overlay from FXGLMainMenuDummyScene and adding to FXGLLoadingScene
21:28:34.096 [JavaFX Application Thread] DEBUG PrimaryStageWindow   - FXGLMainMenuDummyScene -> FXGLLoadingScene
21:28:34.096 [JavaFX Application Thread] DEBUG GameApplicationServi - Clearing previous game
21:28:34.096 [JavaFX Application Thread] DEBUG GameScene            - Clearing game scene
21:28:34.096 [JavaFX Application Thread] DEBUG GameWorld            - Clearing game world
21:28:34.096 [JavaFX Application Thread] DEBUG PhysicsWorld         - Clearing physics world
21:28:34.098 [FXGL Background Thread 2 ] DEBUG FXGLApplication      - Initializing game
21:28:34.109 [FXGL Background Thread 2 ] DEBUG FXGLAssetLoaderServi - Loading from file system: file:/F:/my%20files/School/2nd%20year%202nd%20sem/TheOnlyException/Test/target/classes/assets/textures/worlda.png
21:28:34.168 [FXGL Background Thread 2 ] DEBUG FXGLAssetLoaderServi - Loading from file system: file:/F:/my%20files/School/2nd%20year%202nd%20sem/TheOnlyException/Test/target/classes/assets/textures/player-scaled.png
21:28:34.211 [FXGL Background Thread 2 ] INFO  FXGLApplication      - Game initialization took: 0.113 sec
21:28:34.211 [JavaFX Application Thread] DEBUG Input                - Clearing active input actions
21:28:34.219 [JavaFX Application Thread] DEBUG GameApplicationServi - Removing overlay from FXGLLoadingScene and adding to GameScene
21:28:34.219 [JavaFX Application Thread] DEBUG PrimaryStageWindow   - FXGLLoadingScene -> GameScene
21:28:34.796 [JavaFX Application Thread] DEBUG FXGLAssetLoaderServi - Loading from file system: file:/F:/my%20files/School/2nd%20year%202nd%20sem/TheOnlyException/Test/target/classes/assets/textures/MaggotWalk-scaled.png
21:28:34.802 [JavaFX Application Thread] DEBUG FXGLAssetLoaderServi - Loading from file system: file:/F:/my%20files/School/2nd%20year%202nd%20sem/TheOnlyException/Test/target/classes/assets/textures/BeetleMove-scaled.png
21:28:34.803 [JavaFX Application Thread] DEBUG FXGLAssetLoaderServi - Loading from file system: file:/F:/my%20files/School/2nd%20year%202nd%20sem/TheOnlyException/Test/target/classes/assets/textures/MantisMove-scaled.png
21:28:34.804 [JavaFX Application Thread] DEBUG FXGLAssetLoaderServi - Loading from file system: file:/F:/my%20files/School/2nd%20year%202nd%20sem/TheOnlyException/Test/target/classes/assets/textures/BeeMove-scaled.png
21:28:34.806 [JavaFX Application Thread] DEBUG FXGLAssetLoaderServi - Loading from file system: file:/F:/my%20files/School/2nd%20year%202nd%20sem/TheOnlyException/Test/target/classes/assets/textures/GiantFly.png
21:28:34.808 [JavaFX Application Thread] DEBUG FXGLAssetLoaderServi - Loading from file system: file:/F:/my%20files/School/2nd%20year%202nd%20sem/TheOnlyException/Test/target/classes/assets/textures/DragonFly.png
21:28:46.908 [JavaFX Application Thread] DEBUG FXGLAssetLoaderServi - Loading from file system: file:/F:/my%20files/School/2nd%20year%202nd%20sem/TheOnlyException/Test/target/classes/assets/textures/systemrestore.png
21:28:46.925 [JavaFX Application Thread] WARN  FXGLAssetLoaderServi - Asset "/assets/textures/gun.png" was not found!
21:28:46.925 [JavaFX Application Thread] WARN  FXGLAssetLoaderServi - Failed to load IMAGE
21:28:46.934 [JavaFX Application Thread] DEBUG FXGLAssetLoaderServi - Loading from file system: file:/F:/my%20files/School/2nd%20year%202nd%20sem/TheOnlyException/Test/target/classes/assets/textures/shortcircuit.png
21:28:46.952 [JavaFX Application Thread] DEBUG FXGLAssetLoaderServi - Loading from file system: file:/F:/my%20files/School/2nd%20year%202nd%20sem/TheOnlyException/Test/target/classes/assets/textures/smolderprotocol.png
21:28:46.981 [JavaFX Application Thread] DEBUG PrimaryStageWindow   - Push state: DialogSubScene
21:28:46.981 [JavaFX Application Thread] DEBUG Input                - Clearing active input actions
21:28:46.981 [JavaFX Application Thread] DEBUG GameApplicationServi - Removing overlay from GameScene and adding to DialogSubScene
21:28:46.981 [JavaFX Application Thread] DEBUG PrimaryStageWindow   - GameScene -> DialogSubScene
21:28:48.226 [JavaFX Application Thread] DEBUG PrimaryStageWindow   - Pop state: DialogSubScene
21:28:48.226 [JavaFX Application Thread] DEBUG Input                - Clearing active input actions
21:28:48.226 [JavaFX Application Thread] DEBUG GameApplicationServi - Removing overlay from DialogSubScene and adding to GameScene
21:28:48.226 [JavaFX Application Thread] DEBUG PrimaryStageWindow   - GameScene <- DialogSubScene
21:28:56.134 [JavaFX Application Thread] WARN  FXGLAssetLoaderServi - Asset "/assets/textures/gun.png" was not found!
21:28:56.134 [JavaFX Application Thread] WARN  FXGLAssetLoaderServi - Failed to load IMAGE
21:28:56.134 [JavaFX Application Thread] DEBUG FXGLAssetLoaderServi - Loading from file system: file:/F:/my%20files/School/2nd%20year%202nd%20sem/TheOnlyException/Test/target/classes/assets/textures/realtimedefense.png
21:28:56.153 [JavaFX Application Thread] DEBUG FXGLAssetLoaderServi - Loading from file system: file:/F:/my%20files/School/2nd%20year%202nd%20sem/TheOnlyException/Test/target/classes/assets/textures/firewallshield.png
21:28:56.169 [JavaFX Application Thread] DEBUG PrimaryStageWindow   - Push state: DialogSubScene
21:28:56.169 [JavaFX Application Thread] DEBUG Input                - Clearing active input actions
21:28:56.169 [JavaFX Application Thread] DEBUG GameApplicationServi - Removing overlay from GameScene and adding to DialogSubScene
21:28:56.169 [JavaFX Application Thread] DEBUG PrimaryStageWindow   - GameScene -> DialogSubScene
21:28:58.991 [JavaFX Application Thread] DEBUG PrimaryStageWindow   - Pop state: DialogSubScene
21:28:58.991 [JavaFX Application Thread] DEBUG Input                - Clearing active input actions
21:28:58.991 [JavaFX Application Thread] DEBUG GameApplicationServi - Removing overlay from DialogSubScene and adding to GameScene
21:28:58.991 [JavaFX Application Thread] DEBUG PrimaryStageWindow   - GameScene <- DialogSubScene
21:29:02.142 [JavaFX Application Thread] WARN  FXGLAssetLoaderServi - Asset "/assets/textures/gun.png" was not found!
21:29:02.142 [JavaFX Application Thread] WARN  FXGLAssetLoaderServi - Failed to load IMAGE
21:29:02.142 [JavaFX Application Thread] DEBUG PrimaryStageWindow   - Push state: DialogSubScene
21:29:02.142 [JavaFX Application Thread] DEBUG Input                - Clearing active input actions
21:29:02.142 [JavaFX Application Thread] DEBUG GameApplicationServi - Removing overlay from GameScene and adding to DialogSubScene
21:29:02.142 [JavaFX Application Thread] DEBUG PrimaryStageWindow   - GameScene -> DialogSubScene
21:29:04.365 [JavaFX Application Thread] DEBUG PrimaryStageWindow   - Pop state: DialogSubScene
21:29:04.365 [JavaFX Application Thread] DEBUG Input                - Clearing active input actions
21:29:04.365 [JavaFX Application Thread] DEBUG GameApplicationServi - Removing overlay from DialogSubScene and adding to GameScene
21:29:04.365 [JavaFX Application Thread] DEBUG PrimaryStageWindow   - GameScene <- DialogSubScene
21:29:14.355 [JavaFX Application Thread] DEBUG FXGLAssetLoaderServi - Loading from file system: file:/F:/my%20files/School/2nd%20year%202nd%20sem/TheOnlyException/Test/target/classes/assets/textures/datawipe.png
21:29:14.370 [JavaFX Application Thread] DEBUG PrimaryStageWindow   - Push state: DialogSubScene
21:29:14.370 [JavaFX Application Thread] DEBUG Input                - Clearing active input actions
21:29:14.370 [JavaFX Application Thread] DEBUG GameApplicationServi - Removing overlay from GameScene and adding to DialogSubScene
21:29:14.371 [JavaFX Application Thread] DEBUG PrimaryStageWindow   - GameScene -> DialogSubScene
21:29:20.465 [JavaFX Application Thread] DEBUG PrimaryStageWindow   - Pop state: DialogSubScene
21:29:20.466 [JavaFX Application Thread] DEBUG Input                - Clearing active input actions
21:29:20.466 [JavaFX Application Thread] DEBUG GameApplicationServi - Removing overlay from DialogSubScene and adding to GameScene
21:29:20.466 [JavaFX Application Thread] DEBUG PrimaryStageWindow   - GameScene <- DialogSubScene
21:29:20.466 [JavaFX Application Thread] DEBUG FXGLAssetLoaderServi - Loading from file system: file:/F:/my%20files/School/2nd%20year%202nd%20sem/TheOnlyException/Test/target/classes/assets/textures/realtimedefenseaura.png
21:29:36.333 [JavaFX Application Thread] DEBUG PrimaryStageWindow   - Push state: DialogSubScene
21:29:36.333 [JavaFX Application Thread] DEBUG Input                - Clearing active input actions
21:29:36.333 [JavaFX Application Thread] DEBUG GameApplicationServi - Removing overlay from GameScene and adding to DialogSubScene
21:29:36.333 [JavaFX Application Thread] DEBUG PrimaryStageWindow   - GameScene -> DialogSubScene
21:29:42.803 [JavaFX Application Thread] DEBUG PrimaryStageWindow   - Pop state: DialogSubScene
21:29:42.803 [JavaFX Application Thread] DEBUG Input                - Clearing active input actions
21:29:42.803 [JavaFX Application Thread] DEBUG GameApplicationServi - Removing overlay from DialogSubScene and adding to GameScene
21:29:42.803 [JavaFX Application Thread] DEBUG PrimaryStageWindow   - GameScene <- DialogSubScene
21:29:43.560 [JavaFX Application Thread] DEBUG FXGLAssetLoaderServi - Loading from file system: file:/F:/my%20files/School/2nd%20year%202nd%20sem/TheOnlyException/Test/target/classes/assets/textures/datawipemine.png
21:29:46.924 [JavaFX Application Thread] DEBUG FXGLAssetLoaderServi - Loading from file system: file:/F:/my%20files/School/2nd%20year%202nd%20sem/TheOnlyException/Test/target/classes/assets/textures/datawipeexplosion.png
21:29:46.929 [JavaFX Application Thread] WARN  FXGLAssetLoaderServi - Asset "/assets/textures/orange_particle.png" was not found!
21:29:46.929 [JavaFX Application Thread] WARN  FXGLAssetLoaderServi - Failed to load IMAGE
21:29:48.935 [JavaFX Application Thread] WARN  FXGLAssetLoaderServi - Asset "/assets/textures/orange_particle.png" was not found!
21:29:48.935 [JavaFX Application Thread] WARN  FXGLAssetLoaderServi - Failed to load IMAGE
21:29:50.940 [JavaFX Application Thread] WARN  FXGLAssetLoaderServi - Asset "/assets/textures/orange_particle.png" was not found!
21:29:50.940 [JavaFX Application Thread] WARN  FXGLAssetLoaderServi - Failed to load IMAGE
21:29:52.939 [JavaFX Application Thread] WARN  FXGLAssetLoaderServi - Asset "/assets/textures/orange_particle.png" was not found!
21:29:52.939 [JavaFX Application Thread] WARN  FXGLAssetLoaderServi - Failed to load IMAGE
21:29:53.132 [JavaFX Application Thread] WARN  FXGLAssetLoaderServi - Asset "/assets/textures/gun.png" was not found!
21:29:53.132 [JavaFX Application Thread] WARN  FXGLAssetLoaderServi - Failed to load IMAGE
21:29:53.132 [JavaFX Application Thread] DEBUG PrimaryStageWindow   - Push state: DialogSubScene
21:29:53.132 [JavaFX Application Thread] DEBUG Input                - Clearing active input actions
21:29:53.133 [JavaFX Application Thread] DEBUG GameApplicationServi - Removing overlay from GameScene and adding to DialogSubScene
21:29:53.133 [JavaFX Application Thread] DEBUG PrimaryStageWindow   - GameScene -> DialogSubScene
21:29:59.186 [JavaFX Application Thread] DEBUG PrimaryStageWindow   - Pop state: DialogSubScene
21:29:59.186 [JavaFX Application Thread] DEBUG Input                - Clearing active input actions
21:29:59.186 [JavaFX Application Thread] DEBUG GameApplicationServi - Removing overlay from DialogSubScene and adding to GameScene
21:29:59.187 [JavaFX Application Thread] DEBUG PrimaryStageWindow   - GameScene <- DialogSubScene
21:29:59.865 [JavaFX Application Thread] WARN  FXGLAssetLoaderServi - Asset "/assets/textures/orange_particle.png" was not found!
21:29:59.865 [JavaFX Application Thread] WARN  FXGLAssetLoaderServi - Failed to load IMAGE
21:30:00.845 [JavaFX Application Thread] WARN  FXGLAssetLoaderServi - Asset "/assets/textures/orange_particle.png" was not found!
21:30:00.845 [JavaFX Application Thread] WARN  FXGLAssetLoaderServi - Failed to load IMAGE
21:30:01.884 [JavaFX Application Thread] DEBUG FXGLAssetLoaderServi - Loading from file system: file:/F:/my%20files/School/2nd%20year%202nd%20sem/TheOnlyException/Test/target/classes/assets/textures/lightning_strike.png
21:30:02.341 [JavaFX Application Thread] WARN  FXGLAssetLoaderServi - Asset "/assets/textures/orange_particle.png" was not found!
21:30:02.341 [JavaFX Application Thread] WARN  FXGLAssetLoaderServi - Failed to load IMAGE
21:30:04.202 [JavaFX Application Thread] DEBUG LoopRunner           - Pausing loop
21:30:06.944 [JavaFX Application Thread] DEBUG LoopRunner           - Resuming loop
21:30:06.960 [JavaFX Application Thread] DEBUG GameWorld            - Game world initialized
21:30:06.960 [JavaFX Application Thread] DEBUG PhysicsWorld         - Physics world initialized: appHeight=720, physics.ppm=50.0
21:30:06.960 [JavaFX Application Thread] DEBUG PhysicsWorld         - Using strategy: BRUTE_FORCE
21:30:06.961 [JavaFX Application Thread] DEBUG GameScene            - Game scene initialized: 1280x720
21:30:06.972 [JavaFX Application Thread] DEBUG PrimaryStageWindow   - Push state: MainMenuScene
21:30:06.999 [JavaFX Application Thread] DEBUG Input                - Clearing active input actions
21:30:07.000 [JavaFX Application Thread] DEBUG GameApplicationServi - Removing overlay from GameScene and adding to MainMenuScene
21:30:07.000 [JavaFX Application Thread] DEBUG PrimaryStageWindow   - GameScene -> MainMenuScene
21:30:09.107 [JavaFX Application Thread] DEBUG GameWorld            - Game world initialized
21:30:09.108 [JavaFX Application Thread] DEBUG PhysicsWorld         - Physics world initialized: appHeight=720, physics.ppm=50.0
21:30:09.108 [JavaFX Application Thread] DEBUG PhysicsWorld         - Using strategy: BRUTE_FORCE
21:30:09.108 [JavaFX Application Thread] DEBUG GameScene            - Game scene initialized: 1280x720
21:30:09.114 [JavaFX Application Thread] DEBUG PrimaryStageWindow   - Push state: SettingsScene
21:30:09.114 [JavaFX Application Thread] DEBUG Input                - Clearing active input actions
21:30:09.115 [JavaFX Application Thread] DEBUG GameApplicationServi - Removing overlay from MainMenuScene and adding to SettingsScene
21:30:09.115 [JavaFX Application Thread] DEBUG PrimaryStageWindow   - MainMenuScene -> SettingsScene
21:30:10.514 [JavaFX Application Thread] DEBUG LoopRunner           - Stopping loop
21:30:10.516 [JavaFX Application Thread] FATAL FXGLApplication      - Uncaught Exception:
java.lang.NullPointerException: Cannot invoke "com.sun.media.jfxmedia.MediaPlayer.setVolume(float)" because "this.this$0.jfxPlayer" is null
	at javafx.scene.media.MediaPlayer$5.invalidated(MediaPlayer.java:901)
	at javafx.beans.property.DoublePropertyBase.markInvalid(DoublePropertyBase.java:113)
	at javafx.beans.property.DoublePropertyBase.set(DoublePropertyBase.java:148)
	at javafx.scene.media.MediaPlayer.setVolume(MediaPlayer.java:881)
	at org.example.controllers.MainMenuController.lambda$initialize$0(MainMenuController.java:49)
	at com.sun.javafx.binding.ExpressionHelper$Generic.fireValueChangedEvent(ExpressionHelper.java:372)
	at com.sun.javafx.binding.ExpressionHelper.fireValueChangedEvent(ExpressionHelper.java:91)
	at javafx.beans.property.DoublePropertyBase.fireValueChangedEvent(DoublePropertyBase.java:107)
	at javafx.beans.property.DoublePropertyBase.markInvalid(DoublePropertyBase.java:114)
	at javafx.beans.property.DoublePropertyBase.set(DoublePropertyBase.java:148)
	at javafx.beans.property.DoubleProperty.setValue(DoubleProperty.java:78)
	at com.almasb.fxgl.app.ReadOnlyGameSettings.setGlobalMusicVolume(Settings.kt:777)
	at org.example.controllers.SettingsController.lambda$0(SettingsController.java:48)
	at com.sun.javafx.binding.ExpressionHelper$Generic.fireValueChangedEvent(ExpressionHelper.java:372)
	at com.sun.javafx.binding.ExpressionHelper.fireValueChangedEvent(ExpressionHelper.java:91)
	at javafx.beans.property.DoublePropertyBase.fireValueChangedEvent(DoublePropertyBase.java:107)
	at javafx.beans.property.DoublePropertyBase.markInvalid(DoublePropertyBase.java:114)
	at javafx.beans.property.DoublePropertyBase.set(DoublePropertyBase.java:148)
	at javafx.scene.control.Slider.setValue(Slider.java:209)
	at javafx.scene.control.Slider.adjustValue(Slider.java:584)
	at com.sun.javafx.scene.control.behavior.SliderBehavior.trackPress(SliderBehavior.java:114)
	at javafx.scene.control.skin.SliderSkin.lambda$initialize$10(SliderSkin.java:361)
	at com.sun.javafx.event.CompositeEventHandler.dispatchBubblingEvent(CompositeEventHandler.java:86)
	at com.sun.javafx.event.EventHandlerManager.dispatchBubblingEvent(EventHandlerManager.java:232)
	at com.sun.javafx.event.EventHandlerManager.dispatchBubblingEvent(EventHandlerManager.java:189)
	at com.sun.javafx.event.CompositeEventDispatcher.dispatchBubblingEvent(CompositeEventDispatcher.java:59)
	at com.sun.javafx.event.BasicEventDispatcher.dispatchEvent(BasicEventDispatcher.java:58)
	at com.sun.javafx.event.EventDispatchChainImpl.dispatchEvent(EventDispatchChainImpl.java:114)
	at com.sun.javafx.event.BasicEventDispatcher.dispatchEvent(BasicEventDispatcher.java:56)
	at com.sun.javafx.event.EventDispatchChainImpl.dispatchEvent(EventDispatchChainImpl.java:114)
	at com.sun.javafx.event.BasicEventDispatcher.dispatchEvent(BasicEventDispatcher.java:56)
	at com.sun.javafx.event.EventDispatchChainImpl.dispatchEvent(EventDispatchChainImpl.java:114)
	at com.sun.javafx.event.BasicEventDispatcher.dispatchEvent(BasicEventDispatcher.java:56)
	at com.sun.javafx.event.EventDispatchChainImpl.dispatchEvent(EventDispatchChainImpl.java:114)
	at com.sun.javafx.event.EventUtil.fireEventImpl(EventUtil.java:74)
	at com.sun.javafx.event.EventUtil.fireEvent(EventUtil.java:54)
	at javafx.event.Event.fireEvent(Event.java:198)
	at javafx.scene.Scene$MouseHandler.process(Scene.java:3984)
	at javafx.scene.Scene.processMouseEvent(Scene.java:1890)
	at javafx.scene.Scene$ScenePeerListener.mouseEvent(Scene.java:2708)
	at com.sun.javafx.tk.quantum.GlassViewEventHandler$MouseEventNotification.run(GlassViewEventHandler.java:411)
	at com.sun.javafx.tk.quantum.GlassViewEventHandler$MouseEventNotification.run(GlassViewEventHandler.java:301)
	at java.base/java.security.AccessController.doPrivileged(AccessController.java:138)
	at com.sun.javafx.tk.quantum.GlassViewEventHandler.lambda$handleMouseEvent$2(GlassViewEventHandler.java:450)
	at com.sun.javafx.tk.quantum.QuantumToolkit.runWithoutRenderLock(QuantumToolkit.java:424)
	at com.sun.javafx.tk.quantum.GlassViewEventHandler.handleMouseEvent(GlassViewEventHandler.java:449)
	at com.sun.glass.ui.View.handleMouseEvent(View.java:551)
	at com.sun.glass.ui.View.notifyMouse(View.java:937)
	at com.sun.glass.ui.win.WinApplication._runLoop(Native Method)
	at com.sun.glass.ui.win.WinApplication.lambda$runLoop$3(WinApplication.java:185)
	at java.base/java.lang.Thread.run(Thread.java:1447)

21:30:10.516 [JavaFX Application Thread] FATAL FXGLApplication      - Application will now exit
21:30:10.524 [JavaFX Application Thread] DEBUG PrimaryStageWindow   - Push state: ErrorSubScene
21:30:10.524 [JavaFX Application Thread] DEBUG Input                - Clearing active input actions
21:30:10.525 [JavaFX Application Thread] DEBUG GameApplicationServi - Removing overlay from SettingsScene and adding to ErrorSubScene
21:30:10.525 [JavaFX Application Thread] DEBUG PrimaryStageWindow   - SettingsScene -> ErrorSubScene
21:30:21.183 [JavaFX Application Thread] DEBUG FXGLApplication      - Exiting FXGL
21:30:21.183 [JavaFX Application Thread] DEBUG Async                - Shutting down background threads
21:30:21.184 [JavaFX Application Thread] DEBUG PrimaryStageWindow   - Closing main window
21:30:21.199 [JavaFX Application Thread] DEBUG Logger               - Closing Logger
