16:24:44.120 [main                     ] DEBUG Logger               - Configured Logger
16:24:44.128 [main                     ] DEBUG GameApplication      - Logging settings
Title: Prototype Game
Version: 0.1.5
Width: 1280
Height: 720
Fullscreen: false
Intro: false
Profiling: false
Single step:false
App Mode: DEVELOPER
Menu Key: ESCAPE
Stage Style: DECORATED
Scene Factory: class org.example.core.GameApp$1

16:24:45.199 [JavaFX Application Thread] DEBUG FXGLApplication      - Initializing FXGL
16:24:45.205 [JavaFX Application Thread] INFO  Engine               - FXGL-21+dev-SNAPSHOT (26.03.2024 21.04) on WINDOWS (J:24 FX:21.0.1)
16:24:45.206 [JavaFX Application Thread] DEBUG Engine               - JRE Vendor Name: Oracle Corporation
16:24:45.206 [JavaFX Application Thread] DEBUG Engine               - Running on OS: Windows 11 version 10.0
16:24:45.206 [JavaFX Application Thread] DEBUG Engine               - Architecture: amd64
16:24:45.206 [JavaFX Application Thread] INFO  Engine               - Source code and latest versions at: https://github.com/AlmasB/FXGL
16:24:45.206 [JavaFX Application Thread] INFO  Engine               -       Ask questions and discuss at: https://github.com/AlmasB/FXGL/discussions
16:24:45.206 [JavaFX Application Thread] INFO  Engine               -              Join the FXGL chat at: https://gitter.im/AlmasB/FXGL
16:24:45.508 [JavaFX Application Thread] DEBUG PrimaryStageWindow   - Creating a JavaFX scene
16:24:45.636 [JavaFX Application Thread] DEBUG PrimaryStageWindow   - Target settings size: 1280.0 x 720.0
16:24:45.636 [JavaFX Application Thread] DEBUG PrimaryStageWindow   - Scaled scene size:    1280.0 x 720.0
16:24:45.637 [JavaFX Application Thread] DEBUG PrimaryStageWindow   - Scaled ratio: (1.0, 1.0)
16:24:45.639 [JavaFX Application Thread] DEBUG PrimaryStageWindow   - Set initial scene to FXGLStartupScene
16:24:45.648 [JavaFX Application Thread] DEBUG PrimaryStageWindow   - Opening main window
16:24:45.844 [JavaFX Application Thread] DEBUG PrimaryStageWindow   - Window border size: (14.4000244140625, 37.5999755859375)
16:24:45.845 [JavaFX Application Thread] DEBUG PrimaryStageWindow   - Scaled size: 1280.0 x 720.0
16:24:45.845 [JavaFX Application Thread] DEBUG PrimaryStageWindow   - Scaled ratio: (1.0, 1.0)
16:24:45.845 [JavaFX Application Thread] DEBUG PrimaryStageWindow   - Scene size: 1280.0 x 720.0
16:24:45.847 [JavaFX Application Thread] DEBUG PrimaryStageWindow   - Stage size: 1294.4000244140625 x 757.5999755859375
16:24:45.875 [FXGL Background Thread 1 ] DEBUG Engine               - Initializing environment variables
16:24:45.962 [FXGL Background Thread 1 ] DEBUG FXGLAssetLoaderServi - User app class for loading assets: class org.example.core.GameApp
16:24:45.962 [FXGL Background Thread 1 ] DEBUG GameApplicationServi - Applying CSS: fxgl_dark.css
16:24:45.965 [FXGL Background Thread 1 ] DEBUG FXGLAssetLoaderServi - Loading from file system: jar:file:/C:/Users/ginac/.m2/repository/com/github/AlmasB/FXGL/fxgl/21.1/fxgl-21.1.jar!/fxglassets/ui/css/fxgl_dark.css
16:24:46.050 [FXGL Background Thread 1 ] DEBUG GameApplicationServi - Initializing application scenes
16:24:46.168 [FXGL Background Thread 1 ] DEBUG GameWorld            - Game world initialized
16:24:46.282 [FXGL Background Thread 1 ] DEBUG PhysicsWorld         - Physics world initialized: appHeight=720, physics.ppm=50.0
16:24:46.282 [FXGL Background Thread 1 ] DEBUG PhysicsWorld         - Using strategy: BRUTE_FORCE
16:24:46.289 [FXGL Background Thread 1 ] DEBUG GameScene            - Game scene initialized: 1280x720
16:24:46.847 [FXGL Background Thread 1 ] DEBUG GameApplicationServi - Application scenes initialized
16:24:46.874 [FXGL Background Thread 1 ] DEBUG SystemBundleService  - Loading FXGL system data
16:24:46.876 [FXGL Background Thread 1 ] DEBUG FileSystemAccess     - Reading from: C:\Users\ginac\IdeaProjects\TheOnlyException3\system\fxgl.bundle
16:24:46.880 [FXGL Background Thread 1 ] DEBUG SystemBundleService  - Bundle FXGL: {}
16:24:46.880 [FXGL Background Thread 1 ] DEBUG UpdaterService       - Checking for updates
16:24:46.888 [FXGL Background Thread 4 ] DEBUG FXGLApplication      - Loading fonts
16:24:46.889 [FXGL Background Thread 4 ] DEBUG FXGLAssetLoaderServi - Loading from file system: jar:file:/C:/Users/ginac/.m2/repository/com/github/AlmasB/FXGL/fxgl-samples/21.1/fxgl-samples-21.1.jar!/assets/ui/fonts/VarelaRound-Regular.ttf
16:24:46.890 [FXGL Background Thread 1 ] DEBUG FXGLApplication      - Loading default localization
16:24:46.891 [FXGL Background Thread 1 ] DEBUG FXGLAssetLoaderServi - Loading from file system: jar:file:/C:/Users/ginac/.m2/repository/com/github/AlmasB/FXGL/fxgl/21.1/fxgl-21.1.jar!/fxglassets/languages/english.lang
16:24:46.913 [FXGL Background Thread 4 ] DEBUG FXGLAssetLoaderServi - Loading from file system: jar:file:/C:/Users/ginac/.m2/repository/com/github/AlmasB/FXGL/fxgl/21.1/fxgl-21.1.jar!/fxglassets/ui/fonts/Abel-Regular.ttf
16:24:46.923 [FXGL Background Thread 4 ] DEBUG FXGLAssetLoaderServi - Loading from file system: jar:file:/C:/Users/ginac/.m2/repository/com/github/AlmasB/FXGL/fxgl/21.1/fxgl-21.1.jar!/fxglassets/ui/fonts/TerminalLandMono-Regular.otf
16:24:46.935 [FXGL Background Thread 4 ] DEBUG FXGLAssetLoaderServi - Loading from file system: jar:file:/C:/Users/ginac/.m2/repository/com/github/AlmasB/FXGL/fxgl/21.1/fxgl-21.1.jar!/fxglassets/ui/fonts/Courier-Prime.ttf
16:24:46.938 [FXGL Background Thread 1 ] INFO  FXGLApplication      - FXGL initialization took: 1.063 sec
16:24:46.956 [JavaFX Application Thread] DEBUG Input                - Registered new binding: action0 - A
16:24:46.957 [JavaFX Application Thread] DEBUG Input                - Registered new binding: action1 - D
16:24:46.957 [JavaFX Application Thread] DEBUG Input                - Registered new binding: action2 - W
16:24:46.959 [JavaFX Application Thread] DEBUG Input                - Registered new binding: action3 - S
16:24:46.960 [JavaFX Application Thread] DEBUG FXGLAssetLoaderServi - Loading from file system: jar:file:/C:/Users/ginac/.m2/repository/com/github/AlmasB/FXGL/fxgl/21.1/fxgl-21.1.jar!/fxglassets/textures/fxgl_icon.png
16:24:47.090 [JavaFX Application Thread] DEBUG FXGLAssetLoaderServi - Loading from file system: jar:file:/C:/Users/ginac/.m2/repository/com/github/AlmasB/FXGL/fxgl/21.1/fxgl-21.1.jar!/fxglassets/textures/fxgl_default_cursor.png
16:24:47.097 [JavaFX Application Thread] DEBUG Input                - Registered new binding: Screenshot - CTRL+8
16:24:47.099 [JavaFX Application Thread] DEBUG Input                - Registered new binding: System info dump - CTRL+9
16:24:47.100 [JavaFX Application Thread] DEBUG Input                - Registered new binding: Restart - CTRL+R
16:24:47.103 [JavaFX Application Thread] DEBUG Input                - Registered new binding: Toggle Debug Camera - CTRL+7
16:24:47.111 [JavaFX Application Thread] DEBUG LoopRunner           - Starting loop
16:24:47.112 [JavaFX Application Thread] DEBUG LoopRunner           - Initializing JavaFX AnimationTimerLoop
16:24:47.121 [JavaFX Application Thread] DEBUG Input                - Clearing active input actions
16:24:47.141 [JavaFX Application Thread] DEBUG GameApplicationServi - Removing overlay from FXGLStartupScene and adding to FXGLMainMenuDummyScene
16:24:47.142 [JavaFX Application Thread] DEBUG PrimaryStageWindow   - FXGLStartupScene -> FXGLMainMenuDummyScene
16:24:47.142 [JavaFX Application Thread] DEBUG PrimaryStageWindow   - Push state: LoginScene
16:24:47.144 [JavaFX Application Thread] DEBUG Input                - Clearing active input actions
16:24:47.192 [JavaFX Application Thread] DEBUG GameApplicationServi - Removing overlay from FXGLMainMenuDummyScene and adding to LoginScene
16:24:47.193 [JavaFX Application Thread] DEBUG PrimaryStageWindow   - FXGLMainMenuDummyScene -> LoginScene
16:24:47.615 [JavaFX Application Thread] DEBUG FXGLApplication      - Registering font factories with UI factory
16:24:47.802 [FXGL Background Thread 2 ] INFO  UpdaterService       - Your current version:  21+dev-SNAPSHOT
16:24:47.802 [FXGL Background Thread 2 ] INFO  UpdaterService       - Latest stable version: 21.1
16:24:49.886 [FXGL Background Thread 3 ] DEBUG Engine               - Logging environment variables
16:24:49.886 [FXGL Background Thread 3 ] DEBUG Engine               - achievements: []
16:24:49.886 [FXGL Background Thread 3 ] DEBUG Engine               - actualHeight: 720.0
16:24:49.886 [FXGL Background Thread 3 ] DEBUG Engine               - actualHeightProperty: ReadOnlyDoubleProperty [value: 720.0]
16:24:49.887 [FXGL Background Thread 3 ] DEBUG Engine               - actualWidth: 1280.0
16:24:49.887 [FXGL Background Thread 3 ] DEBUG Engine               - actualWidthProperty: ReadOnlyDoubleProperty [value: 1280.0]
16:24:49.887 [FXGL Background Thread 3 ] DEBUG Engine               - appIcon: fxgl_icon.png
16:24:49.887 [FXGL Background Thread 3 ] DEBUG Engine               - applicationMode: DEVELOPER
16:24:49.887 [FXGL Background Thread 3 ] DEBUG Engine               - cSSList: [fxgl_dark.css]
16:24:49.887 [FXGL Background Thread 3 ] DEBUG Engine               - collisionDetectionStrategy: BRUTE_FORCE
16:24:49.887 [FXGL Background Thread 3 ] DEBUG Engine               - configClass: Optional.empty
16:24:49.887 [FXGL Background Thread 3 ] DEBUG Engine               - credits: []
16:24:49.889 [FXGL Background Thread 3 ] DEBUG Engine               - defaultCursor: CursorInfo(imageName=fxgl_default_cursor.png, hotspotX=7.0, hotspotY=6.0)
16:24:49.889 [FXGL Background Thread 3 ] DEBUG Engine               - devBBoxColorProperty: ObjectProperty [value: 0xff0000ff]
16:24:49.889 [FXGL Background Thread 3 ] DEBUG Engine               - devEnableDebugCameraProperty: BooleanProperty [value: false]
16:24:49.889 [FXGL Background Thread 3 ] DEBUG Engine               - devSensorColorProperty: ObjectProperty [value: 0xffff00ff]
16:24:49.889 [FXGL Background Thread 3 ] DEBUG Engine               - devShowBBoxProperty: BooleanProperty [value: false]
16:24:49.889 [FXGL Background Thread 3 ] DEBUG Engine               - devShowPositionProperty: BooleanProperty [value: false]
16:24:49.890 [FXGL Background Thread 3 ] DEBUG Engine               - enabledMenuItems: []
16:24:49.890 [FXGL Background Thread 3 ] DEBUG Engine               - engineServices: [class com.almasb.fxgl.app.services.FXGLAssetLoaderService, class com.almasb.fxgl.app.FXGLApplication$GameApplicationService, class com.almasb.fxgl.app.services.FXGLDialogService, class com.almasb.fxgl.app.services.IOTaskExecutorService, class com.almasb.fxgl.io.FileSystemService, class com.almasb.fxgl.localization.LocalizationService, class com.almasb.fxgl.app.services.SystemBundleService, class com.almasb.fxgl.profile.SaveLoadService, class com.almasb.fxgl.ui.FXGLUIFactoryServiceProvider, class com.almasb.fxgl.ui.FXGLDialogFactoryServiceProvider, class com.almasb.fxgl.audio.AudioPlayer, class com.almasb.fxgl.notification.impl.NotificationServiceProvider, class com.almasb.fxgl.achievement.AchievementService, class com.almasb.fxgl.cutscene.CutsceneService, class com.almasb.fxgl.minigames.MiniGameService, class com.almasb.fxgl.net.NetService, class com.almasb.fxgl.app.services.UpdaterService, class com.almasb.fxgl.dev.DevService]
16:24:49.890 [FXGL Background Thread 3 ] DEBUG Engine               - fontGame: Abel-Regular.ttf
16:24:49.890 [FXGL Background Thread 3 ] DEBUG Engine               - fontMono: TerminalLandMono-Regular.otf
16:24:49.890 [FXGL Background Thread 3 ] DEBUG Engine               - fontSizeScaleUI: 1.0
16:24:49.890 [FXGL Background Thread 3 ] DEBUG Engine               - fontText: Courier-Prime.ttf
16:24:49.890 [FXGL Background Thread 3 ] DEBUG Engine               - fontUI: VarelaRound-Regular.ttf
16:24:49.890 [FXGL Background Thread 3 ] DEBUG Engine               - fullScreen: BooleanProperty [value: false]
16:24:49.890 [FXGL Background Thread 3 ] DEBUG Engine               - gameDifficulty: MEDIUM
16:24:49.890 [FXGL Background Thread 3 ] DEBUG Engine               - gameDifficultyProperty: ObjectProperty [value: MEDIUM]
16:24:49.890 [FXGL Background Thread 3 ] DEBUG Engine               - globalMusicVolume: 0.5
16:24:49.890 [FXGL Background Thread 3 ] DEBUG Engine               - globalMusicVolumeProperty: DoubleProperty [value: 0.5]
16:24:49.890 [FXGL Background Thread 3 ] DEBUG Engine               - globalSoundVolume: 0.5
16:24:49.891 [FXGL Background Thread 3 ] DEBUG Engine               - globalSoundVolumeProperty: DoubleProperty [value: 0.5]
16:24:49.891 [FXGL Background Thread 3 ] DEBUG Engine               - height: 720
16:24:49.891 [FXGL Background Thread 3 ] DEBUG Engine               - is3D: false
16:24:49.891 [FXGL Background Thread 3 ] DEBUG Engine               - isAndroid: false
16:24:49.891 [FXGL Background Thread 3 ] DEBUG Engine               - isBrowser: false
16:24:49.891 [FXGL Background Thread 3 ] DEBUG Engine               - isClickFeedbackEnabled: false
16:24:49.891 [FXGL Background Thread 3 ] DEBUG Engine               - isCloseConfirmation: false
16:24:49.891 [FXGL Background Thread 3 ] DEBUG Engine               - isDesktop: true
16:24:49.891 [FXGL Background Thread 3 ] DEBUG Engine               - isDeveloperMenuEnabled: false
16:24:49.891 [FXGL Background Thread 3 ] DEBUG Engine               - isEmbedded: false
16:24:49.891 [FXGL Background Thread 3 ] DEBUG Engine               - isEntityPreloadEnabled: true
16:24:49.891 [FXGL Background Thread 3 ] DEBUG Engine               - isExperimentalTiledLargeMap: false
16:24:49.891 [FXGL Background Thread 3 ] DEBUG Engine               - isFileSystemWriteAllowed: true
16:24:49.891 [FXGL Background Thread 3 ] DEBUG Engine               - isFullScreenAllowed: false
16:24:49.891 [FXGL Background Thread 3 ] DEBUG Engine               - isFullScreenFromStart: false
16:24:49.891 [FXGL Background Thread 3 ] DEBUG Engine               - isGameMenuEnabled: false
16:24:49.892 [FXGL Background Thread 3 ] DEBUG Engine               - isIOS: false
16:24:49.892 [FXGL Background Thread 3 ] DEBUG Engine               - isIntroEnabled: false
16:24:49.892 [FXGL Background Thread 3 ] DEBUG Engine               - isLinux: false
16:24:49.892 [FXGL Background Thread 3 ] DEBUG Engine               - isMac: false
16:24:49.892 [FXGL Background Thread 3 ] DEBUG Engine               - isMainMenuEnabled: true
16:24:49.892 [FXGL Background Thread 3 ] DEBUG Engine               - isManualResizeEnabled: false
16:24:49.892 [FXGL Background Thread 3 ] DEBUG Engine               - isMobile: false
16:24:49.892 [FXGL Background Thread 3 ] DEBUG Engine               - isNative: false
16:24:49.892 [FXGL Background Thread 3 ] DEBUG Engine               - isPauseMusicWhenMinimized: true
16:24:49.892 [FXGL Background Thread 3 ] DEBUG Engine               - isPreserveResizeRatio: false
16:24:49.892 [FXGL Background Thread 3 ] DEBUG Engine               - isProfilingEnabled: false
16:24:49.892 [FXGL Background Thread 3 ] DEBUG Engine               - isScaleAffectedOnResize: true
16:24:49.892 [FXGL Background Thread 3 ] DEBUG Engine               - isSingleStep: false
16:24:49.892 [FXGL Background Thread 3 ] DEBUG Engine               - isUserProfileEnabled: false
16:24:49.892 [FXGL Background Thread 3 ] DEBUG Engine               - isWindows: true
16:24:49.892 [FXGL Background Thread 3 ] DEBUG Engine               - language: ObjectProperty [value: ENGLISH]
16:24:49.893 [FXGL Background Thread 3 ] DEBUG Engine               - menuKey: ESCAPE
16:24:49.893 [FXGL Background Thread 3 ] DEBUG Engine               - mouseSensitivity: 0.2
16:24:49.893 [FXGL Background Thread 3 ] DEBUG Engine               - notificationViewClass: class com.almasb.fxgl.notification.view.XboxNotificationView
16:24:49.893 [FXGL Background Thread 3 ] DEBUG Engine               - pixelsPerMeter: 50.0
16:24:49.893 [FXGL Background Thread 3 ] DEBUG Engine               - platform: WINDOWS
16:24:49.893 [FXGL Background Thread 3 ] DEBUG Engine               - prefHeightProperty: ReadOnlyDoubleProperty [value: 720.0]
16:24:49.893 [FXGL Background Thread 3 ] DEBUG Engine               - prefWidthProperty: ReadOnlyDoubleProperty [value: 1280.0]
16:24:49.893 [FXGL Background Thread 3 ] DEBUG Engine               - profileDir: profiles/
16:24:49.893 [FXGL Background Thread 3 ] DEBUG Engine               - profileName: StringProperty [value: DEFAULT]
16:24:49.893 [FXGL Background Thread 3 ] DEBUG Engine               - randomSeed: -1
16:24:49.893 [FXGL Background Thread 3 ] DEBUG Engine               - runtimeInfo: RuntimeInfo(platform=WINDOWS, version=21+dev-SNAPSHOT, build=26.03.2024 21.04)
16:24:49.895 [FXGL Background Thread 3 ] DEBUG Engine               - saveFileExt: sav
16:24:49.895 [FXGL Background Thread 3 ] DEBUG Engine               - scaledHeightProp$fxgl: DoubleProperty [bound, value: 720.0]
16:24:49.895 [FXGL Background Thread 3 ] DEBUG Engine               - scaledWidthProp$fxgl: DoubleProperty [bound, value: 1280.0]
16:24:49.895 [FXGL Background Thread 3 ] DEBUG Engine               - sceneFactory: org.example.core.GameApp$1@f5804b2
16:24:49.895 [FXGL Background Thread 3 ] DEBUG Engine               - secondsIn24h: 60
16:24:49.895 [FXGL Background Thread 3 ] DEBUG Engine               - soundMenuBack: menu/back.wav
16:24:49.895 [FXGL Background Thread 3 ] DEBUG Engine               - soundMenuPress: menu/press.wav
16:24:49.895 [FXGL Background Thread 3 ] DEBUG Engine               - soundMenuSelect: menu/select.wav
16:24:49.895 [FXGL Background Thread 3 ] DEBUG Engine               - soundNotification: core/notification.wav
16:24:49.895 [FXGL Background Thread 3 ] DEBUG Engine               - stageStyle: DECORATED
16:24:49.895 [FXGL Background Thread 3 ] DEBUG Engine               - supportedLanguages: [ENGLISH, FRENCH, GERMAN, HUNGARIAN, RUSSIAN]
16:24:49.895 [FXGL Background Thread 3 ] DEBUG Engine               - ticksPerSecond: -1
16:24:49.895 [FXGL Background Thread 3 ] DEBUG Engine               - title: Prototype Game
16:24:49.895 [FXGL Background Thread 3 ] DEBUG Engine               - urlGithub: https://github.com/AlmasB/FXGL
16:24:49.895 [FXGL Background Thread 3 ] DEBUG Engine               - urlLeaderboard: http://fxgl-top.herokuapp.com/
16:24:49.895 [FXGL Background Thread 3 ] DEBUG Engine               - urlPOM: https://raw.githubusercontent.com/AlmasB/FXGL/release/README.md
16:24:49.895 [FXGL Background Thread 3 ] DEBUG Engine               - userAppClass: class org.example.core.GameApp
16:24:49.895 [FXGL Background Thread 3 ] DEBUG Engine               - version: 0.1.5
16:24:49.895 [FXGL Background Thread 3 ] DEBUG Engine               - versionCheckDays: 7
16:24:49.895 [FXGL Background Thread 3 ] DEBUG Engine               - width: 1280
16:24:49.895 [FXGL Background Thread 3 ] DEBUG Engine               - Logging services
16:24:49.896 [FXGL Background Thread 3 ] DEBUG Engine               - class com.almasb.fxgl.app.services.FXGLAssetLoaderService
16:24:49.896 [FXGL Background Thread 3 ] DEBUG Engine               - class com.almasb.fxgl.app.FXGLApplication$GameApplicationService
16:24:49.896 [FXGL Background Thread 3 ] DEBUG Engine               - class com.almasb.fxgl.app.services.FXGLDialogService
16:24:49.896 [FXGL Background Thread 3 ] DEBUG Engine               - class com.almasb.fxgl.app.services.IOTaskExecutorService
16:24:49.896 [FXGL Background Thread 3 ] DEBUG Engine               - class com.almasb.fxgl.io.FileSystemService
16:24:49.896 [FXGL Background Thread 3 ] DEBUG Engine               - class com.almasb.fxgl.localization.LocalizationService
16:24:49.897 [FXGL Background Thread 3 ] DEBUG Engine               - class com.almasb.fxgl.app.services.SystemBundleService
16:24:49.897 [FXGL Background Thread 3 ] DEBUG Engine               - class com.almasb.fxgl.profile.SaveLoadService
16:24:49.897 [FXGL Background Thread 3 ] DEBUG Engine               - class com.almasb.fxgl.ui.FXGLUIFactoryServiceProvider
16:24:49.897 [FXGL Background Thread 3 ] DEBUG Engine               - class com.almasb.fxgl.ui.FXGLDialogFactoryServiceProvider
16:24:49.897 [FXGL Background Thread 3 ] DEBUG Engine               - class com.almasb.fxgl.audio.AudioPlayer
16:24:49.897 [FXGL Background Thread 3 ] DEBUG Engine               - class com.almasb.fxgl.notification.impl.NotificationServiceProvider
16:24:49.897 [FXGL Background Thread 3 ] DEBUG Engine               - class com.almasb.fxgl.achievement.AchievementService
16:24:49.897 [FXGL Background Thread 3 ] DEBUG Engine               - class com.almasb.fxgl.cutscene.CutsceneService
16:24:49.897 [FXGL Background Thread 3 ] DEBUG Engine               - class com.almasb.fxgl.minigames.MiniGameService
16:24:49.897 [FXGL Background Thread 3 ] DEBUG Engine               - class com.almasb.fxgl.net.NetService
16:24:49.897 [FXGL Background Thread 3 ] DEBUG Engine               - class com.almasb.fxgl.app.services.UpdaterService
16:24:49.897 [FXGL Background Thread 3 ] DEBUG Engine               - class com.almasb.fxgl.dev.DevService
16:24:51.562 [JavaFX Application Thread] DEBUG GameWorld            - Game world initialized
16:24:51.564 [JavaFX Application Thread] DEBUG PhysicsWorld         - Physics world initialized: appHeight=720, physics.ppm=50.0
16:24:51.564 [JavaFX Application Thread] DEBUG PhysicsWorld         - Using strategy: BRUTE_FORCE
16:24:51.565 [JavaFX Application Thread] DEBUG GameScene            - Game scene initialized: 1280x720
16:24:51.626 [JavaFX Application Thread] DEBUG PrimaryStageWindow   - Push state: MainMenuScene
16:24:51.641 [JavaFX Application Thread] DEBUG Input                - Clearing active input actions
16:24:51.646 [JavaFX Application Thread] DEBUG GameApplicationServi - Removing overlay from LoginScene and adding to MainMenuScene
16:24:51.646 [JavaFX Application Thread] DEBUG PrimaryStageWindow   - LoginScene -> MainMenuScene
16:24:51.650 [JavaFX Application Thread] DEBUG GameWorld            - Game world initialized
16:24:51.651 [JavaFX Application Thread] DEBUG PhysicsWorld         - Physics world initialized: appHeight=720, physics.ppm=50.0
16:24:51.651 [JavaFX Application Thread] DEBUG PhysicsWorld         - Using strategy: BRUTE_FORCE
16:24:51.652 [JavaFX Application Thread] DEBUG GameScene            - Game scene initialized: 1280x720
16:24:51.686 [JavaFX Application Thread] DEBUG PrimaryStageWindow   - Push state: MainMenuScene
16:24:51.700 [JavaFX Application Thread] DEBUG Input                - Clearing active input actions
16:24:51.702 [JavaFX Application Thread] DEBUG GameApplicationServi - Removing overlay from MainMenuScene and adding to MainMenuScene
16:24:51.709 [JavaFX Application Thread] DEBUG PrimaryStageWindow   - MainMenuScene -> MainMenuScene
16:24:53.182 [JavaFX Application Thread] DEBUG GameApplicationServi - Starting new game
16:24:53.183 [JavaFX Application Thread] DEBUG PrimaryStageWindow   - Pop state: MainMenuScene
16:24:53.183 [JavaFX Application Thread] DEBUG Input                - Clearing active input actions
16:24:53.184 [JavaFX Application Thread] DEBUG GameApplicationServi - Removing overlay from MainMenuScene and adding to MainMenuScene
16:24:53.184 [JavaFX Application Thread] DEBUG PrimaryStageWindow   - MainMenuScene <- MainMenuScene
16:24:53.184 [JavaFX Application Thread] DEBUG PrimaryStageWindow   - Pop state: MainMenuScene
16:24:53.184 [JavaFX Application Thread] DEBUG Input                - Clearing active input actions
16:24:53.186 [JavaFX Application Thread] DEBUG GameApplicationServi - Removing overlay from MainMenuScene and adding to LoginScene
16:24:53.187 [JavaFX Application Thread] DEBUG PrimaryStageWindow   - LoginScene <- MainMenuScene
16:24:53.229 [JavaFX Application Thread] DEBUG PrimaryStageWindow   - Pop state: LoginScene
16:24:53.230 [JavaFX Application Thread] DEBUG Input                - Clearing active input actions
16:24:53.230 [JavaFX Application Thread] DEBUG GameApplicationServi - Removing overlay from LoginScene and adding to FXGLMainMenuDummyScene
16:24:53.230 [JavaFX Application Thread] DEBUG PrimaryStageWindow   - FXGLMainMenuDummyScene <- LoginScene
16:24:53.231 [JavaFX Application Thread] DEBUG Input                - Clearing active input actions
16:24:53.253 [JavaFX Application Thread] DEBUG GameApplicationServi - Removing overlay from FXGLMainMenuDummyScene and adding to FXGLLoadingScene
16:24:53.254 [JavaFX Application Thread] DEBUG PrimaryStageWindow   - FXGLMainMenuDummyScene -> FXGLLoadingScene
16:24:53.254 [JavaFX Application Thread] DEBUG GameApplicationServi - Clearing previous game
16:24:53.258 [JavaFX Application Thread] DEBUG GameScene            - Clearing game scene
16:24:53.259 [JavaFX Application Thread] DEBUG GameWorld            - Clearing game world
16:24:53.259 [JavaFX Application Thread] DEBUG PhysicsWorld         - Clearing physics world
16:24:53.271 [FXGL Background Thread 2 ] DEBUG FXGLApplication      - Initializing game
16:24:53.350 [FXGL Background Thread 2 ] DEBUG FXGLAssetLoaderServi - Loading from file system: file:/C:/Users/ginac/IdeaProjects/TheOnlyException3/Test/target/classes/assets/textures/worlda.png
16:24:53.665 [FXGL Background Thread 2 ] DEBUG FXGLAssetLoaderServi - Loading from file system: file:/C:/Users/ginac/IdeaProjects/TheOnlyException3/Test/target/classes/assets/textures/player-scaled.png
16:24:53.856 [FXGL Background Thread 2 ] INFO  FXGLApplication      - Game initialization took: 0.585 sec
16:24:53.860 [JavaFX Application Thread] DEBUG Input                - Clearing active input actions
16:24:53.879 [JavaFX Application Thread] DEBUG GameApplicationServi - Removing overlay from FXGLLoadingScene and adding to GameScene
16:24:53.879 [JavaFX Application Thread] DEBUG PrimaryStageWindow   - FXGLLoadingScene -> GameScene
16:24:54.351 [JavaFX Application Thread] DEBUG FXGLAssetLoaderServi - Loading from file system: file:/C:/Users/ginac/IdeaProjects/TheOnlyException3/Test/target/classes/assets/textures/MaggotWalk-scaled.png
16:24:54.367 [JavaFX Application Thread] DEBUG FXGLAssetLoaderServi - Loading from file system: file:/C:/Users/ginac/IdeaProjects/TheOnlyException3/Test/target/classes/assets/textures/BeetleMove-scaled.png
16:24:54.371 [JavaFX Application Thread] DEBUG FXGLAssetLoaderServi - Loading from file system: file:/C:/Users/ginac/IdeaProjects/TheOnlyException3/Test/target/classes/assets/textures/MantisMove-scaled.png
16:24:54.376 [JavaFX Application Thread] DEBUG FXGLAssetLoaderServi - Loading from file system: file:/C:/Users/ginac/IdeaProjects/TheOnlyException3/Test/target/classes/assets/textures/BeeMove-scaled.png
16:24:54.380 [JavaFX Application Thread] DEBUG FXGLAssetLoaderServi - Loading from file system: file:/C:/Users/ginac/IdeaProjects/TheOnlyException3/Test/target/classes/assets/textures/GiantFly.png
16:24:54.385 [JavaFX Application Thread] DEBUG FXGLAssetLoaderServi - Loading from file system: file:/C:/Users/ginac/IdeaProjects/TheOnlyException3/Test/target/classes/assets/textures/DragonFly.png
16:24:59.262 [JavaFX Application Thread] DEBUG FXGLAssetLoaderServi - Loading from file system: file:/C:/Users/ginac/IdeaProjects/TheOnlyException3/Test/target/classes/assets/textures/smolderprotocol.png
16:24:59.304 [JavaFX Application Thread] DEBUG FXGLAssetLoaderServi - Loading from file system: file:/C:/Users/ginac/IdeaProjects/TheOnlyException3/Test/target/classes/assets/textures/datawipe.png
16:24:59.328 [JavaFX Application Thread] DEBUG FXGLAssetLoaderServi - Loading from file system: file:/C:/Users/ginac/IdeaProjects/TheOnlyException3/Test/target/classes/assets/textures/realtimedefense.png
16:24:59.361 [JavaFX Application Thread] DEBUG FXGLAssetLoaderServi - Loading from file system: file:/C:/Users/ginac/IdeaProjects/TheOnlyException3/Test/target/classes/assets/textures/systemrestore.png
16:24:59.389 [JavaFX Application Thread] DEBUG PrimaryStageWindow   - Push state: DialogSubScene
16:24:59.389 [JavaFX Application Thread] DEBUG Input                - Clearing active input actions
16:24:59.392 [JavaFX Application Thread] DEBUG GameApplicationServi - Removing overlay from GameScene and adding to DialogSubScene
16:24:59.392 [JavaFX Application Thread] DEBUG PrimaryStageWindow   - GameScene -> DialogSubScene
16:25:02.568 [JavaFX Application Thread] DEBUG PrimaryStageWindow   - Pop state: DialogSubScene
16:25:02.568 [JavaFX Application Thread] DEBUG Input                - Clearing active input actions
16:25:02.570 [JavaFX Application Thread] DEBUG GameApplicationServi - Removing overlay from DialogSubScene and adding to GameScene
16:25:02.570 [JavaFX Application Thread] DEBUG PrimaryStageWindow   - GameScene <- DialogSubScene
16:25:03.055 [JavaFX Application Thread] DEBUG FXGLAssetLoaderServi - Loading from file system: file:/C:/Users/ginac/IdeaProjects/TheOnlyException3/Test/target/classes/assets/textures/smolder.png
16:25:04.758 [JavaFX Application Thread] DEBUG FXGLAssetLoaderServi - Loading from file system: file:/C:/Users/ginac/IdeaProjects/TheOnlyException3/Test/target/classes/assets/textures/firewallshield.png
16:25:04.809 [JavaFX Application Thread] DEBUG PrimaryStageWindow   - Push state: DialogSubScene
16:25:04.809 [JavaFX Application Thread] DEBUG Input                - Clearing active input actions
16:25:04.810 [JavaFX Application Thread] DEBUG GameApplicationServi - Removing overlay from GameScene and adding to DialogSubScene
16:25:04.810 [JavaFX Application Thread] DEBUG PrimaryStageWindow   - GameScene -> DialogSubScene
16:25:06.512 [JavaFX Application Thread] DEBUG PrimaryStageWindow   - Pop state: DialogSubScene
16:25:06.512 [JavaFX Application Thread] DEBUG Input                - Clearing active input actions
16:25:06.512 [JavaFX Application Thread] DEBUG GameApplicationServi - Removing overlay from DialogSubScene and adding to GameScene
16:25:06.513 [JavaFX Application Thread] DEBUG PrimaryStageWindow   - GameScene <- DialogSubScene
16:25:08.495 [JavaFX Application Thread] DEBUG FXGLAssetLoaderServi - Loading from file system: file:/C:/Users/ginac/IdeaProjects/TheOnlyException3/Test/target/classes/assets/textures/datawipemine.png
16:25:11.650 [JavaFX Application Thread] DEBUG FXGLAssetLoaderServi - Loading from file system: file:/C:/Users/ginac/IdeaProjects/TheOnlyException3/Test/target/classes/assets/textures/shortcircuit.png
16:25:11.678 [JavaFX Application Thread] DEBUG PrimaryStageWindow   - Push state: DialogSubScene
16:25:11.678 [JavaFX Application Thread] DEBUG Input                - Clearing active input actions
16:25:11.678 [JavaFX Application Thread] DEBUG GameApplicationServi - Removing overlay from GameScene and adding to DialogSubScene
16:25:11.678 [JavaFX Application Thread] DEBUG PrimaryStageWindow   - GameScene -> DialogSubScene
16:25:12.657 [JavaFX Application Thread] DEBUG PrimaryStageWindow   - Pop state: DialogSubScene
16:25:12.657 [JavaFX Application Thread] DEBUG Input                - Clearing active input actions
16:25:12.658 [JavaFX Application Thread] DEBUG GameApplicationServi - Removing overlay from DialogSubScene and adding to GameScene
16:25:12.658 [JavaFX Application Thread] DEBUG PrimaryStageWindow   - GameScene <- DialogSubScene
16:25:12.666 [JavaFX Application Thread] WARN  FXGLAssetLoaderServi - Asset "/assets/textures/particles/spark.png" was not found!
16:25:12.667 [JavaFX Application Thread] WARN  FXGLAssetLoaderServi - Failed to load RESIZABLE_IMAGE
16:25:14.575 [JavaFX Application Thread] DEBUG FXGLAssetLoaderServi - Loading from file system: file:/C:/Users/ginac/IdeaProjects/TheOnlyException3/Test/target/classes/assets/textures/datawipeexplosion.png
16:25:14.580 [JavaFX Application Thread] WARN  FXGLAssetLoaderServi - Asset "/assets/textures/orange_particle.png" was not found!
16:25:14.580 [JavaFX Application Thread] WARN  FXGLAssetLoaderServi - Failed to load IMAGE
16:25:16.019 [JavaFX Application Thread] DEBUG PrimaryStageWindow   - Push state: DialogSubScene
16:25:16.019 [JavaFX Application Thread] DEBUG Input                - Clearing active input actions
16:25:16.019 [JavaFX Application Thread] DEBUG GameApplicationServi - Removing overlay from GameScene and adding to DialogSubScene
16:25:16.019 [JavaFX Application Thread] DEBUG PrimaryStageWindow   - GameScene -> DialogSubScene
16:25:16.858 [JavaFX Application Thread] DEBUG PrimaryStageWindow   - Pop state: DialogSubScene
16:25:16.858 [JavaFX Application Thread] DEBUG Input                - Clearing active input actions
16:25:16.859 [JavaFX Application Thread] DEBUG GameApplicationServi - Removing overlay from DialogSubScene and adding to GameScene
16:25:16.859 [JavaFX Application Thread] DEBUG PrimaryStageWindow   - GameScene <- DialogSubScene
16:25:16.860 [JavaFX Application Thread] DEBUG FXGLAssetLoaderServi - Loading from file system: file:/C:/Users/ginac/IdeaProjects/TheOnlyException3/Test/target/classes/assets/textures/realtimedefenseaura.png
16:25:17.489 [JavaFX Application Thread] WARN  FXGLAssetLoaderServi - Asset "/assets/textures/orange_particle.png" was not found!
16:25:17.490 [JavaFX Application Thread] WARN  FXGLAssetLoaderServi - Failed to load IMAGE
16:25:19.551 [JavaFX Application Thread] WARN  FXGLAssetLoaderServi - Asset "/assets/textures/orange_particle.png" was not found!
16:25:19.551 [JavaFX Application Thread] WARN  FXGLAssetLoaderServi - Failed to load IMAGE
16:25:21.570 [JavaFX Application Thread] WARN  FXGLAssetLoaderServi - Asset "/assets/textures/orange_particle.png" was not found!
16:25:21.570 [JavaFX Application Thread] WARN  FXGLAssetLoaderServi - Failed to load IMAGE
16:25:23.448 [JavaFX Application Thread] DEBUG PrimaryStageWindow   - Push state: DialogSubScene
16:25:23.448 [JavaFX Application Thread] DEBUG Input                - Clearing active input actions
16:25:23.448 [JavaFX Application Thread] DEBUG GameApplicationServi - Removing overlay from GameScene and adding to DialogSubScene
16:25:23.448 [JavaFX Application Thread] DEBUG PrimaryStageWindow   - GameScene -> DialogSubScene
16:25:25.256 [JavaFX Application Thread] DEBUG PrimaryStageWindow   - Pop state: DialogSubScene
16:25:25.256 [JavaFX Application Thread] DEBUG Input                - Clearing active input actions
16:25:25.257 [JavaFX Application Thread] DEBUG GameApplicationServi - Removing overlay from DialogSubScene and adding to GameScene
16:25:25.257 [JavaFX Application Thread] DEBUG PrimaryStageWindow   - GameScene <- DialogSubScene
16:25:25.343 [JavaFX Application Thread] WARN  FXGLAssetLoaderServi - Asset "/assets/textures/orange_particle.png" was not found!
16:25:25.345 [JavaFX Application Thread] WARN  FXGLAssetLoaderServi - Failed to load IMAGE
16:25:27.488 [JavaFX Application Thread] WARN  FXGLAssetLoaderServi - Asset "/assets/textures/orange_particle.png" was not found!
16:25:27.488 [JavaFX Application Thread] WARN  FXGLAssetLoaderServi - Failed to load IMAGE
16:25:29.536 [JavaFX Application Thread] WARN  FXGLAssetLoaderServi - Asset "/assets/textures/orange_particle.png" was not found!
16:25:29.536 [JavaFX Application Thread] WARN  FXGLAssetLoaderServi - Failed to load IMAGE
16:25:30.561 [JavaFX Application Thread] WARN  FXGLAssetLoaderServi - Asset "/assets/textures/particles/spark.png" was not found!
16:25:30.562 [JavaFX Application Thread] WARN  FXGLAssetLoaderServi - Failed to load RESIZABLE_IMAGE
16:25:30.581 [JavaFX Application Thread] DEBUG FXGLAssetLoaderServi - Loading from file system: file:/C:/Users/ginac/IdeaProjects/TheOnlyException3/Test/target/classes/assets/textures/lightning_strike.png
16:25:31.537 [JavaFX Application Thread] WARN  FXGLAssetLoaderServi - Asset "/assets/textures/orange_particle.png" was not found!
16:25:31.537 [JavaFX Application Thread] WARN  FXGLAssetLoaderServi - Failed to load IMAGE
16:25:32.266 [JavaFX Application Thread] DEBUG PrimaryStageWindow   - Push state: DialogSubScene
16:25:32.266 [JavaFX Application Thread] DEBUG Input                - Clearing active input actions
16:25:32.267 [JavaFX Application Thread] DEBUG GameApplicationServi - Removing overlay from GameScene and adding to DialogSubScene
16:25:32.267 [JavaFX Application Thread] DEBUG PrimaryStageWindow   - GameScene -> DialogSubScene
16:25:33.728 [JavaFX Application Thread] DEBUG PrimaryStageWindow   - Pop state: DialogSubScene
16:25:33.728 [JavaFX Application Thread] DEBUG Input                - Clearing active input actions
16:25:33.728 [JavaFX Application Thread] DEBUG GameApplicationServi - Removing overlay from DialogSubScene and adding to GameScene
16:25:33.728 [JavaFX Application Thread] DEBUG PrimaryStageWindow   - GameScene <- DialogSubScene
16:25:35.073 [JavaFX Application Thread] WARN  FXGLAssetLoaderServi - Asset "/assets/textures/orange_particle.png" was not found!
16:25:35.073 [JavaFX Application Thread] WARN  FXGLAssetLoaderServi - Failed to load IMAGE
16:25:36.338 [JavaFX Application Thread] WARN  FXGLAssetLoaderServi - Asset "/assets/textures/particles/glassparticle.png" was not found!
16:25:36.339 [JavaFX Application Thread] WARN  FXGLAssetLoaderServi - Failed to load RESIZABLE_IMAGE
16:25:37.120 [JavaFX Application Thread] WARN  FXGLAssetLoaderServi - Asset "/assets/textures/orange_particle.png" was not found!
16:25:37.120 [JavaFX Application Thread] WARN  FXGLAssetLoaderServi - Failed to load IMAGE
16:25:38.728 [JavaFX Application Thread] DEBUG PrimaryStageWindow   - Push state: DialogSubScene
16:25:38.728 [JavaFX Application Thread] DEBUG Input                - Clearing active input actions
16:25:38.728 [JavaFX Application Thread] DEBUG GameApplicationServi - Removing overlay from GameScene and adding to DialogSubScene
16:25:38.728 [JavaFX Application Thread] DEBUG PrimaryStageWindow   - GameScene -> DialogSubScene
16:25:40.591 [JavaFX Application Thread] DEBUG FXGLApplication      - Exiting FXGL
16:25:40.592 [JavaFX Application Thread] DEBUG LoopRunner           - Stopping loop
16:25:40.592 [JavaFX Application Thread] DEBUG SystemBundleService  - Saving FXGL system data
16:25:40.594 [JavaFX Application Thread] DEBUG FileSystemAccess     - Writing to: C:\Users\ginac\IdeaProjects\TheOnlyException3\system\fxgl.bundle
16:25:40.598 [JavaFX Application Thread] DEBUG Async                - Shutting down background threads
16:25:40.598 [JavaFX Application Thread] DEBUG PrimaryStageWindow   - Closing main window
16:25:40.624 [JavaFX Application Thread] DEBUG Logger               - Closing Logger
