02:27:40.101 [main                     ] DEBUG Logger               - Configured Logger
02:27:40.116 [main                     ] DEBUG GameApplication      - Logging settings
Title: Prototype
Version: 0.1.5
Width: 1280
Height: 720
Fullscreen: false
Intro: false
Profiling: false
Single step:false
App Mode: DEVELOPER
Menu Key: ESCAPE
Stage Style: DECORATED
Scene Factory: class org.example.GameApp$1

02:27:41.065 [JavaFX Application Thread] DEBUG FXGLApplication      - Initializing FXGL
02:27:41.079 [JavaFX Application Thread] INFO  Engine               - FXGL-17+dev-SNAPSHOT (01.09.2022 03.33) on WINDOWS (J:24 FX:18)
02:27:41.080 [JavaFX Application Thread] DEBUG Engine               - JRE Vendor Name: Oracle Corporation
02:27:41.080 [JavaFX Application Thread] DEBUG Engine               - Running on OS: Windows 10 version 10.0
02:27:41.080 [JavaFX Application Thread] DEBUG Engine               - Architecture: amd64
02:27:41.080 [JavaFX Application Thread] INFO  Engine               - Source code and latest versions at: https://github.com/AlmasB/FXGL
02:27:41.080 [JavaFX Application Thread] INFO  Engine               -       Ask questions and discuss at: https://github.com/AlmasB/FXGL/discussions
02:27:41.080 [JavaFX Application Thread] INFO  Engine               -              Join the FXGL chat at: https://gitter.im/AlmasB/FXGL
02:27:41.330 [JavaFX Application Thread] DEBUG PrimaryStageWindow   - Creating a JavaFX scene
02:27:41.445 [JavaFX Application Thread] DEBUG PrimaryStageWindow   - Target settings size: 1280.0 x 720.0
02:27:41.445 [JavaFX Application Thread] DEBUG PrimaryStageWindow   - Scaled scene size:    1280.0 x 720.0
02:27:41.445 [JavaFX Application Thread] DEBUG PrimaryStageWindow   - Scaled ratio: (1.0, 1.0)
02:27:41.447 [JavaFX Application Thread] DEBUG PrimaryStageWindow   - Set initial scene to FXGLStartupScene
02:27:41.464 [JavaFX Application Thread] DEBUG PrimaryStageWindow   - Opening main window
02:27:41.619 [JavaFX Application Thread] DEBUG PrimaryStageWindow   - Window border size: (16.0, 39.0)
02:27:41.619 [JavaFX Application Thread] DEBUG PrimaryStageWindow   - Scaled size: 1280.0 x 720.0
02:27:41.619 [JavaFX Application Thread] DEBUG PrimaryStageWindow   - Scaled ratio: (1.0, 1.0)
02:27:41.620 [JavaFX Application Thread] DEBUG PrimaryStageWindow   - Scene size: 1280.0 x 720.0
02:27:41.620 [JavaFX Application Thread] DEBUG PrimaryStageWindow   - Stage size: 1296.0 x 759.0
02:27:41.642 [FXGL Background Thread 1 ] DEBUG Engine               - Initializing environment variables
02:27:41.768 [FXGL Background Thread 1 ] DEBUG FXGLAssetLoaderServi - User app class for loading assets: class org.example.GameApp
02:27:41.768 [FXGL Background Thread 1 ] DEBUG GameApplicationServi - Applying CSS: fxgl_dark.css
02:27:41.772 [FXGL Background Thread 1 ] DEBUG FXGLAssetLoaderServi - Loading from file system: jar:file:/C:/Users/kurtd/.m2/repository/com/github/AlmasB/FXGL/fxgl/17.2/fxgl-17.2.jar!/fxglassets/ui/css/fxgl_dark.css
02:27:41.882 [FXGL Background Thread 1 ] DEBUG GameApplicationServi - Initializing application scenes
02:27:42.008 [FXGL Background Thread 1 ] DEBUG GameWorld            - Game world initialized
02:27:42.099 [FXGL Background Thread 1 ] DEBUG PhysicsWorld         - Physics world initialized: appHeight=720, physics.ppm=50.0
02:27:42.099 [FXGL Background Thread 1 ] DEBUG PhysicsWorld         - Using strategy: BRUTE_FORCE
02:27:42.108 [FXGL Background Thread 1 ] DEBUG GameScene            - Game scene initialized: 1280x720
02:27:42.174 [FXGL Background Thread 1 ] DEBUG FXGL.DefaultMenu     - createMenuBodyGameMenu()
02:27:42.196 [FXGL Background Thread 1 ] DEBUG FXGL.DefaultMenu     - createOptionsMenu()
02:27:42.233 [FXGL Background Thread 1 ] DEBUG FXGLAssetLoaderServi - Loading from file system: jar:file:/C:/Users/kurtd/.m2/repository/com/github/AlmasB/FXGL/fxgl/17.2/fxgl-17.2.jar!/fxglassets/textures/particles/smoke.png
02:27:42.461 [FXGL Background Thread 1 ] DEBUG FXGLAssetLoaderServi - Loading from file system: jar:file:/C:/Users/kurtd/.m2/repository/com/github/AlmasB/FXGL/fxgl/17.2/fxgl-17.2.jar!/fxglassets/textures/particles/trace_horizontal.png
02:27:42.510 [FXGL Background Thread 1 ] DEBUG GameApplicationServi - Application scenes initialized
02:27:42.541 [FXGL Background Thread 1 ] DEBUG SystemBundleService  - Loading FXGL system data
02:27:42.551 [FXGL Background Thread 1 ] DEBUG FileSystemAccess     - Reading from: C:\Users\kurtd\IdeaProjects\TheOnlyException\system\fxgl.bundle
02:27:42.565 [FXGL Background Thread 1 ] DEBUG SystemBundleService  - Bundle FXGL: {}
02:27:42.565 [FXGL Background Thread 1 ] DEBUG UpdaterService       - Checking for updates
02:27:42.584 [FXGL Background Thread 4 ] DEBUG FXGLApplication      - Loading fonts
02:27:42.585 [FXGL Background Thread 1 ] DEBUG FXGLApplication      - Loading default localization
02:27:42.588 [FXGL Background Thread 1 ] DEBUG FXGLAssetLoaderServi - Loading from file system: jar:file:/C:/Users/kurtd/.m2/repository/com/github/AlmasB/FXGL/fxgl/17.2/fxgl-17.2.jar!/fxglassets/languages/english.lang
02:27:42.619 [FXGL Background Thread 4 ] DEBUG FXGLAssetLoaderServi - Loading from file system: jar:file:/C:/Users/kurtd/.m2/repository/com/github/AlmasB/FXGL/fxgl-samples/17.2/fxgl-samples-17.2.jar!/assets/ui/fonts/VarelaRound-Regular.ttf
02:27:42.683 [FXGL Background Thread 1 ] INFO  FXGLApplication      - FXGL initialization took: 1.040 sec
02:27:42.701 [JavaFX Application Thread] DEBUG Input                - Registered new binding: action0 - A
02:27:42.702 [JavaFX Application Thread] DEBUG Input                - Registered new binding: action1 - D
02:27:42.703 [JavaFX Application Thread] DEBUG Input                - Registered new binding: action2 - W
02:27:42.704 [JavaFX Application Thread] DEBUG Input                - Registered new binding: action3 - S
02:27:42.704 [JavaFX Application Thread] DEBUG FXGLAssetLoaderServi - Loading from file system: jar:file:/C:/Users/kurtd/.m2/repository/com/github/AlmasB/FXGL/fxgl/17.2/fxgl-17.2.jar!/fxglassets/textures/fxgl_icon.png
02:27:42.761 [FXGL Background Thread 4 ] DEBUG FXGLAssetLoaderServi - Loading from file system: jar:file:/C:/Users/kurtd/.m2/repository/com/github/AlmasB/FXGL/fxgl/17.2/fxgl-17.2.jar!/fxglassets/ui/fonts/Abel-Regular.ttf
02:27:42.790 [FXGL Background Thread 4 ] DEBUG FXGLAssetLoaderServi - Loading from file system: jar:file:/C:/Users/kurtd/.m2/repository/com/github/AlmasB/FXGL/fxgl/17.2/fxgl-17.2.jar!/fxglassets/ui/fonts/TerminalLandMono-Regular.otf
02:27:42.816 [FXGL Background Thread 4 ] DEBUG FXGLAssetLoaderServi - Loading from file system: jar:file:/C:/Users/kurtd/.m2/repository/com/github/AlmasB/FXGL/fxgl/17.2/fxgl-17.2.jar!/fxglassets/ui/fonts/Courier-Prime.ttf
02:27:42.871 [JavaFX Application Thread] DEBUG FXGLAssetLoaderServi - Loading from file system: jar:file:/C:/Users/kurtd/.m2/repository/com/github/AlmasB/FXGL/fxgl/17.2/fxgl-17.2.jar!/fxglassets/textures/fxgl_default_cursor.png
02:27:42.875 [JavaFX Application Thread] DEBUG Input                - Registered new binding: Screenshot - CTRL+8
02:27:42.876 [JavaFX Application Thread] DEBUG Input                - Registered new binding: System info dump - CTRL+9
02:27:42.876 [JavaFX Application Thread] DEBUG Input                - Registered new binding: Restart - CTRL+R
02:27:42.877 [JavaFX Application Thread] DEBUG Input                - Registered new binding: Toggle Debug Camera - CTRL+7
02:27:42.883 [JavaFX Application Thread] DEBUG LoopRunner           - Starting loop
02:27:42.883 [JavaFX Application Thread] DEBUG LoopRunner           - Initializing JavaFX AnimationTimerLoop
02:27:42.888 [JavaFX Application Thread] DEBUG Input                - Clearing active input actions
02:27:42.899 [JavaFX Application Thread] DEBUG GameApplicationServi - Removing overlay from FXGLStartupScene and adding to FXGLMainMenuDummyScene
02:27:42.900 [JavaFX Application Thread] DEBUG PrimaryStageWindow   - FXGLStartupScene -> FXGLMainMenuDummyScene
02:27:42.900 [JavaFX Application Thread] DEBUG PrimaryStageWindow   - Push state: NameInputScene
02:27:42.900 [JavaFX Application Thread] DEBUG Input                - Clearing active input actions
02:27:42.920 [JavaFX Application Thread] DEBUG GameApplicationServi - Removing overlay from FXGLMainMenuDummyScene and adding to NameInputScene
02:27:42.920 [JavaFX Application Thread] DEBUG PrimaryStageWindow   - FXGLMainMenuDummyScene -> NameInputScene
02:27:42.921 [JavaFX Application Thread] DEBUG FXGLApplication      - Registering font factories with UI factory
02:27:43.513 [FXGL Background Thread 2 ] INFO  UpdaterService       - Your current version:  17+dev-SNAPSHOT
02:27:43.513 [FXGL Background Thread 2 ] INFO  UpdaterService       - Latest stable version: 21.1
02:27:43.930 [JavaFX Application Thread] DEBUG FXGLApplication      - Exiting FXGL
02:27:43.930 [JavaFX Application Thread] DEBUG LoopRunner           - Stopping loop
02:27:43.931 [JavaFX Application Thread] DEBUG SystemBundleService  - Saving FXGL system data
02:27:43.933 [JavaFX Application Thread] DEBUG FileSystemAccess     - Writing to: C:\Users\kurtd\IdeaProjects\TheOnlyException\system\fxgl.bundle
02:27:43.936 [JavaFX Application Thread] DEBUG Async                - Shutting down background threads
02:27:43.936 [JavaFX Application Thread] DEBUG PrimaryStageWindow   - Closing main window
02:27:43.948 [JavaFX Application Thread] DEBUG Logger               - Closing Logger
